/home/philip/Projects/DNP3/defense4/timing/response_ready/evidence/local_build_29/defense4_timing.p4(1932): [--Wwarn=unused] warning: Table tbl_expected_ack is not used; removing
    table tbl_expected_ack {
          ^^^^^^^^^^^^^^^^
/home/philip/Projects/DNP3/defense4/timing/response_ready/evidence/local_build_29/defense4_timing.p4(2040): [--Wwarn=unused] warning: ts_first_block_w: unused instance
    RegisterAction<bit<32>, bit<1>, bit<32>>(reg_ts_first_block) ts_first_block_w = {
                                                                 ^^^^^^^^^^^^^^^^
/home/philip/Projects/DNP3/defense4/timing/response_ready/evidence/local_build_29/defense4_timing.p4(2044): [--Wwarn=unused] warning: ts_ack_arm_w: unused instance
    RegisterAction<bit<32>, bit<1>, bit<32>>(reg_ts_ack_arm) ts_ack_arm_w = {
                                                             ^^^^^^^^^^^^
/home/philip/Projects/DNP3/defense4/timing/response_ready/evidence/local_build_29/defense4_timing.p4(2048): [--Wwarn=unused] warning: ts_block_term_w: unused instance
    RegisterAction<bit<32>, bit<1>, bit<32>>(reg_ts_block_term) ts_block_term_w = {
                                                                ^^^^^^^^^^^^^^^
/home/philip/Projects/DNP3/defense4/timing/response_ready/evidence/local_build_29/defense4_timing.p4(2056): [--Wwarn=unused] warning: ts_ack_release_w: unused instance
    RegisterAction<bit<32>, bit<1>, bit<32>>(reg_ts_ack_release) ts_ack_release_w = {
                                                                 ^^^^^^^^^^^^^^^^
/home/philip/Projects/DNP3/defense4/timing/response_ready/evidence/local_build_29/defense4_timing.p4(2167): [--Wwarn=unused] warning: ctr_fresh: unused instance
    Counter<bit<64>, bit<8>>(32, CounterType_t.PACKETS) ctr_fresh; /* CF_* slots */
                                                        ^^^^^^^^^
/home/philip/Projects/DNP3/defense4/timing/response_ready/evidence/local_build_29/defense4_timing.p4(2168): [--Wwarn=unused] warning: ctr_deq: unused instance
    Counter<bit<64>, bit<8>>(16, CounterType_t.PACKETS) ctr_deq; /* CD_* slots */
                                                        ^^^^^^^
/home/philip/Projects/DNP3/defense4/timing/response_ready/evidence/local_build_29/defense4_timing.p4(2326): [--Wwarn=unused] warning: Table tbl_held_owner is not used; removing
    table tbl_held_owner {
          ^^^^^^^^^^^^^^
/home/philip/Projects/DNP3/defense4/timing/response_ready/evidence/local_build_29/defense4_timing.p4(2340): [--Wwarn=unused] warning: Table tbl_commit is not used; removing
    table tbl_commit {
          ^^^^^^^^^^
/home/philip/Projects/DNP3/defense4/timing/response_ready/evidence/local_build_29/defense4_timing.p4(1171): [--Wwarn=uninitialized_use] warning: hdr.pgen.trigger_cookie may be uninitialized
        meta.cookie_in = 16w0x8000 ++ hdr.pgen.trigger_cookie;
                                      ^^^^^^^^^^^^^^^^^^^^^^^
/home/philip/Projects/DNP3/defense4/timing/response_ready/evidence/local_build_29/defense4_timing.p4(1171): [--Wwarn=invalid_header] warning: accessing a field of a potentially invalid header hdr.pgen
        meta.cookie_in = 16w0x8000 ++ hdr.pgen.trigger_cookie;
                                      ^^^^^^^^
/home/philip/Projects/DNP3/defense4/timing/response_ready/evidence/local_build_29/defense4_timing.p4(875): [--Wwarn=uninitialized_out_param] warning: out parameter 'meta' may be uninitialized when 'IgParser' terminates
                out ig_meta_t meta,
                              ^^^^
/home/philip/Projects/DNP3/defense4/timing/response_ready/evidence/local_build_29/defense4_timing.p4(873)
parser IgParser(packet_in pkt,
       ^^^^^^^^
warning: Parser state min_parse_depth_accept_loop will be unrolled up to 3 times due to @pragma max_loop_depth.
warning: Parser state min_parse_depth_accept_loop will be unrolled up to 3 times due to @pragma max_loop_depth.
error: Value used in select statement needs to be set from input packet (not a constant) for every possible path through the parse graph. This does not hold true for:  [ ingress::parse_token : ingress::meta.is_pktgen; meta.is_pktgen; ]
Compilation failed!


1 error, 14 warnings generated.

