/home/philip/Projects/DNP3/defense4/timing/case4_architecture/integration/evidence/selected_16/source/selected.p4(26): [--Wwarn=uninitialized_out_param] warning: out parameter 'm' may be uninitialized when 'IgParser' terminates
parser IgParser(packet_in pkt,out headers_t hdr,out meta_t m,out ingress_intrinsic_metadata_t ig){Checksum() ic;Checksum() tc;
                                                           ^
/home/philip/Projects/DNP3/defense4/timing/case4_architecture/integration/evidence/selected_16/source/selected.p4(26)
parser IgParser(packet_in pkt,out headers_t hdr,out meta_t m,out ingress_intrinsic_metadata_t ig){Checksum() ic;Checksum() tc;
       ^^^^^^^^
/home/philip/Projects/DNP3/defense4/timing/case4_architecture/integration/evidence/selected_16/source/selected.p4(203): [--Wwarn=uninitialized_out_param] warning: out parameter 'm' may be uninitialized when 'EgParser' terminates
parser EgParser(packet_in pkt,out headers_t hdr,out meta_t m,out egress_intrinsic_metadata_t eg){state start{pkt.extract(eg);transition accept;}}
                                                           ^
/home/philip/Projects/DNP3/defense4/timing/case4_architecture/integration/evidence/selected_16/source/selected.p4(203)
parser EgParser(packet_in pkt,out headers_t hdr,out meta_t m,out egress_intrinsic_metadata_t eg){state start{pkt.extract(eg);transition accept;}}
       ^^^^^^^^
warning: checksum.get() will deprecate in future versions. Please use void subtract_all_and_deposit(bit<16>) instead
warning: checksum.get() will deprecate in future versions. Please use void subtract_all_and_deposit(bit<16>) instead
warning: Parser state min_parse_depth_accept_loop will be unrolled up to 4 times due to @pragma max_loop_depth.
[--Werror=unsupported] error: Two or more assignments of r inside the register action accept_response are not mutually exclusive and thus cannot be implemented in Tofino Stateful ALU.
	These potentially sequential assignments have been detected here:
/home/philip/Projects/DNP3/defense4/timing/case4_architecture/integration/evidence/selected_16/source/selected.p4(156)
RegisterAction<publication_cell_t,bit<1>,bit<32>>(accepted) accept_response={void apply(inout publication_cell_t v,out bit<32> r){r=32w1;if(v.phase==4){v.generation=m.context_generation;v.phase=5;}if(v.phase==5&&v.generation==m.context_generation){r=32w0;}}};
                                                                                                                                   ^
/home/philip/Projects/DNP3/defense4/timing/case4_architecture/integration/evidence/selected_16/source/selected.p4(156)
RegisterAction<publication_cell_t,bit<1>,bit<32>>(accepted) accept_response={void apply(inout publication_cell_t v,out bit<32> r){r=32w1;if(v.phase==4){v.generation=m.context_generation;v.phase=5;}if(v.phase==5&&v.generation==m.context_generation){r=32w0;}}};
                                                                                                                                                                                                                                                         ^
Please, rewrite your code to make sure the value is assigned no more than once in all cases.
/home/philip/Projects/DNP3/defense4/timing/case4_architecture/integration/evidence/selected_16/source/selected.p4(156): [--Werror=overlimit] error: : RegisterAction accept_response.apply needs 3 comparisons but the device only has 2 comparison units. To make the action compile, reduce the number of comparisons.
RegisterAction<publication_cell_t,bit<1>,bit<32>>(accepted) accept_response={void apply(inout publication_cell_t v,out bit<32> r){r=32w1;if(v.phase==4){v.generation=m.context_generation;v.phase=5;}if(v.phase==5&&v.generation==m.context_generation){r=32w0;}}};
                                                                                  ^^^^^
/home/philip/Projects/DNP3/defense4/timing/case4_architecture/integration/evidence/selected_16/source/selected.p4(156)
RegisterAction<publication_cell_t,bit<1>,bit<32>>(accepted) accept_response={void apply(inout publication_cell_t v,out bit<32> r){r=32w1;if(v.phase==4){v.generation=m.context_generation;v.phase=5;}if(v.phase==5&&v.generation==m.context_generation){r=32w0;}}};
                                                            ^^^^^^^^^^^^^^^
/home/philip/Projects/DNP3/defense4/timing/case4_architecture/integration/evidence/selected_16/source/selected.p4(156)
RegisterAction<publication_cell_t,bit<1>,bit<32>>(accepted) accept_response={void apply(inout publication_cell_t v,out bit<32> r){r=32w1;if(v.phase==4){v.generation=m.context_generation;v.phase=5;}if(v.phase==5&&v.generation==m.context_generation){r=32w0;}}};
                                                                                  ^^^^^

2 errors, 5 warnings generated.

