[2026-08-27T19:42:04Z] === campaign_5h START dur=60s interval=900s nread=400 nsbo=40 ===
[2026-08-27T19:42:04Z] --- s02 start (order: OFF OFF D4 D4 OFF D4) ---
### block b1 cond=OFF(native) n_read=400 n_sbo=40 seed=2001  2026-08-27T19:42:05Z
  cfg: RESULT: PASS (n_fail=0 n_warn=0)
  shape0: RESULT: PASS
  cap_start 2026-08-27T19:42:13Z
block=b1 cond=native mode=OFF J=-  READ=400 SELECT=40 OPERATE=40  SELECT ok=40/40 OPERATE ok=40/40  wall=10.8s
  cap_end   2026-08-27T19:42:24Z
### block b2 cond=OFF(native) n_read=400 n_sbo=40 seed=2002  2026-08-27T19:42:27Z
  cfg: RESULT: PASS (n_fail=0 n_warn=0)
  shape0: RESULT: PASS
  cap_start 2026-08-27T19:42:34Z
block=b2 cond=native mode=OFF J=-  READ=400 SELECT=40 OPERATE=40  SELECT ok=40/40 OPERATE ok=40/40  wall=10.8s
  cap_end   2026-08-27T19:42:45Z
### block b3 cond=D4(obfuscated) n_read=400 n_sbo=40 seed=2003  2026-08-27T19:42:48Z
  cfg: RESULT: PASS (n_fail=0 n_warn=0)
  shape0: RESULT: PASS
  cap_start 2026-08-27T19:42:56Z
block=b3 cond=obfuscated mode=D4 J=2,6,12  READ=400 SELECT=40 OPERATE=40  SELECT ok=40/40 OPERATE ok=40/40  wall=21.2s
  cap_end   2026-08-27T19:43:17Z
### block b4 cond=D4(obfuscated) n_read=400 n_sbo=40 seed=2004  2026-08-27T19:43:20Z
  cfg: RESULT: PASS (n_fail=0 n_warn=0)
  shape0: RESULT: PASS
  cap_start 2026-08-27T19:43:28Z
block=b4 cond=obfuscated mode=D4 J=2,6,12  READ=400 SELECT=40 OPERATE=40  SELECT ok=40/40 OPERATE ok=40/40  wall=21.2s
  cap_end   2026-08-27T19:43:49Z
### block b5 cond=OFF(native) n_read=400 n_sbo=40 seed=2005  2026-08-27T19:43:52Z
  cfg: RESULT: PASS (n_fail=0 n_warn=0)
  shape0: RESULT: PASS
  cap_start 2026-08-27T19:44:00Z
block=b5 cond=native mode=OFF J=-  READ=400 SELECT=40 OPERATE=40  SELECT ok=40/40 OPERATE ok=40/40  wall=10.8s
  cap_end   2026-08-27T19:44:11Z
### block b6 cond=D4(obfuscated) n_read=400 n_sbo=40 seed=2006  2026-08-27T19:44:14Z
  cfg: RESULT: PASS (n_fail=0 n_warn=0)
  shape0: RESULT: PASS
  cap_start 2026-08-27T19:44:21Z
block=b6 cond=obfuscated mode=D4 J=2,6,12  READ=400 SELECT=40 OPERATE=40  SELECT ok=40/40 OPERATE ok=40/40  wall=21.2s
  cap_end   2026-08-27T19:44:43Z
[2026-08-27T19:44:48Z] s02 DONE pcaps=6 jsonl=6  s02  READ n/o=2.121/4.0  SEL n/o=2.002/4.001  OP n/o=2.911/4.0  totals={'READ': 2400, 'SELECT': 240, 'OPERATE': 240} anomalies=0
[2026-08-27T19:44:48Z] === next slot beyond window, stopping ===
[2026-08-27T19:44:48Z] === campaign_5h COMPLETE: 2 sessions on disk ===
[2026-08-27T19:45:04Z] === campaign_5h START dur=18000s interval=900s nread=400 nsbo=40 ===
[2026-08-27T19:45:04Z] --- s03 start (order: D4 D4 OFF OFF D4 OFF) ---
### block b1 cond=D4(obfuscated) n_read=400 n_sbo=40 seed=3001  2026-08-27T19:45:05Z
  cfg: RESULT: PASS (n_fail=0 n_warn=0)
  shape0: RESULT: PASS
  cap_start 2026-08-27T19:45:13Z
block=b1 cond=obfuscated mode=D4 J=2,6,12  READ=400 SELECT=40 OPERATE=40  SELECT ok=40/40 OPERATE ok=40/40  wall=21.2s
  cap_end   2026-08-27T19:45:34Z
### block b2 cond=D4(obfuscated) n_read=400 n_sbo=40 seed=3002  2026-08-27T19:45:37Z
  cfg: RESULT: PASS (n_fail=0 n_warn=0)
  shape0: RESULT: PASS
  cap_start 2026-08-27T19:45:45Z
block=b2 cond=obfuscated mode=D4 J=2,6,12  READ=400 SELECT=40 OPERATE=40  SELECT ok=40/40 OPERATE ok=40/40  wall=21.2s
[2026-08-27T19:46:11Z] === campaign_5h START dur=18000s interval=900s nread=400 nsbo=40 ===
[2026-08-27T19:46:11Z] --- s03 start (order: D4 D4 OFF OFF D4 OFF) ---
### block b1 cond=D4(obfuscated) n_read=400 n_sbo=40 seed=3001  2026-08-27T19:46:11Z
  cfg: RESULT: PASS (n_fail=0 n_warn=0)
  shape0: RESULT: PASS
  cap_start 2026-08-27T19:46:19Z
block=b1 cond=obfuscated mode=D4 J=2,6,12  READ=400 SELECT=40 OPERATE=40  SELECT ok=40/40 OPERATE ok=40/40  wall=21.2s
  cap_end   2026-08-27T19:46:40Z
### block b2 cond=D4(obfuscated) n_read=400 n_sbo=40 seed=3002  2026-08-27T19:46:43Z
  cfg: RESULT: PASS (n_fail=0 n_warn=0)
  shape0: RESULT: PASS
  cap_start 2026-08-27T19:46:51Z
block=b2 cond=obfuscated mode=D4 J=2,6,12  READ=400 SELECT=40 OPERATE=40  SELECT ok=40/40 OPERATE ok=40/40  wall=21.2s
  cap_end   2026-08-27T19:47:12Z
### block b3 cond=OFF(native) n_read=400 n_sbo=40 seed=3003  2026-08-27T19:47:15Z
  cfg: RESULT: PASS (n_fail=0 n_warn=0)
  shape0: RESULT: PASS
  cap_start 2026-08-27T19:47:23Z
block=b3 cond=native mode=OFF J=-  READ=400 SELECT=40 OPERATE=40  SELECT ok=40/40 OPERATE ok=40/40  wall=10.7s
  cap_end   2026-08-27T19:47:34Z
### block b4 cond=OFF(native) n_read=400 n_sbo=40 seed=3004  2026-08-27T19:47:37Z
  cfg: RESULT: PASS (n_fail=0 n_warn=0)
  shape0: RESULT: PASS
  cap_start 2026-08-27T19:47:44Z
block=b4 cond=native mode=OFF J=-  READ=400 SELECT=40 OPERATE=40  SELECT ok=40/40 OPERATE ok=40/40  wall=10.8s
  cap_end   2026-08-27T19:47:55Z
### block b5 cond=D4(obfuscated) n_read=400 n_sbo=40 seed=3005  2026-08-27T19:47:58Z
  cfg: RESULT: PASS (n_fail=0 n_warn=0)
  shape0: RESULT: PASS
  cap_start 2026-08-27T19:48:06Z
block=b5 cond=obfuscated mode=D4 J=2,6,12  READ=400 SELECT=40 OPERATE=40  SELECT ok=40/40 OPERATE ok=40/40  wall=21.2s
  cap_end   2026-08-27T19:48:27Z
### block b6 cond=OFF(native) n_read=400 n_sbo=40 seed=3006  2026-08-27T19:48:30Z
  cfg: RESULT: PASS (n_fail=0 n_warn=0)
  shape0: RESULT: PASS
  cap_start 2026-08-27T19:48:38Z
block=b6 cond=native mode=OFF J=-  READ=400 SELECT=40 OPERATE=40  SELECT ok=40/40 OPERATE ok=40/40  wall=10.8s
  cap_end   2026-08-27T19:48:49Z
[2026-08-27T19:48:54Z] s03 DONE pcaps=6 jsonl=6  s03  READ n/o=2.127/4.0  SEL n/o=2.024/4.001  OP n/o=2.935/4.0  totals={'READ': 2400, 'SELECT': 240, 'OPERATE': 240} anomalies=0
[2026-08-27T19:48:54Z] s03 sleeping 737s to next slot
[2026-08-27T20:01:11Z] --- s04 start (order: OFF D4 D4 OFF D4 OFF) ---
### block b1 cond=OFF(native) n_read=400 n_sbo=40 seed=4001  2026-08-27T20:01:12Z
  cfg: RESULT: PASS (n_fail=0 n_warn=0)
  shape0: RESULT: PASS
  cap_start 2026-08-27T20:01:20Z
block=b1 cond=native mode=OFF J=-  READ=400 SELECT=40 OPERATE=40  SELECT ok=40/40 OPERATE ok=40/40  wall=10.8s
  cap_end   2026-08-27T20:01:31Z
### block b2 cond=D4(obfuscated) n_read=400 n_sbo=40 seed=4002  2026-08-27T20:01:34Z
  cfg: RESULT: PASS (n_fail=0 n_warn=0)
  shape0: RESULT: PASS
  cap_start 2026-08-27T20:01:41Z
block=b2 cond=obfuscated mode=D4 J=2,6,12  READ=400 SELECT=40 OPERATE=40  SELECT ok=40/40 OPERATE ok=40/40  wall=21.3s
  cap_end   2026-08-27T20:02:03Z
### block b3 cond=D4(obfuscated) n_read=400 n_sbo=40 seed=4003  2026-08-27T20:02:06Z
  cfg: RESULT: PASS (n_fail=0 n_warn=0)
  shape0: RESULT: PASS
  cap_start 2026-08-27T20:02:13Z
block=b3 cond=obfuscated mode=D4 J=2,6,12  READ=400 SELECT=40 OPERATE=40  SELECT ok=40/40 OPERATE ok=40/40  wall=21.2s
  cap_end   2026-08-27T20:02:34Z
### block b4 cond=OFF(native) n_read=400 n_sbo=40 seed=4004  2026-08-27T20:02:38Z
  cfg: RESULT: PASS (n_fail=0 n_warn=0)
  shape0: RESULT: PASS
  cap_start 2026-08-27T20:02:46Z
block=b4 cond=native mode=OFF J=-  READ=400 SELECT=40 OPERATE=40  SELECT ok=40/40 OPERATE ok=40/40  wall=10.8s
  cap_end   2026-08-27T20:02:56Z
### block b5 cond=D4(obfuscated) n_read=400 n_sbo=40 seed=4005  2026-08-27T20:02:59Z
  cfg: RESULT: PASS (n_fail=0 n_warn=0)
  shape0: RESULT: PASS
  cap_start 2026-08-27T20:03:07Z
block=b5 cond=obfuscated mode=D4 J=2,6,12  READ=400 SELECT=40 OPERATE=40  SELECT ok=40/40 OPERATE ok=40/40  wall=21.2s
  cap_end   2026-08-27T20:03:28Z
### block b6 cond=OFF(native) n_read=400 n_sbo=40 seed=4006  2026-08-27T20:03:31Z
  cfg: RESULT: PASS (n_fail=0 n_warn=0)
  shape0: RESULT: PASS
  cap_start 2026-08-27T20:03:39Z
block=b6 cond=native mode=OFF J=-  READ=400 SELECT=40 OPERATE=40  SELECT ok=40/40 OPERATE ok=40/40  wall=10.9s
  cap_end   2026-08-27T20:03:50Z
[2026-08-27T20:03:55Z] s04 DONE pcaps=6 jsonl=6  s04  READ n/o=2.11/4.0  SEL n/o=2.057/4.0  OP n/o=2.97/4.0  totals={'READ': 2400, 'SELECT': 240, 'OPERATE': 240} anomalies=0
[2026-08-27T20:03:55Z] s04 sleeping 736s to next slot
[2026-08-27T20:16:11Z] --- s05 start (order: D4 OFF OFF D4 OFF D4) ---
### block b1 cond=D4(obfuscated) n_read=400 n_sbo=40 seed=5001  2026-08-27T20:16:13Z
  cfg: RESULT: PASS (n_fail=0 n_warn=0)
  shape0: RESULT: PASS
  cap_start 2026-08-27T20:16:20Z
block=b1 cond=obfuscated mode=D4 J=2,6,12  READ=400 SELECT=40 OPERATE=40  SELECT ok=40/40 OPERATE ok=40/40  wall=21.2s
  cap_end   2026-08-27T20:16:41Z
### block b2 cond=OFF(native) n_read=400 n_sbo=40 seed=5002  2026-08-27T20:16:44Z
  cfg: RESULT: PASS (n_fail=0 n_warn=0)
  shape0: RESULT: PASS
  cap_start 2026-08-27T20:16:52Z
block=b2 cond=native mode=OFF J=-  READ=400 SELECT=40 OPERATE=40  SELECT ok=40/40 OPERATE ok=40/40  wall=10.8s
  cap_end   2026-08-27T20:17:03Z
### block b3 cond=OFF(native) n_read=400 n_sbo=40 seed=5003  2026-08-27T20:17:06Z
  cfg: RESULT: PASS (n_fail=0 n_warn=0)
  shape0: RESULT: PASS
  cap_start 2026-08-27T20:17:13Z
block=b3 cond=native mode=OFF J=-  READ=400 SELECT=40 OPERATE=40  SELECT ok=40/40 OPERATE ok=40/40  wall=10.7s
  cap_end   2026-08-27T20:17:24Z
### block b4 cond=D4(obfuscated) n_read=400 n_sbo=40 seed=5004  2026-08-27T20:17:27Z
  cfg: RESULT: PASS (n_fail=0 n_warn=0)
  shape0: RESULT: PASS
  cap_start 2026-08-27T20:17:35Z
block=b4 cond=obfuscated mode=D4 J=2,6,12  READ=400 SELECT=40 OPERATE=40  SELECT ok=40/40 OPERATE ok=40/40  wall=21.2s
  cap_end   2026-08-27T20:17:56Z
### block b5 cond=OFF(native) n_read=400 n_sbo=40 seed=5005  2026-08-27T20:17:59Z
  cfg: RESULT: PASS (n_fail=0 n_warn=0)
  shape0: RESULT: PASS
  cap_start 2026-08-27T20:18:07Z
block=b5 cond=native mode=OFF J=-  READ=400 SELECT=40 OPERATE=40  SELECT ok=40/40 OPERATE ok=40/40  wall=10.7s
  cap_end   2026-08-27T20:18:18Z
### block b6 cond=D4(obfuscated) n_read=400 n_sbo=40 seed=5006  2026-08-27T20:18:21Z
  cfg: RESULT: PASS (n_fail=0 n_warn=0)
  shape0: RESULT: PASS
  cap_start 2026-08-27T20:18:28Z
block=b6 cond=obfuscated mode=D4 J=2,6,12  READ=400 SELECT=40 OPERATE=40  SELECT ok=40/40 OPERATE ok=40/40  wall=21.2s
  cap_end   2026-08-27T20:18:50Z
[2026-08-27T20:18:55Z] s05 DONE pcaps=6 jsonl=6  s05  READ n/o=2.113/3.999  SEL n/o=2.021/4.001  OP n/o=2.954/3.999  totals={'READ': 2400, 'SELECT': 240, 'OPERATE': 240} anomalies=0
[2026-08-27T20:18:55Z] s05 sleeping 736s to next slot
[2026-08-27T20:31:11Z] --- s06 start (order: OFF OFF D4 D4 OFF D4) ---
### block b1 cond=OFF(native) n_read=400 n_sbo=40 seed=6001  2026-08-27T20:31:12Z
  cfg: RESULT: PASS (n_fail=0 n_warn=0)
  shape0: RESULT: PASS
  cap_start 2026-08-27T20:31:20Z
block=b1 cond=native mode=OFF J=-  READ=400 SELECT=40 OPERATE=40  SELECT ok=40/40 OPERATE ok=40/40  wall=10.8s
  cap_end   2026-08-27T20:31:31Z
### block b2 cond=OFF(native) n_read=400 n_sbo=40 seed=6002  2026-08-27T20:31:34Z
  cfg: RESULT: PASS (n_fail=0 n_warn=0)
  shape0: RESULT: PASS
  cap_start 2026-08-27T20:31:41Z
block=b2 cond=native mode=OFF J=-  READ=400 SELECT=40 OPERATE=40  SELECT ok=40/40 OPERATE ok=40/40  wall=10.7s
  cap_end   2026-08-27T20:31:52Z
### block b3 cond=D4(obfuscated) n_read=400 n_sbo=40 seed=6003  2026-08-27T20:31:55Z
  cfg: RESULT: PASS (n_fail=0 n_warn=0)
  shape0: RESULT: PASS
  cap_start 2026-08-27T20:32:03Z
block=b3 cond=obfuscated mode=D4 J=2,6,12  READ=400 SELECT=40 OPERATE=40  SELECT ok=40/40 OPERATE ok=40/40  wall=21.2s
  cap_end   2026-08-27T20:32:24Z
### block b4 cond=D4(obfuscated) n_read=400 n_sbo=40 seed=6004  2026-08-27T20:32:27Z
  cfg: RESULT: PASS (n_fail=0 n_warn=0)
  shape0: RESULT: PASS
  cap_start 2026-08-27T20:32:35Z
block=b4 cond=obfuscated mode=D4 J=2,6,12  READ=400 SELECT=40 OPERATE=40  SELECT ok=40/40 OPERATE ok=40/40  wall=21.2s
  cap_end   2026-08-27T20:32:56Z
### block b5 cond=OFF(native) n_read=400 n_sbo=40 seed=6005  2026-08-27T20:32:59Z
  cfg: RESULT: PASS (n_fail=0 n_warn=0)
  shape0: RESULT: PASS
  cap_start 2026-08-27T20:33:07Z
block=b5 cond=native mode=OFF J=-  READ=400 SELECT=40 OPERATE=40  SELECT ok=40/40 OPERATE ok=40/40  wall=10.8s
  cap_end   2026-08-27T20:33:18Z
### block b6 cond=D4(obfuscated) n_read=400 n_sbo=40 seed=6006  2026-08-27T20:33:21Z
  cfg: RESULT: PASS (n_fail=0 n_warn=0)
  shape0: RESULT: PASS
  cap_start 2026-08-27T20:33:28Z
block=b6 cond=obfuscated mode=D4 J=2,6,12  READ=400 SELECT=40 OPERATE=40  SELECT ok=40/40 OPERATE ok=40/40  wall=21.2s
  cap_end   2026-08-27T20:33:50Z
[2026-08-27T20:33:55Z] s06 DONE pcaps=6 jsonl=6  s06  READ n/o=2.116/4.0  SEL n/o=2.026/4.0  OP n/o=2.951/4.0  totals={'READ': 2400, 'SELECT': 240, 'OPERATE': 240} anomalies=0
[2026-08-27T20:33:55Z] s06 sleeping 736s to next slot
[2026-08-27T20:46:11Z] --- s07 start (order: D4 D4 OFF OFF D4 OFF) ---
### block b1 cond=D4(obfuscated) n_read=400 n_sbo=40 seed=7001  2026-08-27T20:46:12Z
  cfg: RESULT: PASS (n_fail=0 n_warn=0)
  shape0: RESULT: PASS
  cap_start 2026-08-27T20:46:20Z
block=b1 cond=obfuscated mode=D4 J=2,6,12  READ=400 SELECT=40 OPERATE=40  SELECT ok=40/40 OPERATE ok=40/40  wall=21.2s
  cap_end   2026-08-27T20:46:41Z
### block b2 cond=D4(obfuscated) n_read=400 n_sbo=40 seed=7002  2026-08-27T20:46:44Z
  cfg: RESULT: PASS (n_fail=0 n_warn=0)
  shape0: RESULT: PASS
  cap_start 2026-08-27T20:46:52Z
block=b2 cond=obfuscated mode=D4 J=2,6,12  READ=400 SELECT=40 OPERATE=40  SELECT ok=40/40 OPERATE ok=40/40  wall=21.2s
  cap_end   2026-08-27T20:47:13Z
### block b3 cond=OFF(native) n_read=400 n_sbo=40 seed=7003  2026-08-27T20:47:16Z
  cfg: RESULT: PASS (n_fail=0 n_warn=0)
  shape0: RESULT: PASS
  cap_start 2026-08-27T20:47:24Z
block=b3 cond=native mode=OFF J=-  READ=400 SELECT=40 OPERATE=40  SELECT ok=40/40 OPERATE ok=40/40  wall=10.8s
  cap_end   2026-08-27T20:47:35Z
### block b4 cond=OFF(native) n_read=400 n_sbo=40 seed=7004  2026-08-27T20:47:38Z
  cfg: RESULT: PASS (n_fail=0 n_warn=0)
  shape0: RESULT: PASS
  cap_start 2026-08-27T20:47:46Z
block=b4 cond=native mode=OFF J=-  READ=400 SELECT=40 OPERATE=40  SELECT ok=40/40 OPERATE ok=40/40  wall=10.8s
  cap_end   2026-08-27T20:47:57Z
### block b5 cond=D4(obfuscated) n_read=400 n_sbo=40 seed=7005  2026-08-27T20:48:00Z
  cfg: RESULT: PASS (n_fail=0 n_warn=0)
  shape0: RESULT: PASS
  cap_start 2026-08-27T20:48:07Z
block=b5 cond=obfuscated mode=D4 J=2,6,12  READ=400 SELECT=40 OPERATE=40  SELECT ok=40/40 OPERATE ok=40/40  wall=21.2s
  cap_end   2026-08-27T20:48:28Z
### block b6 cond=OFF(native) n_read=400 n_sbo=40 seed=7006  2026-08-27T20:48:31Z
  cfg: RESULT: PASS (n_fail=0 n_warn=0)
  shape0: RESULT: PASS
  cap_start 2026-08-27T20:48:39Z
block=b6 cond=native mode=OFF J=-  READ=400 SELECT=40 OPERATE=40  SELECT ok=40/40 OPERATE ok=40/40  wall=10.7s
  cap_end   2026-08-27T20:48:50Z
[2026-08-27T20:48:55Z] s07 DONE pcaps=6 jsonl=6  s07  READ n/o=2.103/3.999  SEL n/o=2.038/4.0  OP n/o=2.915/3.999  totals={'READ': 2400, 'SELECT': 240, 'OPERATE': 240} anomalies=0
[2026-08-27T20:48:55Z] s07 sleeping 736s to next slot
[2026-08-27T21:01:11Z] --- s08 start (order: OFF D4 D4 OFF D4 OFF) ---
### block b1 cond=OFF(native) n_read=400 n_sbo=40 seed=8001  2026-08-27T21:01:12Z
  cfg: RESULT: PASS (n_fail=0 n_warn=0)
  shape0: RESULT: PASS
  cap_start 2026-08-27T21:01:20Z
block=b1 cond=native mode=OFF J=-  READ=400 SELECT=40 OPERATE=40  SELECT ok=40/40 OPERATE ok=40/40  wall=10.9s
  cap_end   2026-08-27T21:01:31Z
### block b2 cond=D4(obfuscated) n_read=400 n_sbo=40 seed=8002  2026-08-27T21:01:34Z
  cfg: RESULT: PASS (n_fail=0 n_warn=0)
  shape0: RESULT: PASS
  cap_start 2026-08-27T21:01:41Z
block=b2 cond=obfuscated mode=D4 J=2,6,12  READ=400 SELECT=40 OPERATE=40  SELECT ok=40/40 OPERATE ok=40/40  wall=21.2s
  cap_end   2026-08-27T21:02:03Z
### block b3 cond=D4(obfuscated) n_read=400 n_sbo=40 seed=8003  2026-08-27T21:02:06Z
  cfg: RESULT: PASS (n_fail=0 n_warn=0)
  shape0: RESULT: PASS
  cap_start 2026-08-27T21:02:13Z
block=b3 cond=obfuscated mode=D4 J=2,6,12  READ=400 SELECT=40 OPERATE=40  SELECT ok=40/40 OPERATE ok=40/40  wall=21.2s
  cap_end   2026-08-27T21:02:35Z
### block b4 cond=OFF(native) n_read=400 n_sbo=40 seed=8004  2026-08-27T21:02:38Z
  cfg: RESULT: PASS (n_fail=0 n_warn=0)
  shape0: RESULT: PASS
  cap_start 2026-08-27T21:02:46Z
block=b4 cond=native mode=OFF J=-  READ=400 SELECT=40 OPERATE=40  SELECT ok=40/40 OPERATE ok=40/40  wall=10.8s
  cap_end   2026-08-27T21:02:56Z
### block b5 cond=D4(obfuscated) n_read=400 n_sbo=40 seed=8005  2026-08-27T21:03:00Z
  cfg: RESULT: PASS (n_fail=0 n_warn=0)
  shape0: RESULT: PASS
  cap_start 2026-08-27T21:03:07Z
block=b5 cond=obfuscated mode=D4 J=2,6,12  READ=400 SELECT=40 OPERATE=40  SELECT ok=40/40 OPERATE ok=40/40  wall=21.2s
  cap_end   2026-08-27T21:03:28Z
### block b6 cond=OFF(native) n_read=400 n_sbo=40 seed=8006  2026-08-27T21:03:31Z
  cfg: RESULT: PASS (n_fail=0 n_warn=0)
  shape0: RESULT: PASS
  cap_start 2026-08-27T21:03:39Z
block=b6 cond=native mode=OFF J=-  READ=400 SELECT=40 OPERATE=40  SELECT ok=40/40 OPERATE ok=40/40  wall=10.7s
  cap_end   2026-08-27T21:03:50Z
[2026-08-27T21:03:55Z] s08 DONE pcaps=6 jsonl=6  s08  READ n/o=2.104/3.999  SEL n/o=2.046/4.0  OP n/o=2.972/3.999  totals={'READ': 2400, 'SELECT': 240, 'OPERATE': 240} anomalies=0
[2026-08-27T21:03:55Z] s08 sleeping 736s to next slot
[2026-08-27T21:16:11Z] --- s09 start (order: D4 OFF OFF D4 OFF D4) ---
### block b1 cond=D4(obfuscated) n_read=400 n_sbo=40 seed=9001  2026-08-27T21:16:12Z
  cfg: RESULT: PASS (n_fail=0 n_warn=0)
  shape0: RESULT: PASS
  cap_start 2026-08-27T21:16:20Z
block=b1 cond=obfuscated mode=D4 J=2,6,12  READ=400 SELECT=40 OPERATE=40  SELECT ok=40/40 OPERATE ok=40/40  wall=21.2s
  cap_end   2026-08-27T21:16:41Z
### block b2 cond=OFF(native) n_read=400 n_sbo=40 seed=9002  2026-08-27T21:16:44Z
  cfg: RESULT: PASS (n_fail=0 n_warn=0)
  shape0: RESULT: PASS
  cap_start 2026-08-27T21:16:52Z
block=b2 cond=native mode=OFF J=-  READ=400 SELECT=40 OPERATE=40  SELECT ok=40/40 OPERATE ok=40/40  wall=10.7s
  cap_end   2026-08-27T21:17:03Z
### block b3 cond=OFF(native) n_read=400 n_sbo=40 seed=9003  2026-08-27T21:17:06Z
  cfg: RESULT: PASS (n_fail=0 n_warn=0)
  shape0: RESULT: PASS
  cap_start 2026-08-27T21:17:13Z
block=b3 cond=native mode=OFF J=-  READ=400 SELECT=40 OPERATE=40  SELECT ok=40/40 OPERATE ok=40/40  wall=10.7s
  cap_end   2026-08-27T21:17:24Z
### block b4 cond=D4(obfuscated) n_read=400 n_sbo=40 seed=9004  2026-08-27T21:17:27Z
  cfg: RESULT: PASS (n_fail=0 n_warn=0)
  shape0: RESULT: PASS
  cap_start 2026-08-27T21:17:35Z
block=b4 cond=obfuscated mode=D4 J=2,6,12  READ=400 SELECT=40 OPERATE=40  SELECT ok=40/40 OPERATE ok=40/40  wall=21.2s
  cap_end   2026-08-27T21:17:56Z
### block b5 cond=OFF(native) n_read=400 n_sbo=40 seed=9005  2026-08-27T21:17:59Z
  cfg: RESULT: PASS (n_fail=0 n_warn=0)
  shape0: RESULT: PASS
  cap_start 2026-08-27T21:18:07Z
block=b5 cond=native mode=OFF J=-  READ=400 SELECT=40 OPERATE=40  SELECT ok=40/40 OPERATE ok=40/40  wall=10.7s
  cap_end   2026-08-27T21:18:18Z
### block b6 cond=D4(obfuscated) n_read=400 n_sbo=40 seed=9006  2026-08-27T21:18:21Z
  cfg: RESULT: PASS (n_fail=0 n_warn=0)
  shape0: RESULT: PASS
  cap_start 2026-08-27T21:18:28Z
block=b6 cond=obfuscated mode=D4 J=2,6,12  READ=400 SELECT=40 OPERATE=40  SELECT ok=40/40 OPERATE ok=40/40  wall=21.2s
  cap_end   2026-08-27T21:18:50Z
[2026-08-27T21:18:55Z] s09 DONE pcaps=6 jsonl=6  s09  READ n/o=2.124/4.001  SEL n/o=2.086/4.001  OP n/o=2.951/4.0  totals={'READ': 2400, 'SELECT': 240, 'OPERATE': 240} anomalies=0
[2026-08-27T21:18:55Z] s09 sleeping 736s to next slot
[2026-08-27T21:31:11Z] --- s10 start (order: OFF OFF D4 D4 OFF D4) ---
### block b1 cond=OFF(native) n_read=400 n_sbo=40 seed=10001  2026-08-27T21:31:12Z
  cfg: RESULT: PASS (n_fail=0 n_warn=0)
  shape0: RESULT: PASS
  cap_start 2026-08-27T21:31:20Z
block=b1 cond=native mode=OFF J=-  READ=400 SELECT=40 OPERATE=40  SELECT ok=40/40 OPERATE ok=40/40  wall=10.8s
  cap_end   2026-08-27T21:31:31Z
### block b2 cond=OFF(native) n_read=400 n_sbo=40 seed=10002  2026-08-27T21:31:34Z
  cfg: RESULT: PASS (n_fail=0 n_warn=0)
  shape0: RESULT: PASS
  cap_start 2026-08-27T21:31:41Z
block=b2 cond=native mode=OFF J=-  READ=400 SELECT=40 OPERATE=40  SELECT ok=40/40 OPERATE ok=40/40  wall=10.8s
  cap_end   2026-08-27T21:31:52Z
### block b3 cond=D4(obfuscated) n_read=400 n_sbo=40 seed=10003  2026-08-27T21:31:55Z
  cfg: RESULT: PASS (n_fail=0 n_warn=0)
  shape0: RESULT: PASS
  cap_start 2026-08-27T21:32:03Z
block=b3 cond=obfuscated mode=D4 J=2,6,12  READ=400 SELECT=40 OPERATE=40  SELECT ok=40/40 OPERATE ok=40/40  wall=21.2s
  cap_end   2026-08-27T21:32:24Z
### block b4 cond=D4(obfuscated) n_read=400 n_sbo=40 seed=10004  2026-08-27T21:32:27Z
  cfg: RESULT: PASS (n_fail=0 n_warn=0)
  shape0: RESULT: PASS
  cap_start 2026-08-27T21:32:35Z
block=b4 cond=obfuscated mode=D4 J=2,6,12  READ=400 SELECT=40 OPERATE=40  SELECT ok=40/40 OPERATE ok=40/40  wall=21.3s
  cap_end   2026-08-27T21:32:56Z
### block b5 cond=OFF(native) n_read=400 n_sbo=40 seed=10005  2026-08-27T21:33:00Z
  cfg: RESULT: PASS (n_fail=0 n_warn=0)
  shape0: RESULT: PASS
  cap_start 2026-08-27T21:33:07Z
block=b5 cond=native mode=OFF J=-  READ=400 SELECT=40 OPERATE=40  SELECT ok=40/40 OPERATE ok=40/40  wall=10.7s
  cap_end   2026-08-27T21:33:18Z
### block b6 cond=D4(obfuscated) n_read=400 n_sbo=40 seed=10006  2026-08-27T21:33:21Z
  cfg: RESULT: PASS (n_fail=0 n_warn=0)
  shape0: RESULT: PASS
  cap_start 2026-08-27T21:33:28Z
block=b6 cond=obfuscated mode=D4 J=2,6,12  READ=400 SELECT=40 OPERATE=40  SELECT ok=40/40 OPERATE ok=40/40  wall=21.2s
  cap_end   2026-08-27T21:33:50Z
[2026-08-27T21:33:55Z] s10 DONE pcaps=6 jsonl=6  s10  READ n/o=2.126/4.0  SEL n/o=2.041/4.0  OP n/o=2.955/4.0  totals={'READ': 2400, 'SELECT': 240, 'OPERATE': 240} anomalies=0
[2026-08-27T21:33:55Z] s10 sleeping 736s to next slot
[2026-08-27T21:46:11Z] --- s11 start (order: D4 D4 OFF OFF D4 OFF) ---
### block b1 cond=D4(obfuscated) n_read=400 n_sbo=40 seed=11001  2026-08-27T21:46:13Z
  cfg: RESULT: PASS (n_fail=0 n_warn=0)
  shape0: RESULT: PASS
  cap_start 2026-08-27T21:46:20Z
block=b1 cond=obfuscated mode=D4 J=2,6,12  READ=400 SELECT=40 OPERATE=40  SELECT ok=40/40 OPERATE ok=40/40  wall=21.2s
  cap_end   2026-08-27T21:46:41Z
### block b2 cond=D4(obfuscated) n_read=400 n_sbo=40 seed=11002  2026-08-27T21:46:44Z
  cfg: RESULT: PASS (n_fail=0 n_warn=0)
  shape0: RESULT: PASS
  cap_start 2026-08-27T21:46:52Z
block=b2 cond=obfuscated mode=D4 J=2,6,12  READ=400 SELECT=40 OPERATE=40  SELECT ok=40/40 OPERATE ok=40/40  wall=21.2s
  cap_end   2026-08-27T21:47:13Z
### block b3 cond=OFF(native) n_read=400 n_sbo=40 seed=11003  2026-08-27T21:47:16Z
  cfg: RESULT: PASS (n_fail=0 n_warn=0)
  shape0: RESULT: PASS
  cap_start 2026-08-27T21:47:24Z
block=b3 cond=native mode=OFF J=-  READ=400 SELECT=40 OPERATE=40  SELECT ok=40/40 OPERATE ok=40/40  wall=10.8s
  cap_end   2026-08-27T21:47:35Z
### block b4 cond=OFF(native) n_read=400 n_sbo=40 seed=11004  2026-08-27T21:47:38Z
  cfg: RESULT: PASS (n_fail=0 n_warn=0)
  shape0: RESULT: PASS
  cap_start 2026-08-27T21:47:46Z
block=b4 cond=native mode=OFF J=-  READ=400 SELECT=40 OPERATE=40  SELECT ok=40/40 OPERATE ok=40/40  wall=10.8s
  cap_end   2026-08-27T21:47:57Z
### block b5 cond=D4(obfuscated) n_read=400 n_sbo=40 seed=11005  2026-08-27T21:48:00Z
  cfg: RESULT: PASS (n_fail=0 n_warn=0)
  shape0: RESULT: PASS
  cap_start 2026-08-27T21:48:07Z
block=b5 cond=obfuscated mode=D4 J=2,6,12  READ=400 SELECT=40 OPERATE=40  SELECT ok=40/40 OPERATE ok=40/40  wall=21.2s
  cap_end   2026-08-27T21:48:28Z
### block b6 cond=OFF(native) n_read=400 n_sbo=40 seed=11006  2026-08-27T21:48:32Z
  cfg: RESULT: PASS (n_fail=0 n_warn=0)
  shape0: RESULT: PASS
  cap_start 2026-08-27T21:48:40Z
block=b6 cond=native mode=OFF J=-  READ=400 SELECT=40 OPERATE=40  SELECT ok=40/40 OPERATE ok=40/40  wall=10.8s
  cap_end   2026-08-27T21:48:50Z
[2026-08-27T21:48:56Z] s11 DONE pcaps=6 jsonl=6  s11  READ n/o=2.113/4.0  SEL n/o=2.048/4.0  OP n/o=2.964/4.0  totals={'READ': 2400, 'SELECT': 240, 'OPERATE': 240} anomalies=0
[2026-08-27T21:48:56Z] s11 sleeping 735s to next slot
[2026-08-27T22:01:11Z] --- s12 start (order: OFF D4 D4 OFF D4 OFF) ---
### block b1 cond=OFF(native) n_read=400 n_sbo=40 seed=12001  2026-08-27T22:01:12Z
  cfg: RESULT: PASS (n_fail=0 n_warn=0)
  shape0: RESULT: PASS
  cap_start 2026-08-27T22:01:19Z
block=b1 cond=native mode=OFF J=-  READ=400 SELECT=40 OPERATE=40  SELECT ok=40/40 OPERATE ok=40/40  wall=10.7s
  cap_end   2026-08-27T22:01:30Z
### block b2 cond=D4(obfuscated) n_read=400 n_sbo=40 seed=12002  2026-08-27T22:01:33Z
  cfg: RESULT: PASS (n_fail=0 n_warn=0)
  shape0: RESULT: PASS
  cap_start 2026-08-27T22:01:41Z
block=b2 cond=obfuscated mode=D4 J=2,6,12  READ=400 SELECT=40 OPERATE=40  SELECT ok=40/40 OPERATE ok=40/40  wall=21.2s
  cap_end   2026-08-27T22:02:02Z
### block b3 cond=D4(obfuscated) n_read=400 n_sbo=40 seed=12003  2026-08-27T22:02:05Z
  cfg: RESULT: PASS (n_fail=0 n_warn=0)
  shape0: RESULT: PASS
  cap_start 2026-08-27T22:02:13Z
block=b3 cond=obfuscated mode=D4 J=2,6,12  READ=400 SELECT=40 OPERATE=40  SELECT ok=40/40 OPERATE ok=40/40  wall=21.2s
  cap_end   2026-08-27T22:02:34Z
### block b4 cond=OFF(native) n_read=400 n_sbo=40 seed=12004  2026-08-27T22:02:37Z
  cfg: RESULT: PASS (n_fail=0 n_warn=0)
  shape0: RESULT: PASS
  cap_start 2026-08-27T22:02:45Z
block=b4 cond=native mode=OFF J=-  READ=400 SELECT=40 OPERATE=40  SELECT ok=40/40 OPERATE ok=40/40  wall=10.7s
  cap_end   2026-08-27T22:02:56Z
### block b5 cond=D4(obfuscated) n_read=400 n_sbo=40 seed=12005  2026-08-27T22:02:59Z
  cfg: RESULT: PASS (n_fail=0 n_warn=0)
  shape0: RESULT: PASS
  cap_start 2026-08-27T22:03:06Z
block=b5 cond=obfuscated mode=D4 J=2,6,12  READ=400 SELECT=40 OPERATE=40  SELECT ok=40/40 OPERATE ok=40/40  wall=21.2s
  cap_end   2026-08-27T22:03:28Z
### block b6 cond=OFF(native) n_read=400 n_sbo=40 seed=12006  2026-08-27T22:03:31Z
  cfg: RESULT: PASS (n_fail=0 n_warn=0)
  shape0: RESULT: PASS
  cap_start 2026-08-27T22:03:38Z
block=b6 cond=native mode=OFF J=-  READ=400 SELECT=40 OPERATE=40  SELECT ok=40/40 OPERATE ok=40/40  wall=10.8s
  cap_end   2026-08-27T22:03:49Z
[2026-08-27T22:03:55Z] s12 DONE pcaps=6 jsonl=6  s12  READ n/o=2.124/4.0  SEL n/o=1.981/4.0  OP n/o=2.912/4.0  totals={'READ': 2400, 'SELECT': 240, 'OPERATE': 240} anomalies=0
[2026-08-27T22:03:55Z] s12 sleeping 736s to next slot
[2026-08-27T22:16:11Z] --- s13 start (order: D4 OFF OFF D4 OFF D4) ---
### block b1 cond=D4(obfuscated) n_read=400 n_sbo=40 seed=13001  2026-08-27T22:16:12Z
  cfg: RESULT: PASS (n_fail=0 n_warn=0)
  shape0: RESULT: PASS
  cap_start 2026-08-27T22:16:19Z
block=b1 cond=obfuscated mode=D4 J=2,6,12  READ=400 SELECT=40 OPERATE=40  SELECT ok=40/40 OPERATE ok=40/40  wall=21.2s
  cap_end   2026-08-27T22:16:41Z
### block b2 cond=OFF(native) n_read=400 n_sbo=40 seed=13002  2026-08-27T22:16:44Z
  cfg: RESULT: PASS (n_fail=0 n_warn=0)
  shape0: RESULT: PASS
  cap_start 2026-08-27T22:16:51Z
block=b2 cond=native mode=OFF J=-  READ=400 SELECT=40 OPERATE=40  SELECT ok=40/40 OPERATE ok=40/40  wall=10.9s
  cap_end   2026-08-27T22:17:02Z
### block b3 cond=OFF(native) n_read=400 n_sbo=40 seed=13003  2026-08-27T22:17:05Z
  cfg: RESULT: PASS (n_fail=0 n_warn=0)
  shape0: RESULT: PASS
  cap_start 2026-08-27T22:17:13Z
block=b3 cond=native mode=OFF J=-  READ=400 SELECT=40 OPERATE=40  SELECT ok=40/40 OPERATE ok=40/40  wall=10.7s
  cap_end   2026-08-27T22:17:24Z
### block b4 cond=D4(obfuscated) n_read=400 n_sbo=40 seed=13004  2026-08-27T22:17:27Z
  cfg: RESULT: PASS (n_fail=0 n_warn=0)
  shape0: RESULT: PASS
  cap_start 2026-08-27T22:17:35Z
block=b4 cond=obfuscated mode=D4 J=2,6,12  READ=400 SELECT=40 OPERATE=40  SELECT ok=40/40 OPERATE ok=40/40  wall=21.2s
  cap_end   2026-08-27T22:17:56Z
### block b5 cond=OFF(native) n_read=400 n_sbo=40 seed=13005  2026-08-27T22:17:59Z
  cfg: RESULT: PASS (n_fail=0 n_warn=0)
  shape0: RESULT: PASS
  cap_start 2026-08-27T22:18:06Z
block=b5 cond=native mode=OFF J=-  READ=400 SELECT=40 OPERATE=40  SELECT ok=40/40 OPERATE ok=40/40  wall=10.8s
  cap_end   2026-08-27T22:18:17Z
### block b6 cond=D4(obfuscated) n_read=400 n_sbo=40 seed=13006  2026-08-27T22:18:20Z
  cfg: RESULT: PASS (n_fail=0 n_warn=0)
  shape0: RESULT: PASS
  cap_start 2026-08-27T22:18:28Z
block=b6 cond=obfuscated mode=D4 J=2,6,12  READ=400 SELECT=40 OPERATE=40  SELECT ok=40/40 OPERATE ok=40/40  wall=21.2s
  cap_end   2026-08-27T22:18:49Z
[2026-08-27T22:18:55Z] s13 DONE pcaps=6 jsonl=6  s13  READ n/o=2.105/4.0  SEL n/o=2.027/3.999  OP n/o=2.962/4.001  totals={'READ': 2400, 'SELECT': 240, 'OPERATE': 240} anomalies=0
[2026-08-27T22:18:55Z] s13 sleeping 736s to next slot
[2026-08-27T22:31:11Z] --- s14 start (order: OFF OFF D4 D4 OFF D4) ---
### block b1 cond=OFF(native) n_read=400 n_sbo=40 seed=14001  2026-08-27T22:31:12Z
  cfg: RESULT: PASS (n_fail=0 n_warn=0)
  shape0: RESULT: PASS
  cap_start 2026-08-27T22:31:20Z
block=b1 cond=native mode=OFF J=-  READ=400 SELECT=40 OPERATE=40  SELECT ok=40/40 OPERATE ok=40/40  wall=10.8s
  cap_end   2026-08-27T22:31:31Z
### block b2 cond=OFF(native) n_read=400 n_sbo=40 seed=14002  2026-08-27T22:31:34Z
  cfg: RESULT: PASS (n_fail=0 n_warn=0)
  shape0: RESULT: PASS
  cap_start 2026-08-27T22:31:41Z
block=b2 cond=native mode=OFF J=-  READ=400 SELECT=40 OPERATE=40  SELECT ok=40/40 OPERATE ok=40/40  wall=10.8s
  cap_end   2026-08-27T22:31:52Z
### block b3 cond=D4(obfuscated) n_read=400 n_sbo=40 seed=14003  2026-08-27T22:31:55Z
  cfg: RESULT: PASS (n_fail=0 n_warn=0)
  shape0: RESULT: PASS
  cap_start 2026-08-27T22:32:03Z
block=b3 cond=obfuscated mode=D4 J=2,6,12  READ=400 SELECT=40 OPERATE=40  SELECT ok=40/40 OPERATE ok=40/40  wall=21.2s
  cap_end   2026-08-27T22:32:24Z
### block b4 cond=D4(obfuscated) n_read=400 n_sbo=40 seed=14004  2026-08-27T22:32:27Z
  cfg: RESULT: PASS (n_fail=0 n_warn=0)
  shape0: RESULT: PASS
  cap_start 2026-08-27T22:32:35Z
block=b4 cond=obfuscated mode=D4 J=2,6,12  READ=400 SELECT=40 OPERATE=40  SELECT ok=40/40 OPERATE ok=40/40  wall=21.2s
  cap_end   2026-08-27T22:32:56Z
### block b5 cond=OFF(native) n_read=400 n_sbo=40 seed=14005  2026-08-27T22:32:59Z
  cfg: RESULT: PASS (n_fail=0 n_warn=0)
  shape0: RESULT: PASS
  cap_start 2026-08-27T22:33:07Z
block=b5 cond=native mode=OFF J=-  READ=400 SELECT=40 OPERATE=40  SELECT ok=40/40 OPERATE ok=40/40  wall=10.7s
  cap_end   2026-08-27T22:33:18Z
### block b6 cond=D4(obfuscated) n_read=400 n_sbo=40 seed=14006  2026-08-27T22:33:21Z
  cfg: RESULT: PASS (n_fail=0 n_warn=0)
  shape0: RESULT: PASS
  cap_start 2026-08-27T22:33:28Z
block=b6 cond=obfuscated mode=D4 J=2,6,12  READ=400 SELECT=40 OPERATE=40  SELECT ok=40/40 OPERATE ok=40/40  wall=21.2s
  cap_end   2026-08-27T22:33:50Z
[2026-08-27T22:33:55Z] s14 DONE pcaps=6 jsonl=6  s14  READ n/o=2.12/4.001  SEL n/o=2.046/4.001  OP n/o=2.959/3.999  totals={'READ': 2400, 'SELECT': 240, 'OPERATE': 240} anomalies=0
[2026-08-27T22:33:55Z] s14 sleeping 736s to next slot
[2026-08-27T22:46:11Z] --- s15 start (order: D4 D4 OFF OFF D4 OFF) ---
### block b1 cond=D4(obfuscated) n_read=400 n_sbo=40 seed=15001  2026-08-27T22:46:12Z
  cfg: RESULT: PASS (n_fail=0 n_warn=0)
  shape0: RESULT: PASS
  cap_start 2026-08-27T22:46:20Z
block=b1 cond=obfuscated mode=D4 J=2,6,12  READ=400 SELECT=40 OPERATE=40  SELECT ok=40/40 OPERATE ok=40/40  wall=21.2s
  cap_end   2026-08-27T22:46:41Z
### block b2 cond=D4(obfuscated) n_read=400 n_sbo=40 seed=15002  2026-08-27T22:46:44Z
  cfg: RESULT: PASS (n_fail=0 n_warn=0)
  shape0: RESULT: PASS
  cap_start 2026-08-27T22:46:52Z
block=b2 cond=obfuscated mode=D4 J=2,6,12  READ=400 SELECT=40 OPERATE=40  SELECT ok=40/40 OPERATE ok=40/40  wall=21.2s
  cap_end   2026-08-27T22:47:13Z
### block b3 cond=OFF(native) n_read=400 n_sbo=40 seed=15003  2026-08-27T22:47:16Z
  cfg: RESULT: PASS (n_fail=0 n_warn=0)
  shape0: RESULT: PASS
  cap_start 2026-08-27T22:47:24Z
block=b3 cond=native mode=OFF J=-  READ=400 SELECT=40 OPERATE=40  SELECT ok=40/40 OPERATE ok=40/40  wall=10.7s
  cap_end   2026-08-27T22:47:35Z
### block b4 cond=OFF(native) n_read=400 n_sbo=40 seed=15004  2026-08-27T22:47:38Z
  cfg: RESULT: PASS (n_fail=0 n_warn=0)
  shape0: RESULT: PASS
  cap_start 2026-08-27T22:47:45Z
block=b4 cond=native mode=OFF J=-  READ=400 SELECT=40 OPERATE=40  SELECT ok=40/40 OPERATE ok=40/40  wall=10.8s
  cap_end   2026-08-27T22:47:56Z
### block b5 cond=D4(obfuscated) n_read=400 n_sbo=40 seed=15005  2026-08-27T22:47:59Z
  cfg: RESULT: PASS (n_fail=0 n_warn=0)
  shape0: RESULT: PASS
  cap_start 2026-08-27T22:48:07Z
block=b5 cond=obfuscated mode=D4 J=2,6,12  READ=400 SELECT=40 OPERATE=40  SELECT ok=40/40 OPERATE ok=40/40  wall=21.2s
  cap_end   2026-08-27T22:48:28Z
### block b6 cond=OFF(native) n_read=400 n_sbo=40 seed=15006  2026-08-27T22:48:31Z
  cfg: RESULT: PASS (n_fail=0 n_warn=0)
  shape0: RESULT: PASS
  cap_start 2026-08-27T22:48:39Z
block=b6 cond=native mode=OFF J=-  READ=400 SELECT=40 OPERATE=40  SELECT ok=40/40 OPERATE ok=40/40  wall=10.8s
  cap_end   2026-08-27T22:48:50Z
[2026-08-27T22:48:55Z] s15 DONE pcaps=6 jsonl=6  s15  READ n/o=2.128/4.0  SEL n/o=2.047/4.0  OP n/o=2.915/4.0  totals={'READ': 2400, 'SELECT': 240, 'OPERATE': 240} anomalies=0
[2026-08-27T22:48:55Z] s15 sleeping 736s to next slot
[2026-08-27T23:01:11Z] --- s16 start (order: OFF D4 D4 OFF D4 OFF) ---
### block b1 cond=OFF(native) n_read=400 n_sbo=40 seed=16001  2026-08-27T23:01:12Z
  cfg: RESULT: PASS (n_fail=0 n_warn=0)
  shape0: RESULT: PASS
  cap_start 2026-08-27T23:01:20Z
block=b1 cond=native mode=OFF J=-  READ=400 SELECT=40 OPERATE=40  SELECT ok=40/40 OPERATE ok=40/40  wall=10.8s
  cap_end   2026-08-27T23:01:31Z
### block b2 cond=D4(obfuscated) n_read=400 n_sbo=40 seed=16002  2026-08-27T23:01:34Z
  cfg: RESULT: PASS (n_fail=0 n_warn=0)
  shape0: RESULT: PASS
  cap_start 2026-08-27T23:01:41Z
block=b2 cond=obfuscated mode=D4 J=2,6,12  READ=400 SELECT=40 OPERATE=40  SELECT ok=40/40 OPERATE ok=40/40  wall=21.2s
  cap_end   2026-08-27T23:02:03Z
### block b3 cond=D4(obfuscated) n_read=400 n_sbo=40 seed=16003  2026-08-27T23:02:06Z
  cfg: RESULT: PASS (n_fail=0 n_warn=0)
  shape0: RESULT: PASS
  cap_start 2026-08-27T23:02:13Z
block=b3 cond=obfuscated mode=D4 J=2,6,12  READ=400 SELECT=40 OPERATE=40  SELECT ok=40/40 OPERATE ok=40/40  wall=21.2s
  cap_end   2026-08-27T23:02:35Z
### block b4 cond=OFF(native) n_read=400 n_sbo=40 seed=16004  2026-08-27T23:02:38Z
  cfg: RESULT: PASS (n_fail=0 n_warn=0)
  shape0: RESULT: PASS
  cap_start 2026-08-27T23:02:46Z
block=b4 cond=native mode=OFF J=-  READ=400 SELECT=40 OPERATE=40  SELECT ok=40/40 OPERATE ok=40/40  wall=10.8s
  cap_end   2026-08-27T23:02:56Z
### block b5 cond=D4(obfuscated) n_read=400 n_sbo=40 seed=16005  2026-08-27T23:02:59Z
  cfg: RESULT: PASS (n_fail=0 n_warn=0)
  shape0: RESULT: PASS
  cap_start 2026-08-27T23:03:07Z
block=b5 cond=obfuscated mode=D4 J=2,6,12  READ=400 SELECT=40 OPERATE=40  SELECT ok=40/40 OPERATE ok=40/40  wall=21.2s
  cap_end   2026-08-27T23:03:28Z
### block b6 cond=OFF(native) n_read=400 n_sbo=40 seed=16006  2026-08-27T23:03:31Z
  cfg: RESULT: PASS (n_fail=0 n_warn=0)
  shape0: RESULT: PASS
  cap_start 2026-08-27T23:03:39Z
block=b6 cond=native mode=OFF J=-  READ=400 SELECT=40 OPERATE=40  SELECT ok=40/40 OPERATE ok=40/40  wall=10.8s
  cap_end   2026-08-27T23:03:50Z
[2026-08-27T23:03:55Z] s16 DONE pcaps=6 jsonl=6  s16  READ n/o=2.122/4.001  SEL n/o=2.098/4.001  OP n/o=2.966/3.999  totals={'READ': 2400, 'SELECT': 240, 'OPERATE': 240} anomalies=0
[2026-08-27T23:03:55Z] s16 sleeping 736s to next slot
[2026-08-27T23:16:11Z] --- s17 start (order: D4 OFF OFF D4 OFF D4) ---
### block b1 cond=D4(obfuscated) n_read=400 n_sbo=40 seed=17001  2026-08-27T23:16:13Z
  cfg: RESULT: PASS (n_fail=0 n_warn=0)
  shape0: RESULT: PASS
  cap_start 2026-08-27T23:16:20Z
block=b1 cond=obfuscated mode=D4 J=2,6,12  READ=400 SELECT=40 OPERATE=40  SELECT ok=40/40 OPERATE ok=40/40  wall=21.2s
  cap_end   2026-08-27T23:16:41Z
### block b2 cond=OFF(native) n_read=400 n_sbo=40 seed=17002  2026-08-27T23:16:44Z
  cfg: RESULT: PASS (n_fail=0 n_warn=0)
  shape0: RESULT: PASS
  cap_start 2026-08-27T23:16:52Z
block=b2 cond=native mode=OFF J=-  READ=400 SELECT=40 OPERATE=40  SELECT ok=40/40 OPERATE ok=40/40  wall=10.7s
  cap_end   2026-08-27T23:17:03Z
### block b3 cond=OFF(native) n_read=400 n_sbo=40 seed=17003  2026-08-27T23:17:06Z
  cfg: RESULT: PASS (n_fail=0 n_warn=0)
  shape0: RESULT: PASS
  cap_start 2026-08-27T23:17:13Z
block=b3 cond=native mode=OFF J=-  READ=400 SELECT=40 OPERATE=40  SELECT ok=40/40 OPERATE ok=40/40  wall=10.8s
  cap_end   2026-08-27T23:17:24Z
### block b4 cond=D4(obfuscated) n_read=400 n_sbo=40 seed=17004  2026-08-27T23:17:27Z
  cfg: RESULT: PASS (n_fail=0 n_warn=0)
  shape0: RESULT: PASS
  cap_start 2026-08-27T23:17:35Z
block=b4 cond=obfuscated mode=D4 J=2,6,12  READ=400 SELECT=40 OPERATE=40  SELECT ok=40/40 OPERATE ok=40/40  wall=21.2s
  cap_end   2026-08-27T23:17:56Z
### block b5 cond=OFF(native) n_read=400 n_sbo=40 seed=17005  2026-08-27T23:17:59Z
  cfg: RESULT: PASS (n_fail=0 n_warn=0)
  shape0: RESULT: PASS
  cap_start 2026-08-27T23:18:07Z
block=b5 cond=native mode=OFF J=-  READ=400 SELECT=40 OPERATE=40  SELECT ok=40/40 OPERATE ok=40/40  wall=10.7s
  cap_end   2026-08-27T23:18:18Z
### block b6 cond=D4(obfuscated) n_read=400 n_sbo=40 seed=17006  2026-08-27T23:18:21Z
  cfg: RESULT: PASS (n_fail=0 n_warn=0)
  shape0: RESULT: PASS
  cap_start 2026-08-27T23:18:28Z
block=b6 cond=obfuscated mode=D4 J=2,6,12  READ=400 SELECT=40 OPERATE=40  SELECT ok=40/40 OPERATE ok=40/40  wall=21.2s
  cap_end   2026-08-27T23:18:50Z
[2026-08-27T23:18:55Z] s17 DONE pcaps=6 jsonl=6  s17  READ n/o=2.122/4.0  SEL n/o=2.069/4.0  OP n/o=2.91/4.001  totals={'READ': 2400, 'SELECT': 240, 'OPERATE': 240} anomalies=0
[2026-08-27T23:18:55Z] s17 sleeping 736s to next slot
[2026-08-27T23:31:11Z] --- s18 start (order: OFF OFF D4 D4 OFF D4) ---
### block b1 cond=OFF(native) n_read=400 n_sbo=40 seed=18001  2026-08-27T23:31:12Z
  cfg: RESULT: PASS (n_fail=0 n_warn=0)
  shape0: RESULT: PASS
  cap_start 2026-08-27T23:31:20Z
block=b1 cond=native mode=OFF J=-  READ=400 SELECT=40 OPERATE=40  SELECT ok=40/40 OPERATE ok=40/40  wall=10.8s
  cap_end   2026-08-27T23:31:31Z
### block b2 cond=OFF(native) n_read=400 n_sbo=40 seed=18002  2026-08-27T23:31:34Z
  cfg: RESULT: PASS (n_fail=0 n_warn=0)
  shape0: RESULT: PASS
  cap_start 2026-08-27T23:31:41Z
block=b2 cond=native mode=OFF J=-  READ=400 SELECT=40 OPERATE=40  SELECT ok=40/40 OPERATE ok=40/40  wall=10.8s
  cap_end   2026-08-27T23:31:52Z
### block b3 cond=D4(obfuscated) n_read=400 n_sbo=40 seed=18003  2026-08-27T23:31:55Z
  cfg: RESULT: PASS (n_fail=0 n_warn=0)
  shape0: RESULT: PASS
  cap_start 2026-08-27T23:32:03Z
block=b3 cond=obfuscated mode=D4 J=2,6,12  READ=400 SELECT=40 OPERATE=40  SELECT ok=40/40 OPERATE ok=40/40  wall=21.3s
  cap_end   2026-08-27T23:32:24Z
### block b4 cond=D4(obfuscated) n_read=400 n_sbo=40 seed=18004  2026-08-27T23:32:27Z
  cfg: RESULT: PASS (n_fail=0 n_warn=0)
  shape0: RESULT: PASS
  cap_start 2026-08-27T23:32:35Z
block=b4 cond=obfuscated mode=D4 J=2,6,12  READ=400 SELECT=40 OPERATE=40  SELECT ok=40/40 OPERATE ok=40/40  wall=21.2s
  cap_end   2026-08-27T23:32:56Z
### block b5 cond=OFF(native) n_read=400 n_sbo=40 seed=18005  2026-08-27T23:33:00Z
  cfg: RESULT: PASS (n_fail=0 n_warn=0)
  shape0: RESULT: PASS
  cap_start 2026-08-27T23:33:07Z
block=b5 cond=native mode=OFF J=-  READ=400 SELECT=40 OPERATE=40  SELECT ok=40/40 OPERATE ok=40/40  wall=10.7s
  cap_end   2026-08-27T23:33:18Z
### block b6 cond=D4(obfuscated) n_read=400 n_sbo=40 seed=18006  2026-08-27T23:33:21Z
  cfg: RESULT: PASS (n_fail=0 n_warn=0)
  shape0: RESULT: PASS
  cap_start 2026-08-27T23:33:28Z
block=b6 cond=obfuscated mode=D4 J=2,6,12  READ=400 SELECT=40 OPERATE=40  SELECT ok=40/40 OPERATE ok=40/40  wall=21.2s
  cap_end   2026-08-27T23:33:50Z
[2026-08-27T23:33:55Z] s18 DONE pcaps=6 jsonl=6  s18  READ n/o=2.125/4.0  SEL n/o=2.077/4.001  OP n/o=2.932/4.0  totals={'READ': 2400, 'SELECT': 240, 'OPERATE': 240} anomalies=0
[2026-08-27T23:33:55Z] s18 sleeping 736s to next slot
[2026-08-27T23:46:11Z] --- s19 start (order: D4 D4 OFF OFF D4 OFF) ---
### block b1 cond=D4(obfuscated) n_read=400 n_sbo=40 seed=19001  2026-08-27T23:46:13Z
  cfg: RESULT: PASS (n_fail=0 n_warn=0)
  shape0: RESULT: PASS
  cap_start 2026-08-27T23:46:20Z
block=b1 cond=obfuscated mode=D4 J=2,6,12  READ=400 SELECT=40 OPERATE=40  SELECT ok=40/40 OPERATE ok=40/40  wall=21.2s
  cap_end   2026-08-27T23:46:41Z
### block b2 cond=D4(obfuscated) n_read=400 n_sbo=40 seed=19002  2026-08-27T23:46:44Z
  cfg: RESULT: PASS (n_fail=0 n_warn=0)
  shape0: RESULT: PASS
  cap_start 2026-08-27T23:46:52Z
block=b2 cond=obfuscated mode=D4 J=2,6,12  READ=400 SELECT=40 OPERATE=40  SELECT ok=40/40 OPERATE ok=40/40  wall=21.2s
  cap_end   2026-08-27T23:47:13Z
### block b3 cond=OFF(native) n_read=400 n_sbo=40 seed=19003  2026-08-27T23:47:16Z
  cfg: RESULT: PASS (n_fail=0 n_warn=0)
  shape0: RESULT: PASS
  cap_start 2026-08-27T23:47:24Z
block=b3 cond=native mode=OFF J=-  READ=400 SELECT=40 OPERATE=40  SELECT ok=40/40 OPERATE ok=40/40  wall=10.8s
  cap_end   2026-08-27T23:47:35Z
### block b4 cond=OFF(native) n_read=400 n_sbo=40 seed=19004  2026-08-27T23:47:38Z
  cfg: RESULT: PASS (n_fail=0 n_warn=0)
  shape0: RESULT: PASS
  cap_start 2026-08-27T23:47:46Z
block=b4 cond=native mode=OFF J=-  READ=400 SELECT=40 OPERATE=40  SELECT ok=40/40 OPERATE ok=40/40  wall=10.8s
  cap_end   2026-08-27T23:47:56Z
### block b5 cond=D4(obfuscated) n_read=400 n_sbo=40 seed=19005  2026-08-27T23:48:00Z
  cfg: RESULT: PASS (n_fail=0 n_warn=0)
  shape0: RESULT: PASS
  cap_start 2026-08-27T23:48:07Z
block=b5 cond=obfuscated mode=D4 J=2,6,12  READ=400 SELECT=40 OPERATE=40  SELECT ok=40/40 OPERATE ok=40/40  wall=21.2s
  cap_end   2026-08-27T23:48:28Z
### block b6 cond=OFF(native) n_read=400 n_sbo=40 seed=19006  2026-08-27T23:48:31Z
  cfg: RESULT: PASS (n_fail=0 n_warn=0)
  shape0: RESULT: PASS
  cap_start 2026-08-27T23:48:39Z
block=b6 cond=native mode=OFF J=-  READ=400 SELECT=40 OPERATE=40  SELECT ok=40/40 OPERATE ok=40/40  wall=10.8s
  cap_end   2026-08-27T23:48:50Z
[2026-08-27T23:48:55Z] s19 DONE pcaps=6 jsonl=6  s19  READ n/o=2.132/4.0  SEL n/o=1.624/4.001  OP n/o=2.931/4.0  totals={'READ': 2400, 'SELECT': 240, 'OPERATE': 240} anomalies=0
[2026-08-27T23:48:55Z] s19 sleeping 736s to next slot
[2026-08-28T00:01:11Z] --- s20 start (order: OFF D4 D4 OFF D4 OFF) ---
### block b1 cond=OFF(native) n_read=400 n_sbo=40 seed=20001  2026-08-28T00:01:13Z
  cfg: RESULT: PASS (n_fail=0 n_warn=0)
  shape0: RESULT: PASS
  cap_start 2026-08-28T00:01:20Z
block=b1 cond=native mode=OFF J=-  READ=400 SELECT=40 OPERATE=40  SELECT ok=40/40 OPERATE ok=40/40  wall=10.8s
  cap_end   2026-08-28T00:01:31Z
### block b2 cond=D4(obfuscated) n_read=400 n_sbo=40 seed=20002  2026-08-28T00:01:34Z
  cfg: RESULT: PASS (n_fail=0 n_warn=0)
  shape0: RESULT: PASS
  cap_start 2026-08-28T00:01:42Z
block=b2 cond=obfuscated mode=D4 J=2,6,12  READ=400 SELECT=40 OPERATE=40  SELECT ok=40/40 OPERATE ok=40/40  wall=21.2s
  cap_end   2026-08-28T00:02:03Z
### block b3 cond=D4(obfuscated) n_read=400 n_sbo=40 seed=20003  2026-08-28T00:02:06Z
  cfg: RESULT: PASS (n_fail=0 n_warn=0)
  shape0: RESULT: PASS
  cap_start 2026-08-28T00:02:13Z
block=b3 cond=obfuscated mode=D4 J=2,6,12  READ=400 SELECT=40 OPERATE=40  SELECT ok=40/40 OPERATE ok=40/40  wall=21.2s
  cap_end   2026-08-28T00:02:35Z
### block b4 cond=OFF(native) n_read=400 n_sbo=40 seed=20004  2026-08-28T00:02:38Z
  cfg: RESULT: PASS (n_fail=0 n_warn=0)
  shape0: RESULT: PASS
  cap_start 2026-08-28T00:02:46Z
block=b4 cond=native mode=OFF J=-  READ=400 SELECT=40 OPERATE=40  SELECT ok=40/40 OPERATE ok=40/40  wall=10.8s
  cap_end   2026-08-28T00:02:57Z
### block b5 cond=D4(obfuscated) n_read=400 n_sbo=40 seed=20005  2026-08-28T00:03:00Z
  cfg: RESULT: PASS (n_fail=0 n_warn=0)
  shape0: RESULT: PASS
  cap_start 2026-08-28T00:03:07Z
block=b5 cond=obfuscated mode=D4 J=2,6,12  READ=400 SELECT=40 OPERATE=40  SELECT ok=40/40 OPERATE ok=40/40  wall=21.2s
  cap_end   2026-08-28T00:03:28Z
### block b6 cond=OFF(native) n_read=400 n_sbo=40 seed=20006  2026-08-28T00:03:32Z
  cfg: RESULT: PASS (n_fail=0 n_warn=0)
  shape0: RESULT: PASS
  cap_start 2026-08-28T00:03:39Z
block=b6 cond=native mode=OFF J=-  READ=400 SELECT=40 OPERATE=40  SELECT ok=40/40 OPERATE ok=40/40  wall=10.9s
  cap_end   2026-08-28T00:03:50Z
[2026-08-28T00:03:56Z] s20 DONE pcaps=6 jsonl=6  s20  READ n/o=2.105/4.0  SEL n/o=2.044/4.0  OP n/o=2.909/4.0  totals={'READ': 2400, 'SELECT': 240, 'OPERATE': 240} anomalies=0
[2026-08-28T00:03:56Z] s20 sleeping 735s to next slot
[2026-08-28T00:16:11Z] --- s21 start (order: D4 OFF OFF D4 OFF D4) ---
### block b1 cond=D4(obfuscated) n_read=400 n_sbo=40 seed=21001  2026-08-28T00:16:12Z
  cfg: RESULT: PASS (n_fail=0 n_warn=0)
  shape0: RESULT: PASS
  cap_start 2026-08-28T00:16:19Z
block=b1 cond=obfuscated mode=D4 J=2,6,12  READ=400 SELECT=40 OPERATE=40  SELECT ok=40/40 OPERATE ok=40/40  wall=21.2s
  cap_end   2026-08-28T00:16:41Z
### block b2 cond=OFF(native) n_read=400 n_sbo=40 seed=21002  2026-08-28T00:16:44Z
  cfg: RESULT: PASS (n_fail=0 n_warn=0)
  shape0: RESULT: PASS
  cap_start 2026-08-28T00:16:51Z
block=b2 cond=native mode=OFF J=-  READ=400 SELECT=40 OPERATE=40  SELECT ok=40/40 OPERATE ok=40/40  wall=10.7s
  cap_end   2026-08-28T00:17:02Z
### block b3 cond=OFF(native) n_read=400 n_sbo=40 seed=21003  2026-08-28T00:17:05Z
  cfg: RESULT: PASS (n_fail=0 n_warn=0)
  shape0: RESULT: PASS
  cap_start 2026-08-28T00:17:13Z
block=b3 cond=native mode=OFF J=-  READ=400 SELECT=40 OPERATE=40  SELECT ok=40/40 OPERATE ok=40/40  wall=10.9s
  cap_end   2026-08-28T00:17:24Z
### block b4 cond=D4(obfuscated) n_read=400 n_sbo=40 seed=21004  2026-08-28T00:17:27Z
  cfg: RESULT: PASS (n_fail=0 n_warn=0)
  shape0: RESULT: PASS
  cap_start 2026-08-28T00:17:35Z
block=b4 cond=obfuscated mode=D4 J=2,6,12  READ=400 SELECT=40 OPERATE=40  SELECT ok=40/40 OPERATE ok=40/40  wall=21.2s
  cap_end   2026-08-28T00:17:56Z
### block b5 cond=OFF(native) n_read=400 n_sbo=40 seed=21005  2026-08-28T00:17:59Z
  cfg: RESULT: PASS (n_fail=0 n_warn=0)
  shape0: RESULT: PASS
  cap_start 2026-08-28T00:18:07Z
block=b5 cond=native mode=OFF J=-  READ=400 SELECT=40 OPERATE=40  SELECT ok=40/40 OPERATE ok=40/40  wall=10.8s
  cap_end   2026-08-28T00:18:17Z
### block b6 cond=D4(obfuscated) n_read=400 n_sbo=40 seed=21006  2026-08-28T00:18:20Z
  cfg: RESULT: PASS (n_fail=0 n_warn=0)
  shape0: RESULT: PASS
  cap_start 2026-08-28T00:18:28Z
block=b6 cond=obfuscated mode=D4 J=2,6,12  READ=400 SELECT=40 OPERATE=40  SELECT ok=40/40 OPERATE ok=40/40  wall=21.2s
  cap_end   2026-08-28T00:18:49Z
[2026-08-28T00:18:55Z] s21 DONE pcaps=6 jsonl=6  s21  READ n/o=2.126/4.001  SEL n/o=2.077/4.0  OP n/o=2.936/3.999  totals={'READ': 2400, 'SELECT': 240, 'OPERATE': 240} anomalies=0
[2026-08-28T00:18:55Z] s21 sleeping 736s to next slot
[2026-08-28T00:31:11Z] --- s22 start (order: OFF OFF D4 D4 OFF D4) ---
### block b1 cond=OFF(native) n_read=400 n_sbo=40 seed=22001  2026-08-28T00:31:12Z
  cfg: RESULT: PASS (n_fail=0 n_warn=0)
  shape0: RESULT: PASS
  cap_start 2026-08-28T00:31:20Z
block=b1 cond=native mode=OFF J=-  READ=400 SELECT=40 OPERATE=40  SELECT ok=40/40 OPERATE ok=40/40  wall=10.8s
  cap_end   2026-08-28T00:31:30Z
### block b2 cond=OFF(native) n_read=400 n_sbo=40 seed=22002  2026-08-28T00:31:34Z
  cfg: RESULT: PASS (n_fail=0 n_warn=0)
  shape0: RESULT: PASS
  cap_start 2026-08-28T00:31:41Z
block=b2 cond=native mode=OFF J=-  READ=400 SELECT=40 OPERATE=40  SELECT ok=40/40 OPERATE ok=40/40  wall=10.8s
  cap_end   2026-08-28T00:31:52Z
### block b3 cond=D4(obfuscated) n_read=400 n_sbo=40 seed=22003  2026-08-28T00:31:55Z
  cfg: RESULT: PASS (n_fail=0 n_warn=0)
  shape0: RESULT: PASS
  cap_start 2026-08-28T00:32:03Z
block=b3 cond=obfuscated mode=D4 J=2,6,12  READ=400 SELECT=40 OPERATE=40  SELECT ok=40/40 OPERATE ok=40/40  wall=21.2s
  cap_end   2026-08-28T00:32:24Z
### block b4 cond=D4(obfuscated) n_read=400 n_sbo=40 seed=22004  2026-08-28T00:32:27Z
  cfg: RESULT: PASS (n_fail=0 n_warn=0)
  shape0: RESULT: PASS
  cap_start 2026-08-28T00:32:35Z
block=b4 cond=obfuscated mode=D4 J=2,6,12  READ=400 SELECT=40 OPERATE=40  SELECT ok=40/40 OPERATE ok=40/40  wall=21.2s
  cap_end   2026-08-28T00:32:56Z
### block b5 cond=OFF(native) n_read=400 n_sbo=40 seed=22005  2026-08-28T00:32:59Z
  cfg: RESULT: PASS (n_fail=0 n_warn=0)
  shape0: RESULT: PASS
  cap_start 2026-08-28T00:33:07Z
block=b5 cond=native mode=OFF J=-  READ=400 SELECT=40 OPERATE=40  SELECT ok=40/40 OPERATE ok=40/40  wall=10.7s
  cap_end   2026-08-28T00:33:18Z
### block b6 cond=D4(obfuscated) n_read=400 n_sbo=40 seed=22006  2026-08-28T00:33:21Z
  cfg: RESULT: PASS (n_fail=0 n_warn=0)
  shape0: RESULT: PASS
  cap_start 2026-08-28T00:33:28Z
block=b6 cond=obfuscated mode=D4 J=2,6,12  READ=400 SELECT=40 OPERATE=40  SELECT ok=40/40 OPERATE ok=40/40  wall=21.2s
  cap_end   2026-08-28T00:33:50Z
[2026-08-28T00:33:55Z] s22 DONE pcaps=6 jsonl=6  s22  READ n/o=2.109/4.0  SEL n/o=2.075/4.001  OP n/o=2.977/4.0  totals={'READ': 2400, 'SELECT': 240, 'OPERATE': 240} anomalies=0
[2026-08-28T00:33:55Z] === next slot beyond window, stopping ===
[2026-08-28T00:33:55Z] === campaign_5h COMPLETE: 22 sessions on disk ===
