Subscribe attempt #1
Subscribe response received 0
Binding with p4_name nf
Binding with p4_name nf successful!!
Received e3 on GetForwarding on client 1, device 0
Received m3 on GetForwarding on client 1, device 0
Received nf on GetForwarding on client 1, device 0
Subscribe attempt #1
Subscribe response received 0
Binding with p4_name m3
Binding with p4_name m3 successful!!
Received e3 on GetForwarding on client 2, device 0
Received m3 on GetForwarding on client 2, device 0
Received nf on GetForwarding on client 2, device 0
Subscribe attempt #1
Subscribe response received 0
Binding with p4_name e3
Binding with p4_name e3 successful!!
Received e3 on GetForwarding on client 3, device 0
Received m3 on GetForwarding on client 3, device 0
Received nf on GetForwarding on client 3, device 0
FAIL SYN                                expected=original exactly once observed={1: [], 2: []}
FAIL execution                          expected=successful actual model observed=error
SUMMARY {'total': 2, 'passed': 0, 'failed': ['SYN', 'execution']}
driver exit code 1
hugepages free after run: HugePages_Free: 196
