source/p3_no_compares.p4(141): [--Wwarn=unused] warning: 'cap' is unused
    action set_params(bit<32> da, bit<32> readiness, bit<32> cap, bit<32> gap, bit<32> op_j,
                                                             ^^^
source/p3_no_compares.p4(84): [--Wwarn=uninitialized_out_param] warning: out parameter 'md' may be uninitialized when 'IngressParser' terminates
parser IngressParser(packet_in pkt, out header_t hdr, out metadata_t md,
                                                                     ^^
source/p3_no_compares.p4(84)
parser IngressParser(packet_in pkt, out header_t hdr, out metadata_t md,
       ^^^^^^^^^^^^^
source/probe_shell.p4(4): [--Wwarn=uninitialized_out_param] warning: out parameter 'md' may be uninitialized when 'EmptyEgressParser' terminates
parser EmptyEgressParser(packet_in pkt, out header_t hdr, out metadata_t md,
                                                                         ^^
source/probe_shell.p4(4)
parser EmptyEgressParser(packet_in pkt, out header_t hdr, out metadata_t md,
       ^^^^^^^^^^^^^^^^^
warning: Parser state min_parse_depth_accept_loop will be unrolled up to 4 times due to @pragma max_loop_depth.
warning: Parser state min_parse_depth_accept_loop will be unrolled up to 4 times due to @pragma max_loop_depth.
error: Table placement was not able to allocate tbl_reset_clear_op_t0, tbl_p3_no_compares683, tbl_p3_no_compares764 in the same stage along with Register Ingress.op_t0_reg

error: Table placement was not able to allocate tbl_p3_no_compares673, tbl_p3_no_compares674, tbl_p3_no_compares675, tbl_p3_no_compares705 in the same stage along with Register Ingress.resp_mask_reg

Number of errors exceeded set maximum of 1


2 errors, 5 warnings generated.

