/home/philip/Projects/DNP3/defense4/timing/case4_architecture/integration/core/ordinary/evidence/transport_m_05/source/m3.p4(147): [--Wwarn=unused] warning: Table crc_gate is not used; removing
 table crc_gate{key={m.badh:exact;m.badb:exact;m.badt:exact;}actions={NoAction;}size=1;const default_action=NoAction();}
       ^^^^^^^^
/home/philip/Projects/DNP3/defense4/timing/case4_architecture/integration/core/ordinary/evidence/transport_m_05/source/m3.p4(25): [--Wwarn=uninitialized_out_param] warning: out parameter 'm' may be uninitialized when 'IgParser' terminates
parser IgParser(packet_in pkt,out headers_t hdr,out meta_t m,out ingress_intrinsic_metadata_t ig){Checksum() ic;Checksum() tc;Checksum() rc;
                                                           ^
/home/philip/Projects/DNP3/defense4/timing/case4_architecture/integration/core/ordinary/evidence/transport_m_05/source/m3.p4(25)
parser IgParser(packet_in pkt,out headers_t hdr,out meta_t m,out ingress_intrinsic_metadata_t ig){Checksum() ic;Checksum() tc;Checksum() rc;
       ^^^^^^^^
/home/philip/Projects/DNP3/defense4/timing/case4_architecture/integration/core/ordinary/evidence/transport_m_05/source/m3.p4(206): [--Wwarn=uninitialized_out_param] warning: out parameter 'm' may be uninitialized when 'EgParser' terminates
parser EgParser(packet_in pkt,out headers_t hdr,out meta_t m,out egress_intrinsic_metadata_t eg){state start{pkt.extract(eg);transition accept;}}
                                                           ^
/home/philip/Projects/DNP3/defense4/timing/case4_architecture/integration/core/ordinary/evidence/transport_m_05/source/m3.p4(206)
parser EgParser(packet_in pkt,out headers_t hdr,out meta_t m,out egress_intrinsic_metadata_t eg){state start{pkt.extract(eg);transition accept;}}
       ^^^^^^^^

1 error, 3 warnings generated.

In file: /bf-sde/submodules/bf-p4c-compilers/p4c/extensions/bf-p4c/parde/extract_parser.cpp:1519
Unimplemented compiler support: /home/philip/Projects/DNP3/defense4/timing/case4_architecture/integration/core/ordinary/evidence/transport_m_05/source/m3.p4(32): Non-zero constant entry is not supported in checksum calculation 77
 state reverse_image{rc.add({16w77});pkt.extract(hdr.image);rc.add(hdr.image);tc.subtract(hdr.image);pkt.extract(hdr.response_extra);tc.subtract(hdr.response_extra);rc.add(hdr.response_extra);transition reverse_finish;}
                             ^^^^^

