table_add dmac fwd 02:00:00:00:00:02 => 1
table_add dmac fwd 02:00:00:00:00:01 => 0
register_write p_mode 0 4
register_write p_da_us 0 10000
register_write p_gap_us 0 1000
register_write p_budget 0 250
register_write p_shape 0 0
register_write p_mode_e 0 4
register_write p_dropreq 0 0
register_write e_budget 0 250
set_queue_rate 20000 2
mc_mgrp_create 1
mc_mgrp_create 2

--
Obtaining JSON from switch...
Done
Control utility for runtime P4 table manipulation
RuntimeCmd: Adding entry to exact match table dmac
match key:           EXACT-02:00:00:00:00:02
action:              fwd
runtime data:        00:01
Entry has been added with handle 0
RuntimeCmd: Adding entry to exact match table dmac
match key:           EXACT-02:00:00:00:00:01
action:              fwd
runtime data:        00:00
Entry has been added with handle 1
RuntimeCmd: RuntimeCmd: RuntimeCmd: RuntimeCmd: RuntimeCmd: RuntimeCmd: RuntimeCmd: RuntimeCmd: RuntimeCmd: RuntimeCmd: Creating multicast group 1
RuntimeCmd: Creating multicast group 2
RuntimeCmd: 

mc_node_create 1 2
--
Obtaining JSON from switch...
Done
Control utility for runtime P4 table manipulation
RuntimeCmd: Creating node with rid 1 , port map 100 and lag map 
node was created with handle 0
RuntimeCmd: 

mc_node_create 2 2
--
Obtaining JSON from switch...
Done
Control utility for runtime P4 table manipulation
RuntimeCmd: Creating node with rid 2 , port map 100 and lag map 
node was created with handle 1
RuntimeCmd: 

mc_node_create 3 0
--
Obtaining JSON from switch...
Done
Control utility for runtime P4 table manipulation
RuntimeCmd: Creating node with rid 3 , port map 1 and lag map 
node was created with handle 2
RuntimeCmd: 

mc_node_associate 1 0
mc_node_associate 1 1
mc_node_associate 1 2
mirroring_add_mc 100 1

--
Obtaining JSON from switch...
Done
Control utility for runtime P4 table manipulation
RuntimeCmd: Associating node 0 to multicast group 1
RuntimeCmd: Associating node 1 to multicast group 1
RuntimeCmd: Associating node 2 to multicast group 1
RuntimeCmd: RuntimeCmd: 

mc_node_create 1 0
--
Obtaining JSON from switch...
Done
Control utility for runtime P4 table manipulation
RuntimeCmd: Creating node with rid 1 , port map 1 and lag map 
node was created with handle 3
RuntimeCmd: 

mc_node_create 2 0
--
Obtaining JSON from switch...
Done
Control utility for runtime P4 table manipulation
RuntimeCmd: Creating node with rid 2 , port map 1 and lag map 
node was created with handle 4
RuntimeCmd: 

mc_node_associate 2 3
mc_node_associate 2 4

--
Obtaining JSON from switch...
Done
Control utility for runtime P4 table manipulation
RuntimeCmd: Associating node 3 to multicast group 2
RuntimeCmd: Associating node 4 to multicast group 2
RuntimeCmd: 

register_read r_ev 0
--
Obtaining JSON from switch...
Done
Control utility for runtime P4 table manipulation
RuntimeCmd: r_ev[0]= 2624375
RuntimeCmd: 

register_read r_ev 1
--
Obtaining JSON from switch...
Done
Control utility for runtime P4 table manipulation
RuntimeCmd: r_ev[1]= 2683607
RuntimeCmd: 

register_read r_ev 2
--
Obtaining JSON from switch...
Done
Control utility for runtime P4 table manipulation
RuntimeCmd: r_ev[2]= 1931938
RuntimeCmd: 

register_read r_ev 3
--
Obtaining JSON from switch...
Done
Control utility for runtime P4 table manipulation
RuntimeCmd: r_ev[3]= 2624872
RuntimeCmd: 

register_read r_ev 4
--
Obtaining JSON from switch...
Done
Control utility for runtime P4 table manipulation
RuntimeCmd: r_ev[4]= 1930308
RuntimeCmd: 

register_read r_ev 5
--
Obtaining JSON from switch...
Done
Control utility for runtime P4 table manipulation
RuntimeCmd: r_ev[5]= 2683454
RuntimeCmd: 

