Subscribe attempt #1
Subscribe response received 0
Binding with p4_name forward
Binding with p4_name forward successful!!
Received forward on GetForwarding on client 1, device 0
PASS native35/base1000/valid3           expected=expected-packet observed=expected-packet
PASS padded55/base1000/valid3           expected=expected-packet observed=expected-packet
PASS response57/base1000/valid3         expected=expected-packet observed=expected-packet
PASS READ20/base1000/valid3             expected=expected-packet observed=expected-packet
PASS READresponse49/base1000/valid3     expected=expected-packet observed=expected-packet
PASS pureACK/base1000/valid3            expected=expected-packet observed=expected-packet
PASS nativeTail1/base1000/valid3        expected=expected-packet observed=expected-packet
PASS forwardSEQ-1/base1000/valid0       expected=expected-packet observed=expected-packet
PASS forwardSEQ0/base1000/valid0        expected=expected-packet observed=expected-packet
PASS forwardSEQ34/base1000/valid0       expected=expected-packet observed=expected-packet
PASS forwardSEQ35/base1000/valid0       expected=expected-packet observed=expected-packet
PASS forwardSEQ36/base1000/valid0       expected=expected-packet observed=expected-packet
PASS forwardSEQ69/base1000/valid0       expected=expected-packet observed=expected-packet
PASS forwardSEQ70/base1000/valid0       expected=expected-packet observed=expected-packet
PASS forwardSEQ71/base1000/valid0       expected=expected-packet observed=expected-packet
PASS forwardSEQ130/base1000/valid0      expected=expected-packet observed=expected-packet
PASS forwardSEQ-1/base1000/valid1       expected=expected-packet observed=expected-packet
PASS forwardSEQ0/base1000/valid1        expected=expected-packet observed=expected-packet
PASS forwardSEQ34/base1000/valid1       expected=expected-packet observed=expected-packet
PASS forwardSEQ35/base1000/valid1       expected=expected-packet observed=expected-packet
PASS forwardSEQ36/base1000/valid1       expected=expected-packet observed=expected-packet
PASS forwardSEQ69/base1000/valid1       expected=expected-packet observed=expected-packet
PASS forwardSEQ70/base1000/valid1       expected=expected-packet observed=expected-packet
PASS forwardSEQ71/base1000/valid1       expected=expected-packet observed=expected-packet
PASS forwardSEQ130/base1000/valid1      expected=expected-packet observed=expected-packet
PASS forwardSEQ-1/base1000/valid3       expected=expected-packet observed=expected-packet
PASS forwardSEQ0/base1000/valid3        expected=expected-packet observed=expected-packet
PASS forwardSEQ34/base1000/valid3       expected=expected-packet observed=expected-packet
PASS forwardSEQ35/base1000/valid3       expected=expected-packet observed=expected-packet
PASS forwardSEQ36/base1000/valid3       expected=expected-packet observed=expected-packet
PASS forwardSEQ69/base1000/valid3       expected=expected-packet observed=expected-packet
PASS forwardSEQ70/base1000/valid3       expected=expected-packet observed=expected-packet
PASS forwardSEQ71/base1000/valid3       expected=expected-packet observed=expected-packet
PASS forwardSEQ130/base1000/valid3      expected=expected-packet observed=expected-packet
PASS native35/base4294967280/valid3     expected=expected-packet observed=expected-packet
PASS padded55/base4294967280/valid3     expected=expected-packet observed=expected-packet
PASS response57/base4294967280/valid3   expected=expected-packet observed=expected-packet
PASS READ20/base4294967280/valid3       expected=expected-packet observed=expected-packet
PASS READresponse49/base4294967280/valid3 expected=expected-packet observed=expected-packet
PASS pureACK/base4294967280/valid3      expected=expected-packet observed=expected-packet
PASS nativeTail1/base4294967280/valid3  expected=expected-packet observed=expected-packet
PASS forwardSEQ-1/base4294967280/valid0 expected=expected-packet observed=expected-packet
PASS forwardSEQ0/base4294967280/valid0  expected=expected-packet observed=expected-packet
PASS forwardSEQ34/base4294967280/valid0 expected=expected-packet observed=expected-packet
PASS forwardSEQ35/base4294967280/valid0 expected=expected-packet observed=expected-packet
PASS forwardSEQ36/base4294967280/valid0 expected=expected-packet observed=expected-packet
PASS forwardSEQ69/base4294967280/valid0 expected=expected-packet observed=expected-packet
PASS forwardSEQ70/base4294967280/valid0 expected=expected-packet observed=expected-packet
PASS forwardSEQ71/base4294967280/valid0 expected=expected-packet observed=expected-packet
PASS forwardSEQ130/base4294967280/valid0 expected=expected-packet observed=expected-packet
PASS forwardSEQ-1/base4294967280/valid1 expected=expected-packet observed=expected-packet
PASS forwardSEQ0/base4294967280/valid1  expected=expected-packet observed=expected-packet
PASS forwardSEQ34/base4294967280/valid1 expected=expected-packet observed=expected-packet
PASS forwardSEQ35/base4294967280/valid1 expected=expected-packet observed=expected-packet
PASS forwardSEQ36/base4294967280/valid1 expected=expected-packet observed=expected-packet
PASS forwardSEQ69/base4294967280/valid1 expected=expected-packet observed=expected-packet
PASS forwardSEQ70/base4294967280/valid1 expected=expected-packet observed=expected-packet
PASS forwardSEQ71/base4294967280/valid1 expected=expected-packet observed=expected-packet
PASS forwardSEQ130/base4294967280/valid1 expected=expected-packet observed=expected-packet
PASS forwardSEQ-1/base4294967280/valid3 expected=expected-packet observed=expected-packet
PASS forwardSEQ0/base4294967280/valid3  expected=expected-packet observed=expected-packet
PASS forwardSEQ34/base4294967280/valid3 expected=expected-packet observed=expected-packet
PASS forwardSEQ35/base4294967280/valid3 expected=expected-packet observed=expected-packet
PASS forwardSEQ36/base4294967280/valid3 expected=expected-packet observed=expected-packet
PASS forwardSEQ69/base4294967280/valid3 expected=expected-packet observed=expected-packet
PASS forwardSEQ70/base4294967280/valid3 expected=expected-packet observed=expected-packet
PASS forwardSEQ71/base4294967280/valid3 expected=expected-packet observed=expected-packet
PASS forwardSEQ130/base4294967280/valid3 expected=expected-packet observed=expected-packet
PASS checksumZeroBefore/base1000/valid3 expected=expected-packet observed=expected-packet
PASS checksumZeroAfter/base1000/valid3  expected=expected-packet observed=expected-packet
PASS refused/bad_ip_checksum            expected=none       observed=none
PASS refused/ip_version5                expected=none       observed=none
PASS refused/ip_ihl6                    expected=none       observed=none
PASS refused/ip_proto_udp               expected=none       observed=none
PASS refused/ip_fragment                expected=none       observed=none
PASS refused/tcp_fin_flag               expected=none       observed=none
PASS refused/tcp_urgent_nonzero         expected=none       observed=none
PASS refused/tcp_offset6                expected=none       observed=none
PASS refused/wrong_epoch                expected=none       observed=none
PASS refused/zero_generation            expected=none       observed=none
PASS refused/reserved_nonzero           expected=none       observed=none
PASS refused/wrong_src_ip               expected=none       observed=none
PASS refused/wrong_sport                expected=none       observed=none
PASS refused/wrong_dport                expected=none       observed=none
PASS refused/ethertype_arp              expected=none       observed=none
PASS refused/route_denied               expected=none       observed=none
PASS refused/valid3_second_wrong_geometry expected=none       observed=none
PASS refused/valid2_invalid_bits        expected=none       observed=none
PASS refused/wrong_ingress_port_9       expected=none       observed=none
SUMMARY {'total': 89, 'passed': 89, 'failed': []}
driver exit code 0
hugepages free after run: HugePages_Free: 196
