PHV ALLOCATION SUCCESSFUL
PHV Allocation
+-----------+-------+-----------------+----------------------------------------------------------------+
|Container  |Gress  |Container Slice  |Field Slice                                                     |
+-----------+-------+-----------------+----------------------------------------------------------------+
|B0         |I-HW   |[2:0]            |ingress::ig_intr_md_for_dprsr.mirror_type                       |
|           |       |                 |                                                                |
|B1         |I-HW   |[4:0]            |ingress::ig_intr_md_for_tm.qid                                  |
|           |       |[7:5]            |ingress::ig_intr_md_for_dprsr.drop_ctl                          |
|           |       |                 |                                                                |
|B2         |I-HW   |[0]              |ingress::ig_intr_md_for_tm.bypass_egress                        |
|           |       |[1]              |ingress::hasReturned                                            |
|           |       |                 |                                                                |
|B3         |I-HW   |[0]              |ingress::hdr.eth.$valid                                         |
|           |       |[1]              |ingress::hdr.tok.$valid                                         |
|           |       |[2]              |ingress::hdr.ipv4.$valid                                        |
|           |       |[3]              |ingress::hdr.tcp.$valid                                         |
|           |       |[4]              |ingress::hdr.dl.$valid                                          |
|           |       |[5]              |ingress::hdr.tp.$valid                                          |
|           |       |[6]              |ingress::hdr.app.$valid                                         |
|           |       |[7]              |ingress::hdr.o12.$valid                                         |
|           |       |                 |                                                                |
|B4         |I-HW   |                 |ingress::m.tok_role                                             |
|           |       |                 |                                                                |
|B5         |I-HW   |                 |ingress::m.gen_in                                               |
|           |       |                 |ingress::m.expired                                              |
|           |       |                 |                                                                |
|B6         |I-HW   |                 |ingress::m.dir                                                  |
|           |       |                 |ingress::m.release                                              |
|           |       |                 |                                                                |
|B7         |I-HW   |                 |ingress::m.port_ok                                              |
|           |       |                 |                                                                |
|B8         |I-HW   |                 |ingress::m.from_loop                                            |
|           |       |                 |                                                                |
|B9         |I-HW   |                 |ingress::m.tag_diff                                             |
|           |       |                 |                                                                |
|B10        |I-HW   |                 |ingress::m.budget_zero                                          |
|           |       |                 |                                                                |
|B11        |I-HW   |                 |ingress::m.response_present                                     |
|           |       |                 |                                                                |
|B12        |I-HW   |                 |ingress::m.is_token                                             |
|           |       |                 |                                                                |
|B13        |I-HW   |                 |ingress::m.mode                                                 |
|           |       |                 |                                                                |
|B14        |I-HW   |                 |ingress::m.event_due                                            |
|           |       |                 |                                                                |
|...        |       |                 |                                                                |
|           |       |                 |                                                                |
|B16        |E-HW   |[0]              |egress::hdr.min_parse_depth_padding_0.$stkvalid[0]              |
|           |       |[1]              |egress::hdr.min_parse_depth_padding_0.$stkvalid[1]              |
|           |       |[2]              |egress::hdr.min_parse_depth_padding_0.$stkvalid[2]              |
|           |       |                 |                                                                |
|B17        |E-HW   |[0]              |egress::hdr.eth.$valid                                          |
|           |       |                 |                                                                |
|...        |       |                 |                                                                |
|           |       |                 |                                                                |
|H0         |I-HW   |[8:0]            |ingress::ig_intr_md_for_tm.ucast_egress_port                    |
|           |       |                 |                                                                |
|H1         |I-HW   |[8:0]            |ingress::m.fwd_port                                             |
|           |       |                 |                                                                |
|H2         |I-HW   |[9:0]            |ingress::$tmp2                                                  |
|           |       |                 |                                                                |
|H3         |I-HW   |                 |ingress::m.fp_wide                                              |
|           |       |                 |                                                                |
|...        |       |                 |                                                                |
|           |       |                 |                                                                |
|H16        |E-HW   |[8:0]            |egress::eg_intr_md.egress_port                                  |
|           |       |                 |                                                                |
|...        |       |                 |                                                                |
|           |       |                 |                                                                |
|W0         |I-HW   |                 |ingress::hdr.tok.budget                                         |
|           |       |                 |ingress::hdr.ipv4.src                                           |
|           |       |                 |                                                                |
|W1         |I-HW   |                 |ingress::ig_intr_md.ingress_mac_tstamp[31:0]                    |
|           |       |                 |                                                                |
|W2         |I-HW   |                 |ingress::m.dl_write                                             |
|           |       |                 |ingress::m.nm_ip                                                |
|           |       |                 |                                                                |
|W3         |I-HW   |                 |ingress::m.d_a                                                  |
|           |       |                 |ingress::m.age                                                  |
|           |       |                 |                                                                |
|W4         |I-HW   |                 |ingress::m.d_r                                                  |
|           |       |[2:0]            |ingress::m.ctr_idx                                              |
|           |       |                 |                                                                |
|W5         |I-HW   |                 |ingress::m.ts_now                                               |
|           |       |                 |                                                                |
|W6         |I-HW   |                 |ingress::m.t_a                                                  |
|           |       |                 |                                                                |
|W7         |I-HW   |                 |ingress::m.t_resp                                               |
|           |       |                 |                                                                |
|W8         |I-HW   |                 |ingress::hdr.ipv4.dst                                           |
|           |       |                 |                                                                |
|W9         |I-HW   |                 |ingress::m.nr_ip                                                |
|           |       |[7:0]            |ingress::m.predecessor_satisfied                                |
|           |       |                 |                                                                |
|W10        |I-HW   |[15:0]           |ingress::hdr.tcp.dport                                          |
|           |       |[31:16]          |ingress::hdr.tcp.sport                                          |
|           |       |                 |                                                                |
|W11        |I-HW   |[15:0]           |ingress::m.nm_pt                                                |
|           |       |[31:16]          |ingress::m.nr_pt                                                |
|           |       |[7:0]            |ingress::m.collision                                            |
|           |       |                 |                                                                |
|W12        |I-HW   |[7:0]            |ingress::m.ack_committed                                        |
|           |       |[23:8]           |ingress::m.fp_diff                                              |
|           |       |[31:24]          |ingress::m.role                                                 |
|           |       |                 |                                                                |
|W13        |I-HW   |[9:0]            |ingress::m.flow_wide[9:0]                                       |
|           |       |[15:10]          |ingress::m.flow_wide[15:10]                                     |
|           |       |[25:16]          |ingress::m.flow_idx                                             |
|           |       |                 |                                                                |
|...        |       |                 |                                                                |
|           |       |                 |                                                                |
|TB0        |I      |                 |ingress::hdr.tp.tp                                              |
|           |       |                 |                                                                |
|TH0        |I      |                 |ingress::hdr.dl.dst                                             |
|           |       |[7:0]            |ingress::hdr.tok.gen                                            |
|           |       |[15:8]           |ingress::hdr.tok.trole                                          |
|           |       |                 |                                                                |
|TW0        |I      |[15:0]           |ingress::hdr.ipv4.total_len                                     |
|           |       |[23:16]          |ingress::hdr.ipv4.diffserv                                      |
|           |       |[27:24]          |ingress::hdr.ipv4.ihl                                           |
|           |       |[31:28]          |ingress::hdr.ipv4.version                                       |
|           |       |                 |                                                                |
|TB1        |I      |                 |ingress::hdr.app.func                                           |
|           |       |                 |                                                                |
|TH1        |I      |[7:0]            |ingress::hdr.dl.ctrl                                            |
|           |       |[15:8]           |ingress::hdr.dl.len                                             |
|           |       |                 |                                                                |
|TW1        |I      |[15:0]           |ingress::hdr.tcp.win                                            |
|           |       |[23:16]          |ingress::hdr.tcp.flags                                          |
|           |       |[27:24]          |ingress::hdr.tcp.res                                            |
|           |       |[31:28]          |ingress::hdr.tcp.dofs                                           |
|           |       |                 |                                                                |
|TB2        |I      |                 |ingress::hdr.app.app_ctrl                                       |
|           |       |                 |                                                                |
|TH2        |I      |                 |ingress::hdr.tcp.urg                                            |
|           |       |                 |                                                                |
|TW2        |I      |[15:0]           |ingress::hdr.ipv4.csum                                          |
|           |       |[23:16]          |ingress::hdr.ipv4.proto                                         |
|           |       |[31:24]          |ingress::hdr.ipv4.ttl                                           |
|           |       |                 |                                                                |
|TB3        |I      |                 |ingress::hdr.eth.etype[7:0]                                     |
|           |       |                 |                                                                |
|TH3        |I      |                 |ingress::hdr.tcp.csum                                           |
|           |       |                 |                                                                |
|TW3        |I      |[12:0]           |ingress::hdr.ipv4.frag                                          |
|           |       |[15:13]          |ingress::hdr.ipv4.flags                                         |
|           |       |[31:16]          |ingress::hdr.ipv4.id                                            |
|           |       |                 |                                                                |
|TH4        |I      |                 |ingress::hdr.dl.crc                                             |
|           |       |                 |                                                                |
|TH5        |I      |                 |ingress::hdr.dl.src                                             |
|           |       |                 |                                                                |
|TB4        |E      |                 |egress::hdr.min_parse_depth_padding_0[0].packet_payload[87:80]  |
|           |       |                 |                                                                |
|TW4        |E      |                 |egress::hdr.eth.src[31:0]                                       |
|           |       |                 |                                                                |
|TB5        |E      |                 |egress::hdr.min_parse_depth_padding_0[1].packet_payload[87:80]  |
|           |       |                 |                                                                |
|TW5        |E      |                 |egress::hdr.eth.dst[31:0]                                       |
|           |       |                 |                                                                |
|TB6        |E      |                 |egress::hdr.min_parse_depth_padding_0[2].packet_payload[87:80]  |
|           |       |                 |                                                                |
|TH6        |E      |                 |egress::hdr.min_parse_depth_padding_0[1].packet_payload[15:0]   |
|           |       |                 |                                                                |
|TW6        |E      |                 |egress::hdr.min_parse_depth_padding_0[0].packet_payload[31:0]   |
|           |       |                 |                                                                |
|...        |       |                 |                                                                |
|           |       |                 |                                                                |
|TH7        |E      |                 |egress::hdr.min_parse_depth_padding_0[1].packet_payload[31:16]  |
|           |       |                 |                                                                |
|TW7        |E      |                 |egress::hdr.min_parse_depth_padding_0[0].packet_payload[63:32]  |
|           |       |                 |                                                                |
|TH8        |E      |                 |egress::hdr.min_parse_depth_padding_0[1].packet_payload[47:32]  |
|           |       |                 |                                                                |
|TH9        |E      |                 |egress::hdr.min_parse_depth_padding_0[1].packet_payload[63:48]  |
|           |       |                 |                                                                |
|TH10       |E      |                 |egress::hdr.min_parse_depth_padding_0[2].packet_payload[15:0]   |
|           |       |                 |                                                                |
|TH11       |E      |                 |egress::hdr.min_parse_depth_padding_0[2].packet_payload[31:16]  |
|           |       |                 |                                                                |
|TB8        |I      |                 |ingress::hdr.eth.etype[15:8]                                    |
|           |       |                 |                                                                |
|TW8        |I      |                 |ingress::hdr.eth.src[31:0]                                      |
|           |       |                 |                                                                |
|TB9        |I      |                 |ingress::hdr.eth.src[39:32]                                     |
|           |       |                 |                                                                |
|TW9        |I      |                 |ingress::hdr.eth.dst[31:0]                                      |
|           |       |                 |                                                                |
|TB10       |I      |                 |ingress::hdr.eth.src[47:40]                                     |
|           |       |                 |                                                                |
|TW10       |I      |                 |ingress::hdr.tcp.ack                                            |
|           |       |                 |                                                                |
|...        |       |                 |                                                                |
|           |       |                 |                                                                |
|TW11       |I      |                 |ingress::hdr.tcp.seq                                            |
|           |       |                 |                                                                |
|TH12       |I      |                 |ingress::hdr.o12.data[15:0]                                     |
|           |       |                 |                                                                |
|TH13       |I      |                 |ingress::hdr.o12.data[31:16]                                    |
|           |       |                 |                                                                |
|TH14       |I      |                 |ingress::hdr.o12.data[47:32]                                    |
|           |       |                 |                                                                |
|TH15       |I      |                 |ingress::hdr.o12.data[63:48]                                    |
|           |       |                 |                                                                |
|TH16       |I      |                 |ingress::hdr.o12.data[79:64]                                    |
|           |       |                 |                                                                |
|TH17       |I      |                 |ingress::hdr.o12.data[95:80]                                    |
|           |       |                 |                                                                |
|...        |       |                 |                                                                |
|           |       |                 |                                                                |
|TW12       |E      |                 |egress::hdr.min_parse_depth_padding_0[2].packet_payload[63:32]  |
|           |       |                 |                                                                |
|...        |       |                 |                                                                |
|           |       |                 |                                                                |
|TH18       |E      |                 |egress::hdr.eth.etype                                           |
|           |       |                 |                                                                |
|TH19       |E      |                 |egress::hdr.eth.src[47:32]                                      |
|           |       |                 |                                                                |
|TH20       |E      |                 |egress::hdr.eth.dst[47:32]                                      |
|           |       |                 |                                                                |
|TH21       |E      |                 |egress::hdr.min_parse_depth_padding_0[0].packet_payload[79:64]  |
|           |       |                 |                                                                |
|TH22       |E      |                 |egress::hdr.min_parse_depth_padding_0[1].packet_payload[79:64]  |
|           |       |                 |                                                                |
|TH23       |E      |                 |egress::hdr.min_parse_depth_padding_0[2].packet_payload[79:64]  |
|           |       |                 |                                                                |
|...        |       |                 |                                                                |
|           |       |                 |                                                                |
|TW16       |I      |[15:0]           |ingress::ig_intr_md.ingress_mac_tstamp[47:32]                   |
|           |       |                 |                                                                |
|...        |       |                 |                                                                |
|           |       |                 |                                                                |
|TH24       |I      |                 |ingress::hdr.eth.dst[47:32]                                     |
|           |       |                 |                                                                |
|TH25       |I      |                 |ingress::hdr.dl.start                                           |
|           |       |                 |                                                                |
|...        |       |                 |                                                                |
|           |       |                 |                                                                |
+-----------+-------+-----------------+----------------------------------------------------------------+


POV Allocation (ingress):
+-----------+-----------------+--------------------------+
|Container  |Container Slice  |Field Slice               |
+-----------+-----------------+--------------------------+
|B3         |[0]              |ingress::hdr.eth.$valid   |
|           |[1]              |ingress::hdr.tok.$valid   |
|           |[2]              |ingress::hdr.ipv4.$valid  |
|           |[3]              |ingress::hdr.tcp.$valid   |
|           |[4]              |ingress::hdr.dl.$valid    |
|           |[5]              |ingress::hdr.tp.$valid    |
|           |[6]              |ingress::hdr.app.$valid   |
|           |[7]              |ingress::hdr.o12.$valid   |
+-----------+-----------------+--------------------------+
|           |Total Bits Used  |8 / 256 ( 3.12 %)         |
|           |Pack Density     |8 / 8 (  100 %)           |
+-----------+-----------------+--------------------------+

POV Allocation (egress):
+-----------+-----------------+----------------------------------------------------+
|Container  |Container Slice  |Field Slice                                         |
+-----------+-----------------+----------------------------------------------------+
|B16        |[0]              |egress::hdr.min_parse_depth_padding_0.$stkvalid[0]  |
|           |[1]              |egress::hdr.min_parse_depth_padding_0.$stkvalid[1]  |
|           |[2]              |egress::hdr.min_parse_depth_padding_0.$stkvalid[2]  |
+-----------+-----------------+----------------------------------------------------+
|B17        |[0]              |egress::hdr.eth.$valid                              |
+-----------+-----------------+----------------------------------------------------+
|           |Total Bits Used  |4 / 256 ( 1.56 %)                                   |
|           |Pack Density     |4 / 16 (  25  %)                                    |
+-----------+-----------------+----------------------------------------------------+

+----------------------------------------------------------------+------------+-----------+----------------+-----------------+
|Field Slice                                                     |Live Range  |Container  |Container Type  |Container Slice  |
+----------------------------------------------------------------+------------+-----------+----------------+-----------------+
|ingress::ig_intr_md.ingress_mac_tstamp[47:32]                   |[-1r, 12w]  |TW16       |TW              |[15:0]           |
|ingress::ig_intr_md.ingress_mac_tstamp[31:0]                    |[-1r, 12w]  |W1         |W               |                 |
|ingress::m.role                                                 |[-1r, 12w]  |W12        |W               |[31:24]          |
|ingress::m.dir                                                  |[-1r, 12w]  |B6         |B               |                 |
|ingress::m.fwd_port                                             |[-1r, 12w]  |H1         |H               |[8:0]            |
|ingress::m.port_ok                                              |[-1r, 12w]  |B7         |B               |                 |
|ingress::m.from_loop                                            |[-1r, 12w]  |B8         |B               |                 |
|ingress::m.ts_now                                               |[-1r, 12w]  |W5         |W               |                 |
|ingress::m.nm_ip                                                |[-1r, 12w]  |W2         |W               |                 |
|ingress::m.nr_ip                                                |[-1r, 12w]  |W9         |W               |                 |
|ingress::m.nm_pt                                                |[-1r, 12w]  |W11        |W               |[15:0]           |
|ingress::m.nr_pt                                                |[-1r, 12w]  |W11        |W               |[31:16]          |
|ingress::m.flow_wide[9:0]                                       |[-1r, 12w]  |W13        |W               |[9:0]            |
|ingress::m.flow_wide[15:10]                                     |[-1r, 12w]  |W13        |W               |[15:10]          |
|ingress::m.flow_idx                                             |[-1r, 12w]  |W13        |W               |[25:16]          |
|ingress::m.fp_wide                                              |[-1r, 12w]  |H3         |H               |                 |
|ingress::m.fp_diff                                              |[-1r, 12w]  |W12        |W               |[23:8]           |
|ingress::m.collision                                            |[-1r, 12w]  |W11        |W               |[7:0]            |
|ingress::m.gen_in                                               |[-1r, 12w]  |B5         |B               |                 |
|ingress::m.tag_diff                                             |[-1r, 12w]  |B9         |B               |                 |
|ingress::m.mode                                                 |[-1r, 12w]  |B13        |B               |                 |
|ingress::m.d_a                                                  |[-1r, 12w]  |W3         |W               |                 |
|ingress::m.d_r                                                  |[-1r, 12w]  |W4         |W               |                 |
|ingress::m.t_a                                                  |[-1r, 12w]  |W6         |W               |                 |
|ingress::m.t_resp                                               |[-1r, 12w]  |W7         |W               |                 |
|ingress::m.dl_write                                             |[-1r, 12w]  |W2         |W               |                 |
|ingress::m.age                                                  |[-1r, 12w]  |W3         |W               |                 |
|ingress::m.expired                                              |[-1r, 12w]  |B5         |B               |                 |
|ingress::m.budget_zero                                          |[-1r, 12w]  |B10        |B               |                 |
|ingress::m.ack_committed                                        |[-1r, 12w]  |W12        |W               |[7:0]            |
|ingress::m.response_present                                     |[-1r, 12w]  |B11        |B               |                 |
|ingress::m.predecessor_satisfied                                |[-1r, 12w]  |W9         |W               |[7:0]            |
|ingress::m.event_due                                            |[-1r, 12w]  |B14        |B               |                 |
|ingress::m.release                                              |[-1r, 12w]  |B6         |B               |                 |
|ingress::m.tok_role                                             |[-1r, 12w]  |B4         |B               |                 |
|ingress::m.is_token                                             |[-1r, 12w]  |B12        |B               |                 |
|ingress::m.ctr_idx                                              |[-1r, 12w]  |W4         |W               |[2:0]            |
|ingress::hdr.eth.dst[47:32]                                     |[-1r, 12w]  |TH24       |TH              |                 |
|ingress::hdr.eth.dst[31:0]                                      |[-1r, 12w]  |TW9        |TW              |                 |
|ingress::hdr.eth.src[39:32]                                     |[-1r, 12w]  |TB9        |TB              |                 |
|ingress::hdr.eth.src[47:40]                                     |[-1r, 12w]  |TB10       |TB              |                 |
|ingress::hdr.eth.src[31:0]                                      |[-1r, 12w]  |TW8        |TW              |                 |
|ingress::hdr.eth.etype[7:0]                                     |[-1r, 12w]  |TB3        |TB              |                 |
|ingress::hdr.eth.etype[15:8]                                    |[-1r, 12w]  |TB8        |TB              |                 |
|ingress::hdr.tok.trole                                          |[-1r, 12w]  |TH0        |TH              |[15:8]           |
|ingress::hdr.tok.gen                                            |[-1r, 12w]  |TH0        |TH              |[7:0]            |
|ingress::hdr.tok.budget                                         |[-1r, 12w]  |W0         |W               |                 |
|ingress::hdr.ipv4.version                                       |[-1r, 12w]  |TW0        |TW              |[31:28]          |
|ingress::hdr.ipv4.ihl                                           |[-1r, 12w]  |TW0        |TW              |[27:24]          |
|ingress::hdr.ipv4.diffserv                                      |[-1r, 12w]  |TW0        |TW              |[23:16]          |
|ingress::hdr.ipv4.total_len                                     |[-1r, 12w]  |TW0        |TW              |[15:0]           |
|ingress::hdr.ipv4.id                                            |[-1r, 12w]  |TW3        |TW              |[31:16]          |
|ingress::hdr.ipv4.flags                                         |[-1r, 12w]  |TW3        |TW              |[15:13]          |
|ingress::hdr.ipv4.frag                                          |[-1r, 12w]  |TW3        |TW              |[12:0]           |
|ingress::hdr.ipv4.ttl                                           |[-1r, 12w]  |TW2        |TW              |[31:24]          |
|ingress::hdr.ipv4.proto                                         |[-1r, 12w]  |TW2        |TW              |[23:16]          |
|ingress::hdr.ipv4.csum                                          |[-1r, 12w]  |TW2        |TW              |[15:0]           |
|ingress::hdr.ipv4.src                                           |[-1r, 12w]  |W0         |W               |                 |
|ingress::hdr.ipv4.dst                                           |[-1r, 12w]  |W8         |W               |                 |
|ingress::hdr.tcp.sport                                          |[-1r, 12w]  |W10        |W               |[31:16]          |
|ingress::hdr.tcp.dport                                          |[-1r, 12w]  |W10        |W               |[15:0]           |
|ingress::hdr.tcp.seq                                            |[-1r, 12w]  |TW11       |TW              |                 |
|ingress::hdr.tcp.ack                                            |[-1r, 12w]  |TW10       |TW              |                 |
|ingress::hdr.tcp.dofs                                           |[-1r, 12w]  |TW1        |TW              |[31:28]          |
|ingress::hdr.tcp.res                                            |[-1r, 12w]  |TW1        |TW              |[27:24]          |
|ingress::hdr.tcp.flags                                          |[-1r, 12w]  |TW1        |TW              |[23:16]          |
|ingress::hdr.tcp.win                                            |[-1r, 12w]  |TW1        |TW              |[15:0]           |
|ingress::hdr.tcp.csum                                           |[-1r, 12w]  |TH3        |TH              |                 |
|ingress::hdr.tcp.urg                                            |[-1r, 12w]  |TH2        |TH              |                 |
|ingress::hdr.dl.start                                           |[-1r, 12w]  |TH25       |TH              |                 |
|ingress::hdr.dl.len                                             |[-1r, 12w]  |TH1        |TH              |[15:8]           |
|ingress::hdr.dl.ctrl                                            |[-1r, 12w]  |TH1        |TH              |[7:0]            |
|ingress::hdr.dl.dst                                             |[-1r, 12w]  |TH0        |TH              |                 |
|ingress::hdr.dl.src                                             |[-1r, 12w]  |TH5        |TH              |                 |
|ingress::hdr.dl.crc                                             |[-1r, 12w]  |TH4        |TH              |                 |
|ingress::hdr.tp.tp                                              |[-1r, 12w]  |TB0        |TB              |                 |
|ingress::hdr.app.app_ctrl                                       |[-1r, 12w]  |TB2        |TB              |                 |
|ingress::hdr.app.func                                           |[-1r, 12w]  |TB1        |TB              |                 |
|ingress::hdr.o12.data[15:0]                                     |[-1r, 12w]  |TH12       |TH              |                 |
|ingress::hdr.o12.data[31:16]                                    |[-1r, 12w]  |TH13       |TH              |                 |
|ingress::hdr.o12.data[47:32]                                    |[-1r, 12w]  |TH14       |TH              |                 |
|ingress::hdr.o12.data[63:48]                                    |[-1r, 12w]  |TH15       |TH              |                 |
|ingress::hdr.o12.data[79:64]                                    |[-1r, 12w]  |TH16       |TH              |                 |
|ingress::hdr.o12.data[95:80]                                    |[-1r, 12w]  |TH17       |TH              |                 |
|ingress::ig_intr_md_for_dprsr.drop_ctl                          |[-1r, 12w]  |B1         |B               |[7:5]            |
|ingress::ig_intr_md_for_dprsr.mirror_type                       |[-1r, 12w]  |B0         |B               |[2:0]            |
|ingress::hasReturned                                            |[-1r, 12w]  |B2         |B               |[1]              |
|ingress::ig_intr_md_for_tm.ucast_egress_port                    |[-1r, 12w]  |H0         |H               |[8:0]            |
|ingress::ig_intr_md_for_tm.bypass_egress                        |[-1r, 12w]  |B2         |B               |[0]              |
|ingress::ig_intr_md_for_tm.qid                                  |[-1r, 12w]  |B1         |B               |[4:0]            |
|ingress::$tmp2                                                  |[-1r, 12w]  |H2         |H               |[9:0]            |
|egress::eg_intr_md.egress_port                                  |[-1r, 12w]  |H16        |H               |[8:0]            |
|egress::hdr.eth.dst[47:32]                                      |[-1r, 12w]  |TH20       |TH              |                 |
|egress::hdr.eth.dst[31:0]                                       |[-1r, 12w]  |TW5        |TW              |                 |
|egress::hdr.eth.src[47:32]                                      |[-1r, 12w]  |TH19       |TH              |                 |
|egress::hdr.eth.src[31:0]                                       |[-1r, 12w]  |TW4        |TW              |                 |
|egress::hdr.eth.etype                                           |[-1r, 12w]  |TH18       |TH              |                 |
|egress::hdr.min_parse_depth_padding_0[0].packet_payload[87:80]  |[-1r, 12w]  |TB4        |TB              |                 |
|egress::hdr.min_parse_depth_padding_0[0].packet_payload[79:64]  |[-1r, 12w]  |TH21       |TH              |                 |
|egress::hdr.min_parse_depth_padding_0[0].packet_payload[31:0]   |[-1r, 12w]  |TW6        |TW              |                 |
|egress::hdr.min_parse_depth_padding_0[0].packet_payload[63:32]  |[-1r, 12w]  |TW7        |TW              |                 |
|egress::hdr.min_parse_depth_padding_0[1].packet_payload[87:80]  |[-1r, 12w]  |TB5        |TB              |                 |
|egress::hdr.min_parse_depth_padding_0[1].packet_payload[15:0]   |[-1r, 12w]  |TH6        |TH              |                 |
|egress::hdr.min_parse_depth_padding_0[1].packet_payload[31:16]  |[-1r, 12w]  |TH7        |TH              |                 |
|egress::hdr.min_parse_depth_padding_0[1].packet_payload[47:32]  |[-1r, 12w]  |TH8        |TH              |                 |
|egress::hdr.min_parse_depth_padding_0[1].packet_payload[63:48]  |[-1r, 12w]  |TH9        |TH              |                 |
|egress::hdr.min_parse_depth_padding_0[1].packet_payload[79:64]  |[-1r, 12w]  |TH22       |TH              |                 |
|egress::hdr.min_parse_depth_padding_0[2].packet_payload[87:80]  |[-1r, 12w]  |TB6        |TB              |                 |
|egress::hdr.min_parse_depth_padding_0[2].packet_payload[15:0]   |[-1r, 12w]  |TH10       |TH              |                 |
|egress::hdr.min_parse_depth_padding_0[2].packet_payload[31:16]  |[-1r, 12w]  |TH11       |TH              |                 |
|egress::hdr.min_parse_depth_padding_0[2].packet_payload[79:64]  |[-1r, 12w]  |TH23       |TH              |                 |
|egress::hdr.min_parse_depth_padding_0[2].packet_payload[63:32]  |[-1r, 12w]  |TW12       |TW              |                 |
|ingress::hdr.eth.$valid                                         |[-1r, 12w]  |B3         |B               |[0]              |
|ingress::hdr.tok.$valid                                         |[-1r, 12w]  |B3         |B               |[1]              |
|ingress::hdr.ipv4.$valid                                        |[-1r, 12w]  |B3         |B               |[2]              |
|ingress::hdr.tcp.$valid                                         |[-1r, 12w]  |B3         |B               |[3]              |
|ingress::hdr.dl.$valid                                          |[-1r, 12w]  |B3         |B               |[4]              |
|ingress::hdr.tp.$valid                                          |[-1r, 12w]  |B3         |B               |[5]              |
|ingress::hdr.app.$valid                                         |[-1r, 12w]  |B3         |B               |[6]              |
|ingress::hdr.o12.$valid                                         |[-1r, 12w]  |B3         |B               |[7]              |
|egress::hdr.eth.$valid                                          |[-1r, 12w]  |B17        |B               |[0]              |
|egress::hdr.min_parse_depth_padding_0.$stkvalid[0]              |[-1r, 12w]  |B16        |B               |[0]              |
|egress::hdr.min_parse_depth_padding_0.$stkvalid[1]              |[-1r, 12w]  |B16        |B               |[1]              |
|egress::hdr.min_parse_depth_padding_0.$stkvalid[2]              |[-1r, 12w]  |B16        |B               |[2]              |
+----------------------------------------------------------------+------------+-----------+----------------+-----------------+





PHV Allocation State

MAU Groups:
+-------------------+-----------------+---------------+----------------------+---------------------+----------------+---------------------------+--------------------------+----------------+
|     MAU Group     | Containers Used |   Bits Used   | Bits Used on Ingress | Bits Used on Egress | Bits Allocated | Bits Allocated on Ingress | Bits Allocated on Egress | Available Bits |
+-------------------+-----------------+---------------+----------------------+---------------------+----------------+---------------------------+--------------------------+----------------+
|       B0-15       |  15 ( 93.8 %)   | 109 ( 85.2 %) |    109 ( 85.2 %)     |     0 (   0  %)     | 125 ( 97.7 %)  |       125 ( 97.7 %)       |       0 (   0  %)        |      128       |
|      B16-31       |   2 ( 12.5 %)   |  4 ( 3.12 %)  |     0 (   0  %)      |     4 ( 3.12 %)     |  4 ( 3.12 %)   |        0 (   0  %)        |       4 ( 3.12 %)        |      128       |
|      B32-47       |   0 (   0  %)   |  0 (   0  %)  |     0 (   0  %)      |     0 (   0  %)     |  0 (   0  %)   |        0 (   0  %)        |       0 (   0  %)        |      128       |
|      B48-63       |   0 (   0  %)   |  0 (   0  %)  |     0 (   0  %)      |     0 (   0  %)     |  0 (   0  %)   |        0 (   0  %)        |       0 (   0  %)        |      128       |
+-------------------+-----------------+---------------+----------------------+---------------------+----------------+---------------------------+--------------------------+----------------+
|       H0-15       |   4 (  25  %)   | 44 ( 17.2 %)  |     44 ( 17.2 %)     |     0 (   0  %)     |  44 ( 17.2 %)  |       44 ( 17.2 %)        |       0 (   0  %)        |      256       |
|      H16-31       |   1 ( 6.25 %)   |  9 ( 3.52 %)  |     0 (   0  %)      |     9 ( 3.52 %)     |  9 ( 3.52 %)   |        0 (   0  %)        |       9 ( 3.52 %)        |      256       |
|      H32-47       |   0 (   0  %)   |  0 (   0  %)  |     0 (   0  %)      |     0 (   0  %)     |  0 (   0  %)   |        0 (   0  %)        |       0 (   0  %)        |      256       |
|      H48-63       |   0 (   0  %)   |  0 (   0  %)  |     0 (   0  %)      |     0 (   0  %)     |  0 (   0  %)   |        0 (   0  %)        |       0 (   0  %)        |      256       |
|      H64-79       |   0 (   0  %)   |  0 (   0  %)  |     0 (   0  %)      |     0 (   0  %)     |  0 (   0  %)   |        0 (   0  %)        |       0 (   0  %)        |      256       |
|      H80-95       |   0 (   0  %)   |  0 (   0  %)  |     0 (   0  %)      |     0 (   0  %)     |  0 (   0  %)   |        0 (   0  %)        |       0 (   0  %)        |      256       |
+-------------------+-----------------+---------------+----------------------+---------------------+----------------+---------------------------+--------------------------+----------------+
|       W0-15       |  14 ( 87.5 %)   | 442 ( 86.3 %) |    442 ( 86.3 %)     |     0 (   0  %)     | 557 (  109 %)  |       557 (  109 %)       |       0 (   0  %)        |      512       |
|      W16-31       |   0 (   0  %)   |  0 (   0  %)  |     0 (   0  %)      |     0 (   0  %)     |  0 (   0  %)   |        0 (   0  %)        |       0 (   0  %)        |      512       |
|      W32-47       |   0 (   0  %)   |  0 (   0  %)  |     0 (   0  %)      |     0 (   0  %)     |  0 (   0  %)   |        0 (   0  %)        |       0 (   0  %)        |      512       |
|      W48-63       |   0 (   0  %)   |  0 (   0  %)  |     0 (   0  %)      |     0 (   0  %)     |  0 (   0  %)   |        0 (   0  %)        |       0 (   0  %)        |      512       |
+-------------------+-----------------+---------------+----------------------+---------------------+----------------+---------------------------+--------------------------+----------------+
|   Usage for 8b    |  17 ( 26.6 %)   | 113 ( 22.1 %) |    109 ( 21.3 %)     |     4 ( 0.781%)     | 129 ( 25.2 %)  |       125 ( 24.4 %)       |       4 ( 0.781%)        |      512       |
|   Usage for 16b   |   5 ( 5.21 %)   | 53 ( 3.45 %)  |     44 ( 2.86 %)     |     9 ( 0.586%)     |  53 ( 3.45 %)  |       44 ( 2.86 %)        |       9 ( 0.586%)        |      1536      |
|   Usage for 32b   |  14 ( 21.9 %)   | 442 ( 21.6 %) |    442 ( 21.6 %)     |     0 (   0  %)     | 557 ( 27.2 %)  |       557 ( 27.2 %)       |       0 (   0  %)        |      2048      |
+-------------------+-----------------+---------------+----------------------+---------------------+----------------+---------------------------+--------------------------+----------------+
| Overall PHV Usage |  36 ( 16.1 %)   | 608 ( 14.8 %) |    595 ( 14.5 %)     |    13 ( 0.317%)     | 739 (  18  %)  |       726 ( 17.7 %)       |       13 ( 0.317%)       |      4096      |
+-------------------+-----------------+---------------+----------------------+---------------------+----------------+---------------------------+--------------------------+----------------+


Tagalong Collections:
+------------+-------+--------------------+---------------------+---------------------+---------------+----------------+
|  Collection|  Gress|  8b Containers Used|  16b Containers Used|  32b Containers Used|      Bits Used|  Bits Allocated|
+------------+-------+--------------------+---------------------+---------------------+---------------+----------------+
|           0|      I|         4 (  100 %)|          6 (  100 %)|          4 (  100 %)|  256 (  100 %)|   272 (  106 %)|
|           1|      E|         3 (  75  %)|          6 (  100 %)|          4 (  100 %)|  248 ( 96.9 %)|   248 ( 96.9 %)|
|           2|      I|         3 (  75  %)|          6 (  100 %)|          4 (  100 %)|  248 ( 96.9 %)|   248 ( 96.9 %)|
|           3|      E|         0 (   0  %)|          6 (  100 %)|          1 (  25  %)|  128 (  50  %)|   128 (  50  %)|
|           4|      I|         0 (   0  %)|          2 ( 33.3 %)|          1 (  25  %)|   48 ( 18.8 %)|    48 ( 18.8 %)|
|           5|       |         0 (   0  %)|          0 (   0  %)|          0 (   0  %)|    0 (   0  %)|     0 (   0  %)|
|           6|       |         0 (   0  %)|          0 (   0  %)|          0 (   0  %)|    0 (   0  %)|     0 (   0  %)|
|           7|       |         0 (   0  %)|          0 (   0  %)|          0 (   0  %)|    0 (   0  %)|     0 (   0  %)|
+------------+-------+--------------------+---------------------+---------------------+---------------+----------------+
|       Total|       |        10 ( 31.2 %)|         26 ( 54.2 %)|         14 ( 43.8 %)|  928 ( 45.3 %)|   944 ( 46.1 %)|
+------------+-------+--------------------+---------------------+---------------------+---------------+----------------+



