[rollback-rrc 18:20:12] recipe from snapshot: mode=D4 D_A=0x1E8400 D_R=0x1312D00 budget=18000 master=192.168.10.1 relay=192.168.10.7
[rollback-rrc 18:20:12] cold-reloading RRC via swap_generic.sh (found n=1 prog='defense4_rrc_bor_unified12') ...
PRE: /home/decps/Downloads/bf-sde-9.13.2/install/bin/bf_switchd --install-dir /home/decps/Downloads/bf-sde-9.13.2/i
COUNT: 1
CONF NOW: conf-file /home/decps/rrc_build/defense4_rrc.conf
2026-08-13 18:20:13.748933 BF_SWITCHD DEBUG -   p4_name: defense4_rrc_kernel
[rollback-rrc 18:20:53] RRC program loaded (n=1 prog='defense4_rrc_kernel')
[rollback-rrc 18:20:53] restoring RRC operational config (configure-all --mode D4 --d-a 0x1E8400 --d-r 0x1312D00 --budget 18000) ...
Subscribe attempt #1
Subscribe response received 0
Binding with p4_name defense4_rrc_kernel
Binding with p4_name defense4_rrc_kernel successful!!
Received defense4_rrc_kernel on GetForwarding on client 0, device 0
Subscribe attempt #1
Subscribe response received 0
Binding with p4_name defense4_rrc_kernel
Binding with p4_name defense4_rrc_kernel successful!!
Received defense4_rrc_kernel on GetForwarding on client 0, device 0
[PASS] dp8 $PORT read                                     entry_get: Error(s):
	* At index 0: NOT_FOUND, 'Entry not found in table:$PORT Object not found'

[PASS] dp8 $SPEED pre-check (port not yet configured)     $PORT has no dp8 entry on a cold load; config_ports() will create it at BF_SPEED_25G and the POST-check is the hard gate.
[PASS] dp8 PORT shaper max_rate_enable OFF                = False
[PASS] tbl_session entries                                = 2
[PASS] mirror $ucast_egress_port                          = 68
[PASS] mirror $session_enable                             = True
[PASS] value_set pgen_recirc programmed                   byte=0x01 mask=0xFF
[PASS] Q_ACK_BLOCK max_priority                           = 7
[PASS] Q_ACK_BLOCK scheduling_enable                      = True
[PASS] Q_ACK_BLOCK min shaping disabled                   = False
[PASS] Q_ACK_BLOCK max shaping disabled                   = False
[PASS] Q_ACK_HOLD max_priority                            = 6
[PASS] Q_ACK_HOLD scheduling_enable                       = True
[PASS] Q_ACK_HOLD min shaping disabled                    = False
[PASS] Q_ACK_HOLD max shaping disabled                    = False
[PASS] Q_RESP_BLOCK max_priority                          = 5
[PASS] Q_RESP_BLOCK scheduling_enable                     = True
[PASS] Q_RESP_BLOCK min shaping disabled                  = False
[PASS] Q_RESP_BLOCK max shaping disabled                  = False
[PASS] Q_RESP_HOLD max_priority                           = 4
[PASS] Q_RESP_HOLD scheduling_enable                      = True
[PASS] Q_RESP_HOLD min shaping disabled                   = False
[PASS] Q_RESP_HOLD max shaping disabled                   = False
[PASS] strict ladder 7>6>5>4                              = True
[PASS] D_A word low byte 0                                = 0
[PASS] D_R word low byte 0                                = 0
[PASS] da_dr low byte 0                                   = 0
[PASS] da_dr < 2^31 (modular half-range)                  = True
[PASS] da_dr < poll interval (no poll overlap)            = True
[PASS] D_A quantised (low byte 0)                         = 0
[PASS] D_R quantised (low byte 0)                         = 0
[PASS] D_A+D_R quantised (low byte 0)                     = 0
[PASS] D_A+D_R < 2^31 (half-range clamp)                  = True
[PASS] D4 requires D_A > 0                                = True
[PASS] D4 requires D_R > 0                                = True
[PASS] effective D_R == da_dr - D_A                       = 20000000
[PASS] tbl_params d_ticks (D_A)                           = 1999872
[PASS] tbl_params da_dr (D_A+D_R)                         = 21999872
[PASS] effective D_R (da_dr - D_A)                        = 20000000
[PASS] tbl_params mode                                    = 4
[PASS] tbl_params read_len                                = 0
[PASS] tbl_params budget                                  = 18000
[PASS] state cleared                                      regs=('reg_deadline', 'reg_ack_rel', 'reg_exp_relay_seq', 'reg_exp_ack', 'reg_session_port', 'reg_ts_first_block', 'reg_ts_ack_arm', 'reg_ts_block_term', 'reg_ts_ack_release', 'reg_tresp') + reg_tag=INACTIVE; counters zeroed
[PASS] pktgen increment_source_port == False              = False
[PASS] pktgen packets_per_batch_cfg (2K-1)                = 127
[PASS] pktgen batch_count_cfg (1 batch)                   = 0
[PASS] pktgen app_enable at config time                   = False
[PASS] pktgen app_enable readback == True                 = True
[PASS] pktgen ENABLED for mode D4 (all readbacks passed)  
---- readback ----
{
  "mode": "D4",
  "op": "configure",
  "pktgen_should_be_enabled": true,
  "dp8_speed": {
    "tm": {
      "scheduling_speed": "BF_SPEED_10G",
      "max_rate_enable": false
    }
  },
  "ports": {
    "dp8": {
      "$PORT_UP": false,
      "$SPEED": "BF_SPEED_25G",
      "$FEC": "BF_FEC_TYP_NONE",
      "$PORT_ENABLE": true,
      "$LOOPBACK_MODE": "BF_LPBK_MAC_NEAR"
    },
    "dp9": {
      "$PORT_UP": false,
      "$SPEED": "BF_SPEED_25G",
      "$FEC": "BF_FEC_TYP_REED_SOLOMON",
      "$PORT_ENABLE": true,
      "$LOOPBACK_MODE": "BF_LPBK_NONE"
    },
    "dp64": {
      "$PORT_UP": false,
      "$SPEED": "BF_SPEED_1G",
      "$FEC": "BF_FEC_TYP_NONE",
      "$PORT_ENABLE": true,
      "$LOOPBACK_MODE": "BF_LPBK_NONE"
    }
  },
  "port_shaper_target": "pipe0",
  "port_shaper": {
    "max_rate_enable": false,
    "scheduling_speed": "BF_SPEED_25G"
  },
  "port_shaping_params": {
    "unit": "BPS",
    "provisioning": "UPPER",
    "max_rate": 25010000,
    "max_burst_size": 9216
  },
  "session": {
    "relay_ip": "192.168.10.7",
    "master_ip": "192.168.10.1",
    "dnp3_port": 20000,
    "entries_read": 2
  },
  "mirror": {
    "$direction": "INGRESS",
    "$ucast_egress_port": 68,
    "$ucast_egress_port_valid": true,
    "$session_enable": true,
    "$max_pkt_len": 128
  },
  "value_set": {
    "byte": 1,
    "mask": 255,
    "prsr_id": 17,
    "pipe": 0
  },
  "queues": {
    "Q_ACK_BLOCK": {
      "qid": 7,
      "pg_queue": 7,
      "max_priority": 7
    },
    "Q_ACK_HOLD": {
      "qid": 6,
      "pg_queue": 6,
      "max_priority": 6
    },
    "Q_RESP_BLOCK": {
      "qid": 5,
      "pg_queue": 5,
      "max_priority": 5
    },
    "Q_RESP_HOLD": {
      "qid": 4,
      "pg_queue": 4,
      "max_priority": 4
    }
  },
  "strict_priority_verified": true,
  "params_realized": {
    "D_A": {
      "name": "D_A",
      "source": "word",
      "requested_ms": 1.999872,
      "word": 1999872,
      "word_hex": "0x001E8400",
      "ticks": 7812,
      "realized_ns": 1999872,
      "realized_ms": 1.999872,
      "quantization_error_ns": 0,
      "low_byte_zero": true
    },
    "D_R": {
      "name": "D_R",
      "source": "word",
      "requested_ms": 20.0,
      "word": 20000000,
      "word_hex": "0x01312D00",
      "ticks": 78125,
      "realized_ns": 20000000,
      "realized_ms": 20.0,
      "quantization_error_ns": 0,
      "low_byte_zero": true
    },
    "da_dr_word": 21999872,
    "da_dr_hex": "0x014FB100",
    "da_dr_realized_ms": 21.999872,
    "poll_interval_ms": 400.0,
    "da_dr_vs_poll": "22.000 ms of 400.0 ms poll (5.5%)",
    "failopen_horizon_ms": 30.802139037433157,
    "da_dr_vs_horizon": "22.000 ms vs H=30.802 ms"
  },
  "params_requested": {
    "mode": "D4",
    "D_A_word": 1999872,
    "D_R_word": 20000000,
    "da_dr_word": 21999872,
    "D_A_ms": 1.999872,
    "D_R_ms": 20.0,
    "read_len": 0,
    "budget": 18000
  },
  "tbl_params_readback": {
    "budget": 18000,
    "d_ticks": 1999872,
    "da_dr": 21999872,
    "mode": 4,
    "read_len": 0,
    "shape_enable": 0,
    "action_name": "Ingress.set_params",
    "is_default_entry": true
  },
  "pktgen": {
    "pattern_value": 3774873600,
    "pattern_mask": 4278190080,
    "pkt_len": 60,
    "pkt_buffer_offset": 0,
    "pipe_local_source_port": 68,
    "increment_source_port": false,
    "batch_count_cfg": 0,
    "packets_per_batch_cfg": 127,
    "app_enable": false
  }
}
RESULT: PASS (0 failures)
[PASS] caseA timing configure (mode=D4) clean exit 0 (read_len forced 0)          
[PASS] shape_enable = 0                                                           = 0
[PASS] timing preserved (mode)                                                    = 4
[PASS] timing preserved (d_ticks)                                                 = 1999872
[PASS] PRE mgid 0x2849 carries node 0x2851                                        = True
[PASS] PRE mgid 0x2849 carries node 0x2852                                        = True
[PASS] PRE node 0x2851 RID                                                        = 1
[PASS] PRE node 0x2851 -> dp9                                                     = [9]
[PASS] PRE node 0x2852 RID                                                        = 2
[PASS] PRE node 0x2852 -> dp9                                                     = [9]
[PASS] PRE verified: mgid 0x2849 -> node 0x2851(rid1)+0x2852(rid2) -> dp9         
[PASS] shape_enable = 1                                                           = 1
[PASS] timing preserved (mode)                                                    = 4
[PASS] timing preserved (d_ticks)                                                 = 1999872
[PASS] final shape_enable                                                         = 1
[PASS] final tbl_params has d_ticks                                               = True
[PASS] final tbl_params has da_dr                                                 = True
[PASS] final tbl_params has budget                                                = True
[PASS] final tbl_params has mode                                                  = True
[PASS] final tbl_params has read_len                                              = True
[PASS] configure-all: timing(D4) VERIFIED + PRE VERIFIED + shape ON (safe order)  
---- readback ----
{
  "op": "configure-all",
  "mode": "D4",
  "program": "defense4_rrc_kernel",
  "tbl_params": {
    "budget": 18000,
    "d_ticks": 1999872,
    "da_dr": 21999872,
    "mode": 4,
    "read_len": 0,
    "shape_enable": 1,
    "action_name": "Ingress.set_params",
    "is_default_entry": true
  },
  "pre_schema": {
    "node_table": "$pre.node",
    "node": {
      "keys": [
        "$MULTICAST_NODE_ID"
      ],
      "data": [
        "$MULTICAST_RID",
        "$MULTICAST_LAG_ID",
        "$DEV_PORT"
      ]
    },
    "mgid_table": "$pre.mgid",
    "mgid": {
      "keys": [
        "$MGID"
      ],
      "data": [
        "$MULTICAST_NODE_ID",
        "$MULTICAST_NODE_L1_XID_VALID",
        "$MULTICAST_NODE_L1_XID",
        "$MULTICAST_ECMP_ID",
        "$MULTICAST_ECMP_L1_XID_VALID",
        "$MULTICAST_ECMP_L1_XID"
      ]
    }
  },
  "pre_state": {
    "mgid": {
      "$MULTICAST_ECMP_ID": [],
      "$MULTICAST_ECMP_L1_XID": [],
      "$MULTICAST_ECMP_L1_XID_VALID": [],
      "$MULTICAST_NODE_ID": [
        10321,
        10322
      ],
      "$MULTICAST_NODE_L1_XID": [
        0,
        0
      ],
      "$MULTICAST_NODE_L1_XID_VALID": [
        false,
        false
      ],
      "action_name": null,
      "is_default_entry": false
    },
    "nodes": {
      "0x2851": {
        "$DEV_PORT": [
          9
        ],
        "$MULTICAST_LAG_ID": [],
        "$MULTICAST_RID": 1,
        "action_name": null,
        "is_default_entry": false
      },
      "0x2852": {
        "$DEV_PORT": [
          9
        ],
        "$MULTICAST_LAG_ID": [],
        "$MULTICAST_RID": 2,
        "action_name": null,
        "is_default_entry": false
      }
    }
  },
  "tbl_params_final": {
    "budget": 18000,
    "d_ticks": 1999872,
    "da_dr": 21999872,
    "mode": 4,
    "read_len": 0,
    "shape_enable": 1,
    "action_name": "Ingress.set_params",
    "is_default_entry": true
  }
}
RESULT: PASS (0 failures)
[rollback-rrc 18:20:54] RRC restored + operational (program loaded, ports/queues/mirror/pktgen up, PRE verified, shape ON)
