Subscribe attempt #1
Subscribe response received 0
Binding with p4_name forward
Binding with p4_name forward successful!!
Received forward on GetForwarding on client 1, device 0
FAIL native35/base1000/valid3           expected=expected-packet observed=none
FAIL padded55/base1000/valid3           expected=expected-packet observed=none
FAIL response57/base1000/valid3         expected=expected-packet observed=none
FAIL READ20/base1000/valid3             expected=expected-packet observed=none
FAIL READresponse49/base1000/valid3     expected=expected-packet observed=none
FAIL pureACK/base1000/valid3            expected=expected-packet observed=none
FAIL nativeTail1/base1000/valid3        expected=expected-packet observed=none
FAIL forwardSEQ-1/base1000/valid0       expected=expected-packet observed=none
FAIL forwardSEQ0/base1000/valid0        expected=expected-packet observed=none
FAIL forwardSEQ34/base1000/valid0       expected=expected-packet observed=none
FAIL forwardSEQ35/base1000/valid0       expected=expected-packet observed=none
FAIL forwardSEQ36/base1000/valid0       expected=expected-packet observed=none
FAIL forwardSEQ69/base1000/valid0       expected=expected-packet observed=none
FAIL forwardSEQ70/base1000/valid0       expected=expected-packet observed=none
FAIL forwardSEQ71/base1000/valid0       expected=expected-packet observed=none
FAIL forwardSEQ130/base1000/valid0      expected=expected-packet observed=none
FAIL forwardSEQ-1/base1000/valid1       expected=expected-packet observed=none
FAIL forwardSEQ0/base1000/valid1        expected=expected-packet observed=none
FAIL forwardSEQ34/base1000/valid1       expected=expected-packet observed=none
FAIL forwardSEQ35/base1000/valid1       expected=expected-packet observed=none
FAIL forwardSEQ36/base1000/valid1       expected=expected-packet observed=none
FAIL forwardSEQ69/base1000/valid1       expected=expected-packet observed=none
FAIL forwardSEQ70/base1000/valid1       expected=expected-packet observed=none
FAIL forwardSEQ71/base1000/valid1       expected=expected-packet observed=none
FAIL forwardSEQ130/base1000/valid1      expected=expected-packet observed=none
FAIL forwardSEQ-1/base1000/valid3       expected=expected-packet observed=none
FAIL forwardSEQ0/base1000/valid3        expected=expected-packet observed=none
FAIL forwardSEQ34/base1000/valid3       expected=expected-packet observed=none
FAIL forwardSEQ35/base1000/valid3       expected=expected-packet observed=none
FAIL forwardSEQ36/base1000/valid3       expected=expected-packet observed=none
FAIL forwardSEQ69/base1000/valid3       expected=expected-packet observed=none
FAIL forwardSEQ70/base1000/valid3       expected=expected-packet observed=none
FAIL forwardSEQ71/base1000/valid3       expected=expected-packet observed=none
FAIL forwardSEQ130/base1000/valid3      expected=expected-packet observed=none
FAIL native35/base4294967280/valid3     expected=expected-packet observed=none
FAIL padded55/base4294967280/valid3     expected=expected-packet observed=none
FAIL response57/base4294967280/valid3   expected=expected-packet observed=none
FAIL READ20/base4294967280/valid3       expected=expected-packet observed=none
FAIL READresponse49/base4294967280/valid3 expected=expected-packet observed=none
FAIL pureACK/base4294967280/valid3      expected=expected-packet observed=none
FAIL nativeTail1/base4294967280/valid3  expected=expected-packet observed=none
FAIL forwardSEQ-1/base4294967280/valid0 expected=expected-packet observed=none
FAIL forwardSEQ0/base4294967280/valid0  expected=expected-packet observed=none
FAIL forwardSEQ34/base4294967280/valid0 expected=expected-packet observed=none
FAIL forwardSEQ35/base4294967280/valid0 expected=expected-packet observed=none
FAIL forwardSEQ36/base4294967280/valid0 expected=expected-packet observed=none
FAIL forwardSEQ69/base4294967280/valid0 expected=expected-packet observed=none
FAIL forwardSEQ70/base4294967280/valid0 expected=expected-packet observed=none
FAIL forwardSEQ71/base4294967280/valid0 expected=expected-packet observed=none
FAIL forwardSEQ130/base4294967280/valid0 expected=expected-packet observed=none
FAIL forwardSEQ-1/base4294967280/valid1 expected=expected-packet observed=none
FAIL forwardSEQ0/base4294967280/valid1  expected=expected-packet observed=none
FAIL forwardSEQ34/base4294967280/valid1 expected=expected-packet observed=none
FAIL forwardSEQ35/base4294967280/valid1 expected=expected-packet observed=none
FAIL forwardSEQ36/base4294967280/valid1 expected=expected-packet observed=none
FAIL forwardSEQ69/base4294967280/valid1 expected=expected-packet observed=none
FAIL forwardSEQ70/base4294967280/valid1 expected=expected-packet observed=none
FAIL forwardSEQ71/base4294967280/valid1 expected=expected-packet observed=none
FAIL forwardSEQ130/base4294967280/valid1 expected=expected-packet observed=none
FAIL forwardSEQ-1/base4294967280/valid3 expected=expected-packet observed=none
FAIL forwardSEQ0/base4294967280/valid3  expected=expected-packet observed=none
FAIL forwardSEQ34/base4294967280/valid3 expected=expected-packet observed=none
FAIL forwardSEQ35/base4294967280/valid3 expected=expected-packet observed=none
FAIL forwardSEQ36/base4294967280/valid3 expected=expected-packet observed=none
FAIL forwardSEQ69/base4294967280/valid3 expected=expected-packet observed=none
FAIL forwardSEQ70/base4294967280/valid3 expected=expected-packet observed=none
FAIL forwardSEQ71/base4294967280/valid3 expected=expected-packet observed=none
FAIL forwardSEQ130/base4294967280/valid3 expected=expected-packet observed=none
FAIL checksumZeroBefore/base1000/valid3 expected=expected-packet observed=none
FAIL checksumZeroAfter/base1000/valid3  expected=expected-packet observed=none
PASS refused/bad_ip_checksum            expected=none       observed=none
PASS refused/ip_version5                expected=none       observed=none
PASS refused/ip_ihl6                    expected=none       observed=none
PASS refused/ip_proto_udp               expected=none       observed=none
PASS refused/ip_fragment                expected=none       observed=none
PASS refused/tcp_fin_flag               expected=none       observed=none
PASS refused/tcp_urgent_nonzero         expected=none       observed=none
PASS refused/tcp_offset6                expected=none       observed=none
PASS refused/wrong_epoch                expected=none       observed=none
PASS refused/zero_generation            expected=none       observed=none
PASS refused/reserved_nonzero           expected=none       observed=none
PASS refused/wrong_src_ip               expected=none       observed=none
PASS refused/wrong_sport                expected=none       observed=none
PASS refused/wrong_dport                expected=none       observed=none
PASS refused/ethertype_arp              expected=none       observed=none
PASS refused/route_denied               expected=none       observed=none
PASS refused/valid3_second_wrong_geometry expected=none       observed=none
PASS refused/valid2_invalid_bits        expected=none       observed=none
PASS refused/wrong_ingress_port_9       expected=none       observed=none
SUMMARY {'total': 89, 'passed': 19, 'failed': ['native35/base1000/valid3', 'padded55/base1000/valid3', 'response57/base1000/valid3', 'READ20/base1000/valid3', 'READresponse49/base1000/valid3', 'pureACK/base1000/valid3', 'nativeTail1/base1000/valid3', 'forwardSEQ-1/base1000/valid0', 'forwardSEQ0/base1000/valid0', 'forwardSEQ34/base1000/valid0', 'forwardSEQ35/base1000/valid0', 'forwardSEQ36/base1000/valid0', 'forwardSEQ69/base1000/valid0', 'forwardSEQ70/base1000/valid0', 'forwardSEQ71/base1000/valid0', 'forwardSEQ130/base1000/valid0', 'forwardSEQ-1/base1000/valid1', 'forwardSEQ0/base1000/valid1', 'forwardSEQ34/base1000/valid1', 'forwardSEQ35/base1000/valid1', 'forwardSEQ36/base1000/valid1', 'forwardSEQ69/base1000/valid1', 'forwardSEQ70/base1000/valid1', 'forwardSEQ71/base1000/valid1', 'forwardSEQ130/base1000/valid1', 'forwardSEQ-1/base1000/valid3', 'forwardSEQ0/base1000/valid3', 'forwardSEQ34/base1000/valid3', 'forwardSEQ35/base1000/valid3', 'forwardSEQ36/base1000/valid3', 'forwardSEQ69/base1000/valid3', 'forwardSEQ70/base1000/valid3', 'forwardSEQ71/base1000/valid3', 'forwardSEQ130/base1000/valid3', 'native35/base4294967280/valid3', 'padded55/base4294967280/valid3', 'response57/base4294967280/valid3', 'READ20/base4294967280/valid3', 'READresponse49/base4294967280/valid3', 'pureACK/base4294967280/valid3', 'nativeTail1/base4294967280/valid3', 'forwardSEQ-1/base4294967280/valid0', 'forwardSEQ0/base4294967280/valid0', 'forwardSEQ34/base4294967280/valid0', 'forwardSEQ35/base4294967280/valid0', 'forwardSEQ36/base4294967280/valid0', 'forwardSEQ69/base4294967280/valid0', 'forwardSEQ70/base4294967280/valid0', 'forwardSEQ71/base4294967280/valid0', 'forwardSEQ130/base4294967280/valid0', 'forwardSEQ-1/base4294967280/valid1', 'forwardSEQ0/base4294967280/valid1', 'forwardSEQ34/base4294967280/valid1', 'forwardSEQ35/base4294967280/valid1', 'forwardSEQ36/base4294967280/valid1', 'forwardSEQ69/base4294967280/valid1', 'forwardSEQ70/base4294967280/valid1', 'forwardSEQ71/base4294967280/valid1', 'forwardSEQ130/base4294967280/valid1', 'forwardSEQ-1/base4294967280/valid3', 'forwardSEQ0/base4294967280/valid3', 'forwardSEQ34/base4294967280/valid3', 'forwardSEQ35/base4294967280/valid3', 'forwardSEQ36/base4294967280/valid3', 'forwardSEQ69/base4294967280/valid3', 'forwardSEQ70/base4294967280/valid3', 'forwardSEQ71/base4294967280/valid3', 'forwardSEQ130/base4294967280/valid3', 'checksumZeroBefore/base1000/valid3', 'checksumZeroAfter/base1000/valid3']}
driver exit code 1
hugepages free after run: HugePages_Free: 196
