+---------------------------------------------------------------------+
|  Log file: mau.resources.log                                        |
|  Compiler version: 9.13.1                                           |
|  Created on: Tue Sep 29 16:42:18 2026                               |
|  Run ID: ba0f06e426ef4cb3                                           |
+---------------------------------------------------------------------+


---------------------------------------------------------------------------------------------------------------------------------------------------------------------------------------------------------------------------------------------------------------------------------------------------------------------------------------------------------------
| Stage Number | Exact Match Input xbar | Ternary Match Input xbar | Hash Bit | Hash Dist Unit | Gateway | SRAM | Map RAM | TCAM | VLIW Instr | Meter ALU | Stats ALU | Stash | Exact Match Search Bus | Exact Match Result Bus | Tind Result Bus | Action Data Bus Bytes | 8-bit Action Slots | 16-bit Action Slots | 32-bit Action Slots | Logical TableID |
---------------------------------------------------------------------------------------------------------------------------------------------------------------------------------------------------------------------------------------------------------------------------------------------------------------------------------------------------------------
|      0       |           3            |            0             |    10    |       0        |    3    |  3   |    0    |  0   |     6      |     0     |     0     |   1   |           2            |           2            |        6        |           31          |         0          |          0          |          0          |        8        |
|      1       |           7            |            16            |    0     |       0        |    10   |  3   |    0    |  4   |     9      |     0     |     0     |   0   |           10           |           0            |        11       |           16          |         0          |          0          |          0          |        14       |
|      2       |           16           |            9             |    0     |       0        |    12   |  5   |    2    |  3   |     9      |     1     |     0     |   0   |           12           |           0            |        13       |           20          |         0          |          0          |          0          |        14       |
|      3       |           24           |            17            |    16    |       0        |    4    |  13  |    8    |  9   |     10     |     4     |     0     |   0   |           4            |           1            |        12       |           15          |         0          |          0          |          0          |        13       |
|      4       |           6            |            11            |    8     |       0        |    6    |  3   |    2    |  3   |     5      |     1     |     0     |   0   |           6            |           1            |        4        |           2           |         0          |          0          |          0          |        7        |
|      5       |           5            |            0             |    0     |       0        |    4    |  0   |    0    |  0   |     3      |     0     |     0     |   0   |           4            |           0            |        3        |           0           |         0          |          0          |          0          |        4        |
|      6       |           10           |            0             |    16    |       0        |    10   |  6   |    6    |  0   |     7      |     3     |     0     |   0   |           10           |           0            |        15       |           8           |         0          |          0          |          0          |        16       |
|      7       |           27           |            31            |    0     |       0        |    3    |  10  |    6    |  10  |     25     |     3     |     0     |   0   |           3            |           0            |        7        |           12          |         0          |          0          |          0          |        8        |
|      8       |           4            |            21            |    0     |       0        |    3    |  3   |    2    |  4   |     3      |     1     |     0     |   0   |           3            |           0            |        4        |           6           |         0          |          0          |          0          |        4        |
|      9       |           0            |            17            |    0     |       0        |    0    |  1   |    0    |  4   |     4      |     0     |     0     |   0   |           0            |           0            |        1        |           4           |         0          |          0          |          0          |        1        |
|      10      |           3            |            8             |    0     |       0        |    1    |  4   |    2    |  2   |     13     |     0     |     1     |   0   |           1            |           0            |        3        |           4           |         0          |          0          |          0          |        3        |
|      11      |           0            |            0             |    0     |       0        |    0    |  0   |    0    |  0   |     0      |     0     |     0     |   0   |           0            |           0            |        0        |           0           |         0          |          0          |          0          |        0        |
|              |                        |                          |          |                |         |      |         |      |            |           |           |       |                        |                        |                 |                       |                    |                     |                     |                 |
|    Totals    |          105           |           130            |    50    |       0        |    56   |  51  |    28   |  39  |     94     |     13    |     1     |   1   |           55           |           4            |        79       |          118          |         0          |          0          |          0          |        92       |
---------------------------------------------------------------------------------------------------------------------------------------------------------------------------------------------------------------------------------------------------------------------------------------------------------------------------------------------------------------


-------------------------------------------------------------------------------------------------------------------------------------------------------------------------------------------------------------------------------------------------------------------------------------------------------------------------------------------------------------------
| Stage Number | Exact Match Input xbar | Ternary Match Input xbar | Hash Bit | Hash Dist Unit | Gateway |  SRAM  | Map RAM |  TCAM  | VLIW Instr | Meter ALU | Stats ALU | Stash | Exact Match Search Bus | Exact Match Result Bus | Tind Result Bus | Action Data Bus Bytes | 8-bit Action Slots | 16-bit Action Slots | 32-bit Action Slots | Logical TableID |
-------------------------------------------------------------------------------------------------------------------------------------------------------------------------------------------------------------------------------------------------------------------------------------------------------------------------------------------------------------------
|      0       |         2.34%          |          0.00%           |  2.40%   |     0.00%      |  18.75% | 3.75%  |  0.00%  | 0.00%  |   18.75%   |   0.00%   |   0.00%   | 6.25% |         12.50%         |         12.50%         |      37.50%     |         24.22%        |       0.00%        |        0.00%        |        0.00%        |      50.00%     |
|      1       |         5.47%          |          24.24%          |  0.00%   |     0.00%      |  62.50% | 3.75%  |  0.00%  | 16.67% |   28.12%   |   0.00%   |   0.00%   | 0.00% |         62.50%         |         0.00%          |      68.75%     |         12.50%        |       0.00%        |        0.00%        |        0.00%        |      87.50%     |
|      2       |         12.50%         |          13.64%          |  0.00%   |     0.00%      |  75.00% | 6.25%  |  4.17%  | 12.50% |   28.12%   |   25.00%  |   0.00%   | 0.00% |         75.00%         |         0.00%          |      81.25%     |         15.62%        |       0.00%        |        0.00%        |        0.00%        |      87.50%     |
|      3       |         18.75%         |          25.76%          |  3.85%   |     0.00%      |  25.00% | 16.25% |  16.67% | 37.50% |   31.25%   |  100.00%  |   0.00%   | 0.00% |         25.00%         |         6.25%          |      75.00%     |         11.72%        |       0.00%        |        0.00%        |        0.00%        |      81.25%     |
|      4       |         4.69%          |          16.67%          |  1.92%   |     0.00%      |  37.50% | 3.75%  |  4.17%  | 12.50% |   15.62%   |   25.00%  |   0.00%   | 0.00% |         37.50%         |         6.25%          |      25.00%     |         1.56%         |       0.00%        |        0.00%        |        0.00%        |      43.75%     |
|      5       |         3.91%          |          0.00%           |  0.00%   |     0.00%      |  25.00% | 0.00%  |  0.00%  | 0.00%  |   9.38%    |   0.00%   |   0.00%   | 0.00% |         25.00%         |         0.00%          |      18.75%     |         0.00%         |       0.00%        |        0.00%        |        0.00%        |      25.00%     |
|      6       |         7.81%          |          0.00%           |  3.85%   |     0.00%      |  62.50% | 7.50%  |  12.50% | 0.00%  |   21.88%   |   75.00%  |   0.00%   | 0.00% |         62.50%         |         0.00%          |      93.75%     |         6.25%         |       0.00%        |        0.00%        |        0.00%        |     100.00%     |
|      7       |         21.09%         |          46.97%          |  0.00%   |     0.00%      |  18.75% | 12.50% |  12.50% | 41.67% |   78.12%   |   75.00%  |   0.00%   | 0.00% |         18.75%         |         0.00%          |      43.75%     |         9.38%         |       0.00%        |        0.00%        |        0.00%        |      50.00%     |
|      8       |         3.12%          |          31.82%          |  0.00%   |     0.00%      |  18.75% | 3.75%  |  4.17%  | 16.67% |   9.38%    |   25.00%  |   0.00%   | 0.00% |         18.75%         |         0.00%          |      25.00%     |         4.69%         |       0.00%        |        0.00%        |        0.00%        |      25.00%     |
|      9       |         0.00%          |          25.76%          |  0.00%   |     0.00%      |  0.00%  | 1.25%  |  0.00%  | 16.67% |   12.50%   |   0.00%   |   0.00%   | 0.00% |         0.00%          |         0.00%          |      6.25%      |         3.12%         |       0.00%        |        0.00%        |        0.00%        |      6.25%      |
|      10      |         2.34%          |          12.12%          |  0.00%   |     0.00%      |  6.25%  | 5.00%  |  4.17%  | 8.33%  |   40.62%   |   0.00%   |   25.00%  | 0.00% |         6.25%          |         0.00%          |      18.75%     |         3.12%         |       0.00%        |        0.00%        |        0.00%        |      18.75%     |
|      11      |         0.00%          |          0.00%           |  0.00%   |     0.00%      |  0.00%  | 0.00%  |  0.00%  | 0.00%  |   0.00%    |   0.00%   |   0.00%   | 0.00% |         0.00%          |         0.00%          |      0.00%      |         0.00%         |       0.00%        |        0.00%        |        0.00%        |      0.00%      |
|              |                        |                          |          |                |         |        |         |        |            |           |           |       |                        |                        |                 |                       |                    |                     |                     |                 |
|   Average    |         7.46%          |          17.91%          |  1.09%   |     0.00%      |  31.82% | 5.80%  |  5.30%  | 14.77% |   26.70%   |   29.55%  |   2.27%   | 0.57% |         31.25%         |         2.27%          |      44.89%     |         8.38%         |       0.00%        |        0.00%        |        0.00%        |      52.27%     |
-------------------------------------------------------------------------------------------------------------------------------------------------------------------------------------------------------------------------------------------------------------------------------------------------------------------------------------------------------------------


Allocated Resource Usage
---------------------------------------------------------------------------------------------------------------------------------------------------
|                 Table                  | Stage  | Crossbar | Hash | Gateways | RAMs | TCAMs | Map  | Action |  VLIW |  Exm   |  Exm   |  Tind  |
|                  Name                  | Number |  Bytes   | Bits |          |      |       | RAMs |  Data  | Slots | Search | Result | Result |
|                                        |        |          |      |          |      |       |      |  Bus   |       |  Bus   |  Bus   |  Bus   |
|                                        |        |          |      |          |      |       |      | Bytes  |       |        |        |        |
---------------------------------------------------------------------------------------------------------------------------------------------------
|        IgParser.$PORT_METADATA         |   -1   |    0     |  0   |    0     |  0   |   0   |  0   |   0    |   0   |   0    |   0    |   0    |
|       Ingress.tbl_build_exp_ack        |   0    |    1     |  10  |    0     |  1   |   0   |  0   |   4    |   3   |   1    |   1    |   0    |
|           Ingress.tbl_params           |   0    |    0     |  0   |    0     |  0   |   0   |  0   |   16   |   1   |   0    |   0    |   1    |
|       Ingress.tbl_params$action        |   0    |    0     |  0   |    0     |  1   |   0   |  0   |   0    |   0   |   0    |   0    |   0    |
|    Ingress.tbl_read_release_params     |   0    |    0     |  0   |    0     |  0   |   0   |  0   |   6    |   1   |   0    |   0    |   1    |
| Ingress.tbl_read_release_params$action |   0    |    0     |  0   |    0     |  1   |   0   |  0   |   0    |   0   |   0    |   0    |   0    |
|                cond-54                 |   0    |    1     |  0   |    1     |  0   |   0   |  0   |   0    |   0   |   1    |   0    |   0    |
|                cond-77                 |   0    |    1     |  0   |    1     |  0   |   0   |  0   |   0    |   0   |   1    |   0    |   0    |
|        tbl_defense4_timing3239         |   0    |    0     |  0   |    0     |  0   |   0   |  0   |   0    |   1   |   0    |   0    |   1    |
|        tbl_defense4_timing3242         |   0    |    0     |  0   |    0     |  0   |   0   |  0   |   0    |   1   |   0    |   0    |   1    |
|        tbl_defense4_timing3245         |   0    |    0     |  0   |    0     |  0   |   0   |  0   |   4    |   1   |   0    |   0    |   1    |
|        tbl_defense4_timing3300         |   0    |    0     |  0   |    0     |  0   |   0   |  0   |   1    |   1   |   0    |   1    |   0    |
|    tbl_defense4_timing3300-gateway     |   0    |    0     |  0   |    1     |  0   |   0   |  0   |   0    |   0   |   1    |   0    |   0    |
|        tbl_defense4_timing3386         |   0    |    0     |  0   |    0     |  0   |   0   |  0   |   0    |   1   |   0    |   0    |   1    |
|        Ingress.tbl_bor_codebook        |   1    |    4     |  0   |    0     |  0   |   1   |  0   |   4    |   1   |   0    |   0    |   0    |
|    Ingress.tbl_bor_codebook$action     |   1    |    0     |  0   |    0     |  1   |   0   |  0   |   0    |   0   |   0    |   0    |   0    |
|         Ingress.tbl_bor_params         |   1    |    0     |  0   |    0     |  0   |   0   |  0   |   12   |   1   |   0    |   0    |   1    |
|     Ingress.tbl_bor_params$action      |   1    |    0     |  0   |    0     |  1   |   0   |  0   |   0    |   0   |   0    |   0    |   0    |
|         Ingress.tbl_build_now          |   1    |    0     |  0   |    0     |  0   |   0   |  0   |   0    |   1   |   0    |   0    |   1    |
|          Ingress.tbl_session           |   1    |    12    |  0   |    0     |  1   |   3   |  0   |   0    |   3   |   0    |   0    |   1    |
|                cond-57                 |   1    |    1     |  0   |    1     |  0   |   0   |  0   |   0    |   0   |   1    |   0    |   0    |
|                cond-58                 |   1    |    1     |  0   |    1     |  0   |   0   |  0   |   0    |   0   |   1    |   0    |   0    |
|                cond-59                 |   1    |    1     |  0   |    1     |  0   |   0   |  0   |   0    |   0   |   1    |   0    |   0    |
|                cond-60                 |   1    |    1     |  0   |    1     |  0   |   0   |  0   |   0    |   0   |   1    |   0    |   0    |
|                cond-61                 |   1    |    1     |  0   |    1     |  0   |   0   |  0   |   0    |   0   |   1    |   0    |   0    |
|                cond-69                 |   1    |    1     |  0   |    1     |  0   |   0   |  0   |   0    |   0   |   1    |   0    |   0    |
|                cond-70                 |   1    |    1     |  0   |    1     |  0   |   0   |  0   |   0    |   0   |   1    |   0    |   0    |
|                cond-74                 |   1    |    2     |  0   |    1     |  0   |   0   |  0   |   0    |   0   |   1    |   0    |   0    |
|                cond-75                 |   1    |    1     |  0   |    1     |  0   |   0   |  0   |   0    |   0   |   1    |   0    |   0    |
|                cond-76                 |   1    |    1     |  0   |    1     |  0   |   0   |  0   |   0    |   0   |   1    |   0    |   0    |
|        tbl_defense4_timing3287         |   1    |    0     |  0   |    0     |  0   |   0   |  0   |   0    |   1   |   0    |   0    |   1    |
|        tbl_defense4_timing3288         |   1    |    0     |  0   |    0     |  0   |   0   |  0   |   0    |   1   |   0    |   0    |   1    |
|        tbl_defense4_timing3289         |   1    |    0     |  0   |    0     |  0   |   0   |  0   |   0    |   1   |   0    |   0    |   1    |
|        tbl_defense4_timing3334         |   1    |    0     |  0   |    0     |  0   |   0   |  0   |   0    |   1   |   0    |   0    |   1    |
|        tbl_defense4_timing3358         |   1    |    0     |  0   |    0     |  0   |   0   |  0   |   0    |   1   |   0    |   0    |   1    |
|        tbl_defense4_timing3364         |   1    |    0     |  0   |    0     |  0   |   0   |  0   |   0    |   1   |   0    |   0    |   1    |
|        tbl_defense4_timing3374         |   1    |    0     |  0   |    0     |  0   |   0   |  0   |   0    |   1   |   0    |   0    |   1    |
|       tbl_defense4_timing3386_0        |   1    |    0     |  0   |    0     |  0   |   0   |  0   |   0    |   1   |   0    |   0    |   1    |
|           Ingress.reg_owner            |   2    |    4     |  0   |    0     |  2   |   0   |  2   |   0    |   0   |   0    |   0    |   0    |
|      Ingress.tbl_owner_admission       |   2    |    7     |  0   |    0     |  1   |   2   |  0   |   4    |   4   |   0    |   0    |   1    |
|      Ingress.tbl_random_deadlines      |   2    |    2     |  0   |    0     |  1   |   1   |  0   |   16   |   2   |   0    |   0    |   1    |
|  Ingress.tbl_random_deadlines$action   |   2    |    0     |  0   |    0     |  1   |   0   |  0   |   0    |   0   |   0    |   0    |   0    |
|                cond-55                 |   2    |    4     |  0   |    1     |  0   |   0   |  0   |   0    |   0   |   1    |   0    |   0    |
|                cond-56                 |   2    |    1     |  0   |    1     |  0   |   0   |  0   |   0    |   0   |   1    |   0    |   0    |
|                cond-62                 |   2    |    1     |  0   |    1     |  0   |   0   |  0   |   0    |   0   |   1    |   0    |   0    |
|                cond-63                 |   2    |    2     |  0   |    1     |  0   |   0   |  0   |   0    |   0   |   1    |   0    |   0    |
|                cond-64                 |   2    |    2     |  0   |    1     |  0   |   0   |  0   |   0    |   0   |   1    |   0    |   0    |
|                cond-65                 |   2    |    2     |  0   |    1     |  0   |   0   |  0   |   0    |   0   |   1    |   0    |   0    |
|                cond-66                 |   2    |    2     |  0   |    1     |  0   |   0   |  0   |   0    |   0   |   1    |   0    |   0    |
|                cond-67                 |   2    |    2     |  0   |    1     |  0   |   0   |  0   |   0    |   0   |   1    |   0    |   0    |
|                cond-68                 |   2    |    3     |  0   |    1     |  0   |   0   |  0   |   0    |   0   |   1    |   0    |   0    |
|                cond-71                 |   2    |    2     |  0   |    1     |  0   |   0   |  0   |   0    |   0   |   1    |   0    |   0    |
|                cond-72                 |   2    |    3     |  0   |    1     |  0   |   0   |  0   |   0    |   0   |   1    |   0    |   0    |
|                cond-73                 |   2    |    3     |  0   |    1     |  0   |   0   |  0   |   0    |   0   |   1    |   0    |   0    |
|        tbl_defense4_timing3251         |   2    |    0     |  0   |    0     |  0   |   0   |  0   |   0    |   1   |   0    |   0    |   1    |
|        tbl_defense4_timing3254         |   2    |    0     |  0   |    0     |  0   |   0   |  0   |   0    |   1   |   0    |   0    |   1    |
|        tbl_defense4_timing3293         |   2    |    0     |  0   |    0     |  0   |   0   |  0   |   0    |   1   |   0    |   0    |   1    |
|        tbl_defense4_timing3294         |   2    |    0     |  0   |    0     |  0   |   0   |  0   |   0    |   1   |   0    |   0    |   1    |
|        tbl_defense4_timing3295         |   2    |    0     |  0   |    0     |  0   |   0   |  0   |   0    |   1   |   0    |   0    |   1    |
|        tbl_defense4_timing3297         |   2    |    0     |  0   |    0     |  0   |   0   |  0   |   0    |   1   |   0    |   0    |   1    |
|        tbl_defense4_timing3298         |   2    |    0     |  0   |    0     |  0   |   0   |  0   |   0    |   1   |   0    |   0    |   1    |
|        tbl_defense4_timing3336         |   2    |    0     |  0   |    0     |  0   |   0   |  0   |   0    |   1   |   0    |   0    |   1    |
|        tbl_defense4_timing3339         |   2    |    0     |  0   |    0     |  0   |   0   |  0   |   0    |   1   |   0    |   0    |   1    |
|        tbl_defense4_timing3342         |   2    |    0     |  0   |    0     |  0   |   0   |  0   |   0    |   1   |   0    |   0    |   1    |
|        tbl_defense4_timing3520         |   2    |    0     |  0   |    0     |  0   |   0   |  0   |   0    |   1   |   0    |   0    |   1    |
|         Ingress.reg_bor_epoch          |   3    |    2     |  16  |    0     |  2   |   0   |  2   |   0    |   0   |   0    |   0    |   0    |
|          Ingress.reg_exp_ack           |   3    |    8     |  0   |    0     |  2   |   0   |  2   |   0    |   0   |   0    |   0    |   0    |
|       Ingress.reg_exp_relay_seq        |   3    |    8     |  0   |    0     |  2   |   0   |  2   |   0    |   0   |   0    |   0    |   0    |
|        Ingress.reg_session_port        |   3    |    4     |  0   |    0     |  2   |   0   |  2   |   0    |   0   |   0    |   0    |   0    |
|         Ingress.tbl_build_cand         |   3    |    0     |  0   |    0     |  0   |   0   |  0   |   0    |   1   |   0    |   0    |   1    |
|      Ingress.tbl_build_cand_resp       |   3    |    0     |  0   |    0     |  0   |   0   |  0   |   0    |   2   |   0    |   1    |   0    |
|        Ingress.tbl_guarded_ack         |   3    |    9     |  0   |    0     |  1   |   2   |  0   |   4    |   2   |   0    |   0    |   1    |
|        Ingress.tbl_guarded_seq         |   3    |    9     |  0   |    0     |  1   |   2   |  0   |   4    |   2   |   0    |   0    |   1    |
|       Ingress.tbl_guarded_sport        |   3    |    9     |  0   |    0     |  1   |   2   |  0   |   4    |   2   |   0    |   0    |   1    |
|        Ingress.tbl_owner_valid         |   3    |    7     |  0   |    0     |  1   |   2   |  0   |   0    |   2   |   0    |   0    |   1    |
|     Ingress.tbl_tracker_admission      |   3    |    5     |  0   |    0     |  1   |   1   |  0   |   0    |   2   |   0    |   0    |   1    |
|                cond-94                 |   3    |    1     |  0   |    1     |  0   |   0   |  0   |   0    |   0   |   1    |   0    |   0    |
|                cond-95                 |   3    |    1     |  0   |    1     |  0   |   0   |  0   |   0    |   0   |   1    |   0    |   0    |
|                cond-96                 |   3    |    1     |  0   |    1     |  0   |   0   |  0   |   0    |   0   |   1    |   0    |   0    |
|     tbl_build_cand_resp_0-gateway      |   3    |    1     |  0   |    1     |  0   |   0   |  0   |   0    |   0   |   1    |   0    |   1    |
|        tbl_defense4_timing3309         |   3    |    0     |  0   |    0     |  0   |   0   |  0   |   0    |   1   |   0    |   0    |   1    |
|        tbl_defense4_timing3388         |   3    |    0     |  0   |    0     |  0   |   0   |  0   |   0    |   1   |   0    |   0    |   1    |
|        tbl_defense4_timing3507         |   3    |    0     |  0   |    0     |  0   |   0   |  0   |   3    |   1   |   0    |   0    |   1    |
|        tbl_defense4_timing3508         |   3    |    0     |  0   |    0     |  0   |   0   |  0   |   3    |   1   |   0    |   0    |   1    |
|        tbl_defense4_timing3509         |   3    |    0     |  0   |    0     |  0   |   0   |  0   |   3    |   1   |   0    |   0    |   1    |
|        tbl_defense4_timing3510         |   3    |    0     |  0   |    0     |  0   |   0   |  0   |   3    |   1   |   0    |   0    |   1    |
|          Ingress.reg_failopen          |   4    |    1     |  0   |    0     |  2   |   0   |  2   |   0    |   0   |   0    |   0    |   0    |
|       Ingress.tbl_resp_authorise       |   4    |    11    |  0   |    0     |  1   |   3   |  0   |   0    |   3   |   0    |   0    |   1    |
|      Ingress.tbl_select_deadlines      |   4    |    0     |  0   |    0     |  0   |   0   |  0   |   0    |   2   |   0    |   1    |   0    |
|                cond-78                 |   4    |    1     |  0   |    1     |  0   |   0   |  0   |   0    |   0   |   1    |   0    |   0    |
|                cond-79                 |   4    |    1     |  0   |    1     |  0   |   0   |  0   |   0    |   0   |   1    |   0    |   0    |
|                cond-80                 |   4    |    1     |  0   |    1     |  0   |   0   |  0   |   0    |   0   |   1    |   0    |   0    |
|                cond-81                 |   4    |    2     |  0   |    1     |  0   |   0   |  0   |   0    |   0   |   1    |   0    |   0    |
|                cond-82                 |   4    |    1     |  8   |    1     |  0   |   0   |  0   |   0    |   0   |   1    |   0    |   0    |
|        tbl_defense4_timing3410         |   4    |    0     |  0   |    0     |  0   |   0   |  0   |   0    |   1   |   0    |   0    |   1    |
|        tbl_defense4_timing3412         |   4    |    0     |  0   |    0     |  0   |   0   |  0   |   2    |   1   |   0    |   0    |   1    |
|        tbl_defense4_timing3415         |   4    |    0     |  0   |    0     |  0   |   0   |  0   |   2    |   1   |   0    |   0    |   1    |
|     tbl_select_deadlines_0-gateway     |   4    |    2     |  0   |    1     |  0   |   0   |  0   |   0    |   0   |   1    |   0    |   1    |
|                cond-83                 |   5    |    1     |  0   |    1     |  0   |   0   |  0   |   0    |   0   |   1    |   0    |   0    |
|                cond-84                 |   5    |    2     |  0   |    1     |  0   |   0   |  0   |   0    |   0   |   1    |   0    |   0    |
|                cond-85                 |   5    |    2     |  0   |    1     |  0   |   0   |  0   |   0    |   0   |   1    |   0    |   0    |
|                cond-86                 |   5    |    1     |  0   |    1     |  0   |   0   |  0   |   0    |   0   |   1    |   0    |   0    |
|        tbl_defense4_timing3435         |   5    |    0     |  0   |    0     |  0   |   0   |  0   |   0    |   1   |   0    |   0    |   1    |
|        tbl_defense4_timing3440         |   5    |    0     |  0   |    0     |  0   |   0   |  0   |   0    |   1   |   0    |   0    |   1    |
|        tbl_defense4_timing3444         |   5    |    0     |  0   |    0     |  0   |   0   |  0   |   0    |   1   |   0    |   0    |   1    |
|          Ingress.reg_bor_gen           |   6    |    1     |  0   |    0     |  2   |   0   |  2   |   0    |   0   |   0    |   0    |   0    |
|         Ingress.reg_bor_ready          |   6    |    2     |  16  |    0     |  2   |   0   |  2   |   0    |   0   |   0    |   0    |   0    |
|            Ingress.reg_tag             |   6    |    2     |  0   |    0     |  2   |   0   |  2   |   0    |   0   |   0    |   0    |   0    |
|                cond-100                |   6    |    1     |  0   |    1     |  0   |   0   |  0   |   0    |   0   |   1    |   0    |   0    |
|                cond-101                |   6    |    1     |  0   |    1     |  0   |   0   |  0   |   0    |   0   |   1    |   0    |   0    |
|                cond-102                |   6    |    1     |  0   |    1     |  0   |   0   |  0   |   0    |   0   |   1    |   0    |   0    |
|                cond-87                 |   6    |    1     |  0   |    1     |  0   |   0   |  0   |   0    |   0   |   1    |   0    |   0    |
|                cond-88                 |   6    |    2     |  0   |    1     |  0   |   0   |  0   |   0    |   0   |   1    |   0    |   0    |
|                cond-89                 |   6    |    1     |  0   |    1     |  0   |   0   |  0   |   0    |   0   |   1    |   0    |   0    |
|                cond-90                 |   6    |    1     |  0   |    1     |  0   |   0   |  0   |   0    |   0   |   1    |   0    |   0    |
|                cond-97                 |   6    |    1     |  0   |    1     |  0   |   0   |  0   |   0    |   0   |   1    |   0    |   0    |
|                cond-98                 |   6    |    1     |  0   |    1     |  0   |   0   |  0   |   0    |   0   |   1    |   0    |   0    |
|                cond-99                 |   6    |    2     |  0   |    1     |  0   |   0   |  0   |   0    |   0   |   1    |   0    |   0    |
|        tbl_defense4_timing3436         |   6    |    0     |  0   |    0     |  0   |   0   |  0   |   2    |   1   |   0    |   0    |   1    |
|        tbl_defense4_timing3441         |   6    |    0     |  0   |    0     |  0   |   0   |  0   |   2    |   1   |   0    |   0    |   1    |
|        tbl_defense4_timing3445         |   6    |    0     |  0   |    0     |  0   |   0   |  0   |   2    |   1   |   0    |   0    |   1    |
|        tbl_defense4_timing3447         |   6    |    0     |  0   |    0     |  0   |   0   |  0   |   2    |   1   |   0    |   0    |   1    |
|        tbl_defense4_timing3451         |   6    |    0     |  0   |    0     |  0   |   0   |  0   |   2    |   1   |   0    |   0    |   1    |
|        tbl_defense4_timing3457         |   6    |    0     |  0   |    0     |  0   |   0   |  0   |   2    |   1   |   0    |   0    |   1    |
|        tbl_defense4_timing3468         |   6    |    0     |  0   |    0     |  0   |   0   |  0   |   2    |   1   |   0    |   0    |   1    |
|        tbl_defense4_timing3470         |   6    |    0     |  0   |    0     |  0   |   0   |  0   |   2    |   1   |   0    |   0    |   1    |
|        tbl_defense4_timing3473         |   6    |    0     |  0   |    0     |  0   |   0   |  0   |   2    |   1   |   0    |   0    |   1    |
|        tbl_defense4_timing3511         |   6    |    0     |  0   |    0     |  0   |   0   |  0   |   2    |   1   |   0    |   0    |   1    |
|        tbl_defense4_timing3512         |   6    |    0     |  0   |    0     |  0   |   0   |  0   |   2    |   1   |   0    |   0    |   1    |
|        tbl_defense4_timing3519         |   6    |    0     |  0   |    0     |  0   |   0   |  0   |   2    |   1   |   0    |   0    |   1    |
|        tbl_defense4_timing3522         |   6    |    0     |  0   |    0     |  0   |   0   |  0   |   4    |   1   |   0    |   0    |   1    |
|        tbl_defense4_timing3523         |   6    |    0     |  0   |    0     |  0   |   0   |  0   |   4    |   1   |   0    |   0    |   1    |
|        tbl_defense4_timing3524         |   6    |    0     |  0   |    0     |  0   |   0   |  0   |   4    |   1   |   0    |   0    |   1    |
|          Ingress.reg_bor_topj          |   7    |    8     |  0   |    0     |  2   |   0   |  2   |   0    |   0   |   0    |   0    |   0    |
|          Ingress.reg_deadline          |   7    |    8     |  0   |    0     |  2   |   0   |  2   |   0    |   0   |   0    |   0    |   0    |
|           Ingress.reg_tresp            |   7    |    8     |  0   |    0     |  2   |   0   |  2   |   0    |   0   |   0    |   0    |   0    |
|          Ingress.tbl_hold_ok           |   7    |    4     |  0   |    0     |  1   |   1   |  0   |   4    |   3   |   0    |   0    |   1    |
|       Ingress.tbl_resp_deadline        |   7    |    20    |  0   |    0     |  1   |   4   |  0   |   4    |   4   |   0    |   0    |   1    |
|        Ingress.tbl_state_decode        |   7    |    15    |  0   |    0     |  1   |   3   |  0   |   4    |   24  |   0    |   0    |   1    |
|         Ingress.tbl_txn_active         |   7    |    7     |  0   |    0     |  1   |   2   |  0   |   0    |   3   |   0    |   0    |   1    |
|                cond-103                |   7    |    1     |  0   |    1     |  0   |   0   |  0   |   0    |   0   |   1    |   0    |   0    |
|                cond-104                |   7    |    2     |  0   |    1     |  0   |   0   |  0   |   0    |   0   |   1    |   0    |   0    |
|                cond-91                 |   7    |    1     |  0   |    1     |  0   |   0   |  0   |   0    |   0   |   1    |   0    |   0    |
|        tbl_defense4_timing3528         |   7    |    0     |  0   |    0     |  0   |   0   |  0   |   0    |   1   |   0    |   0    |   1    |
|        tbl_defense4_timing3529         |   7    |    0     |  0   |    0     |  0   |   0   |  0   |   0    |   1   |   0    |   0    |   1    |
|        tbl_defense4_timing3530         |   7    |    0     |  0   |    0     |  0   |   0   |  0   |   0    |   1   |   0    |   0    |   1    |
|          Ingress.reg_ack_rel           |   8    |    1     |  0   |    0     |  2   |   0   |  2   |   0    |   0   |   0    |   0    |   0    |
|         Ingress.tbl_decide_deq         |   8    |    21    |  0   |    0     |  1   |   4   |  0   |   4    |   2   |   0    |   0    |   1    |
|                cond-105                |   8    |    1     |  0   |    1     |  0   |   0   |  0   |   0    |   0   |   1    |   0    |   0    |
|                cond-92                 |   8    |    1     |  0   |    1     |  0   |   0   |  0   |   0    |   0   |   1    |   0    |   0    |
|                cond-93                 |   8    |    1     |  0   |    1     |  0   |   0   |  0   |   0    |   0   |   1    |   0    |   0    |
|        tbl_defense4_timing3489         |   8    |    0     |  0   |    0     |  0   |   0   |  0   |   2    |   1   |   0    |   0    |   1    |
|        tbl_defense4_timing3490         |   8    |    0     |  0   |    0     |  0   |   0   |  0   |   2    |   1   |   0    |   0    |   1    |
|        tbl_defense4_timing3496         |   8    |    0     |  0   |    0     |  0   |   0   |  0   |   2    |   1   |   0    |   0    |   1    |
|        Ingress.tbl_decide_fresh        |   9    |    17    |  0   |    0     |  1   |   4   |  0   |   4    |   4   |   0    |   0    |   1    |
|          Ingress.ctr_outcome           |   10   |    0     |  0   |    0     |  2   |   0   |  2   |   0    |   0   |   0    |   0    |   0    |
|           Ingress.tbl_commit           |   10   |    3     |  0   |    0     |  1   |   1   |  0   |   4    |   12  |   0    |   0    |   1    |
|         Ingress.tbl_held_owner         |   10   |    5     |  0   |    0     |  1   |   1   |  0   |   0    |   3   |   0    |   0    |   1    |
|                cond-106                |   10   |    3     |  0   |    1     |  0   |   0   |  0   |   0    |   0   |   1    |   0    |   0    |
|        tbl_defense4_timing3559         |   10   |    0     |  0   |    0     |  0   |   0   |  0   |   0    |   1   |   0    |   0    |   1    |
---------------------------------------------------------------------------------------------------------------------------------------------------

