/home/philip/Projects/DNP3/defense4/timing/case4_architecture/protocol/assembly/evidence/buckets_02/source/buckets.p4(10): [--Wwarn=uninitialized_out_param] warning: out parameter 'm' may be uninitialized when 'IgParser' terminates
parser IgParser(packet_in pkt,out headers_t hdr,out meta_t m,out ingress_intrinsic_metadata_t ig){
                                                           ^
/home/philip/Projects/DNP3/defense4/timing/case4_architecture/protocol/assembly/evidence/buckets_02/source/buckets.p4(10)
parser IgParser(packet_in pkt,out headers_t hdr,out meta_t m,out ingress_intrinsic_metadata_t ig){
       ^^^^^^^^
/home/philip/Projects/DNP3/defense4/timing/case4_architecture/protocol/assembly/evidence/buckets_02/source/buckets.p4(165): [--Wwarn=uninitialized_out_param] warning: out parameter 'm' may be uninitialized when 'EgParser' terminates
parser EgParser(packet_in pkt,out headers_t hdr,out meta_t m,out egress_intrinsic_metadata_t eg){state start{pkt.extract(eg);transition accept;}}
                                                           ^
/home/philip/Projects/DNP3/defense4/timing/case4_architecture/protocol/assembly/evidence/buckets_02/source/buckets.p4(165)
parser EgParser(packet_in pkt,out headers_t hdr,out meta_t m,out egress_intrinsic_metadata_t eg){state start{pkt.extract(eg);transition accept;}}
       ^^^^^^^^
warning: Parser state min_parse_depth_accept_loop will be unrolled up to 4 times due to @pragma max_loop_depth.
warning: Parser state min_parse_depth_accept_loop will be unrolled up to 4 times due to @pragma max_loop_depth.
error: /home/philip/Projects/DNP3/defense4/timing/case4_architecture/protocol/assembly/evidence/buckets_02/source/buckets.p4(26): Could not place table Ingress.read_0_t: The table read_0_t_0 could not fit within the input crossbar by itself: Ingress.bucket_0 requires more than 2 PHV inputs
table read_0_t{actions={read_0;}size=1;const default_action=read_0();}
      ^^^^^^^^

error: /home/philip/Projects/DNP3/defense4/timing/case4_architecture/protocol/assembly/evidence/buckets_02/source/buckets.p4(38): Could not place table Ingress.read_1_t: The table read_1_t_0 could not fit within the input crossbar by itself: Ingress.bucket_1 requires more than 2 PHV inputs
table read_1_t{actions={read_1;}size=1;const default_action=read_1();}
      ^^^^^^^^

Number of errors exceeded set maximum of 1


2 errors, 4 warnings generated.

