/home/philip/Projects/DNP3/defense4/timing/case4_architecture/integration/evidence/native_05/source/native_binding.p4(95): [--Wwarn=unused] warning: Table syn_shapes is not used; removing
 table syn_shapes{key={m.direction:exact;hdr.tcp.flags:exact;hdr.mss.kind:exact;hdr.mss.len:exact;hdr.mss.value:range;}
       ^^^^^^^^^^
/home/philip/Projects/DNP3/defense4/timing/case4_architecture/integration/evidence/native_05/source/native_binding.p4(99): [--Wwarn=unused] warning: Table short_shapes is not used; removing
 table short_shapes{key={m.direction:exact;hdr.tcp.flags:exact;}
       ^^^^^^^^^^^^
/home/philip/Projects/DNP3/defense4/timing/case4_architecture/integration/evidence/native_05/source/native_binding.p4(128): [--Wwarn=unused] warning: Table available_t is not used; removing
 table available_t{key={m.generation:exact;}actions={available;NoAction;}size=1;const entries={32w0:NoAction();}const default_action=available();}
       ^^^^^^^^^^^
/home/philip/Projects/DNP3/defense4/timing/case4_architecture/integration/evidence/native_05/source/native_binding.p4(174): [--Wwarn=unused] warning: Table epoch_guard is not used; removing
 table epoch_guard{key={m.epoch_diff:exact;}actions={epoch_ok;NoAction;}size=1;const entries={32w0:epoch_ok();}const default_action=NoAction();}
       ^^^^^^^^^^^
/home/philip/Projects/DNP3/defense4/timing/case4_architecture/integration/evidence/native_05/source/native_binding.p4(34): [--Wwarn=uninitialized_out_param] warning: out parameter 'm' may be uninitialized when 'IgParser' terminates
parser IgParser(packet_in pkt,out headers_t hdr,out meta_t m,out ingress_intrinsic_metadata_t ig){
                                                           ^
/home/philip/Projects/DNP3/defense4/timing/case4_architecture/integration/evidence/native_05/source/native_binding.p4(34)
parser IgParser(packet_in pkt,out headers_t hdr,out meta_t m,out ingress_intrinsic_metadata_t ig){
       ^^^^^^^^
/home/philip/Projects/DNP3/defense4/timing/case4_architecture/integration/evidence/native_05/source/native_binding.p4(363): [--Wwarn=uninitialized_out_param] warning: out parameter 'm' may be uninitialized when 'EgParser' terminates
parser EgParser(packet_in pkt,out headers_t hdr,out meta_t m,out egress_intrinsic_metadata_t eg){state start{pkt.extract(eg);transition accept;}}
                                                           ^
/home/philip/Projects/DNP3/defense4/timing/case4_architecture/integration/evidence/native_05/source/native_binding.p4(363)
parser EgParser(packet_in pkt,out headers_t hdr,out meta_t m,out egress_intrinsic_metadata_t eg){state start{pkt.extract(eg);transition accept;}}
       ^^^^^^^^
warning: checksum.get() will deprecate in future versions. Please use void subtract_all_and_deposit(bit<16>) instead
warning: Parser state min_parse_depth_accept_loop will be unrolled up to 4 times due to @pragma max_loop_depth.
warning: checksum.get() will deprecate in future versions. Please use void subtract_all_and_deposit(bit<16>) instead
warning: Parser state min_parse_depth_accept_loop will be unrolled up to 4 times due to @pragma max_loop_depth.
/home/philip/Projects/DNP3/defense4/timing/case4_architecture/integration/evidence/native_05/source/native_binding.p4(111): error: : Not all applies of table Ingress.input_head_t are mutually exclusive
table input_head_t{actions={input_head;}size=1;const default_action=input_head();}
      ^^^^^^^^^^^^
/home/philip/Projects/DNP3/defense4/timing/case4_architecture/integration/evidence/native_05/source/native_binding.p4(120): error: : Not all applies of table Ingress.response_crc0_t are mutually exclusive
table response_crc0_t{actions={response_crc0;}size=1;const default_action=response_crc0();}
      ^^^^^^^^^^^^^^^
Number of errors exceeded set maximum of 1


2 errors, 10 warnings generated.

