{
  "identity": {
    "defense4/timing/response_ready/src/defense4_response_ready.p4": "cac84a26aea5233ae01cb0f7ac220bded92a7a74c5005133dd8eeca2e53ca87a",
    "defense4/timing/framework/tests/p4_pass_sim.py": "4218f8c794d146632a0f1bbc7df90769ad56dfa69d0a4433b02731d95722f331",
    "defense4/timing/framework/tests/test_case4_drain_parity.py": "243946e74caa26ca3971d407577de7dc3199260f89f4fda97adf3ea53023529e",
    "defense4/timing/framework/tests/test_case4_packet_parity.py": "b3043efc6b7a15dbf09ad638a6b359c59ad407b142a3e4c6bdf6712a3d77b74d",
    "defense4/timing/framework/tests/test_model_vs_p4.py": "86e876fc2bb34d08d5655f9c9bf6521ae4ebd25b784e24314d37d4bc74454329"
  },
  "modules": [
    "test_case4_drain_parity",
    "test_case4_packet_parity",
    "test_model_vs_p4"
  ]
}
test_duplicate_ack_never_creates_second_original (test_case4_drain_parity.DrainParity) ... ok
test_quarantine_waits_for_both_originals_and_matching_completion (test_case4_drain_parity.DrainParity) ... ok
test_source_duplicate_guard_mutation_drives_packet_drop (test_case4_drain_parity.DrainParity) ... ok
test_source_enclosing_predicate_mutation_blocks_terminal_removal (test_case4_drain_parity.DrainParity) ... ok
test_source_removal_operand_mutation_changes_actual_credit (test_case4_drain_parity.DrainParity) ... ok
test_stale_original_cannot_remove_current_credit (test_case4_drain_parity.DrainParity) ... ok
test_associated_pending_duplicate_is_suppressed (test_case4_packet_parity.ExpiryPackets) ... ok
test_both_lost_reservoirs_are_recovered_without_endpoint_feedback (test_case4_packet_parity.ExpiryPackets) ... ok
test_enabled_single_reservoir_loss_rechecks_held_departure (test_case4_packet_parity.ExpiryPackets) ... ok
test_late_ready_response_preserves_full_gap_beyond_readiness_expiry (test_case4_packet_parity.ExpiryPackets) ... ok
test_readiness_scan_cannot_cut_gap_at_admitted_boundary (test_case4_packet_parity.ExpiryPackets) ... 