Stage advance for pipe pipe INITIAL not ignoring container conflicts
Stage 0
  exact ixbar groups                  ternary ixbar groups
  B0D0A0C0........................  .......... .. ..........
  ................................  .......... .. ..........
  ................................  .......... .. ..........
  ................................  .......... .. ..........
  ................................  .......... .. ..........
  ................................  .......... .. ..........
  ................................
  ................................
     A B4 (tbl_enqueue_0)
     B B6 (tbl_drop_pkt$gw)
     C B7 (tbl_enqueue_0$gw)
     D B8 (tbl_drop_pkt_0$gw)
  hash select bits  Groups  hd  /- hash dist bits --- (Groups: -1 -1)
  A... ............  A0001  ... ................................................
  .... ............  .0000  ... ................................................
  .... ............  .0000  ... ................................................
  .... ............  .0000  ... ................................................
  .... ............  .0000  ... ................................................
  .... ............  .0000  ... ................................................
  .... ............  .0000  ... ................................................
  .... ............  .0000  ... ................................................
  .... ............         ... ................................................
  .... ............         ... ................................................
  .... ............         ... ................................................
  .... ............         ... ................................................
  .... ............         ... ................................................
  .... ............         ... ................................................
  .... ............         ... ................................................
  .... ............         ... ................................................
     A tbl_enqueue_0
  
  tc  sb  rb  tib ab  st  srams       mapram  ov  gw pay 2p
  ..  ..  ..  LK  ..  ..  ..........  ......  ..  CA  ..  .
  ..  ..  ..  HD  ..  ..  ..........  ......  ..  ..  ..  .
  ..  ..  ..  GB  ..  ..  ..........  ......  ..  ..  ..  .
  ..  ..  ..  I.  ..  ..  ..........  ......  ..  ..  ..  .
  ..  ..  ..  ..  ..  ..  ..........  ......  ..  ..  ..  .
  ..  ..  ..  ..  ..  ..  ..........  ......  ..  ..  ..  .
  ..  ..  ..  ..  ..  ..  ....JJ....  JJ....  ..  ..  ..  .
  ..  E.  ..  ..  ..  ..  E.........  ......  ..  F.  ..  .
  ..                                                      
  ..                                                      
  ..                                                      
  ..                                                      
     A tbl_drop_pkt$gw
     B tbl_drop_pkt$tind
     C tbl_drop_pkt_0$gw
     D tbl_drop_pkt_0$tind
     E tbl_enqueue_0
     F tbl_enqueue_0$gw
     G tbl_four_queue_oracle273$tind
     H tbl_four_queue_oracle278$tind
     I tbl_four_queue_oracle288$tind
     J tbl_four_queue_oracle290$stats.Ingress.ctr_oracle
     K tbl_four_queue_oracle290$tind
     L tbl_to_hulk$tind
  
