/home/philip/Projects/DNP3/defense4/timing/case4_architecture/ownership/evidence/held_original_03/source/held_original_probe.p4(43): [--Wwarn=uninitialized_out_param] warning: out parameter 'md' may be uninitialized when 'IngressParser' terminates
parser IngressParser(packet_in pkt, out header_t hdr, out metadata_t md,
                                                                     ^^
/home/philip/Projects/DNP3/defense4/timing/case4_architecture/ownership/evidence/held_original_03/source/held_original_probe.p4(43)
parser IngressParser(packet_in pkt, out header_t hdr, out metadata_t md,
       ^^^^^^^^^^^^^
/home/philip/Projects/DNP3/defense4/timing/case4_architecture/ownership/evidence/held_original_03/source/probe_shell.p4(4): [--Wwarn=uninitialized_out_param] warning: out parameter 'md' may be uninitialized when 'EmptyEgressParser' terminates
parser EmptyEgressParser(packet_in pkt, out header_t hdr, out metadata_t md,
                                                                         ^^
/home/philip/Projects/DNP3/defense4/timing/case4_architecture/ownership/evidence/held_original_03/source/probe_shell.p4(4)
parser EmptyEgressParser(packet_in pkt, out header_t hdr, out metadata_t md,
       ^^^^^^^^^^^^^^^^^
warning: checksum.get() will deprecate in future versions. Please use void subtract_all_and_deposit(bit<16>) instead
warning: Parser state min_parse_depth_accept_loop will be unrolled up to 4 times due to @pragma max_loop_depth.
warning: checksum.get() will deprecate in future versions. Please use void subtract_all_and_deposit(bit<16>) instead
warning: Parser state min_parse_depth_accept_loop will be unrolled up to 4 times due to @pragma max_loop_depth.
/home/philip/Projects/DNP3/defense4/timing/case4_architecture/ownership/evidence/held_original_03/source/original_credit.p4(37): [--Werror=target-error] error: Cannot specify credits_read_credit as the default action, as it requires the hash distribution unit.
    action read_credit() { result = read.execute(index); }
           ^^^^^^^^^^^

1 error, 6 warnings generated.

Skipping assembler, assembly file is empty
