+---------------------------------------------------------------------+
|  Log file: pa.results.log                                           |
|  Compiler version: 9.13.2                                           |
|  Created on: Fri Oct  9 19:19:55 2026                               |
|  Run ID: af16122364ed426e                                           |
+---------------------------------------------------------------------+

Allocation state: Final Allocation
------------------------------------------------------------------------------
|       PHV Group        | Containers Used |   Bits Used   | Bits Available |
| (container bit widths) |     (% used)    |    (% used)   |                |
------------------------------------------------------------------------------
|         0 (32)         |    0 (0.00%)    |   0 (0.00%)   |      512       |
|         1 (32)         |   16 (100.00%)  | 512 (100.00%) |      512       |
|         2 (32)         |   16 (100.00%)  | 512 (100.00%) |      512       |
|         3 (32)         |    4 (25.00%)   |  128 (25.00%) |      512       |
|    Total for 32 bit    |   36 (56.25%)   | 1152 (56.25%) |      2048      |
|                        |                 |               |                |
|         4 (8)          |    2 (12.50%)   |   6 (4.69%)   |      128       |
|         5 (8)          |   16 (100.00%)  |  72 (56.25%)  |      128       |
|         6 (8)          |   16 (100.00%)  | 128 (100.00%) |      128       |
|         7 (8)          |    5 (31.25%)   |  40 (31.25%)  |      128       |
|    Total for 8 bit     |   39 (60.94%)   |  246 (48.05%) |      512       |
|                        |                 |               |                |
|         8 (16)         |    2 (12.50%)   |   19 (7.42%)  |      256       |
|         9 (16)         |   16 (100.00%)  |  250 (97.66%) |      256       |
|        10 (16)         |    8 (50.00%)   |  125 (48.83%) |      256       |
|        11 (16)         |    0 (0.00%)    |   0 (0.00%)   |      256       |
|        12 (16)         |    0 (0.00%)    |   0 (0.00%)   |      256       |
|        13 (16)         |    0 (0.00%)    |   0 (0.00%)   |      256       |
|    Total for 16 bit    |   26 (27.08%)   |  394 (25.65%) |      1536      |
|                        |                 |               |                |
|       14 (32) T        |    7 (43.75%)   |  224 (43.75%) |      512       |
|       15 (32) T        |    0 (0.00%)    |   0 (0.00%)   |      512       |
|    Total for 32 bit    |    7 (21.88%)   |  224 (21.88%) |      1024      |
|                        |                 |               |                |
|        16 (8) T        |    7 (43.75%)   |  56 (43.75%)  |      128       |
|        17 (8) T        |    0 (0.00%)    |   0 (0.00%)   |      128       |
|    Total for 8 bit     |    7 (21.88%)   |  56 (21.88%)  |      256       |
|                        |                 |               |                |
|       18 (16) T        |   12 (75.00%)   |  192 (75.00%) |      256       |
|       19 (16) T        |    0 (0.00%)    |   0 (0.00%)   |      256       |
|       20 (16) T        |    0 (0.00%)    |   0 (0.00%)   |      256       |
|    Total for 16 bit    |   12 (25.00%)   |  192 (25.00%) |      768       |
|                        |                 |               |                |
|       MAU total        |   101 (45.09%)  | 1792 (43.75%) |      4096      |
|     Tagalong total     |   26 (23.21%)   |  472 (23.05%) |      2048      |
|     Overall total      |   127 (37.80%)  | 2264 (36.85%) |      6144      |
------------------------------------------------------------------------------

--------------------------------------------
PHV Allocation
--------------------------------------------

Allocations in Group 1 32 bits
  32-bit PHV 16 (egress): phv16[31:0] = m.front_ret[31:0]
  32-bit PHV 16 (egress): phv16[31:0] = m.r[31:0]
  32-bit PHV 16 (egress): phv16[31:0] = $tmp40[31:0]
  32-bit PHV 17 (egress): phv17[31:0] = m.q[31:0]
  32-bit PHV 17 (egress): phv17[31:0] = $tmp41[31:0]
  32-bit PHV 18 (egress): phv18[31:0] = hdr.tcp.seq[31:0] (deparsed)
  32-bit PHV 19 (egress): phv19[31:0] = m.p[31:0]
  32-bit PHV 19 (egress): phv19[7:0] = m.enable[7:0]
  32-bit PHV 20 (egress): phv20[31:0] = m.pm[31:0]
  32-bit PHV 21 (egress): phv21[31:0] = m.leff[31:0]
  32-bit PHV 22 (egress): phv22[31:0] = m.t[31:0]
  32-bit PHV 23 (egress): phv23[31:0] = m.y[31:0]
  32-bit PHV 24 (egress): phv24[31:0] = m.z[31:0]
  32-bit PHV 25 (egress): phv25[31:0] = hdr.tcp.ack[31:0] (deparsed)
  32-bit PHV 26 (egress): phv26[31:0] = m.ina[31:0]
  32-bit PHV 27 (egress): phv27[31:0] = m.s_end[31:0]
  32-bit PHV 28 (egress): phv28[31:0] = m.ack_inv[31:0] (deparsed)
  32-bit PHV 29 (egress): phv29[31:0] = m.qx[31:0]
  32-bit PHV 30 (egress): phv30[31:0] = hdr.ctn.off[31:0] (deparsed)
  32-bit PHV 31 (egress): phv31[31:0] = hdr.ctp1.off[31:0] (deparsed)
  >> 0 in ingress and 16 in egress

Allocations in Group 2 32 bits
  32-bit PHV 32 (egress): phv32[31:24] = hdr.dl.len[7:0] (deparsed)
  32-bit PHV 32 (egress): phv32[23:16] = hdr.dl.ctrl[7:0] (deparsed)
  32-bit PHV 32 (egress): phv32[15:0] = hdr.dl.dst[15:0] (deparsed)
  32-bit PHV 33 (egress): phv33[31:24] = hdr.rb0.g_start[7:0] (deparsed)
  32-bit PHV 33 (egress): phv33[23:16] = hdr.rb0.g_stop[7:0] (deparsed)
  32-bit PHV 33 (egress): phv33[15:0] = hdr.rb0.data_mid[47:32] (deparsed)
  32-bit PHV 34 (egress): phv34[31:24] = hdr.rb0.func[7:0] (deparsed)
  32-bit PHV 34 (egress): phv34[23:8] = hdr.rb0.iin[15:0] (deparsed)
  32-bit PHV 34 (egress): phv34[7:0] = hdr.rb0.g_group[7:0] (deparsed)
  32-bit PHV 35 (egress): phv35[31:16] = hdr.cb0.index[15:0] (deparsed)
  32-bit PHV 35 (egress): phv35[15:8] = hdr.cb0.crob_code[7:0] (deparsed)
  32-bit PHV 35 (egress): phv35[7:0] = hdr.cb0.crob_count[7:0] (deparsed)
  32-bit PHV 36 (egress): phv36[31:24] = hdr.cb0.g_var[7:0] (deparsed)
  32-bit PHV 36 (egress): phv36[23:16] = hdr.cb0.g_qual[7:0] (deparsed)
  32-bit PHV 36 (egress): phv36[15:0] = hdr.cb0.g_count[15:0] (deparsed)
  32-bit PHV 37 (egress): phv37[31:24] = hdr.cb0.func[7:0] (deparsed)
  32-bit PHV 37 (egress): phv37[23:8] = hdr.cb0.iin[15:0] (deparsed)
  32-bit PHV 37 (egress): phv37[7:0] = hdr.cb0.g_group[7:0] (deparsed)
  32-bit PHV 38 (egress): phv38[31:16] = hdr.tcp.sport[15:0] (deparsed)
  32-bit PHV 38 (egress): phv38[15:0] = hdr.tcp.dport[15:0] (deparsed)
  32-bit PHV 39 (egress): phv39[31:0] = hdr.ip.dst[31:0] (deparsed)
  32-bit PHV 40 (egress): phv40[31:0] = hdr.ip.src[31:0] (deparsed)
  32-bit PHV 41 (egress): phv41[31:0] = hdr.rb0.data_mid[31:0] (deparsed)
  32-bit PHV 42 (egress): phv42[31:0] = hdr.rb1.data[31:0] (deparsed)
  32-bit PHV 43 (egress): phv43[31:0] = hdr.rb1.data[63:32] (deparsed)
  32-bit PHV 44 (egress): phv44[31:0] = hdr.rb1.data[95:64] (deparsed)
  32-bit PHV 45 (egress): phv45[31:0] = hdr.rb1.data[127:96] (deparsed)
  32-bit PHV 46 (egress): phv46[31:0] = hdr.ctp1.filler_a[31:0] (deparsed)
  32-bit PHV 47 (egress): phv47[31:0] = hdr.ctp1.filler_a[63:32] (deparsed)
  >> 0 in ingress and 16 in egress

Allocations in Group 3 32 bits
  32-bit PHV 48 (egress): phv48[31:0] = hdr.rtp.filler[31:0] (deparsed)
  32-bit PHV 49 (egress): phv49[31:0] = hdr.rtp.filler[63:32] (deparsed)
  32-bit PHV 50 (egress): phv50[31:0] = hdr.ctp2.filler_b[31:0] (deparsed)
  32-bit PHV 51 (egress): phv51[31:0] = hdr.ctp2.filler_b[63:32] (deparsed)
  >> 0 in ingress and 4 in egress

Allocations in Group 4 8 bits
  8-bit PHV 64 (ingress): phv64[2:0] = ig_intr_md_for_dprsr.mirror_type[2:0] (deparsed)
  8-bit PHV 65 (ingress): phv65[2:0] = ig_intr_md_for_dprsr.drop_ctl[2:0] (deparsed)
  >> 2 in ingress and 0 in egress

Allocations in Group 5 8 bits
  8-bit PHV 80 (egress): phv80[0:0] = m.read_shape[0:0]
  8-bit PHV 81 (egress): phv81[0:0] = m.ctl_shape[0:0]
  8-bit PHV 82 (egress): phv82[0:0] = m.badh[0:0]
  8-bit PHV 83 (egress): phv83[0:0] = m.rbad0[0:0]
  8-bit PHV 84 (egress): phv84[0:0] = m.rbad1[0:0]
  8-bit PHV 85 (egress): phv85[0:0] = m.rbadt[0:0]
  8-bit PHV 86 (egress): phv86[0:0] = m.cbad0[0:0]
  8-bit PHV 87 (egress): phv87[0:0] = m.cbadt[0:0]
  8-bit PHV 88 (egress): phv88[7:7] = hdr.ip.checksum.$deparse_updated_csum_0[0:0] (deparsed)
  8-bit PHV 88 (egress): phv88[6:6] = hdr.ip.checksum.$deparse_original_csum[0:0] (deparsed)
  8-bit PHV 88 (egress): phv88[5:3] = eg_intr_md_for_dprsr.drop_ctl[2:0] (deparsed)
  8-bit PHV 88 (egress): phv88[2:0] = hdr.min_parse_depth_padding_0.$stkvalid[2:0]
  8-bit PHV 88 (egress): phv88[2:2] = hdr.min_parse_depth_padding_0[0].$valid[0:0] (deparsed)
  8-bit PHV 88 (egress): phv88[1:1] = hdr.min_parse_depth_padding_0[1].$valid[0:0] (deparsed)
  8-bit PHV 88 (egress): phv88[0:0] = hdr.min_parse_depth_padding_0[2].$valid[0:0] (deparsed)
  8-bit PHV 89 (egress): phv89[7:0] = hdr.ctn.status[7:0] (deparsed)
  8-bit PHV 90 (egress): phv90[7:0] = hdr.ctp1.status[7:0] (deparsed)
  8-bit PHV 91 (egress): phv91[7:0] = hdr.rtn.data_last[7:0] (deparsed)
  8-bit PHV 92 (egress): phv92[7:0] = hdr.rtp.data_last[7:0] (deparsed)
  8-bit PHV 93 (egress): phv93[7:0] = hdr.ctp1.filler_a[71:64] (deparsed)
  8-bit PHV 94 (egress): phv94[7:0] = hdr.rtp.filler[71:64] (deparsed)
  8-bit PHV 95 (egress): phv95[7:0] = hdr.cb0.on_hi[15:8] (deparsed)
  >> 0 in ingress and 16 in egress

Allocations in Group 6 8 bits
  8-bit PHV 96 (egress): phv96[7:0] = hdr.cb0.crc0[7:0] (deparsed)
  8-bit PHV 97 (egress): phv97[7:0] = hdr.tcp.flags[7:0] (deparsed)
  8-bit PHV 98 (egress): phv98[7:0] = hdr.rb0.crc0[15:8] (deparsed)
  8-bit PHV 99 (egress): phv99[7:0] = hdr.rb0.crc0[7:0] (deparsed)
  8-bit PHV 100 (egress): phv100[7:0] = hdr.rb1.crc1[15:8] (deparsed)
  8-bit PHV 101 (egress): phv101[7:0] = hdr.rb1.crc1[7:0] (deparsed)
  8-bit PHV 102 (egress): phv102[7:0] = hdr.rtp.crc2[7:0] (deparsed)
  8-bit PHV 103 (egress): phv103[7:0] = hdr.rtp.crc2[15:8] (deparsed)
  8-bit PHV 104 (egress): phv104[7:0] = m.rtcrc[15:8]
  8-bit PHV 104 (egress): phv104[7:0] = m.in_cb0[15:8]
  8-bit PHV 105 (egress): phv105[7:0] = m.rtcrc[7:0]
  8-bit PHV 105 (egress): phv105[7:0] = m.in_rb0[7:0]
  8-bit PHV 106 (egress): phv106[7:0] = m.wide[7:0]
  8-bit PHV 106 (egress): phv106[7:0] = m.in_rb0[15:8]
  8-bit PHV 107 (egress): phv107[7:0] = m.in_rb1[7:0]
  8-bit PHV 107 (egress): phv107[0:0] = m.changed[0:0]
  8-bit PHV 108 (egress): phv108[7:0] = m.in_rb1[15:8]
  8-bit PHV 109 (egress): phv109[7:0] = m.ip_odd[7:0]
  8-bit PHV 110 (egress): phv110[7:0] = m.tcp_odd[7:0]
  8-bit PHV 111 (egress): phv111[7:0] = m.has_mss[7:0]
  >> 0 in ingress and 16 in egress

Allocations in Group 7 8 bits
  8-bit PHV 112 (egress): phv112[7:0] = m.dir[7:0]
  8-bit PHV 113 (egress): phv113[7:0] = m.mode[7:0]
  8-bit PHV 114 (egress): phv114[7:0] = m.grant[7:0]
  8-bit PHV 115 (egress): phv115[7:0] = m.result[7:0]
  8-bit PHV 116 (egress): phv116[7:0] = m.shape[7:0]
  >> 0 in ingress and 5 in egress

Allocations in Group 8 16 bits
  16-bit PHV 128 (ingress): phv128[8:0] = ig_intr_md_for_tm.ucast_egress_port[8:0] (deparsed)
  16-bit PHV 129 (ingress): phv129[9:0] = $tmp4[9:0] (deparsed)
  16-bit PHV 129 (ingress): phv129[8:0] = ig_intr_md.ingress_port[8:0]
  >> 2 in ingress and 0 in egress

Allocations in Group 9 16 bits
  16-bit PHV 144 (egress): phv144[15:0] = hdr.ip.len[15:0] (deparsed)
  16-bit PHV 145 (egress): phv145[12:9] = m.idx[3:0]
  16-bit PHV 145 (egress): phv145[8:0] = eg_intr_md.egress_port[8:0] (deparsed)
  16-bit PHV 146 (egress): phv146[15:0] = hdr.dl.src[15:0] (deparsed)
  16-bit PHV 147 (egress): phv147[15:0] = m.dlcrc[15:0]
  16-bit PHV 147 (egress): phv147[15:8] = m.in_dl[7:0]
  16-bit PHV 147 (egress): phv147[7:0] = m.in_dl[15:8]
  16-bit PHV 148 (egress): phv148[15:0] = hdr.dl.crc[15:0] (deparsed)
  16-bit PHV 149 (egress): phv149[15:8] = hdr.cb0.on_hi[7:0] (deparsed)
  16-bit PHV 149 (egress): phv149[7:0] = hdr.cb0.crc0[15:8] (deparsed)
  16-bit PHV 150 (egress): phv150[15:0] = m.ctcrc1[15:0]
  16-bit PHV 150 (egress): phv150[15:8] = m.in_ct[7:0]
  16-bit PHV 150 (egress): phv150[7:0] = m.in_cb0[7:0]
  16-bit PHV 151 (egress): phv151[15:0] = hdr.tcp.window[15:0] (deparsed)
  16-bit PHV 152 (egress): phv152[15:8] = hdr.mss.kind[7:0] (deparsed)
  16-bit PHV 152 (egress): phv152[7:0] = hdr.mss.len[7:0] (deparsed)
  16-bit PHV 153 (egress): phv153[15:0] = hdr.ctn.on_lo[15:0] (deparsed)
  16-bit PHV 154 (egress): phv154[15:0] = hdr.ctp1.on_lo[15:0] (deparsed)
  16-bit PHV 155 (egress): phv155[15:8] = m.in_rt[7:0]
  16-bit PHV 155 (egress): phv155[7:0] = m.in_ct[15:8]
  16-bit PHV 156 (egress): phv156[15:0] = hdr.ctn.crc1[15:0] (deparsed)
  16-bit PHV 157 (egress): phv157[15:0] = hdr.ctp1.crc1[15:0] (deparsed)
  16-bit PHV 158 (egress): phv158[12:12] = hdr.ctn.$parsed[0:0]
  16-bit PHV 158 (egress): phv158[11:11] = hdr.rtn.$parsed[0:0]
  16-bit PHV 158 (egress): phv158[10:10] = m.pad[0:0]
  16-bit PHV 158 (egress): phv158[9:9] = hdr.tcp.checksum.$deparse_updated_csum_0[0:0] (deparsed)
  16-bit PHV 158 (egress): phv158[8:8] = hdr.tcp.checksum.$deparse_original_csum[0:0] (deparsed)
  16-bit PHV 158 (egress): phv158[7:0] = m.in_rt[15:8]
  16-bit PHV 159 (egress): phv159[15:0] = hdr.rtn.crc2[15:0] (deparsed)
  >> 0 in ingress and 16 in egress

Allocations in Group 10 16 bits
  16-bit PHV 160 (egress): phv160[15:8] = hdr.rb0.g_var[7:0] (deparsed)
  16-bit PHV 160 (egress): phv160[7:0] = hdr.rb0.g_qual[7:0] (deparsed)
  16-bit PHV 161 (egress): phv161[15:8] = hdr.rb0.tpctrl[7:0] (deparsed)
  16-bit PHV 161 (egress): phv161[7:0] = hdr.rb0.appctrl[7:0] (deparsed)
  16-bit PHV 162 (egress): phv162[15:8] = hdr.cb0.tpctrl[7:0] (deparsed)
  16-bit PHV 162 (egress): phv162[7:0] = hdr.cb0.appctrl[7:0] (deparsed)
  16-bit PHV 163 (egress): phv163[15:0] = hdr.dl.start[15:0] (deparsed)
  16-bit PHV 164 (egress): phv164[15:0] = hdr.ctp2.crc2[15:0] (deparsed)
  16-bit PHV 165 (egress): phv165[15:0] = hdr.ctp2.filler_b[79:64] (deparsed)
  16-bit PHV 166 (egress): phv166[12:12] = hdr.ctp2.$valid[0:0] (deparsed)
  16-bit PHV 166 (egress): phv166[11:11] = hdr.ctp1.$valid[0:0] (deparsed)
  16-bit PHV 166 (egress): phv166[10:10] = hdr.rtp.$valid[0:0] (deparsed)
  16-bit PHV 166 (egress): phv166[9:9] = hdr.mss.$valid[0:0] (deparsed)
  16-bit PHV 166 (egress): phv166[8:8] = hdr.ctn.$valid[0:0] (deparsed)
  16-bit PHV 166 (egress): phv166[7:7] = hdr.cb0.$valid[0:0] (deparsed)
  16-bit PHV 166 (egress): phv166[6:6] = hdr.rtn.$valid[0:0] (deparsed)
  16-bit PHV 166 (egress): phv166[5:5] = hdr.rb1.$valid[0:0]
  16-bit PHV 166 (egress): phv166[4:4] = hdr.rb0.$valid[0:0] (deparsed)
  16-bit PHV 166 (egress): phv166[3:3] = hdr.dl.$valid[0:0] (deparsed)
  16-bit PHV 166 (egress): phv166[2:2] = hdr.tcp.$valid[0:0] (deparsed)
  16-bit PHV 166 (egress): phv166[1:1] = hdr.ip.$valid[0:0] (deparsed)
  16-bit PHV 166 (egress): phv166[0:0] = hdr.eth.$valid[0:0] (deparsed)
  16-bit PHV 167 (egress): phv167[15:0] = m.len_delta[15:0] (deparsed)
  >> 0 in ingress and 8 in egress

Allocations in Group 14 32 bits (tagalong)
  32-bit PHV 256 (egress): phv256[31:29] = hdr.ip.flags[2:0] (tagalong capable) (deparsed)
  32-bit PHV 256 (egress): phv256[28:16] = hdr.ip.frag[12:0] (tagalong capable) (deparsed)
  32-bit PHV 256 (egress): phv256[15:8] = hdr.ip.ttl[7:0] (tagalong capable) (deparsed)
  32-bit PHV 256 (egress): phv256[7:0] = hdr.ip.proto[7:0] (tagalong capable) (deparsed)
  32-bit PHV 257 (egress): phv257[31:0] = hdr.eth.src[31:0] (tagalong capable) (deparsed)
  32-bit PHV 258 (egress): phv258[31:0] = hdr.eth.dst[31:0] (tagalong capable) (deparsed)
  32-bit PHV 259 (egress): phv259[31:0] = hdr.min_parse_depth_padding_0[0].packet_payload[31:0] (tagalong capable) (deparsed)
  32-bit PHV 260 (egress): phv260[31:0] = hdr.min_parse_depth_padding_0[1].packet_payload[63:32] (tagalong capable) (deparsed)
  32-bit PHV 261 (egress): phv261[31:0] = hdr.min_parse_depth_padding_0[2].packet_payload[31:0] (tagalong capable) (deparsed)
  32-bit PHV 262 (egress): phv262[31:0] = hdr.min_parse_depth_padding_0[2].packet_payload[63:32] (tagalong capable) (deparsed)
  >> 0 in ingress and 7 in egress

Allocations in Group 16 8 bits (tagalong)
  8-bit PHV 288 (egress): phv288[7:4] = hdr.tcp.offset[3:0] (tagalong capable) (deparsed)
  8-bit PHV 288 (egress): phv288[7:0] = hdr.min_parse_depth_padding_0[0].packet_payload[87:80] (tagalong capable) (deparsed)
  8-bit PHV 288 (egress): phv288[3:0] = hdr.tcp.reserved[3:0] (tagalong capable) (deparsed)
  8-bit PHV 289 (egress): phv289[7:0] = hdr.mss.mss[7:0] (tagalong capable) (deparsed)
  8-bit PHV 289 (egress): phv289[7:0] = hdr.min_parse_depth_padding_0[1].packet_payload[87:80] (tagalong capable) (deparsed)
  8-bit PHV 290 (egress): phv290[7:0] = hdr.mss.mss[15:8] (tagalong capable) (deparsed)
  8-bit PHV 290 (egress): phv290[7:0] = hdr.min_parse_depth_padding_0[2].packet_payload[87:80] (tagalong capable) (deparsed)
  8-bit PHV 291 (egress): phv291[7:0] = hdr.min_parse_depth_padding_0[1].packet_payload[71:64] (tagalong capable) (deparsed)
  8-bit PHV 292 (egress): phv292[7:0] = hdr.min_parse_depth_padding_0[1].packet_payload[79:72] (tagalong capable) (deparsed)
  8-bit PHV 293 (egress): phv293[7:0] = hdr.min_parse_depth_padding_0[2].packet_payload[71:64] (tagalong capable) (deparsed)
  8-bit PHV 294 (egress): phv294[7:0] = hdr.min_parse_depth_padding_0[2].packet_payload[79:72] (tagalong capable) (deparsed)
  >> 0 in ingress and 7 in egress

Allocations in Group 18 16 bits (tagalong)
  16-bit PHV 320 (egress): phv320[15:0] = m.r_residual[15:0] (tagalong capable) (deparsed)
  16-bit PHV 321 (egress): phv321[15:0] = hdr.tcp.urgent[15:0] (tagalong capable) (deparsed)
  16-bit PHV 321 (egress): phv321[15:0] = hdr.min_parse_depth_padding_0[0].packet_payload[47:32] (tagalong capable) (deparsed)
  16-bit PHV 322 (egress): phv322[15:0] = hdr.tcp.checksum[15:0] (tagalong capable) (deparsed)
  16-bit PHV 322 (egress): phv322[15:0] = hdr.min_parse_depth_padding_0[0].packet_payload[63:48] (tagalong capable) (deparsed)
  16-bit PHV 323 (egress): phv323[15:0] = hdr.min_parse_depth_padding_0[1].packet_payload[15:0] (tagalong capable) (deparsed)
  16-bit PHV 324 (egress): phv324[15:0] = hdr.min_parse_depth_padding_0[1].packet_payload[31:16] (tagalong capable) (deparsed)
  16-bit PHV 325 (egress): phv325[15:12] = hdr.ip.version[3:0] (tagalong capable) (deparsed)
  16-bit PHV 325 (egress): phv325[11:8] = hdr.ip.ihl[3:0] (tagalong capable) (deparsed)
  16-bit PHV 325 (egress): phv325[7:0] = hdr.ip.tos[7:0] (tagalong capable) (deparsed)
  16-bit PHV 326 (egress): phv326[15:0] = hdr.eth.type[15:0] (tagalong capable) (deparsed)
  16-bit PHV 327 (egress): phv327[15:0] = hdr.eth.src[47:32] (tagalong capable) (deparsed)
  16-bit PHV 328 (egress): phv328[15:0] = hdr.eth.dst[47:32] (tagalong capable) (deparsed)
  16-bit PHV 329 (egress): phv329[15:0] = hdr.ip.checksum[15:0] (tagalong capable) (deparsed)
  16-bit PHV 330 (egress): phv330[15:0] = hdr.ip.id[15:0] (tagalong capable) (deparsed)
  16-bit PHV 331 (egress): phv331[15:0] = hdr.min_parse_depth_padding_0[0].packet_payload[79:64] (tagalong capable) (deparsed)
  >> 0 in ingress and 12 in egress


Final POV layout (ingress):

Final POV layout (egress):
