[21:25:29] === ADVERSARIAL INJECTION MATRIX ===
[21:25:29] --- build inj_r1: swap + config + inject foreign gen 0xC1 seq=0 while 0xC0 live ---
[21:26:14] inj_r1 setup FAILs: 0
[21:26:15] inj_r1 -> Subscribe attempt #1
Subscribe response received 0
Binding with p4_name case_a_defense3_repair_candidate
Binding with p4_name case_a_defense3_repair_candidate successful!!
Received case_a_defense3_repair_candidate on GetForwarding on client 91, device 0
FAIL: pgen_inject value_set: Error(s):
	* At index 0: INVALID_ARGUMENT, 'Table Add failed table:pipe.IgParser.pgen_inject Invalid arguments'
[21:26:16] --- build inj_r1r2: swap + config + inject foreign gen 0xC1 seq=0 while 0xC0 live ---
[21:27:00] inj_r1r2 setup FAILs: 0
[21:27:01] inj_r1r2 -> Subscribe attempt #1
Subscribe response received 0
Binding with p4_name case_a_defense3_repair_candidate
Binding with p4_name case_a_defense3_repair_candidate successful!!
Received case_a_defense3_repair_candidate on GetForwarding on client 91, device 0
FAIL: pgen_inject value_set: Error(s):
	* At index 0: INVALID_ARGUMENT, 'Table Add failed table:pipe.IgParser.pgen_inject Invalid arguments'
[21:27:02] --- build inj_r1r2r3: swap + config + inject foreign gen 0xC1 seq=0 while 0xC0 live ---
[21:27:46] inj_r1r2r3 setup FAILs: 0
[21:27:47] inj_r1r2r3 -> Subscribe attempt #1
Subscribe response received 0
Binding with p4_name case_a_defense3_repair_candidate
Binding with p4_name case_a_defense3_repair_candidate successful!!
Received case_a_defense3_repair_candidate on GetForwarding on client 91, device 0
FAIL: pgen_inject value_set: Error(s):
	* At index 0: INVALID_ARGUMENT, 'Table Add failed table:pipe.IgParser.pgen_inject Invalid arguments'
[21:27:48] --- restoring ---
[21:28:31] RESTORED
[21:28:31] === DONE -> /home/philip/Projects/DNP3/defense3/evidence/inject/20260730T212529Z ===
