#pipeline pipe
#stage 0
^--------------- ---------------- ---------------- ---------------- ---- ----- -- -- tbl_defense4_timing3046(0,5) : ingress
A^-------------- ---------------- ---------------- ---------------- ---- ----- -- -- tbl_defense4_timing3107(0,5) : ingress
-B^------------- ---------------- ---------------- ---------------- ---- ----- -- -- tbl_build_exp_ack_0(0,5) : ingress
-B-^------------ ---------------- ---------------- ---------------- ---- ----- -- -- tbl_params_0(0,5) : ingress
-B--^----------- ---------------- ---------------- ---------------- ---- ----- -- -- tbl_defense4_timing3052(0,5) : ingress
-B---^---------- ---------------- ---------------- ---------------- ---- ----- -- -- tbl_session_0(0,5) : ingress
-B----^--------- ---------------- ---------------- ---------------- ---- ----- -- -- cond-54(0,5) : ingress
------C^-------- ---------------- ---------------- ---------------- ---- ----- -- -- tbl_defense4_timing3094(0,5) : ingress
-------D^------- ---------------- ---------------- ---------------- ---- ----- -- -- tbl_defense4_timing3095(0,5) : ingress
--------D^------ ---------------- ---------------- ---------------- ---- ----- -- -- tbl_defense4_timing3096(0,5) : ingress
-B--------^----- ---------------- ---------------- ---------------- ---- ----- -- -- tbl_defense4_timing3058(0,6) : ingress
-B---A-----^---- ---------------- ---------------- ---------------- ---- ----- -- -- cond-65(0,6) : ingress
-----------D^--- ---------------- ---------------- ---------------- ---- ----- -- -- tbl_defense4_timing3165(0,6) : ingress
------------D^-- ---------------- ---------------- ---------------- ---- ----- -- -- tbl_defense4_timing3171(0,6) : ingress
-------------D^- ---------------- ---------------- ---------------- ---- ----- -- -- tbl_defense4_timing3181(0,6) : ingress
-----------C---^ ---------------- ---------------- ---------------- ---- ----- -- -- tbl_defense4_timing3141(0,6) : ingress
#stage 1
-----E---------D ^--------------- ---------------- ---------------- ---- ----- -- -- tbl_defense4_timing3143(1,6) : ingress
-----E---------- D^-------------- ---------------- ---------------- ---- ----- -- -- tbl_defense4_timing3146(1,6) : ingress
-----E---------- -D^------------- ---------------- ---------------- ---- ----- -- -- tbl_defense4_timing3149(1,6) : ingress
-B-------------- ---^------------ ---------------- ---------------- ---- ----- -- -- tbl_read_release_params_0(0,6) : ingress
-B-------------- ----^----------- ---------------- ---------------- ---- ----- -- -- tbl_bor_params_0(0,5) : ingress
-BF--F---------- -----^---------- ---------------- ---------------- ---- ----- -- -- tbl_expected_ack_0(1,6) : ingress
-B---F---------- ------^--------- ---------------- ---------------- ---- ----- -- -- tbl_defense4_timing3199(1,6) : ingress
-B--G----------- -------^-------- ---------------- ---------------- ---- ----- -- -- tbl_build_now_0(1,6) : ingress
-B-------A------ --------^------- ---------------- ---------------- ---- ----- -- -- cond-58(0,6) : ingress
-------EEE------ --------C^------ ---------------- ---------------- ---- ----- -- -- tbl_defense4_timing3100(1,6) : ingress
---------------- ---------D^----- ---------------- ---------------- ---- ----- -- -- tbl_defense4_timing3101(1,6) : ingress
---------------- --------D--^---- ---------------- ---------------- ---- ----- -- -- tbl_defense4_timing3104(0,6) : ingress
---------------- -----------D^--- ---------------- ---------------- ---- ----- -- -- tbl_defense4_timing3105(0,6) : ingress
---------------- ----------D--^-- ---------------- ---------------- ---- ----- -- -- tbl_defense4_timing3102(1,6) : ingress
-B---H---------- --------------^- ---------------- ---------------- ---- ----- -- -- tbl_defense4_timing3197(1,6) : ingress
-----I---------- --------------D^ ---------------- ---------------- ---- ----- -- -- tbl_defense4_timing3198(1,6) : ingress
#stage 2
-B-A------A-JKLM JJH--FF-------IF ^--------------- ---------------- ---- ----- -- -- tbl_resp_authorise_0(2,7) : ingress
------------EE-- EEE------------- D^-------------- ---------------- ---- ----- -- -- cond-75(2,7) : ingress
---E---------MMM ---------------- -C^------------- ---------------- ---- ----- -- -- tbl_defense4_timing3217(2,7) : ingress
-------------MMM ---------------- --D^------------ ---------------- ---- ----- -- -- tbl_defense4_timing3219(2,7) : ingress
----------E-EE-- EEE------------- -D--^----------- ---------------- ---- ----- -- -- tbl_defense4_timing3222(2,8) : ingress
MN-L-G---------- ----L----------- -----^---------- ---------------- ---- ----- -- -- tbl_random_deadlines_0(1,6) : ingress
-N-------------- ---------------- ------^--------- ---------------- ---- ----- -- -- tbl_bor_codebook_0(1,7) : ingress
-B--------F----- ---------EEEGG-- -------^-------- ---------------- ---- ----- -- -- tbl_defense4_timing3301(2,7) : ingress
----------I----- ---------EEEEE-- -------D^------- ---------------- ---- ----- -- -- tbl_defense4_timing3302(2,7) : ingress
----------I----- ---------EEEEE-- --------D^------ ---------------- ---- ----- -- -- tbl_defense4_timing3303(2,7) : ingress
----------I----- ---------------- ---------D^----- ---------------- ---- ----- -- -- tbl_defense4_timing3304(2,7) : ingress
-B-------------- ---------EEEGG-- -----------^---- ---------------- ---- ----- -- -- tbl_defense4_timing3305(2,8) : ingress
---------------- ---------EEEEE-- -----------D^--- ---------------- ---- ----- -- -- tbl_defense4_timing3306(2,8) : ingress
---------------- ---------------- ------------D^-- ---------------- ---- ----- -- -- tbl_defense4_timing3313(2,8) : ingress
-B-A----------A- --A--A---EEEGG-- ---AA---------^- ---------------- ---- ----- -- -- cond-78(2,8) : ingress
-C-------------- ---------------- ---------------^ ---------------- ---- ----- -- -- tbl_defense4_timing3049(0,10) : ingress
#stage 3
---E--------EJII EEE------------- I-II----------C- ^--------------- ---- ----- -- -- tbl_defense4_timing3243(3,8) : ingress
------------EJII EEE------------- I-II------------ D^-------------- ---- ----- -- -- tbl_defense4_timing3247(3,8) : ingress
------------EJII EEE--M---------- I-II------------ -D^------------- ---- ----- -- -- tbl_defense4_timing3253(3,8) : ingress
------------EJII EEE------------- I-II------------ --D^------------ ---- ----- -- -- tbl_defense4_timing3269(3,8) : ingress
---E---------III -----M---------- I-II------------ ---C^----------- ---- ----- -- -- tbl_defense4_timing3264(3,8) : ingress
-------------III -----M---------- I-II------------ ----D^---------- ---- ----- -- -- tbl_defense4_timing3266(3,8) : ingress
-B-G------------ ---G---G-------- -----G---------- ------^--------- ---- ----- -- -- tbl_build_cand_resp_0(2,7) : ingress
-B-G------------ -------G-------- -----G---------- -------^-------- ---- ----- -- -- tbl_build_cand_0(2,7) : ingress
-B-------------- ----G--G-------- -----G---------- --------^------- ---- ----- -- -- tbl_defense4_timing3116(2,7) : ingress
-B-------------- -------G-------- ------G--------- ---------^------ ---- ----- -- -- tbl_defense4_timing3314(2,8) : ingress
-B-------------- ---------EEEGG-- -------EIIF----- ----------^----- ---- ----- -- -- tbl_defense4_timing3316(3,8) : ingress
---------------- ---------EEEEE-- --------III----- ----------D^---- ---- ----- -- -- tbl_defense4_timing3317(3,8) : ingress
---------------- ---------EEEEE-- --------III----- -----------D^--- ---- ----- -- -- tbl_defense4_timing3318(3,9) : ingress
-B-------------- ---------EEEGG-- -------------A-- -------------^-- ---- ----- -- -- cond-94(2,9) : ingress
---------------- ---------------- -----------EEE-- -------------C^- ---- ----- -- -- tbl_defense4_timing3322(3,9) : ingress
---------------- ---------------- -----------EEE-- --------------D^ ---- ----- -- -- tbl_defense4_timing3323(3,9) : ingress
#stage 4
---------------- ---------------- ---------------- ---------------D ^--- ----- -- -- tbl_defense4_timing3324(3,9) : ingress
-B-------------- ---------EEEGG-- ---------------- ------GGG------- -^-- ----- -- -- tbl_select_deadlines_0(3,8) : ingress
-B-------------- -----F---------- ---------------- --I-IF---------- --^- ----- -- -- tbl_txn_active_0(4,9) : ingress
-B-------------- ---------------- ---------------- ---------------- ---^ ----- -- -- tbl_defense4_timing3061(0,9) : ingress
#stage 5
-B----------IIA- IIF-FFFF-IIIFFIF ---------------- II-I-A---------- -O-- ^---- -- -- tbl_state_decode_0(4,9) : ingress
-B----------IIA- IIFFFFFF-IIIFFIF ---------------- II-I-A---------- -O-- -^--- -- -- tbl_resp_deadline_0(4,9) : ingress
-B-------------- -------F-IIIFF-- --------IIFIIF-- ---------F-IA--- -P-- PP^-- -- -- tbl_hold_ok_0(4,9) : ingress
-B----------EEA- EEG--F---------- ---------------- --I-IF---------- -L-- ---^- -- -- tbl_defense4_timing3284(4,9) : ingress
------------EE-- EEE--I---------- ---------------- --I-II---------- -M-- ---D^ -- -- tbl_defense4_timing3290(4,9) : ingress
#stage 6
-B-H---IIFP-QIA- IIFA-G---IIQFF-- -------RSST----- --E-EG----URP-II FFFP FAFIF ^- -- tbl_decide_fresh_0(5,10) : ingress
----------Q----- ---I-----IIIII-- -------I-------- ---------------- -I-I III-- D^ -- tbl_decide_deq_0(5,10) : ingress
#stage 7
VB-------------- ---------------- -----W---------- ---------------- ---- ----- EG ^- tbl_defense4_timing3353(6,11) : ingress
---------------- ---------------- ---------------F ---------------- ---- ----- IF -^ tbl_commit_0(6,11) : ingress
#dependencies
A :  ANTI_NEXT_TABLE_DATA
B :  CONTROL_DEFAULT_NEXT_TABLE
C :  CONTROL_COND_TRUE
D :  CONTROL_COND_FALSE
E :  ACTION_READ
F :  IXBAR_READ ANTI_NEXT_TABLE_DATA
G :  ACTION_READ ANTI_NEXT_TABLE_DATA
H :  IXBAR_READ ACTION_READ ANTI_NEXT_TABLE_DATA
I :  IXBAR_READ
J :  IXBAR_READ ACTION_READ
K :  IXBAR_READ ACTION_READ OUTPUT
L :  OUTPUT ANTI_NEXT_TABLE_DATA
M :  OUTPUT
N :  CONTROL_DEFAULT_NEXT_TABLE IXBAR_READ
O :  IXBAR_READ OUTPUT ANTI_NEXT_TABLE_DATA
P :  ANTI_ACTION_READ ANTI_NEXT_TABLE_DATA
Q :  IXBAR_READ ANTI_ACTION_READ
R :  ANTI_TABLE_READ ANTI_ACTION_READ
S :  IXBAR_READ ACTION_READ ANTI_TABLE_READ ANTI_ACTION_READ
T :  IXBAR_READ ACTION_READ ANTI_TABLE_READ ANTI_ACTION_READ ANTI_NEXT_TABLE_DATA
U :  ANTI_ACTION_READ
V :  ACTION_READ OUTPUT
W :  ACTION_READ OUTPUT ANTI_NEXT_TABLE_DATA

*** Table dependency chains (of minimum length 8) ***
#pipeline pipe
#stage 0
^--------------- ---------------- --------------- -------------- ------ ------ -- -- tbl_defense4_timing3046(0,5) : ingress
A^-------------- ---------------- --------------- -------------- ------ ------ -- -- tbl_defense4_timing3107(0,5) : ingress
-B^------------- ---------------- --------------- -------------- ------ ------ -- -- tbl_build_exp_ack_0(0,5) : ingress
-B-^------------ ---------------- --------------- -------------- ------ ------ -- -- tbl_params_0(0,5) : ingress
-B--^----------- ---------------- --------------- -------------- ------ ------ -- -- tbl_defense4_timing3052(0,5) : ingress
-B---^---------- ---------------- --------------- -------------- ------ ------ -- -- tbl_bor_params_0(0,5) : ingress
-B----^--------- ---------------- --------------- -------------- ------ ------ -- -- tbl_session_0(0,5) : ingress
-B-----^-------- ---------------- --------------- -------------- ------ ------ -- -- cond-54(0,5) : ingress
-------C^------- ---------------- --------------- -------------- ------ ------ -- -- tbl_defense4_timing3094(0,5) : ingress
--------D^------ ---------------- --------------- -------------- ------ ------ -- -- tbl_defense4_timing3095(0,5) : ingress
---------D^----- ---------------- --------------- -------------- ------ ------ -- -- tbl_defense4_timing3096(0,5) : ingress
-B---------^---- ---------------- --------------- -------------- ------ ------ -- -- tbl_defense4_timing3058(0,6) : ingress
-B----A-----^--- ---------------- --------------- -------------- ------ ------ -- -- cond-65(0,6) : ingress
------------D^-- ---------------- --------------- -------------- ------ ------ -- -- tbl_defense4_timing3165(0,6) : ingress
-------------D^- ---------------- --------------- -------------- ------ ------ -- -- tbl_defense4_timing3171(0,6) : ingress
--------------D^ ---------------- --------------- -------------- ------ ------ -- -- tbl_defense4_timing3181(0,6) : ingress
#stage 1
------------C--- ^--------------- --------------- -------------- ------ ------ -- -- tbl_defense4_timing3141(0,6) : ingress
------E--------- D^-------------- --------------- -------------- ------ ------ -- -- tbl_defense4_timing3143(1,6) : ingress
------E--------- -D^------------- --------------- -------------- ------ ------ -- -- tbl_defense4_timing3146(1,6) : ingress
------E--------- --D^------------ --------------- -------------- ------ ------ -- -- tbl_defense4_timing3149(1,6) : ingress
-B-------------- ----^----------- --------------- -------------- ------ ------ -- -- tbl_read_release_params_0(0,6) : ingress
FG-H-HI--------- -----^---------- --------------- -------------- ------ ------ -- -- tbl_random_deadlines_0(1,6) : ingress
-BJ---J--------- ------^--------- --------------- -------------- ------ ------ -- -- tbl_expected_ack_0(1,6) : ingress
-B----J--------- -------^-------- --------------- -------------- ------ ------ -- -- tbl_defense4_timing3199(1,6) : ingress
-B--I----------- --------^------- --------------- -------------- ------ ------ -- -- tbl_build_now_0(1,6) : ingress
-B--------A----- ---------^------ --------------- -------------- ------ ------ -- -- cond-58(0,6) : ingress
--------EEE----- ---------C^----- --------------- -------------- ------ ------ -- -- tbl_defense4_timing3100(1,6) : ingress
---------------- ----------D^---- --------------- -------------- ------ ------ -- -- tbl_defense4_timing3101(1,6) : ingress
---------------- ---------D--^--- --------------- -------------- ------ ------ -- -- tbl_defense4_timing3104(0,6) : ingress
---------------- ------------D^-- --------------- -------------- ------ ------ -- -- tbl_defense4_timing3105(0,6) : ingress
---------------- -----------D--^- --------------- -------------- ------ ------ -- -- tbl_defense4_timing3102(1,6) : ingress
-B----K--------- ---------------^ --------------- -------------- ------ ------ -- -- tbl_defense4_timing3197(1,6) : ingress
#stage 2
------L--------- ---------------D ^-------------- -------------- ------ ------ -- -- tbl_defense4_timing3198(1,6) : ingress
-B-I------------ ----II--I------- -^------------- -------------- ------ ------ -- -- tbl_build_cand_resp_0(2,7) : ingress
-B-I------------ -----I--I------- --^------------ -------------- ------ ------ -- -- tbl_build_cand_0(2,7) : ingress
-B---I---------- -----I--I------- ---^----------- -------------- ------ ------ -- -- tbl_defense4_timing3116(2,7) : ingress
-G-------------- ---------------- ----^---------- -------------- ------ ------ -- -- tbl_bor_codebook_0(1,7) : ingress
-B---------J---- ----------EEEII- -----^--------- -------------- ------ ------ -- -- tbl_defense4_timing3301(2,7) : ingress
-----------L---- ----------EEEEE- -----D^-------- -------------- ------ ------ -- -- tbl_defense4_timing3302(2,7) : ingress
-----------L---- ----------EEEEE- ------D^------- -------------- ------ ------ -- -- tbl_defense4_timing3303(2,7) : ingress
-----------L---- ---------------- -------D^------ -------------- ------ ------ -- -- tbl_defense4_timing3304(2,7) : ingress
-B-------------- ----------EEEII- ---------^----- -------------- ------ ------ -- -- tbl_defense4_timing3305(2,8) : ingress
---------------- ----------EEEEE- ---------D^---- -------------- ------ ------ -- -- tbl_defense4_timing3306(2,8) : ingress
---------------- ---------------- ----------D^--- -------------- ------ ------ -- -- tbl_defense4_timing3313(2,8) : ingress
-B-------------- ---------------- ------------^-- -------------- ------ ------ -- -- tbl_defense4_timing3061(0,9) : ingress
-B-------------- ----------EEEII- -----------A-^- -------------- ------ ------ -- -- cond-94(2,9) : ingress
-C-------------- ---------------- --------------^ -------------- ------ ------ -- -- tbl_defense4_timing3049(0,10) : ingress
#stage 3
---------------- ---------------- ---------EEE-C- ^------------- ------ ------ -- -- tbl_defense4_timing3322(3,9) : ingress
---------------- ---------------- ---------EEE--- D^------------ ------ ------ -- -- tbl_defense4_timing3323(3,9) : ingress
---------------- ---------------- --------------- -D^----------- ------ ------ -- -- tbl_defense4_timing3324(3,9) : ingress
-B-------------- ----------EEEII- -III----------- ---^---------- ------ ------ -- -- tbl_select_deadlines_0(3,8) : ingress
-B-A-------A-MNH FMMK--JJ-------L J-------------- ----^--------- ------ ------ -- -- tbl_resp_authorise_0(2,7) : ingress
-------------EE- -EEE------------ --------------- ----D^-------- ------ ------ -- -- cond-75(2,7) : ingress
---E----------FF F--------------- --------------- -----C^------- ------ ------ -- -- tbl_defense4_timing3217(2,7) : ingress
--------------FF F--------------- --------------- ------D^------ ------ ------ -- -- tbl_defense4_timing3219(2,7) : ingress
-----------E-EE- -EEE------------ --------------- -----D--^----- ------ ------ -- -- tbl_defense4_timing3222(2,8) : ingress
-B-------------- --------I------- ----I---------- ---------^---- ------ ------ -- -- tbl_defense4_timing3314(2,8) : ingress
-B-------------- ----------EEEII- -----ELLJ------ ----------^--- ------ ------ -- -- tbl_defense4_timing3316(3,8) : ingress
---------------- ----------EEEEE- ------LLL------ ----------D^-- ------ ------ -- -- tbl_defense4_timing3317(3,8) : ingress
---------------- ----------EEEEE- ------LLL------ -----------D^- ------ ------ -- -- tbl_defense4_timing3318(3,9) : ingress
-B-A-----------A ---A--A---EEEII- --------------- -------AA----^ ------ ------ -- -- cond-78(2,8) : ingress
#stage 4
---E---------EML LEEE------------ --------------- ----L-LL-----C ^----- ------ -- -- tbl_defense4_timing3243(3,8) : ingress
-------------EML LEEE------------ --------------- ----L-LL------ D^---- ------ -- -- tbl_defense4_timing3247(3,8) : ingress
-------------EML LEEE--F--------- --------------- ----L-LL------ -D^--- ------ -- -- tbl_defense4_timing3253(3,8) : ingress
-------------EML LEEE------------ --------------- ----L-LL------ --D^-- ------ -- -- tbl_defense4_timing3269(3,8) : ingress
---E----------LL L-----F--------- --------------- ----L-LL------ ---C^- ------ -- -- tbl_defense4_timing3264(3,8) : ingress
--------------LL L-----F--------- --------------- ----L-LL------ ----D^ ------ -- -- tbl_defense4_timing3266(3,8) : ingress
#stage 5
-B---J-------LLA -LLJ--JJJ-LLLJJL J-------------- ---O---------- LL-L-A ^----- -- -- tbl_state_decode_0(4,9) : ingress
-B-------------- ------J--------- --------------- -------------- --L-LJ -^---- -- -- tbl_txn_active_0(4,9) : ingress
-B---J-------LLA -LLJJ-JJJ-LLLJJL J-------------- ---O---------- LL-L-A --^--- -- -- tbl_resp_deadline_0(4,9) : ingress
-B-------------- --------J-LLLJJ- ------LLJLLJ--- ---P-----J-LA- ------ P-P^-- -- -- tbl_hold_ok_0(4,9) : ingress
-B-----------EEA -EEI--J--------- --------------- ---H---------- --L-LJ ----^- -- -- tbl_defense4_timing3284(4,9) : ingress
-------------EE- -EEE--L--------- --------------- ---F---------- --L-LL ----D^ -- -- tbl_defense4_timing3290(4,9) : ingress
#stage 6
-B-K----LLJP-QLA -LLJA-I---LLQJJ- -----RSST---P-- LLJJ------URP- --E-EI JJAJLJ ^- -- tbl_decide_fresh_0(5,10) : ingress
-----------Q---- ----L-----LLLLL- -----L------L-- ---L---------- ------ L-LL-- D^ -- tbl_decide_deq_0(5,10) : ingress
#stage 7
VB-------------- -----W---------- --------------- -------------- ------ ------ EI ^- tbl_defense4_timing3353(6,11) : ingress
---------------- ---------------- --------------J -------------- ------ ------ LJ -^ tbl_commit_0(6,11) : ingress
#dependencies
A :  ANTI_NEXT_TABLE_DATA
B :  CONTROL_DEFAULT_NEXT_TABLE
C :  CONTROL_COND_TRUE
D :  CONTROL_COND_FALSE
E :  ACTION_READ
F :  OUTPUT
G :  CONTROL_DEFAULT_NEXT_TABLE IXBAR_READ
H :  OUTPUT ANTI_NEXT_TABLE_DATA
I :  ACTION_READ ANTI_NEXT_TABLE_DATA
J :  IXBAR_READ ANTI_NEXT_TABLE_DATA
K :  IXBAR_READ ACTION_READ ANTI_NEXT_TABLE_DATA
L :  IXBAR_READ
M :  IXBAR_READ ACTION_READ
N :  IXBAR_READ ACTION_READ OUTPUT
O :  IXBAR_READ OUTPUT ANTI_NEXT_TABLE_DATA
P :  ANTI_ACTION_READ ANTI_NEXT_TABLE_DATA
Q :  IXBAR_READ ANTI_ACTION_READ
R :  ANTI_TABLE_READ ANTI_ACTION_READ
S :  IXBAR_READ ACTION_READ ANTI_TABLE_READ ANTI_ACTION_READ
T :  IXBAR_READ ACTION_READ ANTI_TABLE_READ ANTI_ACTION_READ ANTI_NEXT_TABLE_DATA
U :  ANTI_ACTION_READ
V :  ACTION_READ OUTPUT
W :  ACTION_READ OUTPUT ANTI_NEXT_TABLE_DATA

*** Table dependency chains (of minimum length 8) ***
#pipeline pipe
#stage 0
^--------------- ---------------- -------------- ----------- ---------- ------ -- -- tbl_defense4_timing3046(0,5) : ingress
A^-------------- ---------------- -------------- ----------- ---------- ------ -- -- tbl_defense4_timing3107(0,5) : ingress
-B^------------- ---------------- -------------- ----------- ---------- ------ -- -- tbl_defense4_timing3052(0,5) : ingress
-B-^------------ ---------------- -------------- ----------- ---------- ------ -- -- tbl_params_0(0,5) : ingress
-B--^----------- ---------------- -------------- ----------- ---------- ------ -- -- tbl_build_exp_ack_0(0,5) : ingress
-B---^---------- ---------------- -------------- ----------- ---------- ------ -- -- tbl_bor_params_0(0,5) : ingress
-B----^--------- ---------------- -------------- ----------- ---------- ------ -- -- tbl_session_0(0,5) : ingress
-B-----^-------- ---------------- -------------- ----------- ---------- ------ -- -- cond-54(0,5) : ingress
-------C^------- ---------------- -------------- ----------- ---------- ------ -- -- tbl_defense4_timing3094(0,5) : ingress
--------D^------ ---------------- -------------- ----------- ---------- ------ -- -- tbl_defense4_timing3095(0,5) : ingress
---------D^----- ---------------- -------------- ----------- ---------- ------ -- -- tbl_defense4_timing3096(0,5) : ingress
-B---------^---- ---------------- -------------- ----------- ---------- ------ -- -- tbl_defense4_timing3058(0,6) : ingress
-B----A-----^--- ---------------- -------------- ----------- ---------- ------ -- -- cond-65(0,6) : ingress
------------D^-- ---------------- -------------- ----------- ---------- ------ -- -- tbl_defense4_timing3165(0,6) : ingress
-------------D^- ---------------- -------------- ----------- ---------- ------ -- -- tbl_defense4_timing3171(0,6) : ingress
--------------D^ ---------------- -------------- ----------- ---------- ------ -- -- tbl_defense4_timing3181(0,6) : ingress
#stage 1
------------C--- ^--------------- -------------- ----------- ---------- ------ -- -- tbl_defense4_timing3141(0,6) : ingress
------E--------- D^-------------- -------------- ----------- ---------- ------ -- -- tbl_defense4_timing3143(1,6) : ingress
------E--------- -D^------------- -------------- ----------- ---------- ------ -- -- tbl_defense4_timing3146(1,6) : ingress
------E--------- --D^------------ -------------- ----------- ---------- ------ -- -- tbl_defense4_timing3149(1,6) : ingress
-B-------------- ----^----------- -------------- ----------- ---------- ------ -- -- tbl_read_release_params_0(0,6) : ingress
FG-H-HI--------- -----^---------- -------------- ----------- ---------- ------ -- -- tbl_random_deadlines_0(1,6) : ingress
-BI------------- ------^--------- -------------- ----------- ---------- ------ -- -- tbl_build_now_0(1,6) : ingress
-B--J-J--------- -------^-------- -------------- ----------- ---------- ------ -- -- tbl_expected_ack_0(1,6) : ingress
-B----J--------- --------^------- -------------- ----------- ---------- ------ -- -- tbl_defense4_timing3199(1,6) : ingress
-B--------A----- ---------^------ -------------- ----------- ---------- ------ -- -- cond-58(0,6) : ingress
--------EEE----- ---------C^----- -------------- ----------- ---------- ------ -- -- tbl_defense4_timing3100(1,6) : ingress
---------------- ----------D^---- -------------- ----------- ---------- ------ -- -- tbl_defense4_timing3101(1,6) : ingress
---------------- ---------D--^--- -------------- ----------- ---------- ------ -- -- tbl_defense4_timing3104(0,6) : ingress
---------------- ------------D^-- -------------- ----------- ---------- ------ -- -- tbl_defense4_timing3105(0,6) : ingress
---------------- -----------D--^- -------------- ----------- ---------- ------ -- -- tbl_defense4_timing3102(1,6) : ingress
-B----K--------- ---------------^ -------------- ----------- ---------- ------ -- -- tbl_defense4_timing3197(1,6) : ingress
#stage 2
------L--------- ---------------D ^------------- ----------- ---------- ------ -- -- tbl_defense4_timing3198(1,6) : ingress
-B-I------------ ----III--------- -^------------ ----------- ---------- ------ -- -- tbl_build_cand_resp_0(2,7) : ingress
-B-I------------ -----II--------- --^----------- ----------- ---------- ------ -- -- tbl_build_cand_0(2,7) : ingress
-B---I---------- -----II--------- ---^---------- ----------- ---------- ------ -- -- tbl_defense4_timing3116(2,7) : ingress
-G-------------- ---------------- ----^--------- ----------- ---------- ------ -- -- tbl_bor_codebook_0(1,7) : ingress
-B---------J---- ----------EEEII- -----^-------- ----------- ---------- ------ -- -- tbl_defense4_timing3301(2,7) : ingress
-----------L---- ----------EEEEE- -----D^------- ----------- ---------- ------ -- -- tbl_defense4_timing3302(2,7) : ingress
-----------L---- ----------EEEEE- ------D^------ ----------- ---------- ------ -- -- tbl_defense4_timing3303(2,7) : ingress
-----------L---- ---------------- -------D^----- ----------- ---------- ------ -- -- tbl_defense4_timing3304(2,7) : ingress
-B-------------- ----------EEEII- ---------^---- ----------- ---------- ------ -- -- tbl_defense4_timing3305(2,8) : ingress
---------------- ----------EEEEE- ---------D^--- ----------- ---------- ------ -- -- tbl_defense4_timing3306(2,8) : ingress
---------------- ---------------- ----------D^-- ----------- ---------- ------ -- -- tbl_defense4_timing3313(2,8) : ingress
-B-------------- ---------------- ------------^- ----------- ---------- ------ -- -- tbl_defense4_timing3061(0,9) : ingress
-C-------------- ---------------- -------------^ ----------- ---------- ------ -- -- tbl_defense4_timing3049(0,10) : ingress
#stage 3
-B-------------- ----------EEEII- -III---------- ^---------- ---------- ------ -- -- tbl_select_deadlines_0(3,8) : ingress
-B-A-------A-MNH FMMK---JJ------L J------------- -^--------- ---------- ------ -- -- tbl_resp_authorise_0(2,7) : ingress
-------------EE- -EEE------------ -------------- -D^-------- ---------- ------ -- -- cond-75(2,7) : ingress
---E----------FF F--------------- -------------- --C^------- ---------- ------ -- -- tbl_defense4_timing3217(2,7) : ingress
--------------FF F--------------- -------------- ---D^------ ---------- ------ -- -- tbl_defense4_timing3219(2,7) : ingress
-----------E-EE- -EEE------------ -------------- --D--^----- ---------- ------ -- -- tbl_defense4_timing3222(2,8) : ingress
-B-------------- ------I--------- ----I--------- ------^---- ---------- ------ -- -- tbl_defense4_timing3314(2,8) : ingress
-B-------------- ----------EEEII- -----ELLJ----- -------^--- ---------- ------ -- -- tbl_defense4_timing3316(3,8) : ingress
---------------- ----------EEEEE- ------LLL----- -------D^-- ---------- ------ -- -- tbl_defense4_timing3317(3,8) : ingress
---------------- ----------EEEEE- ------LLL----- --------D^- ---------- ------ -- -- tbl_defense4_timing3318(3,9) : ingress
-B-A-----------A ---A------EEEII- -------------- ----AA----^ ---------- ------ -- -- cond-78(2,8) : ingress
#stage 4
---E---------EML LEEE------------ -------------- -L-LL-----C ^--------- ------ -- -- tbl_defense4_timing3243(3,8) : ingress
-------------EML LEEE------------ -------------- -L-LL------ D^-------- ------ -- -- tbl_defense4_timing3247(3,8) : ingress
-------------EML LEEE------------ -------------- -L-LL------ -D^------- ------ -- -- tbl_defense4_timing3253(3,8) : ingress
-------------EML LEEE------------ -------------- -L-LL------ --D^------ ------ -- -- tbl_defense4_timing3269(3,8) : ingress
---E----------LL L--------------- -------------- -L-LL------ ---C^----- ------ -- -- tbl_defense4_timing3264(3,8) : ingress
--------------LL L--------------- -------------- -L-LL------ ----D^---- ------ -- -- tbl_defense4_timing3266(3,8) : ingress
-B-------------- ----------EEEII- -----------A-- ------A---- ------^--- ------ -- -- cond-94(2,9) : ingress
---------------- ---------------- ---------EEE-- ------F---- ------C^-- ------ -- -- tbl_defense4_timing3322(3,9) : ingress
---------------- ---------------- ---------EEE-- ------F---- -------D^- ------ -- -- tbl_defense4_timing3323(3,9) : ingress
---------------- ---------------- -------------- ------F---- --------D^ ------ -- -- tbl_defense4_timing3324(3,9) : ingress
#stage 5
-B---J-------LLA -LLJ--JJJ-LLLJJL J-H----------- O---------- LL-L-A---- ^----- -- -- tbl_state_decode_0(4,9) : ingress
-B-------------- ---------------- -------------- H---------- --L-LJ---- -^---- -- -- tbl_txn_active_0(4,9) : ingress
-B---J-------LLA -LLJJ-JJJ-LLLJJL J------------- O---------- LL-L-A---- --^--- -- -- tbl_resp_deadline_0(4,9) : ingress
-B-------------- ------J---LLLJJ- ------LLJLLJ-- P-----J-LA- ---------- P-P^-- -- -- tbl_hold_ok_0(4,9) : ingress
-B-----------EEA -EEI------------ -------------- H---------- --L-LJ---- ----^- -- -- tbl_defense4_timing3284(4,9) : ingress
-------------EE- -EEE------------ -------------- F---------- --L-LL---- ----D^ -- -- tbl_defense4_timing3290(4,9) : ingress
#stage 6
-B-K----LLJP-QLA -LLJA-----LLQJJ- --J--RSST---P- J-----JURP- --E-EI-LLJ JJAJLJ ^- -- tbl_decide_fresh_0(5,10) : ingress
-----------Q---- ----L-----LLLLL- --L--L------L- L---------- ---------- L-LL-- D^ -- tbl_decide_deq_0(5,10) : ingress
#stage 7
VB-------------- -----W---------- -------------- ----------- ---------- ------ EI ^- tbl_defense4_timing3353(6,11) : ingress
---------------- ---------------- -------------J ----------- ---------- ------ LJ -^ tbl_commit_0(6,11) : ingress
#dependencies
A :  ANTI_NEXT_TABLE_DATA
B :  CONTROL_DEFAULT_NEXT_TABLE
C :  CONTROL_COND_TRUE
D :  CONTROL_COND_FALSE
E :  ACTION_READ
F :  OUTPUT
G :  CONTROL_DEFAULT_NEXT_TABLE IXBAR_READ
H :  OUTPUT ANTI_NEXT_TABLE_DATA
I :  ACTION_READ ANTI_NEXT_TABLE_DATA
J :  IXBAR_READ ANTI_NEXT_TABLE_DATA
K :  IXBAR_READ ACTION_READ ANTI_NEXT_TABLE_DATA
L :  IXBAR_READ
M :  IXBAR_READ ACTION_READ
N :  IXBAR_READ ACTION_READ OUTPUT
O :  IXBAR_READ OUTPUT ANTI_NEXT_TABLE_DATA
P :  ANTI_ACTION_READ ANTI_NEXT_TABLE_DATA
Q :  IXBAR_READ ANTI_ACTION_READ
R :  ANTI_TABLE_READ ANTI_ACTION_READ
S :  IXBAR_READ ACTION_READ ANTI_TABLE_READ ANTI_ACTION_READ
T :  IXBAR_READ ACTION_READ ANTI_TABLE_READ ANTI_ACTION_READ ANTI_NEXT_TABLE_DATA
U :  ANTI_ACTION_READ
V :  ACTION_READ OUTPUT
W :  ACTION_READ OUTPUT ANTI_NEXT_TABLE_DATA

*** Table dependency chains (of minimum length 8) ***
#pipeline pipe
#stage 0
^--------------- ---------------- -------------- ----------- ---------- ------ -- -- tbl_defense4_timing3046(0,5) : ingress
A^-------------- ---------------- -------------- ----------- ---------- ------ -- -- tbl_defense4_timing3107(0,5) : ingress
-B^------------- ---------------- -------------- ----------- ---------- ------ -- -- tbl_defense4_timing3052(0,5) : ingress
-B-^------------ ---------------- -------------- ----------- ---------- ------ -- -- tbl_params_0(0,5) : ingress
-B--^----------- ---------------- -------------- ----------- ---------- ------ -- -- tbl_build_exp_ack_0(0,5) : ingress
-B---^---------- ---------------- -------------- ----------- ---------- ------ -- -- tbl_bor_params_0(0,5) : ingress
-B----^--------- ---------------- -------------- ----------- ---------- ------ -- -- tbl_session_0(0,5) : ingress
-B-----^-------- ---------------- -------------- ----------- ---------- ------ -- -- cond-54(0,5) : ingress
-------C^------- ---------------- -------------- ----------- ---------- ------ -- -- tbl_defense4_timing3094(0,5) : ingress
--------D^------ ---------------- -------------- ----------- ---------- ------ -- -- tbl_defense4_timing3095(0,5) : ingress
---------D^----- ---------------- -------------- ----------- ---------- ------ -- -- tbl_defense4_timing3096(0,5) : ingress
-B---------^---- ---------------- -------------- ----------- ---------- ------ -- -- tbl_defense4_timing3058(0,6) : ingress
-B----A-----^--- ---------------- -------------- ----------- ---------- ------ -- -- cond-65(0,6) : ingress
------------D^-- ---------------- -------------- ----------- ---------- ------ -- -- tbl_defense4_timing3165(0,6) : ingress
-------------D^- ---------------- -------------- ----------- ---------- ------ -- -- tbl_defense4_timing3171(0,6) : ingress
--------------D^ ---------------- -------------- ----------- ---------- ------ -- -- tbl_defense4_timing3181(0,6) : ingress
#stage 1
------------C--- ^--------------- -------------- ----------- ---------- ------ -- -- tbl_defense4_timing3141(0,6) : ingress
------E--------- D^-------------- -------------- ----------- ---------- ------ -- -- tbl_defense4_timing3143(1,6) : ingress
------E--------- -D^------------- -------------- ----------- ---------- ------ -- -- tbl_defense4_timing3146(1,6) : ingress
------E--------- --D^------------ -------------- ----------- ---------- ------ -- -- tbl_defense4_timing3149(1,6) : ingress
-B-------------- ----^----------- -------------- ----------- ---------- ------ -- -- tbl_read_release_params_0(0,6) : ingress
FG-H-HI--------- -----^---------- -------------- ----------- ---------- ------ -- -- tbl_random_deadlines_0(1,6) : ingress
-BI------------- ------^--------- -------------- ----------- ---------- ------ -- -- tbl_build_now_0(1,6) : ingress
-B--J-J--------- -------^-------- -------------- ----------- ---------- ------ -- -- tbl_expected_ack_0(1,6) : ingress
-B----J--------- --------^------- -------------- ----------- ---------- ------ -- -- tbl_defense4_timing3199(1,6) : ingress
-B--------A----- ---------^------ -------------- ----------- ---------- ------ -- -- cond-58(0,6) : ingress
--------EEE----- ---------C^----- -------------- ----------- ---------- ------ -- -- tbl_defense4_timing3100(1,6) : ingress
---------------- ----------D^---- -------------- ----------- ---------- ------ -- -- tbl_defense4_timing3101(1,6) : ingress
---------------- ---------D--^--- -------------- ----------- ---------- ------ -- -- tbl_defense4_timing3104(0,6) : ingress
---------------- ------------D^-- -------------- ----------- ---------- ------ -- -- tbl_defense4_timing3105(0,6) : ingress
---------------- -----------D--^- -------------- ----------- ---------- ------ -- -- tbl_defense4_timing3102(1,6) : ingress
-B----K--------- ---------------^ -------------- ----------- ---------- ------ -- -- tbl_defense4_timing3197(1,6) : ingress
#stage 2
------L--------- ---------------D ^------------- ----------- ---------- ------ -- -- tbl_defense4_timing3198(1,6) : ingress
-B-I------------ ----III--------- -^------------ ----------- ---------- ------ -- -- tbl_build_cand_resp_0(2,7) : ingress
-B-I------------ -----II--------- --^----------- ----------- ---------- ------ -- -- tbl_build_cand_0(2,7) : ingress
-B---I---------- -----II--------- ---^---------- ----------- ---------- ------ -- -- tbl_defense4_timing3116(2,7) : ingress
-G-------------- ---------------- ----^--------- ----------- ---------- ------ -- -- tbl_bor_codebook_0(1,7) : ingress
-B---------J---- ----------EEEII- -----^-------- ----------- ---------- ------ -- -- tbl_defense4_timing3301(2,7) : ingress
-----------L---- ----------EEEEE- -----D^------- ----------- ---------- ------ -- -- tbl_defense4_timing3302(2,7) : ingress
-----------L---- ----------EEEEE- ------D^------ ----------- ---------- ------ -- -- tbl_defense4_timing3303(2,7) : ingress
-----------L---- ---------------- -------D^----- ----------- ---------- ------ -- -- tbl_defense4_timing3304(2,7) : ingress
-B-------------- ----------EEEII- ---------^---- ----------- ---------- ------ -- -- tbl_defense4_timing3305(2,8) : ingress
---------------- ----------EEEEE- ---------D^--- ----------- ---------- ------ -- -- tbl_defense4_timing3306(2,8) : ingress
---------------- ---------------- ----------D^-- ----------- ---------- ------ -- -- tbl_defense4_timing3313(2,8) : ingress
-B-------------- ---------------- ------------^- ----------- ---------- ------ -- -- tbl_defense4_timing3061(0,9) : ingress
-C-------------- ---------------- -------------^ ----------- ---------- ------ -- -- tbl_defense4_timing3049(0,10) : ingress
#stage 3
-B-------------- ----------EEEII- -III---------- ^---------- ---------- ------ -- -- tbl_select_deadlines_0(3,8) : ingress
-B-A-------A-MNH FMMK---JJ------L J------------- -^--------- ---------- ------ -- -- tbl_resp_authorise_0(2,7) : ingress
-------------EE- -EEE------------ -------------- -D^-------- ---------- ------ -- -- cond-75(2,7) : ingress
---E----------FF F--------------- -------------- --C^------- ---------- ------ -- -- tbl_defense4_timing3217(2,7) : ingress
--------------FF F--------------- -------------- ---D^------ ---------- ------ -- -- tbl_defense4_timing3219(2,7) : ingress
-----------E-EE- -EEE------------ -------------- --D--^----- ---------- ------ -- -- tbl_defense4_timing3222(2,8) : ingress
-B-------------- ------I--------- ----I--------- ------^---- ---------- ------ -- -- tbl_defense4_timing3314(2,8) : ingress
-B-------------- ----------EEEII- -----ELLJ----- -------^--- ---------- ------ -- -- tbl_defense4_timing3316(3,8) : ingress
---------------- ----------EEEEE- ------LLL----- -------D^-- ---------- ------ -- -- tbl_defense4_timing3317(3,8) : ingress
---------------- ----------EEEEE- ------LLL----- --------D^- ---------- ------ -- -- tbl_defense4_timing3318(3,9) : ingress
-B-A-----------A ---A------EEEII- -------------- ----AA----^ ---------- ------ -- -- cond-78(2,8) : ingress
#stage 4
---E---------EML LEEE------------ -------------- -L-LL-----C ^--------- ------ -- -- tbl_defense4_timing3243(3,8) : ingress
-------------EML LEEE------------ -------------- -L-LL------ D^-------- ------ -- -- tbl_defense4_timing3247(3,8) : ingress
-------------EML LEEE------------ -------------- -L-LL------ -D^------- ------ -- -- tbl_defense4_timing3253(3,8) : ingress
-------------EML LEEE------------ -------------- -L-LL------ --D^------ ------ -- -- tbl_defense4_timing3269(3,8) : ingress
---E----------LL L--------------- -------------- -L-LL------ ---C^----- ------ -- -- tbl_defense4_timing3264(3,8) : ingress
--------------LL L--------------- -------------- -L-LL------ ----D^---- ------ -- -- tbl_defense4_timing3266(3,8) : ingress
-B-------------- ----------EEEII- -----------A-- ------A---- ------^--- ------ -- -- cond-94(2,9) : ingress
---------------- ---------------- ---------EEE-- ------F---- ------C^-- ------ -- -- tbl_defense4_timing3322(3,9) : ingress
---------------- ---------------- ---------EEE-- ------F---- -------D^- ------ -- -- tbl_defense4_timing3323(3,9) : ingress
---------------- ---------------- -------------- ------F---- --------D^ ------ -- -- tbl_defense4_timing3324(3,9) : ingress
#stage 5
-B---J-------LLA -LLJ--JJJ-LLLJJL J-H----------- O---------- LL-L-A---- ^----- -- -- tbl_state_decode_0(4,9) : ingress
-B-------------- ---------------- -------------- H---------- --L-LJ---- -^---- -- -- tbl_txn_active_0(4,9) : ingress
-B---J-------LLA -LLJJ-JJJ-LLLJJL J------------- O---------- LL-L-A---- --^--- -- -- tbl_resp_deadline_0(4,9) : ingress
-B-------------- ------J---LLLJJ- ------LLJLLJ-- P-----J-LA- ---------- P-P^-- -- -- tbl_hold_ok_0(4,9) : ingress
-B-----------EEA -EEI------------ -------------- H---------- --L-LJ---- ----^- -- -- tbl_defense4_timing3284(4,9) : ingress
-------------EE- -EEE------------ -------------- F---------- --L-LL---- ----D^ -- -- tbl_defense4_timing3290(4,9) : ingress
#stage 6
-B-K----LLJP-QLA -LLJA-----LLQJJ- --J--RSST---P- J-----JURP- --E-EI-LLJ JJAJLJ ^- -- tbl_decide_fresh_0(5,10) : ingress
-----------Q---- ----L-----LLLLL- --L--L------L- L---------- ---------- L-LL-- D^ -- tbl_decide_deq_0(5,10) : ingress
#stage 7
VB-------------- -----W---------- -------------- ----------- ---------- ------ EI ^- tbl_defense4_timing3353(6,11) : ingress
---------------- ---------------- -------------J ----------- ---------- ------ LJ -^ tbl_commit_0(6,11) : ingress
#dependencies
A :  ANTI_NEXT_TABLE_DATA
B :  CONTROL_DEFAULT_NEXT_TABLE
C :  CONTROL_COND_TRUE
D :  CONTROL_COND_FALSE
E :  ACTION_READ
F :  OUTPUT
G :  CONTROL_DEFAULT_NEXT_TABLE IXBAR_READ
H :  OUTPUT ANTI_NEXT_TABLE_DATA
I :  ACTION_READ ANTI_NEXT_TABLE_DATA
J :  IXBAR_READ ANTI_NEXT_TABLE_DATA
K :  IXBAR_READ ACTION_READ ANTI_NEXT_TABLE_DATA
L :  IXBAR_READ
M :  IXBAR_READ ACTION_READ
N :  IXBAR_READ ACTION_READ OUTPUT
O :  IXBAR_READ OUTPUT ANTI_NEXT_TABLE_DATA
P :  ANTI_ACTION_READ ANTI_NEXT_TABLE_DATA
Q :  IXBAR_READ ANTI_ACTION_READ
R :  ANTI_TABLE_READ ANTI_ACTION_READ
S :  IXBAR_READ ACTION_READ ANTI_TABLE_READ ANTI_ACTION_READ
T :  IXBAR_READ ACTION_READ ANTI_TABLE_READ ANTI_ACTION_READ ANTI_NEXT_TABLE_DATA
U :  ANTI_ACTION_READ
V :  ACTION_READ OUTPUT
W :  ACTION_READ OUTPUT ANTI_NEXT_TABLE_DATA

*** Table dependency chains (of minimum length 8) ***
#pipeline pipe
#stage 0
^--------------- ---------------- -------------- ----------- ---------- ------ -- -- tbl_defense4_timing3046(0,5) : ingress
A^-------------- ---------------- -------------- ----------- ---------- ------ -- -- tbl_defense4_timing3107(0,5) : ingress
-B^------------- ---------------- -------------- ----------- ---------- ------ -- -- tbl_defense4_timing3052(0,5) : ingress
-B-^------------ ---------------- -------------- ----------- ---------- ------ -- -- tbl_params_0(0,5) : ingress
-B--^----------- ---------------- -------------- ----------- ---------- ------ -- -- tbl_build_exp_ack_0(0,5) : ingress
-B---^---------- ---------------- -------------- ----------- ---------- ------ -- -- tbl_bor_params_0(0,5) : ingress
-B----^--------- ---------------- -------------- ----------- ---------- ------ -- -- tbl_session_0(0,5) : ingress
-B-----^-------- ---------------- -------------- ----------- ---------- ------ -- -- cond-54(0,5) : ingress
-------C^------- ---------------- -------------- ----------- ---------- ------ -- -- tbl_defense4_timing3094(0,5) : ingress
--------D^------ ---------------- -------------- ----------- ---------- ------ -- -- tbl_defense4_timing3095(0,5) : ingress
---------D^----- ---------------- -------------- ----------- ---------- ------ -- -- tbl_defense4_timing3096(0,5) : ingress
-B---------^---- ---------------- -------------- ----------- ---------- ------ -- -- tbl_defense4_timing3058(0,6) : ingress
-B----A-----^--- ---------------- -------------- ----------- ---------- ------ -- -- cond-65(0,6) : ingress
------------D^-- ---------------- -------------- ----------- ---------- ------ -- -- tbl_defense4_timing3165(0,6) : ingress
-------------D^- ---------------- -------------- ----------- ---------- ------ -- -- tbl_defense4_timing3171(0,6) : ingress
--------------D^ ---------------- -------------- ----------- ---------- ------ -- -- tbl_defense4_timing3181(0,6) : ingress
#stage 1
------------C--- ^--------------- -------------- ----------- ---------- ------ -- -- tbl_defense4_timing3141(0,6) : ingress
------E--------- D^-------------- -------------- ----------- ---------- ------ -- -- tbl_defense4_timing3143(1,6) : ingress
------E--------- -D^------------- -------------- ----------- ---------- ------ -- -- tbl_defense4_timing3146(1,6) : ingress
------E--------- --D^------------ -------------- ----------- ---------- ------ -- -- tbl_defense4_timing3149(1,6) : ingress
-B-------------- ----^----------- -------------- ----------- ---------- ------ -- -- tbl_read_release_params_0(0,6) : ingress
FG-H-HI--------- -----^---------- -------------- ----------- ---------- ------ -- -- tbl_random_deadlines_0(1,6) : ingress
-BI------------- ------^--------- -------------- ----------- ---------- ------ -- -- tbl_build_now_0(1,6) : ingress
-B--J-J--------- -------^-------- -------------- ----------- ---------- ------ -- -- tbl_expected_ack_0(1,6) : ingress
-B----J--------- --------^------- -------------- ----------- ---------- ------ -- -- tbl_defense4_timing3199(1,6) : ingress
-B--------A----- ---------^------ -------------- ----------- ---------- ------ -- -- cond-58(0,6) : ingress
--------EEE----- ---------C^----- -------------- ----------- ---------- ------ -- -- tbl_defense4_timing3100(1,6) : ingress
---------------- ----------D^---- -------------- ----------- ---------- ------ -- -- tbl_defense4_timing3101(1,6) : ingress
---------------- ---------D--^--- -------------- ----------- ---------- ------ -- -- tbl_defense4_timing3104(0,6) : ingress
---------------- ------------D^-- -------------- ----------- ---------- ------ -- -- tbl_defense4_timing3105(0,6) : ingress
---------------- -----------D--^- -------------- ----------- ---------- ------ -- -- tbl_defense4_timing3102(1,6) : ingress
-B----K--------- ---------------^ -------------- ----------- ---------- ------ -- -- tbl_defense4_timing3197(1,6) : ingress
#stage 2
------L--------- ---------------D ^------------- ----------- ---------- ------ -- -- tbl_defense4_timing3198(1,6) : ingress
-B-I------------ ----III--------- -^------------ ----------- ---------- ------ -- -- tbl_build_cand_resp_0(2,7) : ingress
-B-I------------ -----II--------- --^----------- ----------- ---------- ------ -- -- tbl_build_cand_0(2,7) : ingress
-B---I---------- -----II--------- ---^---------- ----------- ---------- ------ -- -- tbl_defense4_timing3116(2,7) : ingress
-G-------------- ---------------- ----^--------- ----------- ---------- ------ -- -- tbl_bor_codebook_0(1,7) : ingress
-B---------J---- ----------EEEII- -----^-------- ----------- ---------- ------ -- -- tbl_defense4_timing3301(2,7) : ingress
-----------L---- ----------EEEEE- -----D^------- ----------- ---------- ------ -- -- tbl_defense4_timing3302(2,7) : ingress
-----------L---- ----------EEEEE- ------D^------ ----------- ---------- ------ -- -- tbl_defense4_timing3303(2,7) : ingress
-----------L---- ---------------- -------D^----- ----------- ---------- ------ -- -- tbl_defense4_timing3304(2,7) : ingress
-B-------------- ----------EEEII- ---------^---- ----------- ---------- ------ -- -- tbl_defense4_timing3305(2,8) : ingress
---------------- ----------EEEEE- ---------D^--- ----------- ---------- ------ -- -- tbl_defense4_timing3306(2,8) : ingress
---------------- ---------------- ----------D^-- ----------- ---------- ------ -- -- tbl_defense4_timing3313(2,8) : ingress
-B-------------- ---------------- ------------^- ----------- ---------- ------ -- -- tbl_defense4_timing3061(0,9) : ingress
-C-------------- ---------------- -------------^ ----------- ---------- ------ -- -- tbl_defense4_timing3049(0,10) : ingress
#stage 3
-B-------------- ----------EEEII- -III---------- ^---------- ---------- ------ -- -- tbl_select_deadlines_0(3,8) : ingress
-B-A-------A-MNH FMMK---JJ------L J------------- -^--------- ---------- ------ -- -- tbl_resp_authorise_0(2,7) : ingress
-------------EE- -EEE------------ -------------- -D^-------- ---------- ------ -- -- cond-75(2,7) : ingress
---E----------FF F--------------- -------------- --C^------- ---------- ------ -- -- tbl_defense4_timing3217(2,7) : ingress
--------------FF F--------------- -------------- ---D^------ ---------- ------ -- -- tbl_defense4_timing3219(2,7) : ingress
-----------E-EE- -EEE------------ -------------- --D--^----- ---------- ------ -- -- tbl_defense4_timing3222(2,8) : ingress
-B-------------- ------I--------- ----I--------- ------^---- ---------- ------ -- -- tbl_defense4_timing3314(2,8) : ingress
-B-------------- ----------EEEII- -----ELLJ----- -------^--- ---------- ------ -- -- tbl_defense4_timing3316(3,8) : ingress
---------------- ----------EEEEE- ------LLL----- -------D^-- ---------- ------ -- -- tbl_defense4_timing3317(3,8) : ingress
---------------- ----------EEEEE- ------LLL----- --------D^- ---------- ------ -- -- tbl_defense4_timing3318(3,9) : ingress
-B-A-----------A ---A------EEEII- -------------- ----AA----^ ---------- ------ -- -- cond-78(2,8) : ingress
#stage 4
---E---------EML LEEE------------ -------------- -L-LL-----C ^--------- ------ -- -- tbl_defense4_timing3243(3,8) : ingress
-------------EML LEEE------------ -------------- -L-LL------ D^-------- ------ -- -- tbl_defense4_timing3247(3,8) : ingress
-------------EML LEEE------------ -------------- -L-LL------ -D^------- ------ -- -- tbl_defense4_timing3253(3,8) : ingress
-------------EML LEEE------------ -------------- -L-LL------ --D^------ ------ -- -- tbl_defense4_timing3269(3,8) : ingress
---E----------LL L--------------- -------------- -L-LL------ ---C^----- ------ -- -- tbl_defense4_timing3264(3,8) : ingress
--------------LL L--------------- -------------- -L-LL------ ----D^---- ------ -- -- tbl_defense4_timing3266(3,8) : ingress
-B-------------- ----------EEEII- -----------A-- ------A---- ------^--- ------ -- -- cond-94(2,9) : ingress
---------------- ---------------- ---------EEE-- ------F---- ------C^-- ------ -- -- tbl_defense4_timing3322(3,9) : ingress
---------------- ---------------- ---------EEE-- ------F---- -------D^- ------ -- -- tbl_defense4_timing3323(3,9) : ingress
---------------- ---------------- -------------- ------F---- --------D^ ------ -- -- tbl_defense4_timing3324(3,9) : ingress
#stage 5
-B---J-------LLA -LLJ--JJJ-LLLJJL J-H----------- O---------- LL-L-A---- ^----- -- -- tbl_state_decode_0(4,9) : ingress
-B-------------- ---------------- -------------- H---------- --L-LJ---- -^---- -- -- tbl_txn_active_0(4,9) : ingress
-B---J-------LLA -LLJJ-JJJ-LLLJJL J------------- O---------- LL-L-A---- --^--- -- -- tbl_resp_deadline_0(4,9) : ingress
-B-------------- ------J---LLLJJ- ------LLJLLJ-- P-----J-LA- ---------- P-P^-- -- -- tbl_hold_ok_0(4,9) : ingress
-B-----------EEA -EEI------------ -------------- H---------- --L-LJ---- ----^- -- -- tbl_defense4_timing3284(4,9) : ingress
-------------EE- -EEE------------ -------------- F---------- --L-LL---- ----D^ -- -- tbl_defense4_timing3290(4,9) : ingress
#stage 6
-B-K----LLJP-QLA -LLJA-----LLQJJ- --J--RSST---P- J-----JURP- --E-EI-LLJ JJAJLJ ^- -- tbl_decide_fresh_0(5,10) : ingress
-----------Q---- ----L-----LLLLL- --L--L------L- L---------- ---------- L-LL-- D^ -- tbl_decide_deq_0(5,10) : ingress
#stage 7
VB-------------- -----W---------- -------------- ----------- ---------- ------ EI ^- tbl_defense4_timing3353(6,11) : ingress
---------------- ---------------- -------------J ----------- ---------- ------ LJ -^ tbl_commit_0(6,11) : ingress
#dependencies
A :  ANTI_NEXT_TABLE_DATA
B :  CONTROL_DEFAULT_NEXT_TABLE
C :  CONTROL_COND_TRUE
D :  CONTROL_COND_FALSE
E :  ACTION_READ
F :  OUTPUT
G :  CONTROL_DEFAULT_NEXT_TABLE IXBAR_READ
H :  OUTPUT ANTI_NEXT_TABLE_DATA
I :  ACTION_READ ANTI_NEXT_TABLE_DATA
J :  IXBAR_READ ANTI_NEXT_TABLE_DATA
K :  IXBAR_READ ACTION_READ ANTI_NEXT_TABLE_DATA
L :  IXBAR_READ
M :  IXBAR_READ ACTION_READ
N :  IXBAR_READ ACTION_READ OUTPUT
O :  IXBAR_READ OUTPUT ANTI_NEXT_TABLE_DATA
P :  ANTI_ACTION_READ ANTI_NEXT_TABLE_DATA
Q :  IXBAR_READ ANTI_ACTION_READ
R :  ANTI_TABLE_READ ANTI_ACTION_READ
S :  IXBAR_READ ACTION_READ ANTI_TABLE_READ ANTI_ACTION_READ
T :  IXBAR_READ ACTION_READ ANTI_TABLE_READ ANTI_ACTION_READ ANTI_NEXT_TABLE_DATA
U :  ANTI_ACTION_READ
V :  ACTION_READ OUTPUT
W :  ACTION_READ OUTPUT ANTI_NEXT_TABLE_DATA

*** Table dependency chains (of minimum length 8) ***
