/home/philip/Projects/DNP3/defense4/timing/response_ready/evidence/case4_expiry_build_01/defense4_timing.p4(1987): [--Wwarn=unused] warning: Table tbl_expected_ack is not used; removing
    table tbl_expected_ack {
          ^^^^^^^^^^^^^^^^
/home/philip/Projects/DNP3/defense4/timing/response_ready/evidence/case4_expiry_build_01/defense4_timing.p4(2177): [--Wwarn=unused] warning: ts_first_block_w: unused instance
    RegisterAction<bit<32>, bit<1>, bit<32>>(reg_ts_first_block) ts_first_block_w = {
                                                                 ^^^^^^^^^^^^^^^^
/home/philip/Projects/DNP3/defense4/timing/response_ready/evidence/case4_expiry_build_01/defense4_timing.p4(2181): [--Wwarn=unused] warning: ts_ack_arm_w: unused instance
    RegisterAction<bit<32>, bit<1>, bit<32>>(reg_ts_ack_arm) ts_ack_arm_w = {
                                                             ^^^^^^^^^^^^
/home/philip/Projects/DNP3/defense4/timing/response_ready/evidence/case4_expiry_build_01/defense4_timing.p4(2185): [--Wwarn=unused] warning: ts_block_term_w: unused instance
    RegisterAction<bit<32>, bit<1>, bit<32>>(reg_ts_block_term) ts_block_term_w = {
                                                                ^^^^^^^^^^^^^^^
/home/philip/Projects/DNP3/defense4/timing/response_ready/evidence/case4_expiry_build_01/defense4_timing.p4(2193): [--Wwarn=unused] warning: ts_ack_release_w: unused instance
    RegisterAction<bit<32>, bit<1>, bit<32>>(reg_ts_ack_release) ts_ack_release_w = {
                                                                 ^^^^^^^^^^^^^^^^
/home/philip/Projects/DNP3/defense4/timing/response_ready/evidence/case4_expiry_build_01/defense4_timing.p4(2304): [--Wwarn=unused] warning: ctr_fresh: unused instance
    Counter<bit<64>, bit<8>>(32, CounterType_t.PACKETS) ctr_fresh; /* CF_* slots */
                                                        ^^^^^^^^^
/home/philip/Projects/DNP3/defense4/timing/response_ready/evidence/case4_expiry_build_01/defense4_timing.p4(2305): [--Wwarn=unused] warning: ctr_deq: unused instance
    Counter<bit<64>, bit<8>>(16, CounterType_t.PACKETS) ctr_deq; /* CD_* slots */
                                                        ^^^^^^^
/home/philip/Projects/DNP3/defense4/timing/response_ready/evidence/case4_expiry_build_01/defense4_timing.p4(2463): [--Wwarn=unused] warning: Table tbl_held_owner is not used; removing
    table tbl_held_owner {
          ^^^^^^^^^^^^^^
/home/philip/Projects/DNP3/defense4/timing/response_ready/evidence/case4_expiry_build_01/defense4_timing.p4(2477): [--Wwarn=unused] warning: Table tbl_commit is not used; removing
    table tbl_commit {
          ^^^^^^^^^^
/home/philip/Projects/DNP3/defense4/timing/response_ready/evidence/case4_expiry_build_01/defense4_timing.p4(888): [--Wwarn=uninitialized_out_param] warning: out parameter 'meta' may be uninitialized when 'IgParser' terminates
                out ig_meta_t meta,
                              ^^^^
/home/philip/Projects/DNP3/defense4/timing/response_ready/evidence/case4_expiry_build_01/defense4_timing.p4(886)
parser IgParser(packet_in pkt,
       ^^^^^^^^
warning: Parser state min_parse_depth_accept_loop will be unrolled up to 3 times due to @pragma max_loop_depth.
warning: Parser state min_parse_depth_accept_loop will be unrolled up to 3 times due to @pragma max_loop_depth.
[--Wwarn=target-error] warning: Tofino does not support clear-on-write semantic on re-assignment to field ingress::meta.role in parser state ingress::expiry_retire_role. Try to use advance() to skip over there-assigned values and only extract them once.
/home/philip/Projects/DNP3/defense4/timing/response_ready/evidence/case4_expiry_build_01/defense4_timing.p4(1223): [--Wwarn=target-error] warning: ingress::meta.role is assigned in state ingress::expiry_retire_role but has also previous assignment. See the following errors for the list of previous assignments. This re-assignment is not supported by Tofino.
        meta.role = ROLE_EXPIRY_RETIRE;
        ^^^^^^^^^
/home/philip/Projects/DNP3/defense4/timing/response_ready/evidence/case4_expiry_build_01/defense4_timing.p4(1215): warning: ingress::meta.role previously assigned in state ingress::extract_expiry_pulse.
        meta.role = ROLE_EXPIRY_SCAN;
        ^^^^^^^^^
[--Wwarn=target-error] warning: Tofino does not support clear-on-write semantic on re-assignment to field ingress::meta.cookie_in in parser state ingress::parse_generated_token. Try to use advance() to skip over there-assigned values and only extract them once.
/home/philip/Projects/DNP3/defense4/timing/response_ready/evidence/case4_expiry_build_01/defense4_timing.p4(1233): [--Wwarn=target-error] warning: ingress::meta.cookie_in[15:0] is assigned in state ingress::parse_generated_token but has also previous assignment. See the following errors for the list of previous assignments. This re-assignment is not supported by Tofino.
        meta.cookie_in = 16w0x8000 ++ hdr.pgen.trigger_cookie;
        ^^^^^^^^^^^^^^
/home/philip/Projects/DNP3/defense4/timing/response_ready/evidence/case4_expiry_build_01/defense4_timing.p4(1233): warning: ingress::meta.cookie_in[31:16] previously assigned in state ingress::parse_generated_token.
        meta.cookie_in = 16w0x8000 ++ hdr.pgen.trigger_cookie;
        ^^^^^^^^^^^^^^
[--Wwarn=target-error] warning: Tofino does not support clear-on-write semantic on re-assignment to field ingress::meta.is_pktgen in parser state ingress::expiry_retire_role. Try to use advance() to skip over there-assigned values and only extract them once.
/home/philip/Projects/DNP3/defense4/timing/response_ready/evidence/case4_expiry_build_01/defense4_timing.p4(1224): [--Wwarn=target-error] warning: ingress::meta.is_pktgen is assigned in state ingress::expiry_retire_role but has also previous assignment. See the following errors for the list of previous assignments. This re-assignment is not supported by Tofino.
        meta.is_pktgen = 8w0;
        ^^^^^^^^^^^^^^
/home/philip/Projects/DNP3/defense4/timing/response_ready/evidence/case4_expiry_build_01/defense4_timing.p4(1099): warning: ingress::meta.is_pktgen previously assigned in state ingress::parse_pktgen_token.
        meta.is_pktgen = 8w1;
        ^^^^^^^^^^^^^^
error: PHV allocation was not successful
19 field slices remain unallocated

The following fields were not allocated: 
    ingress::meta.ts32<32b>
    ingress::meta.ts_m<32b>
    ingress::ig_intr_md.ingress_mac_tstamp<48b>[31:0]
    ingress::meta.now_word<32b>
    ingress::meta.expiry_cand<32b>
    ingress::meta.readiness_ns<32b>
    ingress::meta.dl_cand_op<32b>
    ingress::meta.a_ticks<32b>
    ingress::meta.tresp_cand_op<32b>
    ingress::meta.r_ticks<32b>
    ingress::meta.dl_cand<32b>
    ingress::meta.seq_m<32b>
    ingress::meta.tresp_cand<32b>
    ingress::meta.da_dr<32b>
    ingress::meta.read_gap_ticks<32b>
    ingress::meta.topj_cand<32b>
    ingress::meta.j_ticks<32b>
    ingress::meta.dl_val<32b>
    ingress::meta.dl_val_resp<32b>



1 error, 21 warnings generated.

Skipping assembler, assembly file is empty
