Stage advance for pipe pipe INITIAL not ignoring container conflicts
Stage 0
  exact ixbar groups                  ternary ixbar groups
  ................................  .......... .. ..........
  ................................  .......... .. ..........
  ................................  .......... .. ..........
  ................................  .......... .. ..........
  ................................  .......... .. ..........
  ................................  .......... .. ..........
  ................................
  ................................
  hash select bits  Groups  hd  /- hash dist bits --- (Groups: -1 -1)
  .... ............  .0000  ... ................................................
  .... ............  .0000  ... ................................................
  .... ............  .0000  ... ................................................
  .... ............  .0000  ... ................................................
  .... ............  .0000  ... ................................................
  .... ............  .0000  ... ................................................
  .... ............  .0000  ... ................................................
  .... ............  .0000  ... ................................................
  .... ............         ... ................................................
  .... ............         ... ................................................
  .... ............         ... ................................................
  .... ............         ... ................................................
  .... ............         ... ................................................
  .... ............         ... ................................................
  .... ............         ... ................................................
  .... ............         ... ................................................
  
  tc  sb  rb  tib ab  st  srams       mapram  ov  gw pay 2p
  ..  ..  ..  AB  ..  ..  ..........  ......  ..  ..  ..  .
  ..  ..  ..  ..  ..  ..  ..........  ......  ..  ..  ..  .
  ..  ..  ..  ..  ..  ..  ..........  ......  ..  ..  ..  .
  ..  ..  ..  ..  ..  ..  ..........  ......  ..  ..  ..  .
  ..  ..  ..  ..  ..  ..  ..........  ......  ..  ..  ..  .
  ..  ..  ..  ..  ..  ..  ..........  ......  ..  ..  ..  .
  ..  ..  ..  ..  ..  ..  ..........  ......  ..  ..  ..  .
  ..  ..  ..  ..  ..  ..  ..........  ......  ..  ..  ..  .
  ..                                                      
  ..                                                      
  ..                                                      
  ..                                                      
     A tbl_probe_salu_immediate71$tind
     B tbl_probe_salu_immediate86$tind
  
can't place tbl_probe_salu_immediate73 in stage 0 : dependency on table tbl_probe_salu_immediate71
Stage 1
  exact ixbar groups                  ternary ixbar groups
  A0A1............B0..............  .......... .. ..........
  ................B0..............  .......... .. ..........
  ................B0..............  .......... .. ..........
  ................B0..............  .......... .. ..........
  ................................  .......... .. ..........
  ................................  .......... .. ..........
  ................................
  ................................
     A H2 (tbl_probe_salu_immediate73$gw, tbl_probe_salu_immediate74$gw, tbl_probe_salu_immediate75$gw, tbl_probe_salu_immediate76$gw)
     B H3 (tbl_probe_salu_immediate73$salu, tbl_probe_salu_immediate74$salu, tbl_probe_salu_immediate75$salu, tbl_probe_salu_immediate76$salu)
  hash select bits  Groups  hd  /- hash dist bits --- (Groups: -1 -1)
  .... ............  .0000  ... ................................................
  .... ............  .0000  ... ................................................
  .... ............  .0000  ... ................................................
  .... ............  .0000  ... ................................................
  .... ............  .0000  ... ................................................
  .... ............  .0000  ... ................................................
  .... ............  .0000  ... ................................................
  .... ............  .0000  ... ................................................
  .... ............         ... ................................................
  .... ............         ... ................................................
  .... ............         ... ................................................
  .... ............         ... ................................................
  .... ............         ... ................................................
  .... ............         ... ................................................
  .... ............         ... ................................................
  .... ............         ... ................................................
  
  tc  sb  rb  tib ab  st  srams       mapram  ov  gw pay 2p
  ..  ..  ..  IF  ..  ..  ..........  ......  ..  GD  ..  .
  ..  ..  ..  CL  ..  ..  ....KK....  KK....  ..  AJ  ..  .
  ..  ..  ..  ..  ..  ..  ..........  ......  ..  ..  ..  .
  ..  ..  ..  ..  ..  ..  ....BB....  BB....  ..  ..  ..  .
  ..  ..  ..  ..  ..  ..  ..........  ......  ..  ..  ..  .
  ..  ..  ..  ..  ..  ..  ....EE....  EE....  ..  ..  ..  .
  ..  ..  ..  ..  ..  ..  ..........  ......  ..  ..  ..  .
  ..  ..  ..  ..  ..  ..  ....HH....  HH....  ..  ..  ..  .
  ..                                                      
  ..                                                      
  ..                                                      
  ..                                                      
     A tbl_probe_salu_immediate73$gw
     B tbl_probe_salu_immediate73$salu.Ingress.reg_k001
     C tbl_probe_salu_immediate73$tind
     D tbl_probe_salu_immediate74$gw
     E tbl_probe_salu_immediate74$salu.Ingress.reg_k002
     F tbl_probe_salu_immediate74$tind
     G tbl_probe_salu_immediate75$gw
     H tbl_probe_salu_immediate75$salu.Ingress.reg_k007
     I tbl_probe_salu_immediate75$tind
     J tbl_probe_salu_immediate76$gw
     K tbl_probe_salu_immediate76$salu.Ingress.reg_k008
     L tbl_probe_salu_immediate76$tind
  
can't place tbl_probe_salu_immediate77 in stage 1 : ran out of memories: too many meter alu users
Stage 2
  exact ixbar groups                  ternary ixbar groups
  A0A1............B0..............  .......... .. ..........
  ................B0..............  .......... .. ..........
  ................B0..............  .......... .. ..........
  ................B0..............  .......... .. ..........
  ................................  .......... .. ..........
  ................................  .......... .. ..........
  ................................
  ................................
     A H2 (tbl_probe_salu_immediate77$gw, tbl_probe_salu_immediate78$gw, tbl_probe_salu_immediate79$gw, tbl_probe_salu_immediate80$gw)
     B H3 (tbl_probe_salu_immediate77$salu, tbl_probe_salu_immediate78$salu, tbl_probe_salu_immediate79$salu, tbl_probe_salu_immediate80$salu)
  hash select bits  Groups  hd  /- hash dist bits --- (Groups: -1 -1)
  .... ............  .0000  ... ................................................
  .... ............  .0000  ... ................................................
  .... ............  .0000  ... ................................................
  .... ............  .0000  ... ................................................
  .... ............  .0000  ... ................................................
  .... ............  .0000  ... ................................................
  .... ............  .0000  ... ................................................
  .... ............  .0000  ... ................................................
  .... ............         ... ................................................
  .... ............         ... ................................................
  .... ............         ... ................................................
  .... ............         ... ................................................
  .... ............         ... ................................................
  .... ............         ... ................................................
  .... ............         ... ................................................
  .... ............         ... ................................................
  
  tc  sb  rb  tib ab  st  srams       mapram  ov  gw pay 2p
  ..  ..  ..  IF  ..  ..  ..........  ......  ..  GD  ..  .
  ..  ..  ..  CL  ..  ..  ....KK....  KK....  ..  AJ  ..  .
  ..  ..  ..  ..  ..  ..  ..........  ......  ..  ..  ..  .
  ..  ..  ..  ..  ..  ..  ....BB....  BB....  ..  ..  ..  .
  ..  ..  ..  ..  ..  ..  ..........  ......  ..  ..  ..  .
  ..  ..  ..  ..  ..  ..  ....EE....  EE....  ..  ..  ..  .
  ..  ..  ..  ..  ..  ..  ..........  ......  ..  ..  ..  .
  ..  ..  ..  ..  ..  ..  ....HH....  HH....  ..  ..  ..  .
  ..                                                      
  ..                                                      
  ..                                                      
  ..                                                      
     A tbl_probe_salu_immediate77$gw
     B tbl_probe_salu_immediate77$salu.Ingress.reg_k00f
     C tbl_probe_salu_immediate77$tind
     D tbl_probe_salu_immediate78$gw
     E tbl_probe_salu_immediate78$salu.Ingress.reg_k010
     F tbl_probe_salu_immediate78$tind
     G tbl_probe_salu_immediate79$gw
     H tbl_probe_salu_immediate79$salu.Ingress.reg_k03f
     I tbl_probe_salu_immediate79$tind
     J tbl_probe_salu_immediate80$gw
     K tbl_probe_salu_immediate80$salu.Ingress.reg_k040
     L tbl_probe_salu_immediate80$tind
  
can't place tbl_probe_salu_immediate81 in stage 2 : ran out of memories: too many meter alu users
Stage 3
  exact ixbar groups                  ternary ixbar groups
  A0A1............B0..............  .......... .. ..........
  ................B0..............  .......... .. ..........
  ................B0..............  .......... .. ..........
  ................B0..............  .......... .. ..........
  ................................  .......... .. ..........
  ................................  .......... .. ..........
  ................................
  ................................
     A H2 (tbl_probe_salu_immediate81$gw, tbl_probe_salu_immediate82$gw, tbl_probe_salu_immediate83$gw, tbl_probe_salu_immediate84$gw)
     B H3 (tbl_probe_salu_immediate81$salu, tbl_probe_salu_immediate82$salu, tbl_probe_salu_immediate83$salu, tbl_probe_salu_immediate84$salu)
  hash select bits  Groups  hd  /- hash dist bits --- (Groups: -1 -1)
  .... ............  .0000  ... ................................................
  .... ............  .0000  ... ................................................
  .... ............  .0000  ... ................................................
  .... ............  .0000  ... ................................................
  .... ............  .0000  ... ................................................
  .... ............  .0000  ... ................................................
  .... ............  .0000  ... ................................................
  .... ............  .0000  ... ................................................
  .... ............         ... ................................................
  .... ............         ... ................................................
  .... ............         ... ................................................
  .... ............         ... ................................................
  .... ............         ... ................................................
  .... ............         ... ................................................
  .... ............         ... ................................................
  .... ............         ... ................................................
  
  tc  sb  rb  tib ab  st  srams       mapram  ov  gw pay 2p
  ..  ..  ..  IF  ..  ..  ..........  ......  ..  GD  ..  .
  ..  ..  ..  CL  ..  ..  ....KK....  KK....  ..  AJ  ..  .
  ..  ..  ..  ..  ..  ..  ..........  ......  ..  ..  ..  .
  ..  ..  ..  ..  ..  ..  ....BB....  BB....  ..  ..  ..  .
  ..  ..  ..  ..  ..  ..  ..........  ......  ..  ..  ..  .
  ..  ..  ..  ..  ..  ..  ....EE....  EE....  ..  ..  ..  .
  ..  ..  ..  ..  ..  ..  ..........  ......  ..  ..  ..  .
  ..  ..  ..  ..  ..  ..  ....HH....  HH....  ..  ..  ..  .
  ..                                                      
  ..                                                      
  ..                                                      
  ..                                                      
     A tbl_probe_salu_immediate81$gw
     B tbl_probe_salu_immediate81$salu.Ingress.reg_k07f
     C tbl_probe_salu_immediate81$tind
     D tbl_probe_salu_immediate82$gw
     E tbl_probe_salu_immediate82$salu.Ingress.reg_k080
     F tbl_probe_salu_immediate82$tind
     G tbl_probe_salu_immediate83$gw
     H tbl_probe_salu_immediate83$salu.Ingress.reg_k0c0
     I tbl_probe_salu_immediate83$tind
     J tbl_probe_salu_immediate84$gw
     K tbl_probe_salu_immediate84$salu.Ingress.reg_k0fe
     L tbl_probe_salu_immediate84$tind
  
can't place tbl_probe_salu_immediate85 in stage 3 : ran out of memories: too many meter alu users
Stage 4
  exact ixbar groups                  ternary ixbar groups
  A0A1............B0..............  .......... .. ..........
  ................................  .......... .. ..........
  ................................  .......... .. ..........
  ................................  .......... .. ..........
  ................................  .......... .. ..........
  ................................  .......... .. ..........
  ................................
  ................................
     A H2 (tbl_probe_salu_immediate85$gw)
     B H3 (tbl_probe_salu_immediate85$salu)
  hash select bits  Groups  hd  /- hash dist bits --- (Groups: -1 -1)
  .... ............  .0000  ... ................................................
  .... ............  .0000  ... ................................................
  .... ............  .0000  ... ................................................
  .... ............  .0000  ... ................................................
  .... ............  .0000  ... ................................................
  .... ............  .0000  ... ................................................
  .... ............  .0000  ... ................................................
  .... ............  .0000  ... ................................................
  .... ............         ... ................................................
  .... ............         ... ................................................
  .... ............         ... ................................................
  .... ............         ... ................................................
  .... ............         ... ................................................
  .... ............         ... ................................................
  .... ............         ... ................................................
  .... ............         ... ................................................
  
  tc  sb  rb  tib ab  st  srams       mapram  ov  gw pay 2p
  ..  ..  ..  C.  ..  ..  ..........  ......  ..  A.  ..  .
  ..  ..  ..  ..  ..  ..  ..........  ......  ..  ..  ..  .
  ..  ..  ..  ..  ..  ..  ..........  ......  ..  ..  ..  .
  ..  ..  ..  ..  ..  ..  ..........  ......  ..  ..  ..  .
  ..  ..  ..  ..  ..  ..  ..........  ......  ..  ..  ..  .
  ..  ..  ..  ..  ..  ..  ..........  ......  ..  ..  ..  .
  ..  ..  ..  ..  ..  ..  ..........  ......  ..  ..  ..  .
  ..  ..  ..  ..  ..  ..  ....BB....  BB....  ..  ..  ..  .
  ..                                                      
  ..                                                      
  ..                                                      
  ..                                                      
     A tbl_probe_salu_immediate85$gw
     B tbl_probe_salu_immediate85$salu.Ingress.reg_k0ff
     C tbl_probe_salu_immediate85$tind
  
Stage advance for pipe pipe NOCC_TRY1 ignoring container conflicts
Stage 0
  exact ixbar groups                  ternary ixbar groups
  ................................  .......... .. ..........
  ................................  .......... .. ..........
  ................................  .......... .. ..........
  ................................  .......... .. ..........
  ................................  .......... .. ..........
  ................................  .......... .. ..........
  ................................
  ................................
  hash select bits  Groups  hd  /- hash dist bits --- (Groups: -1 -1)
  .... ............  .0000  ... ................................................
  .... ............  .0000  ... ................................................
  .... ............  .0000  ... ................................................
  .... ............  .0000  ... ................................................
  .... ............  .0000  ... ................................................
  .... ............  .0000  ... ................................................
  .... ............  .0000  ... ................................................
  .... ............  .0000  ... ................................................
  .... ............         ... ................................................
  .... ............         ... ................................................
  .... ............         ... ................................................
  .... ............         ... ................................................
  .... ............         ... ................................................
  .... ............         ... ................................................
  .... ............         ... ................................................
  .... ............         ... ................................................
  
  tc  sb  rb  tib ab  st  srams       mapram  ov  gw pay 2p
  ..  ..  ..  AB  ..  ..  ..........  ......  ..  ..  ..  .
  ..  ..  ..  ..  ..  ..  ..........  ......  ..  ..  ..  .
  ..  ..  ..  ..  ..  ..  ..........  ......  ..  ..  ..  .
  ..  ..  ..  ..  ..  ..  ..........  ......  ..  ..  ..  .
  ..  ..  ..  ..  ..  ..  ..........  ......  ..  ..  ..  .
  ..  ..  ..  ..  ..  ..  ..........  ......  ..  ..  ..  .
  ..  ..  ..  ..  ..  ..  ..........  ......  ..  ..  ..  .
  ..  ..  ..  ..  ..  ..  ..........  ......  ..  ..  ..  .
  ..                                                      
  ..                                                      
  ..                                                      
  ..                                                      
     A tbl_probe_salu_immediate71$tind
     B tbl_probe_salu_immediate86$tind
  
can't place tbl_probe_salu_immediate73 in stage 0 : dependency on table tbl_probe_salu_immediate71
Stage 1
  exact ixbar groups                  ternary ixbar groups
  A0A1............B0..............  .......... .. ..........
  ................B0..............  .......... .. ..........
  ................B0..............  .......... .. ..........
  ................B0..............  .......... .. ..........
  ................................  .......... .. ..........
  ................................  .......... .. ..........
  ................................
  ................................
     A H2 (tbl_probe_salu_immediate73$gw, tbl_probe_salu_immediate74$gw, tbl_probe_salu_immediate75$gw, tbl_probe_salu_immediate76$gw)
     B H3 (tbl_probe_salu_immediate73$salu, tbl_probe_salu_immediate74$salu, tbl_probe_salu_immediate75$salu, tbl_probe_salu_immediate76$salu)
  hash select bits  Groups  hd  /- hash dist bits --- (Groups: -1 -1)
  .... ............  .0000  ... ................................................
  .... ............  .0000  ... ................................................
  .... ............  .0000  ... ................................................
  .... ............  .0000  ... ................................................
  .... ............  .0000  ... ................................................
  .... ............  .0000  ... ................................................
  .... ............  .0000  ... ................................................
  .... ............  .0000  ... ................................................
  .... ............         ... ................................................
  .... ............         ... ................................................
  .... ............         ... ................................................
  .... ............         ... ................................................
  .... ............         ... ................................................
  .... ............         ... ................................................
  .... ............         ... ................................................
  .... ............         ... ................................................
  
  tc  sb  rb  tib ab  st  srams       mapram  ov  gw pay 2p
  ..  ..  ..  IF  ..  ..  ..........  ......  ..  GD  ..  .
  ..  ..  ..  CL  ..  ..  ....KK....  KK....  ..  AJ  ..  .
  ..  ..  ..  ..  ..  ..  ..........  ......  ..  ..  ..  .
  ..  ..  ..  ..  ..  ..  ....BB....  BB....  ..  ..  ..  .
  ..  ..  ..  ..  ..  ..  ..........  ......  ..  ..  ..  .
  ..  ..  ..  ..  ..  ..  ....EE....  EE....  ..  ..  ..  .
  ..  ..  ..  ..  ..  ..  ..........  ......  ..  ..  ..  .
  ..  ..  ..  ..  ..  ..  ....HH....  HH....  ..  ..  ..  .
  ..                                                      
  ..                                                      
  ..                                                      
  ..                                                      
     A tbl_probe_salu_immediate73$gw
     B tbl_probe_salu_immediate73$salu.Ingress.reg_k001
     C tbl_probe_salu_immediate73$tind
     D tbl_probe_salu_immediate74$gw
     E tbl_probe_salu_immediate74$salu.Ingress.reg_k002
     F tbl_probe_salu_immediate74$tind
     G tbl_probe_salu_immediate75$gw
     H tbl_probe_salu_immediate75$salu.Ingress.reg_k007
     I tbl_probe_salu_immediate75$tind
     J tbl_probe_salu_immediate76$gw
     K tbl_probe_salu_immediate76$salu.Ingress.reg_k008
     L tbl_probe_salu_immediate76$tind
  
can't place tbl_probe_salu_immediate77 in stage 1 : ran out of memories: too many meter alu users
Stage 2
  exact ixbar groups                  ternary ixbar groups
  A0A1............B0..............  .......... .. ..........
  ................B0..............  .......... .. ..........
  ................B0..............  .......... .. ..........
  ................B0..............  .......... .. ..........
  ................................  .......... .. ..........
  ................................  .......... .. ..........
  ................................
  ................................
     A H2 (tbl_probe_salu_immediate77$gw, tbl_probe_salu_immediate78$gw, tbl_probe_salu_immediate79$gw, tbl_probe_salu_immediate80$gw)
     B H3 (tbl_probe_salu_immediate77$salu, tbl_probe_salu_immediate78$salu, tbl_probe_salu_immediate79$salu, tbl_probe_salu_immediate80$salu)
  hash select bits  Groups  hd  /- hash dist bits --- (Groups: -1 -1)
  .... ............  .0000  ... ................................................
  .... ............  .0000  ... ................................................
  .... ............  .0000  ... ................................................
  .... ............  .0000  ... ................................................
  .... ............  .0000  ... ................................................
  .... ............  .0000  ... ................................................
  .... ............  .0000  ... ................................................
  .... ............  .0000  ... ................................................
  .... ............         ... ................................................
  .... ............         ... ................................................
  .... ............         ... ................................................
  .... ............         ... ................................................
  .... ............         ... ................................................
  .... ............         ... ................................................
  .... ............         ... ................................................
  .... ............         ... ................................................
  
  tc  sb  rb  tib ab  st  srams       mapram  ov  gw pay 2p
  ..  ..  ..  IF  ..  ..  ..........  ......  ..  GD  ..  .
  ..  ..  ..  CL  ..  ..  ....KK....  KK....  ..  AJ  ..  .
  ..  ..  ..  ..  ..  ..  ..........  ......  ..  ..  ..  .
  ..  ..  ..  ..  ..  ..  ....BB....  BB....  ..  ..  ..  .
  ..  ..  ..  ..  ..  ..  ..........  ......  ..  ..  ..  .
  ..  ..  ..  ..  ..  ..  ....EE....  EE....  ..  ..  ..  .
  ..  ..  ..  ..  ..  ..  ..........  ......  ..  ..  ..  .
  ..  ..  ..  ..  ..  ..  ....HH....  HH....  ..  ..  ..  .
  ..                                                      
  ..                                                      
  ..                                                      
  ..                                                      
     A tbl_probe_salu_immediate77$gw
     B tbl_probe_salu_immediate77$salu.Ingress.reg_k00f
     C tbl_probe_salu_immediate77$tind
     D tbl_probe_salu_immediate78$gw
     E tbl_probe_salu_immediate78$salu.Ingress.reg_k010
     F tbl_probe_salu_immediate78$tind
     G tbl_probe_salu_immediate79$gw
     H tbl_probe_salu_immediate79$salu.Ingress.reg_k03f
     I tbl_probe_salu_immediate79$tind
     J tbl_probe_salu_immediate80$gw
     K tbl_probe_salu_immediate80$salu.Ingress.reg_k040
     L tbl_probe_salu_immediate80$tind
  
can't place tbl_probe_salu_immediate81 in stage 2 : ran out of memories: too many meter alu users
Stage 3
  exact ixbar groups                  ternary ixbar groups
  A0A1............B0..............  .......... .. ..........
  ................B0..............  .......... .. ..........
  ................B0..............  .......... .. ..........
  ................B0..............  .......... .. ..........
  ................................  .......... .. ..........
  ................................  .......... .. ..........
  ................................
  ................................
     A H2 (tbl_probe_salu_immediate81$gw, tbl_probe_salu_immediate82$gw, tbl_probe_salu_immediate83$gw, tbl_probe_salu_immediate84$gw)
     B H3 (tbl_probe_salu_immediate81$salu, tbl_probe_salu_immediate82$salu, tbl_probe_salu_immediate83$salu, tbl_probe_salu_immediate84$salu)
  hash select bits  Groups  hd  /- hash dist bits --- (Groups: -1 -1)
  .... ............  .0000  ... ................................................
  .... ............  .0000  ... ................................................
  .... ............  .0000  ... ................................................
  .... ............  .0000  ... ................................................
  .... ............  .0000  ... ................................................
  .... ............  .0000  ... ................................................
  .... ............  .0000  ... ................................................
  .... ............  .0000  ... ................................................
  .... ............         ... ................................................
  .... ............         ... ................................................
  .... ............         ... ................................................
  .... ............         ... ................................................
  .... ............         ... ................................................
  .... ............         ... ................................................
  .... ............         ... ................................................
  .... ............         ... ................................................
  
  tc  sb  rb  tib ab  st  srams       mapram  ov  gw pay 2p
  ..  ..  ..  IF  ..  ..  ..........  ......  ..  GD  ..  .
  ..  ..  ..  CL  ..  ..  ....KK....  KK....  ..  AJ  ..  .
  ..  ..  ..  ..  ..  ..  ..........  ......  ..  ..  ..  .
  ..  ..  ..  ..  ..  ..  ....BB....  BB....  ..  ..  ..  .
  ..  ..  ..  ..  ..  ..  ..........  ......  ..  ..  ..  .
  ..  ..  ..  ..  ..  ..  ....EE....  EE....  ..  ..  ..  .
  ..  ..  ..  ..  ..  ..  ..........  ......  ..  ..  ..  .
  ..  ..  ..  ..  ..  ..  ....HH....  HH....  ..  ..  ..  .
  ..                                                      
  ..                                                      
  ..                                                      
  ..                                                      
     A tbl_probe_salu_immediate81$gw
     B tbl_probe_salu_immediate81$salu.Ingress.reg_k07f
     C tbl_probe_salu_immediate81$tind
     D tbl_probe_salu_immediate82$gw
     E tbl_probe_salu_immediate82$salu.Ingress.reg_k080
     F tbl_probe_salu_immediate82$tind
     G tbl_probe_salu_immediate83$gw
     H tbl_probe_salu_immediate83$salu.Ingress.reg_k0c0
     I tbl_probe_salu_immediate83$tind
     J tbl_probe_salu_immediate84$gw
     K tbl_probe_salu_immediate84$salu.Ingress.reg_k0fe
     L tbl_probe_salu_immediate84$tind
  
can't place tbl_probe_salu_immediate85 in stage 3 : ran out of memories: too many meter alu users
Stage 4
  exact ixbar groups                  ternary ixbar groups
  A0A1............B0..............  .......... .. ..........
  ................................  .......... .. ..........
  ................................  .......... .. ..........
  ................................  .......... .. ..........
  ................................  .......... .. ..........
  ................................  .......... .. ..........
  ................................
  ................................
     A H2 (tbl_probe_salu_immediate85$gw)
     B H3 (tbl_probe_salu_immediate85$salu)
  hash select bits  Groups  hd  /- hash dist bits --- (Groups: -1 -1)
  .... ............  .0000  ... ................................................
  .... ............  .0000  ... ................................................
  .... ............  .0000  ... ................................................
  .... ............  .0000  ... ................................................
  .... ............  .0000  ... ................................................
  .... ............  .0000  ... ................................................
  .... ............  .0000  ... ................................................
  .... ............  .0000  ... ................................................
  .... ............         ... ................................................
  .... ............         ... ................................................
  .... ............         ... ................................................
  .... ............         ... ................................................
  .... ............         ... ................................................
  .... ............         ... ................................................
  .... ............         ... ................................................
  .... ............         ... ................................................
  
  tc  sb  rb  tib ab  st  srams       mapram  ov  gw pay 2p
  ..  ..  ..  C.  ..  ..  ..........  ......  ..  A.  ..  .
  ..  ..  ..  ..  ..  ..  ..........  ......  ..  ..  ..  .
  ..  ..  ..  ..  ..  ..  ..........  ......  ..  ..  ..  .
  ..  ..  ..  ..  ..  ..  ..........  ......  ..  ..  ..  .
  ..  ..  ..  ..  ..  ..  ..........  ......  ..  ..  ..  .
  ..  ..  ..  ..  ..  ..  ..........  ......  ..  ..  ..  .
  ..  ..  ..  ..  ..  ..  ..........  ......  ..  ..  ..  .
  ..  ..  ..  ..  ..  ..  ....BB....  BB....  ..  ..  ..  .
  ..                                                      
  ..                                                      
  ..                                                      
  ..                                                      
     A tbl_probe_salu_immediate85$gw
     B tbl_probe_salu_immediate85$salu.Ingress.reg_k0ff
     C tbl_probe_salu_immediate85$tind
  
Stage advance for pipe pipe REDO_PHV1 not ignoring container conflicts
Stage 0
  exact ixbar groups                  ternary ixbar groups
  ................................  .......... .. ..........
  ................................  .......... .. ..........
  ................................  .......... .. ..........
  ................................  .......... .. ..........
  ................................  .......... .. ..........
  ................................  .......... .. ..........
  ................................
  ................................
  hash select bits  Groups  hd  /- hash dist bits --- (Groups: -1 -1)
  .... ............  .0000  ... ................................................
  .... ............  .0000  ... ................................................
  .... ............  .0000  ... ................................................
  .... ............  .0000  ... ................................................
  .... ............  .0000  ... ................................................
  .... ............  .0000  ... ................................................
  .... ............  .0000  ... ................................................
  .... ............  .0000  ... ................................................
  .... ............         ... ................................................
  .... ............         ... ................................................
  .... ............         ... ................................................
  .... ............         ... ................................................
  .... ............         ... ................................................
  .... ............         ... ................................................
  .... ............         ... ................................................
  .... ............         ... ................................................
  
  tc  sb  rb  tib ab  st  srams       mapram  ov  gw pay 2p
  ..  ..  ..  AB  ..  ..  ..........  ......  ..  ..  ..  .
  ..  ..  ..  ..  ..  ..  ..........  ......  ..  ..  ..  .
  ..  ..  ..  ..  ..  ..  ..........  ......  ..  ..  ..  .
  ..  ..  ..  ..  ..  ..  ..........  ......  ..  ..  ..  .
  ..  ..  ..  ..  ..  ..  ..........  ......  ..  ..  ..  .
  ..  ..  ..  ..  ..  ..  ..........  ......  ..  ..  ..  .
  ..  ..  ..  ..  ..  ..  ..........  ......  ..  ..  ..  .
  ..  ..  ..  ..  ..  ..  ..........  ......  ..  ..  ..  .
  ..                                                      
  ..                                                      
  ..                                                      
  ..                                                      
     A tbl_probe_salu_immediate71$tind
     B tbl_probe_salu_immediate86$tind
  
can't place tbl_probe_salu_immediate73 in stage 0 : dependency on table tbl_probe_salu_immediate71
Stage 1
  exact ixbar groups                  ternary ixbar groups
  A0A1............B0..............  .......... .. ..........
  ................B0..............  .......... .. ..........
  ................B0..............  .......... .. ..........
  ................B0..............  .......... .. ..........
  ................................  .......... .. ..........
  ................................  .......... .. ..........
  ................................
  ................................
     A H2 (tbl_probe_salu_immediate73$gw, tbl_probe_salu_immediate74$gw, tbl_probe_salu_immediate75$gw, tbl_probe_salu_immediate76$gw)
     B H3 (tbl_probe_salu_immediate73$salu, tbl_probe_salu_immediate74$salu, tbl_probe_salu_immediate75$salu, tbl_probe_salu_immediate76$salu)
  hash select bits  Groups  hd  /- hash dist bits --- (Groups: -1 -1)
  .... ............  .0000  ... ................................................
  .... ............  .0000  ... ................................................
  .... ............  .0000  ... ................................................
  .... ............  .0000  ... ................................................
  .... ............  .0000  ... ................................................
  .... ............  .0000  ... ................................................
  .... ............  .0000  ... ................................................
  .... ............  .0000  ... ................................................
  .... ............         ... ................................................
  .... ............         ... ................................................
  .... ............         ... ................................................
  .... ............         ... ................................................
  .... ............         ... ................................................
  .... ............         ... ................................................
  .... ............         ... ................................................
  .... ............         ... ................................................
  
  tc  sb  rb  tib ab  st  srams       mapram  ov  gw pay 2p
  ..  ..  ..  IF  ..  ..  ..........  ......  ..  GD  ..  .
  ..  ..  ..  CL  ..  ..  ....KK....  KK....  ..  AJ  ..  .
  ..  ..  ..  ..  ..  ..  ..........  ......  ..  ..  ..  .
  ..  ..  ..  ..  ..  ..  ....BB....  BB....  ..  ..  ..  .
  ..  ..  ..  ..  ..  ..  ..........  ......  ..  ..  ..  .
  ..  ..  ..  ..  ..  ..  ....EE....  EE....  ..  ..  ..  .
  ..  ..  ..  ..  ..  ..  ..........  ......  ..  ..  ..  .
  ..  ..  ..  ..  ..  ..  ....HH....  HH....  ..  ..  ..  .
  ..                                                      
  ..                                                      
  ..                                                      
  ..                                                      
     A tbl_probe_salu_immediate73$gw
     B tbl_probe_salu_immediate73$salu.Ingress.reg_k001
     C tbl_probe_salu_immediate73$tind
     D tbl_probe_salu_immediate74$gw
     E tbl_probe_salu_immediate74$salu.Ingress.reg_k002
     F tbl_probe_salu_immediate74$tind
     G tbl_probe_salu_immediate75$gw
     H tbl_probe_salu_immediate75$salu.Ingress.reg_k007
     I tbl_probe_salu_immediate75$tind
     J tbl_probe_salu_immediate76$gw
     K tbl_probe_salu_immediate76$salu.Ingress.reg_k008
     L tbl_probe_salu_immediate76$tind
  
can't place tbl_probe_salu_immediate77 in stage 1 : ran out of memories: too many meter alu users
Stage 2
  exact ixbar groups                  ternary ixbar groups
  A0A1............B0..............  .......... .. ..........
  ................B0..............  .......... .. ..........
  ................B0..............  .......... .. ..........
  ................B0..............  .......... .. ..........
  ................................  .......... .. ..........
  ................................  .......... .. ..........
  ................................
  ................................
     A H2 (tbl_probe_salu_immediate77$gw, tbl_probe_salu_immediate78$gw, tbl_probe_salu_immediate79$gw, tbl_probe_salu_immediate80$gw)
     B H3 (tbl_probe_salu_immediate77$salu, tbl_probe_salu_immediate78$salu, tbl_probe_salu_immediate79$salu, tbl_probe_salu_immediate80$salu)
  hash select bits  Groups  hd  /- hash dist bits --- (Groups: -1 -1)
  .... ............  .0000  ... ................................................
  .... ............  .0000  ... ................................................
  .... ............  .0000  ... ................................................
  .... ............  .0000  ... ................................................
  .... ............  .0000  ... ................................................
  .... ............  .0000  ... ................................................
  .... ............  .0000  ... ................................................
  .... ............  .0000  ... ................................................
  .... ............         ... ................................................
  .... ............         ... ................................................
  .... ............         ... ................................................
  .... ............         ... ................................................
  .... ............         ... ................................................
  .... ............         ... ................................................
  .... ............         ... ................................................
  .... ............         ... ................................................
  
  tc  sb  rb  tib ab  st  srams       mapram  ov  gw pay 2p
  ..  ..  ..  IF  ..  ..  ..........  ......  ..  GD  ..  .
  ..  ..  ..  CL  ..  ..  ....KK....  KK....  ..  AJ  ..  .
  ..  ..  ..  ..  ..  ..  ..........  ......  ..  ..  ..  .
  ..  ..  ..  ..  ..  ..  ....BB....  BB....  ..  ..  ..  .
  ..  ..  ..  ..  ..  ..  ..........  ......  ..  ..  ..  .
  ..  ..  ..  ..  ..  ..  ....EE....  EE....  ..  ..  ..  .
  ..  ..  ..  ..  ..  ..  ..........  ......  ..  ..  ..  .
  ..  ..  ..  ..  ..  ..  ....HH....  HH....  ..  ..  ..  .
  ..                                                      
  ..                                                      
  ..                                                      
  ..                                                      
     A tbl_probe_salu_immediate77$gw
     B tbl_probe_salu_immediate77$salu.Ingress.reg_k00f
     C tbl_probe_salu_immediate77$tind
     D tbl_probe_salu_immediate78$gw
     E tbl_probe_salu_immediate78$salu.Ingress.reg_k010
     F tbl_probe_salu_immediate78$tind
     G tbl_probe_salu_immediate79$gw
     H tbl_probe_salu_immediate79$salu.Ingress.reg_k03f
     I tbl_probe_salu_immediate79$tind
     J tbl_probe_salu_immediate80$gw
     K tbl_probe_salu_immediate80$salu.Ingress.reg_k040
     L tbl_probe_salu_immediate80$tind
  
can't place tbl_probe_salu_immediate81 in stage 2 : ran out of memories: too many meter alu users
Stage 3
  exact ixbar groups                  ternary ixbar groups
  A0A1............B0..............  .......... .. ..........
  ................B0..............  .......... .. ..........
  ................B0..............  .......... .. ..........
  ................B0..............  .......... .. ..........
  ................................  .......... .. ..........
  ................................  .......... .. ..........
  ................................
  ................................
     A H2 (tbl_probe_salu_immediate81$gw, tbl_probe_salu_immediate82$gw, tbl_probe_salu_immediate83$gw, tbl_probe_salu_immediate84$gw)
     B H3 (tbl_probe_salu_immediate81$salu, tbl_probe_salu_immediate82$salu, tbl_probe_salu_immediate83$salu, tbl_probe_salu_immediate84$salu)
  hash select bits  Groups  hd  /- hash dist bits --- (Groups: -1 -1)
  .... ............  .0000  ... ................................................
  .... ............  .0000  ... ................................................
  .... ............  .0000  ... ................................................
  .... ............  .0000  ... ................................................
  .... ............  .0000  ... ................................................
  .... ............  .0000  ... ................................................
  .... ............  .0000  ... ................................................
  .... ............  .0000  ... ................................................
  .... ............         ... ................................................
  .... ............         ... ................................................
  .... ............         ... ................................................
  .... ............         ... ................................................
  .... ............         ... ................................................
  .... ............         ... ................................................
  .... ............         ... ................................................
  .... ............         ... ................................................
  
  tc  sb  rb  tib ab  st  srams       mapram  ov  gw pay 2p
  ..  ..  ..  IF  ..  ..  ..........  ......  ..  GD  ..  .
  ..  ..  ..  CL  ..  ..  ....KK....  KK....  ..  AJ  ..  .
  ..  ..  ..  ..  ..  ..  ..........  ......  ..  ..  ..  .
  ..  ..  ..  ..  ..  ..  ....BB....  BB....  ..  ..  ..  .
  ..  ..  ..  ..  ..  ..  ..........  ......  ..  ..  ..  .
  ..  ..  ..  ..  ..  ..  ....EE....  EE....  ..  ..  ..  .
  ..  ..  ..  ..  ..  ..  ..........  ......  ..  ..  ..  .
  ..  ..  ..  ..  ..  ..  ....HH....  HH....  ..  ..  ..  .
  ..                                                      
  ..                                                      
  ..                                                      
  ..                                                      
     A tbl_probe_salu_immediate81$gw
     B tbl_probe_salu_immediate81$salu.Ingress.reg_k07f
     C tbl_probe_salu_immediate81$tind
     D tbl_probe_salu_immediate82$gw
     E tbl_probe_salu_immediate82$salu.Ingress.reg_k080
     F tbl_probe_salu_immediate82$tind
     G tbl_probe_salu_immediate83$gw
     H tbl_probe_salu_immediate83$salu.Ingress.reg_k0c0
     I tbl_probe_salu_immediate83$tind
     J tbl_probe_salu_immediate84$gw
     K tbl_probe_salu_immediate84$salu.Ingress.reg_k0fe
     L tbl_probe_salu_immediate84$tind
  
can't place tbl_probe_salu_immediate85 in stage 3 : ran out of memories: too many meter alu users
Stage 4
  exact ixbar groups                  ternary ixbar groups
  A0A1............B0..............  .......... .. ..........
  ................................  .......... .. ..........
  ................................  .......... .. ..........
  ................................  .......... .. ..........
  ................................  .......... .. ..........
  ................................  .......... .. ..........
  ................................
  ................................
     A H2 (tbl_probe_salu_immediate85$gw)
     B H3 (tbl_probe_salu_immediate85$salu)
  hash select bits  Groups  hd  /- hash dist bits --- (Groups: -1 -1)
  .... ............  .0000  ... ................................................
  .... ............  .0000  ... ................................................
  .... ............  .0000  ... ................................................
  .... ............  .0000  ... ................................................
  .... ............  .0000  ... ................................................
  .... ............  .0000  ... ................................................
  .... ............  .0000  ... ................................................
  .... ............  .0000  ... ................................................
  .... ............         ... ................................................
  .... ............         ... ................................................
  .... ............         ... ................................................
  .... ............         ... ................................................
  .... ............         ... ................................................
  .... ............         ... ................................................
  .... ............         ... ................................................
  .... ............         ... ................................................
  
  tc  sb  rb  tib ab  st  srams       mapram  ov  gw pay 2p
  ..  ..  ..  C.  ..  ..  ..........  ......  ..  A.  ..  .
  ..  ..  ..  ..  ..  ..  ..........  ......  ..  ..  ..  .
  ..  ..  ..  ..  ..  ..  ..........  ......  ..  ..  ..  .
  ..  ..  ..  ..  ..  ..  ..........  ......  ..  ..  ..  .
  ..  ..  ..  ..  ..  ..  ..........  ......  ..  ..  ..  .
  ..  ..  ..  ..  ..  ..  ..........  ......  ..  ..  ..  .
  ..  ..  ..  ..  ..  ..  ..........  ......  ..  ..  ..  .
  ..  ..  ..  ..  ..  ..  ....BB....  BB....  ..  ..  ..  .
  ..                                                      
  ..                                                      
  ..                                                      
  ..                                                      
     A tbl_probe_salu_immediate85$gw
     B tbl_probe_salu_immediate85$salu.Ingress.reg_k0ff
     C tbl_probe_salu_immediate85$tind
  
