warning: Parser state min_parse_depth_accept_loop will be unrolled up to 3 times due to @pragma max_loop_depth.
warning: Parser state min_parse_depth_accept_loop will be unrolled up to 3 times due to @pragma max_loop_depth.

0 errors, 2 warnings generated.

	Command being timed: "/home/philip/bf-sde-9.13.1/install/bin/bf-p4c --target tofino --arch tna -g -o evidence/bor_stage_recovery/SR0_baseline/out p4/defense4_rrc_kernel.p4"
	User time (seconds): 29.17
	System time (seconds): 0.94
	Percent of CPU this job got: 164%
	Elapsed (wall clock) time (h:mm:ss or m:ss): 0:18.33
	Average shared text size (kbytes): 0
	Average unshared data size (kbytes): 0
	Average stack size (kbytes): 0
	Average total size (kbytes): 0
	Maximum resident set size (kbytes): 345988
	Average resident set size (kbytes): 0
	Major (requiring I/O) page faults: 0
	Minor (reclaiming a frame) page faults: 120164
	Voluntary context switches: 35155
	Involuntary context switches: 2493
	Swaps: 0
	File system inputs: 0
	File system outputs: 71536
	Socket messages sent: 0
	Socket messages received: 0
	Signals delivered: 0
	Page size (bytes): 4096
	Exit status: 0
