/home/philip/Projects/DNP3/defense4/timing/case4_architecture/integration/core/ordinary/evidence/composed_01/source/composed.p4(208): [--Wwarn=unused] warning: Table syn_shapes is not used; removing
 table syn_shapes{key={m.direction:exact;hdr.tcp.flags:exact;hdr.mss.kind:exact;hdr.mss.len:exact;hdr.mss.value:range;}
       ^^^^^^^^^^
/home/philip/Projects/DNP3/defense4/timing/case4_architecture/integration/core/ordinary/evidence/composed_01/source/composed.p4(212): [--Wwarn=unused] warning: Table short_shapes is not used; removing
 table short_shapes{key={m.direction:exact;hdr.tcp.flags:exact;}
       ^^^^^^^^^^^^
/home/philip/Projects/DNP3/defense4/timing/case4_architecture/integration/core/ordinary/evidence/composed_01/source/composed.p4(241): [--Wwarn=unused] warning: Table available_t is not used; removing
 table available_t{key={m.generation:exact;}actions={available;NoAction;}size=1;const entries={32w0:NoAction();}const default_action=available();}
       ^^^^^^^^^^^
/home/philip/Projects/DNP3/defense4/timing/case4_architecture/integration/core/ordinary/evidence/composed_01/source/composed.p4(290): [--Wwarn=unused] warning: Table epoch_guard is not used; removing
 table epoch_guard{key={m.epoch_diff:exact;}actions={epoch_ok;NoAction;}size=1;const entries={32w0:epoch_ok();}const default_action=NoAction();}
       ^^^^^^^^^^^
/home/philip/Projects/DNP3/defense4/timing/case4_architecture/integration/core/ordinary/evidence/composed_01/source/composed.p4(675): [--Wwarn=unused] warning: Table crc_gate is not used; removing
 table crc_gate{key={m.badh:exact;m.badb:exact;m.badt:exact;}actions={NoAction;}size=1;const default_action=NoAction();}
       ^^^^^^^^
/home/philip/Projects/DNP3/defense4/timing/case4_architecture/integration/core/ordinary/evidence/composed_01/source/composed.p4(774): [--Wwarn=unused] warning: Table retire_emit_t is not used; removing
 table retire_emit_t{actions={retire_emit;}size=1;const default_action=retire_emit();}
       ^^^^^^^^^^^^^
/home/philip/Projects/DNP3/defense4/timing/case4_architecture/integration/core/ordinary/evidence/composed_01/source/composed.p4(126): [--Wwarn=uninitialized_out_param] warning: out parameter 'm' may be uninitialized when 'n_IgParser' terminates
parser n_IgParser(packet_in pkt,out n_headers_t hdr,out n_meta_t m,out ingress_intrinsic_metadata_t ig){
                                                                 ^
/home/philip/Projects/DNP3/defense4/timing/case4_architecture/integration/core/ordinary/evidence/composed_01/source/composed.p4(126)
parser n_IgParser(packet_in pkt,out n_headers_t hdr,out n_meta_t m,out ingress_intrinsic_metadata_t ig){
       ^^^^^^^^^^
/home/philip/Projects/DNP3/defense4/timing/case4_architecture/integration/core/ordinary/evidence/composed_01/source/composed.p4(561): [--Wwarn=uninitialized_out_param] warning: out parameter 'm' may be uninitialized when 'm_IgParser' terminates
parser m_IgParser(packet_in pkt,out m_headers_t hdr,out m_meta_t m,out ingress_intrinsic_metadata_t ig){Checksum() ic;Checksum() tc;
                                                                 ^
/home/philip/Projects/DNP3/defense4/timing/case4_architecture/integration/core/ordinary/evidence/composed_01/source/composed.p4(561)
parser m_IgParser(packet_in pkt,out m_headers_t hdr,out m_meta_t m,out ingress_intrinsic_metadata_t ig){Checksum() ic;Checksum() tc;
       ^^^^^^^^^^
/home/philip/Projects/DNP3/defense4/timing/case4_architecture/integration/core/ordinary/evidence/composed_01/source/composed.p4(710): [--Wwarn=uninitialized_out_param] warning: out parameter 'm' may be uninitialized when 'm_EgParser' terminates
parser m_EgParser(packet_in pkt,out m_headers_t hdr,out m_meta_t m,out egress_intrinsic_metadata_t eg){state start{pkt.extract(eg);transition accept;}}
                                                                 ^
/home/philip/Projects/DNP3/defense4/timing/case4_architecture/integration/core/ordinary/evidence/composed_01/source/composed.p4(710)
parser m_EgParser(packet_in pkt,out m_headers_t hdr,out m_meta_t m,out egress_intrinsic_metadata_t eg){state start{pkt.extract(eg);transition accept;}}
       ^^^^^^^^^^
/home/philip/Projects/DNP3/defense4/timing/case4_architecture/integration/core/ordinary/evidence/composed_01/source/composed.p4(728): [--Wwarn=uninitialized_out_param] warning: out parameter 'm' may be uninitialized when 'e_EgParser' terminates
parser e_EgParser(packet_in pkt,out e_headers_t hdr,out e_meta_t m,out egress_intrinsic_metadata_t eg){Checksum() ic;Checksum() tc;
                                                                 ^
/home/philip/Projects/DNP3/defense4/timing/case4_architecture/integration/core/ordinary/evidence/composed_01/source/composed.p4(728)
parser e_EgParser(packet_in pkt,out e_headers_t hdr,out e_meta_t m,out egress_intrinsic_metadata_t eg){Checksum() ic;Checksum() tc;
       ^^^^^^^^^^
warning: checksum.get() will deprecate in future versions. Please use void subtract_all_and_deposit(bit<16>) instead
warning: Parser state min_parse_depth_accept_loop will be unrolled up to 4 times due to @pragma max_loop_depth.
warning: Parser state min_parse_depth_reject_loop will be unrolled up to 4 times due to @pragma max_loop_depth.
warning: checksum.get() will deprecate in future versions. Please use void subtract_all_and_deposit(bit<16>) instead
warning: checksum.get() will deprecate in future versions. Please use void subtract_all_and_deposit(bit<16>) instead
warning: checksum.get() will deprecate in future versions. Please use void subtract_all_and_deposit(bit<16>) instead
warning: Parser state min_parse_depth_accept_loop will be unrolled up to 4 times due to @pragma max_loop_depth.
warning: checksum.get() will deprecate in future versions. Please use void subtract_all_and_deposit(bit<16>) instead
warning: Parser state min_parse_depth_accept_loop will be unrolled up to 4 times due to @pragma max_loop_depth.
warning: Parser state min_parse_depth_reject_loop will be unrolled up to 4 times due to @pragma max_loop_depth.
warning: checksum.get() will deprecate in future versions. Please use void subtract_all_and_deposit(bit<16>) instead
warning: checksum.get() will deprecate in future versions. Please use void subtract_all_and_deposit(bit<16>) instead
warning: checksum.get() will deprecate in future versions. Please use void subtract_all_and_deposit(bit<16>) instead
warning: Parser state min_parse_depth_accept_loop will be unrolled up to 4 times due to @pragma max_loop_depth.
[--Wwarn=substitution] warning: n_Ingress.read_response_profile: Table key name not supported. Replacing "hdr.first.w0[31:24]" with "hdr.first.w0".
[--Wwarn=substitution] warning: n_Ingress.read_response_profile: Table key name not supported. Replacing "hdr.first.w0[23:16]" with "hdr.first.w0".
[--Wwarn=substitution] warning: n_Ingress.read_response_profile: Table key name not supported. Replacing "hdr.first.w0[15:8]" with "hdr.first.w0".
[--Wwarn=substitution] warning: n_Ingress.read_response_profile: Table key name not supported. Replacing "hdr.first.w1[23:16]" with "hdr.first.w1".
[--Wwarn=substitution] warning: n_Ingress.read_response_profile: Table key name not supported. Replacing "hdr.first.w1[15:8]" with "hdr.first.w1".
[--Wwarn=substitution] warning: n_Ingress.read_response_profile: Table key name not supported. Replacing "hdr.first.w1[7:0]" with "hdr.first.w1".
[--Wwarn=substitution] warning: n_Ingress.read_response_profile: Table key name not supported. Replacing "hdr.first.w2[31:24]" with "hdr.first.w2".
[--Wwarn=substitution] warning: n_Ingress.read_response_profile: Table key name not supported. Replacing "hdr.first.w2[23:16]" with "hdr.first.w2".
[--Wwarn=substitution] warning: n_Ingress.response_profile: Table key name not supported. Replacing "hdr.first.w0[31:24]" with "hdr.first.w0".
[--Wwarn=substitution] warning: n_Ingress.response_profile: Table key name not supported. Replacing "hdr.first.w0[23:16]" with "hdr.first.w0".
[--Wwarn=substitution] warning: n_Ingress.response_profile: Table key name not supported. Replacing "hdr.first.w0[15:0]" with "hdr.first.w0".
[--Wwarn=substitution] warning: n_Ingress.response_profile: Table key name not supported. Replacing "hdr.first.w2[31:16]" with "hdr.first.w2".
[--Wwarn=substitution] warning: n_Ingress.response_profile: Table key name not supported. Replacing "hdr.second.w1[15:0]" with "hdr.second.w1".
[--Wwarn=substitution] warning: n_Ingress.profile: Table key name not supported. Replacing "hdr.first.w0[31:24]" with "hdr.first.w0".
[--Wwarn=substitution] warning: n_Ingress.profile: Table key name not supported. Replacing "hdr.first.w0[23:16]" with "hdr.first.w0".
[--Wwarn=substitution] warning: n_Ingress.profile: Table key name not supported. Replacing "hdr.first.w0[15:8]" with "hdr.first.w0".
[--Wwarn=substitution] warning: n_Ingress.profile: Table key name not supported. Replacing "hdr.first.w0[7:0]" with "hdr.first.w0".
[--Wwarn=substitution] warning: n_Ingress.profile: Table key name not supported. Replacing "hdr.first.w1[31:24]" with "hdr.first.w1".
[--Wwarn=substitution] warning: n_Ingress.profile: Table key name not supported. Replacing "hdr.first.w1[23:16]" with "hdr.first.w1".
[--Wwarn=substitution] warning: n_Ingress.profile: Table key name not supported. Replacing "hdr.first.w1[15:0]" with "hdr.first.w1".

0 errors, 44 warnings generated.

/home/philip/Projects/DNP3/defense4/timing/case4_architecture/integration/core/ordinary/evidence/composed_01/out/p0/composed.bfa:14004: error: tofino supports up to 12 stages, using 14
/home/philip/Projects/DNP3/defense4/timing/case4_architecture/integration/core/ordinary/evidence/composed_01/out/p0/composed.bfa:0: error: Due to errors, no binary will be generated
Unable to produce all summary logs
  Error producing mau.resources.log: 12
failed command assembler
failed command summary_logging
