Table allocation done 1 time(s), state = INITIAL
Number of stages in table allocation: 12
  Number of stages for ingress table allocation: 1
  Number of stages for egress table allocation: 12
Critical path length through the table dependency graph: 11
Number of tables allocated: 48
+-------+-----------------+---------------------------------------------------------+
| Stage | Min / Max Stage |                       Table Name                        |
+-------+-----------------+---------------------------------------------------------+
|   0   |    [ 0, 2 ]     |                    r_Egress.shape_t                     |
|   0   |    [ 0, 1 ]     |                   leff_t_0$precompute                   |
|   0   |    [ 0, 2 ]     |                      r_Egress.conn                      |
|   0   |    [ 0, 2 ]     |                    r_Egress.odd_ip_t                    |
|   0   |    [ 0, 3 ]     |                     r_Egress.prep_t                     |
|   0   |   [ 0, 11 ]     |                  r_Ingress.forwarding                   |
|   1   |    [ 1, 2 ]     |                     r_Egress.leff_t                     |
|   1   |    [ 1, 5 ]     |                     r_Egress.mode_t                     |
|   1   |    [ 0, 2 ]     |                    r_Egress.in_rt_t                     |
|   1   |    [ 0, 2 ]     |                    r_Egress.in_rb1_t                    |
|   1   |    [ 0, 2 ]     |                    r_Egress.in_rb0_t                    |
|   1   |    [ 0, 3 ]     |                  r_Egress.read_profile                  |
|   1   |    [ 0, 2 ]     |                    r_Egress.in_cb0_t                    |
|   1   |    [ 0, 3 ]     |                  r_Egress.ctl_profile                   |
|   2   |    [ 0, 2 ]     |                    r_Egress.in_ct_t                     |
|   2   |    [ 0, 2 ]     |                    r_Egress.in_dl_t                     |
|   2   |    [ 2, 3 ]     |                    r_Egress.front_t                     |
|   2   |    [ 1, 3 ]     |               tbl_composed_t_response533                |
|   2   |    [ 1, 3 ]     |               tbl_composed_t_response532                |
|   2   |    [ 1, 3 ]     |               tbl_composed_t_response531                |
|   2   |    [ 1, 3 ]     |               tbl_composed_t_response530                |
|   2   |    [ 2, 4 ]     |                    r_Egress.derive_t                    |
|   2   |    [ 2, 6 ]     |                    r_Egress.settle_t                    |
|   3   |    [ 1, 3 ]     |               tbl_composed_t_response534                |
|   3   |    [ 1, 3 ]     |               tbl_composed_t_response529                |
|   4   |    [ 3, 4 ]     |                     r_Egress.acct_t                     |
|   5   |    [ 4, 5 ]     |                  r_Egress.img_start_t                   |
|   5   |    [ 4, 5 ]     |                   r_Egress.img_end_t                    |
|   6   |    [ 5, 6 ]     |                   r_Egress.fwd_prep_t                   |
|   7   |    [ 6, 7 ]     |                  r_Egress.classify_fwd                  |
|   8   |    [ 7, 8 ]     |                   r_Egress.img_wend_t                   |
|   8   |    [ -, - ]     |                         cond-56                         |
|   8   |    [ 7, 9 ]     |                   r_Egress.read_pad_t                   |
|   8   |    [ 7, 9 ]     |                   r_Egress.ctl_pad_t                    |
|   9   |    [ -, - ]     |                   r_Egress.rev_prep_t                   |
|   9   |   [ 8, 10 ]     |                    r_Egress.crc_dl_t                    |
|   9   |   [ 8, 10 ]     |                r_Egress.crc_ctl_tail1_t                 |
|  10   |   [ 9, 10 ]     |                  r_Egress.classify_rev                  |
|  10   |   [ 9, 11 ]     |                r_Egress.render_ctl_crc_t                |
|  10   |   [ 9, 11 ]     |                r_Egress.render_dl_crc_t                 |
|  10   |   [ 8, 10 ]     |                r_Egress.crc_read_tail_t                 |
|  11   |   [ 9, 11 ]     |               r_Egress.render_read_crc_t                |
|  11   |   [ 10, 11 ]    |                    r_Egress.window_t                    |
|  11   |   [ 8, 11 ]     |       egress_reset_invalidated_checksum_fields_1        |
|  11   |   [ 8, 11 ]     |       egress_reset_invalidated_checksum_fields_0        |
|  11   |    [ -, - ]     |                    r_Egress.count_t                     |
|  11   |   [ 7, 11 ]     | egresshdr.ip.checksum_encode_update_condition_2_egress  |
|  11   |   [ 10, 11 ]    | egresshdr.tcp.checksum_encode_update_condition_3_egress |
+-------+-----------------+---------------------------------------------------------+

NOTES:  - A '*' next to the min / max stage column indicates the table is placed outside its allowed scope

