Subscribe attempt #1
Subscribe response received 0
Binding with p4_name case_a_defense3_repair_candidate
Binding with p4_name case_a_defense3_repair_candidate successful!!
Received case_a_defense3_repair_candidate on GetForwarding on client 63, device 0
D3 D quantization : requested 2.000000 ms -> 7812 ticks x 256 ns = 1.999872 ms (word 0x001E8400, low byte ZERO (ok), error -128.0 ns)
D3 fail-open      : H = B x K / rate_dp8 = 18000 x 64 / 3.74e+07 pps = 30.802 ms  (tau = 1.711 us/pass)
D3 headroom       : H / (a_worst + D) with a_worst = 22 ms -> 1.28x ; RTO(200 ms) / H -> 6.49x
[PASS] D quantized word low byte is zero                        = 0
[PASS] D within the 40 ms clamp                                 2.000000 ms -> 1.999872 ms realized
[PASS] fail-open model H = B x K / rate_dp8                     B=18000 K=64 -> tau=1.711 us, H=30.802 ms
[PASS] blocker template length                                  = 60
[PASS] blocker template etype 0x88C1                            = '88c1'
[PASS] K                                                        = 64
[PASS] session addresses parse                                  192.168.10.7 <-> 192.168.10.1
[PASS] CLEAN START asserted                                     reg_tag=0x00 deadline=0x00000000
[PASS] dp8 $PORT read                                           entry_get: Error(s):
	* At index 0: NOT_FOUND, 'Entry not found in table:$PORT Object not found'

[PASS] dp8 $SPEED pre-check (port not yet configured)           $PORT has no dp8 entry on a cold load; config_ports() will create it at BF_SPEED_25G and the POST-check is the hard gate.
[PASS] dp8 $SPEED == BF_SPEED_25G (MAC and TM agree)            PORT_UP=False LOOPBACK='BF_LPBK_MAC_NEAR'
[PASS] dp8 pg_id derived == --pg-l                              = 2
[PASS] dp8 pg_port_nr derived == --pg-l-nr                      = 0
[PASS] qid7 max_priority                                        = 7
[PASS] qid7 scheduling_enable                                   = True
[PASS] qid7 max_rate_enable OFF                                 = False
[PASS] qid7 min_rate_enable OFF                                 = False
[PASS] qid1 max_priority                                        = 0
[PASS] qid1 scheduling_enable                                   = True
[PASS] qid1 max_rate_enable OFF                                 = False
[PASS] qid1 min_rate_enable OFF                                 = False
[PASS] STRICT PRIORITY Q_BLOCK > Q_HOLD (max_priority)          7 > 0
[PASS] dp8 PORT shaper max_rate_enable OFF                      = False
[PASS] fail-open horizon inside (a_worst+D, RTO)                30.802 ms
[PASS] tbl_params d_ticks                                       = 1999872
[PASS] tbl_params read_len                                      = 18
[PASS] tbl_params budget                                        = 18000
[PASS] tbl_session entries                                      = 2
[PASS] mirror $ucast_egress_port                                = 68
[PASS] mirror $session_enable                                   = True
[PASS] value_set pgen_recirc programmed                         byte=0x01 mask=0xFF
[PASS] pktgen increment_source_port == False                    = False
[PASS] pktgen pipe_local_source_port                            = 68
[PASS] pktgen packets_per_batch_cfg (K-1)                       = 63
[PASS] pktgen batch_count_cfg (1 batch)                         = 0
[PASS] pktgen app_enable at config time                         = False
[PASS] reg_tag initialised to TAG_INACTIVE                      = 0
[PASS] LIVE: pktgen app 1 (K=64 reservoir) ENABLED and left on  a real READ's 0xE1 clone will now fire the burst
[WARN] cleanup SKIPPED                                          --arm-blockers implies it: cleanup_trial disables app 1, which would undo the arm this run exists to perform
D3SETUP {"prog": "case_a_defense3_repair_candidate", "authored_off_switch": true, "silicon_validated": false, "D": {"requested_ms": 2.0, "ticks": 7812, "word": 1999872, "word_hex": "0x001E8400", "realized_ns": 1999872, "realized_ms": 1.999872, "quantization_error_ns": 128.0, "low_byte_zero": true}, "failopen": {"budget": 18000, "k": 64, "rate_pps": 37400000.0, "tau_us": 1.7112299465240641, "horizon_ms": 30.802139037433157}, "token_template": {"len": 60, "first_bytes": "020000000001020000000b0c88c1010000000000000000"}, "write": true, "snapshot": {"utc": "2026-07-30T19:49:40Z", "ports": {"dp8": "entry_get: Error(s):\n\t* At index 0: NOT_FOUND, 'Entry not found in table:$PORT Object not found'\n", "dp9": "entry_get: Error(s):\n\t* At index 0: NOT_FOUND, 'Entry not found in table:$PORT Object not found'\n", "dp64": "entry_get: Error(s):\n\t* At index 0: NOT_FOUND, 'Entry not found in table:$PORT Object not found'\n"}, "dp8_port_sched_cfg": {"max_rate_enable": false, "scheduling_speed": "BF_SPEED_10G"}, "pg": {"dp8": {"pg_id": 2, "pg_port_nr": 0}}, "queues": {"qid7": {"max_priority": "LOW", "min_priority": "LOW", "scheduling_enable": true, "max_rate_enable": false, "min_rate_enable": false, "dwrr_weight": 1023}, "qid1": {"max_priority": "LOW", "min_priority": "LOW", "scheduling_enable": true, "max_rate_enable": false, "min_rate_enable": false, "dwrr_weight": 1023}}, "pktgen": {"app_enable": false, "batch_count_cfg": 0, "packets_per_batch_cfg": 0, "pattern_value": null, "pattern_mask": null, "pipe_local_source_port": 0, "increment_source_port": false}, "queue_counters_base": {"qid7": {"drop_count_packets": 0, "watermark_cells": 0, "usage_cells_DIAGNOSTIC_ONLY": 0}, "qid1": {"drop_count_packets": 0, "watermark_cells": 0, "usage_cells_DIAGNOSTIC_ONLY": 0}}}, "pg": {"dp8": {"pg_id": 2, "pg_port_nr": 0}}, "clean_start": {"reg_tag": 0, "reg_deadline": 0, "reg_ack_rel": 0, "pktgen": {"app_enable": false, "pkt_counter": 0, "batch_counter": 0, "trigger_counter": 0}, "queue_counters": {"qid7": {"drop_count_packets": 0, "watermark_cells": 0, "usage_cells_DIAGNOSTIC_ONLY": 0}, "qid1": {"drop_count_packets": 0, "watermark_cells": 0, "usage_cells_DIAGNOSTIC_ONLY": 0}}, "clean": true, "reasons": []}, "dp8_speed": {"mac": {"$PORT_UP": false, "$SPEED": "BF_SPEED_25G", "$FEC": "BF_FEC_TYP_NONE", "$PORT_ENABLE": true, "$LOOPBACK_MODE": "BF_LPBK_MAC_NEAR"}, "tm": {"scheduling_speed": "BF_SPEED_25G", "max_rate_enable": false}}, "ports": {"dp8": {"$PORT_UP": false, "$SPEED": "BF_SPEED_25G", "$FEC": "BF_FEC_TYP_NONE", "$PORT_ENABLE": true, "$LOOPBACK_MODE": "BF_LPBK_MAC_NEAR"}, "dp9": {"$PORT_UP": false, "$SPEED": "BF_SPEED_25G", "$FEC": "BF_FEC_TYP_REED_SOLOMON", "$PORT_ENABLE": true, "$LOOPBACK_MODE": "BF_LPBK_NONE"}, "dp64": {"$PORT_UP": false, "$SPEED": "BF_SPEED_1G", "$FEC": "BF_FEC_TYP_NONE", "$PORT_ENABLE": true, "$LOOPBACK_MODE": "BF_LPBK_NONE"}}, "queues": {"qid7": {"pg_queue": 7, "max_priority": "7", "min_priority": "7", "scheduling_enable": true, "max_rate_enable": false, "min_rate_enable": false, "dwrr_weight": 1023}, "qid1": {"pg_queue": 1, "max_priority": "LOW", "min_priority": "LOW", "scheduling_enable": true, "max_rate_enable": false, "min_rate_enable": false, "dwrr_weight": 1023}}, "queue_shaping": {"qid7": {"unit": "BPS", "provisioning": "UPPER", "max_rate": 25010000, "max_burst_size": 16384, "min_rate": 0, "min_burst_size": 16384}, "qid1": {"unit": "BPS", "provisioning": "UPPER", "max_rate": 25010000, "max_burst_size": 16384, "min_rate": 0, "min_burst_size": 16384}}, "port_shaper_target": "pipe0", "port_shaper": {"max_rate_enable": false, "scheduling_speed": "BF_SPEED_25G"}, "port_shaping_params": {"unit": "BPS", "provisioning": "UPPER", "max_rate": 25010000, "max_burst_size": 9216}, "read_len": 18, "tbl_params_readback": {"budget": 18000, "d_ticks": 1999872, "read_len": 18, "action_name": "Ingress.set_params", "is_default_entry": true}, "session": {"relay_ip": "192.168.10.7", "master_ip": "192.168.10.1", "dnp3_port": 20000, "entries_read": 2}, "mirror": {"$direction": "INGRESS", "$ucast_egress_port": 68, "$ucast_egress_port_valid": true, "$session_enable": true, "$max_pkt_len": 128}, "value_set": {"byte": 1, "mask": 255, "prsr_id": 17, "pipe": 0}, "pktgen": {"pattern_value": 3774873600, "pattern_mask": 4278190080, "pkt_len": 60, "pkt_buffer_offset": 0, "pipe_local_source_port": 68, "increment_source_port": false, "batch_count_cfg": 0, "packets_per_batch_cfg": 63, "app_enable": false, "trigger_counter": 0, "batch_counter": 0, "pkt_counter": 0}, "blockers_armed": true, "n_fail": 0, "checks": [{"result": "PASS", "check": "D quantized word low byte is zero", "detail": "= 0"}, {"result": "PASS", "check": "D within the 40 ms clamp", "detail": "2.000000 ms -> 1.999872 ms realized"}, {"result": "PASS", "check": "fail-open model H = B x K / rate_dp8", "detail": "B=18000 K=64 -> tau=1.711 us, H=30.802 ms"}, {"result": "PASS", "check": "blocker template length", "detail": "= 60"}, {"result": "PASS", "check": "blocker template etype 0x88C1", "detail": "= '88c1'"}, {"result": "PASS", "check": "K", "detail": "= 64"}, {"result": "PASS", "check": "session addresses parse", "detail": "192.168.10.7 <-> 192.168.10.1"}, {"result": "PASS", "check": "CLEAN START asserted", "detail": "reg_tag=0x00 deadline=0x00000000"}, {"result": "PASS", "check": "dp8 $PORT read", "detail": "entry_get: Error(s):\n\t* At index 0: NOT_FOUND, 'Entry not found in table:$PORT Object not found'\n"}, {"result": "PASS", "check": "dp8 $SPEED pre-check (port not yet configured)", "detail": "$PORT has no dp8 entry on a cold load; config_ports() will create it at BF_SPEED_25G and the POST-check is the hard gate."}, {"result": "PASS", "check": "dp8 $SPEED == BF_SPEED_25G (MAC and TM agree)", "detail": "PORT_UP=False LOOPBACK='BF_LPBK_MAC_NEAR'"}, {"result": "PASS", "check": "dp8 pg_id derived == --pg-l", "detail": "= 2"}, {"result": "PASS", "check": "dp8 pg_port_nr derived == --pg-l-nr", "detail": "= 0"}, {"result": "PASS", "check": "qid7 max_priority", "detail": "= 7"}, {"result": "PASS", "check": "qid7 scheduling_enable", "detail": "= True"}, {"result": "PASS", "check": "qid7 max_rate_enable OFF", "detail": "= False"}, {"result": "PASS", "check": "qid7 min_rate_enable OFF", "detail": "= False"}, {"result": "PASS", "check": "qid1 max_priority", "detail": "= 0"}, {"result": "PASS", "check": "qid1 scheduling_enable", "detail": "= True"}, {"result": "PASS", "check": "qid1 max_rate_enable OFF", "detail": "= False"}, {"result": "PASS", "check": "qid1 min_rate_enable OFF", "detail": "= False"}, {"result": "PASS", "check": "STRICT PRIORITY Q_BLOCK > Q_HOLD (max_priority)", "detail": "7 > 0"}, {"result": "PASS", "check": "dp8 PORT shaper max_rate_enable OFF", "detail": "= False"}, {"result": "PASS", "check": "fail-open horizon inside (a_worst+D, RTO)", "detail": "30.802 ms"}, {"result": "PASS", "check": "tbl_params d_ticks", "detail": "= 1999872"}, {"result": "PASS", "check": "tbl_params read_len", "detail": "= 18"}, {"result": "PASS", "check": "tbl_params budget", "detail": "= 18000"}, {"result": "PASS", "check": "tbl_session entries", "detail": "= 2"}, {"result": "PASS", "check": "mirror $ucast_egress_port", "detail": "= 68"}, {"result": "PASS", "check": "mirror $session_enable", "detail": "= True"}, {"result": "PASS", "check": "value_set pgen_recirc programmed", "detail": "byte=0x01 mask=0xFF"}, {"result": "PASS", "check": "pktgen increment_source_port == False", "detail": "= False"}, {"result": "PASS", "check": "pktgen pipe_local_source_port", "detail": "= 68"}, {"result": "PASS", "check": "pktgen packets_per_batch_cfg (K-1)", "detail": "= 63"}, {"result": "PASS", "check": "pktgen batch_count_cfg (1 batch)", "detail": "= 0"}, {"result": "PASS", "check": "pktgen app_enable at config time", "detail": "= False"}, {"result": "PASS", "check": "reg_tag initialised to TAG_INACTIVE", "detail": "= 0"}, {"result": "PASS", "check": "LIVE: pktgen app 1 (K=64 reservoir) ENABLED and left on", "detail": "a real READ's 0xE1 clone will now fire the burst"}, {"result": "WARN", "check": "cleanup SKIPPED", "detail": "--arm-blockers implies it: cleanup_trial disables app 1, which would undo the arm this run exists to perform"}]}
