Stage advance for pipe pipe INITIAL not ignoring container conflicts
Stage 0
  exact ixbar groups                  ternary ixbar groups
  C0E1E2E3E0D0A0B0................  .......... .. ..........
  ................................  .......... .. ..........
  ................................  .......... .. ..........
  ................................  .......... .. ..........
  ................................  .......... .. ..........
  ................................  .......... .. ..........
  ................................
  ................................
     A B5 (tbl_dnp3_timing_normalizer_inline720$gw, tbl_dnp3_timing_normalizer_inline723$gw, tbl_dnp3_timing_normalizer_inline726$gw)
     B B6 (tbl_dnp3_timing_normalizer_inline720$gw, tbl_dnp3_timing_normalizer_inline723$gw)
     C B7 (tbl_dnp3_timing_normalizer_inline706$gw)
     D B8 (cond-32$gw)
     E W0 (tbl_dnp3_timing_normalizer_inline713$gw)
  hash select bits  Groups  hd  /- hash dist bits --- (Groups: -1 -1)
  .... ............  .0000  ... ................................................
  .... ............  .0000  ... ................................................
  .... ............  .0000  ... ................................................
  .... ............  .0000  ... ................................................
  .... ............  .0000  ... ................................................
  .... ............  .0000  ... ................................................
  .... ............  .0000  ... ................................................
  .... ............  .0000  ... ................................................
  .... ............         ... ................................................
  .... ............         ... ................................................
  .... ............         ... ................................................
  .... ............         ... ................................................
  .... ............         ... ................................................
  .... ............         ... ................................................
  .... ............         ... ................................................
  .... ............         ... ................................................
  
  tc  sb  rb  tib ab  st  srams       mapram  ov  gw pay 2p
  ..  ..  ..  NK  ..  ..  ..........  ......  ..  JL  ..  .
  ..  ..  ..  MI  ..  ..  ..........  ......  ..  HA  ..  .
  ..  ..  ..  OG  ..  ..  ..........  ......  ..  FD  ..  .
  ..  ..  ..  EC  ..  ..  ..........  ......  ..  ..  ..  .
  ..  ..  ..  ..  ..  ..  ..........  ......  ..  ..  ..  .
  ..  ..  ..  ..  ..  ..  ..........  ......  ..  ..  ..  .
  ..  ..  ..  ..  ..  ..  ....BB....  BB....  ..  ..  ..  .
  ..  ..  ..  ..  ..  ..  ..........  ......  ..  ..  ..  .
  ..                                                      
  ..                                                      
  ..                                                      
  ..                                                      
     A cond-32$gw
     B tbl_dnp3_timing_normalizer_inline701$stats.Ingress.ctr_bypass
     C tbl_dnp3_timing_normalizer_inline701$tind
     D tbl_dnp3_timing_normalizer_inline706$gw
     E tbl_dnp3_timing_normalizer_inline706$tind
     F tbl_dnp3_timing_normalizer_inline713$gw
     G tbl_dnp3_timing_normalizer_inline713$tind
     H tbl_dnp3_timing_normalizer_inline720$gw
     I tbl_dnp3_timing_normalizer_inline720$tind
     J tbl_dnp3_timing_normalizer_inline723$gw
     K tbl_dnp3_timing_normalizer_inline723$tind
     L tbl_dnp3_timing_normalizer_inline726$gw
     M tbl_dnp3_timing_normalizer_inline726$tind
     N tbl_drop_pkt$tind
     O tbl_guard_0$tind
  
can't place tbl_dnp3_timing_normalizer_inline728 in stage 0 : dependency on table tbl_dnp3_timing_normalizer_inline713
Stage 1
  exact ixbar groups                  ternary ixbar groups
  A0..............................  .......... .. ..........
  ................................  .......... .. ..........
  ................................  .......... .. ..........
  ................................  .......... .. ..........
  ................................  .......... .. ..........
  ................................  .......... .. ..........
  ................................
  ................................
     A B9 (tbl_dnp3_timing_normalizer_inline728$gw)
  hash select bits  Groups  hd  /- hash dist bits --- (Groups: -1 -1)
  .... ............  .0000  ... ................................................
  .... ............  .0000  ... ................................................
  .... ............  .0000  ... ................................................
  .... ............  .0000  ... ................................................
  .... ............  .0000  ... ................................................
  .... ............  .0000  ... ................................................
  .... ............  .0000  ... ................................................
  .... ............  .0000  ... ................................................
  .... ............         ... ................................................
  .... ............         ... ................................................
  .... ............         ... ................................................
  .... ............         ... ................................................
  .... ............         ... ................................................
  .... ............         ... ................................................
  .... ............         ... ................................................
  .... ............         ... ................................................
  
  tc  sb  rb  tib ab  st  srams       mapram  ov  gw pay 2p
  ..  ..  ..  CA  ..  ..  ..........  ......  ..  B.  ..  .
  ..  ..  ..  ..  ..  ..  ..........  ......  ..  ..  ..  .
  ..  ..  ..  ..  ..  ..  ..........  ......  ..  ..  ..  .
  ..  ..  ..  ..  ..  ..  ..........  ......  ..  ..  ..  .
  ..  ..  ..  ..  ..  ..  ..........  ......  ..  ..  ..  .
  ..  ..  ..  ..  ..  ..  ..........  ......  ..  ..  ..  .
  ..  ..  ..  ..  ..  ..  ..........  ......  ..  ..  ..  .
  ..  ..  ..  ..  ..  ..  ..........  ......  ..  ..  ..  .
  ..                                                      
  ..                                                      
  ..                                                      
  ..                                                      
     A tbl_build_now_0$tind
     B tbl_dnp3_timing_normalizer_inline728$gw
     C tbl_dnp3_timing_normalizer_inline728$tind
  
can't place tbl_dnp3_timing_normalizer_inline733 in stage 1 : dependency on table tbl_dnp3_timing_normalizer_inline728
can't place tbl_build_cand_0 in stage 1 : dependency on table tbl_build_now_0
Stage 2
  exact ixbar groups                  ternary ixbar groups
  ................A0B0............  .......... .. ..........
  ................................  .......... .. ..........
  ................................  .......... .. ..........
  ................................  .......... .. ..........
  ................................  .......... .. ..........
  ................................  .......... .. ..........
  ................................
  ................................
     A B3 (tbl_dnp3_timing_normalizer_inline733$salu)
     B B4 (tbl_dnp3_timing_normalizer_inline733$salu)
  hash select bits  Groups  hd  /- hash dist bits --- (Groups: -1 -1)
  .... ............  .0000  ... ................................................
  .... ............  .0000  ... ................................................
  .... ............  .0000  ... ................................................
  .... ............  .0000  ... ................................................
  .... ............  .0000  ... ................................................
  .... ............  .0000  ... ................................................
  .... ............  .0000  ... ................................................
  .... ............  .0000  ... ................................................
  .... ............         ... ................................................
  .... ............         ... ................................................
  .... ............         ... ................................................
  .... ............         ... ................................................
  .... ............         ... ................................................
  .... ............         ... ................................................
  .... ............         ... ................................................
  .... ............         ... ................................................
  
  tc  sb  rb  tib ab  st  srams       mapram  ov  gw pay 2p
  ..  ..  ..  AC  ..  ..  ..........  ......  ..  ..  ..  .
  ..  ..  ..  ..  ..  ..  ..........  ......  ..  ..  ..  .
  ..  ..  ..  ..  ..  ..  ..........  ......  ..  ..  ..  .
  ..  ..  ..  ..  ..  ..  ..........  ......  ..  ..  ..  .
  ..  ..  ..  ..  ..  ..  ..........  ......  ..  ..  ..  .
  ..  ..  ..  ..  ..  ..  ..........  ......  ..  ..  ..  .
  ..  ..  ..  ..  ..  ..  ..........  ......  ..  ..  ..  .
  ..  ..  ..  ..  ..  ..  ....BB....  BB....  ..  ..  ..  .
  ..                                                      
  ..                                                      
  ..                                                      
  ..                                                      
     A tbl_build_cand_0$tind
     B tbl_dnp3_timing_normalizer_inline733$salu.Ingress.reg_tag
     C tbl_dnp3_timing_normalizer_inline733$tind
  
can't place tbl_state_decode_0 in stage 2 : dependency on table tbl_dnp3_timing_normalizer_inline733
Stage 3
  exact ixbar groups                  ternary ixbar groups
  ................................  A0B1...... .. ..........
  ................................  .......... .. ..........
  ................................  .......... .. ..........
  ................................  .......... .. ..........
  ................................  .......... .. ..........
  ................................  .......... .. ..........
  ................................
  ................................
     A B10 (tbl_state_decode_0)
     B H4 (tbl_state_decode_0)
  hash select bits  Groups  hd  /- hash dist bits --- (Groups: -1 -1)
  .... ............  .0000  ... ................................................
  .... ............  .0000  ... ................................................
  .... ............  .0000  ... ................................................
  .... ............  .0000  ... ................................................
  .... ............  .0000  ... ................................................
  .... ............  .0000  ... ................................................
  .... ............  .0000  ... ................................................
  .... ............  .0000  ... ................................................
  .... ............         ... ................................................
  .... ............         ... ................................................
  .... ............         ... ................................................
  .... ............         ... ................................................
  .... ............         ... ................................................
  .... ............         ... ................................................
  .... ............         ... ................................................
  .... ............         ... ................................................
  
  tc  sb  rb  tib ab  st  srams       mapram  ov  gw pay 2p
  A.  ..  ..  B.  ..  ..  B.........  ......  ..  ..  ..  .
  ..  ..  ..  ..  ..  ..  ..........  ......  ..  ..  ..  .
  ..  ..  ..  ..  ..  ..  ..........  ......  ..  ..  ..  .
  ..  ..  ..  ..  ..  ..  ..........  ......  ..  ..  ..  .
  ..  ..  ..  ..  ..  ..  ..........  ......  ..  ..  ..  .
  ..  ..  ..  ..  ..  ..  ..........  ......  ..  ..  ..  .
  ..  ..  ..  ..  ..  ..  ..........  ......  ..  ..  ..  .
  ..  ..  ..  ..  ..  ..  ..........  ......  ..  ..  ..  .
  ..                                                      
  ..                                                      
  ..                                                      
  ..                                                      
     A tbl_state_decode_0
     B tbl_state_decode_0$tind
  
can't place tbl_dnp3_timing_normalizer_inline748 in stage 3 : dependency on table tbl_state_decode_0
can't place tbl_dnp3_timing_normalizer_inline746 in stage 3 : dependency on table tbl_state_decode_0
can't place tbl_dnp3_timing_normalizer_inline833 in stage 3 : shared table tbl_dnp3_timing_normalizer_inline835 depends on table tbl_state_decode_0
Stage 4
  exact ixbar groups                  ternary ixbar groups
  A0B0............C0C1C2C3........  .......... .. ..........
  ................D0D1D2D3E0E1E2E3  .......... .. ..........
  ................................  .......... .. ..........
  ................................  .......... .. ..........
  ................................  .......... .. ..........
  ................................  .......... .. ..........
  ................................
  ................................
     A B10 (tbl_dnp3_timing_normalizer_inline833$gw)
     B B12 (tbl_dnp3_timing_normalizer_inline746$gw, tbl_dnp3_timing_normalizer_inline835$gw)
     C W3 (tbl_dnp3_timing_normalizer_inline837$salu)
     D W6 (tbl_dnp3_timing_normalizer_inline748$salu)
     E W8 (tbl_dnp3_timing_normalizer_inline748$salu)
  hash select bits  Groups  hd  /- hash dist bits --- (Groups: -1 -1)
  .... ............  .0000  ... ................................................
  .... ............  .0000  ... ................................................
  .... ............  .0000  ... ................................................
  .... ............  .0000  ... ................................................
  .... ............  .0000  ... ................................................
  .... ............  .0000  ... ................................................
  .... ............  .0000  ... ................................................
  .... ............  .0000  ... ................................................
  .... ............         ... ................................................
  .... ............         ... ................................................
  .... ............         ... ................................................
  .... ............         ... ................................................
  .... ............         ... ................................................
  .... ............         ... ................................................
  .... ............         ... ................................................
  .... ............         ... ................................................
  
  tc  sb  rb  tib ab  st  srams       mapram  ov  gw pay 2p
  ..  ..  ..  CJ  ..  ..  ..........  ......  ..  AG  ..  .
  ..  ..  ..  HF  ..  ..  ..........  ......  ..  E.  ..  .
  ..  ..  ..  D.  ..  ..  ..........  ......  ..  ..  ..  .
  ..  ..  ..  ..  ..  ..  ..........  ......  ..  ..  ..  .
  ..  ..  ..  ..  ..  ..  ..........  ......  ..  ..  ..  .
  ..  ..  ..  ..  ..  ..  ....II....  II....  ..  ..  ..  .
  ..  ..  ..  ..  ..  ..  ..........  ......  ..  ..  ..  .
  ..  ..  ..  ..  ..  ..  ....BB....  BB....  ..  ..  ..  .
  ..                                                      
  ..                                                      
  ..                                                      
  ..                                                      
     A tbl_dnp3_timing_normalizer_inline746$gw
     B tbl_dnp3_timing_normalizer_inline746$salu.Ingress.reg_deadline
     C tbl_dnp3_timing_normalizer_inline746$tind
     D tbl_dnp3_timing_normalizer_inline748$tind
     E tbl_dnp3_timing_normalizer_inline833$gw
     F tbl_dnp3_timing_normalizer_inline833$tind
     G tbl_dnp3_timing_normalizer_inline835$gw
     H tbl_dnp3_timing_normalizer_inline835$tind
     I tbl_dnp3_timing_normalizer_inline837$salu.Ingress.reg_t_ack
     J tbl_dnp3_timing_normalizer_inline837$tind
  
can't place tbl_deadline_expiry_0 in stage 4 : dependency on table tbl_dnp3_timing_normalizer_inline748
can't place tbl_build_clrt_diff_0 in stage 4 : dependency on table tbl_dnp3_timing_normalizer_inline837
Stage 5
  exact ixbar groups                  ternary ixbar groups
  F0F1F2F3E0C0D0B0A0..............  .......... .. ..........
  ................................  .......... .. ..........
  ................................  .......... .. ..........
  ................................  .......... .. ..........
  ................................  .......... .. ..........
  ................................  .......... .. ..........
  ................................
  ................................
     A B11 (tbl_dnp3_timing_normalizer_inline789$gw)
     B B12 (tbl_dnp3_timing_normalizer_inline769$gw)
     C B5 (cond-44$gw, tbl_dnp3_timing_normalizer_inline763$gw, tbl_dnp3_timing_normalizer_inline813$gw, tbl_to_block$gw, tbl_to_fwd$gw, tbl_to_fwd_0$gw)
     D B6 (tbl_dnp3_timing_normalizer_inline763$gw)
     E B8 (cond-38$gw)
     F W9 (tbl_deadline_expiry_0$gw)
  hash select bits  Groups  hd  /- hash dist bits --- (Groups: -1 -1)
  .... ............  .0000  ... ................................................
  .... ............  .0000  ... ................................................
  .... ............  .0000  ... ................................................
  .... ............  .0000  ... ................................................
  .... ............  .0000  ... ................................................
  .... ............  .0000  ... ................................................
  .... ............  .0000  ... ................................................
  .... ............  .0000  ... ................................................
  .... ............         ... ................................................
  .... ............         ... ................................................
  .... ............         ... ................................................
  .... ............         ... ................................................
  .... ............         ... ................................................
  .... ............         ... ................................................
  .... ............         ... ................................................
  .... ............         ... ................................................
  
  tc  sb  rb  tib ab  st  srams       mapram  ov  gw pay 2p
  ..  D.  ..  .Y  ..  ..  ....GG....  GG....  ..  EX  E.  .
  ..  ..  ..  bR  ..  ..  ..........  ......  ..  OL  ..  .
  ..  ..  ..  aS  ..  ..  ....JJ....  JJ....  ..  BI  ..  .
  ..  ..  ..  QN  ..  ..  ..........  ......  ..  VF  ..  .
  ..  ..  ..  KW  ..  ..  ....MM....  MM....  ..  TA  ..  .
  ..  ..  ..  HU  ..  ..  ..........  ......  ..  ..  ..  .
  ..  ..  ..  CZ  ..  ..  ....PP....  PP....  ..  ..  ..  .
  ..  ..  ..  ..  ..  ..  ..........  ......  ..  ..  ..  .
  ..                                                      
  ..                                                      
  ..                                                      
  ..                                                      
     A cond-38$gw
     B cond-44$gw
     C tbl_build_clrt_diff_0$tind
     D tbl_deadline_expiry_0
     E tbl_deadline_expiry_0$gw
     F tbl_dnp3_timing_normalizer_inline763$gw
     G tbl_dnp3_timing_normalizer_inline763$stats.Ingress.ctr_resp_enq
     H tbl_dnp3_timing_normalizer_inline763$tind
     I tbl_dnp3_timing_normalizer_inline769$gw
     J tbl_dnp3_timing_normalizer_inline769$stats.Ingress.ctr_ack_arm
     K tbl_dnp3_timing_normalizer_inline769$tind
     L tbl_dnp3_timing_normalizer_inline789$gw
     M tbl_dnp3_timing_normalizer_inline789$stats.Ingress.ctr_block_term_stale
     N tbl_dnp3_timing_normalizer_inline789$tind
     O tbl_dnp3_timing_normalizer_inline813$gw
     P tbl_dnp3_timing_normalizer_inline813$stats.Ingress.ctr_resp_release
     Q tbl_dnp3_timing_normalizer_inline813$tind
     R tbl_drop_pkt_0$tind
     S tbl_drop_pkt_3$tind
     T tbl_to_block$gw
     U tbl_to_block$tind
     V tbl_to_fwd$gw
     W tbl_to_fwd$tind
     X tbl_to_fwd_0$gw
     Y tbl_to_fwd_0$tind
     Z tbl_to_fwd_1$tind
     a tbl_to_fwd_2$tind
     b tbl_to_resp$tind
  
can't place tbl_dnp3_timing_normalizer_inline759 in stage 5 : dependency on table tbl_deadline_expiry_0
can't place tbl_dnp3_timing_normalizer_inline772 in stage 5 : ran out of memories: too many tables total
can't place tbl_drop_pkt_1 in stage 5 : dependency on table tbl_deadline_expiry_0
can't place tbl_dnp3_timing_normalizer_inline793 in stage 5 : dependency on table tbl_deadline_expiry_0
can't place tbl_dnp3_timing_normalizer_inline816 in stage 5 : dependency on table tbl_deadline_expiry_0
can't place tbl_dnp3_timing_normalizer_inline815 in stage 5 : dependency on table tbl_deadline_expiry_0
can't place tbl_dnp3_timing_normalizer_inline778 in stage 5 : ran out of memories: too many tables total
can't place tbl_dnp3_timing_normalizer_inline781 in stage 5 : ran out of memories: too many tables total
Stage 6
  exact ixbar groups                  ternary ixbar groups
  A0B0............................  .......... .. ..........
  ................................  .......... .. ..........
  ................................  .......... .. ..........
  ................................  .......... .. ..........
  ................................  .......... .. ..........
  ................................  .......... .. ..........
  ................................
  ................................
     A B3 (tbl_dnp3_timing_normalizer_inline793$gw)
     B B9 (tbl_dnp3_timing_normalizer_inline797$gw)
  hash select bits  Groups  hd  /- hash dist bits --- (Groups: -1 -1)
  .... ............  .0000  ... ................................................
  .... ............  .0000  ... ................................................
  .... ............  .0000  ... ................................................
  .... ............  .0000  ... ................................................
  .... ............  .0000  ... ................................................
  .... ............  .0000  ... ................................................
  .... ............  .0000  ... ................................................
  .... ............  .0000  ... ................................................
  .... ............         ... ................................................
  .... ............         ... ................................................
  .... ............         ... ................................................
  .... ............         ... ................................................
  .... ............         ... ................................................
  .... ............         ... ................................................
  .... ............         ... ................................................
  .... ............         ... ................................................
  
  tc  sb  rb  tib ab  st  srams       mapram  ov  gw pay 2p
  ..  ..  ..  MI  ..  ..  ....AA....  AA....  ..  FC  ..  .
  ..  ..  ..  NK  ..  ..  ..........  ......  ..  ..  ..  .
  ..  ..  ..  HE  ..  ..  ....DD....  DD....  ..  ..  ..  .
  ..  ..  ..  BL  ..  ..  ..........  ......  ..  ..  ..  .
  ..  ..  ..  ..  ..  ..  ....GG....  GG....  ..  ..  ..  .
  ..  ..  ..  ..  ..  ..  ..........  ......  ..  ..  ..  .
  ..  ..  ..  ..  ..  ..  ....JJ....  JJ....  ..  ..  ..  .
  ..  ..  ..  ..  ..  ..  ..........  ......  ..  ..  ..  .
  ..                                                      
  ..                                                      
  ..                                                      
  ..                                                      
     A tbl_dnp3_timing_normalizer_inline759$stats.Ingress.ctr_block_enq
     B tbl_dnp3_timing_normalizer_inline759$tind
     C tbl_dnp3_timing_normalizer_inline793$gw
     D tbl_dnp3_timing_normalizer_inline793$stats.Ingress.ctr_block_term_deadline
     E tbl_dnp3_timing_normalizer_inline793$tind
     F tbl_dnp3_timing_normalizer_inline797$gw
     G tbl_dnp3_timing_normalizer_inline797$stats.Ingress.ctr_block_term_timeout
     H tbl_dnp3_timing_normalizer_inline797$tind
     I tbl_dnp3_timing_normalizer_inline801$tind
     J tbl_dnp3_timing_normalizer_inline803$stats.Ingress.ctr_block_loop
     K tbl_dnp3_timing_normalizer_inline803$tind
     L tbl_drop_pkt_1$tind
     M tbl_drop_pkt_2$tind
     N tbl_to_block_0$tind
  
can't place tbl_dnp3_timing_normalizer_inline772 in stage 6 : ran out of memories: too many stats tables
can't place tbl_dnp3_timing_normalizer_inline816 in stage 6 : ran out of memories: too many stats tables
can't place tbl_dnp3_timing_normalizer_inline815 in stage 6 : ran out of memories: too many stats tables
can't place tbl_dnp3_timing_normalizer_inline778 in stage 6 : ran out of memories: too many stats tables
can't place tbl_dnp3_timing_normalizer_inline781 in stage 6 : ran out of memories: too many stats tables
Stage 7
  exact ixbar groups                  ternary ixbar groups
  A0..............................  .......... .. ..........
  ................................  .......... .. ..........
  ................................  .......... .. ..........
  ................................  .......... .. ..........
  ................................  .......... .. ..........
  ................................  .......... .. ..........
  ................................
  ................................
     A B3 (tbl_dnp3_timing_normalizer_inline815$gw)
  hash select bits  Groups  hd  /- hash dist bits --- (Groups: -1 -1)
  .... ............  .0000  ... ................................................
  .... ............  .0000  ... ................................................
  .... ............  .0000  ... ................................................
  .... ............  .0000  ... ................................................
  .... ............  .0000  ... ................................................
  .... ............  .0000  ... ................................................
  .... ............  .0000  ... ................................................
  .... ............  .0000  ... ................................................
  .... ............         ... ................................................
  .... ............         ... ................................................
  .... ............         ... ................................................
  .... ............         ... ................................................
  .... ............         ... ................................................
  .... ............         ... ................................................
  .... ............         ... ................................................
  .... ............         ... ................................................
  
  tc  sb  rb  tib ab  st  srams       mapram  ov  gw pay 2p
  ..  ..  ..  BD  ..  ..  ....HH....  HH....  ..  G.  ..  .
  ..  ..  ..  FI  ..  ..  ..........  ......  ..  ..  ..  .
  ..  ..  ..  ..  ..  ..  ....EE....  EE....  ..  ..  ..  .
  ..  ..  ..  ..  ..  ..  ..........  ......  ..  ..  ..  .
  ..  ..  ..  ..  ..  ..  ....CC....  CC....  ..  ..  ..  .
  ..  ..  ..  ..  ..  ..  ..........  ......  ..  ..  ..  .
  ..  ..  ..  ..  ..  ..  ....AA....  AA....  ..  ..  ..  .
  ..  ..  ..  ..  ..  ..  ..........  ......  ..  ..  ..  .
  ..                                                      
  ..                                                      
  ..                                                      
  ..                                                      
     A tbl_dnp3_timing_normalizer_inline772$stats.Ingress.ctr_ack_bypass
     B tbl_dnp3_timing_normalizer_inline772$tind
     C tbl_dnp3_timing_normalizer_inline778$stats.Ingress.ctr_arm
     D tbl_dnp3_timing_normalizer_inline778$tind
     E tbl_dnp3_timing_normalizer_inline781$stats.Ingress.ctr_bypass
     F tbl_dnp3_timing_normalizer_inline781$tind
     G tbl_dnp3_timing_normalizer_inline815$gw
     H tbl_dnp3_timing_normalizer_inline815$stats.Ingress.ctr_release_deadline
     I tbl_dnp3_timing_normalizer_inline815$tind
  
can't place tbl_dnp3_timing_normalizer_inline816 in stage 7 : ran out of memories: too many stats tables
Stage 8
  exact ixbar groups                  ternary ixbar groups
  H0H1H2H3C0B0A0E0G0G1G2G3F0D0....  .......... .. ..........
  ................G0G1G2G3........  .......... .. ..........
  ................G0G1G2G3........  .......... .. ..........
  ................G0G1G2G3........  .......... .. ..........
  ................................  .......... .. ..........
  ................................  .......... .. ..........
  ................................
  ................................
     A B13 (tbl_dnp3_timing_normalizer_inline856$gw)
     B B14 (tbl_dnp3_timing_normalizer_inline857$gw)
     C B15 (tbl_dnp3_timing_normalizer_inline858$gw)
     D B3 (tbl_dnp3_timing_normalizer_inline846$gw)
     E B4 (tbl_dnp3_timing_normalizer_inline855$gw)
     F H4 (cond-52$gw)
     G W3 (tbl_dnp3_timing_normalizer_inline855$salu, tbl_dnp3_timing_normalizer_inline856$salu, tbl_dnp3_timing_normalizer_inline857$salu, tbl_dnp3_timing_normalizer_inline858$salu)
     H W5 (tbl_clrt_guard_0$gw)
  hash select bits  Groups  hd  /- hash dist bits --- (Groups: -1 -1)
  .... ............  .0000  ... ................................................
  .... ............  .0000  ... ................................................
  .... ............  .0000  ... ................................................
  .... ............  .0000  ... ................................................
  .... ............  .0000  ... ................................................
  .... ............  .0000  ... ................................................
  .... ............  .0000  ... ................................................
  .... ............  .0000  ... ................................................
  .... ............         ... ................................................
  .... ............         ... ................................................
  .... ............         ... ................................................
  .... ............         ... ................................................
  .... ............         ... ................................................
  .... ............         ... ................................................
  .... ............         ... ................................................
  .... ............         ... ................................................
  
  tc  sb  rb  tib ab  st  srams       mapram  ov  gw pay 2p
  ..  B.  ..  .H  ..  ..  ..........  ......  ..  CF  C.  .
  ..  ..  ..  MP  ..  ..  ....UU....  UU....  ..  AK  ..  .
  ..  ..  ..  SV  ..  ..  ....II....  II....  ..  NQ  ..  .
  ..  ..  ..  EJ  ..  ..  ....RR....  RR....  ..  T.  ..  .
  ..  ..  ..  ..  ..  ..  ....DD....  DD....  ..  ..  ..  .
  ..  ..  ..  ..  ..  ..  ....OO....  OO....  ..  ..  ..  .
  ..  ..  ..  ..  ..  ..  ....GG....  GG....  ..  ..  ..  .
  ..  ..  ..  ..  ..  ..  ....LL....  LL....  ..  ..  ..  .
  ..                                                      
  ..                                                      
  ..                                                      
  ..                                                      
     A cond-52$gw
     B tbl_clrt_guard_0
     C tbl_clrt_guard_0$gw
     D tbl_dnp3_timing_normalizer_inline816$stats.Ingress.ctr_release_fail_open
     E tbl_dnp3_timing_normalizer_inline816$tind
     F tbl_dnp3_timing_normalizer_inline846$gw
     G tbl_dnp3_timing_normalizer_inline846$stats.Ingress.ctr_response_at_or_after_deadline
     H tbl_dnp3_timing_normalizer_inline846$tind
     I tbl_dnp3_timing_normalizer_inline847$stats.Ingress.ctr_response_before_deadline
     J tbl_dnp3_timing_normalizer_inline847$tind
     K tbl_dnp3_timing_normalizer_inline855$gw
     L tbl_dnp3_timing_normalizer_inline855$salu.Ingress.reg_ts_first_block
     M tbl_dnp3_timing_normalizer_inline855$tind
     N tbl_dnp3_timing_normalizer_inline856$gw
     O tbl_dnp3_timing_normalizer_inline856$salu.Ingress.reg_ts_ack_arm
     P tbl_dnp3_timing_normalizer_inline856$tind
     Q tbl_dnp3_timing_normalizer_inline857$gw
     R tbl_dnp3_timing_normalizer_inline857$salu.Ingress.reg_ts_block_term
     S tbl_dnp3_timing_normalizer_inline857$tind
     T tbl_dnp3_timing_normalizer_inline858$gw
     U tbl_dnp3_timing_normalizer_inline858$salu.Ingress.reg_ts_first_resp_release
     V tbl_dnp3_timing_normalizer_inline858$tind
  
can't place tbl_dnp3_timing_normalizer_inline850 in stage 8 : dependency on table tbl_clrt_guard_0
can't place tbl_dnp3_timing_normalizer_inline849 in stage 8 : dependency on table tbl_clrt_guard_0
Stage 9
  exact ixbar groups                  ternary ixbar groups
  A0..B0..........B0......C0C1C2C3  .......... .. ..........
  ................................  .......... .. ..........
  ................................  .......... .. ..........
  ................................  .......... .. ..........
  ................................  .......... .. ..........
  ................................  .......... .. ..........
  ................................
  ................................
     A B10 (tbl_dnp3_timing_normalizer_inline842$salu, tbl_dnp3_timing_normalizer_inline849$gw)
     B H4 (tbl_dnp3_timing_normalizer_inline841$salu, tbl_dnp3_timing_normalizer_inline842$salu)
     C W2 (tbl_dnp3_timing_normalizer_inline841$salu)
  hash select bits  Groups  hd  /- hash dist bits --- (Groups: -1 -1)
  AA.. ............  A0001  ... ................................................
  .... ............  .0000  ... ................................................
  .... ............  .0000  ... ................................................
  .... ............  .0000  ... ................................................
  .... ............  .0000  ... ................................................
  .... ............  .0000  ... ................................................
  .... ............  .0000  ... ................................................
  .... ............  .0000  ... ................................................
  .... ............         ... ................................................
  .... ............         ... ................................................
  .... ............         ... ................................................
  .... ............         ... ................................................
  .... ............         ... ................................................
  .... ............         ... ................................................
  .... ............         ... ................................................
  .... ............         ... ................................................
     A tbl_dnp3_timing_normalizer_inline842$salu
  
  tc  sb  rb  tib ab  st  srams       mapram  ov  gw pay 2p
  ..  ..  ..  DI  ..  ..  ..........  ......  ..  E.  ..  .
  ..  ..  ..  GB  ..  ..  ..........  ......  ..  ..  ..  .
  ..  ..  ..  ..  ..  ..  ..........  ......  ..  ..  ..  .
  ..  ..  ..  ..  ..  ..  ..........  ......  ..  ..  ..  .
  ..  ..  ..  ..  ..  ..  ....FF....  FF....  ..  ..  ..  .
  ..  ..  ..  ..  ..  ..  ....AA....  AA....  ..  ..  ..  .
  ..  ..  ..  ..  ..  ..  ....HH....  HH....  ..  ..  ..  .
  ..  ..  ..  ..  ..  ..  ....CC....  CC....  ..  ..  ..  .
  ..                                                      
  ..                                                      
  ..                                                      
  ..                                                      
     A tbl_dnp3_timing_normalizer_inline841$salu.Ingress.reg_native_clrt
     B tbl_dnp3_timing_normalizer_inline841$tind
     C tbl_dnp3_timing_normalizer_inline842$salu.Ingress.reg_protection
     D tbl_dnp3_timing_normalizer_inline842$tind
     E tbl_dnp3_timing_normalizer_inline849$gw
     F tbl_dnp3_timing_normalizer_inline849$stats.Ingress.ctr_response_actually_held
     G tbl_dnp3_timing_normalizer_inline849$tind
     H tbl_dnp3_timing_normalizer_inline850$stats.Ingress.ctr_response_zero_hold
     I tbl_dnp3_timing_normalizer_inline850$tind
  
Table tbl_dnp3_timing_normalizer_inline781 delayed to stage 7 from stage 5
  stage 5: dependency (CONTROL_COND_FALSE) on tbl_to_fwd_0 in stage 5
  - preferred cond-44(longer downward prop control-included dependence tail chain) over 1 of tbl_dnp3_timing_normalizer_inline781 in stage 5
  - preferred tbl_dnp3_timing_normalizer_inline759(longer downward prop control-included dependence tail chain) over 1 of tbl_dnp3_timing_normalizer_inline781 in stage 6
  - preferred tbl_dnp3_timing_normalizer_inline769(longer downward prop control-included dependence tail chain) over 1 of tbl_dnp3_timing_normalizer_inline781 in stage 5
  - preferred tbl_dnp3_timing_normalizer_inline793(longer downward prop control-included dependence tail chain) over 1 of tbl_dnp3_timing_normalizer_inline781 in stage 6
  - preferred tbl_to_fwd_1(earlier stage calculated) over 1 of tbl_dnp3_timing_normalizer_inline781 in stage 6
  - preferred tbl_to_resp(earlier stage calculated) over 1 of tbl_dnp3_timing_normalizer_inline781 in stage 6
Table tbl_dnp3_timing_normalizer_inline778 delayed to stage 7 from stage 5
  stage 5: dependency (CONTROL_COND_TRUE) on tbl_to_fwd_0 in stage 5
  - preferred cond-44(longer downward prop control-included dependence tail chain) over 1 of tbl_dnp3_timing_normalizer_inline778 in stage 5
  - preferred tbl_dnp3_timing_normalizer_inline759(longer downward prop control-included dependence tail chain) over 1 of tbl_dnp3_timing_normalizer_inline778 in stage 6
  - preferred tbl_dnp3_timing_normalizer_inline769(longer downward prop control-included dependence tail chain) over 1 of tbl_dnp3_timing_normalizer_inline778 in stage 5
  - preferred tbl_dnp3_timing_normalizer_inline793(longer downward prop control-included dependence tail chain) over 1 of tbl_dnp3_timing_normalizer_inline778 in stage 6
  - preferred tbl_to_fwd_0(earlier stage calculated) over 1 of tbl_dnp3_timing_normalizer_inline778 in stage 6
  - preferred tbl_to_resp(earlier stage calculated) over 1 of tbl_dnp3_timing_normalizer_inline778 in stage 6
Table tbl_dnp3_timing_normalizer_inline772 delayed to stage 7 from stage 5
  stage 5: dependency (CONTROL_COND_FALSE) on tbl_dnp3_timing_normalizer_inline769 in stage 5
  - preferred cond-44(longer downward prop control-included dependence tail chain) over 1 of tbl_dnp3_timing_normalizer_inline772 in stage 5
  - preferred tbl_dnp3_timing_normalizer_inline759(longer downward prop control-included dependence tail chain) over 1 of tbl_dnp3_timing_normalizer_inline772 in stage 6
  - preferred tbl_dnp3_timing_normalizer_inline769(longer downward prop control-included dependence tail chain) over 1 of tbl_dnp3_timing_normalizer_inline772 in stage 5
  - preferred tbl_drop_pkt_0(longer downward prop control-included dependence tail chain) over 1 of tbl_dnp3_timing_normalizer_inline772 in stage 5
  - preferred tbl_drop_pkt_1(longer downward prop control-included dependence tail chain) over 1 of tbl_dnp3_timing_normalizer_inline772 in stage 6
  - preferred tbl_drop_pkt_3(longer downward prop control-included dependence tail chain) over 1 of tbl_dnp3_timing_normalizer_inline772 in stage 5
  - preferred tbl_to_fwd_0(earlier stage calculated) over 1 of tbl_dnp3_timing_normalizer_inline772 in stage 6
  - preferred tbl_to_resp(earlier stage calculated) over 1 of tbl_dnp3_timing_normalizer_inline772 in stage 6
Table tbl_dnp3_timing_normalizer_inline816 delayed to stage 8 from stage 7
  stage 7: dependency (CONTROL_COND_FALSE) on tbl_dnp3_timing_normalizer_inline815 in stage 7
  - preferred tbl_dnp3_timing_normalizer_inline759(longer downward prop control-included dependence tail chain) over 1 of tbl_dnp3_timing_normalizer_inline816 in stage 6
  - preferred tbl_dnp3_timing_normalizer_inline772(direct control dependency difference) over 1 of tbl_dnp3_timing_normalizer_inline816 in stage 7
  - preferred tbl_dnp3_timing_normalizer_inline793(longer downward prop control-included dependence tail chain) over 1 of tbl_dnp3_timing_normalizer_inline816 in stage 6
  - preferred tbl_dnp3_timing_normalizer_inline815(default choice) over 1 of tbl_dnp3_timing_normalizer_inline816 in stage 7
  - preferred tbl_drop_pkt_0(earlier stage calculated) over 1 of tbl_dnp3_timing_normalizer_inline816 in stage 6
  - preferred tbl_to_fwd_0(earlier stage calculated) over 1 of tbl_dnp3_timing_normalizer_inline816 in stage 6
  - preferred tbl_to_fwd_2(earlier stage calculated) over 1 of tbl_dnp3_timing_normalizer_inline816 in stage 6
  - preferred tbl_to_resp(earlier stage calculated) over 1 of tbl_dnp3_timing_normalizer_inline816 in stage 6
Table tbl_clrt_guard_0 delayed to stage 8 from stage 6
  stage 6: dependency (IXBAR_READ) on tbl_build_clrt_diff_0 in stage 5
  stage 2: dependency (ANTI_NEXT_TABLE_METADATA) on tbl_build_now_0 in stage 1
  stage 1: dependency (CONTROL_COND_FALSE) on tbl_dnp3_timing_normalizer_inline706 in stage 0
  - preferred cond-38(earlier stage calculated) over 512 of tbl_clrt_guard_0 in stage 6
Table tbl_dnp3_timing_normalizer_inline841 delayed to stage 9 from stage 6
  stage 6: dependency (IXBAR_READ) on tbl_dnp3_timing_normalizer_inline763 in stage 5
  stage 5: dependency (IXBAR_READ) on tbl_dnp3_timing_normalizer_inline833 in stage 4
  stage 5: dependency (IXBAR_READ) on tbl_dnp3_timing_normalizer_inline835 in stage 4
  stage 5: dependency (IXBAR_READ) on tbl_dnp3_timing_normalizer_inline837 in stage 4
  stage 1: dependency (CONTROL_COND_FALSE) on tbl_dnp3_timing_normalizer_inline706 in stage 0
  - preferred tbl_clrt_guard_0(longer downward prop control-included dependence tail chain) over 1 of tbl_dnp3_timing_normalizer_inline841 in stage 8
  - preferred tbl_dnp3_timing_normalizer_inline855(default choice) over 1 of tbl_dnp3_timing_normalizer_inline841 in stage 8
