/tmp/case4_compile_9tgkZTRz/evidence/source/nf.p4(210): [--Wwarn=unused] warning: Table syn_shapes is not used; removing
 table syn_shapes{key={m.direction:exact;hdr.tcp.flags:exact;hdr.mss.kind:exact;hdr.mss.len:exact;hdr.mss.value:range;}
       ^^^^^^^^^^
/tmp/case4_compile_9tgkZTRz/evidence/source/nf.p4(214): [--Wwarn=unused] warning: Table short_shapes is not used; removing
 table short_shapes{key={m.direction:exact;hdr.tcp.flags:exact;}
       ^^^^^^^^^^^^
/tmp/case4_compile_9tgkZTRz/evidence/source/nf.p4(243): [--Wwarn=unused] warning: Table available_t is not used; removing
 table available_t{key={m.generation:exact;}actions={available;NoAction;}size=1;const entries={32w0:NoAction();}const default_action=available();}
       ^^^^^^^^^^^
/tmp/case4_compile_9tgkZTRz/evidence/source/nf.p4(293): [--Wwarn=unused] warning: Table epoch_guard is not used; removing
 table epoch_guard{key={m.epoch_diff:exact;}actions={epoch_ok;NoAction;}size=1;const entries={32w0:epoch_ok();}const default_action=NoAction();}
       ^^^^^^^^^^^
/tmp/case4_compile_9tgkZTRz/evidence/source/nf.p4(126): [--Wwarn=uninitialized_out_param] warning: out parameter 'm' may be uninitialized when 'n_IgParser' terminates
parser n_IgParser(packet_in pkt,out n_headers_t hdr,out n_meta_t m,out ingress_intrinsic_metadata_t ig){
                                                                 ^
/tmp/case4_compile_9tgkZTRz/evidence/source/nf.p4(126)
parser n_IgParser(packet_in pkt,out n_headers_t hdr,out n_meta_t m,out ingress_intrinsic_metadata_t ig){
       ^^^^^^^^^^
/tmp/case4_compile_9tgkZTRz/evidence/source/nf.p4(566): [--Wwarn=uninitialized_out_param] warning: out parameter 'm' may be uninitialized when 'f_EgParser' terminates
parser f_EgParser(packet_in pkt,out f_headers_t hdr,out f_meta_t m,out egress_intrinsic_metadata_t eg){Checksum() ic;Checksum() tc;
                                                                 ^
/tmp/case4_compile_9tgkZTRz/evidence/source/nf.p4(566)
parser f_EgParser(packet_in pkt,out f_headers_t hdr,out f_meta_t m,out egress_intrinsic_metadata_t eg){Checksum() ic;Checksum() tc;
       ^^^^^^^^^^
warning: checksum.get() will deprecate in future versions. Please use void subtract_all_and_deposit(bit<16>) instead
warning: Parser state min_parse_depth_reject_loop will be unrolled up to 4 times due to @pragma max_loop_depth.
warning: checksum.get() will deprecate in future versions. Please use void subtract_all_and_deposit(bit<16>) instead
warning: checksum.get() will deprecate in future versions. Please use void subtract_all_and_deposit(bit<16>) instead
warning: Parser state min_parse_depth_reject_loop will be unrolled up to 4 times due to @pragma max_loop_depth.
warning: checksum.get() will deprecate in future versions. Please use void subtract_all_and_deposit(bit<16>) instead
[--Wwarn=substitution] warning: n_Ingress.read_response_profile: Table key name not supported. Replacing "hdr.first.w0[31:24]" with "hdr.first.w0".
[--Wwarn=substitution] warning: n_Ingress.read_response_profile: Table key name not supported. Replacing "hdr.first.w0[23:16]" with "hdr.first.w0".
[--Wwarn=substitution] warning: n_Ingress.read_response_profile: Table key name not supported. Replacing "hdr.first.w0[15:8]" with "hdr.first.w0".
[--Wwarn=substitution] warning: n_Ingress.read_response_profile: Table key name not supported. Replacing "hdr.first.w1[23:16]" with "hdr.first.w1".
[--Wwarn=substitution] warning: n_Ingress.read_response_profile: Table key name not supported. Replacing "hdr.first.w1[15:8]" with "hdr.first.w1".
[--Wwarn=substitution] warning: n_Ingress.read_response_profile: Table key name not supported. Replacing "hdr.first.w1[7:0]" with "hdr.first.w1".
[--Wwarn=substitution] warning: n_Ingress.read_response_profile: Table key name not supported. Replacing "hdr.first.w2[31:24]" with "hdr.first.w2".
[--Wwarn=substitution] warning: n_Ingress.read_response_profile: Table key name not supported. Replacing "hdr.first.w2[23:16]" with "hdr.first.w2".
[--Wwarn=substitution] warning: n_Ingress.response_profile: Table key name not supported. Replacing "hdr.first.w0[31:24]" with "hdr.first.w0".
[--Wwarn=substitution] warning: n_Ingress.response_profile: Table key name not supported. Replacing "hdr.first.w0[23:16]" with "hdr.first.w0".
[--Wwarn=substitution] warning: n_Ingress.response_profile: Table key name not supported. Replacing "hdr.first.w0[15:0]" with "hdr.first.w0".
[--Wwarn=substitution] warning: n_Ingress.response_profile: Table key name not supported. Replacing "hdr.first.w2[31:16]" with "hdr.first.w2".
[--Wwarn=substitution] warning: n_Ingress.response_profile: Table key name not supported. Replacing "hdr.second.w1[15:0]" with "hdr.second.w1".
[--Wwarn=substitution] warning: n_Ingress.profile: Table key name not supported. Replacing "hdr.first.w0[31:24]" with "hdr.first.w0".
[--Wwarn=substitution] warning: n_Ingress.profile: Table key name not supported. Replacing "hdr.first.w0[23:16]" with "hdr.first.w0".
[--Wwarn=substitution] warning: n_Ingress.profile: Table key name not supported. Replacing "hdr.first.w0[15:8]" with "hdr.first.w0".
[--Wwarn=substitution] warning: n_Ingress.profile: Table key name not supported. Replacing "hdr.first.w0[7:0]" with "hdr.first.w0".
[--Wwarn=substitution] warning: n_Ingress.profile: Table key name not supported. Replacing "hdr.first.w1[31:24]" with "hdr.first.w1".
[--Wwarn=substitution] warning: n_Ingress.profile: Table key name not supported. Replacing "hdr.first.w1[23:16]" with "hdr.first.w1".
[--Wwarn=substitution] warning: n_Ingress.profile: Table key name not supported. Replacing "hdr.first.w1[15:0]" with "hdr.first.w1".

0 errors, 32 warnings generated.

