+---------------------------------------------------------------------+
|  Log file: mau.resources.log                                        |
|  Compiler version: 9.13.1                                           |
|  Created on: Mon Jul 20 14:43:24 2026                               |
|  Run ID: a017a1831d8246d2                                           |
+---------------------------------------------------------------------+


---------------------------------------------------------------------------------------------------------------------------------------------------------------------------------------------------------------------------------------------------------------------------------------------------------------------------------------------------------------
| Stage Number | Exact Match Input xbar | Ternary Match Input xbar | Hash Bit | Hash Dist Unit | Gateway | SRAM | Map RAM | TCAM | VLIW Instr | Meter ALU | Stats ALU | Stash | Exact Match Search Bus | Exact Match Result Bus | Tind Result Bus | Action Data Bus Bytes | 8-bit Action Slots | 16-bit Action Slots | 32-bit Action Slots | Logical TableID |
---------------------------------------------------------------------------------------------------------------------------------------------------------------------------------------------------------------------------------------------------------------------------------------------------------------------------------------------------------------
|      0       |           4            |            0             |    4     |       1        |    3    |  1   |    0    |  0   |     2      |     0     |     0     |   0   |           3            |           1            |        3        |           2           |         0          |          0          |          0          |        4        |
|      1       |           1            |            0             |    0     |       0        |    1    |  0   |    0    |  0   |     2      |     0     |     0     |   0   |           1            |           0            |        2        |           0           |         0          |          0          |          0          |        2        |
|      2       |           19           |            0             |    36    |       1        |    6    |  3   |    2    |  0   |     5      |     0     |     1     |   1   |           6            |           2            |        6        |           6           |         0          |          0          |          0          |        8        |
|      3       |           7            |            0             |    32    |       2        |    5    |  29  |    29   |  0   |     1      |     3     |     1     |   0   |           3            |           4            |        2        |           1           |         0          |          0          |          0          |        6        |
|      4       |           5            |            0             |    16    |       1        |    3    |  9   |    9    |  0   |     3      |     2     |     1     |   0   |           3            |           2            |        3        |           2           |         0          |          0          |          0          |        4        |
|      5       |           8            |            0             |    16    |       1        |    6    |  7   |    7    |  0   |     6      |     1     |     1     |   0   |           6            |           2            |        8        |           5           |         0          |          0          |          0          |        8        |
|      6       |           0            |            0             |    0     |       0        |    0    |  0   |    0    |  0   |     1      |     0     |     0     |   0   |           0            |           0            |        1        |           0           |         0          |          0          |          0          |        1        |
|      7       |           2            |            0             |    0     |       0        |    1    |  0   |    0    |  0   |     1      |     0     |     0     |   0   |           1            |           0            |        1        |           0           |         0          |          0          |          0          |        1        |
|      8       |           4            |            0             |    16    |       1        |    5    |  7   |    7    |  0   |     3      |     1     |     1     |   0   |           4            |           3            |        5        |           3           |         0          |          0          |          0          |        7        |
|      9       |           2            |            0             |    0     |       0        |    1    |  0   |    0    |  0   |     1      |     0     |     0     |   0   |           1            |           0            |        1        |           0           |         0          |          0          |          0          |        1        |
|      10      |           3            |            0             |    0     |       0        |    2    |  2   |    2    |  0   |     2      |     0     |     1     |   0   |           2            |           0            |        4        |           2           |         0          |          0          |          0          |        4        |
|      11      |           0            |            0             |    0     |       0        |    0    |  0   |    0    |  0   |     0      |     0     |     0     |   0   |           0            |           0            |        0        |           0           |         0          |          0          |          0          |        0        |
|              |                        |                          |          |                |         |      |         |      |            |           |           |       |                        |                        |                 |                       |                    |                     |                     |                 |
|    Totals    |           55           |            0             |   120    |       7        |    33   |  58  |    56   |  0   |     27     |     7     |     6     |   1   |           30           |           14           |        36       |           21          |         0          |          0          |          0          |        46       |
---------------------------------------------------------------------------------------------------------------------------------------------------------------------------------------------------------------------------------------------------------------------------------------------------------------------------------------------------------------


------------------------------------------------------------------------------------------------------------------------------------------------------------------------------------------------------------------------------------------------------------------------------------------------------------------------------------------------------------------
| Stage Number | Exact Match Input xbar | Ternary Match Input xbar | Hash Bit | Hash Dist Unit | Gateway |  SRAM  | Map RAM |  TCAM | VLIW Instr | Meter ALU | Stats ALU | Stash | Exact Match Search Bus | Exact Match Result Bus | Tind Result Bus | Action Data Bus Bytes | 8-bit Action Slots | 16-bit Action Slots | 32-bit Action Slots | Logical TableID |
------------------------------------------------------------------------------------------------------------------------------------------------------------------------------------------------------------------------------------------------------------------------------------------------------------------------------------------------------------------
|      0       |         3.12%          |          0.00%           |  0.96%   |     16.67%     |  18.75% | 1.25%  |  0.00%  | 0.00% |   6.25%    |   0.00%   |   0.00%   | 0.00% |         18.75%         |         6.25%          |      18.75%     |         1.56%         |       0.00%        |        0.00%        |        0.00%        |      25.00%     |
|      1       |         0.78%          |          0.00%           |  0.00%   |     0.00%      |  6.25%  | 0.00%  |  0.00%  | 0.00% |   6.25%    |   0.00%   |   0.00%   | 0.00% |         6.25%          |         0.00%          |      12.50%     |         0.00%         |       0.00%        |        0.00%        |        0.00%        |      12.50%     |
|      2       |         14.84%         |          0.00%           |  8.65%   |     16.67%     |  37.50% | 3.75%  |  4.17%  | 0.00% |   15.62%   |   0.00%   |   25.00%  | 6.25% |         37.50%         |         12.50%         |      37.50%     |         4.69%         |       0.00%        |        0.00%        |        0.00%        |      50.00%     |
|      3       |         5.47%          |          0.00%           |  7.69%   |     33.33%     |  31.25% | 36.25% |  60.42% | 0.00% |   3.12%    |   75.00%  |   25.00%  | 0.00% |         18.75%         |         25.00%         |      12.50%     |         0.78%         |       0.00%        |        0.00%        |        0.00%        |      37.50%     |
|      4       |         3.91%          |          0.00%           |  3.85%   |     16.67%     |  18.75% | 11.25% |  18.75% | 0.00% |   9.38%    |   50.00%  |   25.00%  | 0.00% |         18.75%         |         12.50%         |      18.75%     |         1.56%         |       0.00%        |        0.00%        |        0.00%        |      25.00%     |
|      5       |         6.25%          |          0.00%           |  3.85%   |     16.67%     |  37.50% | 8.75%  |  14.58% | 0.00% |   18.75%   |   25.00%  |   25.00%  | 0.00% |         37.50%         |         12.50%         |      50.00%     |         3.91%         |       0.00%        |        0.00%        |        0.00%        |      50.00%     |
|      6       |         0.00%          |          0.00%           |  0.00%   |     0.00%      |  0.00%  | 0.00%  |  0.00%  | 0.00% |   3.12%    |   0.00%   |   0.00%   | 0.00% |         0.00%          |         0.00%          |      6.25%      |         0.00%         |       0.00%        |        0.00%        |        0.00%        |      6.25%      |
|      7       |         1.56%          |          0.00%           |  0.00%   |     0.00%      |  6.25%  | 0.00%  |  0.00%  | 0.00% |   3.12%    |   0.00%   |   0.00%   | 0.00% |         6.25%          |         0.00%          |      6.25%      |         0.00%         |       0.00%        |        0.00%        |        0.00%        |      6.25%      |
|      8       |         3.12%          |          0.00%           |  3.85%   |     16.67%     |  31.25% | 8.75%  |  14.58% | 0.00% |   9.38%    |   25.00%  |   25.00%  | 0.00% |         25.00%         |         18.75%         |      31.25%     |         2.34%         |       0.00%        |        0.00%        |        0.00%        |      43.75%     |
|      9       |         1.56%          |          0.00%           |  0.00%   |     0.00%      |  6.25%  | 0.00%  |  0.00%  | 0.00% |   3.12%    |   0.00%   |   0.00%   | 0.00% |         6.25%          |         0.00%          |      6.25%      |         0.00%         |       0.00%        |        0.00%        |        0.00%        |      6.25%      |
|      10      |         2.34%          |          0.00%           |  0.00%   |     0.00%      |  12.50% | 2.50%  |  4.17%  | 0.00% |   6.25%    |   0.00%   |   25.00%  | 0.00% |         12.50%         |         0.00%          |      25.00%     |         1.56%         |       0.00%        |        0.00%        |        0.00%        |      25.00%     |
|      11      |         0.00%          |          0.00%           |  0.00%   |     0.00%      |  0.00%  | 0.00%  |  0.00%  | 0.00% |   0.00%    |   0.00%   |   0.00%   | 0.00% |         0.00%          |         0.00%          |      0.00%      |         0.00%         |       0.00%        |        0.00%        |        0.00%        |      0.00%      |
|              |                        |                          |          |                |         |        |         |       |            |           |           |       |                        |                        |                 |                       |                    |                     |                     |                 |
|   Average    |         3.91%          |          0.00%           |  2.62%   |     10.61%     |  18.75% | 6.59%  |  10.61% | 0.00% |   7.67%    |   15.91%  |   13.64%  | 0.57% |         17.05%         |         7.95%          |      20.45%     |         1.49%         |       0.00%        |        0.00%        |        0.00%        |      26.14%     |
------------------------------------------------------------------------------------------------------------------------------------------------------------------------------------------------------------------------------------------------------------------------------------------------------------------------------------------------------------------


Allocated Resource Usage
---------------------------------------------------------------------------------------------------------------------------------------------
|              Table               | Stage  | Crossbar | Hash | Gateways | RAMs | TCAMs | Map  | Action |  VLIW |  Exm   |  Exm   |  Tind  |
|               Name               | Number |  Bytes   | Bits |          |      |       | RAMs |  Data  | Slots | Search | Result | Result |
|                                  |        |          |      |          |      |       |      |  Bus   |       |  Bus   |  Bus   |  Bus   |
|                                  |        |          |      |          |      |       |      | Bytes  |       |        |        |        |
---------------------------------------------------------------------------------------------------------------------------------------------
| DcrnIngressParser.$PORT_METADATA |   -1   |    0     |  0   |    0     |  0   |   0   |  0   |   0    |   0   |   0    |   0    |   0    |
|     DcrnIngress.tcp_overhead     |   0    |    1     |  4   |    0     |  0   |   0   |  0   |   2    |   1   |   0    |   1    |   0    |
| DcrnIngress.tcp_overhead$action  |   0    |    0     |  0   |    0     |  1   |   0   |  0   |   0    |   0   |   0    |   0    |   0    |
|             cond-25              |   0    |    2     |  0   |    1     |  0   |   0   |  0   |   0    |   0   |   1    |   0    |   0    |
|             cond-48              |   0    |    1     |  0   |    1     |  0   |   0   |  0   |   0    |   0   |   1    |   0    |   0    |
|         tbl_dcrn_ackA411         |   0    |    0     |  0   |    0     |  0   |   0   |  0   |   0    |   1   |   0    |   0    |   1    |
|         tbl_dcrn_ackA413         |   0    |    0     |  0   |    0     |  0   |   0   |  0   |   0    |   1   |   0    |   0    |   1    |
|         tbl_dcrn_ackA655         |   0    |    0     |  0   |    0     |  0   |   0   |  0   |   0    |   1   |   0    |   0    |   1    |
|          tcp_overhead_0          |   0    |    0     |  0   |    0     |  0   |   0   |  0   |   0    |   0   |   0    |   0    |   0    |
|      tcp_overhead_0-gateway      |   0    |    0     |  0   |    1     |  0   |   0   |  0   |   0    |   0   |   1    |   0    |   0    |
|             cond-26              |   1    |    1     |  0   |    1     |  0   |   0   |  0   |   0    |   0   |   1    |   0    |   0    |
|         tbl_dcrn_ackA423         |   1    |    0     |  0   |    0     |  0   |   0   |  0   |   0    |   1   |   0    |   0    |   1    |
|         tbl_dcrn_ackA425         |   1    |    0     |  0   |    0     |  0   |   0   |  0   |   0    |   1   |   0    |   0    |   1    |
|        DcrnIngress.events        |   2    |    0     |  0   |    0     |  2   |   0   |  2   |   0    |   0   |   0    |   0    |   0    |
|     DcrnIngress.fc_allowlist     |   2    |    1     |  10  |    0     |  1   |   0   |  0   |   0    |   2   |   1    |   1    |   0    |
|             cond-27              |   2    |    1     |  0   |    1     |  0   |   0   |  0   |   0    |   0   |   1    |   0    |   0    |
|             cond-28              |   2    |    6     |  10  |    1     |  0   |   0   |  0   |   0    |   0   |   1    |   0    |   0    |
|             cond-30              |   2    |    1     |  0   |    1     |  0   |   0   |  0   |   0    |   0   |   1    |   0    |   0    |
|             cond-41              |   2    |    4     |  0   |    1     |  0   |   0   |  0   |   0    |   0   |   1    |   0    |   0    |
|             cond-47              |   2    |    1     |  0   |    1     |  0   |   0   |  0   |   0    |   0   |   1    |   0    |   0    |
|         tbl_dcrn_ackA427         |   2    |    10    |  16  |    0     |  0   |   0   |  0   |   2    |   1   |   0    |   1    |   0    |
|     tbl_dcrn_ackA427-gateway     |   2    |    0     |  0   |    1     |  0   |   0   |  0   |   0    |   0   |   1    |   0    |   0    |
|         tbl_dcrn_ackA448         |   2    |    0     |  0   |    0     |  0   |   0   |  0   |   2    |   1   |   0    |   0    |   1    |
|         tbl_dcrn_ackA455         |   2    |    0     |  0   |    0     |  0   |   0   |  0   |   0    |   1   |   0    |   0    |   1    |
|         tbl_dcrn_ackA574         |   2    |    0     |  0   |    0     |  0   |   0   |  0   |   2    |   1   |   0    |   0    |   1    |
|         tbl_dcrn_ackA575         |   2    |    0     |  0   |    0     |  0   |   0   |  0   |   0    |   1   |   0    |   0    |   1    |
|         tbl_dcrn_ackA576         |   2    |    0     |  0   |    0     |  0   |   0   |  0   |   0    |   1   |   0    |   0    |   1    |
|             tbl_drop             |   2    |    0     |  0   |    0     |  0   |   0   |  0   |   0    |   1   |   0    |   0    |   1    |
|        DcrnIngress.events        |   3    |    0     |  0   |    0     |  2   |   0   |  2   |   0    |   0   |   0    |   0    |   0    |
|      DcrnIngress.reg_armed       |   3    |    0     |  0   |    0     |  5   |   0   |  5   |   0    |   0   |   0    |   0    |   0    |
|       DcrnIngress.reg_gen        |   3    |    0     |  0   |    0     |  5   |   0   |  5   |   0    |   0   |   0    |   0    |   0    |
|     DcrnIngress.reg_req_tick     |   3    |    4     |  0   |    0     |  17  |   0   |  17  |   0    |   0   |   0    |   0    |   0    |
|             cond-29              |   3    |    1     |  0   |    1     |  0   |   0   |  0   |   0    |   0   |   1    |   0    |   0    |
|         tbl_dcrn_ackA441         |   3    |    0     |  0   |    0     |  0   |   0   |  0   |   0    |   1   |   0    |   1    |   0    |
|     tbl_dcrn_ackA441-gateway     |   3    |    0     |  0   |    1     |  0   |   0   |  0   |   0    |   0   |   1    |   0    |   0    |
|         tbl_dcrn_ackA442         |   3    |    0     |  0   |    0     |  0   |   0   |  0   |   1    |   1   |   0    |   1    |   0    |
|     tbl_dcrn_ackA442-gateway     |   3    |    0     |  0   |    1     |  0   |   0   |  0   |   0    |   0   |   1    |   0    |   0    |
|         tbl_dcrn_ackA443         |   3    |    2     |  16  |    0     |  0   |   0   |  0   |   0    |   1   |   0    |   1    |   0    |
|     tbl_dcrn_ackA443-gateway     |   3    |    0     |  0   |    1     |  0   |   0   |  0   |   0    |   0   |   1    |   0    |   0    |
|         tbl_dcrn_ackA444         |   3    |    0     |  0   |    0     |  0   |   0   |  0   |   0    |   1   |   0    |   0    |   1    |
|         tbl_dcrn_ackA446         |   3    |    0     |  0   |    0     |  0   |   0   |  0   |   0    |   1   |   0    |   0    |   1    |
|         tbl_dcrn_ackA512         |   3    |    2     |  16  |    0     |  0   |   0   |  0   |   1    |   1   |   0    |   1    |   0    |
|     tbl_dcrn_ackA512-gateway     |   3    |    0     |  0   |    1     |  0   |   0   |  0   |   0    |   0   |   1    |   0    |   0    |
|        DcrnIngress.events        |   4    |    0     |  0   |    0     |  2   |   0   |  2   |   0    |   0   |   0    |   0    |   0    |
|     DcrnIngress.reg_ack_seen     |   4    |    0     |  0   |    0     |  5   |   0   |  5   |   0    |   0   |   0    |   0    |   0    |
|    DcrnIngress.reg_held_count    |   4    |    0     |  0   |    0     |  2   |   0   |  2   |   0    |   0   |   0    |   0    |   0    |
|             cond-42              |   4    |    1     |  0   |    1     |  0   |   0   |  0   |   0    |   0   |   1    |   0    |   0    |
|             cond-43              |   4    |    2     |  0   |    1     |  0   |   0   |  0   |   0    |   0   |   1    |   0    |   1    |
|         tbl_dcrn_ackA517         |   4    |    0     |  0   |    0     |  0   |   0   |  0   |   0    |   1   |   0    |   0    |   1    |
|         tbl_dcrn_ackA526         |   4    |    0     |  0   |    0     |  0   |   0   |  0   |   1    |   1   |   0    |   1    |   0    |
|     tbl_dcrn_ackA526-gateway     |   4    |    0     |  0   |    1     |  0   |   0   |  0   |   0    |   0   |   1    |   0    |   0    |
|         tbl_dcrn_ackA528         |   4    |    0     |  0   |    0     |  0   |   0   |  0   |   1    |   1   |   0    |   0    |   1    |
|         tbl_dcrn_ackA547         |   4    |    2     |  16  |    0     |  0   |   0   |  0   |   1    |   1   |   0    |   1    |   0    |
|        DcrnIngress.events        |   5    |    0     |  0   |    0     |  2   |   0   |  2   |   0    |   0   |   0    |   0    |   0    |
|    DcrnIngress.reg_resp_seen     |   5    |    0     |  0   |    0     |  5   |   0   |  5   |   0    |   0   |   0    |   0    |   0    |
|             cond-31              |   5    |    1     |  0   |    1     |  0   |   0   |  0   |   0    |   0   |   1    |   0    |   1    |
|             cond-36              |   5    |    4     |  0   |    1     |  0   |   0   |  0   |   0    |   0   |   1    |   0    |   0    |
|             cond-37              |   5    |    2     |  0   |    1     |  0   |   0   |  0   |   0    |   0   |   1    |   0    |   0    |
|             cond-44              |   5    |    1     |  0   |    1     |  0   |   0   |  0   |   0    |   0   |   1    |   0    |   0    |
|             cond-45              |   5    |    1     |  0   |    1     |  0   |   0   |  0   |   0    |   0   |   1    |   0    |   1    |
|             cond-46              |   5    |    1     |  0   |    1     |  0   |   0   |  0   |   0    |   0   |   1    |   0    |   0    |
|         tbl_dcrn_ackA460         |   5    |    2     |  16  |    0     |  0   |   0   |  0   |   1    |   1   |   0    |   1    |   0    |
|         tbl_dcrn_ackA492         |   5    |    0     |  0   |    0     |  0   |   0   |  0   |   0    |   1   |   0    |   0    |   1    |
|         tbl_dcrn_ackA494         |   5    |    0     |  0   |    0     |  0   |   0   |  0   |   0    |   1   |   0    |   0    |   1    |
|         tbl_dcrn_ackA530         |   5    |    0     |  0   |    0     |  0   |   0   |  0   |   0    |   1   |   0    |   0    |   1    |
|         tbl_dcrn_ackA533         |   5    |    0     |  0   |    0     |  0   |   0   |  0   |   2    |   1   |   0    |   0    |   1    |
|         tbl_dcrn_ackA551         |   5    |    0     |  0   |    0     |  0   |   0   |  0   |   1    |   1   |   0    |   1    |   0    |
|         tbl_dcrn_ackA555         |   5    |    0     |  0   |    0     |  0   |   0   |  0   |   2    |   1   |   0    |   0    |   1    |
|         tbl_dcrn_ackA567         |   5    |    0     |  0   |    0     |  0   |   0   |  0   |   0    |   1   |   0    |   0    |   1    |
|         tbl_dcrn_ackA461         |   6    |    0     |  0   |    0     |  0   |   0   |  0   |   0    |   1   |   0    |   0    |   1    |
|             cond-32              |   7    |    2     |  0   |    1     |  0   |   0   |  0   |   0    |   0   |   1    |   0    |   0    |
|         tbl_dcrn_ackA463         |   7    |    0     |  0   |    0     |  0   |   0   |  0   |   0    |   1   |   0    |   0    |   1    |
|        DcrnIngress.events        |   8    |    0     |  0   |    0     |  2   |   0   |  2   |   0    |   0   |   0    |   0    |   0    |
|     DcrnIngress.reg_ack_gone     |   8    |    0     |  0   |    0     |  5   |   0   |  5   |   0    |   0   |   0    |   0    |   0    |
|             cond-33              |   8    |    1     |  0   |    1     |  0   |   0   |  0   |   0    |   0   |   1    |   0    |   1    |
|             cond-34              |   8    |    1     |  0   |    1     |  0   |   0   |  0   |   0    |   0   |   1    |   0    |   0    |
|             cond-35              |   8    |    1     |  0   |    1     |  0   |   0   |  0   |   0    |   0   |   1    |   0    |   0    |
|         tbl_dcrn_ackA467         |   8    |    0     |  0   |    0     |  0   |   0   |  0   |   1    |   1   |   0    |   1    |   0    |
|         tbl_dcrn_ackA476         |   8    |    0     |  0   |    0     |  0   |   0   |  0   |   0    |   1   |   0    |   0    |   1    |
|         tbl_dcrn_ackA479         |   8    |    0     |  0   |    0     |  0   |   0   |  0   |   0    |   1   |   0    |   0    |   1    |
|         tbl_dcrn_ackA480         |   8    |    0     |  0   |    0     |  0   |   0   |  0   |   0    |   1   |   0    |   0    |   1    |
|         tbl_dcrn_ackA482         |   8    |    0     |  0   |    0     |  0   |   0   |  0   |   2    |   1   |   0    |   0    |   1    |
|         tbl_dcrn_ackA495         |   8    |    2     |  16  |    0     |  0   |   0   |  0   |   1    |   1   |   0    |   1    |   0    |
|     tbl_dcrn_ackA495-gateway     |   8    |    0     |  0   |    1     |  0   |   0   |  0   |   0    |   0   |   1    |   0    |   0    |
|         tbl_dcrn_ackA527         |   8    |    0     |  0   |    0     |  0   |   0   |  0   |   1    |   1   |   0    |   1    |   0    |
|     tbl_dcrn_ackA527-gateway     |   8    |    0     |  0   |    1     |  0   |   0   |  0   |   0    |   0   |   1    |   0    |   0    |
|             cond-38              |   9    |    2     |  0   |    1     |  0   |   0   |  0   |   0    |   0   |   1    |   0    |   0    |
|         tbl_dcrn_ackA497         |   9    |    0     |  0   |    0     |  0   |   0   |  0   |   0    |   1   |   0    |   0    |   1    |
|        DcrnIngress.events        |   10   |    0     |  0   |    0     |  2   |   0   |  2   |   0    |   0   |   0    |   0    |   0    |
|             cond-39              |   10   |    1     |  0   |    1     |  0   |   0   |  0   |   0    |   0   |   1    |   0    |   0    |
|             cond-40              |   10   |    2     |  0   |    1     |  0   |   0   |  0   |   0    |   0   |   1    |   0    |   0    |
|         tbl_dcrn_ackA499         |   10   |    0     |  0   |    0     |  0   |   0   |  0   |   0    |   1   |   0    |   0    |   1    |
|         tbl_dcrn_ackA502         |   10   |    0     |  0   |    0     |  0   |   0   |  0   |   0    |   1   |   0    |   0    |   1    |
|         tbl_dcrn_ackA503         |   10   |    0     |  0   |    0     |  0   |   0   |  0   |   0    |   1   |   0    |   0    |   1    |
|         tbl_dcrn_ackA505         |   10   |    0     |  0   |    0     |  0   |   0   |  0   |   2    |   1   |   0    |   0    |   1    |
---------------------------------------------------------------------------------------------------------------------------------------------

