Table allocation done 1 time(s), state = INITIAL
Number of stages in table allocation: 11
  Number of stages for ingress table allocation: 11
  Number of stages for egress table allocation: 1
Critical path length through the table dependency graph: 7
Invoking table placement without container conflicts to generate a more compact placement.
Number of tables allocated: 46
+-------+-----------------+--------------------------+
| Stage | Min / Max Stage |        Table Name        |
+-------+-----------------+--------------------------+
|   0   |    [ 0, 5 ]     |     tbl_dcrn_ackA413     |
|   0   |    [ 0, 6 ]     | DcrnIngress.tcp_overhead |
|   0   |    [ 0, 7 ]     |     tbl_dcrn_ackA411     |
|   0   |   [ 0, 11 ]     |     tbl_dcrn_ackA655     |
|   1   |    [ 1, 6 ]     |     tbl_dcrn_ackA423     |
|   1   |    [ 1, 6 ]     |     tbl_dcrn_ackA425     |
|   2   |    [ 2, 7 ]     |     tbl_dcrn_ackA427     |
|   2   |    [ -, - ]     |         tbl_drop         |
|   2   |    [ -, - ]     | DcrnIngress.fc_allowlist |
|   2   |    [ -, - ]     |     tbl_dcrn_ackA455     |
|   2   |    [ -, - ]     |     tbl_dcrn_ackA576     |
|   2   |   [ 2, 11 ]     |     tbl_dcrn_ackA448     |
|   2   |   [ 2, 11 ]     |     tbl_dcrn_ackA574     |
|   2   |   [ 2, 11 ]     |     tbl_dcrn_ackA575     |
|   3   |   [ 3, 11 ]     |     tbl_dcrn_ackA446     |
|   3   |    [ 3, 9 ]     |     tbl_dcrn_ackA512     |
|   3   |   [ 3, 11 ]     |     tbl_dcrn_ackA444     |
|   3   |   [ 3, 11 ]     |     tbl_dcrn_ackA443     |
|   3   |   [ 3, 11 ]     |     tbl_dcrn_ackA442     |
|   3   |   [ 3, 11 ]     |     tbl_dcrn_ackA441     |
|   4   |    [ -, - ]     |     tbl_dcrn_ackA517     |
|   4   |    [ -, - ]     |     tbl_dcrn_ackA547     |
|   4   |   [ 4, 10 ]     |     tbl_dcrn_ackA528     |
|   4   |   [ 4, 11 ]     |     tbl_dcrn_ackA526     |
|   5   |    [ -, - ]     |     tbl_dcrn_ackA460     |
|   5   |    [ 3, 8 ]     |     tbl_dcrn_ackA494     |
|   5   |    [ 3, 9 ]     |     tbl_dcrn_ackA492     |
|   5   |   [ 5, 11 ]     |     tbl_dcrn_ackA551     |
|   5   |   [ 5, 11 ]     |     tbl_dcrn_ackA555     |
|   5   |   [ 5, 11 ]     |     tbl_dcrn_ackA567     |
|   5   |   [ 5, 11 ]     |     tbl_dcrn_ackA530     |
|   5   |   [ 5, 11 ]     |     tbl_dcrn_ackA533     |
|   6   |    [ 4, 9 ]     |     tbl_dcrn_ackA461     |
|   7   |   [ 5, 10 ]     |     tbl_dcrn_ackA463     |
|   8   |    [ 4, 9 ]     |     tbl_dcrn_ackA495     |
|   8   |   [ 4, 11 ]     |     tbl_dcrn_ackA527     |
|   8   |   [ 6, 11 ]     |     tbl_dcrn_ackA467     |
|   8   |   [ 6, 11 ]     |     tbl_dcrn_ackA476     |
|   8   |   [ 6, 11 ]     |     tbl_dcrn_ackA482     |
|   8   |   [ 6, 11 ]     |     tbl_dcrn_ackA479     |
|   8   |   [ 6, 11 ]     |     tbl_dcrn_ackA480     |
|   9   |   [ 5, 10 ]     |     tbl_dcrn_ackA497     |
|  10   |   [ 6, 11 ]     |     tbl_dcrn_ackA499     |
|  10   |   [ 6, 11 ]     |     tbl_dcrn_ackA505     |
|  10   |   [ 6, 11 ]     |     tbl_dcrn_ackA502     |
|  10   |   [ 6, 11 ]     |     tbl_dcrn_ackA503     |
+-------+-----------------+--------------------------+

NOTES:  - A '*' next to the min / max stage column indicates the table is placed outside its allowed scope

Table allocation done 2 time(s), state = NOCC_TRY1
Number of stages in table allocation: 11
  Number of stages for ingress table allocation: 11
  Number of stages for egress table allocation: 1
Critical path length through the table dependency graph: 7
Number of tables allocated: 46
+-------+-----------------+--------------------------+
| Stage | Min / Max Stage |        Table Name        |
+-------+-----------------+--------------------------+
|   0   |    [ 0, 5 ]     |     tbl_dcrn_ackA413     |
|   0   |    [ 0, 6 ]     | DcrnIngress.tcp_overhead |
|   0   |    [ 0, 7 ]     |     tbl_dcrn_ackA411     |
|   0   |   [ 0, 11 ]     |     tbl_dcrn_ackA655     |
|   1   |    [ 1, 6 ]     |     tbl_dcrn_ackA423     |
|   1   |    [ 1, 6 ]     |     tbl_dcrn_ackA425     |
|   2   |    [ 2, 7 ]     |     tbl_dcrn_ackA427     |
|   2   |    [ -, - ]     |         tbl_drop         |
|   2   |    [ -, - ]     | DcrnIngress.fc_allowlist |
|   2   |    [ -, - ]     |     tbl_dcrn_ackA455     |
|   2   |    [ -, - ]     |     tbl_dcrn_ackA576     |
|   2   |   [ 2, 11 ]     |     tbl_dcrn_ackA448     |
|   2   |   [ 2, 11 ]     |     tbl_dcrn_ackA574     |
|   2   |   [ 2, 11 ]     |     tbl_dcrn_ackA575     |
|   3   |   [ 3, 11 ]     |     tbl_dcrn_ackA446     |
|   3   |    [ 3, 9 ]     |     tbl_dcrn_ackA512     |
|   3   |   [ 3, 11 ]     |     tbl_dcrn_ackA444     |
|   3   |   [ 3, 11 ]     |     tbl_dcrn_ackA443     |
|   3   |   [ 3, 11 ]     |     tbl_dcrn_ackA442     |
|   3   |   [ 3, 11 ]     |     tbl_dcrn_ackA441     |
|   4   |    [ -, - ]     |     tbl_dcrn_ackA517     |
|   4   |    [ -, - ]     |     tbl_dcrn_ackA547     |
|   4   |   [ 4, 10 ]     |     tbl_dcrn_ackA528     |
|   4   |   [ 4, 11 ]     |     tbl_dcrn_ackA526     |
|   5   |    [ -, - ]     |     tbl_dcrn_ackA460     |
|   5   |    [ 3, 8 ]     |     tbl_dcrn_ackA494     |
|   5   |    [ 3, 9 ]     |     tbl_dcrn_ackA492     |
|   5   |   [ 5, 11 ]     |     tbl_dcrn_ackA551     |
|   5   |   [ 5, 11 ]     |     tbl_dcrn_ackA555     |
|   5   |   [ 5, 11 ]     |     tbl_dcrn_ackA567     |
|   5   |   [ 5, 11 ]     |     tbl_dcrn_ackA530     |
|   5   |   [ 5, 11 ]     |     tbl_dcrn_ackA533     |
|   6   |    [ 4, 9 ]     |     tbl_dcrn_ackA461     |
|   7   |   [ 5, 10 ]     |     tbl_dcrn_ackA463     |
|   8   |    [ 4, 9 ]     |     tbl_dcrn_ackA495     |
|   8   |   [ 4, 11 ]     |     tbl_dcrn_ackA527     |
|   8   |   [ 6, 11 ]     |     tbl_dcrn_ackA467     |
|   8   |   [ 6, 11 ]     |     tbl_dcrn_ackA476     |
|   8   |   [ 6, 11 ]     |     tbl_dcrn_ackA482     |
|   8   |   [ 6, 11 ]     |     tbl_dcrn_ackA479     |
|   8   |   [ 6, 11 ]     |     tbl_dcrn_ackA480     |
|   9   |   [ 5, 10 ]     |     tbl_dcrn_ackA497     |
|  10   |   [ 6, 11 ]     |     tbl_dcrn_ackA499     |
|  10   |   [ 6, 11 ]     |     tbl_dcrn_ackA505     |
|  10   |   [ 6, 11 ]     |     tbl_dcrn_ackA502     |
|  10   |   [ 6, 11 ]     |     tbl_dcrn_ackA503     |
+-------+-----------------+--------------------------+

NOTES:  - A '*' next to the min / max stage column indicates the table is placed outside its allowed scope

Table allocation done 3 time(s), state = REDO_PHV1
Number of stages in table allocation: 11
  Number of stages for ingress table allocation: 11
  Number of stages for egress table allocation: 1
Critical path length through the table dependency graph: 7
Number of tables allocated: 46
+-------+-----------------+--------------------------+
| Stage | Min / Max Stage |        Table Name        |
+-------+-----------------+--------------------------+
|   0   |    [ 0, 5 ]     |     tbl_dcrn_ackA413     |
|   0   |    [ 0, 6 ]     | DcrnIngress.tcp_overhead |
|   0   |    [ 0, 7 ]     |     tbl_dcrn_ackA411     |
|   0   |   [ 0, 11 ]     |     tbl_dcrn_ackA655     |
|   1   |    [ 1, 6 ]     |     tbl_dcrn_ackA423     |
|   1   |    [ 1, 6 ]     |     tbl_dcrn_ackA425     |
|   2   |    [ 2, 7 ]     |     tbl_dcrn_ackA427     |
|   2   |    [ -, - ]     |         tbl_drop         |
|   2   |    [ -, - ]     | DcrnIngress.fc_allowlist |
|   2   |    [ -, - ]     |     tbl_dcrn_ackA455     |
|   2   |    [ -, - ]     |     tbl_dcrn_ackA576     |
|   2   |   [ 2, 11 ]     |     tbl_dcrn_ackA448     |
|   2   |   [ 2, 11 ]     |     tbl_dcrn_ackA574     |
|   2   |   [ 2, 11 ]     |     tbl_dcrn_ackA575     |
|   3   |   [ 3, 11 ]     |     tbl_dcrn_ackA446     |
|   3   |    [ 3, 9 ]     |     tbl_dcrn_ackA512     |
|   3   |   [ 3, 11 ]     |     tbl_dcrn_ackA444     |
|   3   |   [ 3, 11 ]     |     tbl_dcrn_ackA443     |
|   3   |   [ 3, 11 ]     |     tbl_dcrn_ackA442     |
|   3   |   [ 3, 11 ]     |     tbl_dcrn_ackA441     |
|   4   |    [ -, - ]     |     tbl_dcrn_ackA517     |
|   4   |    [ -, - ]     |     tbl_dcrn_ackA547     |
|   4   |   [ 4, 10 ]     |     tbl_dcrn_ackA528     |
|   4   |   [ 4, 11 ]     |     tbl_dcrn_ackA526     |
|   5   |    [ -, - ]     |     tbl_dcrn_ackA460     |
|   5   |    [ 3, 8 ]     |     tbl_dcrn_ackA494     |
|   5   |    [ 3, 9 ]     |     tbl_dcrn_ackA492     |
|   5   |   [ 5, 11 ]     |     tbl_dcrn_ackA551     |
|   5   |   [ 5, 11 ]     |     tbl_dcrn_ackA555     |
|   5   |   [ 5, 11 ]     |     tbl_dcrn_ackA567     |
|   5   |   [ 5, 11 ]     |     tbl_dcrn_ackA530     |
|   5   |   [ 5, 11 ]     |     tbl_dcrn_ackA533     |
|   6   |    [ 4, 9 ]     |     tbl_dcrn_ackA461     |
|   7   |   [ 5, 10 ]     |     tbl_dcrn_ackA463     |
|   8   |    [ 4, 9 ]     |     tbl_dcrn_ackA495     |
|   8   |   [ 4, 11 ]     |     tbl_dcrn_ackA527     |
|   8   |   [ 6, 11 ]     |     tbl_dcrn_ackA467     |
|   8   |   [ 6, 11 ]     |     tbl_dcrn_ackA476     |
|   8   |   [ 6, 11 ]     |     tbl_dcrn_ackA482     |
|   8   |   [ 6, 11 ]     |     tbl_dcrn_ackA479     |
|   8   |   [ 6, 11 ]     |     tbl_dcrn_ackA480     |
|   9   |   [ 5, 10 ]     |     tbl_dcrn_ackA497     |
|  10   |   [ 6, 11 ]     |     tbl_dcrn_ackA499     |
|  10   |   [ 6, 11 ]     |     tbl_dcrn_ackA505     |
|  10   |   [ 6, 11 ]     |     tbl_dcrn_ackA502     |
|  10   |   [ 6, 11 ]     |     tbl_dcrn_ackA503     |
+-------+-----------------+--------------------------+

NOTES:  - A '*' next to the min / max stage column indicates the table is placed outside its allowed scope

