/home/philip/Projects/DNP3/defense4/timing/case4_architecture/protocol/evidence/tagged_04/source/tagged_cache_writer.p4(213): [--Wwarn=unused] warning: Table crc_gate is not used; removing
 table crc_gate{key={m.badh:exact;m.badb:exact;m.badt:exact;}actions={NoAction;}size=1;const default_action=NoAction();}
       ^^^^^^^^
/home/philip/Projects/DNP3/defense4/timing/case4_architecture/protocol/evidence/tagged_04/source/tagged_cache_writer.p4(15): [--Wwarn=uninitialized_out_param] warning: out parameter 'm' may be uninitialized when 'IgParser' terminates
parser IgParser(packet_in pkt,out headers_t hdr,out meta_t m,out ingress_intrinsic_metadata_t ig){Checksum() ic;Checksum() tc;
                                                           ^
/home/philip/Projects/DNP3/defense4/timing/case4_architecture/protocol/evidence/tagged_04/source/tagged_cache_writer.p4(15)
parser IgParser(packet_in pkt,out headers_t hdr,out meta_t m,out ingress_intrinsic_metadata_t ig){Checksum() ic;Checksum() tc;
       ^^^^^^^^
/home/philip/Projects/DNP3/defense4/timing/case4_architecture/protocol/evidence/tagged_04/source/tagged_cache_writer.p4(218): [--Wwarn=uninitialized_out_param] warning: out parameter 'm' may be uninitialized when 'EgParser' terminates
parser EgParser(packet_in pkt,out headers_t hdr,out meta_t m,out egress_intrinsic_metadata_t eg){state start{pkt.extract(eg);transition accept;}}
                                                           ^
/home/philip/Projects/DNP3/defense4/timing/case4_architecture/protocol/evidence/tagged_04/source/tagged_cache_writer.p4(218)
parser EgParser(packet_in pkt,out headers_t hdr,out meta_t m,out egress_intrinsic_metadata_t eg){state start{pkt.extract(eg);transition accept;}}
       ^^^^^^^^
warning: checksum.get() will deprecate in future versions. Please use void subtract_all_and_deposit(bit<16>) instead
warning: Parser state min_parse_depth_accept_loop will be unrolled up to 4 times due to @pragma max_loop_depth.
[--Werror=unsupported] error: Two or more assignments of rv inside the register action write_0 are not mutually exclusive and thus cannot be implemented in Tofino Stateful ALU.
	These potentially sequential assignments have been detected here:
/home/philip/Projects/DNP3/defense4/timing/case4_architecture/protocol/evidence/tagged_04/source/tagged_cache_writer.p4(28)
 rv=v.generation;
   ^
/home/philip/Projects/DNP3/defense4/timing/case4_architecture/protocol/evidence/tagged_04/source/tagged_cache_writer.p4(29)
 if(v.generation<m.work_generation){v.generation=m.work_generation;v.data=m.image_word0;rv=m.work_generation;}
                                                                                          ^
Please, rewrite your code to make sure the value is assigned no more than once in all cases.
/home/philip/Projects/DNP3/defense4/timing/case4_architecture/protocol/evidence/tagged_04/source/tagged_cache_writer.p4(28): [--Werror=unsupported] error: Incompatible outputs in RegisterAction: mem_lo and m.work_generation

 rv=v.generation;
    ^
/home/philip/Projects/DNP3/defense4/timing/case4_architecture/protocol/evidence/tagged_04/source/tagged_cache_writer.p4(29)
 if(v.generation<m.work_generation){v.generation=m.work_generation;v.data=m.image_word0;rv=m.work_generation;}
                                                                                           ^^^^^^^^^^^^^^^^^

2 errors, 5 warnings generated.

