{
  "artifact_sha256": {},
  "command": [
    "/home/decps/Downloads/bf-sde-9.13.2/install/bin/bf-p4c",
    "--target",
    "tofino",
    "--arch",
    "tna",
    "-g",
    "-o",
    "/tmp/case4_compile_sfHd1MwN/evidence/out",
    "/tmp/case4_compile_sfHd1MwN/evidence/source/read_queue_timing.p4"
  ],
  "compile_log_sha256": "5cfd6fd685d27647e1ff3821cfbf0f292c277df3bc9e3aeef8ae963c15b98608",
  "compiler": "p4c 9.13.2 (SHA: 1baf055)",
  "compiler_path": "/home/decps/Downloads/bf-sde-9.13.2/install/bin/bf-p4c",
  "compiler_sha256": "787631a6498d593be3d9dd4ca1c69f93e3e0ec5b11562859789275d550059c14",
  "elapsed_seconds": 74.738,
  "exit_code": 2,
  "full_target": false,
  "milestone": "compile_failed",
  "source": "/tmp/case4_compile_sfHd1MwN/inputs/read_queue_timing.p4",
  "source_files": {
    "ports.p4": "17295a0654f7efa638efb68e0bb6c583f1636f11f6bda4b41ab5d16ff9e07c91",
    "probe_shell.p4": "e76fb20bc38f6222e11ac8f9b7a76c1ce02587181773223f8a6f2fbb712f910e",
    "read_queue_timing.p4": "323c5bc56bfaecd4318f6d605aad67ce31b468c5a386ff5b117a7e509810354e"
  },
  "source_sha256": "323c5bc56bfaecd4318f6d605aad67ce31b468c5a386ff5b117a7e509810354e",
  "timeout_seconds": 300
}
