/tmp/case4_compile_OKCI1ffo/evidence/source/m3.p4(152): [--Wwarn=unused] warning: Table crc_gate is not used; removing
 table crc_gate{key={m.badh:exact;m.badb:exact;m.badt:exact;}actions={NoAction;}size=1;const default_action=NoAction();}
       ^^^^^^^^
/tmp/case4_compile_OKCI1ffo/evidence/source/m3.p4(26): [--Wwarn=uninitialized_out_param] warning: out parameter 'm' may be uninitialized when 'IgParser' terminates
parser IgParser(packet_in pkt,out headers_t hdr,out meta_t m,out ingress_intrinsic_metadata_t ig){Checksum() ic;Checksum() tc;Checksum() rc;
                                                           ^
/tmp/case4_compile_OKCI1ffo/evidence/source/m3.p4(26)
parser IgParser(packet_in pkt,out headers_t hdr,out meta_t m,out ingress_intrinsic_metadata_t ig){Checksum() ic;Checksum() tc;Checksum() rc;
       ^^^^^^^^
/tmp/case4_compile_OKCI1ffo/evidence/source/m3.p4(241): [--Wwarn=uninitialized_out_param] warning: out parameter 'm' may be uninitialized when 'EgParser' terminates
parser EgParser(packet_in pkt,out headers_t hdr,out meta_t m,out egress_intrinsic_metadata_t eg){state start{pkt.extract(eg);transition accept;}}
                                                           ^
/tmp/case4_compile_OKCI1ffo/evidence/source/m3.p4(241)
parser EgParser(packet_in pkt,out headers_t hdr,out meta_t m,out egress_intrinsic_metadata_t eg){state start{pkt.extract(eg);transition accept;}}
       ^^^^^^^^
warning: checksum.get() will deprecate in future versions. Please use void subtract_all_and_deposit(bit<16>) instead
warning: checksum.get() will deprecate in future versions. Please use void subtract_all_and_deposit(bit<16>) instead
warning: checksum.get() will deprecate in future versions. Please use void subtract_all_and_deposit(bit<16>) instead
warning: checksum.get() will deprecate in future versions. Please use void subtract_all_and_deposit(bit<16>) instead
warning: checksum.get() will deprecate in future versions. Please use void subtract_all_and_deposit(bit<16>) instead
warning: checksum.get() will deprecate in future versions. Please use void subtract_all_and_deposit(bit<16>) instead
warning: Parser state min_parse_depth_accept_loop will be unrolled up to 4 times due to @pragma max_loop_depth.
warning: checksum.get() will deprecate in future versions. Please use void subtract_all_and_deposit(bit<16>) instead
warning: checksum.get() will deprecate in future versions. Please use void subtract_all_and_deposit(bit<16>) instead
warning: checksum.get() will deprecate in future versions. Please use void subtract_all_and_deposit(bit<16>) instead
warning: checksum.get() will deprecate in future versions. Please use void subtract_all_and_deposit(bit<16>) instead
warning: checksum.get() will deprecate in future versions. Please use void subtract_all_and_deposit(bit<16>) instead
warning: checksum.get() will deprecate in future versions. Please use void subtract_all_and_deposit(bit<16>) instead
warning: Parser state min_parse_depth_accept_loop will be unrolled up to 4 times due to @pragma max_loop_depth.
warning: In action Ingress.emit_mapping_snapshot, write ActionParam: ingress::hdr.map_snapshot.owner;, type: PHV, speciality: NO_SPECIAL, is cond: 0 and read ActionParam: 9, type: CONSTANT, speciality: NO_SPECIAL, is cond: 0 sizes do not match up
warning: Instruction selection creates an instruction that the rest of the compiler cannot correctly interpret
/tmp/case4_compile_OKCI1ffo/evidence/source/m3.p4(162): warning: table Ingress.emit_mapping_snapshot_t: In the ALU operation over container W41 in action Ingress.emit_mapping_snapshot, the number of bits in the write and read aren't equal Container Action : set
  Field Actions : set ActionParam: ingress::hdr.map_snapshot.owner;, type: PHV, speciality: NO_SPECIAL, is cond: 0, ActionParam: 9, type: CONSTANT, speciality: NO_SPECIAL, is cond: 0; 
  Error_code: 1000 - [  DIFFERENT_READ_SIZE ]
  Convert to [ Bitmasked Set : 0 Deposit Field : 0 Byte Rotate Merge : 0 ]
  Action Data [ HASH_DIST: 0 METER COLOR: 0 RANDOM: 0 METER_ALU: 0 STFUL_COUNTER: 0 ]
  Total Overwrite Possible: N Deposit Field Variant: N Implicit [ SRC1: N SRC2: N ] Impossible: N Unhandled Action: N Constant To AD: N
 table emit_mapping_snapshot_t{key={m.reverse_allowed:exact;m.map_owner[31:16]:exact;m.map_generation:ternary;m.map_owner[15:0]:ternary;}actions={emit_mapping_snapshot;deny;}size=3;const default_action=deny();const entries={(1w1,16w9,32w0,_):deny();(1w1,16w9,_,16w0):deny();(1w1,16w9,_,_):emit_mapping_snapshot();}}
       ^^^^^^^^^^^^^^^^^^^^^^^
/tmp/case4_compile_OKCI1ffo/evidence/source/m3.p4(162): warning: table Ingress.emit_mapping_snapshot_t: In the ALU operation over container W41 in action Ingress.emit_mapping_snapshot, the alignment of fields within the container renders the action impossible Container Action : set
  Field Actions : set ActionParam: ingress::hdr.map_snapshot.owner;, type: PHV, speciality: NO_SPECIAL, is cond: 0, ActionParam: 9, type: CONSTANT, speciality: NO_SPECIAL, is cond: 0; 
  Error_code: 1020 - [  IMPOSSIBLE_ALIGNMENT DIFFERENT_READ_SIZE ]
  Convert to [ Bitmasked Set : 0 Deposit Field : 0 Byte Rotate Merge : 0 ]
  Action Data [ HASH_DIST: 0 METER COLOR: 0 RANDOM: 0 METER_ALU: 0 STFUL_COUNTER: 0 ]
  Total Overwrite Possible: N Deposit Field Variant: N Implicit [ SRC1: N SRC2: N ] Impossible: N Unhandled Action: N Constant To AD: N
 table emit_mapping_snapshot_t{key={m.reverse_allowed:exact;m.map_owner[31:16]:exact;m.map_generation:ternary;m.map_owner[15:0]:ternary;}actions={emit_mapping_snapshot;deny;}size=3;const default_action=deny();const entries={(1w1,16w9,32w0,_):deny();(1w1,16w9,_,16w0):deny();(1w1,16w9,_,_):emit_mapping_snapshot();}}
       ^^^^^^^^^^^^^^^^^^^^^^^
error: PHV allocation creates an invalid container action within a Tofino ALU

1 error, 21 warnings generated.

Skipping assembler, assembly file is empty
