#pipeline pipe
#stage 0
^-------- ---------- -------- --- ------ -- ------ ---------------- ---------------- ---------------- ------- - ------- ------ - tbl_build_exp_ack_0(0,2) : ingress
A^------- ---------- -------- --- ------ -- ------ ---------------- ---------------- ---------------- ------- - ------- ------ - tbl_session_0(0,2) : ingress
A-^------ ---------- -------- --- ------ -- ------ ---------------- ---------------- ---------------- ------- - ------- ------ - tbl_params_0(0,3) : ingress
AB-^----- ---------- -------- --- ------ -- ------ ---------------- ---------------- ---------------- ------- - ------- ------ - cond-79(0,3) : ingress
---C^---- ---------- -------- --- ------ -- ------ ---------------- ---------------- ---------------- ------- - ------- ------ - tbl_defense4_rrc_bor_unified12l2537(0,3) : ingress
----C^--- ---------- -------- --- ------ -- ------ ---------------- ---------------- ---------------- ------- - ------- ------ - tbl_defense4_rrc_bor_unified12l2543(0,3) : ingress
-----C^-- ---------- -------- --- ------ -- ------ ---------------- ---------------- ---------------- ------- - ------- ------ - tbl_defense4_rrc_bor_unified12l2554(0,3) : ingress
---D---^- ---------- -------- --- ------ -- ------ ---------------- ---------------- ---------------- ------- - ------- ------ - tbl_defense4_rrc_bor_unified12l2523(0,3) : ingress
D-------^ ---------- -------- --- ------ -- ------ ---------------- ---------------- ---------------- ------- - ------- ------ - tbl_defense4_rrc_bor_unified12l2469(0,10) : ingress
#stage 1
-E-----C- ^--------- -------- --- ------ -- ------ ---------------- ---------------- ---------------- ------- - ------- ------ - tbl_defense4_rrc_bor_unified12l2525(1,3) : ingress
-E------- C^-------- -------- --- ------ -- ------ ---------------- ---------------- ---------------- ------- - ------- ------ - tbl_defense4_rrc_bor_unified12l2528(1,3) : ingress
-E------- -C^------- -------- --- ------ -- ------ ---------------- ---------------- ---------------- ------- - ------- ------ - tbl_defense4_rrc_bor_unified12l2531(1,3) : ingress
AF------- ---^------ -------- --- ------ -- ------ ---------------- ---------------- ---------------- ------- - ------- ------ - tbl_defense4_rrc_bor_unified12l2590(1,4) : ingress
A-------- ----^----- -------- --- ------ -- ------ ---------------- ---------------- ---------------- ------- - ------- ------ - tbl_defense4_rrc_bor_unified12l2472(0,4) : ingress
AG------- -----^---- -------- --- ------ -- ------ ---------------- ---------------- ---------------- ------- - ------- ------ - tbl_defense4_rrc_bor_unified12l2588(1,4) : ingress
-H------- -----C^--- -------- --- ------ -- ------ ---------------- ---------------- ---------------- ------- - ------- ------ - tbl_defense4_rrc_bor_unified12l2589(1,4) : ingress
A-------- -------^-- -------- --- ------ -- ------ ---------------- ---------------- ---------------- ------- - ------- ------ - tbl_defense4_rrc_bor_unified12l2478(0,4) : ingress
A-I------ --------^- -------- --- ------ -- ------ ---------------- ---------------- ---------------- ------- - ------- ------ - tbl_build_do_shape_0(1,9) : ingress
A-------- ---------^ -------- --- ------ -- ------ ---------------- ---------------- ---------------- ------- - ------- ------ - tbl_defense4_rrc_bor_unified12l2481(0,9) : ingress
#stage 2
J---EEB-- EEI------- ^------- --- ------ -- ------ ---------------- ---------------- ---------------- ------- - ------- ------ - tbl_defense4_rrc_bor_unified12l2592(2,4) : ingress
H-------- ---------- C^------ --- ------ -- ------ ---------------- ---------------- ---------------- ------- - ------- ------ - tbl_defense4_rrc_bor_unified12l2594(2,4) : ingress
A-B-EEB-- EEI----B-- --^----- --- ------ -- ------ ---------------- ---------------- ---------------- ------- - ------- ------ - cond-87(2,4) : ingress
--E--KKK- ---------- --D^---- --- ------ -- ------ ---------------- ---------------- ---------------- ------- - ------- ------ - tbl_defense4_rrc_bor_unified12l2567(2,4) : ingress
-----KKK- ---------- ---C^--- --- ------ -- ------ ---------------- ---------------- ---------------- ------- - ------- ------ - tbl_defense4_rrc_bor_unified12l2569(2,4) : ingress
----EE--- EEE----E-- --C--^-- --- ------ -- ------ ---------------- ---------------- ---------------- ------- - ------- ------ - tbl_defense4_rrc_bor_unified12l2572(2,11) : ingress
A-------- ----I----- ------^- --- ------ -- ------ ---------------- ---------------- ---------------- ------- - ------- ------ - tbl_build_now_0(1,5) : ingress
A-------- ----F----- -------^ --- ------ -- ------ ---------------- ---------------- ---------------- ------- - ------- ------ - tbl_defense4_rrc_bor_unified12l2855(1,11) : ingress
#stage 3
A---HLMK- HHFF-HF--- HF-KM--- ^-- ------ -- ------ ---------------- ---------------- ---------------- ------- - ------- ------ - tbl_resp_authorise_0(3,5) : ingress
A-I------ ---------- ------I- -^- ------ -- ------ ---------------- ---------------- ---------------- ------- - ------- ------ - tbl_build_cand_0(2,6) : ingress
A-I------ ---------- ------I- --^ ------ -- ------ ---------------- ---------------- ---------------- ------- - ------- ------ - tbl_build_cand_resp_0(2,6) : ingress
#stage 4
A-I-ENFH- EEI------- ---HF--- O-- ^----- -- ------ ---------------- ---------------- ---------------- ------- - ------- ------ - tbl_defense4_rrc_bor_unified12l2611(4,6) : ingress
----ENHH- EEE------- ---HH--- L-- C^---- -- ------ ---------------- ---------------- ---------------- ------- - ------- ------ - tbl_defense4_rrc_bor_unified12l2615(4,6) : ingress
----ENHH- EEE------- ---HH--- L-- -C^--- -- ------ ---------------- ---------------- ---------------- ------- - ------- ------ - tbl_defense4_rrc_bor_unified12l2621(4,6) : ingress
----ENHH- EEE------- ---HH--- L-- --C^-- -- ------ ---------------- ---------------- ---------------- ------- - ------- ------ - tbl_defense4_rrc_bor_unified12l2637(4,6) : ingress
--E--HHH- ---------- ---HH--- L-- ---D^- -- ------ ---------------- ---------------- ---------------- ------- - ------- ------ - tbl_defense4_rrc_bor_unified12l2632(4,6) : ingress
-----HHH- ---------- ---HH--- L-- ----C^ -- ------ ---------------- ---------------- ---------------- ------- - ------- ------ - tbl_defense4_rrc_bor_unified12l2634(4,6) : ingress
#stage 5
A---HLMK- HHFF-HF--- HF-KM--- PIQ RRSRST ^- ------ ---------------- ---------------- ---------------- ------- - ------- ------ - tbl_state_decode_0(5,7) : ingress
A-------- ---------- -------- F-- --H-HF -^ ------ ---------------- ---------------- ---------------- ------- - ------- ------ - tbl_txn_active_0(5,7) : ingress
#stage 6
A-------- ---------- ------F- --G ------ GM ^----- ---------------- ---------------- ---------------- ------- - ------- ------ - tbl_defense4_rrc_bor_unified12l2667(6,8) : ingress
--------- ---------- ------H- --H ------ H- D^---- ---------------- ---------------- ---------------- ------- - ------- ------ - tbl_defense4_rrc_bor_unified12l2665(6,9) : ingress
A-------- ---------- ------F- --G ------ GM --^--- ---------------- ---------------- ---------------- ------- - ------- ------ - tbl_defense4_rrc_bor_unified12l2658(6,8) : ingress
--------- ---------- ------H- --H ------ HK --D^-- ---------------- ---------------- ---------------- ------- - ------- ------ - tbl_defense4_rrc_bor_unified12l2656(6,9) : ingress
A---ENFH- EEI------- ---HF--- O-- KKHKHF U- ----^- ---------------- ---------------- ---------------- ------- - ------- ------ - tbl_defense4_rrc_bor_unified12l2677(6,9) : ingress
----ENHH- EEE------- ---HH--- L-- KKHKHH V- ----C^ ---------------- ---------------- ---------------- ------- - ------- ------ - tbl_defense4_rrc_bor_unified12l2683(6,9) : ingress
#stage 7
A-------- ---------- -------- --- ------ -Q EB---- ^--------------- ---------------- ---------------- ------- - ------- ------ - tbl_tresp_expiry_0(7,9) : ingress
A-------- ---------- -------- --- ------ -Q --EB-- -^-------------- ---------------- ---------------- ------- - ------- ------ - tbl_deadline_expiry_0(7,9) : ingress
A-B---B-- --B----BBB -------- B-B -----B BB ---B-B BB^------------- ---------------- ---------------- ------- - ------- ------ - cond-101(7,10) : ingress
--------- ---------E -------- --- ------ -- ------ --C^------------ ---------------- ---------------- ------- - ------- ------ - cond-122(7,10) : ingress
--------- ---------- -------- --- ------ -- ------ --D-^----------- ---------------- ---------------- ------- - ------- ------ - tbl_defense4_rrc_bor_unified12l2699(7,10) : ingress
--------- ---------- -------- --- ------ -- ------ ----C^---------- ---------------- ---------------- ------- - ------- ------ - cond-103(7,10) : ingress
--------- ---------- -------- --- ------ -- ------ ---C--^--------- ---------------- ---------------- ------- - ------- ------ - cond-126(7,10) : ingress
----EE--- EEE------- -------- --- ------ -- ------ -----C-^-------- ---------------- ---------------- ------- - ------- ------ - cond-108(7,10) : ingress
--E------ ---------- -------- --E ------ EE ------ -------D^------- ---------------- ---------------- ------- - ------- ------ - tbl_defense4_rrc_bor_unified12l2734(7,10) : ingress
--------- ---------- -------- --E ------ EE ------ --------C^------ ---------------- ---------------- ------- - ------- ------ - cond-110(7,10) : ingress
--------- ---------- -------- --E ------ EE ------ ---------C^----- ---------------- ---------------- ------- - ------- ------ - tbl_defense4_rrc_bor_unified12l2739(7,10) : ingress
--------- --------E- -------- --- ------ -- ------ ----------C^---- ---------------- ---------------- ------- - ------- ------ - tbl_defense4_rrc_bor_unified12l2742(7,10) : ingress
--------- ---------- -------- --- ------ -- ------ -----------C^--- ---------------- ---------------- ------- - ------- ------ - tbl_defense4_rrc_bor_unified12l2743(7,10) : ingress
--------- ---------- -------- E-- EE-E-- -- ----EE ---------D---^-- ---------------- ---------------- ------- - ------- ------ - tbl_defense4_rrc_bor_unified12l2736(7,10) : ingress
--------- ---------- -------- --- ------ -- ------ -------------C^- ---------------- ---------------- ------- - ------- ------ - tbl_defense4_rrc_bor_unified12l2737(7,10) : ingress
--------- ---------- -------- --E ------ E- ------ ------D--------^ ---------------- ---------------- ------- - ------- ------ - tbl_defense4_rrc_bor_unified12l2800(7,10) : ingress
#stage 8
--E------ ---------- -------- --- ------ -- ------ ---------------C ^--------------- ---------------- ------- - ------- ------ - cond-128(7,10) : ingress
----EE--- EEE------- -------- --- ------ -- ------ -------C-------- -^-------------- ---------------- ------- - ------- ------ - cond-114(7,10) : ingress
--------- ---------- -------- --E ------ E- ------ ---D------------ --^------------- ---------------- ------- - ------- ------ - tbl_defense4_rrc_bor_unified12l2784(7,10) : ingress
--------- ---------- -------- --- ------ -- ------ -----D---------- ---^------------ ---------------- ------- - ------- ------ - tbl_defense4_rrc_bor_unified12l2726(7,10) : ingress
--------- ---------- -------- --- ------ -- ------ ------C--------- ----^----------- ---------------- ------- - ------- ------ - cond-133(7,10) : ingress
--------- ---------- -------- --- ------ -E ------ ---------------- ---D-^---------- ---------------- ------- - ------- ------ - tbl_defense4_rrc_bor_unified12l2705(7,10) : ingress
--E------ -------W-W -------- E-- --E-EE -E ------ K--------------- -----C^--------- ---------------- ------- - ------- ------ - tbl_defense4_rrc_bor_unified12l2707(8,10) : ingress
--------- ---------- -------- --E ------ EE ------ E--------------- --C----^-------- ---------------- ------- - ------- ------ - tbl_defense4_rrc_bor_unified12l2787(8,10) : ingress
--------- ---------- -------- --- ------ -E ------ -E-------------- C-------^------- ---------------- ------- - ------- ------ - tbl_defense4_rrc_bor_unified12l2814(8,10) : ingress
--------- ---------- -------- --E ------ E- ------ ---------------- D--------^------ ---------------- ------- - ------- ------ - tbl_defense4_rrc_bor_unified12l2804(7,10) : ingress
--E------ ---------- -------- --E ------ E- ------ ---------------- -D--------^----- ---------------- ------- - ------- ------ - tbl_defense4_rrc_bor_unified12l2749(7,10) : ingress
----EE--- EEE------- -------- --- ------ -- ------ ---------------- -C---------^---- ---------------- ------- - ------- ------ - cond-118(7,10) : ingress
--------- ---------- -------- --- ------ -- ------ ---------------- ----C-------^--- ---------------- ------- - ------- ------ - tbl_defense4_rrc_bor_unified12l2844(7,10) : ingress
--------- ---------- -------- --E ------ E- ------ ---------------- ----------C--^-- ---------------- ------- - ------- ------ - tbl_defense4_rrc_bor_unified12l2758(7,10) : ingress
--------- ---------- -------- --- ------ -E ------ E--------------- ------------D-^- ---------------- ------- - ------- ------ - cond-136(8,10) : ingress
--------- ---------- -------- --- ------ -E ---E-- K--------------- -------------D-^ ---------------- ------- - ------- ------ - tbl_defense4_rrc_bor_unified12l2752(8,10) : ingress
#stage 9
--------- ---------- -------- --- ------ -- ------ ---------------- ---------------C ^--------------- ------- - ------- ------ - tbl_defense4_rrc_bor_unified12l2755(8,10) : ingress
--------- -------E-- -------- --- ------ -- ------ ---------------- ---------C------ -^-------------- ------- - ------- ------ - tbl_defense4_rrc_bor_unified12l2807(7,10) : ingress
--------- -------W-- -------- --- ------ -- ------ ---------------- ---------------- -C^------------- ------- - ------- ------ - tbl_defense4_rrc_bor_unified12l2810(7,10) : ingress
--------- -------E-- -------- --- ------ -- ------ ---------------- --------C------- ---^------------ ------- - ------- ------ - tbl_defense4_rrc_bor_unified12l2817(8,10) : ingress
--------- -------W-- -------- --- ------ -- ------ ---------------- ---------------- ---C^----------- ------- - ------- ------ - tbl_defense4_rrc_bor_unified12l2820(8,10) : ingress
--------- -------E-- -------- --- ------ -- ------ ---------------- -------C-------- -----^---------- ------- - ------- ------ - tbl_defense4_rrc_bor_unified12l2790(8,10) : ingress
--------- -------W-- -------- --- ------ -- ------ ---------------- ---------------- -----C^--------- ------- - ------- ------ - tbl_defense4_rrc_bor_unified12l2793(8,10) : ingress
--E------ -------W-W -------- E-- --E-EE -E ------ K--------------- ------C--------- -------^-------- ------- - ------- ------ - tbl_defense4_rrc_bor_unified12l2714(8,10) : ingress
--------- ---------- -------- --- ------ -- ------ ---------------- ---------------- -------C^------- ------- - ------- ------ - tbl_defense4_rrc_bor_unified12l2721(8,10) : ingress
--E------ ---------- -------- --E ------ E- ------ ---------------- -----------D---- ---------^------ ------- - ------- ------ - tbl_defense4_rrc_bor_unified12l2765(7,10) : ingress
--------- ---------- -------- --E ------ E- ------ ---------------- ---------------- ---------C^----- ------- - ------- ------ - tbl_defense4_rrc_bor_unified12l2767(7,10) : ingress
--------- ---------- -------- --- ------ -- ------ ---------------- ---------------- ----------C^---- ------- - ------- ------ - tbl_defense4_rrc_bor_unified12l2769(7,10) : ingress
--------- --------E- -------- --- ------ -- ------ ---------------- --------------C- ------------^--- ------- - ------- ------ - tbl_defense4_rrc_bor_unified12l2839(8,10) : ingress
--------- ---------- -------- --- ------ -- ------ ---------------- ---------------- ------------C^-- ------- - ------- ------ - tbl_defense4_rrc_bor_unified12l2840(8,10) : ingress
--------- --------E- -------- --- ------ -- ------ ---------------- --------------D- --------------^- ------- - ------- ------ - tbl_defense4_rrc_bor_unified12l2836(8,10) : ingress
--------- ---------- -------- --- ------ -- ------ ---------------- ---------------- --------------C^ ------- - ------- ------ - tbl_defense4_rrc_bor_unified12l2837(8,10) : ingress
#stage 10
--------- ---------- -------- --- ------ -- ------ ---------------- -----------C---- ---------------- ^------ - ------- ------ - tbl_defense4_rrc_bor_unified12l2773(7,10) : ingress
--------- ---------- -------- --- ------ -- ------ ---------------- ---------------- ---------------- C^----- - ------- ------ - tbl_defense4_rrc_bor_unified12l2776(7,10) : ingress
--E------ ---------- -------- --- ------ -E ------ ---------------- ----D----------- ---------------- --^---- - ------- ------ - tbl_defense4_rrc_bor_unified12l2827(7,10) : ingress
--------- ---------- -------- --- ------ -- ------ ---------------- ---------------- ---------------- --C^--- - ------- ------ - tbl_defense4_rrc_bor_unified12l2829(7,10) : ingress
A-------- ----F----- -------- --- ------ -- ------ ---------------E --E----EEE------ -EBEBEB--------- ----^-- - ------- ------ - tbl_defense4_rrc_bor_unified12l2854(9,11) : ingress
A-------- ----F----- -------- --- ------ -- ------ I--------------- ---------------E B--------------- -----^- - ------- ------ - tbl_defense4_rrc_bor_unified12l2853(9,11) : ingress
A-------- ----F----- -------- --- ------ -- ------ I--------------- ------E--------- -------EB------- ------^ - ------- ------ - tbl_defense4_rrc_bor_unified12l2852(9,11) : ingress
#stage 11
--------F ---------- -------- --- ------ -- ------ ----H---H-HHFHFH --HH-HHHHHH-HH-H FHFHFHFHFHHFHFHF HFHF--- ^ ------- ------ - tbl_commit_0(9,11) : ingress
#stage 0
--------- ---------- -------- --- ------ -- ------ ---------------- ---------------- ---------------- ------- - ^------ ------ - cond-143(0,10) : egress
--------- ---------- -------- --- ------ -- ------ ---------------- ---------------- ---------------- ------- - D^----- ------ - tbl_defense4_rrc_bor_unified12l3035(0,10) : egress
--------- ---------- -------- --- ------ -- ------ ---------------- ---------------- ---------------- ------- - C-^---- ------ - cond-145(0,10) : egress
--------- ---------- -------- --- ------ -- ------ ---------------- ---------------- ---------------- ------- - --D^--- ------ - tbl_defense4_rrc_bor_unified12l3046(0,10) : egress
--------- ---------- -------- --- ------ -- ------ ---------------- ---------------- ---------------- ------- - ---C^-- ------ - tbl_defense4_rrc_bor_unified12l3052(0,11) : egress
--------- ---------- -------- --- ------ -- ------ ---------------- ---------------- ---------------- ------- - --C--^- ------ - tbl_defense4_rrc_bor_unified12l3055(0,11) : egress
--------- ---------- -------- --- ------ -- ------ ---------------- ---------------- ---------------- ------- - -C----^ ------ - tbl_defense4_rrc_bor_unified12l3041(0,11) : egress
#stage 1
--------- ---------- -------- --- ------ -- ------ ---------------- ---------------- ---------------- ------- - ---EB-- ^----- - egress_reset_invalidated_checksum_fields_3(1,11) : egress
--------- ---------- -------- --- ------ -- ------ ---------------- ---------------- ---------------- ------- - ---EB-- -^---- - egress_reset_invalidated_checksum_fields_2(1,11) : egress
--------- ---------- -------- --- ------ -- ------ ---------------- ---------------- ---------------- ------- - -E----B --^--- - egress_reset_invalidated_checksum_fields_1(1,11) : egress
--------- ---------- -------- --- ------ -- ------ ---------------- ---------------- ---------------- ------- - -E----B ---^-- - egress_reset_invalidated_checksum_fields_0(1,11) : egress
--------- ---------- -------- --- ------ -- ------ ---------------- ---------------- ---------------- ------- - -E-EB-B ----^- - tbl_defense4_rrc_bor_unified12l3060(1,11) : egress
--------- ---------- -------- --- ------ -- ------ ---------------- ---------------- ---------------- ------- - -H-HB-B -----^ - egresshdr.ipv4.hdr_checksum_encode_update_condition_2(1,11) : egress
#stage 2
--------- ---------- -------- --- ------ -- ------ ---------------- ---------------- ---------------- ------- - -H-HB-B ------ ^ egresshdr.tcp.checksum_encode_update_condition_3(1,11) : egress
#dependencies
A :  CONTROL_DEFAULT_NEXT_TABLE
B :  ANTI_NEXT_TABLE_DATA
C :  CONTROL_COND_FALSE
D :  CONTROL_COND_TRUE
E :  ACTION_READ
F :  IXBAR_READ ANTI_NEXT_TABLE_DATA
G :  IXBAR_READ ACTION_READ ANTI_NEXT_TABLE_DATA
H :  IXBAR_READ
I :  ACTION_READ ANTI_NEXT_TABLE_DATA
J :  CONTROL_DEFAULT_NEXT_TABLE IXBAR_READ
K :  OUTPUT
L :  IXBAR_READ OUTPUT
M :  OUTPUT ANTI_NEXT_TABLE_DATA
N :  IXBAR_READ ACTION_READ
O :  IXBAR_READ OUTPUT ANTI_NEXT_TABLE_DATA
P :  IXBAR_READ ACTION_READ OUTPUT ANTI_NEXT_TABLE_DATA
Q :  ACTION_READ OUTPUT ANTI_NEXT_TABLE_DATA
R :  IXBAR_READ ANTI_TABLE_READ ANTI_ACTION_READ
S :  ACTION_READ ANTI_TABLE_READ ANTI_ACTION_READ
T :  ACTION_READ ANTI_TABLE_READ ANTI_ACTION_READ ANTI_NEXT_TABLE_DATA
U :  IXBAR_READ ANTI_ACTION_READ ANTI_NEXT_TABLE_DATA
V :  IXBAR_READ ANTI_ACTION_READ
W :  ANTI_ACTION_READ

*** Table dependency chains (of minimum length 8) ***

1. tbl_build_exp_ack_0(0) -> tbl_session_0(0) -> tbl_defense4_rrc_bor_unified12l2525(1) -> tbl_defense4_rrc_bor_unified12l2592(2) -> tbl_resp_authorise_0(3) -> tbl_defense4_rrc_bor_unified12l2611(4) -> tbl_state_decode_0(5) -> tbl_defense4_rrc_bor_unified12l2667(6) -> tbl_tresp_expiry_0(7) -> tbl_defense4_rrc_bor_unified12l2787(8) -> tbl_defense4_rrc_bor_unified12l2854(9) (ingress)

2. tbl_session_0(0) -> tbl_defense4_rrc_bor_unified12l2525(1) -> tbl_defense4_rrc_bor_unified12l2592(2) -> tbl_resp_authorise_0(3) -> tbl_defense4_rrc_bor_unified12l2611(4) -> tbl_state_decode_0(5) -> tbl_defense4_rrc_bor_unified12l2667(6) -> tbl_tresp_expiry_0(7) -> tbl_defense4_rrc_bor_unified12l2787(8) -> tbl_defense4_rrc_bor_unified12l2854(9) (ingress)

3. tbl_session_0(0) -> tbl_defense4_rrc_bor_unified12l2528(1) -> tbl_defense4_rrc_bor_unified12l2592(2) -> tbl_resp_authorise_0(3) -> tbl_defense4_rrc_bor_unified12l2611(4) -> tbl_state_decode_0(5) -> tbl_defense4_rrc_bor_unified12l2667(6) -> tbl_tresp_expiry_0(7) -> tbl_defense4_rrc_bor_unified12l2787(8) -> tbl_defense4_rrc_bor_unified12l2854(9) (ingress)

4. tbl_session_0(0) -> tbl_defense4_rrc_bor_unified12l2531(1) -> tbl_defense4_rrc_bor_unified12l2592(2) -> tbl_resp_authorise_0(3) -> tbl_defense4_rrc_bor_unified12l2611(4) -> tbl_state_decode_0(5) -> tbl_defense4_rrc_bor_unified12l2667(6) -> tbl_tresp_expiry_0(7) -> tbl_defense4_rrc_bor_unified12l2787(8) -> tbl_defense4_rrc_bor_unified12l2854(9) (ingress)
