empirical inter-segment gaps: n=93 median=13.554 ms range=[0.033, 24.060]
grid c=64  fixed K=3 (Lmax=183)
A_native_OFF             MI(timing;L)=0.1360 bits [CI 0.1292,0.1497] null_p95=0.1163 p=0.0010 | 8.8% of H(L)=1.551 | dev BA(size+timing)=0.3968
B_native_D3              MI(timing;L)=0.2790 bits [CI 0.2703,0.2919] null_p95=0.2645 p=0.0010 | 18.0% of H(L)=1.551 | dev BA(size+timing)=0.7872
C_split_D3_emp           MI(timing;L)=1.4107 bits [CI 1.4370,1.4673] null_p95=1.0909 p=0.0010 | 90.9% of H(L)=1.551 | dev BA(size+timing)=0.7913
D_split_D3_10ms          MI(timing;L)=1.3176 bits [CI 1.3043,1.3319] null_p95=0.6814 p=0.0010 | 84.9% of H(L)=1.551 | dev BA(size+timing)=0.7870
E_split_D3_backtoback    MI(timing;L)=1.3127 bits [CI 1.3000,1.3274] null_p95=0.6736 p=0.0010 | 84.6% of H(L)=1.551 | dev BA(size+timing)=0.7872
F_split_D1_10ms          MI(timing;L)=1.1770 bits [CI 1.1648,1.1923] null_p95=0.4426 p=0.0010 | 75.9% of H(L)=1.551 | dev BA(size+timing)=0.3966
G_gridadapt_D3_10ms      MI(timing;L)=0.3303 bits [CI 0.3181,0.3475] null_p95=0.2725 p=0.0010 | 21.3% of H(L)=1.551 | dev BA(size+timing)=0.6398
H_gridfixed_D3_10ms      MI(timing;L)=0.2790 bits [CI 0.2703,0.2919] null_p95=0.2645 p=0.0010 | 18.0% of H(L)=1.551 | dev BA(size+timing)=0.6388
I_gridfixed_D3_emp       MI(timing;L)=0.5568 bits [CI 0.7321,0.7713] null_p95=0.5546 p=0.0230 | 35.9% of H(L)=1.551 | dev BA(size+timing)=0.5890

paired cluster-bootstrap delta of I(timing ; response size)
  C_split_D3_emp         dMI = +1.2289 bits  CI95=[+0.9714, +1.3880]
  D_split_D3_10ms        dMI = +1.1385 bits  CI95=[+0.9810, +1.3598]
  G_gridadapt_D3_10ms    dMI = +0.1581 bits  CI95=[+0.0022, +0.3894]
  H_gridfixed_D3_10ms    dMI = +0.1046 bits  CI95=[-0.0381, +0.3494]

jitter sweep: split_bpc1 + D3, delta = 10 ms + N(0, sd)
  sd=  0.0 ms  I(duration;L)=1.0599 bits  null p95=0.2904  p=0.0010  above null
  sd=  0.1 ms  I(duration;L)=1.0181 bits  null p95=0.2814  p=0.0010  above null
  sd=  0.5 ms  I(duration;L)=1.0181 bits  null p95=0.2814  p=0.0010  above null
  sd=  1.0 ms  I(duration;L)=1.0181 bits  null p95=0.2814  p=0.0010  above null
  sd=  2.0 ms  I(duration;L)=0.8274 bits  null p95=0.2347  p=0.0010  above null
  sd=  5.0 ms  I(duration;L)=0.2886 bits  null p95=0.0871  p=0.0010  above null
  sd= 10.0 ms  I(duration;L)=0.1283 bits  null p95=0.0384  p=0.0010  above null
  sd= 20.0 ms  I(duration;L)=0.0792 bits  null p95=0.0240  p=0.0010  above null
  sd= 50.0 ms  I(duration;L)=0.0584 bits  null p95=0.0183  p=0.0010  above null

wrote /home/philip/Projects/DNP3/research/size_timing_coresidency/evidence/leakage/out/m4_composition.json
