empirical inter-segment gaps: n=93 median=13.554 ms range=[0.033, 24.060]
grid c=64  fixed K=3 (Lmax=183)
P0_native_PERFECT          MI=0.0000 [piv CI 0.0000,0.0000] null_mean=0.0000 p95=0.0000 p=1.0000 | excess=0.0000 (0.0% of H=1.551) | devBA(sz+tm)=0.5004
P1_split_PERFECT_10ms      MI=1.0599 [piv CI 1.0498,1.0705] null_mean=0.1193 p95=0.2904 p=0.0010 | excess=0.9406 (60.6% of H=1.551) | devBA(sz+tm)=0.5004
P2_split_PERFECT_emp       MI=1.0480 [piv CI 1.0126,1.0387] null_mean=0.1648 p95=0.3372 p=0.0010 | excess=0.8832 (56.9% of H=1.551) | devBA(sz+tm)=0.2722
P3_split_PERFECT_b2b       MI=1.0599 [piv CI 1.0498,1.0705] null_mean=0.1193 p95=0.2904 p=0.0010 | excess=0.9406 (60.6% of H=1.551) | devBA(sz+tm)=0.5004
P4_gridadapt_PERFECT       MI=0.0679 [piv CI 0.0561,0.0803] null_mean=0.0056 p95=0.0076 p=0.0010 | excess=0.0623 (4.0% of H=1.551) | devBA(sz+tm)=0.3953
P5_gridfixed_PERFECT       MI=0.0000 [piv CI 0.0000,0.0000] null_mean=0.0000 p95=0.0000 p=1.0000 | excess=0.0000 (0.0% of H=1.551) | devBA(sz+tm)=0.3888
P6_gridfixed_PERFECT_emp   MI=0.0123 [piv CI -0.0245,-0.0110] null_mean=0.0115 p95=0.0141 p=0.3147 | excess=0.0008 (0.1% of H=1.551) | devBA(sz+tm)=0.1516
S0_native_OFF              MI=0.1360 [piv CI 0.1224,0.1428] null_mean=0.1051 p95=0.1163 p=0.0010 | excess=0.0310 (2.0% of H=1.551) | devBA(sz+tm)=0.3968
S1_split_OFF_10ms          MI=1.1770 [piv CI 1.1617,1.1893] null_mean=0.2563 p95=0.4426 p=0.0010 | excess=0.9208 (59.4% of H=1.551) | devBA(sz+tm)=0.3968
S2_split_D3sepack_10ms     MI=1.3260 [piv CI 1.3108,1.3388] null_mean=0.4747 p95=0.6808 p=0.0010 | excess=0.8512 (54.9% of H=1.551) | devBA(sz+tm)=0.7957
S3_gridfixed_D3sepack      MI=0.2760 [piv CI 0.2635,0.2841] null_mean=0.2548 p95=0.2635 p=0.0010 | excess=0.0213 (1.4% of H=1.551) | devBA(sz+tm)=0.6511

paired cluster-bootstrap delta of I(timing ; response size), reference = P0_native_PERFECT (perfect timing defense, no size axis)
  P1_split_PERFECT_10ms      dMI = +1.0624 bits  CI95=[+0.9997, +1.1534]   CI EXCLUDES 0
  P2_split_PERFECT_emp       dMI = +1.0667 bits  CI95=[+0.9829, +1.1950]   CI EXCLUDES 0
  P3_split_PERFECT_b2b       dMI = +1.0624 bits  CI95=[+0.9997, +1.1534]   CI EXCLUDES 0
  P4_gridadapt_PERFECT       dMI = +0.0717 bits  CI95=[+0.0000, +0.1809]   CI contains 0
  P5_gridfixed_PERFECT       dMI = +0.0000 bits  CI95=[+0.0000, +0.0000]   CI contains 0
  P6_gridfixed_PERFECT_emp   dMI = +0.0365 bits  CI95=[+0.0075, +0.1233]   CI EXCLUDES 0

jitter sweep: split_bpc1 + PERFECT first byte, delta = 10 ms + N(0,sd)
  sd=   0.0 ms  I(duration;L)=1.0599  excess=0.9406  null p95=0.2904  p=0.0010  above null
  sd=   0.5 ms  I(duration;L)=1.0181  excess=0.9053  null p95=0.2814  p=0.0010  above null
  sd=   1.0 ms  I(duration;L)=1.0181  excess=0.9053  null p95=0.2814  p=0.0010  above null
  sd=   2.0 ms  I(duration;L)=0.8274  excess=0.7328  null p95=0.2347  p=0.0010  above null
  sd=   5.0 ms  I(duration;L)=0.2886  excess=0.2530  null p95=0.0871  p=0.0010  above null
  sd=  10.0 ms  I(duration;L)=0.1283  excess=0.1124  null p95=0.0384  p=0.0010  above null
  sd=  20.0 ms  I(duration;L)=0.0792  excess=0.0690  null p95=0.0240  p=0.0010  above null
  sd=  50.0 ms  I(duration;L)=0.0584  excess=0.0505  null p95=0.0183  p=0.0010  above null
  sd= 100.0 ms  I(duration;L)=0.0518  excess=0.0447  null p95=0.0164  p=0.0010  above null

wrote /home/philip/Projects/DNP3/research/size_timing_coresidency/evidence/leakage/out/m4_composition.json
