Stage advance for pipe pipe INITIAL not ignoring container conflicts
Stage 0
  exact ixbar groups                  ternary ixbar groups
  A0B0D0C1E0D1E2F3..E1..E3........  D0D1...... .. ..........
  ................................  .......... .. ..........
  ................................  .......... .. ..........
  ................................  .......... .. ..........
  ................................  .......... .. ..........
  ................................  .......... .. ..........
  ................................
  ................................
     A B5 (tbl_case_a_dual_min951$gw)
     B B7 (tbl_case_a_dual_min961$gw)
     C H5 (cond-39$gw)
     D H9 (tbl_blocker_role_0, tbl_event_role_0)
     E W0 (tbl_case_a_dual_min963$gw)
     F W11 (tbl_blocker_role_0$gw)
  hash select bits  Groups  hd  /- hash dist bits --- (Groups: -1 -1)
  AAAA ............  A0001  ... ................................................
  .... ............  .0000  ... ................................................
  .... ............  .0000  ... ................................................
  .... ............  .0000  ... ................................................
  .... ............  .0000  ... ................................................
  .... ............  .0000  ... ................................................
  .... ............  .0000  ... ................................................
  .... ............  .0000  ... ................................................
  .... ............         ... ................................................
  .... ............         ... ................................................
  .... ............         ... ................................................
  .... ............         ... ................................................
  .... ............         ... ................................................
  .... ............         ... ................................................
  .... ............         ... ................................................
  .... ............         ... ................................................
     A tbl_event_role_0
  
  tc  sb  rb  tib ab  st  srams       mapram  ov  gw pay 2p
  B.  ..  ..  DL  ..  ..  D.........  ......  ..  KA  ..  .
  ..  ..  ..  OJ  ..  ..  ..........  ......  ..  IE  ..  .
  ..  ..  ..  GH  ..  ..  ..........  ......  ..  ..  ..  .
  ..  ..  ..  ..  ..  ..  ..........  ......  ..  ..  ..  .
  ..  ..  ..  ..  ..  ..  ..........  ......  ..  ..  ..  .
  ..  ..  ..  ..  ..  ..  ..........  ......  ..  ..  ..  .
  ..  ..  ..  ..  ..  ..  ....FF....  FF....  ..  ..  ..  .
  ..  M.  ..  ..  ..  ..  MMM.MN....  ......  ..  C.  ..  .
  ..                                                      
  ..                                                      
  ..                                                      
  ..                                                      
     A cond-39$gw
     B tbl_blocker_role_0
     C tbl_blocker_role_0$gw
     D tbl_blocker_role_0$tind
     E tbl_case_a_dual_min951$gw
     F tbl_case_a_dual_min951$stats.Ingress.ctr_evt
     G tbl_case_a_dual_min951$tind
     H tbl_case_a_dual_min957$tind
     I tbl_case_a_dual_min961$gw
     J tbl_case_a_dual_min961$tind
     K tbl_case_a_dual_min963$gw
     L tbl_case_a_dual_min963$tind
     M tbl_event_role_0
     N tbl_guard_0$action_data
     O tbl_guard_0$tind
  
can't place tbl_build_now_0 in stage 0 : dependency on table tbl_case_a_dual_min961
can't place tbl_class_0 in stage 0 : dependency on table tbl_event_role_0
Stage 1
  exact ixbar groups                  ternary ixbar groups
  A0C1B0..........................  .......... .. ..........
  ................................  .......... .. ..........
  ................................  .......... .. ..........
  ................................  .......... .. ..........
  ................................  .......... .. ..........
  ................................  .......... .. ..........
  ................................
  ................................
     A B3 (tbl_class_0)
     B B6 (tbl_class_0)
     C H8 (tbl_class_0)
  hash select bits  Groups  hd  /- hash dist bits --- (Groups: -1 -1)
  AAAA ............  A0001  ... ................................................
  .... ............  .0000  ... ................................................
  .... ............  .0000  ... ................................................
  .... ............  .0000  ... ................................................
  .... ............  .0000  ... ................................................
  .... ............  .0000  ... ................................................
  .... ............  .0000  ... ................................................
  .... ............  .0000  ... ................................................
  .... ............         ... ................................................
  .... ............         ... ................................................
  .... ............         ... ................................................
  .... ............         ... ................................................
  .... ............         ... ................................................
  .... ............         ... ................................................
  .... ............         ... ................................................
  .... ............         ... ................................................
     A tbl_class_0
  
  tc  sb  rb  tib ab  st  srams       mapram  ov  gw pay 2p
  ..  ..  ..  A.  ..  ..  ..........  ......  ..  ..  ..  .
  ..  ..  ..  ..  ..  ..  ..........  ......  ..  ..  ..  .
  ..  ..  ..  ..  ..  ..  ..........  ......  ..  ..  ..  .
  ..  ..  ..  ..  ..  ..  ..........  ......  ..  ..  ..  .
  ..  ..  ..  ..  ..  ..  ..........  ......  ..  ..  ..  .
  ..  ..  ..  ..  ..  ..  ..........  ......  ..  ..  ..  .
  ..  ..  ..  ..  ..  ..  ..........  ......  ..  ..  ..  .
  ..  B.  ..  ..  ..  ..  BBBB......  ......  ..  ..  ..  .
  ..                                                      
  ..                                                      
  ..                                                      
  ..                                                      
     A tbl_build_now_0$tind
     B tbl_class_0
  
can't place tbl_case_a_dual_min981 in stage 1 : dependency on table tbl_class_0
can't place tbl_case_a_dual_min979 in stage 1 : dependency on table tbl_class_0
can't place tbl_build_cand_0 in stage 1 : dependency on table tbl_build_now_0
Stage 2
  exact ixbar groups                  ternary ixbar groups
  B0A0C0..........................  .......... .. ..........
  ................................  .......... .. ..........
  ................................  .......... .. ..........
  ................................  .......... .. ..........
  ................................  .......... .. ..........
  ................................  .......... .. ..........
  ................................
  ................................
     A B10 (tbl_case_a_dual_min981$gw)
     B H3 (tbl_case_a_dual_min979$salu)
     C H5 (tbl_case_a_dual_min979$salu)
  hash select bits  Groups  hd  /- hash dist bits --- (Groups: -1 -1)
  AA.. ............  A0001  ... ................................................
  .... ............  .0000  ... ................................................
  .... ............  .0000  ... ................................................
  .... ............  .0000  ... ................................................
  .... ............  .0000  ... ................................................
  .... ............  .0000  ... ................................................
  .... ............  .0000  ... ................................................
  .... ............  .0000  ... ................................................
  .... ............         ... ................................................
  .... ............         ... ................................................
  .... ............         ... ................................................
  .... ............         ... ................................................
  .... ............         ... ................................................
  .... ............         ... ................................................
  .... ............         ... ................................................
  .... ............         ... ................................................
     A tbl_case_a_dual_min979$salu
  
  tc  sb  rb  tib ab  st  srams       mapram  ov  gw pay 2p
  ..  ..  ..  EA  ..  ..  ..........  ......  ..  C.  ..  .
  ..  ..  ..  B.  ..  ..  ..........  ......  ..  ..  ..  .
  ..  ..  ..  ..  ..  ..  ..........  ......  ..  ..  ..  .
  ..  ..  ..  ..  ..  ..  ..........  ......  ..  ..  ..  .
  ..  ..  ..  ..  ..  ..  ..........  ......  ..  ..  ..  .
  ..  ..  ..  ..  ..  ..  ..........  ......  ..  ..  ..  .
  ..  ..  ..  ..  ..  ..  ..........  ......  ..  ..  ..  .
  ..  ..  ..  ..  ..  ..  ....DD....  DD....  ..  ..  ..  .
  ..                                                      
  ..                                                      
  ..                                                      
  ..                                                      
     A tbl_build_cand_0$tind
     B tbl_case_a_dual_min979$tind
     C tbl_case_a_dual_min981$gw
     D tbl_case_a_dual_min981$salu.Ingress.reg_tag
     E tbl_case_a_dual_min981$tind
  
can't place tbl_state_decode_0 in stage 2 : dependency on table tbl_case_a_dual_min981
can't place tbl_txn_active_0 in stage 2 : dependency on table tbl_case_a_dual_min979
Stage 3
  exact ixbar groups                  ternary ixbar groups
  C0..............................  B0A0...... .. ..........
  ................................  .......... .. ..........
  ................................  .......... .. ..........
  ................................  .......... .. ..........
  ................................  .......... .. ..........
  ................................  .......... .. ..........
  ................................
  ................................
     A B11 (tbl_state_decode_0)
     B B9 (tbl_state_decode_0)
     C H7 (tbl_txn_active_0$gw)
  hash select bits  Groups  hd  /- hash dist bits --- (Groups: -1 -1)
  .... ............  .0000  ... ................................................
  .... ............  .0000  ... ................................................
  .... ............  .0000  ... ................................................
  .... ............  .0000  ... ................................................
  .... ............  .0000  ... ................................................
  .... ............  .0000  ... ................................................
  .... ............  .0000  ... ................................................
  .... ............  .0000  ... ................................................
  .... ............         ... ................................................
  .... ............         ... ................................................
  .... ............         ... ................................................
  .... ............         ... ................................................
  .... ............         ... ................................................
  .... ............         ... ................................................
  .... ............         ... ................................................
  .... ............         ... ................................................
  
  tc  sb  rb  tib ab  st  srams       mapram  ov  gw pay 2p
  A.  C.  ..  B.  ..  ..  B.........  ......  ..  D.  D.  .
  ..  ..  ..  ..  ..  ..  ..........  ......  ..  ..  ..  .
  ..  ..  ..  ..  ..  ..  ..........  ......  ..  ..  ..  .
  ..  ..  ..  ..  ..  ..  ..........  ......  ..  ..  ..  .
  ..  ..  ..  ..  ..  ..  ..........  ......  ..  ..  ..  .
  ..  ..  ..  ..  ..  ..  ..........  ......  ..  ..  ..  .
  ..  ..  ..  ..  ..  ..  ..........  ......  ..  ..  ..  .
  ..  ..  ..  ..  ..  ..  ..........  ......  ..  ..  ..  .
  ..                                                      
  ..                                                      
  ..                                                      
  ..                                                      
     A tbl_state_decode_0
     B tbl_state_decode_0$tind
     C tbl_txn_active_0
     D tbl_txn_active_0$gw
  
can't place tbl_case_a_dual_min992 in stage 3 : dependency on table tbl_state_decode_0
can't place tbl_case_a_dual_min993 in stage 3 : dependency on table tbl_state_decode_0
can't place tbl_case_a_dual_min994 in stage 3 : dependency on table tbl_state_decode_0
Stage 4
  exact ixbar groups                  ternary ixbar groups
  ................A0B1............  .......... .. ..........
  ................E0E1E2E3D0D1D2D3  .......... .. ..........
  ................E0E1E2E3C0C1C2C3  .......... .. ..........
  ................................  .......... .. ..........
  ................................  .......... .. ..........
  ................................  .......... .. ..........
  ................................
  ................................
     A H3 (tbl_case_a_dual_min994$salu)
     B H5 (tbl_case_a_dual_min994$salu)
     C W11 (tbl_case_a_dual_min992$salu)
     D W12 (tbl_case_a_dual_min993$salu)
     E W8 (tbl_case_a_dual_min992$salu, tbl_case_a_dual_min993$salu)
  hash select bits  Groups  hd  /- hash dist bits --- (Groups: -1 -1)
  .... ............  .0000  ... ................................................
  .... ............  .0000  ... ................................................
  .... ............  .0000  ... ................................................
  .... ............  .0000  ... ................................................
  .... ............  .0000  ... ................................................
  .... ............  .0000  ... ................................................
  .... ............  .0000  ... ................................................
  .... ............  .0000  ... ................................................
  .... ............         ... ................................................
  .... ............         ... ................................................
  .... ............         ... ................................................
  .... ............         ... ................................................
  .... ............         ... ................................................
  .... ............         ... ................................................
  .... ............         ... ................................................
  .... ............         ... ................................................
  
  tc  sb  rb  tib ab  st  srams       mapram  ov  gw pay 2p
  ..  ..  ..  DF  ..  ..  ..........  ......  ..  ..  ..  .
  ..  ..  ..  B.  ..  ..  ..........  ......  ..  ..  ..  .
  ..  ..  ..  ..  ..  ..  ..........  ......  ..  ..  ..  .
  ..  ..  ..  ..  ..  ..  ....AA....  AA....  ..  ..  ..  .
  ..  ..  ..  ..  ..  ..  ..........  ......  ..  ..  ..  .
  ..  ..  ..  ..  ..  ..  ....EE....  EE....  ..  ..  ..  .
  ..  ..  ..  ..  ..  ..  ..........  ......  ..  ..  ..  .
  ..  ..  ..  ..  ..  ..  ....CC....  CC....  ..  ..  ..  .
  ..                                                      
  ..                                                      
  ..                                                      
  ..                                                      
     A tbl_case_a_dual_min992$salu.Ingress.reg_d_ack
     B tbl_case_a_dual_min992$tind
     C tbl_case_a_dual_min993$salu.Ingress.reg_d_resp
     D tbl_case_a_dual_min993$tind
     E tbl_case_a_dual_min994$salu.Ingress.reg_ackc_gen
     F tbl_case_a_dual_min994$tind
  
can't place tbl_expiry_ack_0 in stage 4 : dependency on table tbl_case_a_dual_min992
can't place tbl_expiry_resp_0 in stage 4 : dependency on table tbl_case_a_dual_min993
Stage 5
  exact ixbar groups                  ternary ixbar groups
  H0F1I2G1I0H1D0I3E0I1C0B0A0......  .......... .. ..........
  ................................  .......... .. ..........
  ................................  .......... .. ..........
  ................................  .......... .. ..........
  ................................  .......... .. ..........
  ................................  .......... .. ..........
  ................................
  ................................
     A B12 (tbl_arm_clone$gw)
     B B13 (tbl_case_a_dual_min1087$gw)
     C B3 (cond-53$gw)
     D B6 (cond-42$gw)
     E B9 (cond-52$gw, tbl_case_a_dual_min1014$gw, tbl_case_a_dual_min1117$gw, tbl_case_a_dual_min1122$gw, tbl_case_a_dual_min1125$gw)
     F H3 (tbl_expiry_resp_0$gw)
     G H7 (tbl_expiry_resp_0$gw)
     H H9 (tbl_expiry_resp_0$gw)
     I W7 (tbl_expiry_ack_0$gw)
  hash select bits  Groups  hd  /- hash dist bits --- (Groups: -1 -1)
  .... ............  .0000  ... ................................................
  .... ............  .0000  ... ................................................
  .... ............  .0000  ... ................................................
  .... ............  .0000  ... ................................................
  .... ............  .0000  ... ................................................
  .... ............  .0000  ... ................................................
  .... ............  .0000  ... ................................................
  .... ............  .0000  ... ................................................
  .... ............         ... ................................................
  .... ............         ... ................................................
  .... ............         ... ................................................
  .... ............         ... ................................................
  .... ............         ... ................................................
  .... ............         ... ................................................
  .... ............         ... ................................................
  .... ............         ... ................................................
  
  tc  sb  rb  tib ab  st  srams       mapram  ov  gw pay 2p
  ..  TV  ..  ..  ..  ..  ..........  ......  ..  UW  UW  .
  ..  ..  ..  MY  ..  ..  ..........  ......  ..  DG  ..  .
  ..  ..  ..  SF  ..  ..  ..........  ......  ..  IC  ..  .
  ..  ..  ..  EH  ..  ..  ..........  ......  ..  PN  ..  .
  ..  ..  ..  JQ  ..  ..  ..........  ......  ..  KB  ..  .
  ..  ..  ..  OL  ..  ..  ..........  ......  ..  A.  ..  .
  ..  ..  ..  X.  ..  ..  ....RR....  RR....  ..  ..  ..  .
  ..  ..  ..  ..  ..  ..  ..........  ......  ..  ..  ..  .
  ..                                                      
  ..                                                      
  ..                                                      
  ..                                                      
     A cond-42$gw
     B cond-52$gw
     C cond-53$gw
     D tbl_arm_clone$gw
     E tbl_arm_clone$tind
     F tbl_case_a_dual_min1012$tind
     G tbl_case_a_dual_min1014$gw
     H tbl_case_a_dual_min1014$tind
     I tbl_case_a_dual_min1087$gw
     J tbl_case_a_dual_min1087$tind
     K tbl_case_a_dual_min1117$gw
     L tbl_case_a_dual_min1117$tind
     M tbl_case_a_dual_min1120$tind
     N tbl_case_a_dual_min1122$gw
     O tbl_case_a_dual_min1122$tind
     P tbl_case_a_dual_min1125$gw
     Q tbl_case_a_dual_min1125$tind
     R tbl_case_a_dual_min1129$stats.Ingress.ctr_evt
     S tbl_case_a_dual_min1129$tind
     T tbl_expiry_ack_0
     U tbl_expiry_ack_0$gw
     V tbl_expiry_resp_0
     W tbl_expiry_resp_0$gw
     X tbl_to_final$tind
     Y tbl_to_final_0$tind
  
can't place tbl_case_a_dual_min1115 in stage 5 : ran out of memories: too many tables total
can't place tbl_case_a_dual_min1069 in stage 5 : dependency on table tbl_expiry_resp_0
can't place tbl_case_a_dual_min1094 in stage 5 : dependency on table tbl_expiry_resp_0
can't place cond-45 in stage 5 : ran out of memories: too many tables total
can't place tbl_case_a_dual_min1009 in stage 5 : dependency on table tbl_expiry_resp_0
Stage 6
  exact ixbar groups                  ternary ixbar groups
  B0A0F0E1C0D0....................  .......... .. ..........
  ................................  .......... .. ..........
  ................................  .......... .. ..........
  ................................  .......... .. ..........
  ................................  .......... .. ..........
  ................................  .......... .. ..........
  ................................
  ................................
     A B10 (tbl_case_a_dual_min1073$gw)
     B B13 (tbl_case_a_dual_min1069$gw)
     C B8 (tbl_case_a_dual_min1077$gw, tbl_case_a_dual_min1098$gw)
     D B9 (cond-45$gw, cond-48$gw, tbl_case_a_dual_min1057$gw)
     E H12 (tbl_case_a_dual_min1094$gw)
     F H5 (tbl_case_a_dual_min1094$gw)
  hash select bits  Groups  hd  /- hash dist bits --- (Groups: -1 -1)
  .... ............  .0000  ... ................................................
  .... ............  .0000  ... ................................................
  .... ............  .0000  ... ................................................
  .... ............  .0000  ... ................................................
  .... ............  .0000  ... ................................................
  .... ............  .0000  ... ................................................
  .... ............  .0000  ... ................................................
  .... ............  .0000  ... ................................................
  .... ............         ... ................................................
  .... ............         ... ................................................
  .... ............         ... ................................................
  .... ............         ... ................................................
  .... ............         ... ................................................
  .... ............         ... ................................................
  .... ............         ... ................................................
  .... ............         ... ................................................
  
  tc  sb  rb  tib ab  st  srams       mapram  ov  gw pay 2p
  ..  ..  ..  UR  ..  ..  ..........  ......  ..  BA  ..  .
  ..  ..  ..  WT  ..  ..  ..........  ......  ..  JP  ..  .
  ..  ..  ..  LV  ..  ..  ..........  ......  ..  NH  ..  .
  ..  ..  ..  MK  ..  ..  ..........  ......  ..  FD  ..  .
  ..  ..  ..  QO  ..  ..  ..........  ......  ..  ..  ..  .
  ..  ..  ..  IG  ..  ..  ..........  ......  ..  ..  ..  .
  ..  ..  ..  CE  ..  ..  ....SS....  SS....  ..  ..  ..  .
  ..  ..  ..  ..  ..  ..  ..........  ......  ..  ..  ..  .
  ..                                                      
  ..                                                      
  ..                                                      
  ..                                                      
     A cond-45$gw
     B cond-48$gw
     C tbl_case_a_dual_min1009$tind
     D tbl_case_a_dual_min1057$gw
     E tbl_case_a_dual_min1057$tind
     F tbl_case_a_dual_min1069$gw
     G tbl_case_a_dual_min1069$tind
     H tbl_case_a_dual_min1073$gw
     I tbl_case_a_dual_min1073$tind
     J tbl_case_a_dual_min1077$gw
     K tbl_case_a_dual_min1077$tind
     L tbl_case_a_dual_min1081$tind
     M tbl_case_a_dual_min1083$tind
     N tbl_case_a_dual_min1094$gw
     O tbl_case_a_dual_min1094$tind
     P tbl_case_a_dual_min1098$gw
     Q tbl_case_a_dual_min1098$tind
     R tbl_case_a_dual_min1102$tind
     S tbl_case_a_dual_min1104$stats.Ingress.ctr_evt
     T tbl_case_a_dual_min1104$tind
     U tbl_case_a_dual_min1115$tind
     V tbl_to_ablock_0$tind
     W tbl_to_rblock_0$tind
  
can't place tbl_case_a_dual_min1035 in stage 6 : ran out of memories: too many tables total
can't place tbl_case_a_dual_min1044 in stage 6 : ran out of memories: too many tables total
can't place tbl_case_a_dual_min1040 in stage 6 : ran out of memories: too many tables total
can't place tbl_to_ack_q in stage 6 : ran out of memories: too many tables total
can't place tbl_case_a_dual_min1042 in stage 6 : ran out of memories: too many tables total
can't place tbl_case_a_dual_min1053 in stage 6 : ran out of memories: too many tables total
can't place tbl_case_a_dual_min1049 in stage 6 : ran out of memories: too many tables total
can't place tbl_to_resp in stage 6 : ran out of memories: too many tables total
can't place tbl_case_a_dual_min1051 in stage 6 : ran out of memories: too many tables total
Stage 7
  exact ixbar groups                  ternary ixbar groups
  B0A0D0C0E0......C0..............  .......... .. ..........
  ................................  .......... .. ..........
  ................................  .......... .. ..........
  ................................  .......... .. ..........
  ................................  .......... .. ..........
  ................................  .......... .. ..........
  ................................
  ................................
     A B14 (tbl_case_a_dual_min1042$gw)
     B B15 (tbl_case_a_dual_min1051$gw)
     C B3 (tbl_case_a_dual_min1026$gw, tbl_case_a_dual_min1142$salu)
     D H10 (tbl_case_a_dual_min1035$gw)
     E H12 (tbl_case_a_dual_min1142$gw)
  hash select bits  Groups  hd  /- hash dist bits --- (Groups: -1 -1)
  .... ............  .0000  ... ................................................
  .... ............  .0000  ... ................................................
  .... ............  .0000  ... ................................................
  .... ............  .0000  ... ................................................
  .... ............  .0000  ... ................................................
  .... ............  .0000  ... ................................................
  .... ............  .0000  ... ................................................
  .... ............  .0000  ... ................................................
  .... ............         ... ................................................
  .... ............         ... ................................................
  .... ............         ... ................................................
  .... ............         ... ................................................
  .... ............         ... ................................................
  .... ............         ... ................................................
  .... ............         ... ................................................
  .... ............         ... ................................................
  
  tc  sb  rb  tib ab  st  srams       mapram  ov  gw pay 2p
  ..  ..  ..  AT  ..  ..  ..........  ......  ..  BG  ..  .
  ..  ..  ..  DV  ..  ..  ..........  ......  ..  JN  ..  .
  ..  ..  ..  FC  ..  ..  ..........  ......  ..  Q.  ..  .
  ..  ..  ..  HI  ..  ..  ..........  ......  ..  ..  ..  .
  ..  ..  ..  UL  ..  ..  ..........  ......  ..  ..  ..  .
  ..  ..  ..  KM  ..  ..  ..........  ......  ..  ..  ..  .
  ..  ..  ..  WP  ..  ..  ....EE....  EE....  ..  ..  ..  .
  ..  ..  ..  OS  ..  ..  ....RR....  RR....  ..  ..  ..  .
  ..                                                      
  ..                                                      
  ..                                                      
  ..                                                      
     A tbl_case_a_dual_min1022$tind
     B tbl_case_a_dual_min1026$gw
     C tbl_case_a_dual_min1026$tind
     D tbl_case_a_dual_min1028$tind
     E tbl_case_a_dual_min1032$stats.Ingress.ctr_evt
     F tbl_case_a_dual_min1032$tind
     G tbl_case_a_dual_min1035$gw
     H tbl_case_a_dual_min1035$tind
     I tbl_case_a_dual_min1040$tind
     J tbl_case_a_dual_min1042$gw
     K tbl_case_a_dual_min1042$tind
     L tbl_case_a_dual_min1044$tind
     M tbl_case_a_dual_min1049$tind
     N tbl_case_a_dual_min1051$gw
     O tbl_case_a_dual_min1051$tind
     P tbl_case_a_dual_min1053$tind
     Q tbl_case_a_dual_min1142$gw
     R tbl_case_a_dual_min1142$salu.Ingress.reg_final_first
     S tbl_case_a_dual_min1142$tind
     T tbl_to_ablock$tind
     U tbl_to_ack_q$tind
     V tbl_to_rblock$tind
     W tbl_to_resp$tind
  
can't place tbl_case_a_dual_min1135 in stage 7 : ran out of memories: too many tables total
can't place tbl_case_a_dual_min1136 in stage 7 : ran out of memories: too many tables total
can't place tbl_case_a_dual_min1137 in stage 7 : ran out of memories: too many tables total
can't place tbl_case_a_dual_min1138 in stage 7 : ran out of memories: too many tables total
can't place tbl_case_a_dual_min1139 in stage 7 : ran out of memories: too many tables total
can't place tbl_case_a_dual_min1140 in stage 7 : ran out of memories: too many tables total
can't place tbl_case_a_dual_min1141 in stage 7 : ran out of memories: too many tables total
Stage 8
  exact ixbar groups                  ternary ixbar groups
  B0B1..A1........C0C1C2C3........  .......... .. ..........
  ................C0C1C2C3........  .......... .. ..........
  ................C0C1C2C3........  .......... .. ..........
  ................C0C1C2C3........  .......... .. ..........
  ................................  .......... .. ..........
  ................................  .......... .. ..........
  ................................
  ................................
     A H10 (tbl_case_a_dual_min1139$gw, tbl_case_a_dual_min1140$gw)
     B H11 (tbl_case_a_dual_min1138$gw, tbl_case_a_dual_min1141$gw)
     C W4 (tbl_case_a_dual_min1138$salu, tbl_case_a_dual_min1139$salu, tbl_case_a_dual_min1140$salu, tbl_case_a_dual_min1141$salu)
  hash select bits  Groups  hd  /- hash dist bits --- (Groups: -1 -1)
  .... ............  .0000  ... ................................................
  .... ............  .0000  ... ................................................
  .... ............  .0000  ... ................................................
  .... ............  .0000  ... ................................................
  .... ............  .0000  ... ................................................
  .... ............  .0000  ... ................................................
  .... ............  .0000  ... ................................................
  .... ............  .0000  ... ................................................
  .... ............         ... ................................................
  .... ............         ... ................................................
  .... ............         ... ................................................
  .... ............         ... ................................................
  .... ............         ... ................................................
  .... ............         ... ................................................
  .... ............         ... ................................................
  .... ............         ... ................................................
  
  tc  sb  rb  tib ab  st  srams       mapram  ov  gw pay 2p
  ..  ..  ..  FI  ..  ..  ..........  ......  ..  DG  ..  .
  ..  ..  ..  LC  ..  ..  ....BB....  BB....  ..  JA  ..  .
  ..  ..  ..  ..  ..  ..  ..........  ......  ..  ..  ..  .
  ..  ..  ..  ..  ..  ..  ....KK....  KK....  ..  ..  ..  .
  ..  ..  ..  ..  ..  ..  ..........  ......  ..  ..  ..  .
  ..  ..  ..  ..  ..  ..  ....HH....  HH....  ..  ..  ..  .
  ..  ..  ..  ..  ..  ..  ..........  ......  ..  ..  ..  .
  ..  ..  ..  ..  ..  ..  ....EE....  EE....  ..  ..  ..  .
  ..                                                      
  ..                                                      
  ..                                                      
  ..                                                      
     A tbl_case_a_dual_min1138$gw
     B tbl_case_a_dual_min1138$salu.Ingress.reg_ts_ack_commit
     C tbl_case_a_dual_min1138$tind
     D tbl_case_a_dual_min1139$gw
     E tbl_case_a_dual_min1139$salu.Ingress.reg_ts_rblock_first
     F tbl_case_a_dual_min1139$tind
     G tbl_case_a_dual_min1140$gw
     H tbl_case_a_dual_min1140$salu.Ingress.reg_ts_rblock_last
     I tbl_case_a_dual_min1140$tind
     J tbl_case_a_dual_min1141$gw
     K tbl_case_a_dual_min1141$salu.Ingress.reg_ts_resp_commit
     L tbl_case_a_dual_min1141$tind
  
can't place tbl_case_a_dual_min1135 in stage 8 : ran out of memories: too many meter alu users
can't place tbl_case_a_dual_min1136 in stage 8 : ran out of memories: too many meter alu users
can't place tbl_case_a_dual_min1137 in stage 8 : ran out of memories: too many meter alu users
Stage 9
  exact ixbar groups                  ternary ixbar groups
  C0......B0......A0A1A2A3........  .......... .. ..........
  ................A0A1A2A3........  .......... .. ..........
  ................A0A1A2A3........  .......... .. ..........
  ................................  .......... .. ..........
  ................................  .......... .. ..........
  ................................  .......... .. ..........
  ................................
  ................................
     A W4 (tbl_case_a_dual_min1135$salu, tbl_case_a_dual_min1136$salu, tbl_case_a_dual_min1137$salu)
     B W5 (tbl_case_a_dual_min1135$gw)
     C W6 (tbl_case_a_dual_min1136$gw, tbl_case_a_dual_min1137$gw)
  hash select bits  Groups  hd  /- hash dist bits --- (Groups: -1 -1)
  .... ............  .0000  ... ................................................
  .... ............  .0000  ... ................................................
  .... ............  .0000  ... ................................................
  .... ............  .0000  ... ................................................
  .... ............  .0000  ... ................................................
  .... ............  .0000  ... ................................................
  .... ............  .0000  ... ................................................
  .... ............  .0000  ... ................................................
  .... ............         ... ................................................
  .... ............         ... ................................................
  .... ............         ... ................................................
  .... ............         ... ................................................
  .... ............         ... ................................................
  .... ............         ... ................................................
  .... ............         ... ................................................
  .... ............         ... ................................................
  
  tc  sb  rb  tib ab  st  srams       mapram  ov  gw pay 2p
  ..  ..  ..  FI  ..  ..  ..........  ......  ..  DG  ..  .
  ..  ..  ..  C.  ..  ..  ..........  ......  ..  A.  ..  .
  ..  ..  ..  ..  ..  ..  ..........  ......  ..  ..  ..  .
  ..  ..  ..  ..  ..  ..  ....BB....  BB....  ..  ..  ..  .
  ..  ..  ..  ..  ..  ..  ..........  ......  ..  ..  ..  .
  ..  ..  ..  ..  ..  ..  ....HH....  HH....  ..  ..  ..  .
  ..  ..  ..  ..  ..  ..  ..........  ......  ..  ..  ..  .
  ..  ..  ..  ..  ..  ..  ....EE....  EE....  ..  ..  ..  .
  ..                                                      
  ..                                                      
  ..                                                      
  ..                                                      
     A tbl_case_a_dual_min1135$gw
     B tbl_case_a_dual_min1135$salu.Ingress.reg_t_read
     C tbl_case_a_dual_min1135$tind
     D tbl_case_a_dual_min1136$gw
     E tbl_case_a_dual_min1136$salu.Ingress.reg_ts_ablock_first
     F tbl_case_a_dual_min1136$tind
     G tbl_case_a_dual_min1137$gw
     H tbl_case_a_dual_min1137$salu.Ingress.reg_ts_ablock_last
     I tbl_case_a_dual_min1137$tind
  
Table cond-45 delayed to stage 6 from stage 5
  stage 5: dependency (CONTROL_COND_FALSE) on tbl_case_a_dual_min1014 in stage 5
  stage 2: dependency (ACTION_READ) on tbl_class_0 in stage 1
  - preferred tbl_arm_clone(longer downward prop control-included dependence tail chain) over 0 of cond-45 in stage 5
  - preferred tbl_case_a_dual_min1120(direct control dependency difference) over 0 of cond-45 in stage 5
  - preferred tbl_case_a_dual_min1129(direct control dependency difference) over 0 of cond-45 in stage 5
  - preferred tbl_to_final(direct control dependency difference) over 0 of cond-45 in stage 5
  - preferred tbl_to_final_0(direct control dependency difference) over 0 of cond-45 in stage 5
Table tbl_case_a_dual_min1115 delayed to stage 6 from stage 5
  stage 5: dependency (CONTROL_COND_TRUE) on tbl_case_a_dual_min1117 in stage 5
  stage 1: dependency (ANTI_ACTION_READ) on tbl_class_0 in stage 1
  - preferred cond-53(longer downward prop control-included dependence tail chain) over 1 of tbl_case_a_dual_min1115 in stage 5
  - preferred tbl_case_a_dual_min1014(longer downward prop control-included dependence tail chain) over 1 of tbl_case_a_dual_min1115 in stage 5
  - preferred tbl_to_final(default choice) over 1 of tbl_case_a_dual_min1115 in stage 5
