[21:19:59] === ADVERSARIAL INJECTION MATRIX ===
[21:19:59] --- build inj_r1: swap + config + inject foreign gen 0xC1 seq=0 while 0xC0 live ---
[21:20:44] inj_r1 setup FAILs: 0
[21:20:45] inj_r1 -> Subscribe attempt #1
Subscribe response received 0
Binding with p4_name case_a_defense3_repair_candidate
Binding with p4_name case_a_defense3_repair_candidate successful!!
Received case_a_defense3_repair_candidate on GetForwarding on client 91, device 0
FAIL: no pgen_inject value_set — is this an D3_INJECT build?
[21:20:46] --- build inj_r1r2: swap + config + inject foreign gen 0xC1 seq=0 while 0xC0 live ---
[21:21:30] inj_r1r2 setup FAILs: 0
[21:21:31] inj_r1r2 -> Subscribe attempt #1
Subscribe response received 0
Binding with p4_name case_a_defense3_repair_candidate
Binding with p4_name case_a_defense3_repair_candidate successful!!
Received case_a_defense3_repair_candidate on GetForwarding on client 91, device 0
FAIL: no pgen_inject value_set — is this an D3_INJECT build?
[21:21:32] --- build inj_r1r2r3: swap + config + inject foreign gen 0xC1 seq=0 while 0xC0 live ---
[21:22:17] inj_r1r2r3 setup FAILs: 0
[21:22:17] inj_r1r2r3 -> Subscribe attempt #1
Subscribe response received 0
Binding with p4_name case_a_defense3_repair_candidate
Binding with p4_name case_a_defense3_repair_candidate successful!!
Received case_a_defense3_repair_candidate on GetForwarding on client 91, device 0
FAIL: no pgen_inject value_set — is this an D3_INJECT build?
[21:22:18] --- restoring ---
[21:23:01] RESTORED
[21:23:01] === DONE -> /home/philip/Projects/DNP3/defense3/evidence/inject/20260730T211959Z ===
