Stage advance for pipe pipe INITIAL not ignoring container conflicts
Stage 0
  exact ixbar groups                  ternary ixbar groups
  A0D1D0F3F0E1C0E3E0B0E2..........  G0H1G2G3H0 G1 H2H3I0I1I2
  ................................  I3........ .. ..........
  ................................  .......... .. ..........
  ................................  .......... .. ..........
  ................................  .......... .. ..........
  ................................  .......... .. ..........
  ................................
  ................................
     A B12 (tbl_case_a_defense3_fixed_ack_delay1709$gw)
     B B13 (cond-53$gw)
     C H6 (tbl_session_0$gw)
     D H7 (tbl_synth_role_0)
     E W0 (tbl_case_a_defense3_fixed_ack_delay1715$gw)
     F W10 (tbl_synth_role_0, tbl_synth_role_0$gw)
     G W11 (tbl_session_0)
     H W14 (tbl_session_0)
     I W15 (tbl_session_0)
  hash select bits  Groups  hd  /- hash dist bits --- (Groups: -1 -1)
  AAAA ............  A0001  ... ................................................
  .... ............  .0000  ... ................................................
  .... ............  .0000  ... ................................................
  .... ............  .0000  ... ................................................
  .... ............  .0000  ... ................................................
  .... ............  .0000  ... ................................................
  .... ............  .0000  ... ................................................
  .... ............  .0000  ... ................................................
  .... ............         ... ................................................
  .... ............         ... ................................................
  .... ............         ... ................................................
  .... ............         ... ................................................
  .... ............         ... ................................................
  .... ............         ... ................................................
  .... ............         ... ................................................
  .... ............         ... ................................................
     A tbl_synth_role_0
  
  tc  sb  rb  tib ab  st  srams       mapram  ov  gw pay 2p
  J.  ..  ..  LG  ..  ..  L.........  ......  ..  FK  ..  .
  J.  ..  ..  IE  ..  ..  ..........  ......  ..  ND  ..  .
  J.  ..  ..  C.  ..  ..  ..........  ......  ..  ..  ..  .
  ..  ..  ..  ..  ..  ..  ..........  ......  ..  ..  ..  .
  ..  ..  ..  ..  ..  ..  ..........  ......  ..  ..  ..  .
  ..  ..  ..  ..  ..  ..  ..........  ......  ..  ..  ..  .
  ..  ..  ..  ..  ..  ..  ....BB....  BB....  ..  ..  ..  .
  ..  M.  ..  ..  ..  ..  MMM.MH....  ......  ..  A.  ..  .
  ..                                                      
  ..                                                      
  ..                                                      
  ..                                                      
     A cond-53$gw
     B tbl_case_a_defense3_fixed_ack_delay1705$stats.Ingress.ctr_fresh
     C tbl_case_a_defense3_fixed_ack_delay1705$tind
     D tbl_case_a_defense3_fixed_ack_delay1709$gw
     E tbl_case_a_defense3_fixed_ack_delay1709$tind
     F tbl_case_a_defense3_fixed_ack_delay1715$gw
     G tbl_case_a_defense3_fixed_ack_delay1715$tind
     H tbl_params_0$action_data
     I tbl_params_0$tind
     J tbl_session_0
     K tbl_session_0$gw
     L tbl_session_0$tind
     M tbl_synth_role_0
     N tbl_synth_role_0$gw
  
can't place tbl_case_a_defense3_fixed_ack_delay1740 in stage 0 : dependency on table tbl_session_0
can't place tbl_case_a_defense3_fixed_ack_delay1752 in stage 0 : dependency on table tbl_synth_role_0
Stage 1
  exact ixbar groups                  ternary ixbar groups
  A0E0B0D0G0G1C0..H0H1............  .......... .. ..........
  ................F0F1F2F3I0I1I2I3  .......... .. ..........
  ................J0J1J2J3........  .......... .. ..........
  ................J0J1J2J3........  .......... .. ..........
  ................................  .......... .. ..........
  ................................  .......... .. ..........
  ................................
  ................................
     A B10 (tbl_case_a_defense3_fixed_ack_delay1740$gw, tbl_case_a_defense3_fixed_ack_delay1743$gw, tbl_case_a_defense3_fixed_ack_delay1746$gw, tbl_case_a_defense3_fixed_ack_delay1752$gw, tbl_case_a_defense3_fixed_ack_delay1757$gw, tbl_case_a_defense3_fixed_ack_delay1764$gw, tbl_case_a_defense3_fixed_ack_delay2024$gw, tbl_case_a_defense3_fixed_ack_delay2029$gw)
     B B11 (tbl_case_a_defense3_fixed_ack_delay1743$gw, tbl_case_a_defense3_fixed_ack_delay1746$gw)
     C B13 (tbl_case_a_defense3_fixed_ack_delay2024$gw)
     D B14 (tbl_case_a_defense3_fixed_ack_delay1754$gw)
     E B15 (tbl_case_a_defense3_fixed_ack_delay1740$gw, tbl_case_a_defense3_fixed_ack_delay1743$gw, tbl_case_a_defense3_fixed_ack_delay1746$gw)
     F W0 (tbl_case_a_defense3_fixed_ack_delay1771$salu)
     G W12 (tbl_case_a_defense3_fixed_ack_delay1772$salu)
     H W13 (tbl_case_a_defense3_fixed_ack_delay1772$salu)
     I W36 (tbl_case_a_defense3_fixed_ack_delay1771$salu)
     J W5 (tbl_case_a_defense3_fixed_ack_delay2024$salu, tbl_case_a_defense3_fixed_ack_delay2029$salu)
  hash select bits  Groups  hd  /- hash dist bits --- (Groups: -1 -1)
  AAAA ............  A0003  ... ................................................
  AAAA ............  .0000  ... ................................................
  .... ............  .0000  ... ................................................
  .... ............  .0000  ... ................................................
  .... ............  .0000  ... ................................................
  .... ............  .0000  ... ................................................
  .... ............  .0000  ... ................................................
  .... ............  .0000  ... ................................................
  .... ............         ... ................................................
  .... ............         ... ................................................
  .... ............         ... ................................................
  .... ............         ... ................................................
  .... ............         ... ................................................
  .... ............         ... ................................................
  .... ............         ... ................................................
  .... ............         ... ................................................
     A tbl_case_a_defense3_fixed_ack_delay1772$salu
  
  tc  sb  rb  tib ab  st  srams       mapram  ov  gw pay 2p
  ..  ..  ..  ZR  ..  ..  ..........  ......  ..  XK  ..  .
  ..  ..  ..  TB  ..  ..  ....VV....  VV....  ..  OG  ..  .
  ..  ..  ..  AL  ..  ..  ..........  ......  ..  ME  ..  .
  ..  ..  ..  PH  ..  ..  ....SS....  SS....  ..  CI  ..  .
  ..  ..  ..  NF  ..  ..  ..........  ......  ..  U.  ..  .
  ..  ..  ..  DJ  ..  ..  ....QQ....  QQ....  ..  ..  ..  .
  ..  ..  ..  W.  ..  ..  ..........  ......  ..  ..  ..  .
  ..  ..  ..  ..  ..  ..  ....YY....  YY....  ..  ..  ..  .
  ..                                                      
  ..                                                      
  ..                                                      
  ..                                                      
     A tbl_build_exp_ack_0$tind
     B tbl_build_now_0$tind
     C tbl_case_a_defense3_fixed_ack_delay1740$gw
     D tbl_case_a_defense3_fixed_ack_delay1740$tind
     E tbl_case_a_defense3_fixed_ack_delay1743$gw
     F tbl_case_a_defense3_fixed_ack_delay1743$tind
     G tbl_case_a_defense3_fixed_ack_delay1746$gw
     H tbl_case_a_defense3_fixed_ack_delay1746$tind
     I tbl_case_a_defense3_fixed_ack_delay1752$gw
     J tbl_case_a_defense3_fixed_ack_delay1752$tind
     K tbl_case_a_defense3_fixed_ack_delay1754$gw
     L tbl_case_a_defense3_fixed_ack_delay1754$tind
     M tbl_case_a_defense3_fixed_ack_delay1757$gw
     N tbl_case_a_defense3_fixed_ack_delay1757$tind
     O tbl_case_a_defense3_fixed_ack_delay1764$gw
     P tbl_case_a_defense3_fixed_ack_delay1764$tind
     Q tbl_case_a_defense3_fixed_ack_delay1771$salu.Ingress.reg_exp_relay_seq
     R tbl_case_a_defense3_fixed_ack_delay1771$tind
     S tbl_case_a_defense3_fixed_ack_delay1772$salu.Ingress.reg_session_port
     T tbl_case_a_defense3_fixed_ack_delay1772$tind
     U tbl_case_a_defense3_fixed_ack_delay2024$gw
     V tbl_case_a_defense3_fixed_ack_delay2024$salu.Ingress.reg_ts_resp_release
     W tbl_case_a_defense3_fixed_ack_delay2024$tind
     X tbl_case_a_defense3_fixed_ack_delay2029$gw
     Y tbl_case_a_defense3_fixed_ack_delay2029$salu.Ingress.reg_ts_clone
     Z tbl_case_a_defense3_fixed_ack_delay2029$tind
  
can't place tbl_case_a_defense3_fixed_ack_delay1776 in stage 1 : dependency on table tbl_build_exp_ack_0
can't place tbl_case_a_defense3_fixed_ack_delay1774 in stage 1 : dependency on table tbl_build_exp_ack_0
can't place tbl_case_a_defense3_fixed_ack_delay1787 in stage 1 : dependency on table tbl_case_a_defense3_fixed_ack_delay1754
can't place tbl_build_cand_0 in stage 1 : dependency on table tbl_build_now_0
can't place tbl_case_a_defense3_fixed_ack_delay2021 in stage 1 : ran out of memories: too many meter alu users
Stage 2
  exact ixbar groups                  ternary ixbar groups
  E0F1............C0D0............  .......... .. ..........
  A0B0............H0H1H2H3G0G1G2G3  .......... .. ..........
  ................I0I1I2I3........  .......... .. ..........
  ................................  .......... .. ..........
  ................................  .......... .. ..........
  ................................  .......... .. ..........
  ................................
  ................................
     A B10 (tbl_case_a_defense3_fixed_ack_delay2021$gw)
     B B13 (tbl_case_a_defense3_fixed_ack_delay2021$gw)
     C B4 (tbl_case_a_defense3_fixed_ack_delay1792$salu)
     D B9 (tbl_case_a_defense3_fixed_ack_delay1792$salu)
     E H8 (tbl_case_a_defense3_fixed_ack_delay1774$gw, tbl_case_a_defense3_fixed_ack_delay1787$gw, tbl_case_a_defense3_fixed_ack_delay1790$gw)
     F H9 (tbl_case_a_defense3_fixed_ack_delay1790$gw)
     G W3 (tbl_case_a_defense3_fixed_ack_delay1776$salu)
     H W32 (tbl_case_a_defense3_fixed_ack_delay1776$salu)
     I W5 (tbl_case_a_defense3_fixed_ack_delay2021$salu)
  hash select bits  Groups  hd  /- hash dist bits --- (Groups: -1 -1)
  .... ............  .0000  ... ................................................
  .... ............  .0000  ... ................................................
  .... ............  .0000  ... ................................................
  .... ............  .0000  ... ................................................
  .... ............  .0000  ... ................................................
  .... ............  .0000  ... ................................................
  .... ............  .0000  ... ................................................
  .... ............  .0000  ... ................................................
  .... ............         ... ................................................
  .... ............         ... ................................................
  .... ............         ... ................................................
  .... ............         ... ................................................
  .... ............         ... ................................................
  .... ............         ... ................................................
  .... ............         ... ................................................
  .... ............         ... ................................................
  
  tc  sb  rb  tib ab  st  srams       mapram  ov  gw pay 2p
  ..  ..  ..  EC  ..  ..  ..........  ......  ..  BH  ..  .
  ..  ..  ..  KI  ..  ..  ..........  ......  ..  FL  ..  .
  ..  ..  ..  GA  ..  ..  ..........  ......  ..  ..  ..  .
  ..  ..  ..  N.  ..  ..  ....MM....  MM....  ..  ..  ..  .
  ..  ..  ..  ..  ..  ..  ..........  ......  ..  ..  ..  .
  ..  ..  ..  ..  ..  ..  ....JJ....  JJ....  ..  ..  ..  .
  ..  ..  ..  ..  ..  ..  ..........  ......  ..  ..  ..  .
  ..  ..  ..  ..  ..  ..  ....DD....  DD....  ..  ..  ..  .
  ..                                                      
  ..                                                      
  ..                                                      
  ..                                                      
     A tbl_build_cand_0$tind
     B tbl_case_a_defense3_fixed_ack_delay1774$gw
     C tbl_case_a_defense3_fixed_ack_delay1774$tind
     D tbl_case_a_defense3_fixed_ack_delay1776$salu.Ingress.reg_exp_ack
     E tbl_case_a_defense3_fixed_ack_delay1776$tind
     F tbl_case_a_defense3_fixed_ack_delay1787$gw
     G tbl_case_a_defense3_fixed_ack_delay1787$tind
     H tbl_case_a_defense3_fixed_ack_delay1790$gw
     I tbl_case_a_defense3_fixed_ack_delay1790$tind
     J tbl_case_a_defense3_fixed_ack_delay1792$salu.Ingress.reg_tag
     K tbl_case_a_defense3_fixed_ack_delay1792$tind
     L tbl_case_a_defense3_fixed_ack_delay2021$gw
     M tbl_case_a_defense3_fixed_ack_delay2021$salu.Ingress.reg_ts_ack_release
     N tbl_case_a_defense3_fixed_ack_delay2021$tind
  
can't place tbl_state_decode_0 in stage 2 : dependency on table tbl_case_a_defense3_fixed_ack_delay1776
can't place tbl_txn_active_0 in stage 2 : dependency on table tbl_case_a_defense3_fixed_ack_delay1790
Stage 3
  exact ixbar groups                  ternary ixbar groups
  A0..............................  C0C1F2F3B0 .. D2E3F0F1E2
  ................................  B1........ .. ..........
  ................................  .......... D3 ..........
  ................................  .......... .. ..........
  ................................  .......... .. ..........
  ................................  .......... .. ..........
  ................................
  ................................
     A B7 (tbl_txn_active_0$gw)
     B H10 (tbl_state_decode_0)
     C H8 (tbl_state_decode_0)
     D W12 (tbl_state_decode_0)
     E W13 (tbl_state_decode_0)
     F W37 (tbl_state_decode_0)
  hash select bits  Groups  hd  /- hash dist bits --- (Groups: -1 -1)
  .... ............  .0000  ... ................................................
  .... ............  .0000  ... ................................................
  .... ............  .0000  ... ................................................
  .... ............  .0000  ... ................................................
  .... ............  .0000  ... ................................................
  .... ............  .0000  ... ................................................
  .... ............  .0000  ... ................................................
  .... ............  .0000  ... ................................................
  .... ............         ... ................................................
  .... ............         ... ................................................
  .... ............         ... ................................................
  .... ............         ... ................................................
  .... ............         ... ................................................
  .... ............         ... ................................................
  .... ............         ... ................................................
  .... ............         ... ................................................
  
  tc  sb  rb  tib ab  st  srams       mapram  ov  gw pay 2p
  A.  C.  ..  B.  ..  ..  B.........  ......  ..  D.  D.  .
  A.  ..  ..  ..  ..  ..  ..........  ......  ..  ..  ..  .
  A.  ..  ..  ..  ..  ..  ..........  ......  ..  ..  ..  .
  ..  ..  ..  ..  ..  ..  ..........  ......  ..  ..  ..  .
  ..  ..  ..  ..  ..  ..  ..........  ......  ..  ..  ..  .
  ..  ..  ..  ..  ..  ..  ..........  ......  ..  ..  ..  .
  ..  ..  ..  ..  ..  ..  ..........  ......  ..  ..  ..  .
  ..  ..  ..  ..  ..  ..  ..........  ......  ..  ..  ..  .
  ..                                                      
  ..                                                      
  ..                                                      
  ..                                                      
     A tbl_state_decode_0
     B tbl_state_decode_0$tind
     C tbl_txn_active_0
     D tbl_txn_active_0$gw
  
can't place tbl_case_a_defense3_fixed_ack_delay1812 in stage 3 : dependency on table tbl_txn_active_0
can't place tbl_case_a_defense3_fixed_ack_delay1810 in stage 3 : dependency on table tbl_txn_active_0
can't place tbl_case_a_defense3_fixed_ack_delay1815 in stage 3 : dependency on table tbl_state_decode_0
can't place tbl_case_a_defense3_fixed_ack_delay2023 in stage 3 : dependency on table tbl_state_decode_0
Stage 4
  exact ixbar groups                  ternary ixbar groups
  C0..D0..........E0E1E2E3G0G1G2G3  .......... .. ..........
  ................A0B0............  .......... .. ..........
  ................F0F1F2F3........  .......... .. ..........
  ................................  .......... .. ..........
  ................................  .......... .. ..........
  ................................  .......... .. ..........
  ................................
  ................................
     A B7 (tbl_case_a_defense3_fixed_ack_delay1815$salu)
     B B9 (tbl_case_a_defense3_fixed_ack_delay1815$salu)
     C H7 (tbl_case_a_defense3_fixed_ack_delay1812$gw, tbl_case_a_defense3_fixed_ack_delay2023$gw)
     D H8 (tbl_case_a_defense3_fixed_ack_delay1815$gw)
     E W10 (tbl_case_a_defense3_fixed_ack_delay1810$salu)
     F W5 (tbl_case_a_defense3_fixed_ack_delay2023$salu)
     G W8 (tbl_case_a_defense3_fixed_ack_delay1810$salu)
  hash select bits  Groups  hd  /- hash dist bits --- (Groups: -1 -1)
  .... ............  .0000  ... ................................................
  .... ............  .0000  ... ................................................
  .... ............  .0000  ... ................................................
  .... ............  .0000  ... ................................................
  .... ............  .0000  ... ................................................
  .... ............  .0000  ... ................................................
  .... ............  .0000  ... ................................................
  .... ............  .0000  ... ................................................
  .... ............         ... ................................................
  .... ............         ... ................................................
  .... ............         ... ................................................
  .... ............         ... ................................................
  .... ............         ... ................................................
  .... ............         ... ................................................
  .... ............         ... ................................................
  .... ............         ... ................................................
  
  tc  sb  rb  tib ab  st  srams       mapram  ov  gw pay 2p
  ..  ..  ..  GB  ..  ..  ..........  ......  ..  EC  ..  .
  ..  ..  ..  DJ  ..  ..  ..........  ......  ..  H.  ..  .
  ..  ..  ..  ..  ..  ..  ..........  ......  ..  ..  ..  .
  ..  ..  ..  ..  ..  ..  ....II....  II....  ..  ..  ..  .
  ..  ..  ..  ..  ..  ..  ..........  ......  ..  ..  ..  .
  ..  ..  ..  ..  ..  ..  ....AA....  AA....  ..  ..  ..  .
  ..  ..  ..  ..  ..  ..  ..........  ......  ..  ..  ..  .
  ..  ..  ..  ..  ..  ..  ....FF....  FF....  ..  ..  ..  .
  ..                                                      
  ..                                                      
  ..                                                      
  ..                                                      
     A tbl_case_a_defense3_fixed_ack_delay1810$salu.Ingress.reg_deadline
     B tbl_case_a_defense3_fixed_ack_delay1810$tind
     C tbl_case_a_defense3_fixed_ack_delay1812$gw
     D tbl_case_a_defense3_fixed_ack_delay1812$tind
     E tbl_case_a_defense3_fixed_ack_delay1815$gw
     F tbl_case_a_defense3_fixed_ack_delay1815$salu.Ingress.reg_ack_rel
     G tbl_case_a_defense3_fixed_ack_delay1815$tind
     H tbl_case_a_defense3_fixed_ack_delay2023$gw
     I tbl_case_a_defense3_fixed_ack_delay2023$salu.Ingress.reg_ts_read
     J tbl_case_a_defense3_fixed_ack_delay2023$tind
  
can't place tbl_deadline_expiry_0 in stage 4 : dependency on table tbl_case_a_defense3_fixed_ack_delay1812
Stage 5
  exact ixbar groups                  ternary ixbar groups
  F0F1F2F3B0A0E0E1D0G1C0G3G0..G2..  .......... .. ..........
  ................................  .......... .. ..........
  ................................  .......... .. ..........
  ................................  .......... .. ..........
  ................................  .......... .. ..........
  ................................  .......... .. ..........
  ................................
  ................................
     A B10 (cond-68$gw, cond-81$gw, tbl_case_a_defense3_fixed_ack_delay1829$gw, tbl_case_a_defense3_fixed_ack_delay1942$gw)
     B B13 (cond-66$gw)
     C H7 (tbl_to_hold_0$gw)
     D H8 (cond-71$gw, cond-74$gw, tbl_case_a_defense3_fixed_ack_delay1922$gw)
     E H9 (tbl_to_block$gw, tbl_to_block_0$gw)
     F W2 (tbl_deadline_expiry_0$gw)
     G W7 (tbl_case_a_defense3_fixed_ack_delay1907$gw)
  hash select bits  Groups  hd  /- hash dist bits --- (Groups: -1 -1)
  .... ............  .0000  ... ................................................
  .... ............  .0000  ... ................................................
  .... ............  .0000  ... ................................................
  .... ............  .0000  ... ................................................
  .... ............  .0000  ... ................................................
  .... ............  .0000  ... ................................................
  .... ............  .0000  ... ................................................
  .... ............  .0000  ... ................................................
  .... ............         ... ................................................
  .... ............         ... ................................................
  .... ............         ... ................................................
  .... ............         ... ................................................
  .... ............         ... ................................................
  .... ............         ... ................................................
  .... ............         ... ................................................
  .... ............         ... ................................................
  
  tc  sb  rb  tib ab  st  srams       mapram  ov  gw pay 2p
  ..  R.  ..  .O  ..  ..  ..........  ......  ..  SN  S.  .
  ..  ..  ..  HJ  ..  ..  ..........  ......  ..  KX  ..  .
  ..  ..  ..  ML  ..  ..  ..........  ......  ..  DC  ..  .
  ..  ..  ..  YU  ..  ..  ..........  ......  ..  TV  ..  .
  ..  ..  ..  WG  ..  ..  ..........  ......  ..  BF  ..  .
  ..  ..  ..  Q.  ..  ..  ..........  ......  ..  EA  ..  .
  ..  ..  ..  ..  ..  ..  ....II....  II....  ..  P.  ..  .
  ..  ..  ..  ..  ..  ..  ..........  ......  ..  ..  ..  .
  ..                                                      
  ..                                                      
  ..                                                      
  ..                                                      
     A cond-66$gw
     B cond-68$gw
     C cond-71$gw
     D cond-74$gw
     E cond-81$gw
     F tbl_case_a_defense3_fixed_ack_delay1829$gw
     G tbl_case_a_defense3_fixed_ack_delay1829$tind
     H tbl_case_a_defense3_fixed_ack_delay1843$tind
     I tbl_case_a_defense3_fixed_ack_delay1850$stats.Ingress.ctr_fresh
     J tbl_case_a_defense3_fixed_ack_delay1850$tind
     K tbl_case_a_defense3_fixed_ack_delay1907$gw
     L tbl_case_a_defense3_fixed_ack_delay1907$tind
     M tbl_case_a_defense3_fixed_ack_delay1914$tind
     N tbl_case_a_defense3_fixed_ack_delay1922$gw
     O tbl_case_a_defense3_fixed_ack_delay1922$tind
     P tbl_case_a_defense3_fixed_ack_delay1942$gw
     Q tbl_case_a_defense3_fixed_ack_delay1942$tind
     R tbl_deadline_expiry_0
     S tbl_deadline_expiry_0$gw
     T tbl_to_block$gw
     U tbl_to_block$tind
     V tbl_to_block_0$gw
     W tbl_to_block_0$tind
     X tbl_to_hold_0$gw
     Y tbl_to_hold_0$tind
  
can't place tbl_case_a_defense3_fixed_ack_delay1962 in stage 5 : dependency on table tbl_deadline_expiry_0
can't place tbl_case_a_defense3_fixed_ack_delay1995 in stage 5 : ran out of memories: too many tables total
can't place tbl_case_a_defense3_fixed_ack_delay1856 in stage 5 : dependency on table tbl_deadline_expiry_0
can't place tbl_case_a_defense3_fixed_ack_delay1847 in stage 5 : dependency on table tbl_deadline_expiry_0
can't place tbl_case_a_defense3_fixed_ack_delay1888 in stage 5 : ran out of memories: too many tables total
can't place tbl_to_hold in stage 5 : ran out of memories: too many tables total
can't place tbl_case_a_defense3_fixed_ack_delay1898 in stage 5 : dependency on table tbl_deadline_expiry_0
can't place tbl_arm_clone in stage 5 : ran out of memories: too many tables total
can't place tbl_case_a_defense3_fixed_ack_delay1925 in stage 5 : ran out of memories: too many tables total
can't place tbl_case_a_defense3_fixed_ack_delay1946 in stage 5 : ran out of memories: too many tables total
Stage 6
  exact ixbar groups                  ternary ixbar groups
  C0A0B0..D0......................  .......... .. ..........
  ................................  .......... .. ..........
  ................................  .......... .. ..........
  ................................  .......... .. ..........
  ................................  .......... .. ..........
  ................................  .......... .. ..........
  ................................
  ................................
     A B11 (tbl_case_a_defense3_fixed_ack_delay1966$gw)
     B B14 (tbl_case_a_defense3_fixed_ack_delay1970$gw)
     C H7 (tbl_case_a_defense3_fixed_ack_delay1925$gw, tbl_case_a_defense3_fixed_ack_delay1927$gw, tbl_case_a_defense3_fixed_ack_delay1962$gw, tbl_to_hold$gw)
     D H9 (tbl_to_hold$gw)
  hash select bits  Groups  hd  /- hash dist bits --- (Groups: -1 -1)
  .... ............  .0000  ... ................................................
  .... ............  .0000  ... ................................................
  .... ............  .0000  ... ................................................
  .... ............  .0000  ... ................................................
  .... ............  .0000  ... ................................................
  .... ............  .0000  ... ................................................
  .... ............  .0000  ... ................................................
  .... ............  .0000  ... ................................................
  .... ............         ... ................................................
  .... ............         ... ................................................
  .... ............         ... ................................................
  .... ............         ... ................................................
  .... ............         ... ................................................
  .... ............         ... ................................................
  .... ............         ... ................................................
  .... ............         ... ................................................
  
  tc  sb  rb  tib ab  st  srams       mapram  ov  gw pay 2p
  ..  ..  ..  XK  ..  ..  ..........  ......  ..  WH  ..  .
  ..  ..  ..  IA  ..  ..  ..........  ......  ..  FQ  ..  .
  ..  ..  ..  GL  ..  ..  ..........  ......  ..  OM  ..  .
  ..  ..  ..  SV  ..  ..  ..........  ......  ..  ..  ..  .
  ..  ..  ..  UR  ..  ..  ....TT....  TT....  ..  ..  ..  .
  ..  ..  ..  PN  ..  ..  ..........  ......  ..  ..  ..  .
  ..  ..  ..  EC  ..  ..  ....JJ....  JJ....  ..  ..  ..  .
  ..  ..  ..  BD  ..  ..  ..........  ......  ..  ..  ..  .
  ..                                                      
  ..                                                      
  ..                                                      
  ..                                                      
     A tbl_arm_clone$tind
     B tbl_case_a_defense3_fixed_ack_delay1847$tind
     C tbl_case_a_defense3_fixed_ack_delay1856$tind
     D tbl_case_a_defense3_fixed_ack_delay1888$tind
     E tbl_case_a_defense3_fixed_ack_delay1898$tind
     F tbl_case_a_defense3_fixed_ack_delay1925$gw
     G tbl_case_a_defense3_fixed_ack_delay1925$tind
     H tbl_case_a_defense3_fixed_ack_delay1927$gw
     I tbl_case_a_defense3_fixed_ack_delay1927$tind
     J tbl_case_a_defense3_fixed_ack_delay1935$stats.Ingress.ctr_fresh
     K tbl_case_a_defense3_fixed_ack_delay1935$tind
     L tbl_case_a_defense3_fixed_ack_delay1946$tind
     M tbl_case_a_defense3_fixed_ack_delay1962$gw
     N tbl_case_a_defense3_fixed_ack_delay1962$tind
     O tbl_case_a_defense3_fixed_ack_delay1966$gw
     P tbl_case_a_defense3_fixed_ack_delay1966$tind
     Q tbl_case_a_defense3_fixed_ack_delay1970$gw
     R tbl_case_a_defense3_fixed_ack_delay1970$tind
     S tbl_case_a_defense3_fixed_ack_delay1975$tind
     T tbl_case_a_defense3_fixed_ack_delay1977$stats.Ingress.ctr_deq
     U tbl_case_a_defense3_fixed_ack_delay1977$tind
     V tbl_to_block_1$tind
     W tbl_to_hold$gw
     X tbl_to_hold$tind
  
can't place tbl_case_a_defense3_fixed_ack_delay1995 in stage 6 : ran out of memories: too many tables total
can't place tbl_case_a_defense3_fixed_ack_delay1881 in stage 6 : ran out of memories: too many tables total
can't place tbl_case_a_defense3_fixed_ack_delay1879 in stage 6 : ran out of memories: too many tables total
Stage 7
  exact ixbar groups                  ternary ixbar groups
  A0E1B0C0F0D1....G0G1G2G3........  .......... .. ..........
  ................G0G1G2G3........  .......... .. ..........
  ................G0G1G2G3........  .......... .. ..........
  ................G0G1G2G3........  .......... .. ..........
  ................................  .......... .. ..........
  ................................  .......... .. ..........
  ................................
  ................................
     A B10 (tbl_case_a_defense3_fixed_ack_delay1995$gw, tbl_case_a_defense3_fixed_ack_delay2005$gw)
     B B11 (tbl_case_a_defense3_fixed_ack_delay2006$gw)
     C B15 (tbl_case_a_defense3_fixed_ack_delay2027$gw)
     D H7 (tbl_case_a_defense3_fixed_ack_delay2019$gw)
     E H8 (tbl_case_a_defense3_fixed_ack_delay1879$gw)
     F W3 (tbl_case_a_defense3_fixed_ack_delay2020$gw, tbl_case_a_defense3_fixed_ack_delay2028$gw)
     G W5 (tbl_case_a_defense3_fixed_ack_delay2019$salu, tbl_case_a_defense3_fixed_ack_delay2020$salu, tbl_case_a_defense3_fixed_ack_delay2027$salu, tbl_case_a_defense3_fixed_ack_delay2028$salu)
  hash select bits  Groups  hd  /- hash dist bits --- (Groups: -1 -1)
  .... ............  .0000  ... ................................................
  .... ............  .0000  ... ................................................
  .... ............  .0000  ... ................................................
  .... ............  .0000  ... ................................................
  .... ............  .0000  ... ................................................
  .... ............  .0000  ... ................................................
  .... ............  .0000  ... ................................................
  .... ............  .0000  ... ................................................
  .... ............         ... ................................................
  .... ............         ... ................................................
  .... ............         ... ................................................
  .... ............         ... ................................................
  .... ............         ... ................................................
  .... ............         ... ................................................
  .... ............         ... ................................................
  .... ............         ... ................................................
  
  tc  sb  rb  tib ab  st  srams       mapram  ov  gw pay 2p
  ..  ..  ..  SV  ..  ..  ..........  ......  ..  QT  ..  .
  ..  ..  ..  YL  ..  ..  ....OO....  OO....  ..  WI  ..  .
  ..  ..  ..  JM  ..  ..  ..........  ......  ..  GE  ..  .
  ..  ..  ..  HF  ..  ..  ....XX....  XX....  ..  AN  ..  .
  ..  ..  ..  DB  ..  ..  ....CC....  CC....  ..  ..  ..  .
  ..  ..  ..  P.  ..  ..  ....UU....  UU....  ..  ..  ..  .
  ..  ..  ..  ..  ..  ..  ....KK....  KK....  ..  ..  ..  .
  ..  ..  ..  ..  ..  ..  ....RR....  RR....  ..  ..  ..  .
  ..                                                      
  ..                                                      
  ..                                                      
  ..                                                      
     A tbl_case_a_defense3_fixed_ack_delay1879$gw
     B tbl_case_a_defense3_fixed_ack_delay1879$tind
     C tbl_case_a_defense3_fixed_ack_delay1881$stats.Ingress.ctr_fresh
     D tbl_case_a_defense3_fixed_ack_delay1881$tind
     E tbl_case_a_defense3_fixed_ack_delay1995$gw
     F tbl_case_a_defense3_fixed_ack_delay1995$tind
     G tbl_case_a_defense3_fixed_ack_delay2005$gw
     H tbl_case_a_defense3_fixed_ack_delay2005$tind
     I tbl_case_a_defense3_fixed_ack_delay2006$gw
     J tbl_case_a_defense3_fixed_ack_delay2006$tind
     K tbl_case_a_defense3_fixed_ack_delay2007$stats.Ingress.ctr_deq
     L tbl_case_a_defense3_fixed_ack_delay2007$tind
     M tbl_case_a_defense3_fixed_ack_delay2010$tind
     N tbl_case_a_defense3_fixed_ack_delay2019$gw
     O tbl_case_a_defense3_fixed_ack_delay2019$salu.Ingress.reg_ts_ack_arm
     P tbl_case_a_defense3_fixed_ack_delay2019$tind
     Q tbl_case_a_defense3_fixed_ack_delay2020$gw
     R tbl_case_a_defense3_fixed_ack_delay2020$salu.Ingress.reg_ts_block_term
     S tbl_case_a_defense3_fixed_ack_delay2020$tind
     T tbl_case_a_defense3_fixed_ack_delay2027$gw
     U tbl_case_a_defense3_fixed_ack_delay2027$salu.Ingress.reg_ts_last_block
     V tbl_case_a_defense3_fixed_ack_delay2027$tind
     W tbl_case_a_defense3_fixed_ack_delay2028$gw
     X tbl_case_a_defense3_fixed_ack_delay2028$salu.Ingress.reg_ts_last_term
     Y tbl_case_a_defense3_fixed_ack_delay2028$tind
  
can't place tbl_case_a_defense3_fixed_ack_delay2018 in stage 7 : ran out of memories: too many meter alu users
Stage 8
  exact ixbar groups                  ternary ixbar groups
  A0..............B0B1B2B3........  .......... .. ..........
  ................................  .......... .. ..........
  ................................  .......... .. ..........
  ................................  .......... .. ..........
  ................................  .......... .. ..........
  ................................  .......... .. ..........
  ................................
  ................................
     A B15 (tbl_case_a_defense3_fixed_ack_delay2018$gw)
     B W5 (tbl_case_a_defense3_fixed_ack_delay2018$salu)
  hash select bits  Groups  hd  /- hash dist bits --- (Groups: -1 -1)
  .... ............  .0000  ... ................................................
  .... ............  .0000  ... ................................................
  .... ............  .0000  ... ................................................
  .... ............  .0000  ... ................................................
  .... ............  .0000  ... ................................................
  .... ............  .0000  ... ................................................
  .... ............  .0000  ... ................................................
  .... ............  .0000  ... ................................................
  .... ............         ... ................................................
  .... ............         ... ................................................
  .... ............         ... ................................................
  .... ............         ... ................................................
  .... ............         ... ................................................
  .... ............         ... ................................................
  .... ............         ... ................................................
  .... ............         ... ................................................
  
  tc  sb  rb  tib ab  st  srams       mapram  ov  gw pay 2p
  ..  ..  ..  C.  ..  ..  ..........  ......  ..  A.  ..  .
  ..  ..  ..  ..  ..  ..  ..........  ......  ..  ..  ..  .
  ..  ..  ..  ..  ..  ..  ..........  ......  ..  ..  ..  .
  ..  ..  ..  ..  ..  ..  ..........  ......  ..  ..  ..  .
  ..  ..  ..  ..  ..  ..  ..........  ......  ..  ..  ..  .
  ..  ..  ..  ..  ..  ..  ..........  ......  ..  ..  ..  .
  ..  ..  ..  ..  ..  ..  ..........  ......  ..  ..  ..  .
  ..  ..  ..  ..  ..  ..  ....BB....  BB....  ..  ..  ..  .
  ..                                                      
  ..                                                      
  ..                                                      
  ..                                                      
     A tbl_case_a_defense3_fixed_ack_delay2018$gw
     B tbl_case_a_defense3_fixed_ack_delay2018$salu.Ingress.reg_ts_first_block
     C tbl_case_a_defense3_fixed_ack_delay2018$tind
  
  - preferred tbl_case_a_defense3_fixed_ack_delay1843(direct control dependency difference) over 1 of tbl_case_a_defense3_fixed_ack_delay1888 in stage 5
  - preferred tbl_case_a_defense3_fixed_ack_delay1850(direct control dependency difference) over 1 of tbl_case_a_defense3_fixed_ack_delay1888 in stage 5
Table tbl_case_a_defense3_fixed_ack_delay1946 delayed to stage 6 from stage 5
  stage 5: dependency (CONTROL_COND_FALSE) on tbl_case_a_defense3_fixed_ack_delay1942 in stage 5
  - preferred tbl_case_a_defense3_fixed_ack_delay1942(default choice) over 1 of tbl_case_a_defense3_fixed_ack_delay1946 in stage 5
