{
  "artifact_sha256": {
    "bfrt.json": "919909001e7ab24055950c05291bd6d60b0ca0e7820952389a17254669d78a29",
    "manifest.json": "24800fe3c89daecc262870893ab2988cfeead29d2dce3b4d958d982d82c1694a",
    "p0/context.json": "22948d647a5a9306784683cc421dda57ab3eaf03e7b531d8458915c910222c1d",
    "p0/response_only.bfa": "1f3db72f26e06ce6f75bc738b0694175e659bd33f69e33cec0574fde510fcb5b",
    "p0/tofino.bin": "5fd105ee20c7201b8d96babb33beb0dfa99cf51e3e4b36cbed28b1ff0f971faf",
    "p1/context.json": "a66de7d40226f757dcd3dc581575c8127f2bdd86d1845ef56ce4a4da7e03d394",
    "p1/response_only.bfa": "72f7d5c2ce88669e7abf409a59ffb227e16726e0e907e0622ab91291d1994032",
    "p1/tofino.bin": "b7e5ca65280aa827b665955653cc3db7767217a45a22c4b99a3f1607a1c20996",
    "response_only.conf": "5e97f3f1a83bd94a09b64f8817b5082c6fca17826001574b268227c6b53dd52c"
  },
  "command": [
    "/home/philip/bf-sde-9.13.1/install/bin/bf-p4c",
    "--target",
    "tofino",
    "--arch",
    "tna",
    "-g",
    "-o",
    "/home/philip/Projects/DNP3/defense4/timing/case4_architecture/integration/evidence/route_ab_01/op_tag_composite_02/compile_local/out",
    "/home/philip/Projects/DNP3/defense4/timing/case4_architecture/integration/evidence/route_ab_01/op_tag_composite_02/compile_local/source/response_only.p4"
  ],
  "compile_log_sha256": "5d924cf74f0e60e91b3744f72810feb3153c528f2cc6d98001af78f0926cad09",
  "compiler": "p4c 9.13.1 (SHA: e558d01)",
  "compiler_path": "/home/philip/bf-sde-9.13.1/install/bin/bf-p4c",
  "compiler_sha256": "e75d059fb5bba9cdf2bdda9a8430e31a997077e27dd3f156e5de34e38339ff41",
  "elapsed_seconds": 55.225,
  "exit_code": 0,
  "full_target": false,
  "milestone": "primitive_compiled",
  "resources": {
    "critical_path": 11,
    "pipes": {
      "p0": {
        "critical_path": 11,
        "report_sha256": {
          "p0/logs/mau.resources.log": "7595a884a0a947becc108c9279f1f39832298e64479d1b4cb656af38b3938dd5",
          "p0/logs/phv.json": "15428d4363a4c525325246facdad30cef40103676aff34aa38fccda18929469d",
          "p0/logs/phv_allocation_0.log": "a5e3bdbb35a0507daf3216fc2f3524f6d749d6ea9dbb592a0f27728c20b0f7bb",
          "p0/logs/phv_allocation_3.log": "652ac0ce92bf81422d1f6e5c017dea0c05f0c5de2dbc5ac94f6b6902d2feeb36",
          "p0/logs/phv_allocation_history_0.log": "89efba96ee33c94a12cdb9165ca7b7d296c1441d0d179d87e3e4bd9d52304503",
          "p0/logs/phv_allocation_history_3.log": "e3dc2273c918499db3ca6fff410fff5aeea6c7d0980a36d98b0be9efe91faae0",
          "p0/logs/phv_allocation_summary_0.log": "a900c8154536f9a1314cdb8a63afde526446a219286239569e6d98a84ebf53d1",
          "p0/logs/phv_allocation_summary_3.log": "6d1f626a974827262219efa3fcabe30d239fbd448ecc09e94a00cb1150d9b157",
          "p0/logs/table_dependency_graph.log": "e6c4eb1592639810f54a0016c6fc7b1629cb3a55e50e6bab651c4a6acc5a7e44",
          "p0/logs/table_dependency_summary.log": "bfe5dab7869bd76b992c1e1cdc3c295464fd031d2dad0f1496b5033f615b6e14",
          "p0/logs/table_summary.log": "78a9a5e01b1f4f4825ba7296f79eca7a9979e6e9ff5ba378dbe97d5bc97d831a"
        },
        "stages": {
          "egress": 11,
          "ingress": 12
        },
        "stateful_tables": [
          {
            "direction": "egress",
            "name": "r_Egress.front",
            "size": 16
          },
          {
            "direction": "egress",
            "name": "r_Egress.acct",
            "size": 16
          },
          {
            "direction": "egress",
            "name": "r_Egress.mode",
            "size": 16
          },
          {
            "direction": "ingress",
            "name": "n_Ingress.counter",
            "size": 1
          },
          {
            "direction": "egress",
            "name": "r_Egress.img_start",
            "size": 16
          },
          {
            "direction": "egress",
            "name": "r_Egress.img_end",
            "size": 16
          },
          {
            "direction": "ingress",
            "name": "n_Ingress.work.work",
            "size": 1
          },
          {
            "direction": "ingress",
            "name": "n_Ingress.epoch",
            "size": 1
          },
          {
            "direction": "ingress",
            "name": "n_Ingress.server",
            "size": 1
          },
          {
            "direction": "ingress",
            "name": "n_Ingress.client",
            "size": 1
          },
          {
            "direction": "egress",
            "name": "r_Egress.img_wend",
            "size": 16
          },
          {
            "direction": "ingress",
            "name": "n_Ingress.read_app",
            "size": 1
          },
          {
            "direction": "ingress",
            "name": "n_Ingress.owner",
            "size": 1
          },
          {
            "direction": "ingress",
            "name": "n_Ingress.application",
            "size": 1
          },
          {
            "direction": "ingress",
            "name": "n_Ingress.pair_native_end_server_start",
            "size": 1
          },
          {
            "direction": "ingress",
            "name": "n_Ingress.pair_real_off_native_start",
            "size": 1
          },
          {
            "direction": "ingress",
            "name": "n_Ingress.pair_real_object_real_on",
            "size": 1
          },
          {
            "direction": "ingress",
            "name": "n_Ingress.pair_real_tcp_dst_real_tcp_ports",
            "size": 1
          },
          {
            "direction": "ingress",
            "name": "n_Ingress.pair_real_links_real_tcp_src",
            "size": 1
          },
          {
            "direction": "ingress",
            "name": "n_Ingress.count_busy",
            "size": 4
          },
          {
            "direction": "ingress",
            "name": "n_Ingress.count_first",
            "size": 4
          }
        ],
        "tables_by_type": {
          "action": 7,
          "condition": 70,
          "match": 105,
          "stateful": 21,
          "statistics": 1
        }
      },
      "p1": {
        "critical_path": 9,
        "report_sha256": {
          "p1/logs/mau.resources.log": "694a455e2dc52375863d207cb5c289d32b97c3c48a1e80fa3c386cdfa3934ff2",
          "p1/logs/phv.json": "72dd8a6c6ac90b4bd51c8467c8c115ae26ab609a3175e7a3afcb5450b537013a",
          "p1/logs/phv_allocation_5.log": "559587fa7b0a99175d9ad372f3ca935d43c55264e306ff96c5ee06bfd3174b5e",
          "p1/logs/phv_allocation_history_5.log": "b9198a4b6c3d9b9e6787c4ea93f9eb3ae12e0a8f9f0045b861e3366efd6e0f4d",
          "p1/logs/phv_allocation_summary_5.log": "8f6d2453722da32d3fc05b40caaba0476a18240fd44a9b0f9025a84e5ff14e93",
          "p1/logs/table_dependency_graph.log": "3f23b877a1356ddf4acb42a56fef6c50e521c702cb6685515eb43dbdace25188",
          "p1/logs/table_dependency_summary.log": "de28cf75c85a0fcd1b5a161e6d58da4abc1e519947623d1cb7acfaf7e305c34e",
          "p1/logs/table_summary.log": "bd9b2676f67606e06326098b3c1ac22e97cd4bbf9a05966330d64ece5e1f4deb"
        },
        "stages": {
          "egress": 0,
          "ingress": 11
        },
        "stateful_tables": [
          {
            "direction": "ingress",
            "name": "t_Ingress.quarantine_reg",
            "size": 1
          },
          {
            "direction": "ingress",
            "name": "t_Ingress.gen_alloc_reg",
            "size": 1
          },
          {
            "direction": "ingress",
            "name": "t_Ingress.t0_reg",
            "size": 1
          },
          {
            "direction": "ingress",
            "name": "t_Ingress.cur_epoch_reg",
            "size": 1
          },
          {
            "direction": "ingress",
            "name": "t_Ingress.op_gen_alloc_reg",
            "size": 1
          },
          {
            "direction": "ingress",
            "name": "t_Ingress.op_t0_reg",
            "size": 1
          },
          {
            "direction": "ingress",
            "name": "t_Ingress.child_seen2_reg",
            "size": 1
          },
          {
            "direction": "ingress",
            "name": "t_Ingress.child_seen1_reg",
            "size": 1
          },
          {
            "direction": "ingress",
            "name": "t_Ingress.child_seen0_reg",
            "size": 1
          },
          {
            "direction": "ingress",
            "name": "t_Ingress.ack_done_reg",
            "size": 1
          },
          {
            "direction": "ingress",
            "name": "t_Ingress.ack_commit_gen_reg",
            "size": 1
          },
          {
            "direction": "ingress",
            "name": "t_Ingress.ack_commit_at_reg",
            "size": 1
          },
          {
            "direction": "ingress",
            "name": "t_Ingress.op_done_reg",
            "size": 1
          },
          {
            "direction": "ingress",
            "name": "t_Ingress.resp_done_reg",
            "size": 1
          },
          {
            "direction": "ingress",
            "name": "t_Ingress.outcomes",
            "size": 16
          }
        ],
        "tables_by_type": {
          "action": 4,
          "condition": 21,
          "match": 54,
          "stateful": 15
        }
      }
    },
    "report_sha256": {
      "p0/logs/mau.resources.log": "7595a884a0a947becc108c9279f1f39832298e64479d1b4cb656af38b3938dd5",
      "p0/logs/phv.json": "15428d4363a4c525325246facdad30cef40103676aff34aa38fccda18929469d",
      "p0/logs/phv_allocation_0.log": "a5e3bdbb35a0507daf3216fc2f3524f6d749d6ea9dbb592a0f27728c20b0f7bb",
      "p0/logs/phv_allocation_3.log": "652ac0ce92bf81422d1f6e5c017dea0c05f0c5de2dbc5ac94f6b6902d2feeb36",
      "p0/logs/phv_allocation_history_0.log": "89efba96ee33c94a12cdb9165ca7b7d296c1441d0d179d87e3e4bd9d52304503",
      "p0/logs/phv_allocation_history_3.log": "e3dc2273c918499db3ca6fff410fff5aeea6c7d0980a36d98b0be9efe91faae0",
      "p0/logs/phv_allocation_summary_0.log": "a900c8154536f9a1314cdb8a63afde526446a219286239569e6d98a84ebf53d1",
      "p0/logs/phv_allocation_summary_3.log": "6d1f626a974827262219efa3fcabe30d239fbd448ecc09e94a00cb1150d9b157",
      "p0/logs/table_dependency_graph.log": "e6c4eb1592639810f54a0016c6fc7b1629cb3a55e50e6bab651c4a6acc5a7e44",
      "p0/logs/table_dependency_summary.log": "bfe5dab7869bd76b992c1e1cdc3c295464fd031d2dad0f1496b5033f615b6e14",
      "p0/logs/table_summary.log": "78a9a5e01b1f4f4825ba7296f79eca7a9979e6e9ff5ba378dbe97d5bc97d831a",
      "p1/logs/mau.resources.log": "694a455e2dc52375863d207cb5c289d32b97c3c48a1e80fa3c386cdfa3934ff2",
      "p1/logs/phv.json": "72dd8a6c6ac90b4bd51c8467c8c115ae26ab609a3175e7a3afcb5450b537013a",
      "p1/logs/phv_allocation_5.log": "559587fa7b0a99175d9ad372f3ca935d43c55264e306ff96c5ee06bfd3174b5e",
      "p1/logs/phv_allocation_history_5.log": "b9198a4b6c3d9b9e6787c4ea93f9eb3ae12e0a8f9f0045b861e3366efd6e0f4d",
      "p1/logs/phv_allocation_summary_5.log": "8f6d2453722da32d3fc05b40caaba0476a18240fd44a9b0f9025a84e5ff14e93",
      "p1/logs/table_dependency_graph.log": "3f23b877a1356ddf4acb42a56fef6c50e521c702cb6685515eb43dbdace25188",
      "p1/logs/table_dependency_summary.log": "de28cf75c85a0fcd1b5a161e6d58da4abc1e519947623d1cb7acfaf7e305c34e",
      "p1/logs/table_summary.log": "bd9b2676f67606e06326098b3c1ac22e97cd4bbf9a05966330d64ece5e1f4deb"
    },
    "stages": {
      "egress": 11,
      "ingress": 12
    },
    "stateful_tables": [
      {
        "direction": "egress",
        "name": "r_Egress.front",
        "pipeline": "p0",
        "size": 16
      },
      {
        "direction": "egress",
        "name": "r_Egress.acct",
        "pipeline": "p0",
        "size": 16
      },
      {
        "direction": "egress",
        "name": "r_Egress.mode",
        "pipeline": "p0",
        "size": 16
      },
      {
        "direction": "ingress",
        "name": "n_Ingress.counter",
        "pipeline": "p0",
        "size": 1
      },
      {
        "direction": "egress",
        "name": "r_Egress.img_start",
        "pipeline": "p0",
        "size": 16
      },
      {
        "direction": "egress",
        "name": "r_Egress.img_end",
        "pipeline": "p0",
        "size": 16
      },
      {
        "direction": "ingress",
        "name": "n_Ingress.work.work",
        "pipeline": "p0",
        "size": 1
      },
      {
        "direction": "ingress",
        "name": "n_Ingress.epoch",
        "pipeline": "p0",
        "size": 1
      },
      {
        "direction": "ingress",
        "name": "n_Ingress.server",
        "pipeline": "p0",
        "size": 1
      },
      {
        "direction": "ingress",
        "name": "n_Ingress.client",
        "pipeline": "p0",
        "size": 1
      },
      {
        "direction": "egress",
        "name": "r_Egress.img_wend",
        "pipeline": "p0",
        "size": 16
      },
      {
        "direction": "ingress",
        "name": "n_Ingress.read_app",
        "pipeline": "p0",
        "size": 1
      },
      {
        "direction": "ingress",
        "name": "n_Ingress.owner",
        "pipeline": "p0",
        "size": 1
      },
      {
        "direction": "ingress",
        "name": "n_Ingress.application",
        "pipeline": "p0",
        "size": 1
      },
      {
        "direction": "ingress",
        "name": "n_Ingress.pair_native_end_server_start",
        "pipeline": "p0",
        "size": 1
      },
      {
        "direction": "ingress",
        "name": "n_Ingress.pair_real_off_native_start",
        "pipeline": "p0",
        "size": 1
      },
      {
        "direction": "ingress",
        "name": "n_Ingress.pair_real_object_real_on",
        "pipeline": "p0",
        "size": 1
      },
      {
        "direction": "ingress",
        "name": "n_Ingress.pair_real_tcp_dst_real_tcp_ports",
        "pipeline": "p0",
        "size": 1
      },
      {
        "direction": "ingress",
        "name": "n_Ingress.pair_real_links_real_tcp_src",
        "pipeline": "p0",
        "size": 1
      },
      {
        "direction": "ingress",
        "name": "n_Ingress.count_busy",
        "pipeline": "p0",
        "size": 4
      },
      {
        "direction": "ingress",
        "name": "n_Ingress.count_first",
        "pipeline": "p0",
        "size": 4
      },
      {
        "direction": "ingress",
        "name": "t_Ingress.quarantine_reg",
        "pipeline": "p1",
        "size": 1
      },
      {
        "direction": "ingress",
        "name": "t_Ingress.gen_alloc_reg",
        "pipeline": "p1",
        "size": 1
      },
      {
        "direction": "ingress",
        "name": "t_Ingress.t0_reg",
        "pipeline": "p1",
        "size": 1
      },
      {
        "direction": "ingress",
        "name": "t_Ingress.cur_epoch_reg",
        "pipeline": "p1",
        "size": 1
      },
      {
        "direction": "ingress",
        "name": "t_Ingress.op_gen_alloc_reg",
        "pipeline": "p1",
        "size": 1
      },
      {
        "direction": "ingress",
        "name": "t_Ingress.op_t0_reg",
        "pipeline": "p1",
        "size": 1
      },
      {
        "direction": "ingress",
        "name": "t_Ingress.child_seen2_reg",
        "pipeline": "p1",
        "size": 1
      },
      {
        "direction": "ingress",
        "name": "t_Ingress.child_seen1_reg",
        "pipeline": "p1",
        "size": 1
      },
      {
        "direction": "ingress",
        "name": "t_Ingress.child_seen0_reg",
        "pipeline": "p1",
        "size": 1
      },
      {
        "direction": "ingress",
        "name": "t_Ingress.ack_done_reg",
        "pipeline": "p1",
        "size": 1
      },
      {
        "direction": "ingress",
        "name": "t_Ingress.ack_commit_gen_reg",
        "pipeline": "p1",
        "size": 1
      },
      {
        "direction": "ingress",
        "name": "t_Ingress.ack_commit_at_reg",
        "pipeline": "p1",
        "size": 1
      },
      {
        "direction": "ingress",
        "name": "t_Ingress.op_done_reg",
        "pipeline": "p1",
        "size": 1
      },
      {
        "direction": "ingress",
        "name": "t_Ingress.resp_done_reg",
        "pipeline": "p1",
        "size": 1
      },
      {
        "direction": "ingress",
        "name": "t_Ingress.outcomes",
        "pipeline": "p1",
        "size": 16
      }
    ],
    "tables_by_type": {
      "action": 11,
      "condition": 91,
      "match": 159,
      "stateful": 36,
      "statistics": 1
    }
  },
  "source": "/home/philip/Projects/DNP3/defense4/timing/case4_architecture/integration/evidence/route_ab_01/op_tag_composite_02/source/response_only.p4",
  "source_files": {
    "response_only.p4": "4c0abde9b19f2417768fe0b9ee1ea0e43ecf0b35220a79bdefc70efb86e85e23"
  },
  "source_sha256": "4c0abde9b19f2417768fe0b9ee1ea0e43ecf0b35220a79bdefc70efb86e85e23",
  "timeout_seconds": 600
}
