/home/philip/Projects/DNP3/defense4/timing/case4_architecture/integration/evidence/pipe_split_01/source/pipe_split.p4(128): [--Wwarn=unused] warning: Table crc_gate is not used; removing
 table crc_gate{key={m.badh:exact;m.badb:exact;m.badt:exact;}actions={NoAction;}size=1;const default_action=NoAction();}
       ^^^^^^^^
/home/philip/Projects/DNP3/defense4/timing/case4_architecture/integration/evidence/pipe_split_01/source/pipe_split.p4(254): [--Wwarn=unused] warning: Table left1 is not used; removing
table left1{key={m.direction:exact;m.valid:ternary;m.ao1:ternary;}actions={left1_shift;NoAction;left1_clamp;}size=128;const default_action=NoAction();const entries={
      ^^^^^
/home/philip/Projects/DNP3/defense4/timing/case4_architecture/integration/evidence/pipe_split_01/source/pipe_split.p4(291): [--Wwarn=unused] warning: Table left2 is not used; removing
table left2{key={m.direction:exact;m.valid:ternary;m.ao2:ternary;}actions={left2_shift;NoAction;left2_clamp;}size=128;const default_action=NoAction();const entries={
      ^^^^^
/home/philip/Projects/DNP3/defense4/timing/case4_architecture/integration/evidence/pipe_split_01/source/pipe_split.p4(328): [--Wwarn=unused] warning: Table right1 is not used; removing
table right1{key={m.direction:exact;m.valid:ternary;m.ro1:ternary;}actions={right1_shift;NoAction;right1_clamp;}size=128;const default_action=NoAction();const entries={
      ^^^^^^
/home/philip/Projects/DNP3/defense4/timing/case4_architecture/integration/evidence/pipe_split_01/source/pipe_split.p4(365): [--Wwarn=unused] warning: Table right2 is not used; removing
table right2{key={m.direction:exact;m.valid:ternary;m.ro2:ternary;}actions={right2_shift;NoAction;right2_clamp;}size=128;const default_action=NoAction();const entries={
      ^^^^^^
/home/philip/Projects/DNP3/defense4/timing/case4_architecture/integration/evidence/pipe_split_01/source/pipe_split.p4(401): [--Wwarn=unused] warning: Table difference_t is not used; removing
 table difference_t{actions={difference;}size=1;const default_action=difference();}
       ^^^^^^^^^^^^
/home/philip/Projects/DNP3/defense4/timing/case4_architecture/integration/evidence/pipe_split_01/source/pipe_split.p4(403): [--Wwarn=unused] warning: Table growth_t is not used; removing
 table growth_t{actions={growth;}size=1;const default_action=growth();}
       ^^^^^^^^
/home/philip/Projects/DNP3/defense4/timing/case4_architecture/integration/evidence/pipe_split_01/source/pipe_split.p4(404): [--Wwarn=unused] warning: Table window_guard is not used; removing
 table window_guard{key={m.growth:ternary;}actions={deny;NoAction;}size=32;const default_action=NoAction();const entries={
       ^^^^^^^^^^^^
/home/philip/Projects/DNP3/defense4/timing/case4_architecture/integration/evidence/pipe_split_01/source/pipe_split.p4(438): [--Wwarn=unused] warning: Table window_narrow_t is not used; removing
 table window_narrow_t{actions={window_narrow;}size=1;const default_action=window_narrow();}
       ^^^^^^^^^^^^^^^
/home/philip/Projects/DNP3/defense4/timing/case4_architecture/integration/evidence/pipe_split_01/source/pipe_split.p4(440): [--Wwarn=unused] warning: Table complete_t is not used; removing
 table complete_t{actions={complete;}size=1;const default_action=complete();}
       ^^^^^^^^^^
/home/philip/Projects/DNP3/defense4/timing/case4_architecture/integration/evidence/pipe_split_01/source/pipe_split.p4(502): [--Wwarn=unused] warning: Table seq1 is not used; removing
table seq1{key={m.direction:exact;m.valid:ternary;m.so1:ternary;}actions={seq1_shift;NoAction;}size=128;const default_action=NoAction();const entries={
      ^^^^
/home/philip/Projects/DNP3/defense4/timing/case4_architecture/integration/evidence/pipe_split_01/source/pipe_split.p4(534): [--Wwarn=unused] warning: Table seq2 is not used; removing
table seq2{key={m.direction:exact;m.valid:ternary;m.so2:ternary;}actions={seq2_shift;NoAction;}size=128;const default_action=NoAction();const entries={
      ^^^^
/home/philip/Projects/DNP3/defense4/timing/case4_architecture/integration/evidence/pipe_split_01/source/pipe_split.p4(828): [--Wwarn=unused] warning: Table last_slice_t is not used; removing
table last_slice_t{actions={last_slice;}size=1;const default_action=last_slice();}
      ^^^^^^^^^^^^
/home/philip/Projects/DNP3/defense4/timing/case4_architecture/integration/evidence/pipe_split_01/source/pipe_split.p4(830): [--Wwarn=unused] warning: Table complete_t is not used; removing
table complete_t{actions={complete;}size=1;const default_action=complete();}
      ^^^^^^^^^^
/home/philip/Projects/DNP3/defense4/timing/case4_architecture/integration/evidence/pipe_split_01/source/pipe_split.p4(16): [--Wwarn=uninitialized_out_param] warning: out parameter 'm' may be uninitialized when 'authority_padding_IgParser' terminates
parser authority_padding_IgParser(packet_in pkt,out authority_padding_headers_t hdr,out authority_padding_meta_t m){Checksum() ic;Checksum() tc;
                                                                                                                 ^
/home/philip/Projects/DNP3/defense4/timing/case4_architecture/integration/evidence/pipe_split_01/source/pipe_split.p4(16)
parser authority_padding_IgParser(packet_in pkt,out authority_padding_headers_t hdr,out authority_padding_meta_t m){Checksum() ic;Checksum() tc;
       ^^^^^^^^^^^^^^^^^^^^^^^^^^
/home/philip/Projects/DNP3/defense4/timing/case4_architecture/integration/evidence/pipe_split_01/source/pipe_split.p4(147): [--Wwarn=uninitialized_out_param] warning: out parameter 'm' may be uninitialized when 'authority_forward_IgParser' terminates
parser authority_forward_IgParser(packet_in pkt,out authority_forward_headers_t hdr,out authority_forward_meta_t m){
                                                                                                                 ^
/home/philip/Projects/DNP3/defense4/timing/case4_architecture/integration/evidence/pipe_split_01/source/pipe_split.p4(147)
parser authority_forward_IgParser(packet_in pkt,out authority_forward_headers_t hdr,out authority_forward_meta_t m){
       ^^^^^^^^^^^^^^^^^^^^^^^^^^
/home/philip/Projects/DNP3/defense4/timing/case4_architecture/integration/evidence/pipe_split_01/source/pipe_split.p4(460): [--Wwarn=uninitialized_out_param] warning: out parameter 'm' may be uninitialized when 'authority_reverse_IgParser' terminates
parser authority_reverse_IgParser(packet_in pkt,out authority_reverse_headers_t hdr,out authority_reverse_meta_t m){
                                                                                                                 ^
/home/philip/Projects/DNP3/defense4/timing/case4_architecture/integration/evidence/pipe_split_01/source/pipe_split.p4(460)
parser authority_reverse_IgParser(packet_in pkt,out authority_reverse_headers_t hdr,out authority_reverse_meta_t m){
       ^^^^^^^^^^^^^^^^^^^^^^^^^^
/home/philip/Projects/DNP3/defense4/timing/case4_architecture/integration/evidence/pipe_split_01/source/pipe_split.p4(771): [--Wwarn=uninitialized_out_param] warning: out parameter 'm' may be uninitialized when 'authority_replay_IgParser' terminates
parser authority_replay_IgParser(packet_in pkt,out authority_replay_headers_t hdr,out authority_replay_meta_t m){Checksum() ic;Checksum() tc;
                                                                                                              ^
/home/philip/Projects/DNP3/defense4/timing/case4_architecture/integration/evidence/pipe_split_01/source/pipe_split.p4(771)
parser authority_replay_IgParser(packet_in pkt,out authority_replay_headers_t hdr,out authority_replay_meta_t m){Checksum() ic;Checksum() tc;
       ^^^^^^^^^^^^^^^^^^^^^^^^^
/home/philip/Projects/DNP3/defense4/timing/case4_architecture/integration/evidence/pipe_split_01/source/pipe_split.p4(927): [--Wwarn=uninitialized_out_param] warning: out parameter 'm' may be uninitialized when 'authority_IgParser' terminates
parser authority_IgParser(packet_in pkt,out authority_headers_t hdr,out authority_meta_t m,out ingress_intrinsic_metadata_t ig){
                                                                                         ^
/home/philip/Projects/DNP3/defense4/timing/case4_architecture/integration/evidence/pipe_split_01/source/pipe_split.p4(927)
parser authority_IgParser(packet_in pkt,out authority_headers_t hdr,out authority_meta_t m,out ingress_intrinsic_metadata_t ig){
       ^^^^^^^^^^^^^^^^^^
/home/philip/Projects/DNP3/defense4/timing/case4_architecture/integration/evidence/pipe_split_01/source/pipe_split.p4(967): [--Wwarn=uninitialized_out_param] warning: out parameter 'm' may be uninitialized when 'authority_EgParser' terminates
parser authority_EgParser(packet_in pkt,out authority_headers_t hdr,out authority_meta_t m,out egress_intrinsic_metadata_t eg){state start{pkt.extract(eg);transition accept;}}
                                                                                         ^
/home/philip/Projects/DNP3/defense4/timing/case4_architecture/integration/evidence/pipe_split_01/source/pipe_split.p4(967)
parser authority_EgParser(packet_in pkt,out authority_headers_t hdr,out authority_meta_t m,out egress_intrinsic_metadata_t eg){state start{pkt.extract(eg);transition accept;}}
       ^^^^^^^^^^^^^^^^^^
/home/philip/Projects/DNP3/defense4/timing/case4_architecture/integration/evidence/pipe_split_01/source/pipe_split.p4(980): [--Wwarn=uninitialized_out_param] warning: out parameter 'm' may be uninitialized when 'renderer_carving_IgParser' terminates
parser renderer_carving_IgParser(packet_in pkt,out renderer_carving_headers_t hdr,out renderer_carving_meta_t m){Checksum() ic;Checksum() tc;
                                                                                                              ^
/home/philip/Projects/DNP3/defense4/timing/case4_architecture/integration/evidence/pipe_split_01/source/pipe_split.p4(980)
parser renderer_carving_IgParser(packet_in pkt,out renderer_carving_headers_t hdr,out renderer_carving_meta_t m){Checksum() ic;Checksum() tc;
       ^^^^^^^^^^^^^^^^^^^^^^^^^
/home/philip/Projects/DNP3/defense4/timing/case4_architecture/integration/evidence/pipe_split_01/source/pipe_split.p4(1016): [--Wwarn=uninitialized_out_param] warning: out parameter 'm' may be uninitialized when 'renderer_carving_EgParser' terminates
parser renderer_carving_EgParser(packet_in pkt,out renderer_carving_headers_t hdr,out renderer_carving_meta_t m){state start{m.changed=1w0;transition eth;}state eth{pkt.extract(hdr.eth);transition select(hdr.eth.type){16w0x0800:ip;default:accept;}}state ip{pkt.extract(hdr.ip);transition select(hdr.ip.version,hdr.ip.ihl,hdr.ip.proto,hdr.ip.len){(4w4,4w5,8w6,16w97):tcp;default:accept;}}state tcp{pkt.extract(hdr.tcp);transition dl;}state dl{pkt.extract(hdr.dl);transition first;}state first{pkt.extract(hdr.first);transition second;}state second{pkt.extract(hdr.second);transition tail;}state tail{pkt.extract(hdr.tail);transition accept;}}
                                                                                                              ^
/home/philip/Projects/DNP3/defense4/timing/case4_architecture/integration/evidence/pipe_split_01/source/pipe_split.p4(1016)
parser renderer_carving_EgParser(packet_in pkt,out renderer_carving_headers_t hdr,out renderer_carving_meta_t m){state start{m.changed=1w0;transition eth;}state eth{pkt.extract(hdr.eth);transition select(hdr.eth.type){16w0x0800:ip;default:accept;}}state ip{pkt.extract(hdr.ip);transition select(hdr.ip.version,hdr.ip.ihl,hdr.ip.proto,hdr.ip.len){(4w4,4w5,8w6,16w97):tcp;default:accept;}}state tcp{pkt.extract(hdr.tcp);transition dl;}state dl{pkt.extract(hdr.dl);transition first;}state first{pkt.extract(hdr.first);transition second;}state second{pkt.extract(hdr.second);transition tail;}state tail{pkt.extract(hdr.tail);transition accept;}}
       ^^^^^^^^^^^^^^^^^^^^^^^^^
/home/philip/Projects/DNP3/defense4/timing/case4_architecture/integration/evidence/pipe_split_01/source/pipe_split.p4(1027): [--Wwarn=uninitialized_out_param] warning: out parameter 'm' may be uninitialized when 'renderer_IgParser' terminates
parser renderer_IgParser(packet_in pkt,out renderer_headers_t hdr,out renderer_meta_t m,out ingress_intrinsic_metadata_t ig){
                                                                                      ^
/home/philip/Projects/DNP3/defense4/timing/case4_architecture/integration/evidence/pipe_split_01/source/pipe_split.p4(1027)
parser renderer_IgParser(packet_in pkt,out renderer_headers_t hdr,out renderer_meta_t m,out ingress_intrinsic_metadata_t ig){
       ^^^^^^^^^^^^^^^^^
/home/philip/Projects/DNP3/defense4/timing/case4_architecture/integration/evidence/pipe_split_01/source/pipe_split.p4(1045): [--Wwarn=uninitialized_out_param] warning: out parameter 'm' may be uninitialized when 'renderer_EgParser' terminates
parser renderer_EgParser(packet_in pkt,out renderer_headers_t hdr,out renderer_meta_t m,out egress_intrinsic_metadata_t eg){
                                                                                      ^
/home/philip/Projects/DNP3/defense4/timing/case4_architecture/integration/evidence/pipe_split_01/source/pipe_split.p4(1045)
parser renderer_EgParser(packet_in pkt,out renderer_headers_t hdr,out renderer_meta_t m,out egress_intrinsic_metadata_t eg){
       ^^^^^^^^^^^^^^^^^
warning: checksum.get() will deprecate in future versions. Please use void subtract_all_and_deposit(bit<16>) instead
warning: checksum.get() will deprecate in future versions. Please use void subtract_all_and_deposit(bit<16>) instead
warning: checksum.get() will deprecate in future versions. Please use void subtract_all_and_deposit(bit<16>) instead
warning: checksum.get() will deprecate in future versions. Please use void subtract_all_and_deposit(bit<16>) instead
warning: Parser state min_parse_depth_accept_loop will be unrolled up to 4 times due to @pragma max_loop_depth.
warning: checksum.get() will deprecate in future versions. Please use void subtract_all_and_deposit(bit<16>) instead
warning: Parser state min_parse_depth_accept_loop will be unrolled up to 3 times due to @pragma max_loop_depth.
warning: checksum.get() will deprecate in future versions. Please use void subtract_all_and_deposit(bit<16>) instead
warning: checksum.get() will deprecate in future versions. Please use void subtract_all_and_deposit(bit<16>) instead
warning: checksum.get() will deprecate in future versions. Please use void subtract_all_and_deposit(bit<16>) instead
warning: checksum.get() will deprecate in future versions. Please use void subtract_all_and_deposit(bit<16>) instead
warning: Parser state min_parse_depth_accept_loop will be unrolled up to 4 times due to @pragma max_loop_depth.
warning: checksum.get() will deprecate in future versions. Please use void subtract_all_and_deposit(bit<16>) instead
warning: Parser state min_parse_depth_accept_loop will be unrolled up to 3 times due to @pragma max_loop_depth.
/home/philip/Projects/DNP3/defense4/timing/case4_architecture/integration/evidence/pipe_split_01/source/pipe_split.p4(119): warning: ingress::m.padding.badt is read in table authority_Ingress.padding.construct_t, but it is totally or partially uninitialized after being corrupted by a parser extraction to the same container(s)
 table construct_t{actions={construct;}size=1;const default_action=construct();}
       ^^^^^^^^^^^
/home/philip/Projects/DNP3/defense4/timing/case4_architecture/integration/evidence/pipe_split_01/source/pipe_split.p4(117): warning: ingress::m.padding.enabled is read in table authority_Ingress.padding.input_tail_t, but it is totally or partially uninitialized after being corrupted by a parser extraction to the same container(s)
table input_tail_t{actions={input_tail;}size=1;const default_action=input_tail();}
      ^^^^^^^^^^^^
[--Wwarn=invalid] warning: "hdr.forward.tcp.seq": No matching PHV field in the pipe `renderer_pipe'. Ignoring pragma.
[--Wwarn=invalid] warning: "hdr.forward.tcp.ack": No matching PHV field in the pipe `renderer_pipe'. Ignoring pragma.
[--Wwarn=invalid] warning: "m.forward.first": No matching PHV field in the pipe `renderer_pipe'. Ignoring pragma.
[--Wwarn=invalid] warning: "m.forward.second": No matching PHV field in the pipe `renderer_pipe'. Ignoring pragma.
[--Wwarn=invalid] warning: "m.forward.right": No matching PHV field in the pipe `renderer_pipe'. Ignoring pragma.
[--Wwarn=invalid] warning: "m.forward.left": No matching PHV field in the pipe `renderer_pipe'. Ignoring pragma.
[--Wwarn=invalid] warning: "m.forward.native_right": No matching PHV field in the pipe `renderer_pipe'. Ignoring pragma.
[--Wwarn=invalid] warning: "m.forward.so1": No matching PHV field in the pipe `renderer_pipe'. Ignoring pragma.
[--Wwarn=invalid] warning: "m.forward.so2": No matching PHV field in the pipe `renderer_pipe'. Ignoring pragma.
[--Wwarn=invalid] warning: "m.forward.ao1": No matching PHV field in the pipe `renderer_pipe'. Ignoring pragma.
[--Wwarn=invalid] warning: "m.forward.ao2": No matching PHV field in the pipe `renderer_pipe'. Ignoring pragma.
[--Wwarn=invalid] warning: "m.forward.ro1": No matching PHV field in the pipe `renderer_pipe'. Ignoring pragma.
[--Wwarn=invalid] warning: "m.forward.ro2": No matching PHV field in the pipe `renderer_pipe'. Ignoring pragma.
[--Wwarn=invalid] warning: "m.forward.original_seq": No matching PHV field in the pipe `renderer_pipe'. Ignoring pragma.
[--Wwarn=invalid] warning: "m.forward.original_ack": No matching PHV field in the pipe `renderer_pipe'. Ignoring pragma.
[--Wwarn=invalid] warning: "m.forward.growth": No matching PHV field in the pipe `renderer_pipe'. Ignoring pragma.
[--Wwarn=invalid] warning: "m.forward.full_window": No matching PHV field in the pipe `renderer_pipe'. Ignoring pragma.
[--Wwarn=invalid] warning: "m.forward.window_after": No matching PHV field in the pipe `renderer_pipe'. Ignoring pragma.
[--Wwarn=invalid] warning: "m.forward.seq_result": No matching PHV field in the pipe `renderer_pipe'. Ignoring pragma.
[--Wwarn=invalid] warning: "hdr.reverse.tcp.seq": No matching PHV field in the pipe `renderer_pipe'. Ignoring pragma.
[--Wwarn=invalid] warning: "hdr.reverse.tcp.ack": No matching PHV field in the pipe `renderer_pipe'. Ignoring pragma.
[--Wwarn=invalid] warning: "m.reverse.first": No matching PHV field in the pipe `renderer_pipe'. Ignoring pragma.
[--Wwarn=invalid] warning: "m.reverse.second": No matching PHV field in the pipe `renderer_pipe'. Ignoring pragma.
[--Wwarn=invalid] warning: "m.reverse.right": No matching PHV field in the pipe `renderer_pipe'. Ignoring pragma.
[--Wwarn=invalid] warning: "m.reverse.left": No matching PHV field in the pipe `renderer_pipe'. Ignoring pragma.
[--Wwarn=invalid] warning: "m.reverse.native_right": No matching PHV field in the pipe `renderer_pipe'. Ignoring pragma.
[--Wwarn=invalid] warning: "m.reverse.so1": No matching PHV field in the pipe `renderer_pipe'. Ignoring pragma.
[--Wwarn=invalid] warning: "m.reverse.so2": No matching PHV field in the pipe `renderer_pipe'. Ignoring pragma.
[--Wwarn=invalid] warning: "m.reverse.ao1": No matching PHV field in the pipe `renderer_pipe'. Ignoring pragma.
[--Wwarn=invalid] warning: "m.reverse.ao2": No matching PHV field in the pipe `renderer_pipe'. Ignoring pragma.
[--Wwarn=invalid] warning: "m.reverse.ro1": No matching PHV field in the pipe `renderer_pipe'. Ignoring pragma.
[--Wwarn=invalid] warning: "m.reverse.ro2": No matching PHV field in the pipe `renderer_pipe'. Ignoring pragma.
[--Wwarn=invalid] warning: "m.reverse.original_seq": No matching PHV field in the pipe `renderer_pipe'. Ignoring pragma.
[--Wwarn=invalid] warning: "m.reverse.original_ack": No matching PHV field in the pipe `renderer_pipe'. Ignoring pragma.
[--Wwarn=invalid] warning: "m.reverse.growth": No matching PHV field in the pipe `renderer_pipe'. Ignoring pragma.
[--Wwarn=invalid] warning: "m.reverse.full_window": No matching PHV field in the pipe `renderer_pipe'. Ignoring pragma.
[--Wwarn=invalid] warning: "m.reverse.window_after": No matching PHV field in the pipe `renderer_pipe'. Ignoring pragma.
[--Wwarn=invalid] warning: "m.reverse.seq_result": No matching PHV field in the pipe `renderer_pipe'. Ignoring pragma.
[--Wwarn=invalid] warning: "hdr.forward.tcp.seq": No matching PHV field in the pipe `renderer_pipe'. Ignoring pragma.
[--Wwarn=invalid] warning: "hdr.forward.tcp.ack": No matching PHV field in the pipe `renderer_pipe'. Ignoring pragma.
[--Wwarn=invalid] warning: "m.forward.first": No matching PHV field in the pipe `renderer_pipe'. Ignoring pragma.
[--Wwarn=invalid] warning: "m.forward.second": No matching PHV field in the pipe `renderer_pipe'. Ignoring pragma.
[--Wwarn=invalid] warning: "m.forward.right": No matching PHV field in the pipe `renderer_pipe'. Ignoring pragma.
[--Wwarn=invalid] warning: "m.forward.left": No matching PHV field in the pipe `renderer_pipe'. Ignoring pragma.
[--Wwarn=invalid] warning: "m.forward.native_right": No matching PHV field in the pipe `renderer_pipe'. Ignoring pragma.
[--Wwarn=invalid] warning: "m.forward.so1": No matching PHV field in the pipe `renderer_pipe'. Ignoring pragma.
[--Wwarn=invalid] warning: "m.forward.so2": No matching PHV field in the pipe `renderer_pipe'. Ignoring pragma.
[--Wwarn=invalid] warning: "m.forward.ao1": No matching PHV field in the pipe `renderer_pipe'. Ignoring pragma.
[--Wwarn=invalid] warning: "m.forward.ao2": No matching PHV field in the pipe `renderer_pipe'. Ignoring pragma.
[--Wwarn=invalid] warning: "m.forward.ro1": No matching PHV field in the pipe `renderer_pipe'. Ignoring pragma.
[--Wwarn=invalid] warning: "m.forward.ro2": No matching PHV field in the pipe `renderer_pipe'. Ignoring pragma.
[--Wwarn=invalid] warning: "m.forward.original_seq": No matching PHV field in the pipe `renderer_pipe'. Ignoring pragma.
[--Wwarn=invalid] warning: "m.forward.original_ack": No matching PHV field in the pipe `renderer_pipe'. Ignoring pragma.
[--Wwarn=invalid] warning: "m.forward.growth": No matching PHV field in the pipe `renderer_pipe'. Ignoring pragma.
[--Wwarn=invalid] warning: "m.forward.full_window": No matching PHV field in the pipe `renderer_pipe'. Ignoring pragma.
[--Wwarn=invalid] warning: "m.forward.window_after": No matching PHV field in the pipe `renderer_pipe'. Ignoring pragma.
[--Wwarn=invalid] warning: "m.forward.seq_result": No matching PHV field in the pipe `renderer_pipe'. Ignoring pragma.
[--Wwarn=invalid] warning: "hdr.reverse.tcp.seq": No matching PHV field in the pipe `renderer_pipe'. Ignoring pragma.
[--Wwarn=invalid] warning: "hdr.reverse.tcp.ack": No matching PHV field in the pipe `renderer_pipe'. Ignoring pragma.
[--Wwarn=invalid] warning: "m.reverse.first": No matching PHV field in the pipe `renderer_pipe'. Ignoring pragma.
[--Wwarn=invalid] warning: "m.reverse.second": No matching PHV field in the pipe `renderer_pipe'. Ignoring pragma.
[--Wwarn=invalid] warning: "m.reverse.right": No matching PHV field in the pipe `renderer_pipe'. Ignoring pragma.
[--Wwarn=invalid] warning: "m.reverse.left": No matching PHV field in the pipe `renderer_pipe'. Ignoring pragma.
[--Wwarn=invalid] warning: "m.reverse.native_right": No matching PHV field in the pipe `renderer_pipe'. Ignoring pragma.
[--Wwarn=invalid] warning: "m.reverse.so1": No matching PHV field in the pipe `renderer_pipe'. Ignoring pragma.
[--Wwarn=invalid] warning: "m.reverse.so2": No matching PHV field in the pipe `renderer_pipe'. Ignoring pragma.
[--Wwarn=invalid] warning: "m.reverse.ao1": No matching PHV field in the pipe `renderer_pipe'. Ignoring pragma.
[--Wwarn=invalid] warning: "m.reverse.ao2": No matching PHV field in the pipe `renderer_pipe'. Ignoring pragma.
[--Wwarn=invalid] warning: "m.reverse.ro1": No matching PHV field in the pipe `renderer_pipe'. Ignoring pragma.
[--Wwarn=invalid] warning: "m.reverse.ro2": No matching PHV field in the pipe `renderer_pipe'. Ignoring pragma.
[--Wwarn=invalid] warning: "m.reverse.original_seq": No matching PHV field in the pipe `renderer_pipe'. Ignoring pragma.
[--Wwarn=invalid] warning: "m.reverse.original_ack": No matching PHV field in the pipe `renderer_pipe'. Ignoring pragma.
[--Wwarn=invalid] warning: "m.reverse.growth": No matching PHV field in the pipe `renderer_pipe'. Ignoring pragma.
[--Wwarn=invalid] warning: "m.reverse.full_window": No matching PHV field in the pipe `renderer_pipe'. Ignoring pragma.
[--Wwarn=invalid] warning: "m.reverse.window_after": No matching PHV field in the pipe `renderer_pipe'. Ignoring pragma.
[--Wwarn=invalid] warning: "m.reverse.seq_result": No matching PHV field in the pipe `renderer_pipe'. Ignoring pragma.
[--Wwarn=substitution] warning: renderer_Ingress.carving.profile: Table key name not supported. Replacing "hdr.first.w0[31:24]" with "hdr.first.w0".
[--Wwarn=substitution] warning: renderer_Ingress.carving.profile: Table key name not supported. Replacing "hdr.first.w0[23:16]" with "hdr.first.w0".
[--Wwarn=substitution] warning: renderer_Ingress.carving.profile: Table key name not supported. Replacing "hdr.first.w0[15:8]" with "hdr.first.w0".
[--Wwarn=substitution] warning: renderer_Ingress.carving.profile: Table key name not supported. Replacing "hdr.first.w1[23:0]" with "hdr.first.w1".
[--Wwarn=substitution] warning: renderer_Ingress.carving.profile: Table key name not supported. Replacing "hdr.first.w2[31:16]" with "hdr.first.w2".
[--Wwarn=substitution] warning: renderer_Ingress.carving.profile: Table key name not supported. Replacing "hdr.second.w1[7:0]" with "hdr.second.w1".

0 errors, 122 warnings generated.

/home/philip/Projects/DNP3/defense4/timing/case4_architecture/integration/evidence/pipe_split_01/out/authority_pipe/pipe_split.bfa:8462: error: tofino supports up to 12 stages, using 15
/home/philip/Projects/DNP3/defense4/timing/case4_architecture/integration/evidence/pipe_split_01/out/authority_pipe/pipe_split.bfa:0: error: Due to errors, no binary will be generated
Unable to produce all summary logs
  Error producing mau.resources.log: 12
failed command assembler
failed command summary_logging
