+---------------------------------------------------------------------+
|  Log file: mau.resources.log                                        |
|  Compiler version: 9.13.1                                           |
|  Created on: Tue Oct  6 15:00:16 2026                               |
|  Run ID: 757be53bcd3b46d0                                           |
+---------------------------------------------------------------------+


---------------------------------------------------------------------------------------------------------------------------------------------------------------------------------------------------------------------------------------------------------------------------------------------------------------------------------------------------------------
| Stage Number | Exact Match Input xbar | Ternary Match Input xbar | Hash Bit | Hash Dist Unit | Gateway | SRAM | Map RAM | TCAM | VLIW Instr | Meter ALU | Stats ALU | Stash | Exact Match Search Bus | Exact Match Result Bus | Tind Result Bus | Action Data Bus Bytes | 8-bit Action Slots | 16-bit Action Slots | 32-bit Action Slots | Logical TableID |
---------------------------------------------------------------------------------------------------------------------------------------------------------------------------------------------------------------------------------------------------------------------------------------------------------------------------------------------------------------
|      0       |           12           |            12            |    10    |       0        |    10   |  5   |    0    |  3   |     10     |     0     |     0     |   1   |           10           |           2            |        12       |           43          |         0          |          0          |          0          |        16       |
|      1       |           12           |            12            |    32    |       0        |    13   |  6   |    2    |  4   |     11     |     1     |     0     |   0   |           13           |           0            |        14       |           24          |         0          |          0          |          0          |        16       |
|      2       |           24           |            17            |    0     |       0        |    2    |  16  |    10   |  11  |     10     |     4     |     1     |   0   |           2            |           1            |        12       |           16          |         0          |          0          |          0          |        13       |
|      3       |           5            |            4             |    0     |       0        |    7    |  5   |    4    |  1   |     6      |     2     |     0     |   0   |           7            |           1            |        8        |           5           |         0          |          0          |          0          |        10       |
|      4       |           13           |            11            |    8     |       0        |    14   |  5   |    4    |  3   |     8      |     2     |     0     |   0   |           14           |           0            |        13       |           4           |         0          |          0          |          0          |        16       |
|      5       |           8            |            0             |    0     |       0        |    9    |  2   |    2    |  0   |     6      |     1     |     0     |   0   |           9            |           0            |        9        |           3           |         0          |          0          |          0          |        11       |
|      6       |           27           |            28            |    0     |       0        |    2    |  12  |    8    |  12  |     23     |     4     |     0     |   0   |           2            |           0            |        7        |           15          |         0          |          0          |          0          |        7        |
|      7       |           1            |            38            |    0     |       0        |    1    |  4   |    2    |  8   |     19     |     0     |     1     |   0   |           1            |           0            |        2        |           4           |         0          |          0          |          0          |        2        |
|      8       |           0            |            0             |    0     |       0        |    0    |  0   |    0    |  0   |     0      |     0     |     0     |   0   |           0            |           0            |        0        |           0           |         0          |          0          |          0          |        0        |
|      9       |           0            |            0             |    0     |       0        |    0    |  0   |    0    |  0   |     0      |     0     |     0     |   0   |           0            |           0            |        0        |           0           |         0          |          0          |          0          |        0        |
|      10      |           0            |            0             |    0     |       0        |    0    |  0   |    0    |  0   |     0      |     0     |     0     |   0   |           0            |           0            |        0        |           0           |         0          |          0          |          0          |        0        |
|      11      |           0            |            0             |    0     |       0        |    0    |  0   |    0    |  0   |     0      |     0     |     0     |   0   |           0            |           0            |        0        |           0           |         0          |          0          |          0          |        0        |
|              |                        |                          |          |                |         |      |         |      |            |           |           |       |                        |                        |                 |                       |                    |                     |                     |                 |
|    Totals    |          102           |           122            |    50    |       0        |    58   |  55  |    32   |  42  |     93     |     14    |     2     |   1   |           58           |           4            |        77       |          114          |         0          |          0          |          0          |        91       |
---------------------------------------------------------------------------------------------------------------------------------------------------------------------------------------------------------------------------------------------------------------------------------------------------------------------------------------------------------------


-------------------------------------------------------------------------------------------------------------------------------------------------------------------------------------------------------------------------------------------------------------------------------------------------------------------------------------------------------------------
| Stage Number | Exact Match Input xbar | Ternary Match Input xbar | Hash Bit | Hash Dist Unit | Gateway |  SRAM  | Map RAM |  TCAM  | VLIW Instr | Meter ALU | Stats ALU | Stash | Exact Match Search Bus | Exact Match Result Bus | Tind Result Bus | Action Data Bus Bytes | 8-bit Action Slots | 16-bit Action Slots | 32-bit Action Slots | Logical TableID |
-------------------------------------------------------------------------------------------------------------------------------------------------------------------------------------------------------------------------------------------------------------------------------------------------------------------------------------------------------------------
|      0       |         9.38%          |          18.18%          |  2.40%   |     0.00%      |  62.50% | 6.25%  |  0.00%  | 12.50% |   31.25%   |   0.00%   |   0.00%   | 6.25% |         62.50%         |         12.50%         |      75.00%     |         33.59%        |       0.00%        |        0.00%        |        0.00%        |     100.00%     |
|      1       |         9.38%          |          18.18%          |  7.69%   |     0.00%      |  81.25% | 7.50%  |  4.17%  | 16.67% |   34.38%   |   25.00%  |   0.00%   | 0.00% |         81.25%         |         0.00%          |      87.50%     |         18.75%        |       0.00%        |        0.00%        |        0.00%        |     100.00%     |
|      2       |         18.75%         |          25.76%          |  0.00%   |     0.00%      |  12.50% | 20.00% |  20.83% | 45.83% |   31.25%   |  100.00%  |   25.00%  | 0.00% |         12.50%         |         6.25%          |      75.00%     |         12.50%        |       0.00%        |        0.00%        |        0.00%        |      81.25%     |
|      3       |         3.91%          |          6.06%           |  0.00%   |     0.00%      |  43.75% | 6.25%  |  8.33%  | 4.17%  |   18.75%   |   50.00%  |   0.00%   | 0.00% |         43.75%         |         6.25%          |      50.00%     |         3.91%         |       0.00%        |        0.00%        |        0.00%        |      62.50%     |
|      4       |         10.16%         |          16.67%          |  1.92%   |     0.00%      |  87.50% | 6.25%  |  8.33%  | 12.50% |   25.00%   |   50.00%  |   0.00%   | 0.00% |         87.50%         |         0.00%          |      81.25%     |         3.12%         |       0.00%        |        0.00%        |        0.00%        |     100.00%     |
|      5       |         6.25%          |          0.00%           |  0.00%   |     0.00%      |  56.25% | 2.50%  |  4.17%  | 0.00%  |   18.75%   |   25.00%  |   0.00%   | 0.00% |         56.25%         |         0.00%          |      56.25%     |         2.34%         |       0.00%        |        0.00%        |        0.00%        |      68.75%     |
|      6       |         21.09%         |          42.42%          |  0.00%   |     0.00%      |  12.50% | 15.00% |  16.67% | 50.00% |   71.88%   |  100.00%  |   0.00%   | 0.00% |         12.50%         |         0.00%          |      43.75%     |         11.72%        |       0.00%        |        0.00%        |        0.00%        |      43.75%     |
|      7       |         0.78%          |          57.58%          |  0.00%   |     0.00%      |  6.25%  | 5.00%  |  4.17%  | 33.33% |   59.38%   |   0.00%   |   25.00%  | 0.00% |         6.25%          |         0.00%          |      12.50%     |         3.12%         |       0.00%        |        0.00%        |        0.00%        |      12.50%     |
|      8       |         0.00%          |          0.00%           |  0.00%   |     0.00%      |  0.00%  | 0.00%  |  0.00%  | 0.00%  |   0.00%    |   0.00%   |   0.00%   | 0.00% |         0.00%          |         0.00%          |      0.00%      |         0.00%         |       0.00%        |        0.00%        |        0.00%        |      0.00%      |
|      9       |         0.00%          |          0.00%           |  0.00%   |     0.00%      |  0.00%  | 0.00%  |  0.00%  | 0.00%  |   0.00%    |   0.00%   |   0.00%   | 0.00% |         0.00%          |         0.00%          |      0.00%      |         0.00%         |       0.00%        |        0.00%        |        0.00%        |      0.00%      |
|      10      |         0.00%          |          0.00%           |  0.00%   |     0.00%      |  0.00%  | 0.00%  |  0.00%  | 0.00%  |   0.00%    |   0.00%   |   0.00%   | 0.00% |         0.00%          |         0.00%          |      0.00%      |         0.00%         |       0.00%        |        0.00%        |        0.00%        |      0.00%      |
|      11      |         0.00%          |          0.00%           |  0.00%   |     0.00%      |  0.00%  | 0.00%  |  0.00%  | 0.00%  |   0.00%    |   0.00%   |   0.00%   | 0.00% |         0.00%          |         0.00%          |      0.00%      |         0.00%         |       0.00%        |        0.00%        |        0.00%        |      0.00%      |
|              |                        |                          |          |                |         |        |         |        |            |           |           |       |                        |                        |                 |                       |                    |                     |                     |                 |
|   Average    |         9.96%          |          23.11%          |  1.50%   |     0.00%      |  45.31% | 8.59%  |  8.33%  | 21.88% |   36.33%   |   43.75%  |   6.25%   | 0.78% |         45.31%         |         3.12%          |      60.16%     |         11.13%        |       0.00%        |        0.00%        |        0.00%        |      71.09%     |
-------------------------------------------------------------------------------------------------------------------------------------------------------------------------------------------------------------------------------------------------------------------------------------------------------------------------------------------------------------------


Allocated Resource Usage
---------------------------------------------------------------------------------------------------------------------------------------------------
|                 Table                  | Stage  | Crossbar | Hash | Gateways | RAMs | TCAMs | Map  | Action |  VLIW |  Exm   |  Exm   |  Tind  |
|                  Name                  | Number |  Bytes   | Bits |          |      |       | RAMs |  Data  | Slots | Search | Result | Result |
|                                        |        |          |      |          |      |       |      |  Bus   |       |  Bus   |  Bus   |  Bus   |
|                                        |        |          |      |          |      |       |      | Bytes  |       |        |        |        |
---------------------------------------------------------------------------------------------------------------------------------------------------
|        IgParser.$PORT_METADATA         |   -1   |    0     |  0   |    0     |  0   |   0   |  0   |   0    |   0   |   0    |   0    |   0    |
|         Ingress.tbl_bor_params         |   0    |    0     |  0   |    0     |  0   |   0   |  0   |   12   |   1   |   0    |   0    |   1    |
|     Ingress.tbl_bor_params$action      |   0    |    0     |  0   |    0     |  1   |   0   |  0   |   0    |   0   |   0    |   0    |   0    |
|       Ingress.tbl_build_exp_ack        |   0    |    1     |  10  |    0     |  1   |   0   |  0   |   4    |   3   |   1    |   1    |   0    |
|           Ingress.tbl_params           |   0    |    0     |  0   |    0     |  0   |   0   |  0   |   13   |   1   |   0    |   0    |   1    |
|       Ingress.tbl_params$action        |   0    |    0     |  0   |    0     |  1   |   0   |  0   |   0    |   0   |   0    |   0    |   0    |
|    Ingress.tbl_read_release_params     |   0    |    0     |  0   |    0     |  0   |   0   |  0   |   8    |   1   |   0    |   0    |   1    |
| Ingress.tbl_read_release_params$action |   0    |    0     |  0   |    0     |  1   |   0   |  0   |   0    |   0   |   0    |   0    |   0    |
|          Ingress.tbl_session           |   0    |    12    |  0   |    0     |  1   |   3   |  0   |   0    |   3   |   0    |   0    |   1    |
|                cond-56                 |   0    |    1     |  0   |    1     |  0   |   0   |  0   |   0    |   0   |   1    |   0    |   0    |
|                cond-57                 |   0    |    4     |  0   |    1     |  0   |   0   |  0   |   0    |   0   |   1    |   0    |   0    |
|                cond-59                 |   0    |    1     |  0   |    1     |  0   |   0   |  0   |   0    |   0   |   1    |   0    |   0    |
|                cond-60                 |   0    |    1     |  0   |    1     |  0   |   0   |  0   |   0    |   0   |   1    |   0    |   0    |
|                cond-61                 |   0    |    1     |  0   |    1     |  0   |   0   |  0   |   0    |   0   |   1    |   0    |   0    |
|                cond-62                 |   0    |    1     |  0   |    1     |  0   |   0   |  0   |   0    |   0   |   1    |   0    |   0    |
|                cond-63                 |   0    |    1     |  0   |    1     |  0   |   0   |  0   |   0    |   0   |   1    |   0    |   0    |
|                cond-71                 |   0    |    1     |  0   |    1     |  0   |   0   |  0   |   0    |   0   |   1    |   0    |   0    |
|                cond-76                 |   0    |    2     |  0   |    1     |  0   |   0   |  0   |   0    |   0   |   1    |   0    |   0    |
|        tbl_defense4_timing3162         |   0    |    0     |  0   |    0     |  0   |   0   |  0   |   0    |   1   |   0    |   0    |   1    |
|        tbl_defense4_timing3168         |   0    |    0     |  0   |    0     |  0   |   0   |  0   |   4    |   1   |   0    |   0    |   1    |
|        tbl_defense4_timing3174         |   0    |    0     |  0   |    0     |  0   |   0   |  0   |   0    |   1   |   0    |   0    |   1    |
|        tbl_defense4_timing3210         |   0    |    0     |  0   |    0     |  0   |   0   |  0   |   0    |   1   |   0    |   0    |   1    |
|        tbl_defense4_timing3211         |   0    |    0     |  0   |    0     |  0   |   0   |  0   |   0    |   1   |   0    |   0    |   1    |
|        tbl_defense4_timing3212         |   0    |    0     |  0   |    0     |  0   |   0   |  0   |   0    |   1   |   0    |   0    |   1    |
|        tbl_defense4_timing3223         |   0    |    0     |  0   |    0     |  0   |   0   |  0   |   1    |   1   |   0    |   1    |   0    |
|    tbl_defense4_timing3223-gateway     |   0    |    0     |  0   |    1     |  0   |   0   |  0   |   0    |   0   |   1    |   0    |   0    |
|        tbl_defense4_timing3281         |   0    |    0     |  0   |    0     |  0   |   0   |  0   |   0    |   1   |   0    |   0    |   1    |
|       tbl_defense4_timing3316_0        |   0    |    0     |  0   |    0     |  0   |   0   |  0   |   1    |   1   |   0    |   0    |   1    |
|           Ingress.reg_owner            |   1    |    4     |  32  |    0     |  2   |   0   |  2   |   0    |   0   |   0    |   0    |   0    |
|        Ingress.tbl_bor_codebook        |   1    |    4     |  0   |    0     |  0   |   1   |  0   |   4    |   1   |   0    |   0    |   0    |
|    Ingress.tbl_bor_codebook$action     |   1    |    0     |  0   |    0     |  1   |   0   |  0   |   0    |   0   |   0    |   0    |   0    |
|         Ingress.tbl_build_now          |   1    |    0     |  0   |    0     |  0   |   0   |  0   |   0    |   1   |   0    |   0    |   1    |
|      Ingress.tbl_owner_admission       |   1    |    8     |  0   |    0     |  1   |   2   |  0   |   4    |   3   |   0    |   0    |   1    |
|      Ingress.tbl_random_deadlines      |   1    |    2     |  0   |    0     |  1   |   1   |  0   |   16   |   2   |   0    |   0    |   1    |
|  Ingress.tbl_random_deadlines$action   |   1    |    0     |  0   |    0     |  1   |   0   |  0   |   0    |   0   |   0    |   0    |   0    |
|                cond-64                 |   1    |    1     |  0   |    1     |  0   |   0   |  0   |   0    |   0   |   1    |   0    |   0    |
|                cond-65                 |   1    |    2     |  0   |    1     |  0   |   0   |  0   |   0    |   0   |   1    |   0    |   0    |
|                cond-66                 |   1    |    2     |  0   |    1     |  0   |   0   |  0   |   0    |   0   |   1    |   0    |   0    |
|                cond-67                 |   1    |    2     |  0   |    1     |  0   |   0   |  0   |   0    |   0   |   1    |   0    |   0    |
|                cond-68                 |   1    |    2     |  0   |    1     |  0   |   0   |  0   |   0    |   0   |   1    |   0    |   0    |
|                cond-69                 |   1    |    2     |  0   |    1     |  0   |   0   |  0   |   0    |   0   |   1    |   0    |   0    |
|                cond-70                 |   1    |    3     |  0   |    1     |  0   |   0   |  0   |   0    |   0   |   1    |   0    |   0    |
|                cond-72                 |   1    |    1     |  0   |    1     |  0   |   0   |  0   |   0    |   0   |   1    |   0    |   0    |
|                cond-73                 |   1    |    2     |  0   |    1     |  0   |   0   |  0   |   0    |   0   |   1    |   0    |   0    |
|                cond-74                 |   1    |    3     |  0   |    1     |  0   |   0   |  0   |   0    |   0   |   1    |   0    |   0    |
|                cond-75                 |   1    |    3     |  0   |    1     |  0   |   0   |  0   |   0    |   0   |   1    |   0    |   0    |
|                cond-77                 |   1    |    1     |  0   |    1     |  0   |   0   |  0   |   0    |   0   |   1    |   0    |   0    |
|                cond-78                 |   1    |    1     |  0   |    1     |  0   |   0   |  0   |   0    |   0   |   1    |   0    |   0    |
|        tbl_defense4_timing3216         |   1    |    0     |  0   |    0     |  0   |   0   |  0   |   0    |   1   |   0    |   0    |   1    |
|        tbl_defense4_timing3217         |   1    |    0     |  0   |    0     |  0   |   0   |  0   |   0    |   1   |   0    |   0    |   1    |
|        tbl_defense4_timing3218         |   1    |    0     |  0   |    0     |  0   |   0   |  0   |   0    |   1   |   0    |   0    |   1    |
|        tbl_defense4_timing3220         |   1    |    0     |  0   |    0     |  0   |   0   |  0   |   0    |   1   |   0    |   0    |   1    |
|        tbl_defense4_timing3221         |   1    |    0     |  0   |    0     |  0   |   0   |  0   |   0    |   1   |   0    |   0    |   1    |
|        tbl_defense4_timing3257         |   1    |    0     |  0   |    0     |  0   |   0   |  0   |   0    |   1   |   0    |   0    |   1    |
|        tbl_defense4_timing3259         |   1    |    0     |  0   |    0     |  0   |   0   |  0   |   0    |   1   |   0    |   0    |   1    |
|        tbl_defense4_timing3262         |   1    |    0     |  0   |    0     |  0   |   0   |  0   |   0    |   1   |   0    |   0    |   1    |
|        tbl_defense4_timing3265         |   1    |    0     |  0   |    0     |  0   |   0   |  0   |   0    |   1   |   0    |   0    |   1    |
|        tbl_defense4_timing3287         |   1    |    0     |  0   |    0     |  0   |   0   |  0   |   0    |   1   |   0    |   0    |   1    |
|        tbl_defense4_timing3297         |   1    |    0     |  0   |    0     |  0   |   0   |  0   |   0    |   1   |   0    |   0    |   1    |
|          Ingress.ctr_outcome           |   2    |    0     |  0   |    0     |  2   |   0   |  2   |   0    |   0   |   0    |   0    |   0    |
|          Ingress.reg_app_seq           |   2    |    2     |  0   |    0     |  2   |   0   |  2   |   0    |   0   |   0    |   0    |   0    |
|          Ingress.reg_exp_ack           |   2    |    8     |  0   |    0     |  2   |   0   |  2   |   0    |   0   |   0    |   0    |   0    |
|       Ingress.reg_exp_relay_seq        |   2    |    8     |  0   |    0     |  2   |   0   |  2   |   0    |   0   |   0    |   0    |   0    |
|        Ingress.reg_session_port        |   2    |    4     |  0   |    0     |  2   |   0   |  2   |   0    |   0   |   0    |   0    |   0    |
|         Ingress.tbl_build_cand         |   2    |    0     |  0   |    0     |  0   |   0   |  0   |   0    |   1   |   0    |   0    |   1    |
|      Ingress.tbl_build_cand_resp       |   2    |    0     |  0   |    0     |  0   |   0   |  0   |   0    |   2   |   0    |   1    |   0    |
|        Ingress.tbl_guarded_ack         |   2    |    9     |  0   |    0     |  1   |   2   |  0   |   4    |   2   |   0    |   0    |   1    |
|        Ingress.tbl_guarded_app         |   2    |    9     |  0   |    0     |  1   |   2   |  0   |   4    |   2   |   0    |   0    |   1    |
|        Ingress.tbl_guarded_seq         |   2    |    9     |  0   |    0     |  1   |   2   |  0   |   4    |   2   |   0    |   0    |   1    |
|       Ingress.tbl_guarded_sport        |   2    |    9     |  0   |    0     |  1   |   2   |  0   |   4    |   2   |   0    |   0    |   1    |
|        Ingress.tbl_owner_valid         |   2    |    7     |  0   |    0     |  1   |   2   |  0   |   0    |   2   |   0    |   0    |   1    |
|     Ingress.tbl_tracker_admission      |   2    |    5     |  0   |    0     |  1   |   1   |  0   |   0    |   2   |   0    |   0    |   1    |
|                cond-58                 |   2    |    1     |  0   |    1     |  0   |   0   |  0   |   0    |   0   |   1    |   0    |   0    |
|     tbl_build_cand_resp_0-gateway      |   2    |    1     |  0   |    1     |  0   |   0   |  0   |   0    |   0   |   1    |   0    |   1    |
|        tbl_defense4_timing3177         |   2    |    0     |  0   |    0     |  0   |   0   |  0   |   0    |   1   |   0    |   0    |   1    |
|        tbl_defense4_timing3232         |   2    |    0     |  0   |    0     |  0   |   0   |  0   |   0    |   1   |   0    |   0    |   1    |
|        tbl_defense4_timing3310         |   2    |    0     |  0   |    0     |  0   |   0   |  0   |   0    |   1   |   0    |   0    |   1    |
|        tbl_defense4_timing3446         |   2    |    0     |  0   |    0     |  0   |   0   |  0   |   0    |   1   |   0    |   0    |   1    |
|            tbl_finish_path             |   2    |    0     |  0   |    0     |  0   |   0   |  0   |   0    |   1   |   0    |   0    |   1    |
|         Ingress.reg_bor_epoch          |   3    |    2     |  0   |    0     |  2   |   0   |  2   |   0    |   0   |   0    |   0    |   0    |
|          Ingress.reg_bor_gen           |   3    |    1     |  0   |    0     |  2   |   0   |  2   |   0    |   0   |   0    |   0    |   0    |
|      Ingress.tbl_app_association       |   3    |    4     |  0   |    0     |  1   |   1   |  0   |   0    |   2   |   0    |   0    |   1    |
|      Ingress.tbl_select_deadlines      |   3    |    0     |  0   |    0     |  0   |   0   |  0   |   0    |   2   |   0    |   1    |   0    |
|                cond-100                |   3    |    1     |  0   |    1     |  0   |   0   |  0   |   0    |   0   |   1    |   0    |   0    |
|                cond-101                |   3    |    1     |  0   |    1     |  0   |   0   |  0   |   0    |   0   |   1    |   0    |   0    |
|                cond-102                |   3    |    1     |  0   |    1     |  0   |   0   |  0   |   0    |   0   |   1    |   0    |   0    |
|                cond-103                |   3    |    1     |  0   |    1     |  0   |   0   |  0   |   0    |   0   |   1    |   0    |   0    |
|                cond-107                |   3    |    1     |  0   |    1     |  0   |   0   |  0   |   0    |   0   |   1    |   0    |   0    |
|                cond-99                 |   3    |    1     |  0   |    1     |  0   |   0   |  0   |   0    |   0   |   1    |   0    |   0    |
|        tbl_defense4_timing3433         |   3    |    0     |  0   |    0     |  0   |   0   |  0   |   3    |   1   |   0    |   0    |   1    |
|        tbl_defense4_timing3434         |   3    |    0     |  0   |    0     |  0   |   0   |  0   |   3    |   1   |   0    |   0    |   1    |
|        tbl_defense4_timing3435         |   3    |    0     |  0   |    0     |  0   |   0   |  0   |   3    |   1   |   0    |   0    |   1    |
|        tbl_defense4_timing3436         |   3    |    0     |  0   |    0     |  0   |   0   |  0   |   3    |   1   |   0    |   0    |   1    |
|        tbl_defense4_timing3437         |   3    |    0     |  0   |    0     |  0   |   0   |  0   |   2    |   1   |   0    |   0    |   1    |
|        tbl_defense4_timing3438         |   3    |    0     |  0   |    0     |  0   |   0   |  0   |   2    |   1   |   0    |   0    |   1    |
|        tbl_defense4_timing3445         |   3    |    0     |  0   |    0     |  0   |   0   |  0   |   2    |   1   |   0    |   0    |   1    |
|     tbl_select_deadlines_0-gateway     |   3    |    2     |  0   |    1     |  0   |   0   |  0   |   0    |   0   |   1    |   0    |   1    |
|         Ingress.reg_bor_ready          |   4    |    2     |  0   |    0     |  2   |   0   |  2   |   0    |   0   |   0    |   0    |   0    |
|          Ingress.reg_failopen          |   4    |    1     |  0   |    0     |  2   |   0   |  2   |   0    |   0   |   0    |   0    |   0    |
|       Ingress.tbl_resp_authorise       |   4    |    11    |  0   |    0     |  1   |   3   |  0   |   0    |   3   |   0    |   0    |   1    |
|                cond-104                |   4    |    2     |  0   |    1     |  0   |   0   |  0   |   0    |   0   |   1    |   0    |   0    |
|                cond-105                |   4    |    1     |  0   |    1     |  0   |   0   |  0   |   0    |   0   |   1    |   0    |   0    |
|                cond-106                |   4    |    1     |  0   |    1     |  0   |   0   |  0   |   0    |   0   |   1    |   0    |   0    |
|                cond-108                |   4    |    1     |  0   |    1     |  0   |   0   |  0   |   0    |   0   |   1    |   0    |   0    |
|                cond-109                |   4    |    2     |  0   |    1     |  0   |   0   |  0   |   0    |   0   |   1    |   0    |   0    |
|                cond-79                 |   4    |    1     |  0   |    1     |  0   |   0   |  0   |   0    |   0   |   1    |   0    |   0    |
|                cond-80                 |   4    |    1     |  0   |    1     |  0   |   0   |  0   |   0    |   0   |   1    |   0    |   0    |
|                cond-81                 |   4    |    1     |  0   |    1     |  0   |   0   |  0   |   0    |   0   |   1    |   0    |   0    |
|                cond-82                 |   4    |    1     |  0   |    1     |  0   |   0   |  0   |   0    |   0   |   1    |   0    |   0    |
|                cond-83                 |   4    |    1     |  0   |    1     |  0   |   0   |  0   |   0    |   0   |   1    |   0    |   0    |
|                cond-84                 |   4    |    1     |  0   |    1     |  0   |   0   |  0   |   0    |   0   |   1    |   0    |   0    |
|                cond-85                 |   4    |    2     |  0   |    1     |  0   |   0   |  0   |   0    |   0   |   1    |   0    |   0    |
|                cond-86                 |   4    |    1     |  0   |    1     |  0   |   0   |  0   |   0    |   0   |   1    |   0    |   0    |
|                cond-87                 |   4    |    1     |  8   |    1     |  0   |   0   |  0   |   0    |   0   |   1    |   0    |   0    |
|        tbl_defense4_timing3330         |   4    |    0     |  0   |    0     |  0   |   0   |  0   |   0    |   1   |   0    |   0    |   1    |
|        tbl_defense4_timing3336         |   4    |    0     |  0   |    0     |  0   |   0   |  0   |   0    |   1   |   0    |   0    |   1    |
|        tbl_defense4_timing3338         |   4    |    0     |  0   |    0     |  0   |   0   |  0   |   0    |   1   |   0    |   0    |   1    |
|        tbl_defense4_timing3339         |   4    |    0     |  0   |    0     |  0   |   0   |  0   |   0    |   1   |   0    |   0    |   1    |
|        tbl_defense4_timing3341         |   4    |    0     |  0   |    0     |  0   |   0   |  0   |   2    |   1   |   0    |   0    |   1    |
|        tbl_defense4_timing3344         |   4    |    0     |  0   |    0     |  0   |   0   |  0   |   2    |   1   |   0    |   0    |   1    |
|        tbl_defense4_timing3448         |   4    |    0     |  0   |    0     |  0   |   0   |  0   |   2    |   1   |   0    |   0    |   1    |
|        tbl_defense4_timing3449         |   4    |    0     |  0   |    0     |  0   |   0   |  0   |   2    |   1   |   0    |   0    |   1    |
|        tbl_defense4_timing3450         |   4    |    0     |  0   |    0     |  0   |   0   |  0   |   2    |   1   |   0    |   0    |   1    |
|        tbl_defense4_timing3454         |   4    |    0     |  0   |    0     |  0   |   0   |  0   |   0    |   1   |   0    |   0    |   1    |
|        tbl_defense4_timing3455         |   4    |    0     |  0   |    0     |  0   |   0   |  0   |   0    |   1   |   0    |   0    |   1    |
|        tbl_defense4_timing3456         |   4    |    0     |  0   |    0     |  0   |   0   |  0   |   0    |   1   |   0    |   0    |   1    |
|            Ingress.reg_tag             |   5    |    2     |  0   |    0     |  2   |   0   |  2   |   0    |   0   |   0    |   0    |   0    |
|                cond-88                 |   5    |    1     |  0   |    1     |  0   |   0   |  0   |   0    |   0   |   1    |   0    |   0    |
|                cond-89                 |   5    |    2     |  0   |    1     |  0   |   0   |  0   |   0    |   0   |   1    |   0    |   0    |
|                cond-90                 |   5    |    2     |  0   |    1     |  0   |   0   |  0   |   0    |   0   |   1    |   0    |   0    |
|                cond-91                 |   5    |    1     |  0   |    1     |  0   |   0   |  0   |   0    |   0   |   1    |   0    |   0    |
|                cond-92                 |   5    |    1     |  0   |    1     |  0   |   0   |  0   |   0    |   0   |   1    |   0    |   0    |
|                cond-93                 |   5    |    2     |  0   |    1     |  0   |   0   |  0   |   0    |   0   |   1    |   0    |   0    |
|                cond-94                 |   5    |    1     |  0   |    1     |  0   |   0   |  0   |   0    |   0   |   1    |   0    |   0    |
|                cond-95                 |   5    |    1     |  0   |    1     |  0   |   0   |  0   |   0    |   0   |   1    |   0    |   0    |
|                cond-96                 |   5    |    1     |  0   |    1     |  0   |   0   |  0   |   0    |   0   |   1    |   0    |   0    |
|        tbl_defense4_timing3364         |   5    |    0     |  0   |    0     |  0   |   0   |  0   |   3    |   1   |   0    |   0    |   1    |
|        tbl_defense4_timing3368         |   5    |    0     |  0   |    0     |  0   |   0   |  0   |   3    |   1   |   0    |   0    |   1    |
|        tbl_defense4_timing3371         |   5    |    0     |  0   |    0     |  0   |   0   |  0   |   3    |   1   |   0    |   0    |   1    |
|        tbl_defense4_timing3373         |   5    |    0     |  0   |    0     |  0   |   0   |  0   |   3    |   1   |   0    |   0    |   1    |
|        tbl_defense4_timing3377         |   5    |    0     |  0   |    0     |  0   |   0   |  0   |   3    |   1   |   0    |   0    |   1    |
|        tbl_defense4_timing3383         |   5    |    0     |  0   |    0     |  0   |   0   |  0   |   3    |   1   |   0    |   0    |   1    |
|        tbl_defense4_timing3394         |   5    |    0     |  0   |    0     |  0   |   0   |  0   |   3    |   1   |   0    |   0    |   1    |
|        tbl_defense4_timing3396         |   5    |    0     |  0   |    0     |  0   |   0   |  0   |   3    |   1   |   0    |   0    |   1    |
|        tbl_defense4_timing3399         |   5    |    0     |  0   |    0     |  0   |   0   |  0   |   3    |   1   |   0    |   0    |   1    |
|          Ingress.reg_ack_rel           |   6    |    1     |  0   |    0     |  2   |   0   |  2   |   0    |   0   |   0    |   0    |   0    |
|          Ingress.reg_bor_topj          |   6    |    8     |  0   |    0     |  2   |   0   |  2   |   0    |   0   |   0    |   0    |   0    |
|          Ingress.reg_deadline          |   6    |    8     |  0   |    0     |  2   |   0   |  2   |   0    |   0   |   0    |   0    |   0    |
|           Ingress.reg_tresp            |   6    |    8     |  0   |    0     |  2   |   0   |  2   |   0    |   0   |   0    |   0    |   0    |
|          Ingress.tbl_hold_ok           |   6    |    4     |  0   |    0     |  1   |   1   |  0   |   4    |   3   |   0    |   0    |   1    |
|       Ingress.tbl_resp_deadline        |   6    |    21    |  0   |    0     |  1   |   5   |  0   |   4    |   4   |   0    |   0    |   1    |
|        Ingress.tbl_state_decode        |   6    |    15    |  0   |    0     |  1   |   4   |  0   |   6    |   24  |   0    |   0    |   1    |
|         Ingress.tbl_txn_active         |   6    |    7     |  0   |    0     |  1   |   2   |  0   |   0    |   3   |   0    |   0    |   1    |
|                cond-97                 |   6    |    1     |  0   |    1     |  0   |   0   |  0   |   0    |   0   |   1    |   0    |   0    |
|                cond-98                 |   6    |    1     |  0   |    1     |  0   |   0   |  0   |   0    |   0   |   1    |   0    |   0    |
|        tbl_defense4_timing3415         |   6    |    0     |  0   |    0     |  0   |   0   |  0   |   1    |   1   |   0    |   0    |   1    |
|        tbl_defense4_timing3416         |   6    |    0     |  0   |    0     |  0   |   0   |  0   |   1    |   1   |   0    |   0    |   1    |
|        tbl_defense4_timing3422         |   6    |    0     |  0   |    0     |  0   |   0   |  0   |   1    |   1   |   0    |   0    |   1    |
|          Ingress.ctr_outcome           |   7    |    0     |  0   |    0     |  2   |   0   |  2   |   0    |   0   |   0    |   0    |   0    |
|         Ingress.tbl_decide_deq         |   7    |    20    |  0   |    0     |  1   |   4   |  0   |   0    |   7   |   0    |   0    |   1    |
|        Ingress.tbl_decide_fresh        |   7    |    18    |  0   |    0     |  1   |   4   |  0   |   4    |   12  |   0    |   0    |   1    |
|                cond-110                |   7    |    1     |  0   |    1     |  0   |   0   |  0   |   0    |   0   |   1    |   0    |   0    |
---------------------------------------------------------------------------------------------------------------------------------------------------

