source/v5_stub_port0.p4(150): [--Wwarn=unused] warning: 'cap' is unused
    action set_params(bit<32> da, bit<32> readiness, bit<32> cap, bit<32> gap, bit<32> op_j,
                                                             ^^^
source/v5_stub_port0.p4(738): [--Wwarn=unused] warning: Table token_verdict is not used; removing
    table token_verdict {
          ^^^^^^^^^^^^^
source/v5_stub_port0.p4(93): [--Wwarn=uninitialized_out_param] warning: out parameter 'md' may be uninitialized when 'IngressParser' terminates
parser IngressParser(packet_in pkt, out header_t hdr, out metadata_t md,
                                                                     ^^
source/v5_stub_port0.p4(93)
parser IngressParser(packet_in pkt, out header_t hdr, out metadata_t md,
       ^^^^^^^^^^^^^
source/probe_shell.p4(4): [--Wwarn=uninitialized_out_param] warning: out parameter 'md' may be uninitialized when 'EmptyEgressParser' terminates
parser EmptyEgressParser(packet_in pkt, out header_t hdr, out metadata_t md,
                                                                         ^^
source/probe_shell.p4(4)
parser EmptyEgressParser(packet_in pkt, out header_t hdr, out metadata_t md,
       ^^^^^^^^^^^^^^^^^
warning: Parser state min_parse_depth_accept_loop will be unrolled up to 4 times due to @pragma max_loop_depth.
warning: Parser state min_parse_depth_accept_loop will be unrolled up to 4 times due to @pragma max_loop_depth.

0 errors, 6 warnings generated.

/home/philip/Projects/DNP3/defense4/timing/case4_architecture/integration/evidence/route_ab_01/b38_resp_reads_in_chain/v5_stub_port0/out/pipe/v5_stub_port0.bfa:1610: error: Syntax error, expecting register slice
/home/philip/Projects/DNP3/defense4/timing/case4_architecture/integration/evidence/route_ab_01/b38_resp_reads_in_chain/v5_stub_port0/out/pipe/v5_stub_port0.bfa:1617: error: Syntax error, expecting register slice
/home/philip/Projects/DNP3/defense4/timing/case4_architecture/integration/evidence/route_ab_01/b38_resp_reads_in_chain/v5_stub_port0/out/pipe/v5_stub_port0.bfa:1624: error: Syntax error, expecting register slice
failed command assembler
