/home/philip/Projects/DNP3/defense4/timing/case4_architecture/integration/evidence/m_canary_02/source/m_skeleton.p4(23): [--Wwarn=uninitialized_out_param] warning: out parameter 'm' may be uninitialized when 'IgParser' terminates
parser IgParser(packet_in pkt,out headers_t hdr,out meta_t m,out ingress_intrinsic_metadata_t ig){Checksum() ipcheck;Checksum() repaircheck;
                                                           ^
/home/philip/Projects/DNP3/defense4/timing/case4_architecture/integration/evidence/m_canary_02/source/m_skeleton.p4(23)
parser IgParser(packet_in pkt,out headers_t hdr,out meta_t m,out ingress_intrinsic_metadata_t ig){Checksum() ipcheck;Checksum() repaircheck;
       ^^^^^^^^
/home/philip/Projects/DNP3/defense4/timing/case4_architecture/integration/evidence/m_canary_02/source/m_skeleton.p4(402): [--Wwarn=uninitialized_out_param] warning: out parameter 'm' may be uninitialized when 'EgParser' terminates
parser EgParser(packet_in pkt,out headers_t hdr,out meta_t m,out egress_intrinsic_metadata_t eg){state start{pkt.extract(eg);transition accept;}}
                                                           ^
/home/philip/Projects/DNP3/defense4/timing/case4_architecture/integration/evidence/m_canary_02/source/m_skeleton.p4(402)
parser EgParser(packet_in pkt,out headers_t hdr,out meta_t m,out egress_intrinsic_metadata_t eg){state start{pkt.extract(eg);transition accept;}}
       ^^^^^^^^
warning: checksum.get() will deprecate in future versions. Please use void subtract_all_and_deposit(bit<16>) instead
warning: Parser state min_parse_depth_accept_loop will be unrolled up to 4 times due to @pragma max_loop_depth.
warning: checksum.get() will deprecate in future versions. Please use void subtract_all_and_deposit(bit<16>) instead
warning: Parser state min_parse_depth_accept_loop will be unrolled up to 4 times due to @pragma max_loop_depth.
/home/philip/Projects/DNP3/defense4/timing/case4_architecture/integration/evidence/m_canary_02/source/m_skeleton.p4(114): [--Werror=target-error] error: table Ingress.snapshot_t is applied in multiple places, and the next-table information cannot correctly propagate through this multiple application
 table snapshot_t{actions={snapshot;}size=1;const default_action=snapshot();}
       ^^^^^^^^^^
/home/philip/Projects/DNP3/defense4/timing/case4_architecture/integration/evidence/m_canary_02/source/m_skeleton.p4(116): [--Werror=target-error] error: table Ingress.prepare_window_t is applied in multiple places, and the next-table information cannot correctly propagate through this multiple application
 table prepare_window_t{actions={prepare_window;}size=1;const default_action=prepare_window();}
       ^^^^^^^^^^^^^^^^
Number of errors exceeded set maximum of 1


2 errors, 6 warnings generated.

