{
  "artifact_sha256": {
    "bfrt.json": "52ee7f7499b23fbfb5e473b3481c97400bbf9465304926f7474a8622b498285f",
    "manifest.json": "ce15430ee92172e8a11d5a7de88a1b66390c9c5ceac9cbce654bb14520c8807e",
    "p0/context.json": "88ee2ded6439e632f8bbcc17a7112e7cc7afea5ff5f82b12e42d06353e005ba6",
    "p0/response_only.bfa": "5dc1ac25542a7698c17c5cbb4dcb1cb18897ee3d57d8b8a18662787ec8d0c8d1",
    "p0/tofino.bin": "9da8858f22b539464322ce28594aefb7d779d866abccb502ed9d843f26599443",
    "p1/context.json": "bc0a36737a0ded4018ab3cdcd53d5ed3b3bfc9955bec319ec4838fcda319d7c2",
    "p1/response_only.bfa": "51d7b8b0c0df246b260738ce7a3474e402af8d82fc2f5a17ad33e69c980491ba",
    "p1/tofino.bin": "1c3b8942d17707a9bc8aba7ede73011a0d77ed51ca6ce0146bed45f8702bb15d",
    "p2/context.json": "3dfa027d348934f4197cfe027bbc5a01a5a3d75fd3a54dfe2a20173b8b1e04f0",
    "p2/response_only.bfa": "b64f9542902514f88fa65a83963f8b8d35ef2b707eb524ee0ef1fb29070f2c8c",
    "p2/tofino.bin": "4327795f7185974471701b5efdd89f49589be9e6fd3d048be9aabb72f2ad27ce",
    "response_only.conf": "befb5c6a66bb37bd82c6ae2bae3b3218547e510d55e03e159468f2f938f24092"
  },
  "command": [
    "/home/philip/bf-sde-9.13.1/install/bin/bf-p4c",
    "--target",
    "tofino",
    "--arch",
    "tna",
    "-g",
    "-o",
    "/home/philip/Projects/DNP3/defense4/timing/case4_architecture/integration/evidence/route_ab_01/response_only_10/compile_local/out",
    "/home/philip/Projects/DNP3/defense4/timing/case4_architecture/integration/evidence/route_ab_01/response_only_10/compile_local/source/response_only.p4"
  ],
  "compile_log_sha256": "3a840404b92537f86d53a63f041b8aca993f810d9dec7015965426bb301e0cf5",
  "compiler": "p4c 9.13.1 (SHA: e558d01)",
  "compiler_path": "/home/philip/bf-sde-9.13.1/install/bin/bf-p4c",
  "compiler_sha256": "e75d059fb5bba9cdf2bdda9a8430e31a997077e27dd3f156e5de34e38339ff41",
  "elapsed_seconds": 56.727,
  "exit_code": 0,
  "full_target": false,
  "milestone": "primitive_compiled",
  "resources": {
    "critical_path": 11,
    "pipes": {
      "p0": {
        "critical_path": 11,
        "report_sha256": {
          "p0/logs/mau.resources.log": "8aa0b950da64c5684d418a17fc5f2700971024dfc8dc60359646419ede61ae05",
          "p0/logs/phv.json": "7bd783177a09d8436988eb3fba98509f413206f41ff3bbf03534e1fdadf62d57",
          "p0/logs/phv_allocation_0.log": "a5e3bdbb35a0507daf3216fc2f3524f6d749d6ea9dbb592a0f27728c20b0f7bb",
          "p0/logs/phv_allocation_3.log": "652ac0ce92bf81422d1f6e5c017dea0c05f0c5de2dbc5ac94f6b6902d2feeb36",
          "p0/logs/phv_allocation_history_0.log": "2a52a73259ea4cabc02c2418fcd03b5df8c5d9ab5e0e2e5f9d90128ff4be47c1",
          "p0/logs/phv_allocation_history_3.log": "a56fb615189e38a95d2d294ba1c4ed6336d1aba6573a45438b551332efb4e258",
          "p0/logs/phv_allocation_summary_0.log": "c95bb70c0932873afb1cd03277e654222da768a4594b8950030c4000dd93a0c5",
          "p0/logs/phv_allocation_summary_3.log": "bedc5d681b1e9c36e3b3ab03c7919d5bc9ce71e7539f54e3a23c8c4d37e62182",
          "p0/logs/table_dependency_graph.log": "3c025bce8edb3470137d5061f3131f9ba12f572d23661e78668d98fb161872a4",
          "p0/logs/table_dependency_summary.log": "e1e6a0e10f3c93a99c38d60467b6561091402076b32c8dd6c920f6f69d2bbefa",
          "p0/logs/table_summary.log": "c0bbbd20c6c6bd66d9238be56d6d775bb6303b0049c4120919fff0df1052b416"
        },
        "stages": {
          "egress": 11,
          "ingress": 12
        },
        "stateful_tables": [
          {
            "direction": "egress",
            "name": "r_Egress.front",
            "size": 16
          },
          {
            "direction": "egress",
            "name": "r_Egress.acct",
            "size": 16
          },
          {
            "direction": "egress",
            "name": "r_Egress.mode",
            "size": 16
          },
          {
            "direction": "ingress",
            "name": "n_Ingress.counter",
            "size": 1
          },
          {
            "direction": "egress",
            "name": "r_Egress.img_start",
            "size": 16
          },
          {
            "direction": "egress",
            "name": "r_Egress.img_end",
            "size": 16
          },
          {
            "direction": "ingress",
            "name": "n_Ingress.work.work",
            "size": 1
          },
          {
            "direction": "ingress",
            "name": "n_Ingress.epoch",
            "size": 1
          },
          {
            "direction": "ingress",
            "name": "n_Ingress.server",
            "size": 1
          },
          {
            "direction": "ingress",
            "name": "n_Ingress.client",
            "size": 1
          },
          {
            "direction": "egress",
            "name": "r_Egress.img_wend",
            "size": 16
          },
          {
            "direction": "ingress",
            "name": "n_Ingress.read_app",
            "size": 1
          },
          {
            "direction": "ingress",
            "name": "n_Ingress.owner",
            "size": 1
          },
          {
            "direction": "ingress",
            "name": "n_Ingress.application",
            "size": 1
          },
          {
            "direction": "ingress",
            "name": "n_Ingress.pair_native_end_server_start",
            "size": 1
          },
          {
            "direction": "ingress",
            "name": "n_Ingress.pair_real_off_native_start",
            "size": 1
          },
          {
            "direction": "ingress",
            "name": "n_Ingress.pair_real_object_real_on",
            "size": 1
          },
          {
            "direction": "ingress",
            "name": "n_Ingress.pair_real_tcp_dst_real_tcp_ports",
            "size": 1
          },
          {
            "direction": "ingress",
            "name": "n_Ingress.pair_real_links_real_tcp_src",
            "size": 1
          },
          {
            "direction": "ingress",
            "name": "n_Ingress.count_busy",
            "size": 4
          },
          {
            "direction": "ingress",
            "name": "n_Ingress.count_first",
            "size": 4
          }
        ],
        "tables_by_type": {
          "action": 7,
          "condition": 71,
          "match": 109,
          "stateful": 21,
          "statistics": 1
        }
      },
      "p1": {
        "critical_path": 1,
        "report_sha256": {
          "p1/logs/mau.resources.log": "b2d53ff53c451fbb96458d5d0195395dba6a16bbffa422fb7c960e0536ebbe60",
          "p1/logs/phv.json": "88b17829be924d13cc56776f6e6bb2fb7c180671630737948f717cba37517a79",
          "p1/logs/phv_allocation_5.log": "03f808d8e33ca9f4c4a8cbe18f8c2ae263beb683a579e1708d0d65036d7abdd7",
          "p1/logs/phv_allocation_history_5.log": "deec8c4f8147e97c54746af9d611626a7af02fd18cb6a29cd6ea06cc96f82e46",
          "p1/logs/phv_allocation_summary_5.log": "45b25328d04daa5803beb7d1ae3943c8b598b2f328ff697f6754c5265a28ca1c",
          "p1/logs/table_dependency_graph.log": "2965d5008ede29e841766fba712460e820ad954b78ac3a3f1d3d089029e58e32",
          "p1/logs/table_dependency_summary.log": "4687f4d5c38474e061fe04e3e9539cd54b0879eb51313a1f073b039f5e250184",
          "p1/logs/table_summary.log": "462bd948a4757c836f78b902c275b17ef13bfc4bcafea993ebeaf7933318689f"
        },
        "stages": {
          "egress": 0,
          "ingress": 1
        },
        "stateful_tables": [],
        "tables_by_type": {
          "match": 2
        }
      },
      "p2": {
        "critical_path": 9,
        "report_sha256": {
          "p2/logs/mau.resources.log": "b975f6fd3b3c4084794fd3d57bbe02a1e577258caf360ff3b36fb1eaa28b877c",
          "p2/logs/phv.json": "87ff5aa1d099337886558c3de6eb5b9e49459c551a11d0cc4f690309df17184a",
          "p2/logs/phv_allocation_7.log": "559587fa7b0a99175d9ad372f3ca935d43c55264e306ff96c5ee06bfd3174b5e",
          "p2/logs/phv_allocation_history_7.log": "0156f71a47d401631db66e805e4aa6ff3d33483a81386e4fde0ee2d6fd1afaf8",
          "p2/logs/phv_allocation_summary_7.log": "ec8c8151b489e9c3442f74b24ed7466a7b074fcc43143b76a37a673e3b0055c3",
          "p2/logs/table_dependency_graph.log": "f73ff3d9c14cd0f56b3c8967459cf93c466bca1309239cccd879e72173ba72ca",
          "p2/logs/table_dependency_summary.log": "3e0c830bf28497ee424e11c38721e0d2b0784f431abed106a0f792ef6ac15958",
          "p2/logs/table_summary.log": "f4de108ba7223e3e24071f14af793997892b29052e1d7f46cf5d97286cee99b4"
        },
        "stages": {
          "egress": 0,
          "ingress": 11
        },
        "stateful_tables": [
          {
            "direction": "ingress",
            "name": "t_Ingress.quarantine_reg",
            "size": 1
          },
          {
            "direction": "ingress",
            "name": "t_Ingress.gen_alloc_reg",
            "size": 1
          },
          {
            "direction": "ingress",
            "name": "t_Ingress.t0_reg",
            "size": 1
          },
          {
            "direction": "ingress",
            "name": "t_Ingress.cur_epoch_reg",
            "size": 1
          },
          {
            "direction": "ingress",
            "name": "t_Ingress.op_gen_alloc_reg",
            "size": 1
          },
          {
            "direction": "ingress",
            "name": "t_Ingress.op_t0_reg",
            "size": 1
          },
          {
            "direction": "ingress",
            "name": "t_Ingress.child_seen2_reg",
            "size": 1
          },
          {
            "direction": "ingress",
            "name": "t_Ingress.child_seen1_reg",
            "size": 1
          },
          {
            "direction": "ingress",
            "name": "t_Ingress.child_seen0_reg",
            "size": 1
          },
          {
            "direction": "ingress",
            "name": "t_Ingress.ack_done_reg",
            "size": 1
          },
          {
            "direction": "ingress",
            "name": "t_Ingress.ack_commit_gen_reg",
            "size": 1
          },
          {
            "direction": "ingress",
            "name": "t_Ingress.ack_commit_at_reg",
            "size": 1
          },
          {
            "direction": "ingress",
            "name": "t_Ingress.op_done_reg",
            "size": 1
          },
          {
            "direction": "ingress",
            "name": "t_Ingress.resp_done_reg",
            "size": 1
          },
          {
            "direction": "ingress",
            "name": "t_Ingress.outcomes",
            "size": 16
          }
        ],
        "tables_by_type": {
          "action": 5,
          "condition": 21,
          "match": 54,
          "stateful": 15
        }
      }
    },
    "report_sha256": {
      "p0/logs/mau.resources.log": "8aa0b950da64c5684d418a17fc5f2700971024dfc8dc60359646419ede61ae05",
      "p0/logs/phv.json": "7bd783177a09d8436988eb3fba98509f413206f41ff3bbf03534e1fdadf62d57",
      "p0/logs/phv_allocation_0.log": "a5e3bdbb35a0507daf3216fc2f3524f6d749d6ea9dbb592a0f27728c20b0f7bb",
      "p0/logs/phv_allocation_3.log": "652ac0ce92bf81422d1f6e5c017dea0c05f0c5de2dbc5ac94f6b6902d2feeb36",
      "p0/logs/phv_allocation_history_0.log": "2a52a73259ea4cabc02c2418fcd03b5df8c5d9ab5e0e2e5f9d90128ff4be47c1",
      "p0/logs/phv_allocation_history_3.log": "a56fb615189e38a95d2d294ba1c4ed6336d1aba6573a45438b551332efb4e258",
      "p0/logs/phv_allocation_summary_0.log": "c95bb70c0932873afb1cd03277e654222da768a4594b8950030c4000dd93a0c5",
      "p0/logs/phv_allocation_summary_3.log": "bedc5d681b1e9c36e3b3ab03c7919d5bc9ce71e7539f54e3a23c8c4d37e62182",
      "p0/logs/table_dependency_graph.log": "3c025bce8edb3470137d5061f3131f9ba12f572d23661e78668d98fb161872a4",
      "p0/logs/table_dependency_summary.log": "e1e6a0e10f3c93a99c38d60467b6561091402076b32c8dd6c920f6f69d2bbefa",
      "p0/logs/table_summary.log": "c0bbbd20c6c6bd66d9238be56d6d775bb6303b0049c4120919fff0df1052b416",
      "p1/logs/mau.resources.log": "b2d53ff53c451fbb96458d5d0195395dba6a16bbffa422fb7c960e0536ebbe60",
      "p1/logs/phv.json": "88b17829be924d13cc56776f6e6bb2fb7c180671630737948f717cba37517a79",
      "p1/logs/phv_allocation_5.log": "03f808d8e33ca9f4c4a8cbe18f8c2ae263beb683a579e1708d0d65036d7abdd7",
      "p1/logs/phv_allocation_history_5.log": "deec8c4f8147e97c54746af9d611626a7af02fd18cb6a29cd6ea06cc96f82e46",
      "p1/logs/phv_allocation_summary_5.log": "45b25328d04daa5803beb7d1ae3943c8b598b2f328ff697f6754c5265a28ca1c",
      "p1/logs/table_dependency_graph.log": "2965d5008ede29e841766fba712460e820ad954b78ac3a3f1d3d089029e58e32",
      "p1/logs/table_dependency_summary.log": "4687f4d5c38474e061fe04e3e9539cd54b0879eb51313a1f073b039f5e250184",
      "p1/logs/table_summary.log": "462bd948a4757c836f78b902c275b17ef13bfc4bcafea993ebeaf7933318689f",
      "p2/logs/mau.resources.log": "b975f6fd3b3c4084794fd3d57bbe02a1e577258caf360ff3b36fb1eaa28b877c",
      "p2/logs/phv.json": "87ff5aa1d099337886558c3de6eb5b9e49459c551a11d0cc4f690309df17184a",
      "p2/logs/phv_allocation_7.log": "559587fa7b0a99175d9ad372f3ca935d43c55264e306ff96c5ee06bfd3174b5e",
      "p2/logs/phv_allocation_history_7.log": "0156f71a47d401631db66e805e4aa6ff3d33483a81386e4fde0ee2d6fd1afaf8",
      "p2/logs/phv_allocation_summary_7.log": "ec8c8151b489e9c3442f74b24ed7466a7b074fcc43143b76a37a673e3b0055c3",
      "p2/logs/table_dependency_graph.log": "f73ff3d9c14cd0f56b3c8967459cf93c466bca1309239cccd879e72173ba72ca",
      "p2/logs/table_dependency_summary.log": "3e0c830bf28497ee424e11c38721e0d2b0784f431abed106a0f792ef6ac15958",
      "p2/logs/table_summary.log": "f4de108ba7223e3e24071f14af793997892b29052e1d7f46cf5d97286cee99b4"
    },
    "stages": {
      "egress": 11,
      "ingress": 12
    },
    "stateful_tables": [
      {
        "direction": "egress",
        "name": "r_Egress.front",
        "pipeline": "p0",
        "size": 16
      },
      {
        "direction": "egress",
        "name": "r_Egress.acct",
        "pipeline": "p0",
        "size": 16
      },
      {
        "direction": "egress",
        "name": "r_Egress.mode",
        "pipeline": "p0",
        "size": 16
      },
      {
        "direction": "ingress",
        "name": "n_Ingress.counter",
        "pipeline": "p0",
        "size": 1
      },
      {
        "direction": "egress",
        "name": "r_Egress.img_start",
        "pipeline": "p0",
        "size": 16
      },
      {
        "direction": "egress",
        "name": "r_Egress.img_end",
        "pipeline": "p0",
        "size": 16
      },
      {
        "direction": "ingress",
        "name": "n_Ingress.work.work",
        "pipeline": "p0",
        "size": 1
      },
      {
        "direction": "ingress",
        "name": "n_Ingress.epoch",
        "pipeline": "p0",
        "size": 1
      },
      {
        "direction": "ingress",
        "name": "n_Ingress.server",
        "pipeline": "p0",
        "size": 1
      },
      {
        "direction": "ingress",
        "name": "n_Ingress.client",
        "pipeline": "p0",
        "size": 1
      },
      {
        "direction": "egress",
        "name": "r_Egress.img_wend",
        "pipeline": "p0",
        "size": 16
      },
      {
        "direction": "ingress",
        "name": "n_Ingress.read_app",
        "pipeline": "p0",
        "size": 1
      },
      {
        "direction": "ingress",
        "name": "n_Ingress.owner",
        "pipeline": "p0",
        "size": 1
      },
      {
        "direction": "ingress",
        "name": "n_Ingress.application",
        "pipeline": "p0",
        "size": 1
      },
      {
        "direction": "ingress",
        "name": "n_Ingress.pair_native_end_server_start",
        "pipeline": "p0",
        "size": 1
      },
      {
        "direction": "ingress",
        "name": "n_Ingress.pair_real_off_native_start",
        "pipeline": "p0",
        "size": 1
      },
      {
        "direction": "ingress",
        "name": "n_Ingress.pair_real_object_real_on",
        "pipeline": "p0",
        "size": 1
      },
      {
        "direction": "ingress",
        "name": "n_Ingress.pair_real_tcp_dst_real_tcp_ports",
        "pipeline": "p0",
        "size": 1
      },
      {
        "direction": "ingress",
        "name": "n_Ingress.pair_real_links_real_tcp_src",
        "pipeline": "p0",
        "size": 1
      },
      {
        "direction": "ingress",
        "name": "n_Ingress.count_busy",
        "pipeline": "p0",
        "size": 4
      },
      {
        "direction": "ingress",
        "name": "n_Ingress.count_first",
        "pipeline": "p0",
        "size": 4
      },
      {
        "direction": "ingress",
        "name": "t_Ingress.quarantine_reg",
        "pipeline": "p2",
        "size": 1
      },
      {
        "direction": "ingress",
        "name": "t_Ingress.gen_alloc_reg",
        "pipeline": "p2",
        "size": 1
      },
      {
        "direction": "ingress",
        "name": "t_Ingress.t0_reg",
        "pipeline": "p2",
        "size": 1
      },
      {
        "direction": "ingress",
        "name": "t_Ingress.cur_epoch_reg",
        "pipeline": "p2",
        "size": 1
      },
      {
        "direction": "ingress",
        "name": "t_Ingress.op_gen_alloc_reg",
        "pipeline": "p2",
        "size": 1
      },
      {
        "direction": "ingress",
        "name": "t_Ingress.op_t0_reg",
        "pipeline": "p2",
        "size": 1
      },
      {
        "direction": "ingress",
        "name": "t_Ingress.child_seen2_reg",
        "pipeline": "p2",
        "size": 1
      },
      {
        "direction": "ingress",
        "name": "t_Ingress.child_seen1_reg",
        "pipeline": "p2",
        "size": 1
      },
      {
        "direction": "ingress",
        "name": "t_Ingress.child_seen0_reg",
        "pipeline": "p2",
        "size": 1
      },
      {
        "direction": "ingress",
        "name": "t_Ingress.ack_done_reg",
        "pipeline": "p2",
        "size": 1
      },
      {
        "direction": "ingress",
        "name": "t_Ingress.ack_commit_gen_reg",
        "pipeline": "p2",
        "size": 1
      },
      {
        "direction": "ingress",
        "name": "t_Ingress.ack_commit_at_reg",
        "pipeline": "p2",
        "size": 1
      },
      {
        "direction": "ingress",
        "name": "t_Ingress.op_done_reg",
        "pipeline": "p2",
        "size": 1
      },
      {
        "direction": "ingress",
        "name": "t_Ingress.resp_done_reg",
        "pipeline": "p2",
        "size": 1
      },
      {
        "direction": "ingress",
        "name": "t_Ingress.outcomes",
        "pipeline": "p2",
        "size": 16
      }
    ],
    "tables_by_type": {
      "action": 12,
      "condition": 92,
      "match": 165,
      "stateful": 36,
      "statistics": 1
    }
  },
  "source": "/home/philip/Projects/DNP3/defense4/timing/case4_architecture/integration/evidence/route_ab_01/response_only_10/source/response_only.p4",
  "source_files": {
    "response_only.p4": "55c8e4216ebc76928c0a5a8ad31b609bb1c06525a940a632d4e81ccb366ba5c1"
  },
  "source_sha256": "55c8e4216ebc76928c0a5a8ad31b609bb1c06525a940a632d4e81ccb366ba5c1",
  "timeout_seconds": 600
}
