Stage advance for pipe pipe INITIAL not ignoring container conflicts
Stage 0
  exact ixbar groups                  ternary ixbar groups
  B0E1D0E3E0C0E2A0................  F0G1F2F3G0 F1 G2G3H0H1H2
  ................................  H3........ .. ..........
  ................................  .......... .. ..........
  ................................  .......... .. ..........
  ................................  .......... .. ..........
  ................................  .......... .. ..........
  ................................
  ................................
     A B10 (tbl_case_a_defense3_fixed_ack_delay1286$gw, tbl_case_a_defense3_fixed_ack_delay1291$gw, tbl_case_a_defense3_fixed_ack_delay1298$gw)
     B B12 (tbl_case_a_defense3_fixed_ack_delay1252$gw)
     C B13 (cond-45$gw)
     D H5 (tbl_session_0$gw)
     E W0 (tbl_case_a_defense3_fixed_ack_delay1258$gw)
     F W11 (tbl_session_0)
     G W14 (tbl_session_0)
     H W15 (tbl_session_0)
  hash select bits  Groups  hd  /- hash dist bits --- (Groups: -1 -1)
  .... ............  .0000  ... ................................................
  .... ............  .0000  ... ................................................
  .... ............  .0000  ... ................................................
  .... ............  .0000  ... ................................................
  .... ............  .0000  ... ................................................
  .... ............  .0000  ... ................................................
  .... ............  .0000  ... ................................................
  .... ............  .0000  ... ................................................
  .... ............         ... ................................................
  .... ............         ... ................................................
  .... ............         ... ................................................
  .... ............         ... ................................................
  .... ............         ... ................................................
  .... ............         ... ................................................
  .... ............         ... ................................................
  .... ............         ... ................................................
  
  tc  sb  rb  tib ab  st  srams       mapram  ov  gw pay 2p
  P.  ..  ..  RM  ..  ..  R.........  ......  ..  LJ  ..  .
  P.  ..  ..  KI  ..  ..  ..........  ......  ..  HA  ..  .
  P.  ..  ..  GO  ..  ..  ..........  ......  ..  FQ  ..  .
  ..  ..  ..  EC  ..  ..  ..........  ......  ..  D.  ..  .
  ..  ..  ..  ..  ..  ..  ..........  ......  ..  ..  ..  .
  ..  ..  ..  ..  ..  ..  ..........  ......  ..  ..  ..  .
  ..  ..  ..  ..  ..  ..  ....BB....  BB....  ..  ..  ..  .
  ..  ..  ..  ..  ..  ..  ....N.....  ......  ..  ..  ..  .
  ..                                                      
  ..                                                      
  ..                                                      
  ..                                                      
     A cond-45$gw
     B tbl_case_a_defense3_fixed_ack_delay1248$stats.Ingress.ctr_fresh
     C tbl_case_a_defense3_fixed_ack_delay1248$tind
     D tbl_case_a_defense3_fixed_ack_delay1252$gw
     E tbl_case_a_defense3_fixed_ack_delay1252$tind
     F tbl_case_a_defense3_fixed_ack_delay1258$gw
     G tbl_case_a_defense3_fixed_ack_delay1258$tind
     H tbl_case_a_defense3_fixed_ack_delay1286$gw
     I tbl_case_a_defense3_fixed_ack_delay1286$tind
     J tbl_case_a_defense3_fixed_ack_delay1291$gw
     K tbl_case_a_defense3_fixed_ack_delay1291$tind
     L tbl_case_a_defense3_fixed_ack_delay1298$gw
     M tbl_case_a_defense3_fixed_ack_delay1298$tind
     N tbl_params_0$action_data
     O tbl_params_0$tind
     P tbl_session_0
     Q tbl_session_0$gw
     R tbl_session_0$tind
  
can't place tbl_case_a_defense3_fixed_ack_delay1274 in stage 0 : dependency on table tbl_session_0
can't place tbl_case_a_defense3_fixed_ack_delay1288 in stage 0 : dependency on table tbl_case_a_defense3_fixed_ack_delay1258
Stage 1
  exact ixbar groups                  ternary ixbar groups
  A0E0B0D0G0G1C0..H0H1............  .......... .. ..........
  ................F0F1F2F3I0I1I2I3  .......... .. ..........
  ................J0J1J2J3........  .......... .. ..........
  ................................  .......... .. ..........
  ................................  .......... .. ..........
  ................................  .......... .. ..........
  ................................
  ................................
     A B10 (tbl_case_a_defense3_fixed_ack_delay1274$gw, tbl_case_a_defense3_fixed_ack_delay1277$gw, tbl_case_a_defense3_fixed_ack_delay1280$gw, tbl_case_a_defense3_fixed_ack_delay1547$gw)
     B B11 (tbl_case_a_defense3_fixed_ack_delay1277$gw, tbl_case_a_defense3_fixed_ack_delay1280$gw)
     C B13 (tbl_case_a_defense3_fixed_ack_delay1547$gw)
     D B14 (tbl_case_a_defense3_fixed_ack_delay1288$gw)
     E B15 (tbl_case_a_defense3_fixed_ack_delay1274$gw, tbl_case_a_defense3_fixed_ack_delay1277$gw, tbl_case_a_defense3_fixed_ack_delay1280$gw)
     F W0 (tbl_case_a_defense3_fixed_ack_delay1305$salu)
     G W12 (tbl_case_a_defense3_fixed_ack_delay1306$salu)
     H W13 (tbl_case_a_defense3_fixed_ack_delay1306$salu)
     I W36 (tbl_case_a_defense3_fixed_ack_delay1305$salu)
     J W5 (tbl_case_a_defense3_fixed_ack_delay1547$salu)
  hash select bits  Groups  hd  /- hash dist bits --- (Groups: -1 -1)
  AAAA ............  A0003  ... ................................................
  AAAA ............  .0000  ... ................................................
  .... ............  .0000  ... ................................................
  .... ............  .0000  ... ................................................
  .... ............  .0000  ... ................................................
  .... ............  .0000  ... ................................................
  .... ............  .0000  ... ................................................
  .... ............  .0000  ... ................................................
  .... ............         ... ................................................
  .... ............         ... ................................................
  .... ............         ... ................................................
  .... ............         ... ................................................
  .... ............         ... ................................................
  .... ............         ... ................................................
  .... ............         ... ................................................
  .... ............         ... ................................................
     A tbl_case_a_defense3_fixed_ack_delay1306$salu
  
  tc  sb  rb  tib ab  st  srams       mapram  ov  gw pay 2p
  ..  ..  ..  LN  ..  ..  ..........  ......  ..  IG  ..  .
  ..  ..  ..  BA  ..  ..  ..........  ......  ..  EC  ..  .
  ..  ..  ..  JH  ..  ..  ..........  ......  ..  O.  ..  .
  ..  ..  ..  FD  ..  ..  ....PP....  PP....  ..  ..  ..  .
  ..  ..  ..  Q.  ..  ..  ..........  ......  ..  ..  ..  .
  ..  ..  ..  ..  ..  ..  ....MM....  MM....  ..  ..  ..  .
  ..  ..  ..  ..  ..  ..  ..........  ......  ..  ..  ..  .
  ..  ..  ..  ..  ..  ..  ....KK....  KK....  ..  ..  ..  .
  ..                                                      
  ..                                                      
  ..                                                      
  ..                                                      
     A tbl_build_exp_ack_0$tind
     B tbl_build_now_0$tind
     C tbl_case_a_defense3_fixed_ack_delay1274$gw
     D tbl_case_a_defense3_fixed_ack_delay1274$tind
     E tbl_case_a_defense3_fixed_ack_delay1277$gw
     F tbl_case_a_defense3_fixed_ack_delay1277$tind
     G tbl_case_a_defense3_fixed_ack_delay1280$gw
     H tbl_case_a_defense3_fixed_ack_delay1280$tind
     I tbl_case_a_defense3_fixed_ack_delay1288$gw
     J tbl_case_a_defense3_fixed_ack_delay1288$tind
     K tbl_case_a_defense3_fixed_ack_delay1305$salu.Ingress.reg_exp_relay_seq
     L tbl_case_a_defense3_fixed_ack_delay1305$tind
     M tbl_case_a_defense3_fixed_ack_delay1306$salu.Ingress.reg_session_port
     N tbl_case_a_defense3_fixed_ack_delay1306$tind
     O tbl_case_a_defense3_fixed_ack_delay1547$gw
     P tbl_case_a_defense3_fixed_ack_delay1547$salu.Ingress.reg_ts_ack_release
     Q tbl_case_a_defense3_fixed_ack_delay1547$tind
  
can't place tbl_case_a_defense3_fixed_ack_delay1310 in stage 1 : dependency on table tbl_build_exp_ack_0
can't place tbl_case_a_defense3_fixed_ack_delay1308 in stage 1 : dependency on table tbl_build_exp_ack_0
can't place tbl_case_a_defense3_fixed_ack_delay1321 in stage 1 : dependency on table tbl_case_a_defense3_fixed_ack_delay1288
can't place tbl_build_cand_0 in stage 1 : dependency on table tbl_build_now_0
Stage 2
  exact ixbar groups                  ternary ixbar groups
  C0..D0..........A0B0............  .......... .. ..........
  ................F0F1F2F3E0E1E2E3  .......... .. ..........
  ................................  .......... .. ..........
  ................................  .......... .. ..........
  ................................  .......... .. ..........
  ................................  .......... .. ..........
  ................................
  ................................
     A B4 (tbl_case_a_defense3_fixed_ack_delay1326$salu)
     B B9 (tbl_case_a_defense3_fixed_ack_delay1326$salu)
     C H6 (tbl_case_a_defense3_fixed_ack_delay1308$gw, tbl_case_a_defense3_fixed_ack_delay1321$gw, tbl_case_a_defense3_fixed_ack_delay1324$gw)
     D H8 (tbl_case_a_defense3_fixed_ack_delay1324$gw)
     E W3 (tbl_case_a_defense3_fixed_ack_delay1310$salu)
     F W32 (tbl_case_a_defense3_fixed_ack_delay1310$salu)
  hash select bits  Groups  hd  /- hash dist bits --- (Groups: -1 -1)
  .... ............  .0000  ... ................................................
  .... ............  .0000  ... ................................................
  .... ............  .0000  ... ................................................
  .... ............  .0000  ... ................................................
  .... ............  .0000  ... ................................................
  .... ............  .0000  ... ................................................
  .... ............  .0000  ... ................................................
  .... ............  .0000  ... ................................................
  .... ............         ... ................................................
  .... ............         ... ................................................
  .... ............         ... ................................................
  .... ............         ... ................................................
  .... ............         ... ................................................
  .... ............         ... ................................................
  .... ............         ... ................................................
  .... ............         ... ................................................
  
  tc  sb  rb  tib ab  st  srams       mapram  ov  gw pay 2p
  ..  ..  ..  DK  ..  ..  ..........  ......  ..  BH  ..  .
  ..  ..  ..  IG  ..  ..  ..........  ......  ..  F.  ..  .
  ..  ..  ..  AE  ..  ..  ..........  ......  ..  ..  ..  .
  ..  ..  ..  ..  ..  ..  ..........  ......  ..  ..  ..  .
  ..  ..  ..  ..  ..  ..  ..........  ......  ..  ..  ..  .
  ..  ..  ..  ..  ..  ..  ....JJ....  JJ....  ..  ..  ..  .
  ..  ..  ..  ..  ..  ..  ..........  ......  ..  ..  ..  .
  ..  ..  ..  ..  ..  ..  ....CC....  CC....  ..  ..  ..  .
  ..                                                      
  ..                                                      
  ..                                                      
  ..                                                      
     A tbl_build_cand_0$tind
     B tbl_case_a_defense3_fixed_ack_delay1308$gw
     C tbl_case_a_defense3_fixed_ack_delay1308$salu.Ingress.reg_exp_ack
     D tbl_case_a_defense3_fixed_ack_delay1308$tind
     E tbl_case_a_defense3_fixed_ack_delay1310$tind
     F tbl_case_a_defense3_fixed_ack_delay1321$gw
     G tbl_case_a_defense3_fixed_ack_delay1321$tind
     H tbl_case_a_defense3_fixed_ack_delay1324$gw
     I tbl_case_a_defense3_fixed_ack_delay1324$tind
     J tbl_case_a_defense3_fixed_ack_delay1326$salu.Ingress.reg_tag
     K tbl_case_a_defense3_fixed_ack_delay1326$tind
  
can't place tbl_state_decode_0 in stage 2 : dependency on table tbl_case_a_defense3_fixed_ack_delay1310
can't place tbl_txn_active_0 in stage 2 : dependency on table tbl_case_a_defense3_fixed_ack_delay1324
Stage 3
  exact ixbar groups                  ternary ixbar groups
  ................................  A0A1F2F3C0 .. D2E3F0F1E2
  ................................  B1........ .. ..........
  ................................  .......... D3 ..........
  ................................  .......... .. ..........
  ................................  .......... .. ..........
  ................................  .......... .. ..........
  ................................
  ................................
     A H6 (tbl_state_decode_0)
     B H8 (tbl_state_decode_0)
     C H9 (tbl_state_decode_0)
     D W12 (tbl_state_decode_0)
     E W13 (tbl_state_decode_0)
     F W37 (tbl_state_decode_0)
  hash select bits  Groups  hd  /- hash dist bits --- (Groups: -1 -1)
  .... ............  .0000  ... ................................................
  .... ............  .0000  ... ................................................
  .... ............  .0000  ... ................................................
  .... ............  .0000  ... ................................................
  .... ............  .0000  ... ................................................
  .... ............  .0000  ... ................................................
  .... ............  .0000  ... ................................................
  .... ............  .0000  ... ................................................
  .... ............         ... ................................................
  .... ............         ... ................................................
  .... ............         ... ................................................
  .... ............         ... ................................................
  .... ............         ... ................................................
  .... ............         ... ................................................
  .... ............         ... ................................................
  .... ............         ... ................................................
  
  tc  sb  rb  tib ab  st  srams       mapram  ov  gw pay 2p
  A.  ..  ..  B.  ..  ..  B.........  ......  ..  ..  ..  .
  A.  ..  ..  ..  ..  ..  ..........  ......  ..  ..  ..  .
  A.  ..  ..  ..  ..  ..  ..........  ......  ..  ..  ..  .
  ..  ..  ..  ..  ..  ..  ..........  ......  ..  ..  ..  .
  ..  ..  ..  ..  ..  ..  ..........  ......  ..  ..  ..  .
  ..  ..  ..  ..  ..  ..  ..........  ......  ..  ..  ..  .
  ..  ..  ..  ..  ..  ..  ..........  ......  ..  ..  ..  .
  ..  ..  ..  ..  ..  ..  ..........  ......  ..  ..  ..  .
  ..                                                      
  ..                                                      
  ..                                                      
  ..                                                      
     A tbl_state_decode_0
     B tbl_state_decode_0$tind
  
can't place tbl_txn_active_0 in stage 3 : container conflict with table tbl_state_decode_0
can't place tbl_case_a_defense3_fixed_ack_delay1349 in stage 3 : dependency on table tbl_state_decode_0
Stage 4
  exact ixbar groups                  ternary ixbar groups
  A0..C0..........A0B0............  .......... .. ..........
  ................................  .......... .. ..........
  ................................  .......... .. ..........
  ................................  .......... .. ..........
  ................................  .......... .. ..........
  ................................  .......... .. ..........
  ................................
  ................................
     A B7 (tbl_case_a_defense3_fixed_ack_delay1349$salu, tbl_txn_active_0$gw)
     B B9 (tbl_case_a_defense3_fixed_ack_delay1349$salu)
     C H6 (tbl_case_a_defense3_fixed_ack_delay1349$gw)
  hash select bits  Groups  hd  /- hash dist bits --- (Groups: -1 -1)
  .... ............  .0000  ... ................................................
  .... ............  .0000  ... ................................................
  .... ............  .0000  ... ................................................
  .... ............  .0000  ... ................................................
  .... ............  .0000  ... ................................................
  .... ............  .0000  ... ................................................
  .... ............  .0000  ... ................................................
  .... ............  .0000  ... ................................................
  .... ............         ... ................................................
  .... ............         ... ................................................
  .... ............         ... ................................................
  .... ............         ... ................................................
  .... ............         ... ................................................
  .... ............         ... ................................................
  .... ............         ... ................................................
  .... ............         ... ................................................
  
  tc  sb  rb  tib ab  st  srams       mapram  ov  gw pay 2p
  ..  D.  ..  .C  ..  ..  ..........  ......  ..  EA  E.  .
  ..  ..  ..  ..  ..  ..  ..........  ......  ..  ..  ..  .
  ..  ..  ..  ..  ..  ..  ..........  ......  ..  ..  ..  .
  ..  ..  ..  ..  ..  ..  ..........  ......  ..  ..  ..  .
  ..  ..  ..  ..  ..  ..  ..........  ......  ..  ..  ..  .
  ..  ..  ..  ..  ..  ..  ..........  ......  ..  ..  ..  .
  ..  ..  ..  ..  ..  ..  ..........  ......  ..  ..  ..  .
  ..  ..  ..  ..  ..  ..  ....BB....  BB....  ..  ..  ..  .
  ..                                                      
  ..                                                      
  ..                                                      
  ..                                                      
     A tbl_case_a_defense3_fixed_ack_delay1349$gw
     B tbl_case_a_defense3_fixed_ack_delay1349$salu.Ingress.reg_ack_rel
     C tbl_case_a_defense3_fixed_ack_delay1349$tind
     D tbl_txn_active_0
     E tbl_txn_active_0$gw
  
can't place tbl_case_a_defense3_fixed_ack_delay1346 in stage 4 : dependency on table tbl_txn_active_0
can't place tbl_case_a_defense3_fixed_ack_delay1344 in stage 4 : dependency on table tbl_txn_active_0
Stage 5
  exact ixbar groups                  ternary ixbar groups
  A0..............B0B1B2B3C0C1C2C3  .......... .. ..........
  ................................  .......... .. ..........
  ................................  .......... .. ..........
  ................................  .......... .. ..........
  ................................  .......... .. ..........
  ................................  .......... .. ..........
  ................................
  ................................
     A H7 (tbl_case_a_defense3_fixed_ack_delay1346$gw)
     B W10 (tbl_case_a_defense3_fixed_ack_delay1344$salu)
     C W8 (tbl_case_a_defense3_fixed_ack_delay1344$salu)
  hash select bits  Groups  hd  /- hash dist bits --- (Groups: -1 -1)
  .... ............  .0000  ... ................................................
  .... ............  .0000  ... ................................................
  .... ............  .0000  ... ................................................
  .... ............  .0000  ... ................................................
  .... ............  .0000  ... ................................................
  .... ............  .0000  ... ................................................
  .... ............  .0000  ... ................................................
  .... ............  .0000  ... ................................................
  .... ............         ... ................................................
  .... ............         ... ................................................
  .... ............         ... ................................................
  .... ............         ... ................................................
  .... ............         ... ................................................
  .... ............         ... ................................................
  .... ............         ... ................................................
  .... ............         ... ................................................
  
  tc  sb  rb  tib ab  st  srams       mapram  ov  gw pay 2p
  ..  ..  ..  DA  ..  ..  ..........  ......  ..  B.  ..  .
  ..  ..  ..  ..  ..  ..  ..........  ......  ..  ..  ..  .
  ..  ..  ..  ..  ..  ..  ..........  ......  ..  ..  ..  .
  ..  ..  ..  ..  ..  ..  ..........  ......  ..  ..  ..  .
  ..  ..  ..  ..  ..  ..  ..........  ......  ..  ..  ..  .
  ..  ..  ..  ..  ..  ..  ..........  ......  ..  ..  ..  .
  ..  ..  ..  ..  ..  ..  ..........  ......  ..  ..  ..  .
  ..  ..  ..  ..  ..  ..  ....CC....  CC....  ..  ..  ..  .
  ..                                                      
  ..                                                      
  ..                                                      
  ..                                                      
     A tbl_case_a_defense3_fixed_ack_delay1344$tind
     B tbl_case_a_defense3_fixed_ack_delay1346$gw
     C tbl_case_a_defense3_fixed_ack_delay1346$salu.Ingress.reg_deadline
     D tbl_case_a_defense3_fixed_ack_delay1346$tind
  
can't place tbl_deadline_expiry_0 in stage 5 : dependency on table tbl_case_a_defense3_fixed_ack_delay1346
Stage 6
  exact ixbar groups                  ternary ixbar groups
  F0F1F2F3B0A0E0D1C0G1D0G3G0..G2..  .......... .. ..........
  ................................  .......... .. ..........
  ................................  .......... .. ..........
  ................................  .......... .. ..........
  ................................  .......... .. ..........
  ................................  .......... .. ..........
  ................................
  ................................
     A B10 (cond-59$gw, cond-72$gw, tbl_case_a_defense3_fixed_ack_delay1468$gw)
     B B13 (cond-58$gw)
     C H6 (cond-62$gw, cond-65$gw, tbl_case_a_defense3_fixed_ack_delay1448$gw)
     D H7 (tbl_to_block$gw, tbl_to_hold_0$gw)
     E H8 (tbl_to_block_0$gw)
     F W2 (tbl_deadline_expiry_0$gw)
     G W7 (tbl_case_a_defense3_fixed_ack_delay1433$gw)
  hash select bits  Groups  hd  /- hash dist bits --- (Groups: -1 -1)
  .... ............  .0000  ... ................................................
  .... ............  .0000  ... ................................................
  .... ............  .0000  ... ................................................
  .... ............  .0000  ... ................................................
  .... ............  .0000  ... ................................................
  .... ............  .0000  ... ................................................
  .... ............  .0000  ... ................................................
  .... ............  .0000  ... ................................................
  .... ............         ... ................................................
  .... ............         ... ................................................
  .... ............         ... ................................................
  .... ............         ... ................................................
  .... ............         ... ................................................
  .... ............         ... ................................................
  .... ............         ... ................................................
  .... ............         ... ................................................
  
  tc  sb  rb  tib ab  st  srams       mapram  ov  gw pay 2p
  ..  Q.  ..  .O  ..  ..  ..........  ......  ..  RM  R.  .
  ..  ..  ..  LF  ..  ..  ..........  ......  ..  KH  ..  .
  ..  ..  ..  GJ  ..  ..  ..........  ......  ..  WD  ..  .
  ..  ..  ..  IX  ..  ..  ..........  ......  ..  CS  ..  .
  ..  ..  ..  TV  ..  ..  ..........  ......  ..  UB  ..  .
  ..  ..  ..  P.  ..  ..  ..........  ......  ..  EA  ..  .
  ..  ..  ..  ..  ..  ..  ....NN....  NN....  ..  ..  ..  .
  ..  ..  ..  ..  ..  ..  ..........  ......  ..  ..  ..  .
  ..                                                      
  ..                                                      
  ..                                                      
  ..                                                      
     A cond-58$gw
     B cond-59$gw
     C cond-62$gw
     D cond-65$gw
     E cond-72$gw
     F tbl_case_a_defense3_fixed_ack_delay1369$tind
     G tbl_case_a_defense3_fixed_ack_delay1376$tind
     H tbl_case_a_defense3_fixed_ack_delay1433$gw
     I tbl_case_a_defense3_fixed_ack_delay1433$tind
     J tbl_case_a_defense3_fixed_ack_delay1440$tind
     K tbl_case_a_defense3_fixed_ack_delay1448$gw
     L tbl_case_a_defense3_fixed_ack_delay1448$tind
     M tbl_case_a_defense3_fixed_ack_delay1468$gw
     N tbl_case_a_defense3_fixed_ack_delay1468$stats.Ingress.ctr_fresh
     O tbl_case_a_defense3_fixed_ack_delay1468$tind
     P tbl_case_a_defense3_fixed_ack_delay1472$tind
     Q tbl_deadline_expiry_0
     R tbl_deadline_expiry_0$gw
     S tbl_to_block$gw
     T tbl_to_block$tind
     U tbl_to_block_0$gw
     V tbl_to_block_0$tind
     W tbl_to_hold_0$gw
     X tbl_to_hold_0$tind
  
can't place tbl_case_a_defense3_fixed_ack_delay1488 in stage 6 : dependency on table tbl_deadline_expiry_0
can't place tbl_case_a_defense3_fixed_ack_delay1521 in stage 6 : ran out of memories: too many tables total
can't place tbl_case_a_defense3_fixed_ack_delay1382 in stage 6 : dependency on table tbl_deadline_expiry_0
can't place tbl_case_a_defense3_fixed_ack_delay1373 in stage 6 : dependency on table tbl_deadline_expiry_0
can't place tbl_case_a_defense3_fixed_ack_delay1414 in stage 6 : ran out of memories: too many tables total
can't place tbl_to_hold in stage 6 : ran out of memories: too many tables total
can't place tbl_case_a_defense3_fixed_ack_delay1424 in stage 6 : dependency on table tbl_deadline_expiry_0
can't place tbl_arm_clone in stage 6 : ran out of memories: too many tables total
can't place tbl_case_a_defense3_fixed_ack_delay1451 in stage 6 : ran out of memories: too many tables total
Stage 7
  exact ixbar groups                  ternary ixbar groups
  D0A0B0D1..C1....................  .......... .. ..........
  ................................  .......... .. ..........
  ................................  .......... .. ..........
  ................................  .......... .. ..........
  ................................  .......... .. ..........
  ................................  .......... .. ..........
  ................................
  ................................
     A B11 (tbl_case_a_defense3_fixed_ack_delay1492$gw)
     B B14 (tbl_case_a_defense3_fixed_ack_delay1496$gw)
     C H6 (tbl_case_a_defense3_fixed_ack_delay1405$gw)
     D H7 (tbl_case_a_defense3_fixed_ack_delay1451$gw, tbl_case_a_defense3_fixed_ack_delay1453$gw, tbl_case_a_defense3_fixed_ack_delay1488$gw, tbl_to_hold$gw)
  hash select bits  Groups  hd  /- hash dist bits --- (Groups: -1 -1)
  .... ............  .0000  ... ................................................
  .... ............  .0000  ... ................................................
  .... ............  .0000  ... ................................................
  .... ............  .0000  ... ................................................
  .... ............  .0000  ... ................................................
  .... ............  .0000  ... ................................................
  .... ............  .0000  ... ................................................
  .... ............  .0000  ... ................................................
  .... ............         ... ................................................
  .... ............         ... ................................................
  .... ............         ... ................................................
  .... ............         ... ................................................
  .... ............         ... ................................................
  .... ............         ... ................................................
  .... ............         ... ................................................
  .... ............         ... ................................................
  
  tc  sb  rb  tib ab  st  srams       mapram  ov  gw pay 2p
  ..  ..  ..  GY  ..  ..  ..........  ......  ..  XK  ..  .
  ..  ..  ..  ML  ..  ..  ..........  ......  ..  IR  ..  .
  ..  ..  ..  AJ  ..  ..  ..........  ......  ..  PN  ..  .
  ..  ..  ..  TW  ..  ..  ..........  ......  ..  D.  ..  .
  ..  ..  ..  VS  ..  ..  ....UU....  UU....  ..  ..  ..  .
  ..  ..  ..  QO  ..  ..  ..........  ......  ..  ..  ..  .
  ..  ..  ..  CB  ..  ..  ....FF....  FF....  ..  ..  ..  .
  ..  ..  ..  HE  ..  ..  ..........  ......  ..  ..  ..  .
  ..                                                      
  ..                                                      
  ..                                                      
  ..                                                      
     A tbl_arm_clone$tind
     B tbl_case_a_defense3_fixed_ack_delay1373$tind
     C tbl_case_a_defense3_fixed_ack_delay1382$tind
     D tbl_case_a_defense3_fixed_ack_delay1405$gw
     E tbl_case_a_defense3_fixed_ack_delay1405$tind
     F tbl_case_a_defense3_fixed_ack_delay1414$stats.Ingress.ctr_fresh
     G tbl_case_a_defense3_fixed_ack_delay1414$tind
     H tbl_case_a_defense3_fixed_ack_delay1424$tind
     I tbl_case_a_defense3_fixed_ack_delay1451$gw
     J tbl_case_a_defense3_fixed_ack_delay1451$tind
     K tbl_case_a_defense3_fixed_ack_delay1453$gw
     L tbl_case_a_defense3_fixed_ack_delay1453$tind
     M tbl_case_a_defense3_fixed_ack_delay1461$tind
     N tbl_case_a_defense3_fixed_ack_delay1488$gw
     O tbl_case_a_defense3_fixed_ack_delay1488$tind
     P tbl_case_a_defense3_fixed_ack_delay1492$gw
     Q tbl_case_a_defense3_fixed_ack_delay1492$tind
     R tbl_case_a_defense3_fixed_ack_delay1496$gw
     S tbl_case_a_defense3_fixed_ack_delay1496$tind
     T tbl_case_a_defense3_fixed_ack_delay1501$tind
     U tbl_case_a_defense3_fixed_ack_delay1503$stats.Ingress.ctr_deq
     V tbl_case_a_defense3_fixed_ack_delay1503$tind
     W tbl_to_block_1$tind
     X tbl_to_hold$gw
     Y tbl_to_hold$tind
  
can't place tbl_case_a_defense3_fixed_ack_delay1521 in stage 7 : ran out of memories: too many tables total
can't place tbl_case_a_defense3_fixed_ack_delay1407 in stage 7 : ran out of memories: too many tables total
Stage 8
  exact ixbar groups                  ternary ixbar groups
  A0B0C0..F0......E0E1E2E3D0......  .......... .. ..........
  ................E0E1E2E3........  .......... .. ..........
  ................E0E1E2E3........  .......... .. ..........
  ................................  .......... .. ..........
  ................................  .......... .. ..........
  ................................  .......... .. ..........
  ................................
  ................................
     A B10 (tbl_case_a_defense3_fixed_ack_delay1521$gw, tbl_case_a_defense3_fixed_ack_delay1531$gw)
     B B11 (tbl_case_a_defense3_fixed_ack_delay1532$gw)
     C B15 (tbl_case_a_defense3_fixed_ack_delay1544$gw)
     D W3 (tbl_case_a_defense3_fixed_ack_delay1545$gw)
     E W5 (tbl_case_a_defense3_fixed_ack_delay1544$salu, tbl_case_a_defense3_fixed_ack_delay1545$salu, tbl_case_a_defense3_fixed_ack_delay1546$salu)
     F W6 (tbl_case_a_defense3_fixed_ack_delay1546$gw)
  hash select bits  Groups  hd  /- hash dist bits --- (Groups: -1 -1)
  .... ............  .0000  ... ................................................
  .... ............  .0000  ... ................................................
  .... ............  .0000  ... ................................................
  .... ............  .0000  ... ................................................
  .... ............  .0000  ... ................................................
  .... ............  .0000  ... ................................................
  .... ............  .0000  ... ................................................
  .... ............  .0000  ... ................................................
  .... ............         ... ................................................
  .... ............         ... ................................................
  .... ............         ... ................................................
  .... ............         ... ................................................
  .... ............         ... ................................................
  .... ............         ... ................................................
  .... ............         ... ................................................
  .... ............         ... ................................................
  
  tc  sb  rb  tib ab  st  srams       mapram  ov  gw pay 2p
  ..  ..  ..  QT  ..  ..  ..........  ......  ..  OR  ..  .
  ..  ..  ..  JH  ..  ..  ..........  ......  ..  GE  ..  .
  ..  ..  ..  KF  ..  ..  ..........  ......  ..  CL  ..  .
  ..  ..  ..  DB  ..  ..  ....MM....  MM....  ..  ..  ..  .
  ..  ..  ..  N.  ..  ..  ....AA....  AA....  ..  ..  ..  .
  ..  ..  ..  ..  ..  ..  ....SS....  SS....  ..  ..  ..  .
  ..  ..  ..  ..  ..  ..  ....II....  II....  ..  ..  ..  .
  ..  ..  ..  ..  ..  ..  ....PP....  PP....  ..  ..  ..  .
  ..                                                      
  ..                                                      
  ..                                                      
  ..                                                      
     A tbl_case_a_defense3_fixed_ack_delay1407$stats.Ingress.ctr_fresh
     B tbl_case_a_defense3_fixed_ack_delay1407$tind
     C tbl_case_a_defense3_fixed_ack_delay1521$gw
     D tbl_case_a_defense3_fixed_ack_delay1521$tind
     E tbl_case_a_defense3_fixed_ack_delay1531$gw
     F tbl_case_a_defense3_fixed_ack_delay1531$tind
     G tbl_case_a_defense3_fixed_ack_delay1532$gw
     H tbl_case_a_defense3_fixed_ack_delay1532$tind
     I tbl_case_a_defense3_fixed_ack_delay1533$stats.Ingress.ctr_deq
     J tbl_case_a_defense3_fixed_ack_delay1533$tind
     K tbl_case_a_defense3_fixed_ack_delay1536$tind
     L tbl_case_a_defense3_fixed_ack_delay1544$gw
     M tbl_case_a_defense3_fixed_ack_delay1544$salu.Ingress.reg_ts_first_block
     N tbl_case_a_defense3_fixed_ack_delay1544$tind
     O tbl_case_a_defense3_fixed_ack_delay1545$gw
     P tbl_case_a_defense3_fixed_ack_delay1545$salu.Ingress.reg_ts_ack_arm
     Q tbl_case_a_defense3_fixed_ack_delay1545$tind
     R tbl_case_a_defense3_fixed_ack_delay1546$gw
     S tbl_case_a_defense3_fixed_ack_delay1546$salu.Ingress.reg_ts_block_term
     T tbl_case_a_defense3_fixed_ack_delay1546$tind
  
Table tbl_txn_active_0 delayed to stage 4 from stage 3
  stage 3: dependency (IXBAR_READ) on tbl_case_a_defense3_fixed_ack_delay1324 in stage 2
  stage 2: dependency (ANTI_NEXT_TABLE_METADATA) on tbl_case_a_defense3_fixed_ack_delay1277 in stage 1
  stage 2: dependency (ANTI_NEXT_TABLE_METADATA) on tbl_case_a_defense3_fixed_ack_delay1280 in stage 1
  stage 1: dependency (CONTROL_COND_FALSE) on tbl_case_a_defense3_fixed_ack_delay1252 in stage 0
  stage 1: dependency (ANTI_NEXT_TABLE_METADATA) on tbl_build_now_0 in stage 1
  stage 1: dependency (ANTI_NEXT_TABLE_METADATA) on tbl_build_exp_ack_0 in stage 1
  - preferred tbl_case_a_defense3_fixed_ack_delay1308(earlier stage calculated) over 512 of tbl_txn_active_0 in stage 3
  - preferred tbl_state_decode_0(fewer total dependencies in dominance frontier) over 512 of tbl_txn_active_0 in stage 3
  - preferred tbl_case_a_defense3_fixed_ack_delay1369(direct control dependency difference) over 1 of tbl_case_a_defense3_fixed_ack_delay1414 in stage 6
  - preferred tbl_case_a_defense3_fixed_ack_delay1376(direct control dependency difference) over 1 of tbl_case_a_defense3_fixed_ack_delay1414 in stage 6
Table tbl_case_a_defense3_fixed_ack_delay1407 delayed to stage 8 from stage 7
  stage 7: dependency (CONTROL_COND_FALSE) on tbl_case_a_defense3_fixed_ack_delay1405 in stage 7
  - preferred tbl_case_a_defense3_fixed_ack_delay1405(default choice) over 1 of tbl_case_a_defense3_fixed_ack_delay1407 in stage 7
