/home/philip/Projects/DNP3/defense4/timing/case4_architecture/integration/core/ordinary/evidence/e_prepare_02/source/e.p4(15): [--Wwarn=uninitialized_out_param] warning: out parameter 'm' may be uninitialized when 'EgParser' terminates
parser EgParser(packet_in pkt,out headers_t hdr,out meta_t m,out egress_intrinsic_metadata_t eg){Checksum() ic;Checksum() tc;
                                                           ^
/home/philip/Projects/DNP3/defense4/timing/case4_architecture/integration/core/ordinary/evidence/e_prepare_02/source/e.p4(15)
parser EgParser(packet_in pkt,out headers_t hdr,out meta_t m,out egress_intrinsic_metadata_t eg){Checksum() ic;Checksum() tc;
       ^^^^^^^^
/home/philip/Projects/DNP3/defense4/timing/case4_architecture/integration/core/ordinary/evidence/e_prepare_02/source/e.p4(121): [--Wwarn=uninitialized_out_param] warning: out parameter 'm' may be uninitialized when 'IgParser' terminates
parser IgParser(packet_in pkt,out headers_t hdr,out meta_t m,out ingress_intrinsic_metadata_t ig){state start{pkt.extract(ig);pkt.advance(PORT_METADATA_SIZE);transition accept;}}
                                                           ^
/home/philip/Projects/DNP3/defense4/timing/case4_architecture/integration/core/ordinary/evidence/e_prepare_02/source/e.p4(121)
parser IgParser(packet_in pkt,out headers_t hdr,out meta_t m,out ingress_intrinsic_metadata_t ig){state start{pkt.extract(ig);pkt.advance(PORT_METADATA_SIZE);transition accept;}}
       ^^^^^^^^
warning: Parser state min_parse_depth_reject_loop will be unrolled up to 4 times due to @pragma max_loop_depth.
warning: checksum.get() will deprecate in future versions. Please use void subtract_all_and_deposit(bit<16>) instead
warning: Parser state min_parse_depth_reject_loop will be unrolled up to 4 times due to @pragma max_loop_depth.
warning: checksum.get() will deprecate in future versions. Please use void subtract_all_and_deposit(bit<16>) instead
/home/philip/Projects/DNP3/defense4/timing/case4_architecture/integration/core/ordinary/evidence/e_prepare_02/source/e.p4(102): [--Werror=duplicate] error: At most one stateful ALU operation with a given address is allowed per action. Writing to egress::m.owner_done is not allowed here.
 action publish_tag(){m.tag_done=tag_write.execute(1w0);m.owner_done=owner_write.execute(1w0);}
                                                        ^^^^^^^^^^^^

1 error, 6 warnings generated.

Skipping assembler, assembly file is empty
