Subscribe attempt #1
Subscribe response received 0
Binding with p4_name handshake
Binding with p4_name handshake successful!!
Received handshake on GetForwarding on client 1, device 0
port_errors {68: 'BfruntimeReadWriteRpcException: Error(s):'}
1 {'$PORT_UP': True, '$LOOPBACK_MODE': 'BF_LPBK_NONE', '$SPEED': 'BF_SPEED_10G'}
9 {'$PORT_UP': True, '$LOOPBACK_MODE': 'BF_LPBK_NONE', '$SPEED': 'BF_SPEED_10G'}
64 {'$PORT_UP': True, '$LOOPBACK_MODE': 'BF_LPBK_NONE', '$SPEED': 'BF_SPEED_10G'}
68 get failed Error(s):
Ingress.counter [0, 0, 0, 0]
Ingress.owner [0, 0, 0, 0]
Ingress.work.work {'Ingress.work.work.generation': [0, 0, 0, 0], 'Ingress.work.work.phase': [4, 4, 4, 4], 'action_name': None, 'is_default_entry': False}
out {1: ['001122334455aabbccddeeff08004500002c00014000400626c90a0000010a00000275314e20000000640000000060021000b06e0000020405b40000'], 9: [], 68: []}
syn identical: False
Ingress.counter [1, 0, 0, 0]
Ingress.owner [131073, 0, 0, 0]
Ingress.epoch [1, 0, 0, 0]
Ingress.client [101, 0, 0, 0]
Ingress.work.work {'Ingress.work.work.generation': [1, 0, 0, 0], 'Ingress.work.work.phase': [4, 4, 4, 4], 'action_name': None, 'is_default_entry': False}
driver exit code 0
hugepages free after run: HugePages_Free: 196
