[01:42:43] === DEFENSE 4 CASE-A BOUNDED BRING-UP (20260807T014243Z) ===
[01:42:47] preflight OK: D3 loaded, 1 daemon, relay reachable, D4 build staged
[01:42:47] staging harness -> decps@10.10.54.81:/home/decps/d4_build and decps@10.10.54.19:~/d3phys
[01:42:51] staging complete
[01:42:52] pre-state recorded
[01:42:55] watchdog armed on the switch (deadline 1200s), verified alive
[01:42:55] --- loading Defense 4 (defense4_caseA) via swap_generic.sh ---
PRE: /home/decps/Downloads/bf-sde-9.13.2/install/bin/bf_switchd --install-dir /home/decps/Downloads/bf-sde-9.13.2/i
COUNT: 1
CONF NOW: conf-file /home/decps/d4_build/defense4_caseA.conf
2026-08-07 01:42:57.064693 BF_SWITCHD DEBUG -   p4_name: defense4_caseA
[01:43:38] Defense 4 loaded
[01:43:38] --- configuring setup (mode OFF, pktgen disabled) ---
RESULT: PASS (0 failures)
[01:43:39] --- txn #1 mode=OFF D_A=0 D_R=0 ---
{"txn": 1, "mode": "OFF", "strict": false, "strict_pass": null, "hard_abort": false, "notes": [], "pktgen_pkt_delta": 0, "cf_pktgen_admit_delta": 0, "queues": {"qid7": {"wm_pre": 0, "wm_post": 0, "wm_inc": 0, "drop_inc": 0}, "qid6": {"wm_pre": 0, "wm_post": 0, "wm_inc": 0, "drop_inc": 0}, "qid5": {"wm_pre": 0, "wm_post": 0, "wm_inc": 0, "drop_inc": 0}, "qid4": {"wm_pre": 0, "wm_post": 0, "wm_inc": 0, "drop_inc": 0}}, "responded": 1, "ack_before_resp": true, "order_inconclusive": false, "clrt_ms": 1.8239021301269531, "read_to_resp_ms": 2.343893051147461}
[01:43:46] --- txn #2 mode=D1 D_A=0x8000 D_R=0x8000 ---
{"txn": 2, "mode": "D1", "strict": true, "strict_pass": true, "hard_abort": false, "notes": [], "pktgen_pkt_delta": 128, "cf_pktgen_admit_delta": 128, "queues": {"qid7": {"wm_pre": 0, "wm_post": 43, "wm_inc": 43, "drop_inc": 0}, "qid6": {"wm_pre": 0, "wm_post": 1, "wm_inc": 1, "drop_inc": 0}, "qid5": {"wm_pre": 0, "wm_post": 64, "wm_inc": 64, "drop_inc": 0}, "qid4": {"wm_pre": 0, "wm_post": 3, "wm_inc": 3, "drop_inc": 0}}, "responded": 1, "ack_before_resp": true, "order_inconclusive": false, "clrt_ms": 0.04887580871582031, "read_to_resp_ms": 8.002996444702148, "strict_checks": {"pktgen_pkt_delta==128": true, "cf_pktgen_admit_delta==128": true, "qid7_watermark_increased": true, "qid5_watermark_increased": true, "qid4_watermark_increased_held": true, "ack_not_after_resp_on_wire": true, "no_tm_drops": true}}
[01:43:54] FIRST PROTECTED READ: strict evidence PASS
[01:43:54] --- txn #3 mode=D1 D_A=0x8000 D_R=0x8000 ---
{"txn": 3, "mode": "D1", "strict": false, "strict_pass": null, "hard_abort": false, "notes": [], "pktgen_pkt_delta": 128, "cf_pktgen_admit_delta": 128, "queues": {"qid7": {"wm_pre": 43, "wm_post": 43, "wm_inc": 0, "drop_inc": 0}, "qid6": {"wm_pre": 1, "wm_post": 1, "wm_inc": 0, "drop_inc": 0}, "qid5": {"wm_pre": 64, "wm_post": 64, "wm_inc": 0, "drop_inc": 0}, "qid4": {"wm_pre": 3, "wm_post": 3, "wm_inc": 0, "drop_inc": 0}}, "responded": 1, "ack_before_resp": true, "order_inconclusive": false, "clrt_ms": 0.04410743713378906, "read_to_resp_ms": 6.192207336425781}
[01:44:01] --- txn #4 mode=D1 D_A=0x8000 D_R=0x8000 ---
{"txn": 4, "mode": "D1", "strict": false, "strict_pass": null, "hard_abort": false, "notes": [], "pktgen_pkt_delta": 128, "cf_pktgen_admit_delta": 128, "queues": {"qid7": {"wm_pre": 43, "wm_post": 43, "wm_inc": 0, "drop_inc": 0}, "qid6": {"wm_pre": 1, "wm_post": 1, "wm_inc": 0, "drop_inc": 0}, "qid5": {"wm_pre": 64, "wm_post": 64, "wm_inc": 0, "drop_inc": 0}, "qid4": {"wm_pre": 3, "wm_post": 3, "wm_inc": 0, "drop_inc": 0}}, "responded": 1, "ack_before_resp": true, "order_inconclusive": false, "clrt_ms": 0.030040740966796875, "read_to_resp_ms": 2.3469924926757812}
[01:44:08] --- txn #5 mode=D1 D_A=0x8000 D_R=0x8000 ---
{"txn": 5, "mode": "D1", "strict": false, "strict_pass": null, "hard_abort": false, "notes": [], "pktgen_pkt_delta": 128, "cf_pktgen_admit_delta": 128, "queues": {"qid7": {"wm_pre": 43, "wm_post": 43, "wm_inc": 0, "drop_inc": 0}, "qid6": {"wm_pre": 1, "wm_post": 1, "wm_inc": 0, "drop_inc": 0}, "qid5": {"wm_pre": 64, "wm_post": 64, "wm_inc": 0, "drop_inc": 0}, "qid4": {"wm_pre": 3, "wm_post": 3, "wm_inc": 0, "drop_inc": 0}}, "responded": 1, "ack_before_resp": false, "order_inconclusive": true, "clrt_ms": 0.0, "read_to_resp_ms": 3.434896469116211}
[01:44:15] --- txn #6 mode=D1 D_A=0x8000 D_R=0x8000 ---
{"txn": 6, "mode": "D1", "strict": false, "strict_pass": null, "hard_abort": false, "notes": [], "pktgen_pkt_delta": 128, "cf_pktgen_admit_delta": 128, "queues": {"qid7": {"wm_pre": 43, "wm_post": 43, "wm_inc": 0, "drop_inc": 0}, "qid6": {"wm_pre": 1, "wm_post": 1, "wm_inc": 0, "drop_inc": 0}, "qid5": {"wm_pre": 64, "wm_post": 64, "wm_inc": 0, "drop_inc": 0}, "qid4": {"wm_pre": 3, "wm_post": 3, "wm_inc": 0, "drop_inc": 0}}, "responded": 1, "ack_before_resp": true, "order_inconclusive": false, "clrt_ms": 0.030994415283203125, "read_to_resp_ms": 2.4368762969970703}
[01:44:22] --- txn #7 mode=D1 D_A=0x8000 D_R=0x8000 ---
{"txn": 7, "mode": "D1", "strict": false, "strict_pass": null, "hard_abort": false, "notes": [], "pktgen_pkt_delta": 128, "cf_pktgen_admit_delta": 128, "queues": {"qid7": {"wm_pre": 43, "wm_post": 43, "wm_inc": 0, "drop_inc": 0}, "qid6": {"wm_pre": 1, "wm_post": 1, "wm_inc": 0, "drop_inc": 0}, "qid5": {"wm_pre": 64, "wm_post": 64, "wm_inc": 0, "drop_inc": 0}, "qid4": {"wm_pre": 3, "wm_post": 3, "wm_inc": 0, "drop_inc": 0}}, "responded": 1, "ack_before_resp": true, "order_inconclusive": false, "clrt_ms": 0.0400543212890625, "read_to_resp_ms": 4.579067230224609}
[01:44:28] --- txn #8 mode=D1 D_A=0x8000 D_R=0x8000 ---
{"txn": 8, "mode": "D1", "strict": false, "strict_pass": null, "hard_abort": false, "notes": [], "pktgen_pkt_delta": 128, "cf_pktgen_admit_delta": 128, "queues": {"qid7": {"wm_pre": 43, "wm_post": 43, "wm_inc": 0, "drop_inc": 0}, "qid6": {"wm_pre": 1, "wm_post": 1, "wm_inc": 0, "drop_inc": 0}, "qid5": {"wm_pre": 64, "wm_post": 64, "wm_inc": 0, "drop_inc": 0}, "qid4": {"wm_pre": 3, "wm_post": 3, "wm_inc": 0, "drop_inc": 0}}, "responded": 1, "ack_before_resp": true, "order_inconclusive": false, "clrt_ms": 0.030994415283203125, "read_to_resp_ms": 2.376079559326172}
[01:44:35] --- txn #9 mode=D1 D_A=0x8000 D_R=0x8000 ---
{"txn": 9, "mode": "D1", "strict": false, "strict_pass": null, "hard_abort": false, "notes": [], "pktgen_pkt_delta": 128, "cf_pktgen_admit_delta": 128, "queues": {"qid7": {"wm_pre": 43, "wm_post": 43, "wm_inc": 0, "drop_inc": 0}, "qid6": {"wm_pre": 1, "wm_post": 1, "wm_inc": 0, "drop_inc": 0}, "qid5": {"wm_pre": 64, "wm_post": 64, "wm_inc": 0, "drop_inc": 0}, "qid4": {"wm_pre": 3, "wm_post": 3, "wm_inc": 0, "drop_inc": 0}}, "responded": 1, "ack_before_resp": true, "order_inconclusive": false, "clrt_ms": 0.030040740966796875, "read_to_resp_ms": 4.746913909912109}
[01:44:42] --- txn #10 mode=D1 D_A=0x8000 D_R=0x8000 ---
{"txn": 10, "mode": "D1", "strict": false, "strict_pass": null, "hard_abort": false, "notes": [], "pktgen_pkt_delta": 128, "cf_pktgen_admit_delta": 128, "queues": {"qid7": {"wm_pre": 43, "wm_post": 43, "wm_inc": 0, "drop_inc": 0}, "qid6": {"wm_pre": 1, "wm_post": 1, "wm_inc": 0, "drop_inc": 0}, "qid5": {"wm_pre": 64, "wm_post": 64, "wm_inc": 0, "drop_inc": 0}, "qid4": {"wm_pre": 3, "wm_post": 3, "wm_inc": 0, "drop_inc": 0}}, "responded": 1, "ack_before_resp": true, "order_inconclusive": false, "clrt_ms": 0.029087066650390625, "read_to_resp_ms": 4.93311882019043}
[01:44:49] --- txn #11 mode=D1 D_A=0x8000 D_R=0x8000 ---
{"txn": 11, "mode": "D1", "strict": false, "strict_pass": null, "hard_abort": false, "notes": [], "pktgen_pkt_delta": 128, "cf_pktgen_admit_delta": 128, "queues": {"qid7": {"wm_pre": 43, "wm_post": 43, "wm_inc": 0, "drop_inc": 0}, "qid6": {"wm_pre": 1, "wm_post": 1, "wm_inc": 0, "drop_inc": 0}, "qid5": {"wm_pre": 64, "wm_post": 64, "wm_inc": 0, "drop_inc": 0}, "qid4": {"wm_pre": 3, "wm_post": 3, "wm_inc": 0, "drop_inc": 0}}, "responded": 1, "ack_before_resp": true, "order_inconclusive": false, "clrt_ms": 0.00095367431640625, "read_to_resp_ms": 3.3321380615234375}
[01:44:57] --- txn #12 mode=D1 D_A=0x8000 D_R=0x8000 ---
{"txn": 12, "mode": "D1", "strict": false, "strict_pass": null, "hard_abort": false, "notes": [], "pktgen_pkt_delta": 128, "cf_pktgen_admit_delta": 128, "queues": {"qid7": {"wm_pre": 43, "wm_post": 43, "wm_inc": 0, "drop_inc": 0}, "qid6": {"wm_pre": 1, "wm_post": 1, "wm_inc": 0, "drop_inc": 0}, "qid5": {"wm_pre": 64, "wm_post": 64, "wm_inc": 0, "drop_inc": 0}, "qid4": {"wm_pre": 3, "wm_post": 3, "wm_inc": 0, "drop_inc": 0}}, "responded": 1, "ack_before_resp": true, "order_inconclusive": false, "clrt_ms": 0.032901763916015625, "read_to_resp_ms": 3.304004669189453}
[01:45:04] --- txn #13 mode=D1 D_A=0x8000 D_R=0x8000 ---
{"txn": 13, "mode": "D1", "strict": false, "strict_pass": null, "hard_abort": false, "notes": [], "pktgen_pkt_delta": 128, "cf_pktgen_admit_delta": 128, "queues": {"qid7": {"wm_pre": 43, "wm_post": 43, "wm_inc": 0, "drop_inc": 0}, "qid6": {"wm_pre": 1, "wm_post": 1, "wm_inc": 0, "drop_inc": 0}, "qid5": {"wm_pre": 64, "wm_post": 64, "wm_inc": 0, "drop_inc": 0}, "qid4": {"wm_pre": 3, "wm_post": 3, "wm_inc": 0, "drop_inc": 0}}, "responded": 1, "ack_before_resp": true, "order_inconclusive": false, "clrt_ms": 0.030994415283203125, "read_to_resp_ms": 3.39508056640625}
[01:45:11] --- txn #14 mode=D1 D_A=0x8000 D_R=0x8000 ---
{"txn": 14, "mode": "D1", "strict": false, "strict_pass": null, "hard_abort": false, "notes": [], "pktgen_pkt_delta": 128, "cf_pktgen_admit_delta": 128, "queues": {"qid7": {"wm_pre": 43, "wm_post": 43, "wm_inc": 0, "drop_inc": 0}, "qid6": {"wm_pre": 1, "wm_post": 1, "wm_inc": 0, "drop_inc": 0}, "qid5": {"wm_pre": 64, "wm_post": 64, "wm_inc": 0, "drop_inc": 0}, "qid4": {"wm_pre": 3, "wm_post": 3, "wm_inc": 0, "drop_inc": 0}}, "responded": 1, "ack_before_resp": true, "order_inconclusive": false, "clrt_ms": 0.030040740966796875, "read_to_resp_ms": 2.3479461669921875}
[01:45:18] --- txn #15 mode=D1 D_A=0x8000 D_R=0x8000 ---
{"txn": 15, "mode": "D1", "strict": false, "strict_pass": null, "hard_abort": false, "notes": [], "pktgen_pkt_delta": 128, "cf_pktgen_admit_delta": 128, "queues": {"qid7": {"wm_pre": 43, "wm_post": 43, "wm_inc": 0, "drop_inc": 0}, "qid6": {"wm_pre": 1, "wm_post": 1, "wm_inc": 0, "drop_inc": 0}, "qid5": {"wm_pre": 64, "wm_post": 64, "wm_inc": 0, "drop_inc": 0}, "qid4": {"wm_pre": 3, "wm_post": 3, "wm_inc": 0, "drop_inc": 0}}, "responded": 1, "ack_before_resp": true, "order_inconclusive": false, "clrt_ms": 0.030994415283203125, "read_to_resp_ms": 3.5619735717773438}
[01:45:25] --- txn #16 mode=D1 D_A=0x8000 D_R=0x8000 ---
{"txn": 16, "mode": "D1", "strict": false, "strict_pass": null, "hard_abort": false, "notes": [], "pktgen_pkt_delta": 128, "cf_pktgen_admit_delta": 128, "queues": {"qid7": {"wm_pre": 43, "wm_post": 43, "wm_inc": 0, "drop_inc": 0}, "qid6": {"wm_pre": 1, "wm_post": 1, "wm_inc": 0, "drop_inc": 0}, "qid5": {"wm_pre": 64, "wm_post": 64, "wm_inc": 0, "drop_inc": 0}, "qid4": {"wm_pre": 3, "wm_post": 3, "wm_inc": 0, "drop_inc": 0}}, "responded": 1, "ack_before_resp": true, "order_inconclusive": false, "clrt_ms": 0.04100799560546875, "read_to_resp_ms": 3.3168792724609375}
[01:45:32] --- txn #17 mode=D1 D_A=0x8000 D_R=0x8000 ---
{"txn": 17, "mode": "D1", "strict": false, "strict_pass": null, "hard_abort": false, "notes": [], "pktgen_pkt_delta": 128, "cf_pktgen_admit_delta": 128, "queues": {"qid7": {"wm_pre": 43, "wm_post": 43, "wm_inc": 0, "drop_inc": 0}, "qid6": {"wm_pre": 1, "wm_post": 1, "wm_inc": 0, "drop_inc": 0}, "qid5": {"wm_pre": 64, "wm_post": 64, "wm_inc": 0, "drop_inc": 0}, "qid4": {"wm_pre": 3, "wm_post": 3, "wm_inc": 0, "drop_inc": 0}}, "responded": 1, "ack_before_resp": true, "order_inconclusive": false, "clrt_ms": 0.03409385681152344, "read_to_resp_ms": 2.418994903564453}
[01:45:39] --- txn #18 mode=D1 D_A=0x8000 D_R=0x8000 ---
{"txn": 18, "mode": "D1", "strict": false, "strict_pass": null, "hard_abort": false, "notes": [], "pktgen_pkt_delta": 128, "cf_pktgen_admit_delta": 128, "queues": {"qid7": {"wm_pre": 43, "wm_post": 43, "wm_inc": 0, "drop_inc": 0}, "qid6": {"wm_pre": 1, "wm_post": 1, "wm_inc": 0, "drop_inc": 0}, "qid5": {"wm_pre": 64, "wm_post": 64, "wm_inc": 0, "drop_inc": 0}, "qid4": {"wm_pre": 3, "wm_post": 3, "wm_inc": 0, "drop_inc": 0}}, "responded": 1, "ack_before_resp": true, "order_inconclusive": false, "clrt_ms": 0.031948089599609375, "read_to_resp_ms": 7.842063903808594}
[01:45:46] --- txn #19 mode=D2 D_A=0 D_R=0x8000 ---
{"txn": 19, "mode": "D2", "strict": false, "strict_pass": null, "hard_abort": false, "notes": [], "pktgen_pkt_delta": 128, "cf_pktgen_admit_delta": 128, "queues": {"qid7": {"wm_pre": 43, "wm_post": 43, "wm_inc": 0, "drop_inc": 0}, "qid6": {"wm_pre": 1, "wm_post": 1, "wm_inc": 0, "drop_inc": 0}, "qid5": {"wm_pre": 64, "wm_post": 64, "wm_inc": 0, "drop_inc": 0}, "qid4": {"wm_pre": 3, "wm_post": 3, "wm_inc": 0, "drop_inc": 0}}, "responded": 1, "ack_before_resp": true, "order_inconclusive": false, "clrt_ms": 5.450963973999023, "read_to_resp_ms": 6.008148193359375}
[01:45:53] --- txn #20 mode=D2 D_A=0 D_R=0x8000 ---
{"txn": 20, "mode": "D2", "strict": false, "strict_pass": null, "hard_abort": false, "notes": [], "pktgen_pkt_delta": 128, "cf_pktgen_admit_delta": 128, "queues": {"qid7": {"wm_pre": 43, "wm_post": 43, "wm_inc": 0, "drop_inc": 0}, "qid6": {"wm_pre": 1, "wm_post": 1, "wm_inc": 0, "drop_inc": 0}, "qid5": {"wm_pre": 64, "wm_post": 64, "wm_inc": 0, "drop_inc": 0}, "qid4": {"wm_pre": 3, "wm_post": 3, "wm_inc": 0, "drop_inc": 0}}, "responded": 1, "ack_before_resp": true, "order_inconclusive": false, "clrt_ms": 1.8329620361328125, "read_to_resp_ms": 2.3109912872314453}
[01:46:00] --- txn #21 mode=D2 D_A=0 D_R=0x8000 ---
{"txn": 21, "mode": "D2", "strict": false, "strict_pass": null, "hard_abort": false, "notes": [], "pktgen_pkt_delta": 128, "cf_pktgen_admit_delta": 128, "queues": {"qid7": {"wm_pre": 43, "wm_post": 43, "wm_inc": 0, "drop_inc": 0}, "qid6": {"wm_pre": 1, "wm_post": 1, "wm_inc": 0, "drop_inc": 0}, "qid5": {"wm_pre": 64, "wm_post": 64, "wm_inc": 0, "drop_inc": 0}, "qid4": {"wm_pre": 3, "wm_post": 3, "wm_inc": 0, "drop_inc": 0}}, "responded": 1, "ack_before_resp": true, "order_inconclusive": false, "clrt_ms": 2.042055130004883, "read_to_resp_ms": 2.523183822631836}
[01:46:07] --- txn #22 mode=D2 D_A=0 D_R=0x8000 ---
{"txn": 22, "mode": "D2", "strict": false, "strict_pass": null, "hard_abort": false, "notes": [], "pktgen_pkt_delta": 128, "cf_pktgen_admit_delta": 128, "queues": {"qid7": {"wm_pre": 43, "wm_post": 43, "wm_inc": 0, "drop_inc": 0}, "qid6": {"wm_pre": 1, "wm_post": 1, "wm_inc": 0, "drop_inc": 0}, "qid5": {"wm_pre": 64, "wm_post": 64, "wm_inc": 0, "drop_inc": 0}, "qid4": {"wm_pre": 3, "wm_post": 3, "wm_inc": 0, "drop_inc": 0}}, "responded": 1, "ack_before_resp": true, "order_inconclusive": false, "clrt_ms": 4.784107208251953, "read_to_resp_ms": 5.290985107421875}
[01:46:14] --- txn #23 mode=D2 D_A=0 D_R=0x8000 ---
{"txn": 23, "mode": "D2", "strict": false, "strict_pass": null, "hard_abort": false, "notes": [], "pktgen_pkt_delta": 128, "cf_pktgen_admit_delta": 128, "queues": {"qid7": {"wm_pre": 43, "wm_post": 43, "wm_inc": 0, "drop_inc": 0}, "qid6": {"wm_pre": 1, "wm_post": 1, "wm_inc": 0, "drop_inc": 0}, "qid5": {"wm_pre": 64, "wm_post": 64, "wm_inc": 0, "drop_inc": 0}, "qid4": {"wm_pre": 3, "wm_post": 3, "wm_inc": 0, "drop_inc": 0}}, "responded": 1, "ack_before_resp": true, "order_inconclusive": false, "clrt_ms": 5.999088287353516, "read_to_resp_ms": 6.55817985534668}
[01:46:21] --- txn #24 mode=D4 D_A=0x8000 D_R=0x8000 ---
{"txn": 24, "mode": "D4", "strict": false, "strict_pass": null, "hard_abort": false, "notes": [], "pktgen_pkt_delta": 128, "cf_pktgen_admit_delta": 128, "queues": {"qid7": {"wm_pre": 43, "wm_post": 43, "wm_inc": 0, "drop_inc": 0}, "qid6": {"wm_pre": 1, "wm_post": 1, "wm_inc": 0, "drop_inc": 0}, "qid5": {"wm_pre": 64, "wm_post": 64, "wm_inc": 0, "drop_inc": 0}, "qid4": {"wm_pre": 3, "wm_post": 3, "wm_inc": 0, "drop_inc": 0}}, "responded": 1, "ack_before_resp": true, "order_inconclusive": false, "clrt_ms": 3.3080577850341797, "read_to_resp_ms": 3.782987594604492}
[01:46:28] --- txn #25 mode=D4 D_A=0x8000 D_R=0x8000 ---
{"txn": 25, "mode": "D4", "strict": false, "strict_pass": null, "hard_abort": false, "notes": [], "pktgen_pkt_delta": 128, "cf_pktgen_admit_delta": 128, "queues": {"qid7": {"wm_pre": 43, "wm_post": 43, "wm_inc": 0, "drop_inc": 0}, "qid6": {"wm_pre": 1, "wm_post": 1, "wm_inc": 0, "drop_inc": 0}, "qid5": {"wm_pre": 64, "wm_post": 64, "wm_inc": 0, "drop_inc": 0}, "qid4": {"wm_pre": 3, "wm_post": 3, "wm_inc": 0, "drop_inc": 0}}, "responded": 1, "ack_before_resp": true, "order_inconclusive": false, "clrt_ms": 1.8038749694824219, "read_to_resp_ms": 2.315998077392578}
[01:46:35] --- txn #26 mode=D4 D_A=0x8000 D_R=0x8000 ---
{"txn": 26, "mode": "D4", "strict": false, "strict_pass": null, "hard_abort": false, "notes": [], "pktgen_pkt_delta": 128, "cf_pktgen_admit_delta": 128, "queues": {"qid7": {"wm_pre": 43, "wm_post": 43, "wm_inc": 0, "drop_inc": 0}, "qid6": {"wm_pre": 1, "wm_post": 1, "wm_inc": 0, "drop_inc": 0}, "qid5": {"wm_pre": 64, "wm_post": 64, "wm_inc": 0, "drop_inc": 0}, "qid4": {"wm_pre": 3, "wm_post": 3, "wm_inc": 0, "drop_inc": 0}}, "responded": 1, "ack_before_resp": true, "order_inconclusive": false, "clrt_ms": 1.8448829650878906, "read_to_resp_ms": 2.3179054260253906}
[01:46:42] --- txn #27 mode=D4 D_A=0x8000 D_R=0x8000 ---
{"txn": 27, "mode": "D4", "strict": false, "strict_pass": null, "hard_abort": false, "notes": [], "pktgen_pkt_delta": 128, "cf_pktgen_admit_delta": 128, "queues": {"qid7": {"wm_pre": 43, "wm_post": 43, "wm_inc": 0, "drop_inc": 0}, "qid6": {"wm_pre": 1, "wm_post": 1, "wm_inc": 0, "drop_inc": 0}, "qid5": {"wm_pre": 64, "wm_post": 64, "wm_inc": 0, "drop_inc": 0}, "qid4": {"wm_pre": 3, "wm_post": 3, "wm_inc": 0, "drop_inc": 0}}, "responded": 1, "ack_before_resp": true, "order_inconclusive": false, "clrt_ms": 2.897024154663086, "read_to_resp_ms": 3.3550262451171875}
[01:46:49] --- txn #28 mode=D4 D_A=0x8000 D_R=0x8000 ---
{"txn": 28, "mode": "D4", "strict": false, "strict_pass": null, "hard_abort": false, "notes": [], "pktgen_pkt_delta": 128, "cf_pktgen_admit_delta": 128, "queues": {"qid7": {"wm_pre": 43, "wm_post": 43, "wm_inc": 0, "drop_inc": 0}, "qid6": {"wm_pre": 1, "wm_post": 1, "wm_inc": 0, "drop_inc": 0}, "qid5": {"wm_pre": 64, "wm_post": 64, "wm_inc": 0, "drop_inc": 0}, "qid4": {"wm_pre": 3, "wm_post": 3, "wm_inc": 0, "drop_inc": 0}}, "responded": 1, "ack_before_resp": true, "order_inconclusive": false, "clrt_ms": 2.8409957885742188, "read_to_resp_ms": 3.4058094024658203}
[01:46:55] --- txn #29 mode=D4 D_A=0x8000 D_R=0x8000 ---
{"txn": 29, "mode": "D4", "strict": false, "strict_pass": null, "hard_abort": false, "notes": [], "pktgen_pkt_delta": 128, "cf_pktgen_admit_delta": 128, "queues": {"qid7": {"wm_pre": 43, "wm_post": 43, "wm_inc": 0, "drop_inc": 0}, "qid6": {"wm_pre": 1, "wm_post": 1, "wm_inc": 0, "drop_inc": 0}, "qid5": {"wm_pre": 64, "wm_post": 64, "wm_inc": 0, "drop_inc": 0}, "qid4": {"wm_pre": 3, "wm_post": 3, "wm_inc": 0, "drop_inc": 0}}, "responded": 1, "ack_before_resp": true, "order_inconclusive": false, "clrt_ms": 1.837015151977539, "read_to_resp_ms": 3.2799243927001953}
[01:47:03] --- txn #30 mode=D4 D_A=0x8000 D_R=0x8000 ---
{"txn": 30, "mode": "D4", "strict": false, "strict_pass": null, "hard_abort": false, "notes": [], "pktgen_pkt_delta": 128, "cf_pktgen_admit_delta": 128, "queues": {"qid7": {"wm_pre": 43, "wm_post": 43, "wm_inc": 0, "drop_inc": 0}, "qid6": {"wm_pre": 1, "wm_post": 1, "wm_inc": 0, "drop_inc": 0}, "qid5": {"wm_pre": 64, "wm_post": 64, "wm_inc": 0, "drop_inc": 0}, "qid4": {"wm_pre": 3, "wm_post": 3, "wm_inc": 0, "drop_inc": 0}}, "responded": 1, "ack_before_resp": true, "order_inconclusive": false, "clrt_ms": 3.741025924682617, "read_to_resp_ms": 4.2572021484375}
[01:47:10] --- txn #31 mode=D4 D_A=0x8000 D_R=0x8000 ---
{"txn": 31, "mode": "D4", "strict": false, "strict_pass": null, "hard_abort": false, "notes": [], "pktgen_pkt_delta": 128, "cf_pktgen_admit_delta": 128, "queues": {"qid7": {"wm_pre": 43, "wm_post": 43, "wm_inc": 0, "drop_inc": 0}, "qid6": {"wm_pre": 1, "wm_post": 1, "wm_inc": 0, "drop_inc": 0}, "qid5": {"wm_pre": 64, "wm_post": 64, "wm_inc": 0, "drop_inc": 0}, "qid4": {"wm_pre": 3, "wm_post": 3, "wm_inc": 0, "drop_inc": 0}}, "responded": 1, "ack_before_resp": true, "order_inconclusive": false, "clrt_ms": 5.352020263671875, "read_to_resp_ms": 5.943059921264648}
[01:47:17] --- txn #32 mode=D4 D_A=0x8000 D_R=0x8000 ---
{"txn": 32, "mode": "D4", "strict": false, "strict_pass": null, "hard_abort": false, "notes": [], "pktgen_pkt_delta": 128, "cf_pktgen_admit_delta": 128, "queues": {"qid7": {"wm_pre": 43, "wm_post": 43, "wm_inc": 0, "drop_inc": 0}, "qid6": {"wm_pre": 1, "wm_post": 1, "wm_inc": 0, "drop_inc": 0}, "qid5": {"wm_pre": 64, "wm_post": 64, "wm_inc": 0, "drop_inc": 0}, "qid4": {"wm_pre": 3, "wm_post": 3, "wm_inc": 0, "drop_inc": 0}}, "responded": 1, "ack_before_resp": true, "order_inconclusive": false, "clrt_ms": 4.498958587646484, "read_to_resp_ms": 4.992008209228516}
[01:47:24] --- txn #33 mode=D4 D_A=0x8000 D_R=0x8000 ---
{"txn": 33, "mode": "D4", "strict": false, "strict_pass": null, "hard_abort": false, "notes": [], "pktgen_pkt_delta": 128, "cf_pktgen_admit_delta": 128, "queues": {"qid7": {"wm_pre": 43, "wm_post": 43, "wm_inc": 0, "drop_inc": 0}, "qid6": {"wm_pre": 1, "wm_post": 1, "wm_inc": 0, "drop_inc": 0}, "qid5": {"wm_pre": 64, "wm_post": 64, "wm_inc": 0, "drop_inc": 0}, "qid4": {"wm_pre": 3, "wm_post": 3, "wm_inc": 0, "drop_inc": 0}}, "responded": 1, "ack_before_resp": true, "order_inconclusive": false, "clrt_ms": 2.8998851776123047, "read_to_resp_ms": 3.3979415893554688}
[01:47:31] --- txn #34 mode=FAIL_OPEN D_A=0 D_R=0 ---
{"txn": 34, "mode": "FAIL_OPEN", "strict": false, "strict_pass": null, "hard_abort": false, "notes": [], "pktgen_pkt_delta": 0, "cf_pktgen_admit_delta": 0, "queues": {"qid7": {"wm_pre": 43, "wm_post": 43, "wm_inc": 0, "drop_inc": 0}, "qid6": {"wm_pre": 1, "wm_post": 1, "wm_inc": 0, "drop_inc": 0}, "qid5": {"wm_pre": 64, "wm_post": 64, "wm_inc": 0, "drop_inc": 0}, "qid4": {"wm_pre": 3, "wm_post": 3, "wm_inc": 0, "drop_inc": 0}}, "responded": 1, "ack_before_resp": true, "order_inconclusive": false, "clrt_ms": 2.977132797241211, "read_to_resp_ms": 3.4110546112060547}
[01:47:38] === schedule complete: 34 transactions driven, provisional verdict=PASS ===
[01:47:38] on_exit rc=0 — rolling back
[01:47:38] === ROLLBACK: restoring Defense 3 on the switch ===
[rollback 01:47:39] cold-reloading Defense 3 via swap_generic.sh (found n=1 prog='defense4_caseA') ...
PRE: /home/decps/Downloads/bf-sde-9.13.2/install/bin/bf_switchd --install-dir /home/decps/Downloads/bf-sde-9.13.2/i
COUNT: 1
CONF NOW: conf-file /home/decps/d3/d3_final.conf
2026-08-07 01:47:40.249242 BF_SWITCHD DEBUG -   p4_name: case_a_defense3
[rollback 01:48:20] restoring Defense 3 operational config (--config --arm-blockers) ...
[rollback 01:48:20] Defense 3 restored + operational (program loaded, ports/queues/mirror configured, blockers armed)
[01:48:22] Defense 3 restored (prog=case_a_defense3, 1 daemon)
[01:48:24] forwarding verified (relay reachable through the switch)
[01:48:24] watchdog completion marker written -> watchdog stands down
