{
  "artifact_sha256": {},
  "command": [
    "/home/philip/bf-sde-9.13.1/install/bin/bf-p4c",
    "--target",
    "tofino",
    "--arch",
    "tna",
    "-g",
    "-o",
    "/home/philip/Projects/DNP3/defense4/timing/case4_architecture/integration/evidence/route_ab_01/b1_slice_opdone/out",
    "/home/philip/Projects/DNP3/defense4/timing/case4_architecture/integration/evidence/route_ab_01/b1_slice_opdone/source/operate_slice.p4"
  ],
  "compile_log_sha256": "947eca00b61b54d60bb01fd3e9da58119a56869447514dd6d2732dae00743354",
  "compiler": "p4c 9.13.1 (SHA: e558d01)",
  "compiler_path": "/home/philip/bf-sde-9.13.1/install/bin/bf-p4c",
  "compiler_sha256": "e75d059fb5bba9cdf2bdda9a8430e31a997077e27dd3f156e5de34e38339ff41",
  "elapsed_seconds": 6.309,
  "exit_code": 2,
  "full_target": false,
  "milestone": "compile_failed",
  "source": "/home/philip/Projects/DNP3/defense4/timing/case4_architecture/integration/read/operate_slice.p4",
  "source_files": {
    "operate_slice.p4": "3484c0537bb55837547e8a109c69ea5235e53a993e05cc9f188f65537981f3af",
    "ports.p4": "17295a0654f7efa638efb68e0bb6c583f1636f11f6bda4b41ab5d16ff9e07c91",
    "probe_shell.p4": "e76fb20bc38f6222e11ac8f9b7a76c1ce02587181773223f8a6f2fbb712f910e"
  },
  "source_sha256": "3484c0537bb55837547e8a109c69ea5235e53a993e05cc9f188f65537981f3af",
  "timeout_seconds": 300
}
