{
  "artifact_sha256": {},
  "command": [
    "/home/philip/bf-sde-9.13.1/install/bin/bf-p4c",
    "--target",
    "tofino",
    "--arch",
    "tna",
    "-g",
    "-o",
    "/home/philip/Projects/DNP3/defense4/timing/case4_architecture/integration/evidence/route_ab_01/final4_full_local/out",
    "/home/philip/Projects/DNP3/defense4/timing/case4_architecture/integration/evidence/route_ab_01/final4_full_local/source/read_queue_timing.p4"
  ],
  "compile_log_sha256": "4f7c6969ea21fb7568f5e35ab1672107076c375f1efabb3ff96c188546e6958e",
  "compiler": "p4c 9.13.1 (SHA: e558d01)",
  "compiler_path": "/home/philip/bf-sde-9.13.1/install/bin/bf-p4c",
  "compiler_sha256": "e75d059fb5bba9cdf2bdda9a8430e31a997077e27dd3f156e5de34e38339ff41",
  "elapsed_seconds": 23.789,
  "exit_code": 2,
  "full_target": false,
  "milestone": "compile_failed",
  "source": "/home/philip/Projects/DNP3/defense4/timing/case4_architecture/integration/read/read_queue_timing.p4",
  "source_files": {
    "ports.p4": "17295a0654f7efa638efb68e0bb6c583f1636f11f6bda4b41ab5d16ff9e07c91",
    "probe_shell.p4": "e76fb20bc38f6222e11ac8f9b7a76c1ce02587181773223f8a6f2fbb712f910e",
    "read_queue_timing.p4": "e38153f96a576b9458e9a82950ab900f15e3b59d9ef64c571b26c803799b60f5"
  },
  "source_sha256": "e38153f96a576b9458e9a82950ab900f15e3b59d9ef64c571b26c803799b60f5",
  "timeout_seconds": 300
}
