{
  "artifact_sha256": {
    "bfrt.json": "9266c69ee2f3c97363118c2ad08ff33c0ffdcb72b3fb097d052a6ce9288ab76e",
    "manifest.json": "dee7448c715c580ac133592eeef4aa42bdc96d45af46a18b62c28b1e9dd1e364",
    "pipe/context.json": "5c12224d1e2857520ddb0947150689eb019bbd46f3614978fb505b77b5a8c8cd",
    "pipe/read_queue_timing.bfa": "c369bf5e6087fa820a92d48c16e6bdcfa0223bedeadd772cffb9faeb4ab45e37",
    "pipe/tofino.bin": "2f0de402e58c9a02dcd49c77f058a051d2e66293b59c3a3e2c4850a64dbfa901",
    "read_queue_timing.conf": "030553c182c8b6d45ead7789f21315bb72fcd56441870ab30852d57078d2e9cf"
  },
  "command": [
    "/home/philip/bf-sde-9.13.1/install/bin/bf-p4c",
    "--target",
    "tofino",
    "--arch",
    "tna",
    "-g",
    "-o",
    "/home/philip/Projects/DNP3/defense4/timing/case4_architecture/integration/evidence/route_ab_01/final7_full_local/out",
    "/home/philip/Projects/DNP3/defense4/timing/case4_architecture/integration/evidence/route_ab_01/final7_full_local/source/read_queue_timing.p4"
  ],
  "compile_log_sha256": "f28d1f3dc899cf236efadba1232ec1c1f12346c02f575dfeb3a99594b041e9d0",
  "compiler": "p4c 9.13.1 (SHA: e558d01)",
  "compiler_path": "/home/philip/bf-sde-9.13.1/install/bin/bf-p4c",
  "compiler_sha256": "e75d059fb5bba9cdf2bdda9a8430e31a997077e27dd3f156e5de34e38339ff41",
  "elapsed_seconds": 9.041,
  "exit_code": 0,
  "full_target": false,
  "milestone": "primitive_compiled",
  "resources": {
    "critical_path": 9,
    "report_sha256": {
      "pipe/logs/mau.resources.log": "8d9da32fa024058393d404e53746974acc9d5862f0bf378e6f9bda58f70ede95",
      "pipe/logs/phv.json": "e8e34e5e39adbf07200ec5d091a928ca819ee73881c8659e60456f95a6df00a6",
      "pipe/logs/phv_allocation_0.log": "fb320e9c4f97fcaeacad2678e833340f572d38a8f6bd5b654e4d5a60e53e9d54",
      "pipe/logs/phv_allocation_history_0.log": "a45c8b7ce6ba5b416b8ceaf17cc664fe5ad7b6a4600a708134704aae6017cfbb",
      "pipe/logs/phv_allocation_summary_0.log": "305c607d7558bcb9b920df193cdfd09b68aa7815aee8f6d87a1dc86be6e6a8f4",
      "pipe/logs/table_dependency_graph.log": "cd8b308a8f79dc673f4bc29fefb1ed643015629b7a7db0816bf3e1c83f78868b",
      "pipe/logs/table_dependency_summary.log": "ced66395475d594962ef71f28589fbbc32d53d4070a226dccce50f117682c23f",
      "pipe/logs/table_summary.log": "c94768794110a1fe6a18e051f30f1bb8ba3b00ed4cb86f08ae973e1593f906e2"
    },
    "stages": {
      "egress": 0,
      "ingress": 11
    },
    "stateful_tables": [
      {
        "direction": "ingress",
        "name": "Ingress.quarantine_reg",
        "size": 1
      },
      {
        "direction": "ingress",
        "name": "Ingress.gen_alloc_reg",
        "size": 1
      },
      {
        "direction": "ingress",
        "name": "Ingress.t0_reg",
        "size": 1
      },
      {
        "direction": "ingress",
        "name": "Ingress.cur_epoch_reg",
        "size": 1
      },
      {
        "direction": "ingress",
        "name": "Ingress.op_gen_alloc_reg",
        "size": 1
      },
      {
        "direction": "ingress",
        "name": "Ingress.op_t0_reg",
        "size": 1
      },
      {
        "direction": "ingress",
        "name": "Ingress.child_seen2_reg",
        "size": 1
      },
      {
        "direction": "ingress",
        "name": "Ingress.child_seen1_reg",
        "size": 1
      },
      {
        "direction": "ingress",
        "name": "Ingress.child_seen0_reg",
        "size": 1
      },
      {
        "direction": "ingress",
        "name": "Ingress.ack_done_reg",
        "size": 1
      },
      {
        "direction": "ingress",
        "name": "Ingress.ack_commit_gen_reg",
        "size": 1
      },
      {
        "direction": "ingress",
        "name": "Ingress.ack_commit_at_reg",
        "size": 1
      },
      {
        "direction": "ingress",
        "name": "Ingress.op_done_reg",
        "size": 1
      },
      {
        "direction": "ingress",
        "name": "Ingress.resp_done_reg",
        "size": 1
      },
      {
        "direction": "ingress",
        "name": "Ingress.outcomes",
        "size": 16
      }
    ],
    "tables_by_type": {
      "action": 5,
      "condition": 21,
      "match": 54,
      "stateful": 15
    }
  },
  "source": "/home/philip/Projects/DNP3/defense4/timing/case4_architecture/integration/read/read_queue_timing.p4",
  "source_files": {
    "ports.p4": "17295a0654f7efa638efb68e0bb6c583f1636f11f6bda4b41ab5d16ff9e07c91",
    "probe_shell.p4": "e76fb20bc38f6222e11ac8f9b7a76c1ce02587181773223f8a6f2fbb712f910e",
    "read_queue_timing.p4": "b3470a690e891e1c803c48053baa560dc40682117a976bdc1c861e5d47ae3669"
  },
  "source_sha256": "b3470a690e891e1c803c48053baa560dc40682117a976bdc1c861e5d47ae3669",
  "timeout_seconds": 300
}
