PHV ALLOCATION SUCCESSFUL
PHV Allocation
+-----------+-------+-----------------+----------------------------------------------------------------+
|Container  |Gress  |Container Slice  |Field Slice                                                     |
+-----------+-------+-----------------+----------------------------------------------------------------+
|B0         |I-HW   |[2:0]            |ingress::ig_intr_md_for_dprsr.mirror_type                       |
|           |       |                 |                                                                |
|B1         |I-HW   |[2:0]            |ingress::ig_intr_md_for_dprsr.digest_type                       |
|           |       |                 |                                                                |
|B2         |I-HW   |[4:0]            |ingress::ig_intr_md_for_tm.qid                                  |
|           |       |[7:5]            |ingress::ig_intr_md_for_dprsr.drop_ctl                          |
|           |       |                 |                                                                |
|B3         |I-HW   |[0]              |ingress::ig_intr_md_for_tm.bypass_egress                        |
|           |       |                 |                                                                |
|B4         |I-HW   |                 |ingress::hdr.ib.role                                            |
|           |       |                 |ingress::hdr.dnp3_app.func_code                                 |
|           |       |                 |                                                                |
|B5         |I-HW   |                 |ingress::meta.timeout_note                                      |
|           |       |                 |                                                                |
|B6         |I-HW   |                 |ingress::meta.rand8                                             |
|           |       |                 |                                                                |
|B7         |I-HW   |                 |ingress::meta.pkt_class                                         |
|           |       |                 |                                                                |
|B8         |I-HW   |                 |ingress::meta.budget_zero                                       |
|           |       |                 |                                                                |
|B9         |I-HW   |                 |ingress::meta.pgen_slot                                         |
|           |       |                 |                                                                |
|B10        |I-HW   |                 |ingress::meta.sess                                              |
|           |       |                 |ingress::meta.rel_diff                                          |
|           |       |                 |                                                                |
|B11        |I-HW   |                 |ingress::meta.owner_valid                                       |
|           |       |                 |                                                                |
|B12        |I-HW   |                 |ingress::meta.tracker_write                                     |
|           |       |                 |                                                                |
|B13        |I-HW   |                 |ingress::meta.blk_op_live                                       |
|           |       |                 |                                                                |
|B14        |I-HW   |                 |ingress::meta.bor_pc                                            |
|           |       |                 |                                                                |
|B15        |I-HW   |                 |ingress::meta.is_resp_blk                                       |
|           |       |                 |                                                                |
|B16        |E-HW   |[0]              |egress::hdr.min_parse_depth_padding_0.$stkvalid[0]              |
|           |       |[1]              |egress::hdr.min_parse_depth_padding_0.$stkvalid[1]              |
|           |       |[2]              |egress::hdr.min_parse_depth_padding_0.$stkvalid[2]              |
|           |       |                 |                                                                |
|B17        |E-HW   |[0]              |egress::hdr.eth.$valid                                          |
|           |       |[1]              |egress::hdr.ipv4.$valid                                         |
|           |       |[2]              |egress::hdr.tcp.$valid                                          |
|           |       |[3]              |egress::hdr.tcp_opt4.$valid                                     |
|           |       |[4]              |egress::hdr.tcp_opt8.$valid                                     |
|           |       |[5]              |egress::hdr.tcp_opt12.$valid                                    |
|           |       |                 |                                                                |
|...        |       |                 |                                                                |
|           |       |                 |                                                                |
|B32        |I      |                 |ingress::meta.mode                                              |
|           |       |                 |                                                                |
|...        |       |                 |                                                                |
|           |       |                 |                                                                |
|H0         |I-HW   |[8:0]            |ingress::ig_intr_md_for_tm.ucast_egress_port                    |
|           |       |                 |                                                                |
|H1         |I-HW   |[8:0]            |ingress::meta.fwd_port                                          |
|           |       |                 |                                                                |
|H2         |I-HW   |[9:0]            |ingress::meta.clone_ses                                         |
|           |       |                 |                                                                |
|H3         |I-HW   |[9:0]            |ingress::$tmp2                                                  |
|           |       |                 |                                                                |
|H4         |I-HW   |[7:0]            |ingress::meta.cur_gen                                           |
|           |       |[15:8]           |ingress::meta.gen_stored                                        |
|           |       |[7:0]            |ingress::meta.port_ok                                           |
|           |       |                 |                                                                |
|H5         |I-HW   |[7:0]            |ingress::meta.epoch_stored                                      |
|           |       |[15:8]           |ingress::meta.gen_in                                            |
|           |       |                 |                                                                |
|H6         |I-HW   |[7:0]            |ingress::hdr.ib.gen                                             |
|           |       |[15:8]           |ingress::hdr.ib.slot                                            |
|           |       |                 |ingress::hdr.tcp.dst_port                                       |
|           |       |                 |                                                                |
|H7         |I-HW   |                 |ingress::hdr.tcp.src_port                                       |
|           |       |[5:0]            |ingress::hdr.pgen.packet_id[5:0]                                |
|           |       |[7:6]            |ingress::hdr.pgen.packet_id[7:6]                                |
|           |       |[15:8]           |ingress::hdr.pgen.packet_id[15:8]                               |
|           |       |                 |                                                                |
|H8         |I-HW   |                 |ingress::meta.mport                                             |
|           |       |[7:0]            |ingress::meta.txn_active                                        |
|           |       |                 |                                                                |
|H9         |I-HW   |                 |ingress::meta.sport_w                                           |
|           |       |[7:0]            |ingress::meta.hold_ok                                           |
|           |       |[15:8]           |ingress::meta.ready_stored                                      |
|           |       |                 |                                                                |
|H10        |I-HW   |                 |ingress::hdr.eth.etype                                          |
|           |       |                 |                                                                |
|H11        |I-HW   |[0]              |ingress::hdr.eth.$valid                                         |
|           |       |[1]              |ingress::hdr.ib.$valid                                          |
|           |       |[2]              |ingress::hdr.held_owner.$valid                                  |
|           |       |[3]              |ingress::hdr.ipv4.$valid                                        |
|           |       |[4]              |ingress::hdr.tcp.$valid                                         |
|           |       |[5]              |ingress::hdr.dnp3_dl.$valid                                     |
|           |       |[6]              |ingress::hdr.dnp3_tp.$valid                                     |
|           |       |[7]              |ingress::hdr.dnp3_app.$valid                                    |
|           |       |[8]              |ingress::hdr.tcp_opt4.$valid                                    |
|           |       |[9]              |ingress::hdr.tcp_opt8.$valid                                    |
|           |       |[10]             |ingress::hdr.tcp_opt12.$valid                                   |
|           |       |                 |                                                                |
|H12        |I-HW   |[7:0]            |ingress::meta.tag_diff                                          |
|           |       |[15:8]           |ingress::meta.ack_diff[7:0]                                     |
|           |       |                 |                                                                |
|H13        |I-HW   |[7:0]            |ingress::meta.tag_val                                           |
|           |       |[15:8]           |ingress::meta.ack_diff[15:8]                                    |
|           |       |                 |                                                                |
|H14        |I-HW   |                 |ingress::meta.ack_diff[31:16]                                   |
|           |       |                 |                                                                |
|H15        |I-HW   |[7:0]            |ingress::meta.verdict                                           |
|           |       |[15:8]           |ingress::meta.verdict_bor                                       |
|           |       |[7:0]            |ingress::meta.dir                                               |
|           |       |                 |                                                                |
|H16        |E-HW   |[8:0]            |egress::eg_intr_md.egress_port                                  |
|           |       |                 |                                                                |
|...        |       |                 |                                                                |
|           |       |                 |                                                                |
|W0         |I-HW   |                 |ingress::hdr.tcp.seq_no                                         |
|           |       |                 |ingress::hdr.ib.seq                                             |
|           |       |                 |                                                                |
|W1         |I-HW   |                 |ingress::meta.exp_ack_cand                                      |
|           |       |                 |ingress::meta.ack_first                                         |
|           |       |                 |                                                                |
|W2         |I-HW   |                 |ingress::meta.budget_init                                       |
|           |       |                 |                                                                |
|W3         |I-HW   |[15:0]           |ingress::meta.owner[15:0]                                       |
|           |       |[31:16]          |ingress::meta.owner[31:16]                                      |
|           |       |                 |                                                                |
|W4         |I-HW   |[15:0]           |ingress::hdr.held_owner.cookie_word[15:0]                       |
|           |       |[31:16]          |ingress::hdr.held_owner.cookie_word[31:16]                      |
|           |       |                 |                                                                |
|W5         |I-HW   |[15:0]           |ingress::meta.clone_tag[15:0]                                   |
|           |       |[31:16]          |ingress::meta.clone_tag[31:16]                                  |
|           |       |                 |                                                                |
|W6         |I-HW   |[15:0]           |ingress::meta.next_cookie                                       |
|           |       |                 |                                                                |
|W7         |I-HW   |[31:16]          |ingress::meta.cookie_in[15:0]                                   |
|           |       |[15:0]           |ingress::meta.seq_diff[15:0]                                    |
|           |       |                 |                                                                |
|W8         |I-HW   |[31:16]          |ingress::meta.cookie_in[31:16]                                  |
|           |       |[15:0]           |ingress::meta.seq_diff[31:16]                                   |
|           |       |                 |                                                                |
|W9         |I-HW   |[15:0]           |ingress::hdr.ib.cookie_word[15:0]                               |
|           |       |[31:16]          |ingress::hdr.ib.cookie_word[31:16]                              |
|           |       |                 |ingress::hdr.ipv4.dst_addr                                      |
|           |       |                 |                                                                |
|W10        |I-HW   |                 |ingress::hdr.ipv4.src_addr                                      |
|           |       |                 |                                                                |
|W11        |I-HW   |                 |ingress::hdr.tcp.ack_no                                         |
|           |       |                 |                                                                |
|W12        |I-HW   |                 |ingress::meta.seq_w                                             |
|           |       |                 |ingress::meta.age_resp                                          |
|           |       |                 |                                                                |
|W13        |I-HW   |[7:0]            |ingress::meta.role                                              |
|           |       |[15:8]           |ingress::meta.dequeued                                          |
|           |       |[23:16]          |ingress::meta.held_valid                                        |
|           |       |[31:24]          |ingress::meta.is_pktgen                                         |
|           |       |                 |                                                                |
|W14        |I-HW   |[7:0]            |ingress::meta.anchor_req                                        |
|           |       |[23:8]           |ingress::meta.sport_diff                                        |
|           |       |                 |                                                                |
|W15        |I-HW   |[7:0]            |ingress::meta.read_release                                      |
|           |       |                 |                                                                |
|...        |       |                 |                                                                |
|           |       |                 |                                                                |
|W32        |I      |                 |ingress::ig_intr_md.ingress_mac_tstamp[31:0]                    |
|           |       |                 |ingress::meta.dl_val                                            |
|           |       |                 |                                                                |
|W33        |I      |                 |ingress::meta.a_ticks                                           |
|           |       |                 |                                                                |
|W34        |I      |                 |ingress::meta.r_ticks                                           |
|           |       |                 |                                                                |
|W35        |I      |                 |ingress::meta.seq_m                                             |
|           |       |                 |                                                                |
|W36        |I      |                 |ingress::meta.da_dr                                             |
|           |       |                 |                                                                |
|W37        |I      |                 |ingress::meta.now_word                                          |
|           |       |                 |                                                                |
|W38        |I      |                 |ingress::meta.ts32                                              |
|           |       |                 |                                                                |
|W39        |I      |                 |ingress::meta.dl_val_resp                                       |
|           |       |                 |                                                                |
|W40        |I      |                 |ingress::meta.read_gap_ticks                                    |
|           |       |                 |ingress::meta.age_topj                                          |
|           |       |                 |                                                                |
|W41        |I      |                 |ingress::meta.j_ticks                                           |
|           |       |                 |                                                                |
|W42        |I      |                 |ingress::meta.ts_m                                              |
|           |       |                 |ingress::meta.age                                               |
|           |       |                 |                                                                |
|W43        |I      |                 |ingress::meta.dl_cand_op                                        |
|           |       |                 |                                                                |
|W44        |I      |                 |ingress::meta.tresp_cand_op                                     |
|           |       |                 |                                                                |
|W45        |I      |                 |ingress::meta.dl_cand                                           |
|           |       |                 |                                                                |
|W46        |I      |                 |ingress::meta.topj_cand                                         |
|           |       |                 |                                                                |
|W47        |I      |                 |ingress::meta.tresp_cand                                        |
|           |       |                 |                                                                |
|...        |       |                 |                                                                |
|           |       |                 |                                                                |
|TB0        |I      |                 |ingress::hdr.dnp3_tp.tp_ctrl                                    |
|           |       |                 |                                                                |
|TH0        |I      |                 |ingress::hdr.ipv4.flags_frag                                    |
|           |       |                 |                                                                |
|TW0        |I      |[15:0]           |ingress::hdr.ipv4.total_len                                     |
|           |       |[23:16]          |ingress::hdr.ipv4.diffserv                                      |
|           |       |[27:24]          |ingress::hdr.ipv4.ihl                                           |
|           |       |[31:28]          |ingress::hdr.ipv4.version                                       |
|           |       |                 |                                                                |
|TB1        |I      |                 |ingress::hdr.dnp3_app.app_control                               |
|           |       |                 |                                                                |
|TH1        |I      |                 |ingress::hdr.ipv4.identification                                |
|           |       |                 |                                                                |
|TW1        |I      |[15:0]           |ingress::hdr.tcp.window                                         |
|           |       |[23:16]          |ingress::hdr.tcp.flags                                          |
|           |       |[27:24]          |ingress::hdr.tcp.res                                            |
|           |       |[31:28]          |ingress::hdr.tcp.data_offset                                    |
|           |       |                 |                                                                |
|...        |       |                 |                                                                |
|           |       |                 |                                                                |
|TH2        |I      |                 |ingress::hdr.tcp.urgent_ptr                                     |
|           |       |                 |                                                                |
|TW2        |I      |[15:0]           |ingress::hdr.ipv4.hdr_checksum                                  |
|           |       |[23:16]          |ingress::hdr.ipv4.protocol                                      |
|           |       |[31:24]          |ingress::hdr.ipv4.ttl                                           |
|           |       |                 |                                                                |
|...        |       |                 |                                                                |
|           |       |                 |                                                                |
|TH3        |I      |                 |ingress::hdr.tcp.checksum                                       |
|           |       |                 |                                                                |
|TW3        |I      |[15:0]           |ingress::hdr.dnp3_dl.dst_addr                                   |
|           |       |[23:16]          |ingress::hdr.dnp3_dl.ctrl                                       |
|           |       |[31:24]          |ingress::hdr.dnp3_dl.length                                     |
|           |       |                 |                                                                |
|TH4        |I      |                 |ingress::hdr.dnp3_dl.crc                                        |
|           |       |                 |                                                                |
|TH5        |I      |                 |ingress::hdr.dnp3_dl.src_addr                                   |
|           |       |                 |                                                                |
|TB4        |E      |                 |egress::hdr.min_parse_depth_padding_0[0].packet_payload[87:80]  |
|           |       |                 |egress::hdr.tcp.window[7:0]                                     |
|           |       |                 |                                                                |
|TW4        |E      |[15:0]           |egress::hdr.ipv4.total_len                                      |
|           |       |[23:16]          |egress::hdr.ipv4.diffserv                                       |
|           |       |[27:24]          |egress::hdr.ipv4.ihl                                            |
|           |       |[31:28]          |egress::hdr.ipv4.version                                        |
|           |       |                 |                                                                |
|TB5        |E      |                 |egress::hdr.min_parse_depth_padding_0[1].packet_payload[87:80]  |
|           |       |                 |egress::hdr.tcp.window[15:8]                                    |
|           |       |                 |                                                                |
|TW5        |E      |[15:0]           |egress::hdr.ipv4.hdr_checksum                                   |
|           |       |[23:16]          |egress::hdr.ipv4.protocol                                       |
|           |       |[31:24]          |egress::hdr.ipv4.ttl                                            |
|           |       |                 |                                                                |
|TB6        |E      |                 |egress::hdr.min_parse_depth_padding_0[2].packet_payload[87:80]  |
|           |       |[3:0]            |egress::hdr.tcp.res                                             |
|           |       |[7:4]            |egress::hdr.tcp.data_offset                                     |
|           |       |                 |                                                                |
|TH6        |E      |                 |egress::hdr.tcp.dst_port                                        |
|           |       |                 |egress::hdr.min_parse_depth_padding_0[1].packet_payload[47:32]  |
|           |       |                 |                                                                |
|TW6        |E      |[15:0]           |egress::hdr.ipv4.flags_frag                                     |
|           |       |[31:16]          |egress::hdr.ipv4.identification                                 |
|           |       |                 |                                                                |
|TB7        |E      |                 |egress::hdr.tcp.flags                                           |
|           |       |                 |egress::hdr.min_parse_depth_padding_0[2].packet_payload[71:64]  |
|           |       |                 |                                                                |
|TH7        |E      |                 |egress::hdr.tcp.src_port                                        |
|           |       |                 |egress::hdr.min_parse_depth_padding_0[1].packet_payload[63:48]  |
|           |       |                 |                                                                |
|TW7        |E      |[15:0]           |egress::hdr.tcp.urgent_ptr                                      |
|           |       |[31:16]          |egress::hdr.tcp.checksum                                        |
|           |       |                 |egress::hdr.min_parse_depth_padding_0[0].packet_payload[31:0]   |
|           |       |                 |                                                                |
|TH8        |E      |                 |egress::hdr.eth.src[15:0]                                       |
|           |       |                 |                                                                |
|TH9        |E      |                 |egress::hdr.eth.src[31:16]                                      |
|           |       |                 |                                                                |
|TH10       |E      |                 |egress::hdr.eth.dst[15:0]                                       |
|           |       |                 |                                                                |
|TH11       |E      |                 |egress::hdr.eth.dst[31:16]                                      |
|           |       |                 |                                                                |
|...        |       |                 |                                                                |
|           |       |                 |                                                                |
|TW8        |I      |                 |ingress::hdr.eth.src[31:0]                                      |
|           |       |                 |                                                                |
|...        |       |                 |                                                                |
|           |       |                 |                                                                |
|TW9        |I      |                 |ingress::hdr.eth.dst[31:0]                                      |
|           |       |                 |                                                                |
|...        |       |                 |                                                                |
|           |       |                 |                                                                |
|TW10       |I      |                 |ingress::hdr.tcp_opt4.data                                      |
|           |       |                 |ingress::hdr.tcp_opt8.data[31:0]                                |
|           |       |                 |ingress::hdr.tcp_opt12.data[31:0]                               |
|           |       |                 |                                                                |
|...        |       |                 |                                                                |
|           |       |                 |                                                                |
|TW11       |I      |                 |ingress::hdr.tcp_opt8.data[63:32]                               |
|           |       |                 |ingress::hdr.tcp_opt12.data[63:32]                              |
|           |       |                 |                                                                |
|TH12       |I      |                 |ingress::hdr.tcp_opt12.data[79:64]                              |
|           |       |                 |                                                                |
|TH13       |I      |                 |ingress::hdr.tcp_opt12.data[95:80]                              |
|           |       |                 |                                                                |
|TH14       |I      |                 |ingress::hdr.eth.src[47:32]                                     |
|           |       |                 |                                                                |
|TH15       |I      |                 |ingress::hdr.eth.dst[47:32]                                     |
|           |       |                 |                                                                |
|TH16       |I      |                 |ingress::hdr.dnp3_dl.start                                      |
|           |       |                 |                                                                |
|TH17       |I      |                 |ingress::ig_intr_md.ingress_mac_tstamp[47:32]                   |
|           |       |                 |                                                                |
|TB12       |E      |                 |egress::hdr.eth.etype[7:0]                                      |
|           |       |                 |                                                                |
|TW12       |E      |                 |egress::hdr.ipv4.dst_addr                                       |
|           |       |                 |                                                                |
|TB13       |E      |                 |egress::hdr.eth.etype[15:8]                                     |
|           |       |                 |                                                                |
|TW13       |E      |                 |egress::hdr.ipv4.src_addr                                       |
|           |       |                 |                                                                |
|TB14       |E      |                 |egress::hdr.eth.src[39:32]                                      |
|           |       |                 |                                                                |
|TW14       |E      |                 |egress::hdr.tcp.ack_no                                          |
|           |       |                 |egress::hdr.min_parse_depth_padding_0[0].packet_payload[63:32]  |
|           |       |                 |                                                                |
|TB15       |E      |                 |egress::hdr.eth.src[47:40]                                      |
|           |       |                 |                                                                |
|TW15       |E      |                 |egress::hdr.tcp.seq_no                                          |
|           |       |                 |egress::hdr.min_parse_depth_padding_0[1].packet_payload[31:0]   |
|           |       |                 |                                                                |
|TH18       |E      |                 |egress::hdr.tcp_opt4.data[15:0]                                 |
|           |       |                 |egress::hdr.tcp_opt8.data[15:0]                                 |
|           |       |                 |egress::hdr.tcp_opt12.data[15:0]                                |
|           |       |                 |egress::hdr.min_parse_depth_padding_0[2].packet_payload[15:0]   |
|           |       |                 |                                                                |
|TH19       |E      |                 |egress::hdr.tcp_opt4.data[31:16]                                |
|           |       |                 |egress::hdr.tcp_opt8.data[31:16]                                |
|           |       |                 |egress::hdr.tcp_opt12.data[31:16]                               |
|           |       |                 |egress::hdr.min_parse_depth_padding_0[2].packet_payload[31:16]  |
|           |       |                 |                                                                |
|TH20       |E      |                 |egress::hdr.tcp_opt8.data[47:32]                                |
|           |       |                 |egress::hdr.tcp_opt12.data[47:32]                               |
|           |       |                 |egress::hdr.min_parse_depth_padding_0[2].packet_payload[47:32]  |
|           |       |                 |                                                                |
|TH21       |E      |                 |egress::hdr.tcp_opt8.data[63:48]                                |
|           |       |                 |egress::hdr.tcp_opt12.data[63:48]                               |
|           |       |                 |egress::hdr.min_parse_depth_padding_0[2].packet_payload[63:48]  |
|           |       |                 |                                                                |
|TH22       |E      |                 |egress::hdr.tcp_opt12.data[79:64]                               |
|           |       |                 |egress::hdr.min_parse_depth_padding_0[0].packet_payload[79:64]  |
|           |       |                 |                                                                |
|TH23       |E      |                 |egress::hdr.tcp_opt12.data[95:80]                               |
|           |       |                 |egress::hdr.min_parse_depth_padding_0[1].packet_payload[79:64]  |
|           |       |                 |                                                                |
|TB16       |E      |                 |egress::hdr.min_parse_depth_padding_0[2].packet_payload[79:72]  |
|           |       |                 |                                                                |
|...        |       |                 |                                                                |
|           |       |                 |                                                                |
|TH24       |E      |                 |egress::hdr.eth.dst[47:32]                                      |
|           |       |                 |                                                                |
|...        |       |                 |                                                                |
|           |       |                 |                                                                |
+-----------+-------+-----------------+----------------------------------------------------------------+


POV Allocation (ingress):
+-----------+-----------------+--------------------------------+
|Container  |Container Slice  |Field Slice                     |
+-----------+-----------------+--------------------------------+
|H11        |[0]              |ingress::hdr.eth.$valid         |
|           |[1]              |ingress::hdr.ib.$valid          |
|           |[2]              |ingress::hdr.held_owner.$valid  |
|           |[3]              |ingress::hdr.ipv4.$valid        |
|           |[4]              |ingress::hdr.tcp.$valid         |
|           |[5]              |ingress::hdr.dnp3_dl.$valid     |
|           |[6]              |ingress::hdr.dnp3_tp.$valid     |
|           |[7]              |ingress::hdr.dnp3_app.$valid    |
|           |[8]              |ingress::hdr.tcp_opt4.$valid    |
|           |[9]              |ingress::hdr.tcp_opt8.$valid    |
|           |[10]             |ingress::hdr.tcp_opt12.$valid   |
+-----------+-----------------+--------------------------------+
|           |Total Bits Used  |11 / 256 (  4.3 %)              |
|           |Pack Density     |11 / 16 ( 68.8 %)               |
+-----------+-----------------+--------------------------------+

POV Allocation (egress):
+-----------+-----------------+----------------------------------------------------+
|Container  |Container Slice  |Field Slice                                         |
+-----------+-----------------+----------------------------------------------------+
|B16        |[0]              |egress::hdr.min_parse_depth_padding_0.$stkvalid[0]  |
|           |[1]              |egress::hdr.min_parse_depth_padding_0.$stkvalid[1]  |
|           |[2]              |egress::hdr.min_parse_depth_padding_0.$stkvalid[2]  |
+-----------+-----------------+----------------------------------------------------+
|B17        |[0]              |egress::hdr.eth.$valid                              |
|           |[1]              |egress::hdr.ipv4.$valid                             |
|           |[2]              |egress::hdr.tcp.$valid                              |
|           |[3]              |egress::hdr.tcp_opt4.$valid                         |
|           |[4]              |egress::hdr.tcp_opt8.$valid                         |
|           |[5]              |egress::hdr.tcp_opt12.$valid                        |
+-----------+-----------------+----------------------------------------------------+
|           |Total Bits Used  |9 / 256 ( 3.52 %)                                   |
|           |Pack Density     |9 / 16 ( 56.2 %)                                    |
+-----------+-----------------+----------------------------------------------------+

+----------------------------------------------------------------+------------+-----------+----------------+-----------------+
|Field Slice                                                     |Live Range  |Container  |Container Type  |Container Slice  |
+----------------------------------------------------------------+------------+-----------+----------------+-----------------+
|ingress::ig_intr_md.ingress_mac_tstamp[47:32]                   |[-1r, 7w]   |TH17       |TH              |                 |
|ingress::ig_intr_md.ingress_mac_tstamp[31:0]                    |[-1r, 7w]   |W32        |W               |                 |
|ingress::meta.role                                              |[-1r, 7w]   |W13        |W               |[7:0]            |
|ingress::meta.dir                                               |[-1r, 7w]   |H15        |H               |[7:0]            |
|ingress::meta.fwd_port                                          |[-1r, 7w]   |H1         |H               |[8:0]            |
|ingress::meta.port_ok                                           |[-1r, 7w]   |H4         |H               |[7:0]            |
|ingress::meta.gen_in                                            |[-1r, 7w]   |H5         |H               |[15:8]           |
|ingress::meta.dequeued                                          |[-1r, 7w]   |W13        |W               |[15:8]           |
|ingress::meta.ts32                                              |[-1r, 7w]   |W38        |W               |                 |
|ingress::meta.budget_zero                                       |[-1r, 7w]   |B8         |B               |                 |
|ingress::meta.ts_m                                              |[-1r, 7w]   |W42        |W               |                 |
|ingress::meta.seq_m                                             |[-1r, 7w]   |W35        |W               |                 |
|ingress::meta.budget_init                                       |[-1r, 7w]   |W2         |W               |                 |
|ingress::meta.sess                                              |[-1r, 7w]   |B10        |B               |                 |
|ingress::meta.mport                                             |[-1r, 7w]   |H8         |H               |                 |
|ingress::meta.sport_w                                           |[-1r, 7w]   |H9         |H               |                 |
|ingress::meta.seq_w                                             |[-1r, 7w]   |W12        |W               |                 |
|ingress::meta.now_word                                          |[-1r, 7w]   |W37        |W               |                 |
|ingress::meta.pkt_class                                         |[-1r, 7w]   |B7         |B               |                 |
|ingress::meta.tag_val                                           |[-1r, 7w]   |H13        |H               |[7:0]            |
|ingress::meta.exp_ack_cand                                      |[-1r, 7w]   |W1         |W               |                 |
|ingress::meta.seq_diff[15:0]                                    |[-1r, 7w]   |W7         |W               |[15:0]           |
|ingress::meta.seq_diff[31:16]                                   |[-1r, 7w]   |W8         |W               |[15:0]           |
|ingress::meta.sport_diff                                        |[-1r, 7w]   |W14        |W               |[23:8]           |
|ingress::meta.ack_diff[7:0]                                     |[-1r, 7w]   |H12        |H               |[15:8]           |
|ingress::meta.ack_diff[15:8]                                    |[-1r, 7w]   |H13        |H               |[15:8]           |
|ingress::meta.ack_diff[31:16]                                   |[-1r, 7w]   |H14        |H               |                 |
|ingress::meta.dl_cand                                           |[-1r, 7w]   |W45        |W               |                 |
|ingress::meta.rel_diff                                          |[-1r, 7w]   |B10        |B               |                 |
|ingress::meta.tag_diff                                          |[-1r, 7w]   |H12        |H               |[7:0]            |
|ingress::meta.cur_gen                                           |[-1r, 7w]   |H4         |H               |[7:0]            |
|ingress::meta.dl_val                                            |[-1r, 7w]   |W32        |W               |                 |
|ingress::meta.verdict                                           |[-1r, 7w]   |H15        |H               |[7:0]            |
|ingress::meta.txn_active                                        |[-1r, 7w]   |H8         |H               |[7:0]            |
|ingress::meta.bor_pc                                            |[-1r, 7w]   |B14        |B               |                 |
|ingress::meta.epoch_stored                                      |[-1r, 7w]   |H5         |H               |[7:0]            |
|ingress::meta.ready_stored                                      |[-1r, 7w]   |H9         |H               |[15:8]           |
|ingress::meta.gen_stored                                        |[-1r, 7w]   |H4         |H               |[15:8]           |
|ingress::meta.hold_ok                                           |[-1r, 7w]   |H9         |H               |[7:0]            |
|ingress::meta.blk_op_live                                       |[-1r, 7w]   |B13        |B               |                 |
|ingress::meta.verdict_bor                                       |[-1r, 7w]   |H15        |H               |[15:8]           |
|ingress::meta.rand8                                             |[-1r, 7w]   |B6         |B               |                 |
|ingress::meta.j_ticks                                           |[-1r, 7w]   |W41        |W               |                 |
|ingress::meta.topj_cand                                         |[-1r, 7w]   |W46        |W               |                 |
|ingress::meta.age_topj                                          |[-1r, 7w]   |W40        |W               |                 |
|ingress::meta.a_ticks                                           |[-1r, 7w]   |W33        |W               |                 |
|ingress::meta.r_ticks                                           |[-1r, 7w]   |W34        |W               |                 |
|ingress::meta.owner[15:0]                                       |[-1r, 7w]   |W3         |W               |[15:0]           |
|ingress::meta.owner[31:16]                                      |[-1r, 7w]   |W3         |W               |[31:16]          |
|ingress::meta.owner_valid                                       |[-1r, 7w]   |B11        |B               |                 |
|ingress::meta.tracker_write                                     |[-1r, 7w]   |B12        |B               |                 |
|ingress::meta.held_valid                                        |[-1r, 7w]   |W13        |W               |[23:16]          |
|ingress::meta.timeout_note                                      |[-1r, 7w]   |B5         |B               |                 |
|ingress::meta.cookie_in[15:0]                                   |[-1r, 7w]   |W7         |W               |[31:16]          |
|ingress::meta.cookie_in[31:16]                                  |[-1r, 7w]   |W8         |W               |[31:16]          |
|ingress::meta.next_cookie                                       |[-1r, 7w]   |W6         |W               |[15:0]           |
|ingress::meta.read_release                                      |[-1r, 7w]   |W15        |W               |[7:0]            |
|ingress::meta.read_gap_ticks                                    |[-1r, 7w]   |W40        |W               |                 |
|ingress::meta.anchor_req                                        |[-1r, 7w]   |W14        |W               |[7:0]            |
|ingress::meta.dl_cand_op                                        |[-1r, 7w]   |W43        |W               |                 |
|ingress::meta.tresp_cand_op                                     |[-1r, 7w]   |W44        |W               |                 |
|ingress::meta.age                                               |[-1r, 7w]   |W42        |W               |                 |
|ingress::meta.mode                                              |[-1r, 7w]   |B32        |B               |                 |
|ingress::meta.da_dr                                             |[-1r, 7w]   |W36        |W               |                 |
|ingress::meta.tresp_cand                                        |[-1r, 7w]   |W47        |W               |                 |
|ingress::meta.dl_val_resp                                       |[-1r, 7w]   |W39        |W               |                 |
|ingress::meta.age_resp                                          |[-1r, 7w]   |W12        |W               |                 |
|ingress::meta.is_resp_blk                                       |[-1r, 7w]   |B15        |B               |                 |
|ingress::meta.pgen_slot                                         |[-1r, 7w]   |B9         |B               |                 |
|ingress::meta.ack_first                                         |[-1r, 7w]   |W1         |W               |                 |
|ingress::meta.is_pktgen                                         |[-1r, 7w]   |W13        |W               |[31:24]          |
|ingress::meta.clone_tag[15:0]                                   |[-1r, 7w]   |W5         |W               |[15:0]           |
|ingress::meta.clone_tag[31:16]                                  |[-1r, 7w]   |W5         |W               |[31:16]          |
|ingress::meta.clone_ses                                         |[-1r, 7w]   |H2         |H               |[9:0]            |
|ingress::hdr.eth.dst[47:32]                                     |[-1r, 7w]   |TH15       |TH              |                 |
|ingress::hdr.eth.dst[31:0]                                      |[-1r, 7w]   |TW9        |TW              |                 |
|ingress::hdr.eth.src[47:32]                                     |[-1r, 7w]   |TH14       |TH              |                 |
|ingress::hdr.eth.src[31:0]                                      |[-1r, 7w]   |TW8        |TW              |                 |
|ingress::hdr.eth.etype                                          |[-1r, 7w]   |H10        |H               |                 |
|ingress::hdr.ib.role                                            |[-1r, 7w]   |B4         |B               |                 |
|ingress::hdr.ib.slot                                            |[-1r, 7w]   |H6         |H               |[15:8]           |
|ingress::hdr.ib.gen                                             |[-1r, 7w]   |H6         |H               |[7:0]            |
|ingress::hdr.ib.seq                                             |[-1r, 7w]   |W0         |W               |                 |
|ingress::hdr.ib.cookie_word[15:0]                               |[-1r, 7w]   |W9         |W               |[15:0]           |
|ingress::hdr.ib.cookie_word[31:16]                              |[-1r, 7w]   |W9         |W               |[31:16]          |
|ingress::hdr.held_owner.cookie_word[15:0]                       |[-1r, 7w]   |W4         |W               |[15:0]           |
|ingress::hdr.held_owner.cookie_word[31:16]                      |[-1r, 7w]   |W4         |W               |[31:16]          |
|ingress::hdr.ipv4.version                                       |[-1r, 7w]   |TW0        |TW              |[31:28]          |
|ingress::hdr.ipv4.ihl                                           |[-1r, 7w]   |TW0        |TW              |[27:24]          |
|ingress::hdr.ipv4.diffserv                                      |[-1r, 7w]   |TW0        |TW              |[23:16]          |
|ingress::hdr.ipv4.total_len                                     |[-1r, 7w]   |TW0        |TW              |[15:0]           |
|ingress::hdr.ipv4.identification                                |[-1r, 7w]   |TH1        |TH              |                 |
|ingress::hdr.ipv4.flags_frag                                    |[-1r, 7w]   |TH0        |TH              |                 |
|ingress::hdr.ipv4.ttl                                           |[-1r, 7w]   |TW2        |TW              |[31:24]          |
|ingress::hdr.ipv4.protocol                                      |[-1r, 7w]   |TW2        |TW              |[23:16]          |
|ingress::hdr.ipv4.hdr_checksum                                  |[-1r, 7w]   |TW2        |TW              |[15:0]           |
|ingress::hdr.ipv4.src_addr                                      |[-1r, 7w]   |W10        |W               |                 |
|ingress::hdr.ipv4.dst_addr                                      |[-1r, 7w]   |W9         |W               |                 |
|ingress::hdr.tcp.src_port                                       |[-1r, 7w]   |H7         |H               |                 |
|ingress::hdr.tcp.dst_port                                       |[-1r, 7w]   |H6         |H               |                 |
|ingress::hdr.tcp.seq_no                                         |[-1r, 7w]   |W0         |W               |                 |
|ingress::hdr.tcp.ack_no                                         |[-1r, 7w]   |W11        |W               |                 |
|ingress::hdr.tcp.data_offset                                    |[-1r, 7w]   |TW1        |TW              |[31:28]          |
|ingress::hdr.tcp.res                                            |[-1r, 7w]   |TW1        |TW              |[27:24]          |
|ingress::hdr.tcp.flags                                          |[-1r, 7w]   |TW1        |TW              |[23:16]          |
|ingress::hdr.tcp.window                                         |[-1r, 7w]   |TW1        |TW              |[15:0]           |
|ingress::hdr.tcp.checksum                                       |[-1r, 7w]   |TH3        |TH              |                 |
|ingress::hdr.tcp.urgent_ptr                                     |[-1r, 7w]   |TH2        |TH              |                 |
|ingress::hdr.dnp3_dl.start                                      |[-1r, 7w]   |TH16       |TH              |                 |
|ingress::hdr.dnp3_dl.length                                     |[-1r, 7w]   |TW3        |TW              |[31:24]          |
|ingress::hdr.dnp3_dl.ctrl                                       |[-1r, 7w]   |TW3        |TW              |[23:16]          |
|ingress::hdr.dnp3_dl.dst_addr                                   |[-1r, 7w]   |TW3        |TW              |[15:0]           |
|ingress::hdr.dnp3_dl.src_addr                                   |[-1r, 7w]   |TH5        |TH              |                 |
|ingress::hdr.dnp3_dl.crc                                        |[-1r, 7w]   |TH4        |TH              |                 |
|ingress::hdr.dnp3_tp.tp_ctrl                                    |[-1r, 7w]   |TB0        |TB              |                 |
|ingress::hdr.dnp3_app.app_control                               |[-1r, 7w]   |TB1        |TB              |                 |
|ingress::hdr.dnp3_app.func_code                                 |[-1r, 7w]   |B4         |B               |                 |
|ingress::hdr.tcp_opt4.data                                      |[-1r, 7w]   |TW10       |TW              |                 |
|ingress::hdr.tcp_opt8.data[31:0]                                |[-1r, 7w]   |TW10       |TW              |                 |
|ingress::hdr.tcp_opt8.data[63:32]                               |[-1r, 7w]   |TW11       |TW              |                 |
|ingress::hdr.tcp_opt12.data[79:64]                              |[-1r, 7w]   |TH12       |TH              |                 |
|ingress::hdr.tcp_opt12.data[95:80]                              |[-1r, 7w]   |TH13       |TH              |                 |
|ingress::hdr.tcp_opt12.data[31:0]                               |[-1r, 7w]   |TW10       |TW              |                 |
|ingress::hdr.tcp_opt12.data[63:32]                              |[-1r, 7w]   |TW11       |TW              |                 |
|ingress::hdr.pgen.packet_id[5:0]                                |[-1r, 7w]   |H7         |H               |[5:0]            |
|ingress::hdr.pgen.packet_id[7:6]                                |[-1r, 7w]   |H7         |H               |[7:6]            |
|ingress::hdr.pgen.packet_id[15:8]                               |[-1r, 7w]   |H7         |H               |[15:8]           |
|ingress::ig_intr_md_for_dprsr.drop_ctl                          |[-1r, 7w]   |B2         |B               |[7:5]            |
|ingress::ig_intr_md_for_dprsr.digest_type                       |[-1r, 7w]   |B1         |B               |[2:0]            |
|ingress::ig_intr_md_for_dprsr.mirror_type                       |[-1r, 7w]   |B0         |B               |[2:0]            |
|ingress::ig_intr_md_for_tm.ucast_egress_port                    |[-1r, 7w]   |H0         |H               |[8:0]            |
|ingress::ig_intr_md_for_tm.bypass_egress                        |[-1r, 7w]   |B3         |B               |[0]              |
|ingress::ig_intr_md_for_tm.qid                                  |[-1r, 7w]   |B2         |B               |[4:0]            |
|ingress::$tmp2                                                  |[-1r, 7w]   |H3         |H               |[9:0]            |
|egress::eg_intr_md.egress_port                                  |[-1r, 7w]   |H16        |H               |[8:0]            |
|egress::hdr.eth.dst[15:0]                                       |[-1r, 7w]   |TH10       |TH              |                 |
|egress::hdr.eth.dst[31:16]                                      |[-1r, 7w]   |TH11       |TH              |                 |
|egress::hdr.eth.dst[47:32]                                      |[-1r, 7w]   |TH24       |TH              |                 |
|egress::hdr.eth.src[39:32]                                      |[-1r, 7w]   |TB14       |TB              |                 |
|egress::hdr.eth.src[47:40]                                      |[-1r, 7w]   |TB15       |TB              |                 |
|egress::hdr.eth.src[15:0]                                       |[-1r, 7w]   |TH8        |TH              |                 |
|egress::hdr.eth.src[31:16]                                      |[-1r, 7w]   |TH9        |TH              |                 |
|egress::hdr.eth.etype[7:0]                                      |[-1r, 7w]   |TB12       |TB              |                 |
|egress::hdr.eth.etype[15:8]                                     |[-1r, 7w]   |TB13       |TB              |                 |
|egress::hdr.ipv4.version                                        |[-1r, 7w]   |TW4        |TW              |[31:28]          |
|egress::hdr.ipv4.ihl                                            |[-1r, 7w]   |TW4        |TW              |[27:24]          |
|egress::hdr.ipv4.diffserv                                       |[-1r, 7w]   |TW4        |TW              |[23:16]          |
|egress::hdr.ipv4.total_len                                      |[-1r, 7w]   |TW4        |TW              |[15:0]           |
|egress::hdr.ipv4.identification                                 |[-1r, 7w]   |TW6        |TW              |[31:16]          |
|egress::hdr.ipv4.flags_frag                                     |[-1r, 7w]   |TW6        |TW              |[15:0]           |
|egress::hdr.ipv4.ttl                                            |[-1r, 7w]   |TW5        |TW              |[31:24]          |
|egress::hdr.ipv4.protocol                                       |[-1r, 7w]   |TW5        |TW              |[23:16]          |
|egress::hdr.ipv4.hdr_checksum                                   |[-1r, 7w]   |TW5        |TW              |[15:0]           |
|egress::hdr.ipv4.src_addr                                       |[-1r, 7w]   |TW13       |TW              |                 |
|egress::hdr.ipv4.dst_addr                                       |[-1r, 7w]   |TW12       |TW              |                 |
|egress::hdr.tcp.src_port                                        |[-1r, 7w]   |TH7        |TH              |                 |
|egress::hdr.tcp.dst_port                                        |[-1r, 7w]   |TH6        |TH              |                 |
|egress::hdr.tcp.seq_no                                          |[-1r, 7w]   |TW15       |TW              |                 |
|egress::hdr.tcp.ack_no                                          |[-1r, 7w]   |TW14       |TW              |                 |
|egress::hdr.tcp.data_offset                                     |[-1r, 7w]   |TB6        |TB              |[7:4]            |
|egress::hdr.tcp.res                                             |[-1r, 7w]   |TB6        |TB              |[3:0]            |
|egress::hdr.tcp.flags                                           |[-1r, 7w]   |TB7        |TB              |                 |
|egress::hdr.tcp.window[7:0]                                     |[-1r, 7w]   |TB4        |TB              |                 |
|egress::hdr.tcp.window[15:8]                                    |[-1r, 7w]   |TB5        |TB              |                 |
|egress::hdr.tcp.checksum                                        |[-1r, 7w]   |TW7        |TW              |[31:16]          |
|egress::hdr.tcp.urgent_ptr                                      |[-1r, 7w]   |TW7        |TW              |[15:0]           |
|egress::hdr.tcp_opt4.data[15:0]                                 |[-1r, 7w]   |TH18       |TH              |                 |
|egress::hdr.tcp_opt4.data[31:16]                                |[-1r, 7w]   |TH19       |TH              |                 |
|egress::hdr.tcp_opt8.data[15:0]                                 |[-1r, 7w]   |TH18       |TH              |                 |
|egress::hdr.tcp_opt8.data[31:16]                                |[-1r, 7w]   |TH19       |TH              |                 |
|egress::hdr.tcp_opt8.data[47:32]                                |[-1r, 7w]   |TH20       |TH              |                 |
|egress::hdr.tcp_opt8.data[63:48]                                |[-1r, 7w]   |TH21       |TH              |                 |
|egress::hdr.tcp_opt12.data[15:0]                                |[-1r, 7w]   |TH18       |TH              |                 |
|egress::hdr.tcp_opt12.data[31:16]                               |[-1r, 7w]   |TH19       |TH              |                 |
|egress::hdr.tcp_opt12.data[47:32]                               |[-1r, 7w]   |TH20       |TH              |                 |
|egress::hdr.tcp_opt12.data[63:48]                               |[-1r, 7w]   |TH21       |TH              |                 |
|egress::hdr.tcp_opt12.data[79:64]                               |[-1r, 7w]   |TH22       |TH              |                 |
|egress::hdr.tcp_opt12.data[95:80]                               |[-1r, 7w]   |TH23       |TH              |                 |
|egress::hdr.min_parse_depth_padding_0[0].packet_payload[87:80]  |[-1r, 7w]   |TB4        |TB              |                 |
|egress::hdr.min_parse_depth_padding_0[0].packet_payload[79:64]  |[-1r, 7w]   |TH22       |TH              |                 |
|egress::hdr.min_parse_depth_padding_0[0].packet_payload[31:0]   |[-1r, 7w]   |TW7        |TW              |                 |
|egress::hdr.min_parse_depth_padding_0[0].packet_payload[63:32]  |[-1r, 7w]   |TW14       |TW              |                 |
|egress::hdr.min_parse_depth_padding_0[1].packet_payload[87:80]  |[-1r, 7w]   |TB5        |TB              |                 |
|egress::hdr.min_parse_depth_padding_0[1].packet_payload[47:32]  |[-1r, 7w]   |TH6        |TH              |                 |
|egress::hdr.min_parse_depth_padding_0[1].packet_payload[63:48]  |[-1r, 7w]   |TH7        |TH              |                 |
|egress::hdr.min_parse_depth_padding_0[1].packet_payload[79:64]  |[-1r, 7w]   |TH23       |TH              |                 |
|egress::hdr.min_parse_depth_padding_0[1].packet_payload[31:0]   |[-1r, 7w]   |TW15       |TW              |                 |
|egress::hdr.min_parse_depth_padding_0[2].packet_payload[87:80]  |[-1r, 7w]   |TB6        |TB              |                 |
|egress::hdr.min_parse_depth_padding_0[2].packet_payload[71:64]  |[-1r, 7w]   |TB7        |TB              |                 |
|egress::hdr.min_parse_depth_padding_0[2].packet_payload[79:72]  |[-1r, 7w]   |TB16       |TB              |                 |
|egress::hdr.min_parse_depth_padding_0[2].packet_payload[15:0]   |[-1r, 7w]   |TH18       |TH              |                 |
|egress::hdr.min_parse_depth_padding_0[2].packet_payload[31:16]  |[-1r, 7w]   |TH19       |TH              |                 |
|egress::hdr.min_parse_depth_padding_0[2].packet_payload[47:32]  |[-1r, 7w]   |TH20       |TH              |                 |
|egress::hdr.min_parse_depth_padding_0[2].packet_payload[63:48]  |[-1r, 7w]   |TH21       |TH              |                 |
|ingress::hdr.eth.$valid                                         |[-1r, 7w]   |H11        |H               |[0]              |
|ingress::hdr.ib.$valid                                          |[-1r, 7w]   |H11        |H               |[1]              |
|ingress::hdr.held_owner.$valid                                  |[-1r, 7w]   |H11        |H               |[2]              |
|ingress::hdr.ipv4.$valid                                        |[-1r, 7w]   |H11        |H               |[3]              |
|ingress::hdr.tcp.$valid                                         |[-1r, 7w]   |H11        |H               |[4]              |
|ingress::hdr.dnp3_dl.$valid                                     |[-1r, 7w]   |H11        |H               |[5]              |
|ingress::hdr.dnp3_tp.$valid                                     |[-1r, 7w]   |H11        |H               |[6]              |
|ingress::hdr.dnp3_app.$valid                                    |[-1r, 7w]   |H11        |H               |[7]              |
|ingress::hdr.tcp_opt4.$valid                                    |[-1r, 7w]   |H11        |H               |[8]              |
|ingress::hdr.tcp_opt8.$valid                                    |[-1r, 7w]   |H11        |H               |[9]              |
|ingress::hdr.tcp_opt12.$valid                                   |[-1r, 7w]   |H11        |H               |[10]             |
|egress::hdr.eth.$valid                                          |[-1r, 7w]   |B17        |B               |[0]              |
|egress::hdr.ipv4.$valid                                         |[-1r, 7w]   |B17        |B               |[1]              |
|egress::hdr.tcp.$valid                                          |[-1r, 7w]   |B17        |B               |[2]              |
|egress::hdr.tcp_opt4.$valid                                     |[-1r, 7w]   |B17        |B               |[3]              |
|egress::hdr.tcp_opt8.$valid                                     |[-1r, 7w]   |B17        |B               |[4]              |
|egress::hdr.tcp_opt12.$valid                                    |[-1r, 7w]   |B17        |B               |[5]              |
|egress::hdr.min_parse_depth_padding_0.$stkvalid[0]              |[-1r, 7w]   |B16        |B               |[0]              |
|egress::hdr.min_parse_depth_padding_0.$stkvalid[1]              |[-1r, 7w]   |B16        |B               |[1]              |
|egress::hdr.min_parse_depth_padding_0.$stkvalid[2]              |[-1r, 7w]   |B16        |B               |[2]              |
+----------------------------------------------------------------+------------+-----------+----------------+-----------------+





PHV Allocation State

MAU Groups:
+-------------------+-----------------+----------------+----------------------+---------------------+----------------+---------------------------+--------------------------+----------------+
|     MAU Group     | Containers Used |   Bits Used    | Bits Used on Ingress | Bits Used on Egress | Bits Allocated | Bits Allocated on Ingress | Bits Allocated on Egress | Available Bits |
+-------------------+-----------------+----------------+----------------------+---------------------+----------------+---------------------------+--------------------------+----------------+
|       B0-15       |  16 (  100 %)   | 111 ( 86.7 %)  |    111 ( 86.7 %)     |     0 (   0  %)     | 127 ( 99.2 %)  |       127 ( 99.2 %)       |       0 (   0  %)        |      128       |
|      B16-31       |   2 ( 12.5 %)   |  9 ( 7.03 %)   |     0 (   0  %)      |     9 ( 7.03 %)     |  9 ( 7.03 %)   |        0 (   0  %)        |       9 ( 7.03 %)        |      128       |
|      B32-47       |   1 ( 6.25 %)   |  8 ( 6.25 %)   |     8 ( 6.25 %)      |     0 (   0  %)     |  8 ( 6.25 %)   |        8 ( 6.25 %)        |       0 (   0  %)        |      128       |
|      B48-63       |   0 (   0  %)   |  0 (   0  %)   |     0 (   0  %)      |     0 (   0  %)     |  0 (   0  %)   |        0 (   0  %)        |       0 (   0  %)        |      128       |
+-------------------+-----------------+----------------+----------------------+---------------------+----------------+---------------------------+--------------------------+----------------+
|       H0-15       |  16 (  100 %)   | 225 ( 87.9 %)  |    225 ( 87.9 %)     |     0 (   0  %)     | 297 (  116 %)  |       297 (  116 %)       |       0 (   0  %)        |      256       |
|      H16-31       |   1 ( 6.25 %)   |  9 ( 3.52 %)   |     0 (   0  %)      |     9 ( 3.52 %)     |  9 ( 3.52 %)   |        0 (   0  %)        |       9 ( 3.52 %)        |      256       |
|      H32-47       |   0 (   0  %)   |  0 (   0  %)   |     0 (   0  %)      |     0 (   0  %)     |  0 (   0  %)   |        0 (   0  %)        |       0 (   0  %)        |      256       |
|      H48-63       |   0 (   0  %)   |  0 (   0  %)   |     0 (   0  %)      |     0 (   0  %)     |  0 (   0  %)   |        0 (   0  %)        |       0 (   0  %)        |      256       |
|      H64-79       |   0 (   0  %)   |  0 (   0  %)   |     0 (   0  %)      |     0 (   0  %)     |  0 (   0  %)   |        0 (   0  %)        |       0 (   0  %)        |      256       |
|      H80-95       |   0 (   0  %)   |  0 (   0  %)   |     0 (   0  %)      |     0 (   0  %)     |  0 (   0  %)   |        0 (   0  %)        |       0 (   0  %)        |      256       |
+-------------------+-----------------+----------------+----------------------+---------------------+----------------+---------------------------+--------------------------+----------------+
|       W0-15       |  16 (  100 %)   | 464 ( 90.6 %)  |    464 ( 90.6 %)     |     0 (   0  %)     | 592 (  116 %)  |       592 (  116 %)       |       0 (   0  %)        |      512       |
|      W16-31       |   0 (   0  %)   |  0 (   0  %)   |     0 (   0  %)      |     0 (   0  %)     |  0 (   0  %)   |        0 (   0  %)        |       0 (   0  %)        |      512       |
|      W32-47       |  16 (  100 %)   | 512 (  100 %)  |    512 (  100 %)     |     0 (   0  %)     | 608 (  119 %)  |       608 (  119 %)       |       0 (   0  %)        |      512       |
|      W48-63       |   0 (   0  %)   |  0 (   0  %)   |     0 (   0  %)      |     0 (   0  %)     |  0 (   0  %)   |        0 (   0  %)        |       0 (   0  %)        |      512       |
+-------------------+-----------------+----------------+----------------------+---------------------+----------------+---------------------------+--------------------------+----------------+
|   Usage for 8b    |  19 ( 29.7 %)   | 128 (  25  %)  |    119 ( 23.2 %)     |     9 ( 1.76 %)     | 144 ( 28.1 %)  |       135 ( 26.4 %)       |       9 ( 1.76 %)        |      512       |
|   Usage for 16b   |  17 ( 17.7 %)   | 234 ( 15.2 %)  |    225 ( 14.6 %)     |     9 ( 0.586%)     | 306 ( 19.9 %)  |       297 ( 19.3 %)       |       9 ( 0.586%)        |      1536      |
|   Usage for 32b   |  32 (  50  %)   | 976 ( 47.7 %)  |    976 ( 47.7 %)     |     0 (   0  %)     | 1200 ( 58.6 %) |      1200 ( 58.6 %)       |       0 (   0  %)        |      2048      |
+-------------------+-----------------+----------------+----------------------+---------------------+----------------+---------------------------+--------------------------+----------------+
| Overall PHV Usage |  68 ( 30.4 %)   | 1338 ( 32.7 %) |    1320 ( 32.2 %)    |    18 ( 0.439%)     | 1650 ( 40.3 %) |      1632 ( 39.8 %)       |       18 ( 0.439%)       |      4096      |
+-------------------+-----------------+----------------+----------------------+---------------------+----------------+---------------------------+--------------------------+----------------+


Tagalong Collections:
+------------+-------+--------------------+---------------------+---------------------+----------------+----------------+
|  Collection|  Gress|  8b Containers Used|  16b Containers Used|  32b Containers Used|       Bits Used|  Bits Allocated|
+------------+-------+--------------------+---------------------+---------------------+----------------+----------------+
|           0|      I|         2 (  50  %)|          6 (  100 %)|          4 (  100 %)|   240 ( 93.8 %)|   240 ( 93.8 %)|
|           1|      E|         4 (  100 %)|          6 (  100 %)|          4 (  100 %)|   256 (  100 %)|   352 (  138 %)|
|           2|      I|         0 (   0  %)|          6 (  100 %)|          4 (  100 %)|   224 ( 87.5 %)|   320 (  125 %)|
|           3|      E|         4 (  100 %)|          6 (  100 %)|          4 (  100 %)|   256 (  100 %)|   512 (  200 %)|
|           4|      E|         1 (  25  %)|          1 ( 16.7 %)|          0 (   0  %)|    24 ( 9.38 %)|    24 ( 9.38 %)|
|           5|       |         0 (   0  %)|          0 (   0  %)|          0 (   0  %)|     0 (   0  %)|     0 (   0  %)|
|           6|       |         0 (   0  %)|          0 (   0  %)|          0 (   0  %)|     0 (   0  %)|     0 (   0  %)|
|           7|       |         0 (   0  %)|          0 (   0  %)|          0 (   0  %)|     0 (   0  %)|     0 (   0  %)|
+------------+-------+--------------------+---------------------+---------------------+----------------+----------------+
|       Total|       |        11 ( 34.4 %)|         25 ( 52.1 %)|         16 (  50  %)|  1000 ( 48.8 %)|  1448 ( 70.7 %)|
+------------+-------+--------------------+---------------------+---------------------+----------------+----------------+



