/home/philip/Projects/DNP3/defense4/timing/case4_architecture/integration/core/ordinary/evidence/e_complete_01/source/e.p4(17): [--Wwarn=uninitialized_out_param] warning: out parameter 'm' may be uninitialized when 'EgParser' terminates
parser EgParser(packet_in pkt,out headers_t hdr,out meta_t m,out egress_intrinsic_metadata_t eg){Checksum() ic;Checksum() tc;
                                                           ^
/home/philip/Projects/DNP3/defense4/timing/case4_architecture/integration/core/ordinary/evidence/e_complete_01/source/e.p4(17)
parser EgParser(packet_in pkt,out headers_t hdr,out meta_t m,out egress_intrinsic_metadata_t eg){Checksum() ic;Checksum() tc;
       ^^^^^^^^
/home/philip/Projects/DNP3/defense4/timing/case4_architecture/integration/core/ordinary/evidence/e_complete_01/source/e.p4(228): [--Wwarn=uninitialized_out_param] warning: out parameter 'm' may be uninitialized when 'IgParser' terminates
parser IgParser(packet_in pkt,out headers_t hdr,out meta_t m,out ingress_intrinsic_metadata_t ig){state start{pkt.extract(ig);pkt.advance(PORT_METADATA_SIZE);transition accept;}}
                                                           ^
/home/philip/Projects/DNP3/defense4/timing/case4_architecture/integration/core/ordinary/evidence/e_complete_01/source/e.p4(228)
parser IgParser(packet_in pkt,out headers_t hdr,out meta_t m,out ingress_intrinsic_metadata_t ig){state start{pkt.extract(ig);pkt.advance(PORT_METADATA_SIZE);transition accept;}}
       ^^^^^^^^
warning: Parser state min_parse_depth_accept_loop will be unrolled up to 4 times due to @pragma max_loop_depth.
warning: Parser state min_parse_depth_reject_loop will be unrolled up to 4 times due to @pragma max_loop_depth.
warning: checksum.get() will deprecate in future versions. Please use void subtract_all_and_deposit(bit<16>) instead
/home/philip/Projects/DNP3/defense4/timing/case4_architecture/integration/core/ordinary/evidence/e_complete_01/source/e.p4(222): [--Werror=legacy] error: Non-zero constant entry in checksum calculation not implemented yet: 16w75
   hdr.tcp.checksum=tc.update({hdr.ip.src,hdr.ip.dst,8w0,hdr.ip.proto,16w75,hdr.tcp.sport,hdr.tcp.dport,hdr.tcp.seq,hdr.tcp.ack,hdr.tcp.offset,hdr.tcp.reserved,hdr.tcp.flags,hdr.tcp.window,hdr.tcp.urgent,hdr.image.w0,hdr.image.w1,hdr.image.w2,hdr.image.w3,hdr.image.w4,hdr.image.w5,hdr.image.w6,hdr.image.w7,hdr.image.w8,hdr.image.w9,hdr.image.w10,hdr.image.w11,hdr.image.w12,hdr.image.w13});
                                                                      ^^^^^
Compilation failed!


1 error, 5 warnings generated.

