+---------------------------------------------------------------------+
|  Log file: pa.results.log                                           |
|  Compiler version: 9.13.1                                           |
|  Created on: Sat Oct 10 00:48:46 2026                               |
|  Run ID: 2dda74b166ab4b58                                           |
+---------------------------------------------------------------------+

Allocation state: Final Allocation
------------------------------------------------------------------------------
|       PHV Group        | Containers Used |   Bits Used   | Bits Available |
| (container bit widths) |     (% used)    |    (% used)   |                |
------------------------------------------------------------------------------
|         0 (32)         |   16 (100.00%)  | 512 (100.00%) |      512       |
|         1 (32)         |    0 (0.00%)    |   0 (0.00%)   |      512       |
|         2 (32)         |   16 (100.00%)  | 512 (100.00%) |      512       |
|         3 (32)         |    9 (56.25%)   |  288 (56.25%) |      512       |
|    Total for 32 bit    |   41 (64.06%)   | 1312 (64.06%) |      2048      |
|                        |                 |               |                |
|         4 (8)          |   16 (100.00%)  |  119 (92.97%) |      128       |
|         5 (8)          |    1 (6.25%)    |   4 (3.12%)   |      128       |
|         6 (8)          |   10 (62.50%)   |  80 (62.50%)  |      128       |
|         7 (8)          |    6 (37.50%)   |  48 (37.50%)  |      128       |
|    Total for 8 bit     |   33 (51.56%)   |  251 (49.02%) |      512       |
|                        |                 |               |                |
|         8 (16)         |   16 (100.00%)  |  236 (92.19%) |      256       |
|         9 (16)         |    1 (6.25%)    |   9 (3.52%)   |      256       |
|        10 (16)         |   12 (75.00%)   |  192 (75.00%) |      256       |
|        11 (16)         |    0 (0.00%)    |   0 (0.00%)   |      256       |
|        12 (16)         |    0 (0.00%)    |   0 (0.00%)   |      256       |
|        13 (16)         |    0 (0.00%)    |   0 (0.00%)   |      256       |
|    Total for 16 bit    |   29 (30.21%)   |  437 (28.45%) |      1536      |
|                        |                 |               |                |
|       14 (32) T        |    9 (56.25%)   |  288 (56.25%) |      512       |
|       15 (32) T        |    0 (0.00%)    |   0 (0.00%)   |      512       |
|    Total for 32 bit    |    9 (28.12%)   |  288 (28.12%) |      1024      |
|                        |                 |               |                |
|        16 (8) T        |    7 (43.75%)   |  56 (43.75%)  |      128       |
|        17 (8) T        |    0 (0.00%)    |   0 (0.00%)   |      128       |
|    Total for 8 bit     |    7 (21.88%)   |  56 (21.88%)  |      256       |
|                        |                 |               |                |
|       18 (16) T        |   16 (100.00%)  | 256 (100.00%) |      256       |
|       19 (16) T        |    2 (12.50%)   |  32 (12.50%)  |      256       |
|       20 (16) T        |    0 (0.00%)    |   0 (0.00%)   |      256       |
|    Total for 16 bit    |   18 (37.50%)   |  288 (37.50%) |      768       |
|                        |                 |               |                |
|       MAU total        |   103 (45.98%)  | 2000 (48.83%) |      4096      |
|     Tagalong total     |   34 (30.36%)   |  632 (30.86%) |      2048      |
|     Overall total      |   137 (40.77%)  | 2632 (42.84%) |      6144      |
------------------------------------------------------------------------------

--------------------------------------------
PHV Allocation
--------------------------------------------

Allocations in Group 0 32 bits
  32-bit PHV 0 (ingress): phv0[31:0] = ig_intr_md_from_prsr.global_tstamp[31:0]
  32-bit PHV 1 (ingress): phv1[31:0] = m.observed[31:0]
  32-bit PHV 2 (ingress): phv2[31:0] = hdr.t0.t0q[31:0] (deparsed)
  32-bit PHV 3 (ingress): phv3[31:0] = hdr.expected_cell.expected_cell[31:0] (deparsed)
  32-bit PHV 4 (ingress): phv4[31:0] = m.desired[31:0]
  32-bit PHV 5 (ingress): phv5[31:0] = m.expected[31:0]
  32-bit PHV 6 (ingress): phv6[31:8] = m.expected_work_phase[31:8]
  32-bit PHV 6 (ingress): phv6[31:0] = m.epoch[31:0]
  32-bit PHV 6 (ingress): phv6[7:0] = m.badt[7:0]
  32-bit PHV 7 (ingress): phv7[31:0] = hdr.work_generation.generation[31:0] (deparsed)
  32-bit PHV 8 (ingress): phv8[31:0] = hdr.envelope.epoch[31:0] (deparsed)
  32-bit PHV 9 (ingress): phv9[31:0] = m.generation[31:0]
  32-bit PHV 10 (ingress): phv10[31:0] = hdr.ip.dst[31:0] (deparsed)
  32-bit PHV 11 (ingress): phv11[31:0] = hdr.ip.src[31:0] (deparsed)
  32-bit PHV 12 (ingress): phv12[31:0] = m.compare_real_tcp_src[31:0]
  32-bit PHV 13 (ingress): phv13[31:0] = m.compare_real_tcp_dst[31:0]
  32-bit PHV 14 (ingress): phv14[31:0] = hdr.tail.off[31:0] (deparsed)
  32-bit PHV 14 (ingress): phv14[31:0] = hdr.rtail.off[31:0] (deparsed)
  32-bit PHV 14 (ingress): phv14[31:24] = hdr.rd_req.variation[7:0] (deparsed)
  32-bit PHV 14 (ingress): phv14[31:0] = hdr.second.w3[31:0] (deparsed)
  32-bit PHV 14 (ingress): phv14[23:16] = hdr.rd_req.qualifier[7:0] (deparsed)
  32-bit PHV 14 (ingress): phv14[15:8] = hdr.rd_req.first[7:0] (deparsed)
  32-bit PHV 14 (ingress): phv14[7:0] = hdr.rd_req.last[7:0] (deparsed)
  32-bit PHV 15 (ingress): phv15[31:0] = m.compare_real_off[31:0]
  >> 16 in ingress and 0 in egress

Allocations in Group 2 32 bits
  32-bit PHV 32 (ingress): phv32[31:0] = hdr.tcp.seq[31:0] (deparsed)
  32-bit PHV 33 (ingress): phv33[31:0] = hdr.tcp.ack[31:0] (deparsed)
  32-bit PHV 34 (ingress): phv34[31:0] = hdr.first.w1[31:0] (deparsed)
  32-bit PHV 35 (ingress): phv35[31:16] = hdr.tcp.sport[15:0] (deparsed)
  32-bit PHV 35 (ingress): phv35[15:0] = hdr.tcp.dport[15:0] (deparsed)
  32-bit PHV 36 (ingress): phv36[31:0] = m.client[31:0]
  32-bit PHV 37 (ingress): phv37[31:0] = m.server[31:0]
  32-bit PHV 38 (ingress): phv38[31:0] = m.ack_native[31:0]
  32-bit PHV 39 (ingress): phv39[31:0] = m.compare_native_start[31:0]
  32-bit PHV 40 (ingress): phv40[31:0] = m.compare_native_end[31:0]
  32-bit PHV 41 (ingress): phv41[31:0] = m.compare_server_start[31:0]
  32-bit PHV 42 (ingress): phv42[31:0] = m.new_seq[31:0]
  32-bit PHV 43 (ingress): phv43[31:0] = m.server_diff[31:0]
  32-bit PHV 44 (ingress): phv44[31:0] = m.client_diff[31:0]
  32-bit PHV 45 (ingress): phv45[31:0] = m.compare_real_tcp_ports[31:0]
  32-bit PHV 46 (ingress): phv46[31:0] = hdr.second.w2[31:0] (deparsed)
  32-bit PHV 47 (ingress): phv47[31:0] = hdr.second.w1[31:0] (deparsed)
  >> 16 in ingress and 0 in egress

Allocations in Group 3 32 bits
  32-bit PHV 48 (ingress): phv48[31:0] = hdr.second.w0[31:0] (deparsed)
  32-bit PHV 52 (ingress): phv52[31:0] = m.work_phase[31:0]
  32-bit PHV 53 (ingress): phv53[31:0] = m.diff_application[31:0]
  32-bit PHV 54 (ingress): phv54[31:0] = m.diff_real_links[31:0]
  32-bit PHV 55 (ingress): phv55[31:0] = m.diff_real_tcp_dst[31:0]
  32-bit PHV 56 (ingress): phv56[31:0] = m.diff_real_object[31:0]
  32-bit PHV 57 (ingress): phv57[31:0] = m.diff_real_off[31:0]
  32-bit PHV 58 (ingress): phv58[31:0] = m.diff_native_end[31:0]
  32-bit PHV 59 (ingress): phv59[31:0] = m.owner_diff[31:0]
  >> 9 in ingress and 0 in egress

Allocations in Group 4 8 bits
  8-bit PHV 64 (ingress): phv64[2:0] = ig_intr_md_for_dprsr.mirror_type[2:0] (deparsed)
  8-bit PHV 65 (ingress): phv65[3:3] = ig_intr_md_for_tm.bypass_egress[0:0] (deparsed)
  8-bit PHV 65 (ingress): phv65[2:0] = ig_intr_md_for_dprsr.drop_ctl[2:0] (deparsed)
  8-bit PHV 66 (ingress): phv66[7:0] = hdr.tail.status[7:0] (deparsed)
  8-bit PHV 66 (ingress): phv66[7:0] = hdr.rtail.status[7:0] (deparsed)
  8-bit PHV 66 (ingress): phv66[7:0] = hdr.rd_req.crc[15:8] (deparsed)
  8-bit PHV 66 (ingress): phv66[7:0] = hdr.rd_tail.value[7:0] (deparsed)
  8-bit PHV 67 (ingress): phv67[7:0] = hdr.dl.crc[7:0] (deparsed)
  8-bit PHV 68 (ingress): phv68[7:0] = m.hcrc[15:8]
  8-bit PHV 68 (ingress): phv68[7:0] = m.epoch_diff[7:0]
  8-bit PHV 69 (ingress): phv69[7:0] = hdr.dl.crc[15:8] (deparsed)
  8-bit PHV 70 (ingress): phv70[7:0] = m.hcrc[7:0]
  8-bit PHV 70 (ingress): phv70[7:0] = m.epoch_diff[15:8]
  8-bit PHV 71 (ingress): phv71[7:0] = hdr.ip.ttl[7:0] (deparsed)
  8-bit PHV 72 (ingress): phv72[7:0] = hdr.tail.crc[15:8] (deparsed)
  8-bit PHV 72 (ingress): phv72[7:0] = hdr.rtail.crc[15:8] (deparsed)
  8-bit PHV 72 (ingress): phv72[7:0] = hdr.rd_req.crc[7:0] (deparsed)
  8-bit PHV 72 (ingress): phv72[7:0] = hdr.rd_tail.crc[15:8] (deparsed)
  8-bit PHV 73 (ingress): phv73[7:0] = m.tcrc[7:0]
  8-bit PHV 73 (ingress): phv73[7:0] = m.parsed[7:0]
  8-bit PHV 73 (ingress): phv73[7:0] = m.epoch_diff[23:16]
  8-bit PHV 74 (ingress): phv74[7:0] = hdr.tail.crc[7:0] (deparsed)
  8-bit PHV 74 (ingress): phv74[7:0] = hdr.rtail.crc[7:0] (deparsed)
  8-bit PHV 74 (ingress): phv74[7:0] = hdr.rd_tail.crc[7:0] (deparsed)
  8-bit PHV 75 (ingress): phv75[7:0] = m.tcrc[15:8]
  8-bit PHV 75 (ingress): phv75[7:0] = m.epoch_diff[31:24]
  8-bit PHV 76 (ingress): phv76[7:0] = hdr.first.crc[15:8] (deparsed)
  8-bit PHV 77 (ingress): phv77[7:0] = m.bcrc[7:0]
  8-bit PHV 77 (ingress): phv77[7:0] = m.compare_read_app[11:4]
  8-bit PHV 78 (ingress): phv78[7:0] = hdr.first.crc[7:0] (deparsed)
  8-bit PHV 79 (ingress): phv79[7:0] = m.bcrc[15:8]
  8-bit PHV 79 (ingress): phv79[7:0] = m.compare_read_app[19:12]
  >> 16 in ingress and 0 in egress

Allocations in Group 5 8 bits
  8-bit PHV 80 (egress): phv80[3:0] = hdr.min_parse_depth_padding_0.$stkvalid[3:0]
  8-bit PHV 80 (egress): phv80[3:3] = hdr.min_parse_depth_padding_0[0].$valid[0:0] (deparsed)
  8-bit PHV 80 (egress): phv80[2:2] = hdr.min_parse_depth_padding_0[1].$valid[0:0] (deparsed)
  8-bit PHV 80 (egress): phv80[1:1] = hdr.min_parse_depth_padding_0[2].$valid[0:0] (deparsed)
  8-bit PHV 80 (egress): phv80[0:0] = hdr.min_parse_depth_padding_0[3].$valid[0:0] (deparsed)
  >> 0 in ingress and 1 in egress

Allocations in Group 6 8 bits
  8-bit PHV 96 (ingress): phv96[7:0] = hdr.second.crc[15:8] (deparsed)
  8-bit PHV 97 (ingress): phv97[7:0] = hdr.second.crc[7:0] (deparsed)
  8-bit PHV 104 (ingress): phv104[7:0] = m.crc1[7:0]
  8-bit PHV 104 (ingress): phv104[7:0] = m.compare_application[15:8]
  8-bit PHV 105 (ingress): phv105[7:0] = m.crc1[15:8]
  8-bit PHV 105 (ingress): phv105[7:0] = m.compare_application[23:16]
  8-bit PHV 106 (ingress): phv106[7:0] = m.stage[7:0]
  8-bit PHV 107 (ingress): phv107[7:0] = m.expected_work_phase[7:0]
  8-bit PHV 108 (ingress): phv108[7:0] = m.kind[7:0]
  8-bit PHV 109 (ingress): phv109[7:0] = m.matched[7:0]
  8-bit PHV 110 (ingress): phv110[7:0] = m.sequence_valid[7:0]
  8-bit PHV 111 (ingress): phv111[7:0] = m.owner_op[7:0]
  >> 10 in ingress and 0 in egress

Allocations in Group 7 8 bits
  8-bit PHV 112 (ingress): phv112[7:0] = m.response[7:0]
  8-bit PHV 113 (ingress): phv113[7:0] = m.return_abort[7:0]
  8-bit PHV 114 (ingress): phv114[7:0] = m.go[7:0]
  8-bit PHV 115 (ingress): phv115[7:0] = m.shape_valid[7:0]
  8-bit PHV 116 (ingress): phv116[7:0] = m.packet_kind[7:0]
  8-bit PHV 117 (ingress): phv117[7:0] = m.work_op[7:0]
  >> 6 in ingress and 0 in egress

Allocations in Group 8 16 bits
  16-bit PHV 128 (ingress): phv128[15:0] = hdr.event.event[15:0] (deparsed)
  16-bit PHV 129 (ingress): phv129[8:8] = m.ip_error[0:0]
  16-bit PHV 129 (ingress): phv129[7:0] = m.direction[7:0]
  16-bit PHV 130 (ingress): phv130[8:0] = ig_intr_md_for_tm.ucast_egress_port[8:0] (deparsed)
  16-bit PHV 131 (ingress): phv131[15:0] = m.tcp_sum[15:0]
  16-bit PHV 131 (ingress): phv131[8:0] = m.output_port[8:0]
  16-bit PHV 132 (ingress): phv132[9:0] = $tmp2[9:0] (deparsed)
  16-bit PHV 133 (ingress): phv133[15:0] = hdr.dl.src[15:0] (deparsed)
  16-bit PHV 134 (ingress): phv134[15:0] = hdr.dl.dst[15:0] (deparsed)
  16-bit PHV 135 (ingress): phv135[15:0] = m.compare_real_links[31:16]
  16-bit PHV 136 (ingress): phv136[15:0] = m.link_src[15:0]
  16-bit PHV 136 (ingress): phv136[15:4] = m.compare_read_app[31:20]
  16-bit PHV 136 (ingress): phv136[8:0] = ig_intr_md.ingress_port[8:0]
  16-bit PHV 136 (ingress): phv136[3:0] = m.compare_read_app[3:0]
  16-bit PHV 137 (ingress): phv137[15:0] = m.compare_real_links[15:0]
  16-bit PHV 138 (ingress): phv138[15:8] = m.compare_application[31:24]
  16-bit PHV 138 (ingress): phv138[15:0] = m.link_dst[15:0]
  16-bit PHV 138 (ingress): phv138[7:0] = m.compare_application[7:0]
  16-bit PHV 139 (ingress): phv139[15:8] = hdr.dl.len[7:0] (deparsed)
  16-bit PHV 139 (ingress): phv139[7:0] = hdr.dl.ctrl[7:0] (deparsed)
  16-bit PHV 140 (ingress): phv140[15:0] = hdr.first.w0[15:0] (deparsed)
  16-bit PHV 140 (ingress): phv140[15:8] = hdr.rd_req.func[7:0] (deparsed)
  16-bit PHV 140 (ingress): phv140[7:0] = hdr.rd_req.group[7:0] (deparsed)
  16-bit PHV 141 (ingress): phv141[15:0] = hdr.first.w0[31:16] (deparsed)
  16-bit PHV 141 (ingress): phv141[15:8] = hdr.rd_req.tp[7:0] (deparsed)
  16-bit PHV 141 (ingress): phv141[7:0] = hdr.rd_req.app[7:0] (deparsed)
  16-bit PHV 142 (ingress): phv142[15:12] = hdr.tcp.offset[3:0] (deparsed)
  16-bit PHV 142 (ingress): phv142[11:8] = hdr.tcp.reserved[3:0] (deparsed)
  16-bit PHV 142 (ingress): phv142[7:0] = hdr.tcp.flags[7:0] (deparsed)
  16-bit PHV 143 (ingress): phv143[15:0] = hdr.tcp.urgent[15:0] (deparsed)
  >> 16 in ingress and 0 in egress

Allocations in Group 9 16 bits
  16-bit PHV 144 (egress): phv144[8:0] = eg_intr_md.egress_port[8:0] (deparsed)
  >> 0 in ingress and 1 in egress

Allocations in Group 10 16 bits
  16-bit PHV 160 (ingress): phv160[15:0] = hdr.first.w2[15:0] (deparsed)
  16-bit PHV 161 (ingress): phv161[15:0] = hdr.first.w3[31:16] (deparsed)
  16-bit PHV 162 (ingress): phv162[15:0] = hdr.first.w3[15:0] (deparsed)
  16-bit PHV 163 (ingress): phv163[15:0] = hdr.first.w2[31:16] (deparsed)
  16-bit PHV 164 (ingress): phv164[15:0] = hdr.rtail.on_lo[15:0] (deparsed)
  16-bit PHV 165 (ingress): phv165[15:0] = hdr.event.reserved[15:0] (deparsed)
  16-bit PHV 166 (ingress): phv166[15:0] = hdr.dl.magic[15:0] (deparsed)
  16-bit PHV 167 (ingress): phv167[15:15] = hdr.t0.$valid[0:0] (deparsed)
  16-bit PHV 167 (ingress): phv167[14:14] = hdr.rd_tail.$valid[0:0] (deparsed)
  16-bit PHV 167 (ingress): phv167[13:13] = hdr.second.$valid[0:0] (deparsed)
  16-bit PHV 167 (ingress): phv167[12:12] = hdr.rd_req.$valid[0:0] (deparsed)
  16-bit PHV 167 (ingress): phv167[11:11] = hdr.rtail.$valid[0:0] (deparsed)
  16-bit PHV 167 (ingress): phv167[10:10] = hdr.tail.$valid[0:0] (deparsed)
  16-bit PHV 167 (ingress): phv167[9:9] = hdr.first.$valid[0:0] (deparsed)
  16-bit PHV 167 (ingress): phv167[8:8] = hdr.dl.$valid[0:0] (deparsed)
  16-bit PHV 167 (ingress): phv167[7:7] = hdr.mss.$valid[0:0] (deparsed)
  16-bit PHV 167 (ingress): phv167[6:6] = hdr.tcp.$valid[0:0] (deparsed)
  16-bit PHV 167 (ingress): phv167[5:5] = hdr.ip.$valid[0:0] (deparsed)
  16-bit PHV 167 (ingress): phv167[4:4] = hdr.eth.$valid[0:0] (deparsed)
  16-bit PHV 167 (ingress): phv167[3:3] = hdr.event.$valid[0:0] (deparsed)
  16-bit PHV 167 (ingress): phv167[2:2] = hdr.expected_cell.$valid[0:0] (deparsed)
  16-bit PHV 167 (ingress): phv167[1:1] = hdr.work_generation.$valid[0:0] (deparsed)
  16-bit PHV 167 (ingress): phv167[0:0] = hdr.envelope.$valid[0:0] (deparsed)
  16-bit PHV 168 (ingress): phv168[15:0] = m.compare_real_object[31:16]
  16-bit PHV 168 (ingress): phv168[15:8] = m.port_valid[7:0]
  16-bit PHV 168 (ingress): phv168[7:0] = m.profile[7:0]
  16-bit PHV 169 (ingress): phv169[15:8] = m.bad1[7:0]
  16-bit PHV 169 (ingress): phv169[15:0] = m.compare_real_object[15:0]
  16-bit PHV 169 (ingress): phv169[7:0] = m.enabled[7:0]
  16-bit PHV 170 (ingress): phv170[15:0] = m.compare_real_on[15:0]
  16-bit PHV 170 (ingress): phv170[15:8] = m.badb[7:0]
  16-bit PHV 170 (ingress): phv170[7:0] = m.network_valid[7:0]
  16-bit PHV 171 (ingress): phv171[15:0] = m.compare_real_on[31:16]
  16-bit PHV 171 (ingress): phv171[7:0] = m.badh[7:0]
  >> 12 in ingress and 0 in egress

Allocations in Group 14 32 bits (tagalong)
  32-bit PHV 256 (egress): phv256[31:0] = hdr.min_parse_depth_padding_0[0].packet_payload[31:0] (tagalong capable) (deparsed)
  32-bit PHV 257 (egress): phv257[31:0] = hdr.min_parse_depth_padding_0[0].packet_payload[63:32] (tagalong capable) (deparsed)
  32-bit PHV 258 (egress): phv258[31:0] = hdr.min_parse_depth_padding_0[1].packet_payload[31:0] (tagalong capable) (deparsed)
  32-bit PHV 259 (egress): phv259[31:0] = hdr.min_parse_depth_padding_0[1].packet_payload[63:32] (tagalong capable) (deparsed)
  32-bit PHV 260 (ingress): phv260[31:28] = hdr.ip.version[3:0] (tagalong capable) (deparsed)
  32-bit PHV 260 (ingress): phv260[27:24] = hdr.ip.ihl[3:0] (tagalong capable) (deparsed)
  32-bit PHV 260 (ingress): phv260[23:16] = hdr.ip.tos[7:0] (tagalong capable) (deparsed)
  32-bit PHV 260 (ingress): phv260[15:0] = hdr.ip.len[15:0] (tagalong capable) (deparsed)
  32-bit PHV 261 (ingress): phv261[31:16] = hdr.ip.id[15:0] (tagalong capable) (deparsed)
  32-bit PHV 261 (ingress): phv261[15:13] = hdr.ip.flags[2:0] (tagalong capable) (deparsed)
  32-bit PHV 261 (ingress): phv261[12:0] = hdr.ip.frag[12:0] (tagalong capable) (deparsed)
  32-bit PHV 262 (ingress): phv262[31:24] = hdr.mss.kind[7:0] (tagalong capable) (deparsed)
  32-bit PHV 262 (ingress): phv262[23:16] = hdr.mss.len[7:0] (tagalong capable) (deparsed)
  32-bit PHV 262 (ingress): phv262[15:0] = hdr.mss.value[15:0] (tagalong capable) (deparsed)
  32-bit PHV 263 (ingress): phv263[31:0] = hdr.eth.src[31:0] (tagalong capable) (deparsed)
  32-bit PHV 264 (egress): phv264[31:0] = hdr.min_parse_depth_padding_0[3].packet_payload[63:32] (tagalong capable) (deparsed)
  >> 4 in ingress and 5 in egress

Allocations in Group 16 8 bits (tagalong)
  8-bit PHV 288 (egress): phv288[7:0] = hdr.min_parse_depth_padding_0[0].packet_payload[87:80] (tagalong capable) (deparsed)
  8-bit PHV 289 (egress): phv289[7:0] = hdr.min_parse_depth_padding_0[1].packet_payload[87:80] (tagalong capable) (deparsed)
  8-bit PHV 290 (egress): phv290[7:0] = hdr.min_parse_depth_padding_0[2].packet_payload[87:80] (tagalong capable) (deparsed)
  8-bit PHV 291 (egress): phv291[7:0] = hdr.min_parse_depth_padding_0[3].packet_payload[87:80] (tagalong capable) (deparsed)
  8-bit PHV 292 (ingress): phv292[7:0] = hdr.ip.proto[7:0] (tagalong capable) (deparsed)
  8-bit PHV 293 (ingress): phv293[7:0] = hdr.eth.src[39:32] (tagalong capable) (deparsed)
  8-bit PHV 294 (ingress): phv294[7:0] = hdr.eth.src[47:40] (tagalong capable) (deparsed)
  >> 3 in ingress and 4 in egress

Allocations in Group 18 16 bits (tagalong)
  16-bit PHV 320 (egress): phv320[15:0] = hdr.min_parse_depth_padding_0[2].packet_payload[15:0] (tagalong capable) (deparsed)
  16-bit PHV 321 (egress): phv321[15:0] = hdr.min_parse_depth_padding_0[2].packet_payload[31:16] (tagalong capable) (deparsed)
  16-bit PHV 322 (egress): phv322[15:0] = hdr.min_parse_depth_padding_0[2].packet_payload[47:32] (tagalong capable) (deparsed)
  16-bit PHV 323 (egress): phv323[15:0] = hdr.min_parse_depth_padding_0[2].packet_payload[63:48] (tagalong capable) (deparsed)
  16-bit PHV 324 (egress): phv324[15:0] = hdr.min_parse_depth_padding_0[3].packet_payload[15:0] (tagalong capable) (deparsed)
  16-bit PHV 325 (egress): phv325[15:0] = hdr.min_parse_depth_padding_0[3].packet_payload[31:16] (tagalong capable) (deparsed)
  16-bit PHV 326 (ingress): phv326[15:0] = hdr.tcp.window[15:0] (tagalong capable) (deparsed)
  16-bit PHV 327 (ingress): phv327[15:0] = hdr.ip.checksum[15:0] (tagalong capable) (deparsed)
  16-bit PHV 328 (ingress): phv328[15:0] = hdr.tcp.checksum[15:0] (tagalong capable) (deparsed)
  16-bit PHV 329 (ingress): phv329[15:0] = hdr.eth.dst[15:0] (tagalong capable) (deparsed)
  16-bit PHV 330 (ingress): phv330[15:0] = hdr.eth.dst[31:16] (tagalong capable) (deparsed)
  16-bit PHV 331 (ingress): phv331[15:0] = hdr.eth.type[15:0] (tagalong capable) (deparsed)
  16-bit PHV 332 (egress): phv332[15:0] = hdr.min_parse_depth_padding_0[0].packet_payload[79:64] (tagalong capable) (deparsed)
  16-bit PHV 333 (egress): phv333[15:0] = hdr.min_parse_depth_padding_0[1].packet_payload[79:64] (tagalong capable) (deparsed)
  16-bit PHV 334 (egress): phv334[15:0] = hdr.min_parse_depth_padding_0[2].packet_payload[79:64] (tagalong capable) (deparsed)
  16-bit PHV 335 (egress): phv335[15:0] = hdr.min_parse_depth_padding_0[3].packet_payload[79:64] (tagalong capable) (deparsed)
  >> 6 in ingress and 10 in egress

Allocations in Group 19 16 bits (tagalong)
  16-bit PHV 338 (ingress): phv338[15:0] = hdr.eth.dst[47:32] (tagalong capable) (deparsed)
  16-bit PHV 339 (ingress): phv339[15:0] = ig_intr_md_from_prsr.global_tstamp[47:32] (tagalong capable)
  >> 2 in ingress and 0 in egress


Final POV layout (ingress):

Final POV layout (egress):
