[22:11:47] acquired /tmp/case_a_defense3_gate2.lock (pid 1343209)
[22:11:47] mode=gate2 dryrun=0 prog=case_a_defense3_fixed_ack_delay skip_restore=1
[22:11:48] pre-run switch state: {"n_bf_switchd":1,"pid":"487805","conf":"/home/decps/d3/d3_synth_abs.conf","p4_name":"case_a_defense3_fixed_ack_delay"}
[22:11:48] === GATE 2: ONE synthetic transaction, then STOP ===
[22:11:48] D=2 ms  budget=18000  scenario=gate2-normal  ipg=500000 ns  gen=0xC0
[22:11:48] evidence: /home/philip/Projects/DNP3/research/case_a_defense3/evidence/gate2/gate2_20260729T221147Z
[22:11:48] --- staging /home/philip/Projects/DNP3/research/case_a_defense3/run/poll_defense3.py + the Gate-1 setup module -> decps@10.10.54.81:/home/decps/d3gate2 ---
[22:11:49] --- preflight cleanup + clean assertion ---
[22:11:54] transaction returned rc=0
[22:11:56] --- scoring ---
==============================================================================
DEFENSE 3 — §13 GATE 2 — gate2_txn.json
==============================================================================
RES    ID     REQUIREMENT
------ ------ ----------------------------------------------------------
PASS   V-01   trial ran to completion (verdict COMPLETE)
                verdict='COMPLETE'
PASS   V-02   trial asserted a CLEAN START and was not refused
                reasons=[]
PASS   V-03   mandatory cleanup ran (from the `finally`)
                cleanup_synth present=True
PASS   C-R1   dp8 speed == BF_SPEED_25G on BOTH the MAC and the TM
                MAC $SPEED='BF_SPEED_25G', TM scheduling_speed='BF_SPEED_25G'
                (both must be BF_SPEED_25G)
PASS   G-01   one READ
                ARM_FRESH=1 ARM_DUP=0 ARM_BUSY=0
PASS   G-02   one K=64 blocker burst
                PKTGEN_ADMIT=64 (want 64) PKTGEN_DROP=0
PASS   G-03   one ACK admitted to Q_HOLD
                ACK_HOLD=1 ACK_DUP_HOLD=0 ACK_REJECT=0
FAIL   G-04   one EARLY RESPONSE admitted behind the ACK
                RESP_HOLD_EARLY=0 (the ACK had not yet been released)
                RESP_HOLD_LATE=1 RESP_BYPASS=0
FAIL   G-05   no ACK before t_ACK + D
                hold=480 ns, D=1999872 ns, raw error=-1999392 ns (must be >=
                0)
PASS   G-06   no RESPONSE before the ACK
                t_resp_release - t_ack_release = 499999 ns (must be > 0; a
                negative value is the wire order INVERTED)
PASS   G-07   ACK released FIRST
                CD_ACK_RELEASE=1, ordering gap=499999 ns
PASS   G-08   RESPONSE released SECOND
                RELEASE_DEADLINE=0 RELEASE_FAILOPEN=1 (the two causes
                partition the releases, so the sum is the release count)
PASS   G-09   all blockers terminate (admitted == stale + deadline + budget)
                admitted=64 terminated=64 (stale=0 deadline=64 budget=0)
FAIL   G-10   transaction returns clean (generation retired by the released RESPONSE, no drops, no off-topology packets)
                reg_tag BEFORE cleanup = 0xC0 (want 0xFF = TAG_INACTIVE);
                BAD_PORT=1; queue drops=[('qid7', 0), ('qid1', 0)]
FAIL   C-R2   reservoir standing: t_first_blocker - t_READ < 100000 ns
                t_first_block - t_READ = 1000012 ns (bound 100000). A LATE
                reservoir is a SILENT ZERO-HOLD: the ACK arrives min 0.400 ms
                after the READ, so an unblocked Q_HOLD releases it immediately
                and every counter still reads normal.
FAIL   C-R4   ACK_RELEASE_FAILOPEN == 0
                BLOCK_TERM_TMO + RELEASE_FAILOPEN = 1. Non-zero means the
                reservoir drained on the pass budget B, so the trial measured
                H = B*K/rate, NOT D.
FAIL   C-R5   corrected deadline error |hold - (D + K/rate)| <= 1000 ns
                hold=480 ns; D=1999872 ns; K/rate=1711.230 ns; raw
                error=-1999392.000 ns; CORRECTED error=-2001103.230 ns. The
                raw error carries a deterministic +1711.230 ns bias; reporting
                it as jitter is the default failure of this measurement.
INFO   I-01   READ -> ACK interval (should track the hardware ipg)
                t_ack_arm - t_READ = 500003 ns, ipg = 500000 ns
INFO   I-02   release tail: ACK -> RESPONSE on the wire
                499999 ns
INFO   I-03   blocker loops (dp8 traversals consumed)
                CD_BLOCK_LOOP = 55778

DERIVED
  hold_ns                        480
  D_ns                           1999872
  tau_ns                         1711.2299465240642
  D_plus_tau_ns                  2001583.2299465241
  deadline_error_raw_ns          -1999392
  deadline_error_corrected_ns    -2001103.2299465241
  reservoir_standing_ns          1000012
  read_to_ack_ns                 500003
  ack_to_resp_release_ns         499999
  blockers_admitted              64
  blockers_terminated            64
  ack_release_failopen           1

VERDICT: FAIL

GATE 2 SUMMARY: 1 trial(s), 0 PASS, 1 FAIL
[22:11:56] -------------------------------------------------------------
[22:11:56] GATE 2 COMPLETE — ONE transaction. txn_rc=0 analyzer_rc=1
[22:11:56] evidence: /home/philip/Projects/DNP3/research/case_a_defense3/evidence/gate2/gate2_20260729T221147Z
[22:11:56] 
[22:11:56] STOPPING HERE BY DESIGN. Gates 3 (five transactions) and 4 (three
[22:11:56] boundary cases) are separate, human-gated steps and are NOT in this script.
[22:11:56] 
[22:11:56] The EXIT trap now restores the known-good state via the proven runner.
[22:11:56] on_exit: rc=1 — running restoration
[22:11:56] D3_SKIP_RESTORE=1 — NOT restoring. The switch is left as this run found
[22:11:56] it, and restoring it is now YOUR responsibility:
[22:11:56]   bash /home/philip/Projects/DNP3/research/case_a_read_anchored_dual_release/run/run_four_queue_oracle.sh --restore-only
[22:11:56] exit 1
