[18:44:13] acquired /tmp/case_a_defense3_gate2.lock (pid 1253140)
[18:44:13] mode=gate2 dryrun=0 prog=case_a_defense3_fixed_ack_delay skip_restore=1
[18:44:14] pre-run switch state: {"n_bf_switchd":1,"pid":"478707","conf":"/home/decps/d3/d3_synth_abs.conf","p4_name":"case_a_defense3_fixed_ack_delay"}
[18:44:14] === GATE 2: ONE synthetic transaction, then STOP ===
[18:44:14] D=2 ms  budget=18000  scenario=gate2-normal  ipg=500000 ns  gen=0xC0
[18:44:14] evidence: /home/philip/Projects/DNP3/research/case_a_defense3/evidence/gate2/gate2_20260729T184413Z
[18:44:14] --- staging /home/philip/Projects/DNP3/research/case_a_defense3/run/poll_defense3.py + the Gate-1 setup module -> decps@10.10.54.81:/home/decps/d3gate2 ---
[18:44:15] --- preflight cleanup + clean assertion ---
[18:44:20] transaction returned rc=0
[18:44:22] --- scoring ---
==============================================================================
DEFENSE 3 — §13 GATE 2 — gate2_txn.json
==============================================================================
RES    ID     REQUIREMENT
------ ------ ----------------------------------------------------------
PASS   V-01   trial ran to completion (verdict COMPLETE)
                verdict='COMPLETE'
PASS   V-02   trial asserted a CLEAN START and was not refused
                reasons=[]
PASS   V-03   mandatory cleanup ran (from the `finally`)
                cleanup_synth present=True
PASS   C-R1   dp8 speed == BF_SPEED_25G on BOTH the MAC and the TM
                MAC $SPEED='BF_SPEED_25G', TM scheduling_speed='BF_SPEED_25G'
                (both must be BF_SPEED_25G)
PASS   G-01   one READ
                ARM_FRESH=1 ARM_DUP=0 ARM_BUSY=0
FAIL   G-02   one K=64 blocker burst
                PKTGEN_ADMIT=0 (want 64) PKTGEN_DROP=0
FAIL   G-03   one ACK admitted to Q_HOLD
                ACK_HOLD=0 ACK_DUP_HOLD=0 ACK_REJECT=1
FAIL   G-04   one EARLY RESPONSE admitted behind the ACK
                RESP_HOLD_EARLY=0 (the ACK had not yet been released)
                RESP_HOLD_LATE=0 RESP_BYPASS=1
FAIL   G-05   no ACK before t_ACK + D
                hold=0 ns, D=1999872 ns, raw error=-1999872 ns (must be >= 0)
FAIL   G-06   no RESPONSE before the ACK
                t_resp_release - t_ack_release = 0 ns (must be > 0; a negative
                value is the wire order INVERTED)
FAIL   G-07   ACK released FIRST
                CD_ACK_RELEASE=0, ordering gap=0 ns
FAIL   G-08   RESPONSE released SECOND
                RELEASE_DEADLINE=0 RELEASE_FAILOPEN=0 (the two causes
                partition the releases, so the sum is the release count)
FAIL   G-09   all blockers terminate (admitted == stale + deadline + budget)
                admitted=0 terminated=0 (stale=0 deadline=0 budget=0)
FAIL   G-10   transaction returns clean (generation retired by the released RESPONSE, no drops, no off-topology packets)
                reg_tag BEFORE cleanup = 0xFF (want 0xFF = TAG_INACTIVE);
                BAD_PORT=1; queue drops=[('qid7', 0), ('qid1', 0)]
FAIL   C-R2   reservoir standing: t_first_blocker - t_READ < 100000 ns
                t_first_block - t_READ = 291769556 ns (bound 100000). A LATE
                reservoir is a SILENT ZERO-HOLD: the ACK arrives min 0.400 ms
                after the READ, so an unblocked Q_HOLD releases it immediately
                and every counter still reads normal.
PASS   C-R4   ACK_RELEASE_FAILOPEN == 0
                BLOCK_TERM_TMO + RELEASE_FAILOPEN = 0. Non-zero means the
                reservoir drained on the pass budget B, so the trial measured
                H = B*K/rate, NOT D.
FAIL   C-R5   corrected deadline error |hold - (D + K/rate)| <= 1000 ns
                hold=0 ns; D=1999872 ns; K/rate=1711.230 ns; raw
                error=-1999872.000 ns; CORRECTED error=-2001583.230 ns. The
                raw error carries a deterministic +1711.230 ns bias; reporting
                it as jitter is the default failure of this measurement.
INFO   I-01   READ -> ACK interval (should track the hardware ipg)
                t_ack_arm - t_READ = 291769556 ns, ipg = 500000 ns
INFO   I-02   release tail: ACK -> RESPONSE on the wire
                0 ns
INFO   I-03   blocker loops (dp8 traversals consumed)
                CD_BLOCK_LOOP = 0

DERIVED
  hold_ns                        0
  D_ns                           1999872
  tau_ns                         1711.2299465240642
  D_plus_tau_ns                  2001583.2299465241
  deadline_error_raw_ns          -1999872
  deadline_error_corrected_ns    -2001583.2299465241
  reservoir_standing_ns          291769556
  read_to_ack_ns                 291769556
  ack_to_resp_release_ns         0
  blockers_admitted              0
  blockers_terminated            0
  ack_release_failopen           0

VERDICT: FAIL

GATE 2 SUMMARY: 1 trial(s), 0 PASS, 1 FAIL
[18:44:22] -------------------------------------------------------------
[18:44:22] GATE 2 COMPLETE — ONE transaction. txn_rc=0 analyzer_rc=1
[18:44:22] evidence: /home/philip/Projects/DNP3/research/case_a_defense3/evidence/gate2/gate2_20260729T184413Z
[18:44:22] 
[18:44:22] STOPPING HERE BY DESIGN. Gates 3 (five transactions) and 4 (three
[18:44:22] boundary cases) are separate, human-gated steps and are NOT in this script.
[18:44:22] 
[18:44:22] The EXIT trap now restores the known-good state via the proven runner.
[18:44:22] on_exit: rc=1 — running restoration
[18:44:22] D3_SKIP_RESTORE=1 — NOT restoring. The switch is left as this run found
[18:44:22] it, and restoring it is now YOUR responsibility:
[18:44:22]   bash /home/philip/Projects/DNP3/research/case_a_read_anchored_dual_release/run/run_four_queue_oracle.sh --restore-only
[18:44:22] exit 1
