{
  "artifact_sha256": {
    "bfrt.json": "ae547182d280ba32f5e2a22ec07a91795aed7b066dbcb3d9cf04d4d6f844854c",
    "manifest.json": "d970847efa0a1e3988ad8e4a8f6c6c8cd71c872ac51743a093d91dadaf4d0038",
    "p0/context.json": "8d5c7c894a138f01d69c8eb735d4000c7b1ef76961163b614468b204b73f3e0d",
    "p0/response_only.bfa": "b4e681b7a31b157ce1d72e0c789d1e0b4e9100ce28e9e60e6fbb316625cb4e6b",
    "p0/tofino.bin": "1419f93055b051b784120fec51cf72e66ff1d21dd6be831b8659eded833e6fe4",
    "p1/context.json": "b982c31405e1b90b4f46e8dd15dd16bc41f80dbe25cda91b2e9cd7b3c83b85c4",
    "p1/response_only.bfa": "8f0416af8b98f4f7fdd99c6dd8fb78557e61c079e995a78ccb5fda06075d7bff",
    "p1/tofino.bin": "399a2103c391d10a38cad665d0ce700eef532a9ee4845c329b0b8afd645439d0",
    "response_only.conf": "9e5daf75aa0e4efac94293bef7aa62fc955dc0dc61e2b07de037ea99e7203fe4"
  },
  "command": [
    "/home/philip/bf-sde-9.13.1/install/bin/bf-p4c",
    "--target",
    "tofino",
    "--arch",
    "tna",
    "-g",
    "-o",
    "/home/philip/Projects/DNP3/defense4/timing/case4_architecture/integration/evidence/route_ab_01/clone_marker_composite_01/compile_local/out",
    "/home/philip/Projects/DNP3/defense4/timing/case4_architecture/integration/evidence/route_ab_01/clone_marker_composite_01/compile_local/source/response_only.p4"
  ],
  "compile_log_sha256": "5afc5ad26ad24543461ccfe496ac276a2bdffe711d980e9f142a4cef1a0b0c13",
  "compiler": "p4c 9.13.1 (SHA: e558d01)",
  "compiler_path": "/home/philip/bf-sde-9.13.1/install/bin/bf-p4c",
  "compiler_sha256": "e75d059fb5bba9cdf2bdda9a8430e31a997077e27dd3f156e5de34e38339ff41",
  "elapsed_seconds": 56.159,
  "exit_code": 0,
  "full_target": false,
  "milestone": "primitive_compiled",
  "resources": {
    "critical_path": 11,
    "pipes": {
      "p0": {
        "critical_path": 11,
        "report_sha256": {
          "p0/logs/mau.resources.log": "fa361d0953a894dd2fd020e19c50146aad491433a44b1f9ee9352222795fb1a6",
          "p0/logs/phv.json": "3897e1604a02f32d767b9374b895c318cf36497dd097bfb03788596f79e9adb6",
          "p0/logs/phv_allocation_0.log": "a5e3bdbb35a0507daf3216fc2f3524f6d749d6ea9dbb592a0f27728c20b0f7bb",
          "p0/logs/phv_allocation_3.log": "652ac0ce92bf81422d1f6e5c017dea0c05f0c5de2dbc5ac94f6b6902d2feeb36",
          "p0/logs/phv_allocation_history_0.log": "89efba96ee33c94a12cdb9165ca7b7d296c1441d0d179d87e3e4bd9d52304503",
          "p0/logs/phv_allocation_history_3.log": "e3dc2273c918499db3ca6fff410fff5aeea6c7d0980a36d98b0be9efe91faae0",
          "p0/logs/phv_allocation_summary_0.log": "a900c8154536f9a1314cdb8a63afde526446a219286239569e6d98a84ebf53d1",
          "p0/logs/phv_allocation_summary_3.log": "6d1f626a974827262219efa3fcabe30d239fbd448ecc09e94a00cb1150d9b157",
          "p0/logs/table_dependency_graph.log": "e6c4eb1592639810f54a0016c6fc7b1629cb3a55e50e6bab651c4a6acc5a7e44",
          "p0/logs/table_dependency_summary.log": "bfe5dab7869bd76b992c1e1cdc3c295464fd031d2dad0f1496b5033f615b6e14",
          "p0/logs/table_summary.log": "78a9a5e01b1f4f4825ba7296f79eca7a9979e6e9ff5ba378dbe97d5bc97d831a"
        },
        "stages": {
          "egress": 11,
          "ingress": 12
        },
        "stateful_tables": [
          {
            "direction": "egress",
            "name": "r_Egress.front",
            "size": 16
          },
          {
            "direction": "egress",
            "name": "r_Egress.acct",
            "size": 16
          },
          {
            "direction": "egress",
            "name": "r_Egress.mode",
            "size": 16
          },
          {
            "direction": "ingress",
            "name": "n_Ingress.counter",
            "size": 1
          },
          {
            "direction": "egress",
            "name": "r_Egress.img_start",
            "size": 16
          },
          {
            "direction": "egress",
            "name": "r_Egress.img_end",
            "size": 16
          },
          {
            "direction": "ingress",
            "name": "n_Ingress.work.work",
            "size": 1
          },
          {
            "direction": "ingress",
            "name": "n_Ingress.epoch",
            "size": 1
          },
          {
            "direction": "ingress",
            "name": "n_Ingress.server",
            "size": 1
          },
          {
            "direction": "ingress",
            "name": "n_Ingress.client",
            "size": 1
          },
          {
            "direction": "egress",
            "name": "r_Egress.img_wend",
            "size": 16
          },
          {
            "direction": "ingress",
            "name": "n_Ingress.read_app",
            "size": 1
          },
          {
            "direction": "ingress",
            "name": "n_Ingress.owner",
            "size": 1
          },
          {
            "direction": "ingress",
            "name": "n_Ingress.application",
            "size": 1
          },
          {
            "direction": "ingress",
            "name": "n_Ingress.pair_native_end_server_start",
            "size": 1
          },
          {
            "direction": "ingress",
            "name": "n_Ingress.pair_real_off_native_start",
            "size": 1
          },
          {
            "direction": "ingress",
            "name": "n_Ingress.pair_real_object_real_on",
            "size": 1
          },
          {
            "direction": "ingress",
            "name": "n_Ingress.pair_real_tcp_dst_real_tcp_ports",
            "size": 1
          },
          {
            "direction": "ingress",
            "name": "n_Ingress.pair_real_links_real_tcp_src",
            "size": 1
          },
          {
            "direction": "ingress",
            "name": "n_Ingress.count_busy",
            "size": 4
          },
          {
            "direction": "ingress",
            "name": "n_Ingress.count_first",
            "size": 4
          }
        ],
        "tables_by_type": {
          "action": 7,
          "condition": 70,
          "match": 105,
          "stateful": 21,
          "statistics": 1
        }
      },
      "p1": {
        "critical_path": 9,
        "report_sha256": {
          "p1/logs/mau.resources.log": "33c7b6c1e62acab26bc4bbc86f86e3f6ac2fa54801263c5744c88dd02334ddf1",
          "p1/logs/phv.json": "1619214b5fd26797e9ea158a8e48c820a922dc897b95b310020bc791ffadeab9",
          "p1/logs/phv_allocation_5.log": "559587fa7b0a99175d9ad372f3ca935d43c55264e306ff96c5ee06bfd3174b5e",
          "p1/logs/phv_allocation_history_5.log": "28dd2835f9d67678066cf5d321d33d7f70961132fb1191f58ad21c5bcaa1d892",
          "p1/logs/phv_allocation_summary_5.log": "daf560ac6980d7ec1b3e497f825bff1cad85f9100503ac4dfee7c27da93709fb",
          "p1/logs/table_dependency_graph.log": "2a5a07c50cde3bb10e7920b78c29c2c1b4ece9a7127dd9163fee01d0ca549f55",
          "p1/logs/table_dependency_summary.log": "de28cf75c85a0fcd1b5a161e6d58da4abc1e519947623d1cb7acfaf7e305c34e",
          "p1/logs/table_summary.log": "bd9b2676f67606e06326098b3c1ac22e97cd4bbf9a05966330d64ece5e1f4deb"
        },
        "stages": {
          "egress": 0,
          "ingress": 11
        },
        "stateful_tables": [
          {
            "direction": "ingress",
            "name": "t_Ingress.quarantine_reg",
            "size": 1
          },
          {
            "direction": "ingress",
            "name": "t_Ingress.gen_alloc_reg",
            "size": 1
          },
          {
            "direction": "ingress",
            "name": "t_Ingress.t0_reg",
            "size": 1
          },
          {
            "direction": "ingress",
            "name": "t_Ingress.cur_epoch_reg",
            "size": 1
          },
          {
            "direction": "ingress",
            "name": "t_Ingress.op_gen_alloc_reg",
            "size": 1
          },
          {
            "direction": "ingress",
            "name": "t_Ingress.op_t0_reg",
            "size": 1
          },
          {
            "direction": "ingress",
            "name": "t_Ingress.child_seen2_reg",
            "size": 1
          },
          {
            "direction": "ingress",
            "name": "t_Ingress.child_seen1_reg",
            "size": 1
          },
          {
            "direction": "ingress",
            "name": "t_Ingress.child_seen0_reg",
            "size": 1
          },
          {
            "direction": "ingress",
            "name": "t_Ingress.ack_done_reg",
            "size": 1
          },
          {
            "direction": "ingress",
            "name": "t_Ingress.ack_commit_gen_reg",
            "size": 1
          },
          {
            "direction": "ingress",
            "name": "t_Ingress.ack_commit_at_reg",
            "size": 1
          },
          {
            "direction": "ingress",
            "name": "t_Ingress.op_done_reg",
            "size": 1
          },
          {
            "direction": "ingress",
            "name": "t_Ingress.resp_done_reg",
            "size": 1
          },
          {
            "direction": "ingress",
            "name": "t_Ingress.outcomes",
            "size": 16
          }
        ],
        "tables_by_type": {
          "action": 5,
          "condition": 21,
          "match": 54,
          "stateful": 15
        }
      }
    },
    "report_sha256": {
      "p0/logs/mau.resources.log": "fa361d0953a894dd2fd020e19c50146aad491433a44b1f9ee9352222795fb1a6",
      "p0/logs/phv.json": "3897e1604a02f32d767b9374b895c318cf36497dd097bfb03788596f79e9adb6",
      "p0/logs/phv_allocation_0.log": "a5e3bdbb35a0507daf3216fc2f3524f6d749d6ea9dbb592a0f27728c20b0f7bb",
      "p0/logs/phv_allocation_3.log": "652ac0ce92bf81422d1f6e5c017dea0c05f0c5de2dbc5ac94f6b6902d2feeb36",
      "p0/logs/phv_allocation_history_0.log": "89efba96ee33c94a12cdb9165ca7b7d296c1441d0d179d87e3e4bd9d52304503",
      "p0/logs/phv_allocation_history_3.log": "e3dc2273c918499db3ca6fff410fff5aeea6c7d0980a36d98b0be9efe91faae0",
      "p0/logs/phv_allocation_summary_0.log": "a900c8154536f9a1314cdb8a63afde526446a219286239569e6d98a84ebf53d1",
      "p0/logs/phv_allocation_summary_3.log": "6d1f626a974827262219efa3fcabe30d239fbd448ecc09e94a00cb1150d9b157",
      "p0/logs/table_dependency_graph.log": "e6c4eb1592639810f54a0016c6fc7b1629cb3a55e50e6bab651c4a6acc5a7e44",
      "p0/logs/table_dependency_summary.log": "bfe5dab7869bd76b992c1e1cdc3c295464fd031d2dad0f1496b5033f615b6e14",
      "p0/logs/table_summary.log": "78a9a5e01b1f4f4825ba7296f79eca7a9979e6e9ff5ba378dbe97d5bc97d831a",
      "p1/logs/mau.resources.log": "33c7b6c1e62acab26bc4bbc86f86e3f6ac2fa54801263c5744c88dd02334ddf1",
      "p1/logs/phv.json": "1619214b5fd26797e9ea158a8e48c820a922dc897b95b310020bc791ffadeab9",
      "p1/logs/phv_allocation_5.log": "559587fa7b0a99175d9ad372f3ca935d43c55264e306ff96c5ee06bfd3174b5e",
      "p1/logs/phv_allocation_history_5.log": "28dd2835f9d67678066cf5d321d33d7f70961132fb1191f58ad21c5bcaa1d892",
      "p1/logs/phv_allocation_summary_5.log": "daf560ac6980d7ec1b3e497f825bff1cad85f9100503ac4dfee7c27da93709fb",
      "p1/logs/table_dependency_graph.log": "2a5a07c50cde3bb10e7920b78c29c2c1b4ece9a7127dd9163fee01d0ca549f55",
      "p1/logs/table_dependency_summary.log": "de28cf75c85a0fcd1b5a161e6d58da4abc1e519947623d1cb7acfaf7e305c34e",
      "p1/logs/table_summary.log": "bd9b2676f67606e06326098b3c1ac22e97cd4bbf9a05966330d64ece5e1f4deb"
    },
    "stages": {
      "egress": 11,
      "ingress": 12
    },
    "stateful_tables": [
      {
        "direction": "egress",
        "name": "r_Egress.front",
        "pipeline": "p0",
        "size": 16
      },
      {
        "direction": "egress",
        "name": "r_Egress.acct",
        "pipeline": "p0",
        "size": 16
      },
      {
        "direction": "egress",
        "name": "r_Egress.mode",
        "pipeline": "p0",
        "size": 16
      },
      {
        "direction": "ingress",
        "name": "n_Ingress.counter",
        "pipeline": "p0",
        "size": 1
      },
      {
        "direction": "egress",
        "name": "r_Egress.img_start",
        "pipeline": "p0",
        "size": 16
      },
      {
        "direction": "egress",
        "name": "r_Egress.img_end",
        "pipeline": "p0",
        "size": 16
      },
      {
        "direction": "ingress",
        "name": "n_Ingress.work.work",
        "pipeline": "p0",
        "size": 1
      },
      {
        "direction": "ingress",
        "name": "n_Ingress.epoch",
        "pipeline": "p0",
        "size": 1
      },
      {
        "direction": "ingress",
        "name": "n_Ingress.server",
        "pipeline": "p0",
        "size": 1
      },
      {
        "direction": "ingress",
        "name": "n_Ingress.client",
        "pipeline": "p0",
        "size": 1
      },
      {
        "direction": "egress",
        "name": "r_Egress.img_wend",
        "pipeline": "p0",
        "size": 16
      },
      {
        "direction": "ingress",
        "name": "n_Ingress.read_app",
        "pipeline": "p0",
        "size": 1
      },
      {
        "direction": "ingress",
        "name": "n_Ingress.owner",
        "pipeline": "p0",
        "size": 1
      },
      {
        "direction": "ingress",
        "name": "n_Ingress.application",
        "pipeline": "p0",
        "size": 1
      },
      {
        "direction": "ingress",
        "name": "n_Ingress.pair_native_end_server_start",
        "pipeline": "p0",
        "size": 1
      },
      {
        "direction": "ingress",
        "name": "n_Ingress.pair_real_off_native_start",
        "pipeline": "p0",
        "size": 1
      },
      {
        "direction": "ingress",
        "name": "n_Ingress.pair_real_object_real_on",
        "pipeline": "p0",
        "size": 1
      },
      {
        "direction": "ingress",
        "name": "n_Ingress.pair_real_tcp_dst_real_tcp_ports",
        "pipeline": "p0",
        "size": 1
      },
      {
        "direction": "ingress",
        "name": "n_Ingress.pair_real_links_real_tcp_src",
        "pipeline": "p0",
        "size": 1
      },
      {
        "direction": "ingress",
        "name": "n_Ingress.count_busy",
        "pipeline": "p0",
        "size": 4
      },
      {
        "direction": "ingress",
        "name": "n_Ingress.count_first",
        "pipeline": "p0",
        "size": 4
      },
      {
        "direction": "ingress",
        "name": "t_Ingress.quarantine_reg",
        "pipeline": "p1",
        "size": 1
      },
      {
        "direction": "ingress",
        "name": "t_Ingress.gen_alloc_reg",
        "pipeline": "p1",
        "size": 1
      },
      {
        "direction": "ingress",
        "name": "t_Ingress.t0_reg",
        "pipeline": "p1",
        "size": 1
      },
      {
        "direction": "ingress",
        "name": "t_Ingress.cur_epoch_reg",
        "pipeline": "p1",
        "size": 1
      },
      {
        "direction": "ingress",
        "name": "t_Ingress.op_gen_alloc_reg",
        "pipeline": "p1",
        "size": 1
      },
      {
        "direction": "ingress",
        "name": "t_Ingress.op_t0_reg",
        "pipeline": "p1",
        "size": 1
      },
      {
        "direction": "ingress",
        "name": "t_Ingress.child_seen2_reg",
        "pipeline": "p1",
        "size": 1
      },
      {
        "direction": "ingress",
        "name": "t_Ingress.child_seen1_reg",
        "pipeline": "p1",
        "size": 1
      },
      {
        "direction": "ingress",
        "name": "t_Ingress.child_seen0_reg",
        "pipeline": "p1",
        "size": 1
      },
      {
        "direction": "ingress",
        "name": "t_Ingress.ack_done_reg",
        "pipeline": "p1",
        "size": 1
      },
      {
        "direction": "ingress",
        "name": "t_Ingress.ack_commit_gen_reg",
        "pipeline": "p1",
        "size": 1
      },
      {
        "direction": "ingress",
        "name": "t_Ingress.ack_commit_at_reg",
        "pipeline": "p1",
        "size": 1
      },
      {
        "direction": "ingress",
        "name": "t_Ingress.op_done_reg",
        "pipeline": "p1",
        "size": 1
      },
      {
        "direction": "ingress",
        "name": "t_Ingress.resp_done_reg",
        "pipeline": "p1",
        "size": 1
      },
      {
        "direction": "ingress",
        "name": "t_Ingress.outcomes",
        "pipeline": "p1",
        "size": 16
      }
    ],
    "tables_by_type": {
      "action": 12,
      "condition": 91,
      "match": 159,
      "stateful": 36,
      "statistics": 1
    }
  },
  "source": "/home/philip/Projects/DNP3/defense4/timing/case4_architecture/integration/evidence/route_ab_01/clone_marker_composite_01/source/response_only.p4",
  "source_files": {
    "response_only.p4": "440587ba8ed9a3e43adca07c337ab0749f173d1aa71c4175261bb8826bbdcee9"
  },
  "source_sha256": "440587ba8ed9a3e43adca07c337ab0749f173d1aa71c4175261bb8826bbdcee9",
  "timeout_seconds": 600
}
