/home/philip/Projects/DNP3/defense4/timing/case4_architecture/integration/evidence/handshake_02/source/handshake.p4(24): [--Wwarn=uninitialized_out_param] warning: out parameter 'm' may be uninitialized when 'IgParser' terminates
parser IgParser(packet_in pkt,out headers_t hdr,out meta_t m,
                                                           ^
/home/philip/Projects/DNP3/defense4/timing/case4_architecture/integration/evidence/handshake_02/source/handshake.p4(24)
parser IgParser(packet_in pkt,out headers_t hdr,out meta_t m,
       ^^^^^^^^
/home/philip/Projects/DNP3/defense4/timing/case4_architecture/integration/evidence/handshake_02/source/handshake.p4(172): [--Wwarn=uninitialized_out_param] warning: out parameter 'm' may be uninitialized when 'EgParser' terminates
parser EgParser(packet_in pkt,out headers_t hdr,out meta_t m,
                                                           ^
/home/philip/Projects/DNP3/defense4/timing/case4_architecture/integration/evidence/handshake_02/source/handshake.p4(172)
parser EgParser(packet_in pkt,out headers_t hdr,out meta_t m,
       ^^^^^^^^
warning: checksum.get() will deprecate in future versions. Please use void subtract_all_and_deposit(bit<16>) instead
warning: checksum.get() will deprecate in future versions. Please use void subtract_all_and_deposit(bit<16>) instead
warning: Parser state min_parse_depth_accept_loop will be unrolled up to 4 times due to @pragma max_loop_depth.
warning: checksum.get() will deprecate in future versions. Please use void subtract_all_and_deposit(bit<16>) instead
warning: checksum.get() will deprecate in future versions. Please use void subtract_all_and_deposit(bit<16>) instead
warning: Parser state min_parse_depth_accept_loop will be unrolled up to 4 times due to @pragma max_loop_depth.
/home/philip/Projects/DNP3/defense4/timing/case4_architecture/integration/evidence/handshake_02/source/handshake.p4(90): [--Werror=target-error] error: table Ingress.client_load_t is applied in multiple places, and the next-table information cannot correctly propagate through this multiple application
 table client_load_t {actions={client_load;}size=1;const default_action=client_load();}
       ^^^^^^^^^^^^^

1 error, 8 warnings generated.

Skipping assembler, assembly file is empty
