{
  "artifact_sha256": {},
  "command": [
    "/home/philip/bf-sde-9.13.1/install/bin/bf-p4c",
    "--target",
    "tofino",
    "--arch",
    "tna",
    "-g",
    "-o",
    "/home/philip/Projects/DNP3/defense4/timing/case4_architecture/integration/evidence/mirror_f1_01/compile_full_local_02/out",
    "/home/philip/Projects/DNP3/defense4/timing/case4_architecture/integration/evidence/mirror_f1_01/compile_full_local_02/source/read_queue_timing.p4"
  ],
  "compile_log_sha256": "4e398d2fe46d396d922ea3f35c4172fea58b420aea23818c4f92017f99f17951",
  "compiler": "p4c 9.13.1 (SHA: e558d01)",
  "compiler_path": "/home/philip/bf-sde-9.13.1/install/bin/bf-p4c",
  "compiler_sha256": "e75d059fb5bba9cdf2bdda9a8430e31a997077e27dd3f156e5de34e38339ff41",
  "elapsed_seconds": 5.658,
  "exit_code": 4,
  "full_target": false,
  "milestone": "compile_failed",
  "source": "/home/philip/Projects/DNP3/defense4/timing/case4_architecture/integration/read/read_queue_timing.p4",
  "source_files": {
    "ports.p4": "17295a0654f7efa638efb68e0bb6c583f1636f11f6bda4b41ab5d16ff9e07c91",
    "probe_shell.p4": "e76fb20bc38f6222e11ac8f9b7a76c1ce02587181773223f8a6f2fbb712f910e",
    "read_queue_timing.p4": "884468f88e0018f237ea0736beaa33ea17dc36dae77ffa38d1c43a07cd79634e"
  },
  "source_sha256": "884468f88e0018f237ea0736beaa33ea17dc36dae77ffa38d1c43a07cd79634e",
  "timeout_seconds": 300
}
