+---------------------------------------------------------------------+
|  Log file: mau.resources.log                                        |
|  Compiler version: 9.13.1                                           |
|  Created on: Wed Aug 12 23:14:57 2026                               |
|  Run ID: 566d372dee824269                                           |
+---------------------------------------------------------------------+


---------------------------------------------------------------------------------------------------------------------------------------------------------------------------------------------------------------------------------------------------------------------------------------------------------------------------------------------------------------
| Stage Number | Exact Match Input xbar | Ternary Match Input xbar | Hash Bit | Hash Dist Unit | Gateway | SRAM | Map RAM | TCAM | VLIW Instr | Meter ALU | Stats ALU | Stash | Exact Match Search Bus | Exact Match Result Bus | Tind Result Bus | Action Data Bus Bytes | 8-bit Action Slots | 16-bit Action Slots | 32-bit Action Slots | Logical TableID |
---------------------------------------------------------------------------------------------------------------------------------------------------------------------------------------------------------------------------------------------------------------------------------------------------------------------------------------------------------------
|      0       |           9            |            12            |    10    |       0        |    12   |  9   |    4    |  3   |     8      |     0     |     2     |   1   |           12           |           1            |        12       |           36          |         0          |          0          |          0          |        16       |
|      1       |           21           |            2             |    40    |       0        |    9    |  8   |    6    |  1   |     7      |     2     |     1     |   0   |           9            |           0            |        16       |           18          |         0          |          0          |          0          |        16       |
|      2       |           22           |            0             |    20    |       0        |    8    |  8   |    6    |  0   |     3      |     3     |     0     |   2   |           8            |           2            |        10       |           11          |         0          |          0          |          0          |        13       |
|      3       |           1            |            11            |    0     |       0        |    1    |  1   |    0    |  3   |     5      |     0     |     0     |   0   |           1            |           1            |        3        |           0           |         0          |          0          |          0          |        4        |
|      4       |           5            |            0             |    16    |       0        |    5    |  2   |    2    |  0   |     4      |     1     |     0     |   0   |           5            |           0            |        6        |           2           |         0          |          0          |          0          |        6        |
|      5       |           0            |            13            |    0     |       0        |    0    |  2   |    0    |  4   |     9      |     0     |     0     |   0   |           0            |           0            |        2        |           4           |         0          |          0          |          0          |        2        |
|      6       |           20           |            0             |    16    |       0        |    4    |  6   |    6    |  0   |     4      |     3     |     0     |   0   |           4            |           0            |        6        |           10          |         0          |          0          |          0          |        6        |
|      7       |           23           |            0             |    0     |       0        |    16   |  2   |    2    |  0   |     6      |     0     |     1     |   0   |           16           |           2            |        10       |           1           |         0          |          0          |          0          |        16       |
|      8       |           5            |            0             |    0     |       0        |    9    |  2   |    2    |  0   |     8      |     0     |     1     |   0   |           9            |           0            |        15       |           1           |         0          |          0          |          0          |        16       |
|      9       |           6            |            0             |    0     |       0        |    5    |  4   |    4    |  0   |     7      |     0     |     2     |   0   |           5            |           0            |        16       |           1           |         0          |          0          |          0          |        16       |
|      10      |           6            |            0             |    0     |       0        |    10   |  3   |    2    |  0   |     7      |     0     |     1     |   0   |           10           |           0            |        15       |           7           |         0          |          0          |          0          |        16       |
|      11      |           19           |            0             |    0     |       0        |    6    |  8   |    8    |  0   |     3      |     3     |     1     |   0   |           6            |           0            |        10       |           0           |         0          |          0          |          0          |        10       |
|              |                        |                          |          |                |         |      |         |      |            |           |           |       |                        |                        |                 |                       |                    |                     |                     |                 |
|    Totals    |          137           |            38            |   102    |       0        |    85   |  55  |    42   |  11  |     71     |     12    |     9     |   3   |           85           |           6            |       121       |           91          |         0          |          0          |          0          |       137       |
---------------------------------------------------------------------------------------------------------------------------------------------------------------------------------------------------------------------------------------------------------------------------------------------------------------------------------------------------------------


--------------------------------------------------------------------------------------------------------------------------------------------------------------------------------------------------------------------------------------------------------------------------------------------------------------------------------------------------------------------
| Stage Number | Exact Match Input xbar | Ternary Match Input xbar | Hash Bit | Hash Dist Unit | Gateway |  SRAM  | Map RAM |  TCAM  | VLIW Instr | Meter ALU | Stats ALU | Stash  | Exact Match Search Bus | Exact Match Result Bus | Tind Result Bus | Action Data Bus Bytes | 8-bit Action Slots | 16-bit Action Slots | 32-bit Action Slots | Logical TableID |
--------------------------------------------------------------------------------------------------------------------------------------------------------------------------------------------------------------------------------------------------------------------------------------------------------------------------------------------------------------------
|      0       |         7.03%          |          18.18%          |  2.40%   |     0.00%      |  75.00% | 11.25% |  8.33%  | 12.50% |   25.00%   |   0.00%   |   50.00%  | 6.25%  |         75.00%         |         6.25%          |      75.00%     |         28.12%        |       0.00%        |        0.00%        |        0.00%        |     100.00%     |
|      1       |         16.41%         |          3.03%           |  9.62%   |     0.00%      |  56.25% | 10.00% |  12.50% | 4.17%  |   21.88%   |   50.00%  |   25.00%  | 0.00%  |         56.25%         |         0.00%          |     100.00%     |         14.06%        |       0.00%        |        0.00%        |        0.00%        |     100.00%     |
|      2       |         17.19%         |          0.00%           |  4.81%   |     0.00%      |  50.00% | 10.00% |  12.50% | 0.00%  |   9.38%    |   75.00%  |   0.00%   | 12.50% |         50.00%         |         12.50%         |      62.50%     |         8.59%         |       0.00%        |        0.00%        |        0.00%        |      81.25%     |
|      3       |         0.78%          |          16.67%          |  0.00%   |     0.00%      |  6.25%  | 1.25%  |  0.00%  | 12.50% |   15.62%   |   0.00%   |   0.00%   | 0.00%  |         6.25%          |         6.25%          |      18.75%     |         0.00%         |       0.00%        |        0.00%        |        0.00%        |      25.00%     |
|      4       |         3.91%          |          0.00%           |  3.85%   |     0.00%      |  31.25% | 2.50%  |  4.17%  | 0.00%  |   12.50%   |   25.00%  |   0.00%   | 0.00%  |         31.25%         |         0.00%          |      37.50%     |         1.56%         |       0.00%        |        0.00%        |        0.00%        |      37.50%     |
|      5       |         0.00%          |          19.70%          |  0.00%   |     0.00%      |  0.00%  | 2.50%  |  0.00%  | 16.67% |   28.12%   |   0.00%   |   0.00%   | 0.00%  |         0.00%          |         0.00%          |      12.50%     |         3.12%         |       0.00%        |        0.00%        |        0.00%        |      12.50%     |
|      6       |         15.62%         |          0.00%           |  3.85%   |     0.00%      |  25.00% | 7.50%  |  12.50% | 0.00%  |   12.50%   |   75.00%  |   0.00%   | 0.00%  |         25.00%         |         0.00%          |      37.50%     |         7.81%         |       0.00%        |        0.00%        |        0.00%        |      37.50%     |
|      7       |         17.97%         |          0.00%           |  0.00%   |     0.00%      | 100.00% | 2.50%  |  4.17%  | 0.00%  |   18.75%   |   0.00%   |   25.00%  | 0.00%  |        100.00%         |         12.50%         |      62.50%     |         0.78%         |       0.00%        |        0.00%        |        0.00%        |     100.00%     |
|      8       |         3.91%          |          0.00%           |  0.00%   |     0.00%      |  56.25% | 2.50%  |  4.17%  | 0.00%  |   25.00%   |   0.00%   |   25.00%  | 0.00%  |         56.25%         |         0.00%          |      93.75%     |         0.78%         |       0.00%        |        0.00%        |        0.00%        |     100.00%     |
|      9       |         4.69%          |          0.00%           |  0.00%   |     0.00%      |  31.25% | 5.00%  |  8.33%  | 0.00%  |   21.88%   |   0.00%   |   50.00%  | 0.00%  |         31.25%         |         0.00%          |     100.00%     |         0.78%         |       0.00%        |        0.00%        |        0.00%        |     100.00%     |
|      10      |         4.69%          |          0.00%           |  0.00%   |     0.00%      |  62.50% | 3.75%  |  4.17%  | 0.00%  |   21.88%   |   0.00%   |   25.00%  | 0.00%  |         62.50%         |         0.00%          |      93.75%     |         5.47%         |       0.00%        |        0.00%        |        0.00%        |     100.00%     |
|      11      |         14.84%         |          0.00%           |  0.00%   |     0.00%      |  37.50% | 10.00% |  16.67% | 0.00%  |   9.38%    |   75.00%  |   25.00%  | 0.00%  |         37.50%         |         0.00%          |      62.50%     |         0.00%         |       0.00%        |        0.00%        |        0.00%        |      62.50%     |
|              |                        |                          |          |                |         |        |         |        |            |           |           |        |                        |                        |                 |                       |                    |                     |                     |                 |
|   Average    |         8.92%          |          4.80%           |  2.04%   |     0.00%      |  44.27% | 5.73%  |  7.29%  | 3.82%  |   18.49%   |   25.00%  |   18.75%  | 1.56%  |         44.27%         |         3.12%          |      63.02%     |         5.92%         |       0.00%        |        0.00%        |        0.00%        |      71.35%     |
--------------------------------------------------------------------------------------------------------------------------------------------------------------------------------------------------------------------------------------------------------------------------------------------------------------------------------------------------------------------


Allocated Resource Usage
-------------------------------------------------------------------------------------------------------------------------------------------------------------------------
|                            Table                             | Stage  | Crossbar | Hash | Gateways | RAMs | TCAMs | Map  | Action |  VLIW |  Exm   |  Exm   |  Tind  |
|                             Name                             | Number |  Bytes   | Bits |          |      |       | RAMs |  Data  | Slots | Search | Result | Result |
|                                                              |        |          |      |          |      |       |      |  Bus   |       |  Bus   |  Bus   |  Bus   |
|                                                              |        |          |      |          |      |       |      | Bytes  |       |        |        |        |
-------------------------------------------------------------------------------------------------------------------------------------------------------------------------
|                   IgParser.$PORT_METADATA                    |   -1   |    0     |  0   |    0     |  0   |   0   |  0   |   0    |   0   |   0    |   0    |   0    |
|                        Egress.ctr_rrc                        |   0    |    0     |  0   |    0     |  2   |   0   |  2   |   0    |   0   |   0    |   0    |   0    |
|                      Ingress.ctr_fresh                       |   0    |    0     |  0   |    0     |  2   |   0   |  2   |   0    |   0   |   0    |   0    |   0    |
|                  Ingress.tbl_build_exp_ack                   |   0    |    1     |  10  |    0     |  1   |   0   |  0   |   4    |   3   |   1    |   1    |   0    |
|                      Ingress.tbl_params                      |   0    |    0     |  0   |    0     |  0   |   0   |  0   |   15   |   1   |   0    |   0    |   1    |
|                  Ingress.tbl_params$action                   |   0    |    0     |  0   |    0     |  1   |   0   |  0   |   0    |   0   |   0    |   0    |   0    |
|                     Ingress.tbl_session                      |   0    |    12    |  0   |    0     |  1   |   3   |  0   |   0    |   3   |   0    |   0    |   1    |
|                           cond-151                           |   0    |    2     |  0   |    1     |  0   |   0   |  0   |   0    |   0   |   1    |   0    |   0    |
|                           cond-152                           |   0    |    1     |  0   |    1     |  0   |   0   |  0   |   0    |   0   |   1    |   0    |   0    |
|                           cond-153                           |   0    |    2     |  0   |    1     |  0   |   0   |  0   |   0    |   0   |   1    |   0    |   0    |
|                           cond-154                           |   0    |    1     |  0   |    1     |  0   |   0   |  0   |   0    |   0   |   1    |   0    |   0    |
|                           cond-155                           |   0    |    2     |  0   |    1     |  0   |   0   |  0   |   0    |   0   |   1    |   0    |   0    |
|                           cond-79                            |   0    |    1     |  0   |    1     |  0   |   0   |  0   |   0    |   0   |   1    |   0    |   0    |
|                           cond-82                            |   0    |    1     |  0   |    1     |  0   |   0   |  0   |   0    |   0   |   1    |   0    |   0    |
|                           cond-83                            |   0    |    1     |  0   |    1     |  0   |   0   |  0   |   0    |   0   |   1    |   0    |   0    |
|                           cond-84                            |   0    |    1     |  0   |    1     |  0   |   0   |  0   |   0    |   0   |   1    |   0    |   0    |
|                           cond-88                            |   0    |    1     |  0   |    1     |  0   |   0   |  0   |   0    |   0   |   1    |   0    |   0    |
|                           cond-89                            |   0    |    1     |  0   |    1     |  0   |   0   |  0   |   0    |   0   |   1    |   0    |   0    |
|                           cond-90                            |   0    |    1     |  0   |    1     |  0   |   0   |  0   |   0    |   0   |   1    |   0    |   0    |
|             tbl_defense4_twopipe_pipe0_probe2841             |   0    |    0     |  0   |    0     |  0   |   0   |  0   |   0    |   1   |   0    |   0    |   1    |
|             tbl_defense4_twopipe_pipe0_probe2911             |   0    |    0     |  0   |    0     |  0   |   0   |  0   |   0    |   1   |   0    |   0    |   1    |
|             tbl_defense4_twopipe_pipe0_probe2925             |   0    |    0     |  0   |    0     |  0   |   0   |  0   |   0    |   1   |   0    |   0    |   1    |
|             tbl_defense4_twopipe_pipe0_probe2931             |   0    |    0     |  0   |    0     |  0   |   0   |  0   |   0    |   1   |   0    |   0    |   1    |
|             tbl_defense4_twopipe_pipe0_probe2942             |   0    |    0     |  0   |    0     |  0   |   0   |  0   |   0    |   1   |   0    |   0    |   1    |
|             tbl_defense4_twopipe_pipe0_probe3832             |   0    |    0     |  0   |    0     |  0   |   0   |  0   |   7    |   1   |   0    |   0    |   1    |
|         tbl_defense4_twopipe_pipe0_probe3832$action          |   0    |    0     |  0   |    0     |  1   |   0   |  0   |   0    |   0   |   0    |   0    |   0    |
|             tbl_defense4_twopipe_pipe0_probe3838             |   0    |    0     |  0   |    0     |  0   |   0   |  0   |   0    |   1   |   0    |   0    |   1    |
|             tbl_defense4_twopipe_pipe0_probe3843             |   0    |    0     |  0   |    0     |  0   |   0   |  0   |   10   |   1   |   0    |   0    |   1    |
|         tbl_defense4_twopipe_pipe0_probe3843$action          |   0    |    0     |  0   |    0     |  1   |   0   |  0   |   0    |   0   |   0    |   0    |   0    |
|             tbl_defense4_twopipe_pipe0_probe3849             |   0    |    0     |  0   |    0     |  0   |   0   |  0   |   0    |   1   |   0    |   0    |   1    |
|             tbl_defense4_twopipe_pipe0_probe3852             |   0    |    0     |  0   |    0     |  0   |   0   |  0   |   0    |   1   |   0    |   0    |   1    |
|                     Ingress.ctr_ts_viol                      |   1    |    0     |  0   |    0     |  2   |   0   |  2   |   0    |   0   |   0    |   0    |   0    |
|                  Ingress.reg_exp_relay_seq                   |   1    |    8     |  0   |    0     |  2   |   0   |  2   |   0    |   0   |   0    |   0    |   0    |
|                   Ingress.reg_session_port                   |   1    |    4     |  32  |    0     |  2   |   0   |  2   |   0    |   0   |   0    |   0    |   0    |
|                   Ingress.tbl_bor_codebook                   |   1    |    2     |  0   |    0     |  1   |   1   |  0   |   0    |   2   |   0    |   0    |   1    |
|                    Ingress.tbl_bor_params                    |   1    |    0     |  0   |    0     |  0   |   0   |  0   |   8    |   1   |   0    |   0    |   1    |
|                Ingress.tbl_bor_params$action                 |   1    |    0     |  0   |    0     |  1   |   0   |  0   |   0    |   0   |   0    |   0    |   0    |
|                 Ingress.tbl_build_bor_cands                  |   1    |    0     |  0   |    0     |  0   |   0   |  0   |   0    |   1   |   0    |   0    |   1    |
|                  Ingress.tbl_build_do_shape                  |   1    |    0     |  0   |    0     |  0   |   0   |  0   |   0    |   1   |   0    |   0    |   1    |
|                           cond-105                           |   1    |    5     |  8   |    1     |  0   |   0   |  0   |   0    |   0   |   1    |   0    |   0    |
|                           cond-80                            |   1    |    4     |  0   |    1     |  0   |   0   |  0   |   0    |   0   |   1    |   0    |   0    |
|                           cond-81                            |   1    |    1     |  0   |    1     |  0   |   0   |  0   |   0    |   0   |   1    |   0    |   0    |
|                           cond-85                            |   1    |    2     |  0   |    1     |  0   |   0   |  0   |   0    |   0   |   1    |   0    |   0    |
|                           cond-86                            |   1    |    3     |  0   |    1     |  0   |   0   |  0   |   0    |   0   |   1    |   0    |   0    |
|                           cond-87                            |   1    |    3     |  0   |    1     |  0   |   0   |  0   |   0    |   0   |   1    |   0    |   0    |
|                           cond-94                            |   1    |    1     |  0   |    1     |  0   |   0   |  0   |   0    |   0   |   1    |   0    |   0    |
|          egress_reset_invalidated_checksum_fields_2          |   1    |    0     |  0   |    0     |  0   |   0   |  0   |   0    |   1   |   0    |   0    |   1    |
|          egress_reset_invalidated_checksum_fields_3          |   1    |    0     |  0   |    0     |  0   |   0   |  0   |   0    |   1   |   0    |   0    |   1    |
|   egress_reset_invalidated_checksum_fields_cond_2-gateway    |   1    |    2     |  0   |    1     |  0   |   0   |  0   |   0    |   0   |   1    |   0    |   0    |
|   egress_reset_invalidated_checksum_fields_cond_3-gateway    |   1    |    2     |  0   |    1     |  0   |   0   |  0   |   0    |   0   |   1    |   0    |   0    |
|             tbl_defense4_twopipe_pipe0_probe2845             |   1    |    0     |  0   |    0     |  0   |   0   |  0   |   4    |   1   |   0    |   0    |   1    |
|             tbl_defense4_twopipe_pipe0_probe2851             |   1    |    0     |  0   |    0     |  0   |   0   |  0   |   0    |   1   |   0    |   0    |   1    |
|             tbl_defense4_twopipe_pipe0_probe2854             |   1    |    0     |  0   |    0     |  0   |   0   |  0   |   0    |   1   |   0    |   0    |   1    |
|             tbl_defense4_twopipe_pipe0_probe2913             |   1    |    0     |  0   |    0     |  0   |   0   |  0   |   0    |   1   |   0    |   0    |   1    |
|             tbl_defense4_twopipe_pipe0_probe2916             |   1    |    0     |  0   |    0     |  0   |   0   |  0   |   0    |   1   |   0    |   0    |   1    |
|             tbl_defense4_twopipe_pipe0_probe2919             |   1    |    0     |  0   |    0     |  0   |   0   |  0   |   0    |   1   |   0    |   0    |   1    |
|             tbl_defense4_twopipe_pipe0_probe2976             |   1    |    0     |  0   |    0     |  0   |   0   |  0   |   4    |   1   |   0    |   0    |   1    |
|             tbl_defense4_twopipe_pipe0_probe2977             |   1    |    0     |  0   |    0     |  0   |   0   |  0   |   4    |   1   |   0    |   0    |   1    |
|             tbl_defense4_twopipe_pipe0_probe2978             |   1    |    0     |  0   |    0     |  0   |   0   |  0   |   2    |   1   |   0    |   0    |   1    |
|             tbl_defense4_twopipe_pipe0_probe3144             |   1    |    0     |  0   |    0     |  0   |   0   |  0   |   0    |   1   |   0    |   0    |   1    |
|                     Ingress.reg_exp_ack                      |   2    |    8     |  0   |    0     |  2   |   0   |  2   |   0    |   0   |   0    |   0    |   0    |
|                     Ingress.reg_failopen                     |   2    |    1     |  0   |    0     |  2   |   0   |  2   |   0    |   0   |   0    |   0    |   0    |
|                  Ingress.reg_ts_ack_release                  |   2    |    4     |  0   |    0     |  2   |   0   |  2   |   0    |   0   |   0    |   0    |   0    |
|                    Ingress.tbl_build_now                     |   2    |    0     |  0   |    0     |  0   |   0   |  0   |   0    |   1   |   0    |   0    |   1    |
|                           cond-150                           |   2    |    2     |  0   |    1     |  0   |   0   |  0   |   0    |   0   |   1    |   0    |   0    |
|                           cond-156                           |   2    |    1     |  0   |    1     |  0   |   0   |  0   |   0    |   0   |   1    |   0    |   0    |
|                           cond-91                            |   2    |    1     |  0   |    1     |  0   |   0   |  0   |   0    |   0   |   1    |   0    |   0    |
|                           cond-92                            |   2    |    1     |  0   |    1     |  0   |   0   |  0   |   0    |   0   |   1    |   0    |   0    |
|                           cond-93                            |   2    |    2     |  0   |    1     |  0   |   0   |  0   |   0    |   0   |   1    |   0    |   0    |
|                           cond-95                            |   2    |    1     |  0   |    1     |  0   |   0   |  0   |   0    |   0   |   1    |   0    |   0    |
|          egress_reset_invalidated_checksum_fields_0          |   2    |    0     |  0   |    0     |  0   |   0   |  0   |   0    |   1   |   0    |   0    |   1    |
|          egress_reset_invalidated_checksum_fields_1          |   2    |    0     |  0   |    0     |  0   |   0   |  0   |   0    |   1   |   0    |   0    |   1    |
|   egress_reset_invalidated_checksum_fields_cond_0-gateway    |   2    |    2     |  0   |    1     |  0   |   0   |  0   |   0    |   0   |   1    |   0    |   0    |
|   egress_reset_invalidated_checksum_fields_cond_1-gateway    |   2    |    2     |  0   |    1     |  0   |   0   |  0   |   0    |   0   |   1    |   0    |   0    |
| egresshdr.ipv4.hdr_checksum_encode_update_condition_2_egress |   2    |    2     |  10  |    0     |  1   |   0   |  0   |   1    |   2   |   1    |   1    |   0    |
|   egresshdr.tcp.checksum_encode_update_condition_3_egress    |   2    |    2     |  10  |    0     |  1   |   0   |  0   |   2    |   2   |   1    |   1    |   0    |
|             tbl_defense4_twopipe_pipe0_probe2955             |   2    |    0     |  0   |    0     |  0   |   0   |  0   |   0    |   1   |   0    |   0    |   1    |
|             tbl_defense4_twopipe_pipe0_probe2957             |   2    |    0     |  0   |    0     |  0   |   0   |  0   |   2    |   1   |   0    |   0    |   1    |
|             tbl_defense4_twopipe_pipe0_probe2960             |   2    |    0     |  0   |    0     |  0   |   0   |  0   |   2    |   1   |   0    |   0    |   1    |
|             tbl_defense4_twopipe_pipe0_probe2980             |   2    |    0     |  0   |    0     |  0   |   0   |  0   |   4    |   1   |   0    |   0    |   1    |
|             tbl_defense4_twopipe_pipe0_probe2982             |   2    |    0     |  0   |    0     |  0   |   0   |  0   |   4    |   1   |   0    |   0    |   1    |
|             tbl_defense4_twopipe_pipe0_probe3648             |   2    |    0     |  0   |    0     |  0   |   0   |  0   |   0    |   1   |   0    |   0    |   1    |
|             tbl_defense4_twopipe_pipe0_probe3857             |   2    |    0     |  0   |    0     |  0   |   0   |  0   |   2    |   1   |   0    |   0    |   1    |
|                     Ingress.tbl_arm_fold                     |   3    |    0     |  0   |    0     |  0   |   0   |  0   |   0    |   2   |   0    |   1    |   0    |
|                    Ingress.tbl_build_cand                    |   3    |    0     |  0   |    0     |  0   |   0   |  0   |   0    |   1   |   0    |   0    |   1    |
|                 Ingress.tbl_build_cand_resp                  |   3    |    0     |  0   |    0     |  0   |   0   |  0   |   0    |   1   |   0    |   0    |   1    |
|                  Ingress.tbl_resp_authorise                  |   3    |    11    |  0   |    0     |  1   |   3   |  0   |   0    |   3   |   0    |   0    |   1    |
|                    tbl_arm_fold_0-gateway                    |   3    |    1     |  0   |    1     |  0   |   0   |  0   |   0    |   0   |   1    |   0    |   1    |
|                       Ingress.reg_tag                        |   4    |    2     |  16  |    0     |  2   |   0   |  2   |   0    |   0   |   0    |   0    |   0    |
|                           cond-100                           |   4    |    1     |  0   |    1     |  0   |   0   |  0   |   0    |   0   |   1    |   0    |   0    |
|                           cond-96                            |   4    |    2     |  0   |    1     |  0   |   0   |  0   |   0    |   0   |   1    |   0    |   0    |
|                           cond-97                            |   4    |    1     |  0   |    1     |  0   |   0   |  0   |   0    |   0   |   1    |   0    |   0    |
|                           cond-98                            |   4    |    2     |  0   |    1     |  0   |   0   |  0   |   0    |   0   |   1    |   0    |   0    |
|                           cond-99                            |   4    |    1     |  0   |    1     |  0   |   0   |  0   |   0    |   0   |   1    |   0    |   0    |
|             tbl_defense4_twopipe_pipe0_probe2999             |   4    |    0     |  0   |    0     |  0   |   0   |  0   |   2    |   1   |   0    |   0    |   1    |
|             tbl_defense4_twopipe_pipe0_probe3003             |   4    |    0     |  0   |    0     |  0   |   0   |  0   |   2    |   1   |   0    |   0    |   1    |
|             tbl_defense4_twopipe_pipe0_probe3009             |   4    |    0     |  0   |    0     |  0   |   0   |  0   |   2    |   1   |   0    |   0    |   1    |
|             tbl_defense4_twopipe_pipe0_probe3020             |   4    |    0     |  0   |    0     |  0   |   0   |  0   |   2    |   1   |   0    |   0    |   1    |
|             tbl_defense4_twopipe_pipe0_probe3022             |   4    |    0     |  0   |    0     |  0   |   0   |  0   |   2    |   1   |   0    |   0    |   1    |
|             tbl_defense4_twopipe_pipe0_probe3025             |   4    |    0     |  0   |    0     |  0   |   0   |  0   |   2    |   1   |   0    |   0    |   1    |
|                   Ingress.tbl_state_decode                   |   5    |    12    |  0   |    0     |  1   |   3   |  0   |   4    |   11  |   0    |   0    |   1    |
|                    Ingress.tbl_txn_active                    |   5    |    1     |  0   |    0     |  1   |   1   |  0   |   0    |   3   |   0    |   0    |   1    |
|                     Ingress.reg_ack_rel                      |   6    |    2     |  16  |    0     |  2   |   0   |  2   |   0    |   0   |   0    |   0    |   0    |
|                     Ingress.reg_deadline                     |   6    |    8     |  0   |    0     |  2   |   0   |  2   |   0    |   0   |   0    |   0    |   0    |
|                      Ingress.reg_tresp                       |   6    |    8     |  0   |    0     |  2   |   0   |  2   |   0    |   0   |   0    |   0    |   0    |
|                           cond-101                           |   6    |    1     |  0   |    1     |  0   |   0   |  0   |   0    |   0   |   1    |   0    |   0    |
|                           cond-102                           |   6    |    1     |  0   |    1     |  0   |   0   |  0   |   0    |   0   |   1    |   0    |   0    |
|                           cond-103                           |   6    |    1     |  0   |    1     |  0   |   0   |  0   |   0    |   0   |   1    |   0    |   0    |
|                           cond-104                           |   6    |    1     |  0   |    1     |  0   |   0   |  0   |   0    |   0   |   1    |   0    |   0    |
|             tbl_defense4_twopipe_pipe0_probe3073             |   6    |    0     |  0   |    0     |  0   |   0   |  0   |   4    |   1   |   0    |   0    |   1    |
|             tbl_defense4_twopipe_pipe0_probe3075             |   6    |    0     |  0   |    0     |  0   |   0   |  0   |   4    |   1   |   0    |   0    |   1    |
|             tbl_defense4_twopipe_pipe0_probe3082             |   6    |    0     |  0   |    0     |  0   |   0   |  0   |   4    |   1   |   0    |   0    |   1    |
|             tbl_defense4_twopipe_pipe0_probe3084             |   6    |    0     |  0   |    0     |  0   |   0   |  0   |   4    |   1   |   0    |   0    |   1    |
|             tbl_defense4_twopipe_pipe0_probe3100             |   6    |    0     |  0   |    0     |  0   |   0   |  0   |   2    |   1   |   0    |   0    |   1    |
|             tbl_defense4_twopipe_pipe0_probe3106             |   6    |    0     |  0   |    0     |  0   |   0   |  0   |   2    |   1   |   0    |   0    |   1    |
|                      Ingress.ctr_fresh                       |   7    |    0     |  0   |    0     |  2   |   0   |  2   |   0    |   0   |   0    |   0    |   0    |
|                 Ingress.tbl_deadline_expiry                  |   7    |    0     |  0   |    0     |  0   |   0   |  0   |   0    |   2   |   0    |   1    |   0    |
|                   Ingress.tbl_tresp_expiry                   |   7    |    0     |  0   |    0     |  0   |   0   |  0   |   0    |   2   |   0    |   1    |   0    |
|                           cond-106                           |   7    |    1     |  0   |    1     |  0   |   0   |  0   |   0    |   0   |   1    |   0    |   0    |
|                           cond-107                           |   7    |    1     |  0   |    1     |  0   |   0   |  0   |   0    |   0   |   1    |   0    |   0    |
|                           cond-108                           |   7    |    1     |  0   |    1     |  0   |   0   |  0   |   0    |   0   |   1    |   0    |   0    |
|                           cond-109                           |   7    |    1     |  0   |    1     |  0   |   0   |  0   |   0    |   0   |   1    |   0    |   0    |
|                           cond-110                           |   7    |    2     |  0   |    1     |  0   |   0   |  0   |   0    |   0   |   1    |   0    |   0    |
|                           cond-111                           |   7    |    2     |  0   |    1     |  0   |   0   |  0   |   0    |   0   |   1    |   0    |   0    |
|                           cond-112                           |   7    |    2     |  0   |    1     |  0   |   0   |  0   |   0    |   0   |   1    |   0    |   0    |
|                           cond-114                           |   7    |    1     |  0   |    1     |  0   |   0   |  0   |   0    |   0   |   1    |   0    |   0    |
|                           cond-120                           |   7    |    1     |  0   |    1     |  0   |   0   |  0   |   0    |   0   |   1    |   0    |   0    |
|                           cond-121                           |   7    |    2     |  0   |    1     |  0   |   0   |  0   |   0    |   0   |   1    |   0    |   0    |
|                           cond-122                           |   7    |    1     |  0   |    1     |  0   |   0   |  0   |   0    |   0   |   1    |   0    |   0    |
|                           cond-123                           |   7    |    4     |  0   |    1     |  0   |   0   |  0   |   0    |   0   |   1    |   0    |   0    |
|                           cond-131                           |   7    |    2     |  0   |    1     |  0   |   0   |  0   |   0    |   0   |   1    |   0    |   0    |
|                           cond-135                           |   7    |    1     |  0   |    1     |  0   |   0   |  0   |   0    |   0   |   1    |   0    |   0    |
|                tbl_deadline_expiry_0-gateway                 |   7    |    4     |  0   |    1     |  0   |   0   |  0   |   0    |   0   |   1    |   0    |   1    |
|             tbl_defense4_twopipe_pipe0_probe3156             |   7    |    0     |  0   |    0     |  0   |   0   |  0   |   0    |   1   |   0    |   0    |   1    |
|             tbl_defense4_twopipe_pipe0_probe3176             |   7    |    0     |  0   |    0     |  0   |   0   |  0   |   0    |   1   |   0    |   0    |   1    |
|             tbl_defense4_twopipe_pipe0_probe3185             |   7    |    0     |  0   |    0     |  0   |   0   |  0   |   0    |   1   |   0    |   0    |   1    |
|             tbl_defense4_twopipe_pipe0_probe3194             |   7    |    0     |  0   |    0     |  0   |   0   |  0   |   0    |   1   |   0    |   0    |   1    |
|             tbl_defense4_twopipe_pipe0_probe3242             |   7    |    0     |  0   |    0     |  0   |   0   |  0   |   0    |   1   |   0    |   0    |   1    |
|             tbl_defense4_twopipe_pipe0_probe3348             |   7    |    0     |  0   |    0     |  0   |   0   |  0   |   0    |   1   |   0    |   0    |   1    |
|             tbl_defense4_twopipe_pipe0_probe3354             |   7    |    0     |  0   |    0     |  0   |   0   |  0   |   0    |   1   |   0    |   0    |   1    |
|                         tbl_to_hold                          |   7    |    0     |  0   |    0     |  0   |   0   |  0   |   1    |   1   |   0    |   0    |   1    |
|                  tbl_tresp_expiry_0-gateway                  |   7    |    4     |  0   |    1     |  0   |   0   |  0   |   0    |   0   |   1    |   0    |   1    |
|                       Ingress.ctr_deq                        |   8    |    0     |  0   |    0     |  2   |   0   |  2   |   0    |   0   |   0    |   0    |   0    |
|                           cond-132                           |   8    |    1     |  0   |    1     |  0   |   0   |  0   |   0    |   0   |   1    |   0    |   0    |
|                           cond-133                           |   8    |    2     |  0   |    1     |  0   |   0   |  0   |   0    |   0   |   1    |   0    |   0    |
|                           cond-134                           |   8    |    1     |  0   |    1     |  0   |   0   |  0   |   0    |   0   |   1    |   0    |   0    |
|                           cond-136                           |   8    |    1     |  0   |    1     |  0   |   0   |  0   |   0    |   0   |   1    |   0    |   0    |
|                           cond-137                           |   8    |    1     |  0   |    1     |  0   |   0   |  0   |   0    |   0   |   1    |   0    |   0    |
|                           cond-138                           |   8    |    1     |  0   |    1     |  0   |   0   |  0   |   0    |   0   |   1    |   0    |   0    |
|                           cond-139                           |   8    |    1     |  0   |    1     |  0   |   0   |  0   |   0    |   0   |   1    |   0    |   0    |
|                           cond-140                           |   8    |    1     |  0   |    1     |  0   |   0   |  0   |   0    |   0   |   1    |   0    |   0    |
|                           cond-141                           |   8    |    1     |  0   |    1     |  0   |   0   |  0   |   0    |   0   |   1    |   0    |   0    |
|             tbl_defense4_twopipe_pipe0_probe3507             |   8    |    0     |  0   |    0     |  0   |   0   |  0   |   0    |   1   |   0    |   0    |   1    |
|             tbl_defense4_twopipe_pipe0_probe3516             |   8    |    0     |  0   |    0     |  0   |   0   |  0   |   0    |   1   |   0    |   0    |   1    |
|             tbl_defense4_twopipe_pipe0_probe3520             |   8    |    0     |  0   |    0     |  0   |   0   |  0   |   0    |   1   |   0    |   0    |   1    |
|             tbl_defense4_twopipe_pipe0_probe3524             |   8    |    0     |  0   |    0     |  0   |   0   |  0   |   0    |   1   |   0    |   0    |   1    |
|             tbl_defense4_twopipe_pipe0_probe3526             |   8    |    0     |  0   |    0     |  0   |   0   |  0   |   0    |   1   |   0    |   0    |   1    |
|             tbl_defense4_twopipe_pipe0_probe3539             |   8    |    0     |  0   |    0     |  0   |   0   |  0   |   0    |   1   |   0    |   0    |   1    |
|             tbl_defense4_twopipe_pipe0_probe3545             |   8    |    0     |  0   |    0     |  0   |   0   |  0   |   0    |   1   |   0    |   0    |   1    |
|             tbl_defense4_twopipe_pipe0_probe3549             |   8    |    0     |  0   |    0     |  0   |   0   |  0   |   0    |   1   |   0    |   0    |   1    |
|             tbl_defense4_twopipe_pipe0_probe3555             |   8    |    0     |  0   |    0     |  0   |   0   |  0   |   0    |   1   |   0    |   0    |   1    |
|             tbl_defense4_twopipe_pipe0_probe3558             |   8    |    0     |  0   |    0     |  0   |   0   |  0   |   0    |   1   |   0    |   0    |   1    |
|             tbl_defense4_twopipe_pipe0_probe3562             |   8    |    0     |  0   |    0     |  0   |   0   |  0   |   0    |   1   |   0    |   0    |   1    |
|             tbl_defense4_twopipe_pipe0_probe3567             |   8    |    0     |  0   |    0     |  0   |   0   |  0   |   0    |   1   |   0    |   0    |   1    |
|             tbl_defense4_twopipe_pipe0_probe3569             |   8    |    0     |  0   |    0     |  0   |   0   |  0   |   0    |   1   |   0    |   0    |   1    |
|                        tbl_to_block_1                        |   8    |    0     |  0   |    0     |  0   |   0   |  0   |   0    |   1   |   0    |   0    |   1    |
|                     tbl_to_resp_block_0                      |   8    |    0     |  0   |    0     |  0   |   0   |  0   |   1    |   1   |   0    |   0    |   1    |
|                       Ingress.ctr_deq                        |   9    |    0     |  0   |    0     |  2   |   0   |  2   |   0    |   0   |   0    |   0    |   0    |
|                      Ingress.ctr_fresh                       |   9    |    0     |  0   |    0     |  2   |   0   |  2   |   0    |   0   |   0    |   0    |   0    |
|                           cond-142                           |   9    |    1     |  0   |    1     |  0   |   0   |  0   |   0    |   0   |   1    |   0    |   0    |
|                           cond-143                           |   9    |    2     |  0   |    1     |  0   |   0   |  0   |   0    |   0   |   1    |   0    |   0    |
|                           cond-144                           |   9    |    1     |  0   |    1     |  0   |   0   |  0   |   0    |   0   |   1    |   0    |   0    |
|                           cond-145                           |   9    |    2     |  0   |    1     |  0   |   0   |  0   |   0    |   0   |   1    |   0    |   0    |
|                           cond-146                           |   9    |    1     |  0   |    1     |  0   |   0   |  0   |   0    |   0   |   1    |   0    |   0    |
|             tbl_defense4_twopipe_pipe0_probe3180             |   9    |    0     |  0   |    0     |  0   |   0   |  0   |   0    |   1   |   0    |   0    |   1    |
|             tbl_defense4_twopipe_pipe0_probe3189             |   9    |    0     |  0   |    0     |  0   |   0   |  0   |   0    |   1   |   0    |   0    |   1    |
|             tbl_defense4_twopipe_pipe0_probe3363             |   9    |    0     |  0   |    0     |  0   |   0   |  0   |   0    |   1   |   0    |   0    |   1    |
|             tbl_defense4_twopipe_pipe0_probe3370             |   9    |    0     |  0   |    0     |  0   |   0   |  0   |   0    |   1   |   0    |   0    |   1    |
|             tbl_defense4_twopipe_pipe0_probe3553             |   9    |    0     |  0   |    0     |  0   |   0   |  0   |   0    |   1   |   0    |   0    |   1    |
|             tbl_defense4_twopipe_pipe0_probe3587             |   9    |    0     |  0   |    0     |  0   |   0   |  0   |   0    |   1   |   0    |   0    |   1    |
|             tbl_defense4_twopipe_pipe0_probe3597             |   9    |    0     |  0   |    0     |  0   |   0   |  0   |   0    |   1   |   0    |   0    |   1    |
|             tbl_defense4_twopipe_pipe0_probe3599             |   9    |    0     |  0   |    0     |  0   |   0   |  0   |   0    |   1   |   0    |   0    |   1    |
|             tbl_defense4_twopipe_pipe0_probe3614             |   9    |    0     |  0   |    0     |  0   |   0   |  0   |   0    |   1   |   0    |   0    |   1    |
|            tbl_defense4_twopipe_pipe0_probe3614_0            |   9    |    0     |  0   |    0     |  0   |   0   |  0   |   0    |   1   |   0    |   0    |   1    |
|             tbl_defense4_twopipe_pipe0_probe3617             |   9    |    0     |  0   |    0     |  0   |   0   |  0   |   0    |   1   |   0    |   0    |   1    |
|             tbl_defense4_twopipe_pipe0_probe3618             |   9    |    0     |  0   |    0     |  0   |   0   |  0   |   0    |   1   |   0    |   0    |   1    |
|             tbl_defense4_twopipe_pipe0_probe3637             |   9    |    0     |  0   |    0     |  0   |   0   |  0   |   0    |   1   |   0    |   0    |   1    |
|                         tbl_to_block                         |   9    |    0     |  0   |    0     |  0   |   0   |  0   |   0    |   1   |   0    |   0    |   1    |
|                        tbl_to_block_0                        |   9    |    0     |  0   |    0     |  0   |   0   |  0   |   0    |   1   |   0    |   0    |   1    |
|                      tbl_to_resp_block                       |   9    |    0     |  0   |    0     |  0   |   0   |  0   |   1    |   1   |   0    |   0    |   1    |
|                      Ingress.ctr_fresh                       |   10   |    0     |  0   |    0     |  2   |   0   |  2   |   0    |   0   |   0    |   0    |   0    |
|                           cond-115                           |   10   |    3     |  0   |    1     |  0   |   0   |  0   |   0    |   0   |   1    |   0    |   0    |
|                           cond-116                           |   10   |    2     |  0   |    1     |  0   |   0   |  0   |   0    |   0   |   1    |   0    |   0    |
|                           cond-118                           |   10   |    2     |  0   |    1     |  0   |   0   |  0   |   0    |   0   |   1    |   0    |   0    |
|                           cond-124                           |   10   |    3     |  0   |    1     |  0   |   0   |  0   |   0    |   0   |   1    |   0    |   0    |
|                           cond-125                           |   10   |    1     |  0   |    1     |  0   |   0   |  0   |   0    |   0   |   1    |   0    |   0    |
|                           cond-126                           |   10   |    1     |  0   |    1     |  0   |   0   |  0   |   0    |   0   |   1    |   0    |   0    |
|                           cond-127                           |   10   |    1     |  0   |    1     |  0   |   0   |  0   |   0    |   0   |   1    |   0    |   0    |
|                           cond-128                           |   10   |    2     |  0   |    1     |  0   |   0   |  0   |   0    |   0   |   1    |   0    |   0    |
|                           cond-129                           |   10   |    1     |  0   |    1     |  0   |   0   |  0   |   0    |   0   |   1    |   0    |   0    |
|                           cond-130                           |   10   |    1     |  0   |    1     |  0   |   0   |  0   |   0    |   0   |   1    |   0    |   0    |
|                        tbl_arm_clone                         |   10   |    0     |  0   |    0     |  0   |   0   |  0   |   0    |   1   |   0    |   0    |   1    |
|                       tbl_arm_clone_0                        |   10   |    0     |  0   |    0     |  0   |   0   |  0   |   0    |   1   |   0    |   0    |   1    |
|             tbl_defense4_twopipe_pipe0_probe3279             |   10   |    0     |  0   |    0     |  0   |   0   |  0   |   0    |   1   |   0    |   0    |   1    |
|             tbl_defense4_twopipe_pipe0_probe3329             |   10   |    0     |  0   |    0     |  0   |   0   |  0   |   0    |   1   |   0    |   0    |   1    |
|             tbl_defense4_twopipe_pipe0_probe3393             |   10   |    0     |  0   |    0     |  0   |   0   |  0   |   6    |   1   |   0    |   0    |   1    |
|         tbl_defense4_twopipe_pipe0_probe3393$action          |   10   |    0     |  0   |    0     |  1   |   0   |  0   |   0    |   0   |   0    |   0    |   0    |
|             tbl_defense4_twopipe_pipe0_probe3401             |   10   |    0     |  0   |    0     |  0   |   0   |  0   |   0    |   1   |   0    |   0    |   1    |
|             tbl_defense4_twopipe_pipe0_probe3413             |   10   |    0     |  0   |    0     |  0   |   0   |  0   |   0    |   1   |   0    |   0    |   1    |
|             tbl_defense4_twopipe_pipe0_probe3419             |   10   |    0     |  0   |    0     |  0   |   0   |  0   |   0    |   1   |   0    |   0    |   1    |
|             tbl_defense4_twopipe_pipe0_probe3428             |   10   |    0     |  0   |    0     |  0   |   0   |  0   |   0    |   1   |   0    |   0    |   1    |
|             tbl_defense4_twopipe_pipe0_probe3434             |   10   |    0     |  0   |    0     |  0   |   0   |  0   |   0    |   1   |   0    |   0    |   1    |
|             tbl_defense4_twopipe_pipe0_probe3436             |   10   |    0     |  0   |    0     |  0   |   0   |  0   |   0    |   1   |   0    |   0    |   1    |
|             tbl_defense4_twopipe_pipe0_probe3444             |   10   |    0     |  0   |    0     |  0   |   0   |  0   |   0    |   1   |   0    |   0    |   1    |
|             tbl_defense4_twopipe_pipe0_probe3451             |   10   |    0     |  0   |    0     |  0   |   0   |  0   |   0    |   1   |   0    |   0    |   1    |
|             tbl_defense4_twopipe_pipe0_probe3455             |   10   |    0     |  0   |    0     |  0   |   0   |  0   |   0    |   1   |   0    |   0    |   1    |
|                       tbl_to_resp_hold                       |   10   |    0     |  0   |    0     |  0   |   0   |  0   |   1    |   1   |   0    |   0    |   1    |
|                      Ingress.ctr_fresh                       |   11   |    0     |  0   |    0     |  2   |   0   |  2   |   0    |   0   |   0    |   0    |   0    |
|                    Ingress.reg_ts_ack_arm                    |   11   |    4     |  0   |    0     |  2   |   0   |  2   |   0    |   0   |   0    |   0    |   0    |
|                  Ingress.reg_ts_block_term                   |   11   |    4     |  0   |    0     |  2   |   0   |  2   |   0    |   0   |   0    |   0    |   0    |
|                  Ingress.reg_ts_first_block                  |   11   |    4     |  0   |    0     |  2   |   0   |  2   |   0    |   0   |   0    |   0    |   0    |
|                           cond-113                           |   11   |    1     |  0   |    1     |  0   |   0   |  0   |   0    |   0   |   1    |   0    |   0    |
|                           cond-117                           |   11   |    1     |  0   |    1     |  0   |   0   |  0   |   0    |   0   |   1    |   0    |   0    |
|                           cond-119                           |   11   |    2     |  0   |    1     |  0   |   0   |  0   |   0    |   0   |   1    |   0    |   0    |
|                           cond-147                           |   11   |    1     |  0   |    1     |  0   |   0   |  0   |   0    |   0   |   1    |   0    |   0    |
|                           cond-148                           |   11   |    1     |  0   |    1     |  0   |   0   |  0   |   0    |   0   |   1    |   0    |   0    |
|                           cond-149                           |   11   |    1     |  0   |    1     |  0   |   0   |  0   |   0    |   0   |   1    |   0    |   0    |
|             tbl_defense4_twopipe_pipe0_probe3208             |   11   |    0     |  0   |    0     |  0   |   0   |  0   |   0    |   1   |   0    |   0    |   1    |
|             tbl_defense4_twopipe_pipe0_probe3211             |   11   |    0     |  0   |    0     |  0   |   0   |  0   |   0    |   1   |   0    |   0    |   1    |
|             tbl_defense4_twopipe_pipe0_probe3294             |   11   |    0     |  0   |    0     |  0   |   0   |  0   |   0    |   1   |   0    |   0    |   1    |
|             tbl_defense4_twopipe_pipe0_probe3295             |   11   |    0     |  0   |    0     |  0   |   0   |  0   |   0    |   1   |   0    |   0    |   1    |
|             tbl_defense4_twopipe_pipe0_probe3339             |   11   |    0     |  0   |    0     |  0   |   0   |  0   |   0    |   1   |   0    |   0    |   1    |
|            tbl_defense4_twopipe_pipe0_probe3339_0            |   11   |    0     |  0   |    0     |  0   |   0   |  0   |   0    |   1   |   0    |   0    |   1    |
|             tbl_defense4_twopipe_pipe0_probe3340             |   11   |    0     |  0   |    0     |  0   |   0   |  0   |   0    |   1   |   0    |   0    |   1    |
|             tbl_defense4_twopipe_pipe0_probe3645             |   11   |    0     |  0   |    0     |  0   |   0   |  0   |   0    |   1   |   0    |   0    |   1    |
|             tbl_defense4_twopipe_pipe0_probe3646             |   11   |    0     |  0   |    0     |  0   |   0   |  0   |   0    |   1   |   0    |   0    |   1    |
|             tbl_defense4_twopipe_pipe0_probe3647             |   11   |    0     |  0   |    0     |  0   |   0   |  0   |   0    |   1   |   0    |   0    |   1    |
-------------------------------------------------------------------------------------------------------------------------------------------------------------------------

