/home/philip/Projects/DNP3/defense4/timing/case4_architecture/integration/evidence/selected_19/source/selected.p4(26): [--Wwarn=uninitialized_out_param] warning: out parameter 'm' may be uninitialized when 'IgParser' terminates
parser IgParser(packet_in pkt,out headers_t hdr,out meta_t m,out ingress_intrinsic_metadata_t ig){Checksum() ic;Checksum() tc;
                                                           ^
/home/philip/Projects/DNP3/defense4/timing/case4_architecture/integration/evidence/selected_19/source/selected.p4(26)
parser IgParser(packet_in pkt,out headers_t hdr,out meta_t m,out ingress_intrinsic_metadata_t ig){Checksum() ic;Checksum() tc;
       ^^^^^^^^
/home/philip/Projects/DNP3/defense4/timing/case4_architecture/integration/evidence/selected_19/source/selected.p4(203): [--Wwarn=uninitialized_out_param] warning: out parameter 'm' may be uninitialized when 'EgParser' terminates
parser EgParser(packet_in pkt,out headers_t hdr,out meta_t m,out egress_intrinsic_metadata_t eg){state start{pkt.extract(eg);transition accept;}}
                                                           ^
/home/philip/Projects/DNP3/defense4/timing/case4_architecture/integration/evidence/selected_19/source/selected.p4(203)
parser EgParser(packet_in pkt,out headers_t hdr,out meta_t m,out egress_intrinsic_metadata_t eg){state start{pkt.extract(eg);transition accept;}}
       ^^^^^^^^
warning: checksum.get() will deprecate in future versions. Please use void subtract_all_and_deposit(bit<16>) instead
warning: checksum.get() will deprecate in future versions. Please use void subtract_all_and_deposit(bit<16>) instead
warning: Parser state min_parse_depth_accept_loop will be unrolled up to 4 times due to @pragma max_loop_depth.
warning: checksum.get() will deprecate in future versions. Please use void subtract_all_and_deposit(bit<16>) instead
warning: checksum.get() will deprecate in future versions. Please use void subtract_all_and_deposit(bit<16>) instead
warning: Parser state min_parse_depth_accept_loop will be unrolled up to 4 times due to @pragma max_loop_depth.
/home/philip/Projects/DNP3/defense4/timing/case4_architecture/integration/evidence/selected_19/source/selected.p4(108): [--Werror=duplicate] error: At most one stateful ALU operation with a given address is allowed per action. Writing to ingress::m.diff_real_tcp_src is not allowed here.
action compare_real_links(){m.diff_real_links=read_real_links.execute(1w0);m.diff_real_tcp_src=m.diff_real_links;}
                                                                           ^^^^^^^^^^^^^^^^^^^
/home/philip/Projects/DNP3/defense4/timing/case4_architecture/integration/evidence/selected_19/source/selected.p4(114): [--Werror=duplicate] error: At most one stateful ALU operation with a given address is allowed per action. Writing to ingress::m.diff_real_tcp_ports is not allowed here.
action compare_real_tcp_dst(){m.diff_real_tcp_dst=read_real_tcp_dst.execute(1w0);m.diff_real_tcp_ports=m.diff_real_tcp_dst;}
                                                                                 ^^^^^^^^^^^^^^^^^^^^^
Number of errors exceeded set maximum of 1


2 errors, 8 warnings generated.

