/home/philip/Projects/DNP3/defense4/timing/case4_architecture/protocol/payload_mapping/evidence/reverse_04/source/reverse.p4(55): [--Wwarn=unused] warning: Table seq1 is not used; removing
table seq1{key={m.direction:exact;m.valid:ternary;m.so1:ternary;}actions={seq1_shift;NoAction;}size=128;const default_action=NoAction();const entries={
      ^^^^
/home/philip/Projects/DNP3/defense4/timing/case4_architecture/protocol/payload_mapping/evidence/reverse_04/source/reverse.p4(87): [--Wwarn=unused] warning: Table seq2 is not used; removing
table seq2{key={m.direction:exact;m.valid:ternary;m.so2:ternary;}actions={seq2_shift;NoAction;}size=128;const default_action=NoAction();const entries={
      ^^^^
/home/philip/Projects/DNP3/defense4/timing/case4_architecture/protocol/payload_mapping/evidence/reverse_04/source/reverse.p4(12): [--Wwarn=uninitialized_out_param] warning: out parameter 'm' may be uninitialized when 'IgParser' terminates
parser IgParser(packet_in pkt,out headers_t hdr,out meta_t m,out ingress_intrinsic_metadata_t ig){Checksum() ipcheck;Checksum() repaircheck;
                                                           ^
/home/philip/Projects/DNP3/defense4/timing/case4_architecture/protocol/payload_mapping/evidence/reverse_04/source/reverse.p4(12)
parser IgParser(packet_in pkt,out headers_t hdr,out meta_t m,out ingress_intrinsic_metadata_t ig){Checksum() ipcheck;Checksum() repaircheck;
       ^^^^^^^^
/home/philip/Projects/DNP3/defense4/timing/case4_architecture/protocol/payload_mapping/evidence/reverse_04/source/reverse.p4(317): [--Wwarn=uninitialized_out_param] warning: out parameter 'm' may be uninitialized when 'EgParser' terminates
parser EgParser(packet_in pkt,out headers_t hdr,out meta_t m,out egress_intrinsic_metadata_t eg){state start{pkt.extract(eg);transition accept;}}
                                                           ^
/home/philip/Projects/DNP3/defense4/timing/case4_architecture/protocol/payload_mapping/evidence/reverse_04/source/reverse.p4(317)
parser EgParser(packet_in pkt,out headers_t hdr,out meta_t m,out egress_intrinsic_metadata_t eg){state start{pkt.extract(eg);transition accept;}}
       ^^^^^^^^
warning: checksum.get() will deprecate in future versions. Please use void subtract_all_and_deposit(bit<16>) instead
warning: Parser state min_parse_depth_accept_loop will be unrolled up to 4 times due to @pragma max_loop_depth.
warning: checksum.get() will deprecate in future versions. Please use void subtract_all_and_deposit(bit<16>) instead
warning: Parser state min_parse_depth_accept_loop will be unrolled up to 4 times due to @pragma max_loop_depth.
error: PHV allocation was not successful
35 field slices remain unallocated

The following fields were not allocated: 
    ingress::m.geometry<32b>[15:0]
    ingress::m.second<32b>[15:0]
    ingress::m.first<32b>[15:0]
    ingress::m.ao1<32b>[15:0]
    ingress::m.original_ack<32b>[15:0]
    ingress::m.ao2<32b>[15:0]
    ingress::m.right<32b>[15:0]
    ingress::hdr.tcp.ack<32b>[15:0]
    ingress::m.full_window<32b>[15:0]
    ingress::m.ro1<32b>[15:0]
    ingress::m.ro2<32b>[15:0]
    ingress::m.left<32b>[15:0]
    ingress::m.native_right<32b>[15:0]
    ingress::m.growth<32b>[15:0]
    ingress::m.window_after<32b>[15:0]
    ingress::hdr.tcp.window<16b>
    ingress::m.output_window<16b>
    ingress::m.geometry<32b>[31:16]
    ingress::m.second<32b>[31:16]
    ingress::m.first<32b>[31:16]
    ingress::m.ao1<32b>[31:16]
    ingress::m.original_ack<32b>[31:16]
    ingress::m.ao2<32b>[31:16]
    ingress::m.right<32b>[31:16]
    ingress::hdr.tcp.ack<32b>[31:16]
    ingress::m.full_window<32b>[31:16]
    ingress::m.ro1<32b>[31:16]
    ingress::m.ro2<32b>[31:16]
    ingress::m.left<32b>[31:16]
    ingress::m.native_right<32b>[31:16]
    ingress::m.growth<32b>[31:16]
    ingress::m.window_after<32b>[31:16]
    ingress::hdr.tcp.flags<8b>
    ingress::hdr.tcp.reserved<4b>
    ingress::hdr.tcp.offset<4b>



1 error, 8 warnings generated.

Skipping assembler, assembly file is empty
