source/v3_stub_hb_return.p4(139): [--Wwarn=unused] warning: 'cap' is unused
    action set_params(bit<32> da, bit<32> readiness, bit<32> cap, bit<32> gap, bit<32> op_j,
                                                             ^^^
source/v3_stub_hb_return.p4(282): [--Wwarn=unused] warning: op_done_read: unused instance
    RegisterAction<bit<32>, bit<1>, bit<32>>(op_done_reg) op_done_read = {
                                                          ^^^^^^^^^^^^
source/v3_stub_hb_return.p4(290): [--Wwarn=unused] warning: op_done_try: unused instance
    RegisterAction<bit<32>, bit<1>, bit<32>>(op_done_reg) op_done_try = {
                                                          ^^^^^^^^^^^
source/v3_stub_hb_return.p4(297): [--Wwarn=unused] warning: op_t0_read: unused instance
    RegisterAction<bit<32>, bit<1>, bit<32>>(op_t0_reg) op_t0_read = {
                                                        ^^^^^^^^^^
source/v3_stub_hb_return.p4(82): [--Wwarn=uninitialized_out_param] warning: out parameter 'md' may be uninitialized when 'IngressParser' terminates
parser IngressParser(packet_in pkt, out header_t hdr, out metadata_t md,
                                                                     ^^
source/v3_stub_hb_return.p4(82)
parser IngressParser(packet_in pkt, out header_t hdr, out metadata_t md,
       ^^^^^^^^^^^^^
source/probe_shell.p4(4): [--Wwarn=uninitialized_out_param] warning: out parameter 'md' may be uninitialized when 'EmptyEgressParser' terminates
parser EmptyEgressParser(packet_in pkt, out header_t hdr, out metadata_t md,
                                                                         ^^
source/probe_shell.p4(4)
parser EmptyEgressParser(packet_in pkt, out header_t hdr, out metadata_t md,
       ^^^^^^^^^^^^^^^^^
warning: Parser state min_parse_depth_accept_loop will be unrolled up to 4 times due to @pragma max_loop_depth.
warning: Parser state min_parse_depth_accept_loop will be unrolled up to 4 times due to @pragma max_loop_depth.

1 error, 8 warnings generated.

Internal compiler error. Please submit a bug report with your code.
