Stage advance for pipe pipe INITIAL not ignoring container conflicts
Stage 0
  exact ixbar groups                  ternary ixbar groups
  B0F1D0F3F0C0F2A0E0..............  G0H1G2G3H0 G1 H2H3I0I1I2
  ................................  I3........ .. ..........
  ................................  .......... .. ..........
  ................................  .......... .. ..........
  ................................  .......... .. ..........
  ................................  .......... .. ..........
  ................................
  ................................
     A B10 (tbl_case_a_defense3_fixed_ack_delay1937$gw, tbl_case_a_defense3_fixed_ack_delay1942$gw, tbl_case_a_defense3_fixed_ack_delay1949$gw)
     B B12 (tbl_case_a_defense3_fixed_ack_delay1871$gw)
     C B13 (cond-51$gw)
     D H5 (tbl_session_0$gw)
     E H8 (tbl_case_a_defense3_fixed_ack_delay1918$gw)
     F W0 (tbl_case_a_defense3_fixed_ack_delay1877$gw)
     G W11 (tbl_session_0)
     H W14 (tbl_session_0)
     I W15 (tbl_session_0)
  hash select bits  Groups  hd  /- hash dist bits --- (Groups: -1 -1)
  .... ............  .0000  ... ................................................
  .... ............  .0000  ... ................................................
  .... ............  .0000  ... ................................................
  .... ............  .0000  ... ................................................
  .... ............  .0000  ... ................................................
  .... ............  .0000  ... ................................................
  .... ............  .0000  ... ................................................
  .... ............  .0000  ... ................................................
  .... ............         ... ................................................
  .... ............         ... ................................................
  .... ............         ... ................................................
  .... ............         ... ................................................
  .... ............         ... ................................................
  .... ............         ... ................................................
  .... ............         ... ................................................
  .... ............         ... ................................................
  
  tc  sb  rb  tib ab  st  srams       mapram  ov  gw pay 2p
  R.  ..  ..  TO  ..  ..  T.........  ......  ..  NL  ..  .
  R.  ..  ..  MK  ..  ..  ..........  ......  ..  JH  ..  .
  R.  ..  ..  IG  ..  ..  ..........  ......  ..  AF  ..  .
  ..  ..  ..  QE  ..  ..  ..........  ......  ..  SD  ..  .
  ..  ..  ..  C.  ..  ..  ..........  ......  ..  ..  ..  .
  ..  ..  ..  ..  ..  ..  ..........  ......  ..  ..  ..  .
  ..  ..  ..  ..  ..  ..  ....BB....  BB....  ..  ..  ..  .
  ..  ..  ..  ..  ..  ..  ....P.....  ......  ..  ..  ..  .
  ..                                                      
  ..                                                      
  ..                                                      
  ..                                                      
     A cond-51$gw
     B tbl_case_a_defense3_fixed_ack_delay1867$stats.Ingress.ctr_fresh
     C tbl_case_a_defense3_fixed_ack_delay1867$tind
     D tbl_case_a_defense3_fixed_ack_delay1871$gw
     E tbl_case_a_defense3_fixed_ack_delay1871$tind
     F tbl_case_a_defense3_fixed_ack_delay1877$gw
     G tbl_case_a_defense3_fixed_ack_delay1877$tind
     H tbl_case_a_defense3_fixed_ack_delay1918$gw
     I tbl_case_a_defense3_fixed_ack_delay1918$tind
     J tbl_case_a_defense3_fixed_ack_delay1937$gw
     K tbl_case_a_defense3_fixed_ack_delay1937$tind
     L tbl_case_a_defense3_fixed_ack_delay1942$gw
     M tbl_case_a_defense3_fixed_ack_delay1942$tind
     N tbl_case_a_defense3_fixed_ack_delay1949$gw
     O tbl_case_a_defense3_fixed_ack_delay1949$tind
     P tbl_params_0$action_data
     Q tbl_params_0$tind
     R tbl_session_0
     S tbl_session_0$gw
     T tbl_session_0$tind
  
can't place tbl_case_a_defense3_fixed_ack_delay1920 in stage 0 : dependency on table tbl_session_0
can't place tbl_case_a_defense3_fixed_ack_delay1939 in stage 0 : dependency on table tbl_case_a_defense3_fixed_ack_delay1877
Stage 1
  exact ixbar groups                  ternary ixbar groups
  A0E0B0D0G0G1C0..H0H1............  .......... .. ..........
  ................F0F1F2F3I0I1I2I3  .......... .. ..........
  ................J0J1J2J3........  .......... .. ..........
  ................................  .......... .. ..........
  ................................  .......... .. ..........
  ................................  .......... .. ..........
  ................................
  ................................
     A B10 (tbl_case_a_defense3_fixed_ack_delay1920$gw, tbl_case_a_defense3_fixed_ack_delay1923$gw, tbl_case_a_defense3_fixed_ack_delay1926$gw, tbl_case_a_defense3_fixed_ack_delay2269$gw)
     B B11 (tbl_case_a_defense3_fixed_ack_delay1923$gw, tbl_case_a_defense3_fixed_ack_delay1926$gw)
     C B13 (tbl_case_a_defense3_fixed_ack_delay2269$gw)
     D B14 (tbl_case_a_defense3_fixed_ack_delay1939$gw)
     E B15 (tbl_case_a_defense3_fixed_ack_delay1920$gw, tbl_case_a_defense3_fixed_ack_delay1923$gw, tbl_case_a_defense3_fixed_ack_delay1926$gw)
     F W0 (tbl_case_a_defense3_fixed_ack_delay1956$salu)
     G W12 (tbl_case_a_defense3_fixed_ack_delay1957$salu)
     H W13 (tbl_case_a_defense3_fixed_ack_delay1957$salu)
     I W36 (tbl_case_a_defense3_fixed_ack_delay1956$salu)
     J W5 (tbl_case_a_defense3_fixed_ack_delay2269$salu)
  hash select bits  Groups  hd  /- hash dist bits --- (Groups: -1 -1)
  AAAA ............  A0003  ... ................................................
  AAAA ............  .0000  ... ................................................
  .... ............  .0000  ... ................................................
  .... ............  .0000  ... ................................................
  .... ............  .0000  ... ................................................
  .... ............  .0000  ... ................................................
  .... ............  .0000  ... ................................................
  .... ............  .0000  ... ................................................
  .... ............         ... ................................................
  .... ............         ... ................................................
  .... ............         ... ................................................
  .... ............         ... ................................................
  .... ............         ... ................................................
  .... ............         ... ................................................
  .... ............         ... ................................................
  .... ............         ... ................................................
     A tbl_case_a_defense3_fixed_ack_delay1957$salu
  
  tc  sb  rb  tib ab  st  srams       mapram  ov  gw pay 2p
  ..  ..  ..  LN  ..  ..  ..........  ......  ..  IG  ..  .
  ..  ..  ..  BA  ..  ..  ..........  ......  ..  EC  ..  .
  ..  ..  ..  JH  ..  ..  ..........  ......  ..  O.  ..  .
  ..  ..  ..  FD  ..  ..  ....PP....  PP....  ..  ..  ..  .
  ..  ..  ..  Q.  ..  ..  ..........  ......  ..  ..  ..  .
  ..  ..  ..  ..  ..  ..  ....MM....  MM....  ..  ..  ..  .
  ..  ..  ..  ..  ..  ..  ..........  ......  ..  ..  ..  .
  ..  ..  ..  ..  ..  ..  ....KK....  KK....  ..  ..  ..  .
  ..                                                      
  ..                                                      
  ..                                                      
  ..                                                      
     A tbl_build_exp_ack_0$tind
     B tbl_build_now_0$tind
     C tbl_case_a_defense3_fixed_ack_delay1920$gw
     D tbl_case_a_defense3_fixed_ack_delay1920$tind
     E tbl_case_a_defense3_fixed_ack_delay1923$gw
     F tbl_case_a_defense3_fixed_ack_delay1923$tind
     G tbl_case_a_defense3_fixed_ack_delay1926$gw
     H tbl_case_a_defense3_fixed_ack_delay1926$tind
     I tbl_case_a_defense3_fixed_ack_delay1939$gw
     J tbl_case_a_defense3_fixed_ack_delay1939$tind
     K tbl_case_a_defense3_fixed_ack_delay1956$salu.Ingress.reg_exp_relay_seq
     L tbl_case_a_defense3_fixed_ack_delay1956$tind
     M tbl_case_a_defense3_fixed_ack_delay1957$salu.Ingress.reg_session_port
     N tbl_case_a_defense3_fixed_ack_delay1957$tind
     O tbl_case_a_defense3_fixed_ack_delay2269$gw
     P tbl_case_a_defense3_fixed_ack_delay2269$salu.Ingress.reg_ts_ack_release
     Q tbl_case_a_defense3_fixed_ack_delay2269$tind
  
can't place tbl_case_a_defense3_fixed_ack_delay1961 in stage 1 : dependency on table tbl_build_exp_ack_0
can't place tbl_case_a_defense3_fixed_ack_delay1959 in stage 1 : dependency on table tbl_build_exp_ack_0
can't place tbl_case_a_defense3_fixed_ack_delay1972 in stage 1 : dependency on table tbl_case_a_defense3_fixed_ack_delay1939
can't place tbl_build_cand_0 in stage 1 : dependency on table tbl_build_now_0
Stage 2
  exact ixbar groups                  ternary ixbar groups
  C0..D0..........A0B0............  .......... .. ..........
  ................F0F1F2F3E0E1E2E3  .......... .. ..........
  ................................  .......... .. ..........
  ................................  .......... .. ..........
  ................................  .......... .. ..........
  ................................  .......... .. ..........
  ................................
  ................................
     A B4 (tbl_case_a_defense3_fixed_ack_delay1985$salu)
     B B9 (tbl_case_a_defense3_fixed_ack_delay1985$salu)
     C H6 (tbl_case_a_defense3_fixed_ack_delay1959$gw, tbl_case_a_defense3_fixed_ack_delay1972$gw, tbl_case_a_defense3_fixed_ack_delay1978$gw, tbl_case_a_defense3_fixed_ack_delay1983$gw)
     D H8 (tbl_case_a_defense3_fixed_ack_delay1978$gw)
     E W3 (tbl_case_a_defense3_fixed_ack_delay1961$salu)
     F W32 (tbl_case_a_defense3_fixed_ack_delay1961$salu)
  hash select bits  Groups  hd  /- hash dist bits --- (Groups: -1 -1)
  .... ............  .0000  ... ................................................
  .... ............  .0000  ... ................................................
  .... ............  .0000  ... ................................................
  .... ............  .0000  ... ................................................
  .... ............  .0000  ... ................................................
  .... ............  .0000  ... ................................................
  .... ............  .0000  ... ................................................
  .... ............  .0000  ... ................................................
  .... ............         ... ................................................
  .... ............         ... ................................................
  .... ............         ... ................................................
  .... ............         ... ................................................
  .... ............         ... ................................................
  .... ............         ... ................................................
  .... ............         ... ................................................
  .... ............         ... ................................................
  
  tc  sb  rb  tib ab  st  srams       mapram  ov  gw pay 2p
  ..  ..  ..  DM  ..  ..  ..........  ......  ..  BJ  ..  .
  ..  ..  ..  KI  ..  ..  ..........  ......  ..  HF  ..  .
  ..  ..  ..  GA  ..  ..  ..........  ......  ..  ..  ..  .
  ..  ..  ..  E.  ..  ..  ..........  ......  ..  ..  ..  .
  ..  ..  ..  ..  ..  ..  ..........  ......  ..  ..  ..  .
  ..  ..  ..  ..  ..  ..  ....LL....  LL....  ..  ..  ..  .
  ..  ..  ..  ..  ..  ..  ..........  ......  ..  ..  ..  .
  ..  ..  ..  ..  ..  ..  ....CC....  CC....  ..  ..  ..  .
  ..                                                      
  ..                                                      
  ..                                                      
  ..                                                      
     A tbl_build_cand_0$tind
     B tbl_case_a_defense3_fixed_ack_delay1959$gw
     C tbl_case_a_defense3_fixed_ack_delay1959$salu.Ingress.reg_exp_ack
     D tbl_case_a_defense3_fixed_ack_delay1959$tind
     E tbl_case_a_defense3_fixed_ack_delay1961$tind
     F tbl_case_a_defense3_fixed_ack_delay1972$gw
     G tbl_case_a_defense3_fixed_ack_delay1972$tind
     H tbl_case_a_defense3_fixed_ack_delay1978$gw
     I tbl_case_a_defense3_fixed_ack_delay1978$tind
     J tbl_case_a_defense3_fixed_ack_delay1983$gw
     K tbl_case_a_defense3_fixed_ack_delay1983$tind
     L tbl_case_a_defense3_fixed_ack_delay1985$salu.Ingress.reg_tag
     M tbl_case_a_defense3_fixed_ack_delay1985$tind
  
can't place tbl_state_decode_0 in stage 2 : dependency on table tbl_case_a_defense3_fixed_ack_delay1961
can't place tbl_txn_active_0 in stage 2 : dependency on table tbl_case_a_defense3_fixed_ack_delay1983
Stage 3
  exact ixbar groups                  ternary ixbar groups
  ................................  A0A1F2F3C0 .. D2E3F0F1E2
  ................................  B1........ .. ..........
  ................................  .......... D3 ..........
  ................................  .......... .. ..........
  ................................  .......... .. ..........
  ................................  .......... .. ..........
  ................................
  ................................
     A H6 (tbl_state_decode_0)
     B H8 (tbl_state_decode_0)
     C H9 (tbl_state_decode_0)
     D W12 (tbl_state_decode_0)
     E W13 (tbl_state_decode_0)
     F W37 (tbl_state_decode_0)
  hash select bits  Groups  hd  /- hash dist bits --- (Groups: -1 -1)
  .... ............  .0000  ... ................................................
  .... ............  .0000  ... ................................................
  .... ............  .0000  ... ................................................
  .... ............  .0000  ... ................................................
  .... ............  .0000  ... ................................................
  .... ............  .0000  ... ................................................
  .... ............  .0000  ... ................................................
  .... ............  .0000  ... ................................................
  .... ............         ... ................................................
  .... ............         ... ................................................
  .... ............         ... ................................................
  .... ............         ... ................................................
  .... ............         ... ................................................
  .... ............         ... ................................................
  .... ............         ... ................................................
  .... ............         ... ................................................
  
  tc  sb  rb  tib ab  st  srams       mapram  ov  gw pay 2p
  A.  ..  ..  B.  ..  ..  B.........  ......  ..  ..  ..  .
  A.  ..  ..  ..  ..  ..  ..........  ......  ..  ..  ..  .
  A.  ..  ..  ..  ..  ..  ..........  ......  ..  ..  ..  .
  ..  ..  ..  ..  ..  ..  ..........  ......  ..  ..  ..  .
  ..  ..  ..  ..  ..  ..  ..........  ......  ..  ..  ..  .
  ..  ..  ..  ..  ..  ..  ..........  ......  ..  ..  ..  .
  ..  ..  ..  ..  ..  ..  ..........  ......  ..  ..  ..  .
  ..  ..  ..  ..  ..  ..  ..........  ......  ..  ..  ..  .
  ..                                                      
  ..                                                      
  ..                                                      
  ..                                                      
     A tbl_state_decode_0
     B tbl_state_decode_0$tind
  
can't place tbl_txn_active_0 in stage 3 : container conflict with table tbl_state_decode_0
can't place tbl_case_a_defense3_fixed_ack_delay2015 in stage 3 : dependency on table tbl_state_decode_0
Stage 4
  exact ixbar groups                  ternary ixbar groups
  C0..............A0B0............  A0........ .. ..........
  ................................  .......... .. ..........
  ................................  .......... .. ..........
  ................................  .......... .. ..........
  ................................  .......... .. ..........
  ................................  .......... .. ..........
  ................................
  ................................
     A B7 (tbl_case_a_defense3_fixed_ack_delay2015$salu, tbl_txn_active_0)
     B B9 (tbl_case_a_defense3_fixed_ack_delay2015$salu)
     C H6 (tbl_case_a_defense3_fixed_ack_delay2015$gw)
  hash select bits  Groups  hd  /- hash dist bits --- (Groups: -1 -1)
  .... ............  .0000  ... ................................................
  .... ............  .0000  ... ................................................
  .... ............  .0000  ... ................................................
  .... ............  .0000  ... ................................................
  .... ............  .0000  ... ................................................
  .... ............  .0000  ... ................................................
  .... ............  .0000  ... ................................................
  .... ............  .0000  ... ................................................
  .... ............         ... ................................................
  .... ............         ... ................................................
  .... ............         ... ................................................
  .... ............         ... ................................................
  .... ............         ... ................................................
  .... ............         ... ................................................
  .... ............         ... ................................................
  .... ............         ... ................................................
  
  tc  sb  rb  tib ab  st  srams       mapram  ov  gw pay 2p
  D.  ..  ..  EC  ..  ..  E.........  ......  ..  A.  ..  .
  ..  ..  ..  ..  ..  ..  ..........  ......  ..  ..  ..  .
  ..  ..  ..  ..  ..  ..  ..........  ......  ..  ..  ..  .
  ..  ..  ..  ..  ..  ..  ..........  ......  ..  ..  ..  .
  ..  ..  ..  ..  ..  ..  ..........  ......  ..  ..  ..  .
  ..  ..  ..  ..  ..  ..  ..........  ......  ..  ..  ..  .
  ..  ..  ..  ..  ..  ..  ..........  ......  ..  ..  ..  .
  ..  ..  ..  ..  ..  ..  ....BB....  BB....  ..  ..  ..  .
  ..                                                      
  ..                                                      
  ..                                                      
  ..                                                      
     A tbl_case_a_defense3_fixed_ack_delay2015$gw
     B tbl_case_a_defense3_fixed_ack_delay2015$salu.Ingress.reg_ack_rel
     C tbl_case_a_defense3_fixed_ack_delay2015$tind
     D tbl_txn_active_0
     E tbl_txn_active_0$tind
  
can't place tbl_case_a_defense3_fixed_ack_delay2005 in stage 4 : dependency on table tbl_txn_active_0
can't place tbl_case_a_defense3_fixed_ack_delay2003 in stage 4 : dependency on table tbl_txn_active_0
Stage 5
  exact ixbar groups                  ternary ixbar groups
  A0..............B0B1B2B3C0C1C2C3  .......... .. ..........
  ................................  .......... .. ..........
  ................................  .......... .. ..........
  ................................  .......... .. ..........
  ................................  .......... .. ..........
  ................................  .......... .. ..........
  ................................
  ................................
     A H7 (tbl_case_a_defense3_fixed_ack_delay2005$gw)
     B W10 (tbl_case_a_defense3_fixed_ack_delay2003$salu)
     C W8 (tbl_case_a_defense3_fixed_ack_delay2003$salu)
  hash select bits  Groups  hd  /- hash dist bits --- (Groups: -1 -1)
  .... ............  .0000  ... ................................................
  .... ............  .0000  ... ................................................
  .... ............  .0000  ... ................................................
  .... ............  .0000  ... ................................................
  .... ............  .0000  ... ................................................
  .... ............  .0000  ... ................................................
  .... ............  .0000  ... ................................................
  .... ............  .0000  ... ................................................
  .... ............         ... ................................................
  .... ............         ... ................................................
  .... ............         ... ................................................
  .... ............         ... ................................................
  .... ............         ... ................................................
  .... ............         ... ................................................
  .... ............         ... ................................................
  .... ............         ... ................................................
  
  tc  sb  rb  tib ab  st  srams       mapram  ov  gw pay 2p
  ..  ..  ..  DA  ..  ..  ..........  ......  ..  B.  ..  .
  ..  ..  ..  ..  ..  ..  ..........  ......  ..  ..  ..  .
  ..  ..  ..  ..  ..  ..  ..........  ......  ..  ..  ..  .
  ..  ..  ..  ..  ..  ..  ..........  ......  ..  ..  ..  .
  ..  ..  ..  ..  ..  ..  ..........  ......  ..  ..  ..  .
  ..  ..  ..  ..  ..  ..  ..........  ......  ..  ..  ..  .
  ..  ..  ..  ..  ..  ..  ..........  ......  ..  ..  ..  .
  ..  ..  ..  ..  ..  ..  ....CC....  CC....  ..  ..  ..  .
  ..                                                      
  ..                                                      
  ..                                                      
  ..                                                      
     A tbl_case_a_defense3_fixed_ack_delay2003$tind
     B tbl_case_a_defense3_fixed_ack_delay2005$gw
     C tbl_case_a_defense3_fixed_ack_delay2005$salu.Ingress.reg_deadline
     D tbl_case_a_defense3_fixed_ack_delay2005$tind
  
can't place tbl_deadline_expiry_0 in stage 5 : dependency on table tbl_case_a_defense3_fixed_ack_delay2005
Stage 6
  exact ixbar groups                  ternary ixbar groups
  F0F1F2F3B0A0E0D1C0G1D0G3G0..G2..  .......... .. ..........
  ................................  .......... .. ..........
  ................................  .......... .. ..........
  ................................  .......... .. ..........
  ................................  .......... .. ..........
  ................................  .......... .. ..........
  ................................
  ................................
     A B10 (cond-68$gw, cond-81$gw, tbl_case_a_defense3_fixed_ack_delay2029$gw, tbl_case_a_defense3_fixed_ack_delay2182$gw)
     B B13 (cond-66$gw)
     C H6 (cond-71$gw, cond-74$gw, tbl_case_a_defense3_fixed_ack_delay2162$gw)
     D H7 (tbl_to_block$gw, tbl_to_hold_0$gw)
     E H8 (tbl_to_block_0$gw)
     F W2 (tbl_deadline_expiry_0$gw)
     G W7 (tbl_case_a_defense3_fixed_ack_delay2147$gw)
  hash select bits  Groups  hd  /- hash dist bits --- (Groups: -1 -1)
  .... ............  .0000  ... ................................................
  .... ............  .0000  ... ................................................
  .... ............  .0000  ... ................................................
  .... ............  .0000  ... ................................................
  .... ............  .0000  ... ................................................
  .... ............  .0000  ... ................................................
  .... ............  .0000  ... ................................................
  .... ............  .0000  ... ................................................
  .... ............         ... ................................................
  .... ............         ... ................................................
  .... ............         ... ................................................
  .... ............         ... ................................................
  .... ............         ... ................................................
  .... ............         ... ................................................
  .... ............         ... ................................................
  .... ............         ... ................................................
  
  tc  sb  rb  tib ab  st  srams       mapram  ov  gw pay 2p
  ..  R.  ..  .O  ..  ..  ..........  ......  ..  SN  S.  .
  ..  ..  ..  HJ  ..  ..  ..........  ......  ..  KX  ..  .
  ..  ..  ..  ML  ..  ..  ..........  ......  ..  DC  ..  .
  ..  ..  ..  YU  ..  ..  ..........  ......  ..  TV  ..  .
  ..  ..  ..  WG  ..  ..  ..........  ......  ..  BF  ..  .
  ..  ..  ..  Q.  ..  ..  ..........  ......  ..  EA  ..  .
  ..  ..  ..  ..  ..  ..  ....II....  II....  ..  P.  ..  .
  ..  ..  ..  ..  ..  ..  ..........  ......  ..  ..  ..  .
  ..                                                      
  ..                                                      
  ..                                                      
  ..                                                      
     A cond-66$gw
     B cond-68$gw
     C cond-71$gw
     D cond-74$gw
     E cond-81$gw
     F tbl_case_a_defense3_fixed_ack_delay2029$gw
     G tbl_case_a_defense3_fixed_ack_delay2029$tind
     H tbl_case_a_defense3_fixed_ack_delay2043$tind
     I tbl_case_a_defense3_fixed_ack_delay2050$stats.Ingress.ctr_fresh
     J tbl_case_a_defense3_fixed_ack_delay2050$tind
     K tbl_case_a_defense3_fixed_ack_delay2147$gw
     L tbl_case_a_defense3_fixed_ack_delay2147$tind
     M tbl_case_a_defense3_fixed_ack_delay2154$tind
     N tbl_case_a_defense3_fixed_ack_delay2162$gw
     O tbl_case_a_defense3_fixed_ack_delay2162$tind
     P tbl_case_a_defense3_fixed_ack_delay2182$gw
     Q tbl_case_a_defense3_fixed_ack_delay2182$tind
     R tbl_deadline_expiry_0
     S tbl_deadline_expiry_0$gw
     T tbl_to_block$gw
     U tbl_to_block$tind
     V tbl_to_block_0$gw
     W tbl_to_block_0$tind
     X tbl_to_hold_0$gw
     Y tbl_to_hold_0$tind
  
can't place tbl_case_a_defense3_fixed_ack_delay2202 in stage 6 : dependency on table tbl_deadline_expiry_0
can't place tbl_case_a_defense3_fixed_ack_delay2235 in stage 6 : ran out of memories: too many tables total
can't place tbl_case_a_defense3_fixed_ack_delay2056 in stage 6 : dependency on table tbl_deadline_expiry_0
can't place tbl_case_a_defense3_fixed_ack_delay2047 in stage 6 : dependency on table tbl_deadline_expiry_0
can't place tbl_to_hold in stage 6 : ran out of memories: too many tables total
can't place tbl_case_a_defense3_fixed_ack_delay2087 in stage 6 : ran out of memories: too many tables total
can't place tbl_case_a_defense3_fixed_ack_delay2138 in stage 6 : dependency on table tbl_deadline_expiry_0
can't place tbl_arm_clone in stage 6 : ran out of memories: too many tables total
can't place tbl_case_a_defense3_fixed_ack_delay2165 in stage 6 : ran out of memories: too many tables total
can't place tbl_case_a_defense3_fixed_ack_delay2186 in stage 6 : ran out of memories: too many tables total
Stage 7
  exact ixbar groups                  ternary ixbar groups
  C0A0B0C1........................  .......... .. ..........
  ................................  .......... .. ..........
  ................................  .......... .. ..........
  ................................  .......... .. ..........
  ................................  .......... .. ..........
  ................................  .......... .. ..........
  ................................
  ................................
     A B11 (tbl_case_a_defense3_fixed_ack_delay2206$gw)
     B B14 (tbl_case_a_defense3_fixed_ack_delay2210$gw)
     C H7 (tbl_case_a_defense3_fixed_ack_delay2087$gw, tbl_case_a_defense3_fixed_ack_delay2165$gw, tbl_case_a_defense3_fixed_ack_delay2167$gw, tbl_case_a_defense3_fixed_ack_delay2202$gw)
  hash select bits  Groups  hd  /- hash dist bits --- (Groups: -1 -1)
  .... ............  .0000  ... ................................................
  .... ............  .0000  ... ................................................
  .... ............  .0000  ... ................................................
  .... ............  .0000  ... ................................................
  .... ............  .0000  ... ................................................
  .... ............  .0000  ... ................................................
  .... ............  .0000  ... ................................................
  .... ............  .0000  ... ................................................
  .... ............         ... ................................................
  .... ............         ... ................................................
  .... ............         ... ................................................
  .... ............         ... ................................................
  .... ............         ... ................................................
  .... ............         ... ................................................
  .... ............         ... ................................................
  .... ............         ... ................................................
  
  tc  sb  rb  tib ab  st  srams       mapram  ov  gw pay 2p
  ..  ..  ..  FL  ..  ..  ..........  ......  ..  DJ  ..  .
  ..  ..  ..  KA  ..  ..  ..........  ......  ..  HR  ..  .
  ..  ..  ..  IM  ..  ..  ..........  ......  ..  PN  ..  .
  ..  ..  ..  TW  ..  ..  ..........  ......  ..  ..  ..  .
  ..  ..  ..  VS  ..  ..  ....UU....  UU....  ..  ..  ..  .
  ..  ..  ..  QO  ..  ..  ..........  ......  ..  ..  ..  .
  ..  ..  ..  GC  ..  ..  ....EE....  EE....  ..  ..  ..  .
  ..  ..  ..  BX  ..  ..  ..........  ......  ..  ..  ..  .
  ..                                                      
  ..                                                      
  ..                                                      
  ..                                                      
     A tbl_arm_clone$tind
     B tbl_case_a_defense3_fixed_ack_delay2047$tind
     C tbl_case_a_defense3_fixed_ack_delay2056$tind
     D tbl_case_a_defense3_fixed_ack_delay2087$gw
     E tbl_case_a_defense3_fixed_ack_delay2087$stats.Ingress.ctr_fresh
     F tbl_case_a_defense3_fixed_ack_delay2087$tind
     G tbl_case_a_defense3_fixed_ack_delay2138$tind
     H tbl_case_a_defense3_fixed_ack_delay2165$gw
     I tbl_case_a_defense3_fixed_ack_delay2165$tind
     J tbl_case_a_defense3_fixed_ack_delay2167$gw
     K tbl_case_a_defense3_fixed_ack_delay2167$tind
     L tbl_case_a_defense3_fixed_ack_delay2175$tind
     M tbl_case_a_defense3_fixed_ack_delay2186$tind
     N tbl_case_a_defense3_fixed_ack_delay2202$gw
     O tbl_case_a_defense3_fixed_ack_delay2202$tind
     P tbl_case_a_defense3_fixed_ack_delay2206$gw
     Q tbl_case_a_defense3_fixed_ack_delay2206$tind
     R tbl_case_a_defense3_fixed_ack_delay2210$gw
     S tbl_case_a_defense3_fixed_ack_delay2210$tind
     T tbl_case_a_defense3_fixed_ack_delay2215$tind
     U tbl_case_a_defense3_fixed_ack_delay2217$stats.Ingress.ctr_deq
     V tbl_case_a_defense3_fixed_ack_delay2217$tind
     W tbl_to_block_1$tind
     X tbl_to_hold$tind
  
can't place tbl_case_a_defense3_fixed_ack_delay2235 in stage 7 : ran out of memories: too many tables total
can't place tbl_case_a_defense3_fixed_ack_delay2128 in stage 7 : ran out of memories: too many tables total
can't place tbl_case_a_defense3_fixed_ack_delay2121 in stage 7 : ran out of memories: too many tables total
Stage 8
  exact ixbar groups                  ternary ixbar groups
  D0D1A0B0G0C0....F0F1F2F3E0......  .......... .. ..........
  ................F0F1F2F3........  .......... .. ..........
  ................F0F1F2F3........  .......... .. ..........
  ................F0F1F2F3........  .......... .. ..........
  ................................  .......... .. ..........
  ................................  .......... .. ..........
  ................................
  ................................
     A B10 (tbl_case_a_defense3_fixed_ack_delay2235$gw, tbl_case_a_defense3_fixed_ack_delay2253$gw)
     B B11 (tbl_case_a_defense3_fixed_ack_delay2254$gw)
     C B15 (tbl_case_a_defense3_fixed_ack_delay2271$gw)
     D H7 (tbl_case_a_defense3_fixed_ack_delay2121$gw, tbl_case_a_defense3_fixed_ack_delay2241$gw)
     E W3 (tbl_case_a_defense3_fixed_ack_delay2267$gw)
     F W5 (tbl_case_a_defense3_fixed_ack_delay2267$salu, tbl_case_a_defense3_fixed_ack_delay2268$salu, tbl_case_a_defense3_fixed_ack_delay2271$salu, tbl_case_a_defense3_fixed_ack_delay2272$salu)
     G W6 (tbl_case_a_defense3_fixed_ack_delay2268$gw, tbl_case_a_defense3_fixed_ack_delay2272$gw)
  hash select bits  Groups  hd  /- hash dist bits --- (Groups: -1 -1)
  .... ............  .0000  ... ................................................
  .... ............  .0000  ... ................................................
  .... ............  .0000  ... ................................................
  .... ............  .0000  ... ................................................
  .... ............  .0000  ... ................................................
  .... ............  .0000  ... ................................................
  .... ............  .0000  ... ................................................
  .... ............  .0000  ... ................................................
  .... ............         ... ................................................
  .... ............         ... ................................................
  .... ............         ... ................................................
  .... ............         ... ................................................
  .... ............         ... ................................................
  .... ............         ... ................................................
  .... ............         ... ................................................
  .... ............         ... ................................................
  
  tc  sb  rb  tib ab  st  srams       mapram  ov  gw pay 2p
  ..  ..  ..  VY  ..  ..  ..........  ......  ..  TW  ..  .
  ..  ..  ..  bJ  ..  ..  ....RR....  RR....  ..  ZG  ..  .
  ..  ..  ..  HO  ..  ..  ..........  ......  ..  MK  ..  .
  ..  ..  ..  NP  ..  ..  ....aa....  aa....  ..  EA  ..  .
  ..  ..  ..  LF  ..  ..  ....CC....  CC....  ..  Q.  ..  .
  ..  ..  ..  DB  ..  ..  ....XX....  XX....  ..  ..  ..  .
  ..  ..  ..  S.  ..  ..  ....II....  II....  ..  ..  ..  .
  ..  ..  ..  ..  ..  ..  ....UU....  UU....  ..  ..  ..  .
  ..                                                      
  ..                                                      
  ..                                                      
  ..                                                      
     A tbl_case_a_defense3_fixed_ack_delay2121$gw
     B tbl_case_a_defense3_fixed_ack_delay2121$tind
     C tbl_case_a_defense3_fixed_ack_delay2128$stats.Ingress.ctr_fresh
     D tbl_case_a_defense3_fixed_ack_delay2128$tind
     E tbl_case_a_defense3_fixed_ack_delay2235$gw
     F tbl_case_a_defense3_fixed_ack_delay2235$tind
     G tbl_case_a_defense3_fixed_ack_delay2241$gw
     H tbl_case_a_defense3_fixed_ack_delay2241$tind
     I tbl_case_a_defense3_fixed_ack_delay2243$stats.Ingress.ctr_deq
     J tbl_case_a_defense3_fixed_ack_delay2243$tind
     K tbl_case_a_defense3_fixed_ack_delay2253$gw
     L tbl_case_a_defense3_fixed_ack_delay2253$tind
     M tbl_case_a_defense3_fixed_ack_delay2254$gw
     N tbl_case_a_defense3_fixed_ack_delay2254$tind
     O tbl_case_a_defense3_fixed_ack_delay2255$tind
     P tbl_case_a_defense3_fixed_ack_delay2258$tind
     Q tbl_case_a_defense3_fixed_ack_delay2267$gw
     R tbl_case_a_defense3_fixed_ack_delay2267$salu.Ingress.reg_ts_ack_arm
     S tbl_case_a_defense3_fixed_ack_delay2267$tind
     T tbl_case_a_defense3_fixed_ack_delay2268$gw
     U tbl_case_a_defense3_fixed_ack_delay2268$salu.Ingress.reg_ts_block_term
     V tbl_case_a_defense3_fixed_ack_delay2268$tind
     W tbl_case_a_defense3_fixed_ack_delay2271$gw
     X tbl_case_a_defense3_fixed_ack_delay2271$salu.Ingress.reg_ts_last_block
     Y tbl_case_a_defense3_fixed_ack_delay2271$tind
     Z tbl_case_a_defense3_fixed_ack_delay2272$gw
     a tbl_case_a_defense3_fixed_ack_delay2272$salu.Ingress.reg_ts_last_term
     b tbl_case_a_defense3_fixed_ack_delay2272$tind
  
can't place tbl_case_a_defense3_fixed_ack_delay2266 in stage 8 : ran out of memories: too many meter alu users
Stage 9
  exact ixbar groups                  ternary ixbar groups
  A0..............B0B1B2B3........  .......... .. ..........
  ................................  .......... .. ..........
  ................................  .......... .. ..........
  ................................  .......... .. ..........
  ................................  .......... .. ..........
  ................................  .......... .. ..........
  ................................
  ................................
     A B15 (tbl_case_a_defense3_fixed_ack_delay2266$gw)
     B W5 (tbl_case_a_defense3_fixed_ack_delay2266$salu)
  hash select bits  Groups  hd  /- hash dist bits --- (Groups: -1 -1)
  .... ............  .0000  ... ................................................
  .... ............  .0000  ... ................................................
  .... ............  .0000  ... ................................................
  .... ............  .0000  ... ................................................
  .... ............  .0000  ... ................................................
  .... ............  .0000  ... ................................................
  .... ............  .0000  ... ................................................
  .... ............  .0000  ... ................................................
  .... ............         ... ................................................
  .... ............         ... ................................................
  .... ............         ... ................................................
  .... ............         ... ................................................
  .... ............         ... ................................................
  .... ............         ... ................................................
  .... ............         ... ................................................
  .... ............         ... ................................................
  
  tc  sb  rb  tib ab  st  srams       mapram  ov  gw pay 2p
  ..  ..  ..  C.  ..  ..  ..........  ......  ..  A.  ..  .
  ..  ..  ..  ..  ..  ..  ..........  ......  ..  ..  ..  .
  ..  ..  ..  ..  ..  ..  ..........  ......  ..  ..  ..  .
  ..  ..  ..  ..  ..  ..  ..........  ......  ..  ..  ..  .
  ..  ..  ..  ..  ..  ..  ..........  ......  ..  ..  ..  .
  ..  ..  ..  ..  ..  ..  ..........  ......  ..  ..  ..  .
  ..  ..  ..  ..  ..  ..  ..........  ......  ..  ..  ..  .
  ..  ..  ..  ..  ..  ..  ....BB....  BB....  ..  ..  ..  .
  ..                                                      
  ..                                                      
  ..                                                      
  ..                                                      
     A tbl_case_a_defense3_fixed_ack_delay2266$gw
     B tbl_case_a_defense3_fixed_ack_delay2266$salu.Ingress.reg_ts_first_block
     C tbl_case_a_defense3_fixed_ack_delay2266$tind
  
Table tbl_txn_active_0 delayed to stage 4 from stage 3
  stage 3: dependency (IXBAR_READ) on tbl_case_a_defense3_fixed_ack_delay1978 in stage 2
  stage 3: dependency (IXBAR_READ) on tbl_case_a_defense3_fixed_ack_delay1983 in stage 2
  stage 2: dependency (ANTI_NEXT_TABLE_METADATA) on tbl_case_a_defense3_fixed_ack_delay1923 in stage 1
  stage 2: dependency (ANTI_NEXT_TABLE_METADATA) on tbl_case_a_defense3_fixed_ack_delay1926 in stage 1
  stage 1: dependency (CONTROL_COND_FALSE) on tbl_case_a_defense3_fixed_ack_delay1871 in stage 0
  stage 1: dependency (ANTI_NEXT_TABLE_METADATA) on tbl_build_now_0 in stage 1
  stage 1: dependency (ANTI_NEXT_TABLE_METADATA) on tbl_build_exp_ack_0 in stage 1
  - preferred tbl_case_a_defense3_fixed_ack_delay1959(earlier stage calculated) over 512 of tbl_txn_active_0 in stage 3
  - preferred tbl_state_decode_0(fewer total dependencies in dominance frontier) over 512 of tbl_txn_active_0 in stage 3
  - preferred tbl_to_hold(direct control dependency difference) over 1 of tbl_case_a_defense3_fixed_ack_delay2128 in stage 7
  - preferred tbl_case_a_defense3_fixed_ack_delay2043(direct control dependency difference) over 1 of tbl_to_hold in stage 6
  - preferred tbl_case_a_defense3_fixed_ack_delay2050(direct control dependency difference) over 1 of tbl_to_hold in stage 6
Table tbl_case_a_defense3_fixed_ack_delay2186 delayed to stage 7 from stage 6
  stage 6: dependency (CONTROL_COND_FALSE) on tbl_case_a_defense3_fixed_ack_delay2182 in stage 6
  - preferred tbl_case_a_defense3_fixed_ack_delay2182(default choice) over 1 of tbl_case_a_defense3_fixed_ack_delay2186 in stage 6
