Stage advance for pipe pipe INITIAL not ignoring container conflicts
Stage 0
  exact ixbar groups                  ternary ixbar groups
  B0E1D0E3E0C0E2A0................  F0G1F2F3G0 F1 G2G3H0H1H2
  ................................  H3........ .. ..........
  ................................  .......... .. ..........
  ................................  .......... .. ..........
  ................................  .......... .. ..........
  ................................  .......... .. ..........
  ................................
  ................................
     A B10 (tbl_case_a_defense3_fixed_ack_delay1246$gw, tbl_case_a_defense3_fixed_ack_delay1251$gw, tbl_case_a_defense3_fixed_ack_delay1258$gw)
     B B12 (tbl_case_a_defense3_fixed_ack_delay1212$gw)
     C B13 (cond-45$gw)
     D H5 (tbl_session_0$gw)
     E W0 (tbl_case_a_defense3_fixed_ack_delay1218$gw)
     F W11 (tbl_session_0)
     G W14 (tbl_session_0)
     H W15 (tbl_session_0)
  hash select bits  Groups  hd  /- hash dist bits --- (Groups: -1 -1)
  .... ............  .0000  ... ................................................
  .... ............  .0000  ... ................................................
  .... ............  .0000  ... ................................................
  .... ............  .0000  ... ................................................
  .... ............  .0000  ... ................................................
  .... ............  .0000  ... ................................................
  .... ............  .0000  ... ................................................
  .... ............  .0000  ... ................................................
  .... ............         ... ................................................
  .... ............         ... ................................................
  .... ............         ... ................................................
  .... ............         ... ................................................
  .... ............         ... ................................................
  .... ............         ... ................................................
  .... ............         ... ................................................
  .... ............         ... ................................................
  
  tc  sb  rb  tib ab  st  srams       mapram  ov  gw pay 2p
  Q.  ..  ..  SN  ..  ..  S.........  ......  ..  LJ  ..  .
  Q.  ..  ..  MK  ..  ..  ..........  ......  ..  HA  ..  .
  Q.  ..  ..  IG  ..  ..  ..........  ......  ..  FR  ..  .
  ..  ..  ..  PE  ..  ..  ..........  ......  ..  D.  ..  .
  ..  ..  ..  C.  ..  ..  ..........  ......  ..  ..  ..  .
  ..  ..  ..  ..  ..  ..  ..........  ......  ..  ..  ..  .
  ..  ..  ..  ..  ..  ..  ....BB....  BB....  ..  ..  ..  .
  ..  ..  ..  ..  ..  ..  ....O.....  ......  ..  ..  ..  .
  ..                                                      
  ..                                                      
  ..                                                      
  ..                                                      
     A cond-45$gw
     B tbl_case_a_defense3_fixed_ack_delay1208$stats.Ingress.ctr_fresh
     C tbl_case_a_defense3_fixed_ack_delay1208$tind
     D tbl_case_a_defense3_fixed_ack_delay1212$gw
     E tbl_case_a_defense3_fixed_ack_delay1212$tind
     F tbl_case_a_defense3_fixed_ack_delay1218$gw
     G tbl_case_a_defense3_fixed_ack_delay1218$tind
     H tbl_case_a_defense3_fixed_ack_delay1246$gw
     I tbl_case_a_defense3_fixed_ack_delay1246$tind
     J tbl_case_a_defense3_fixed_ack_delay1251$gw
     K tbl_case_a_defense3_fixed_ack_delay1251$tind
     L tbl_case_a_defense3_fixed_ack_delay1258$gw
     M tbl_case_a_defense3_fixed_ack_delay1258$tind
     N tbl_drop_pkt$tind
     O tbl_params_0$action_data
     P tbl_params_0$tind
     Q tbl_session_0
     R tbl_session_0$gw
     S tbl_session_0$tind
  
can't place tbl_case_a_defense3_fixed_ack_delay1234 in stage 0 : dependency on table tbl_session_0
can't place tbl_case_a_defense3_fixed_ack_delay1248 in stage 0 : dependency on table tbl_case_a_defense3_fixed_ack_delay1218
Stage 1
  exact ixbar groups                  ternary ixbar groups
  A0E0B0D0G0G1C0..H0H1............  .......... .. ..........
  ................F0F1F2F3I0I1I2I3  .......... .. ..........
  ................J0J1J2J3........  .......... .. ..........
  ................................  .......... .. ..........
  ................................  .......... .. ..........
  ................................  .......... .. ..........
  ................................
  ................................
     A B10 (tbl_case_a_defense3_fixed_ack_delay1234$gw, tbl_case_a_defense3_fixed_ack_delay1237$gw, tbl_case_a_defense3_fixed_ack_delay1240$gw, tbl_case_a_defense3_fixed_ack_delay1507$gw)
     B B11 (tbl_case_a_defense3_fixed_ack_delay1237$gw, tbl_case_a_defense3_fixed_ack_delay1240$gw)
     C B13 (tbl_case_a_defense3_fixed_ack_delay1507$gw)
     D B14 (tbl_case_a_defense3_fixed_ack_delay1248$gw)
     E B15 (tbl_case_a_defense3_fixed_ack_delay1234$gw, tbl_case_a_defense3_fixed_ack_delay1237$gw, tbl_case_a_defense3_fixed_ack_delay1240$gw)
     F W0 (tbl_case_a_defense3_fixed_ack_delay1265$salu)
     G W12 (tbl_case_a_defense3_fixed_ack_delay1266$salu)
     H W13 (tbl_case_a_defense3_fixed_ack_delay1266$salu)
     I W36 (tbl_case_a_defense3_fixed_ack_delay1265$salu)
     J W5 (tbl_case_a_defense3_fixed_ack_delay1507$salu)
  hash select bits  Groups  hd  /- hash dist bits --- (Groups: -1 -1)
  AAAA ............  A0003  ... ................................................
  AAAA ............  .0000  ... ................................................
  .... ............  .0000  ... ................................................
  .... ............  .0000  ... ................................................
  .... ............  .0000  ... ................................................
  .... ............  .0000  ... ................................................
  .... ............  .0000  ... ................................................
  .... ............  .0000  ... ................................................
  .... ............         ... ................................................
  .... ............         ... ................................................
  .... ............         ... ................................................
  .... ............         ... ................................................
  .... ............         ... ................................................
  .... ............         ... ................................................
  .... ............         ... ................................................
  .... ............         ... ................................................
     A tbl_case_a_defense3_fixed_ack_delay1266$salu
  
  tc  sb  rb  tib ab  st  srams       mapram  ov  gw pay 2p
  ..  ..  ..  LN  ..  ..  ..........  ......  ..  IG  ..  .
  ..  ..  ..  BA  ..  ..  ..........  ......  ..  EC  ..  .
  ..  ..  ..  JH  ..  ..  ..........  ......  ..  O.  ..  .
  ..  ..  ..  FD  ..  ..  ....PP....  PP....  ..  ..  ..  .
  ..  ..  ..  Q.  ..  ..  ..........  ......  ..  ..  ..  .
  ..  ..  ..  ..  ..  ..  ....MM....  MM....  ..  ..  ..  .
  ..  ..  ..  ..  ..  ..  ..........  ......  ..  ..  ..  .
  ..  ..  ..  ..  ..  ..  ....KK....  KK....  ..  ..  ..  .
  ..                                                      
  ..                                                      
  ..                                                      
  ..                                                      
     A tbl_build_exp_ack_0$tind
     B tbl_build_now_0$tind
     C tbl_case_a_defense3_fixed_ack_delay1234$gw
     D tbl_case_a_defense3_fixed_ack_delay1234$tind
     E tbl_case_a_defense3_fixed_ack_delay1237$gw
     F tbl_case_a_defense3_fixed_ack_delay1237$tind
     G tbl_case_a_defense3_fixed_ack_delay1240$gw
     H tbl_case_a_defense3_fixed_ack_delay1240$tind
     I tbl_case_a_defense3_fixed_ack_delay1248$gw
     J tbl_case_a_defense3_fixed_ack_delay1248$tind
     K tbl_case_a_defense3_fixed_ack_delay1265$salu.Ingress.reg_exp_relay_seq
     L tbl_case_a_defense3_fixed_ack_delay1265$tind
     M tbl_case_a_defense3_fixed_ack_delay1266$salu.Ingress.reg_session_port
     N tbl_case_a_defense3_fixed_ack_delay1266$tind
     O tbl_case_a_defense3_fixed_ack_delay1507$gw
     P tbl_case_a_defense3_fixed_ack_delay1507$salu.Ingress.reg_ts_ack_release
     Q tbl_case_a_defense3_fixed_ack_delay1507$tind
  
can't place tbl_case_a_defense3_fixed_ack_delay1270 in stage 1 : dependency on table tbl_build_exp_ack_0
can't place tbl_case_a_defense3_fixed_ack_delay1268 in stage 1 : dependency on table tbl_build_exp_ack_0
can't place tbl_case_a_defense3_fixed_ack_delay1281 in stage 1 : dependency on table tbl_case_a_defense3_fixed_ack_delay1248
can't place tbl_build_cand_0 in stage 1 : dependency on table tbl_build_now_0
Stage 2
  exact ixbar groups                  ternary ixbar groups
  C0..D0..........A0B0............  .......... .. ..........
  ................F0F1F2F3E0E1E2E3  .......... .. ..........
  ................................  .......... .. ..........
  ................................  .......... .. ..........
  ................................  .......... .. ..........
  ................................  .......... .. ..........
  ................................
  ................................
     A B4 (tbl_case_a_defense3_fixed_ack_delay1286$salu)
     B B9 (tbl_case_a_defense3_fixed_ack_delay1286$salu)
     C H6 (tbl_case_a_defense3_fixed_ack_delay1268$gw, tbl_case_a_defense3_fixed_ack_delay1281$gw, tbl_case_a_defense3_fixed_ack_delay1284$gw)
     D H8 (tbl_case_a_defense3_fixed_ack_delay1284$gw)
     E W3 (tbl_case_a_defense3_fixed_ack_delay1270$salu)
     F W32 (tbl_case_a_defense3_fixed_ack_delay1270$salu)
  hash select bits  Groups  hd  /- hash dist bits --- (Groups: -1 -1)
  .... ............  .0000  ... ................................................
  .... ............  .0000  ... ................................................
  .... ............  .0000  ... ................................................
  .... ............  .0000  ... ................................................
  .... ............  .0000  ... ................................................
  .... ............  .0000  ... ................................................
  .... ............  .0000  ... ................................................
  .... ............  .0000  ... ................................................
  .... ............         ... ................................................
  .... ............         ... ................................................
  .... ............         ... ................................................
  .... ............         ... ................................................
  .... ............         ... ................................................
  .... ............         ... ................................................
  .... ............         ... ................................................
  .... ............         ... ................................................
  
  tc  sb  rb  tib ab  st  srams       mapram  ov  gw pay 2p
  ..  ..  ..  DK  ..  ..  ..........  ......  ..  BH  ..  .
  ..  ..  ..  IG  ..  ..  ..........  ......  ..  F.  ..  .
  ..  ..  ..  AE  ..  ..  ..........  ......  ..  ..  ..  .
  ..  ..  ..  ..  ..  ..  ..........  ......  ..  ..  ..  .
  ..  ..  ..  ..  ..  ..  ..........  ......  ..  ..  ..  .
  ..  ..  ..  ..  ..  ..  ....JJ....  JJ....  ..  ..  ..  .
  ..  ..  ..  ..  ..  ..  ..........  ......  ..  ..  ..  .
  ..  ..  ..  ..  ..  ..  ....CC....  CC....  ..  ..  ..  .
  ..                                                      
  ..                                                      
  ..                                                      
  ..                                                      
     A tbl_build_cand_0$tind
     B tbl_case_a_defense3_fixed_ack_delay1268$gw
     C tbl_case_a_defense3_fixed_ack_delay1268$salu.Ingress.reg_exp_ack
     D tbl_case_a_defense3_fixed_ack_delay1268$tind
     E tbl_case_a_defense3_fixed_ack_delay1270$tind
     F tbl_case_a_defense3_fixed_ack_delay1281$gw
     G tbl_case_a_defense3_fixed_ack_delay1281$tind
     H tbl_case_a_defense3_fixed_ack_delay1284$gw
     I tbl_case_a_defense3_fixed_ack_delay1284$tind
     J tbl_case_a_defense3_fixed_ack_delay1286$salu.Ingress.reg_tag
     K tbl_case_a_defense3_fixed_ack_delay1286$tind
  
can't place tbl_state_decode_0 in stage 2 : dependency on table tbl_case_a_defense3_fixed_ack_delay1270
can't place tbl_txn_active_0 in stage 2 : dependency on table tbl_case_a_defense3_fixed_ack_delay1284
Stage 3
  exact ixbar groups                  ternary ixbar groups
  ................................  A0A1F2F3C0 .. D2E3F0F1E2
  ................................  B1........ .. ..........
  ................................  .......... D3 ..........
  ................................  .......... .. ..........
  ................................  .......... .. ..........
  ................................  .......... .. ..........
  ................................
  ................................
     A H6 (tbl_state_decode_0)
     B H8 (tbl_state_decode_0)
     C H9 (tbl_state_decode_0)
     D W12 (tbl_state_decode_0)
     E W13 (tbl_state_decode_0)
     F W37 (tbl_state_decode_0)
  hash select bits  Groups  hd  /- hash dist bits --- (Groups: -1 -1)
  .... ............  .0000  ... ................................................
  .... ............  .0000  ... ................................................
  .... ............  .0000  ... ................................................
  .... ............  .0000  ... ................................................
  .... ............  .0000  ... ................................................
  .... ............  .0000  ... ................................................
  .... ............  .0000  ... ................................................
  .... ............  .0000  ... ................................................
  .... ............         ... ................................................
  .... ............         ... ................................................
  .... ............         ... ................................................
  .... ............         ... ................................................
  .... ............         ... ................................................
  .... ............         ... ................................................
  .... ............         ... ................................................
  .... ............         ... ................................................
  
  tc  sb  rb  tib ab  st  srams       mapram  ov  gw pay 2p
  A.  ..  ..  B.  ..  ..  B.........  ......  ..  ..  ..  .
  A.  ..  ..  ..  ..  ..  ..........  ......  ..  ..  ..  .
  A.  ..  ..  ..  ..  ..  ..........  ......  ..  ..  ..  .
  ..  ..  ..  ..  ..  ..  ..........  ......  ..  ..  ..  .
  ..  ..  ..  ..  ..  ..  ..........  ......  ..  ..  ..  .
  ..  ..  ..  ..  ..  ..  ..........  ......  ..  ..  ..  .
  ..  ..  ..  ..  ..  ..  ..........  ......  ..  ..  ..  .
  ..  ..  ..  ..  ..  ..  ..........  ......  ..  ..  ..  .
  ..                                                      
  ..                                                      
  ..                                                      
  ..                                                      
     A tbl_state_decode_0
     B tbl_state_decode_0$tind
  
can't place tbl_txn_active_0 in stage 3 : container conflict with table tbl_state_decode_0
can't place tbl_case_a_defense3_fixed_ack_delay1309 in stage 3 : dependency on table tbl_state_decode_0
Stage 4
  exact ixbar groups                  ternary ixbar groups
  A0..C0..........A0B0............  .......... .. ..........
  ................................  .......... .. ..........
  ................................  .......... .. ..........
  ................................  .......... .. ..........
  ................................  .......... .. ..........
  ................................  .......... .. ..........
  ................................
  ................................
     A B7 (tbl_case_a_defense3_fixed_ack_delay1309$salu, tbl_txn_active_0$gw)
     B B9 (tbl_case_a_defense3_fixed_ack_delay1309$salu)
     C H6 (tbl_case_a_defense3_fixed_ack_delay1309$gw)
  hash select bits  Groups  hd  /- hash dist bits --- (Groups: -1 -1)
  .... ............  .0000  ... ................................................
  .... ............  .0000  ... ................................................
  .... ............  .0000  ... ................................................
  .... ............  .0000  ... ................................................
  .... ............  .0000  ... ................................................
  .... ............  .0000  ... ................................................
  .... ............  .0000  ... ................................................
  .... ............  .0000  ... ................................................
  .... ............         ... ................................................
  .... ............         ... ................................................
  .... ............         ... ................................................
  .... ............         ... ................................................
  .... ............         ... ................................................
  .... ............         ... ................................................
  .... ............         ... ................................................
  .... ............         ... ................................................
  
  tc  sb  rb  tib ab  st  srams       mapram  ov  gw pay 2p
  ..  D.  ..  .C  ..  ..  ..........  ......  ..  EA  E.  .
  ..  ..  ..  ..  ..  ..  ..........  ......  ..  ..  ..  .
  ..  ..  ..  ..  ..  ..  ..........  ......  ..  ..  ..  .
  ..  ..  ..  ..  ..  ..  ..........  ......  ..  ..  ..  .
  ..  ..  ..  ..  ..  ..  ..........  ......  ..  ..  ..  .
  ..  ..  ..  ..  ..  ..  ..........  ......  ..  ..  ..  .
  ..  ..  ..  ..  ..  ..  ..........  ......  ..  ..  ..  .
  ..  ..  ..  ..  ..  ..  ....BB....  BB....  ..  ..  ..  .
  ..                                                      
  ..                                                      
  ..                                                      
  ..                                                      
     A tbl_case_a_defense3_fixed_ack_delay1309$gw
     B tbl_case_a_defense3_fixed_ack_delay1309$salu.Ingress.reg_ack_rel
     C tbl_case_a_defense3_fixed_ack_delay1309$tind
     D tbl_txn_active_0
     E tbl_txn_active_0$gw
  
can't place tbl_case_a_defense3_fixed_ack_delay1306 in stage 4 : dependency on table tbl_txn_active_0
can't place tbl_case_a_defense3_fixed_ack_delay1304 in stage 4 : dependency on table tbl_txn_active_0
Stage 5
  exact ixbar groups                  ternary ixbar groups
  A0..............B0B1B2B3C0C1C2C3  .......... .. ..........
  ................................  .......... .. ..........
  ................................  .......... .. ..........
  ................................  .......... .. ..........
  ................................  .......... .. ..........
  ................................  .......... .. ..........
  ................................
  ................................
     A H7 (tbl_case_a_defense3_fixed_ack_delay1306$gw)
     B W10 (tbl_case_a_defense3_fixed_ack_delay1304$salu)
     C W8 (tbl_case_a_defense3_fixed_ack_delay1304$salu)
  hash select bits  Groups  hd  /- hash dist bits --- (Groups: -1 -1)
  .... ............  .0000  ... ................................................
  .... ............  .0000  ... ................................................
  .... ............  .0000  ... ................................................
  .... ............  .0000  ... ................................................
  .... ............  .0000  ... ................................................
  .... ............  .0000  ... ................................................
  .... ............  .0000  ... ................................................
  .... ............  .0000  ... ................................................
  .... ............         ... ................................................
  .... ............         ... ................................................
  .... ............         ... ................................................
  .... ............         ... ................................................
  .... ............         ... ................................................
  .... ............         ... ................................................
  .... ............         ... ................................................
  .... ............         ... ................................................
  
  tc  sb  rb  tib ab  st  srams       mapram  ov  gw pay 2p
  ..  ..  ..  DA  ..  ..  ..........  ......  ..  B.  ..  .
  ..  ..  ..  ..  ..  ..  ..........  ......  ..  ..  ..  .
  ..  ..  ..  ..  ..  ..  ..........  ......  ..  ..  ..  .
  ..  ..  ..  ..  ..  ..  ..........  ......  ..  ..  ..  .
  ..  ..  ..  ..  ..  ..  ..........  ......  ..  ..  ..  .
  ..  ..  ..  ..  ..  ..  ..........  ......  ..  ..  ..  .
  ..  ..  ..  ..  ..  ..  ..........  ......  ..  ..  ..  .
  ..  ..  ..  ..  ..  ..  ....CC....  CC....  ..  ..  ..  .
  ..                                                      
  ..                                                      
  ..                                                      
  ..                                                      
     A tbl_case_a_defense3_fixed_ack_delay1304$tind
     B tbl_case_a_defense3_fixed_ack_delay1306$gw
     C tbl_case_a_defense3_fixed_ack_delay1306$salu.Ingress.reg_deadline
     D tbl_case_a_defense3_fixed_ack_delay1306$tind
  
can't place tbl_deadline_expiry_0 in stage 5 : dependency on table tbl_case_a_defense3_fixed_ack_delay1306
Stage 6
  exact ixbar groups                  ternary ixbar groups
  F0F1F2F3B0A0D0D1E0G1C0G3G0..G2..  .......... .. ..........
  ................................  .......... .. ..........
  ................................  .......... .. ..........
  ................................  .......... .. ..........
  ................................  .......... .. ..........
  ................................  .......... .. ..........
  ................................
  ................................
     A B10 (cond-59$gw, cond-72$gw)
     B B13 (cond-58$gw)
     C H6 (cond-62$gw, cond-65$gw)
     D H7 (tbl_drop_pkt_1$gw, tbl_to_block$gw, tbl_to_hold_0$gw)
     E H8 (tbl_to_block_0$gw)
     F W2 (tbl_deadline_expiry_0$gw)
     G W7 (tbl_case_a_defense3_fixed_ack_delay1393$gw)
  hash select bits  Groups  hd  /- hash dist bits --- (Groups: -1 -1)
  .... ............  .0000  ... ................................................
  .... ............  .0000  ... ................................................
  .... ............  .0000  ... ................................................
  .... ............  .0000  ... ................................................
  .... ............  .0000  ... ................................................
  .... ............  .0000  ... ................................................
  .... ............  .0000  ... ................................................
  .... ............  .0000  ... ................................................
  .... ............         ... ................................................
  .... ............         ... ................................................
  .... ............         ... ................................................
  .... ............         ... ................................................
  .... ............         ... ................................................
  .... ............         ... ................................................
  .... ............         ... ................................................
  .... ............         ... ................................................
  
  tc  sb  rb  tib ab  st  srams       mapram  ov  gw pay 2p
  ..  L.  ..  .N  ..  ..  ..........  ......  ..  MI  M.  .
  ..  ..  ..  HU  ..  ..  ..........  ......  ..  VD  ..  .
  ..  ..  ..  KJ  ..  ..  ..........  ......  ..  CQ  ..  .
  ..  ..  ..  WR  ..  ..  ..........  ......  ..  SB  ..  .
  ..  ..  ..  TP  ..  ..  ..........  ......  ..  OE  ..  .
  ..  ..  ..  F.  ..  ..  ..........  ......  ..  A.  ..  .
  ..  ..  ..  ..  ..  ..  ....GG....  GG....  ..  ..  ..  .
  ..  ..  ..  ..  ..  ..  ..........  ......  ..  ..  ..  .
  ..                                                      
  ..                                                      
  ..                                                      
  ..                                                      
     A cond-58$gw
     B cond-59$gw
     C cond-62$gw
     D cond-65$gw
     E cond-72$gw
     F tbl_case_a_defense3_fixed_ack_delay1329$tind
     G tbl_case_a_defense3_fixed_ack_delay1337$stats.Ingress.ctr_fresh
     H tbl_case_a_defense3_fixed_ack_delay1337$tind
     I tbl_case_a_defense3_fixed_ack_delay1393$gw
     J tbl_case_a_defense3_fixed_ack_delay1393$tind
     K tbl_case_a_defense3_fixed_ack_delay1401$tind
     L tbl_deadline_expiry_0
     M tbl_deadline_expiry_0$gw
     N tbl_drop_pkt_0$tind
     O tbl_drop_pkt_1$gw
     P tbl_drop_pkt_1$tind
     Q tbl_to_block$gw
     R tbl_to_block$tind
     S tbl_to_block_0$gw
     T tbl_to_block_0$tind
     U tbl_to_fwd_0$tind
     V tbl_to_hold_0$gw
     W tbl_to_hold_0$tind
  
can't place tbl_to_fwd_4 in stage 6 : ran out of memories: too many tables total
can't place tbl_case_a_defense3_fixed_ack_delay1482 in stage 6 : ran out of memories: too many tables total
can't place tbl_case_a_defense3_fixed_ack_delay1449 in stage 6 : dependency on table tbl_deadline_expiry_0
can't place tbl_drop_pkt_2 in stage 6 : dependency on table tbl_deadline_expiry_0
can't place tbl_case_a_defense3_fixed_ack_delay1453 in stage 6 : dependency on table tbl_deadline_expiry_0
can't place tbl_case_a_defense3_fixed_ack_delay1342 in stage 6 : dependency on table tbl_deadline_expiry_0
can't place tbl_case_a_defense3_fixed_ack_delay1333 in stage 6 : dependency on table tbl_deadline_expiry_0
can't place tbl_to_fwd in stage 6 : ran out of memories: too many tables total
can't place tbl_case_a_defense3_fixed_ack_delay1375 in stage 6 : ran out of memories: too many tables total
can't place tbl_to_hold in stage 6 : ran out of memories: too many tables total
can't place tbl_to_fwd_1 in stage 6 : ran out of memories: too many tables total
can't place tbl_case_a_defense3_fixed_ack_delay1384 in stage 6 : dependency on table tbl_deadline_expiry_0
Stage 7
  exact ixbar groups                  ternary ixbar groups
  B0C0D0A0........................  .......... .. ..........
  ................................  .......... .. ..........
  ................................  .......... .. ..........
  ................................  .......... .. ..........
  ................................  .......... .. ..........
  ................................  .......... .. ..........
  ................................
  ................................
     A B10 (tbl_case_a_defense3_fixed_ack_delay1429$gw)
     B B11 (tbl_case_a_defense3_fixed_ack_delay1453$gw)
     C B14 (tbl_case_a_defense3_fixed_ack_delay1457$gw)
     D H6 (tbl_to_fwd_1$gw)
  hash select bits  Groups  hd  /- hash dist bits --- (Groups: -1 -1)
  .... ............  .0000  ... ................................................
  .... ............  .0000  ... ................................................
  .... ............  .0000  ... ................................................
  .... ............  .0000  ... ................................................
  .... ............  .0000  ... ................................................
  .... ............  .0000  ... ................................................
  .... ............  .0000  ... ................................................
  .... ............  .0000  ... ................................................
  .... ............         ... ................................................
  .... ............         ... ................................................
  .... ............         ... ................................................
  .... ............         ... ................................................
  .... ............         ... ................................................
  .... ............         ... ................................................
  .... ............         ... ................................................
  .... ............         ... ................................................
  
  tc  sb  rb  tib ab  st  srams       mapram  ov  gw pay 2p
  ..  ..  ..  VG  ..  ..  ..........  ......  ..  DS  ..  .
  ..  ..  ..  ET  ..  ..  ..........  ......  ..  KI  ..  .
  ..  ..  ..  PQ  ..  ..  ..........  ......  ..  ..  ..  .
  ..  ..  ..  MR  ..  ..  ..........  ......  ..  ..  ..  .
  ..  ..  ..  OL  ..  ..  ....NN....  NN....  ..  ..  ..  .
  ..  ..  ..  JH  ..  ..  ..........  ......  ..  ..  ..  .
  ..  ..  ..  BA  ..  ..  ....FF....  FF....  ..  ..  ..  .
  ..  ..  ..  CU  ..  ..  ..........  ......  ..  ..  ..  .
  ..                                                      
  ..                                                      
  ..                                                      
  ..                                                      
     A tbl_case_a_defense3_fixed_ack_delay1333$tind
     B tbl_case_a_defense3_fixed_ack_delay1342$tind
     C tbl_case_a_defense3_fixed_ack_delay1384$tind
     D tbl_case_a_defense3_fixed_ack_delay1429$gw
     E tbl_case_a_defense3_fixed_ack_delay1429$tind
     F tbl_case_a_defense3_fixed_ack_delay1433$stats.Ingress.ctr_fresh
     G tbl_case_a_defense3_fixed_ack_delay1433$tind
     H tbl_case_a_defense3_fixed_ack_delay1449$tind
     I tbl_case_a_defense3_fixed_ack_delay1453$gw
     J tbl_case_a_defense3_fixed_ack_delay1453$tind
     K tbl_case_a_defense3_fixed_ack_delay1457$gw
     L tbl_case_a_defense3_fixed_ack_delay1457$tind
     M tbl_case_a_defense3_fixed_ack_delay1461$tind
     N tbl_case_a_defense3_fixed_ack_delay1463$stats.Ingress.ctr_deq
     O tbl_case_a_defense3_fixed_ack_delay1463$tind
     P tbl_drop_pkt_2$tind
     Q tbl_drop_pkt_3$tind
     R tbl_to_block_1$tind
     S tbl_to_fwd_1$gw
     T tbl_to_fwd_1$tind
     U tbl_to_fwd_2$tind
     V tbl_to_fwd_3$tind
  
can't place tbl_to_fwd_4 in stage 7 : ran out of memories: too many tables total
can't place tbl_case_a_defense3_fixed_ack_delay1482 in stage 7 : ran out of memories: too many tables total
can't place tbl_to_fwd in stage 7 : ran out of memories: too many tables total
can't place tbl_case_a_defense3_fixed_ack_delay1375 in stage 7 : ran out of memories: too many tables total
can't place tbl_to_hold in stage 7 : ran out of memories: too many tables total
can't place tbl_arm_clone in stage 7 : ran out of memories: too many tables total
can't place tbl_case_a_defense3_fixed_ack_delay1411 in stage 7 : ran out of memories: too many tables total
Stage 8
  exact ixbar groups                  ternary ixbar groups
  D0D1A0C1B0......E0E1E2E3F0......  .......... .. ..........
  ................................  .......... .. ..........
  ................................  .......... .. ..........
  ................................  .......... .. ..........
  ................................  .......... .. ..........
  ................................  .......... .. ..........
  ................................
  ................................
     A B10 (tbl_case_a_defense3_fixed_ack_delay1482$gw, tbl_to_fwd_5$gw)
     B B11 (tbl_case_a_defense3_fixed_ack_delay1492$gw)
     C H6 (tbl_case_a_defense3_fixed_ack_delay1365$gw)
     D H7 (tbl_case_a_defense3_fixed_ack_delay1411$gw, tbl_case_a_defense3_fixed_ack_delay1413$gw, tbl_to_hold$gw)
     E W5 (tbl_case_a_defense3_fixed_ack_delay1506$salu)
     F W6 (tbl_case_a_defense3_fixed_ack_delay1506$gw)
  hash select bits  Groups  hd  /- hash dist bits --- (Groups: -1 -1)
  .... ............  .0000  ... ................................................
  .... ............  .0000  ... ................................................
  .... ............  .0000  ... ................................................
  .... ............  .0000  ... ................................................
  .... ............  .0000  ... ................................................
  .... ............  .0000  ... ................................................
  .... ............  .0000  ... ................................................
  .... ............  .0000  ... ................................................
  .... ............         ... ................................................
  .... ............         ... ................................................
  .... ............         ... ................................................
  .... ............         ... ................................................
  .... ............         ... ................................................
  .... ............         ... ................................................
  .... ............         ... ................................................
  .... ............         ... ................................................
  
  tc  sb  rb  tib ab  st  srams       mapram  ov  gw pay 2p
  ..  ..  ..  QO  ..  ..  ..........  ......  ..  NX  ..  .
  ..  ..  ..  UY  ..  ..  ..........  ......  ..  LB  ..  .
  ..  ..  ..  WM  ..  ..  ..........  ......  ..  ZI  ..  .
  ..  ..  ..  EC  ..  ..  ..........  ......  ..  GR  ..  .
  ..  ..  ..  VF  ..  ..  ....DD....  DD....  ..  ..  ..  .
  ..  ..  ..  aK  ..  ..  ..........  ......  ..  ..  ..  .
  ..  ..  ..  JA  ..  ..  ....PP....  PP....  ..  ..  ..  .
  ..  ..  ..  HT  ..  ..  ....SS....  SS....  ..  ..  ..  .
  ..                                                      
  ..                                                      
  ..                                                      
  ..                                                      
     A tbl_arm_clone$tind
     B tbl_case_a_defense3_fixed_ack_delay1365$gw
     C tbl_case_a_defense3_fixed_ack_delay1365$tind
     D tbl_case_a_defense3_fixed_ack_delay1367$stats.Ingress.ctr_fresh
     E tbl_case_a_defense3_fixed_ack_delay1367$tind
     F tbl_case_a_defense3_fixed_ack_delay1375$tind
     G tbl_case_a_defense3_fixed_ack_delay1411$gw
     H tbl_case_a_defense3_fixed_ack_delay1411$tind
     I tbl_case_a_defense3_fixed_ack_delay1413$gw
     J tbl_case_a_defense3_fixed_ack_delay1413$tind
     K tbl_case_a_defense3_fixed_ack_delay1421$tind
     L tbl_case_a_defense3_fixed_ack_delay1482$gw
     M tbl_case_a_defense3_fixed_ack_delay1482$tind
     N tbl_case_a_defense3_fixed_ack_delay1492$gw
     O tbl_case_a_defense3_fixed_ack_delay1492$tind
     P tbl_case_a_defense3_fixed_ack_delay1493$stats.Ingress.ctr_deq
     Q tbl_case_a_defense3_fixed_ack_delay1493$tind
     R tbl_case_a_defense3_fixed_ack_delay1506$gw
     S tbl_case_a_defense3_fixed_ack_delay1506$salu.Ingress.reg_ts_block_term
     T tbl_case_a_defense3_fixed_ack_delay1506$tind
     U tbl_drop_pkt_4$tind
     V tbl_to_fwd$tind
     W tbl_to_fwd_4$tind
     X tbl_to_fwd_5$gw
     Y tbl_to_fwd_5$tind
     Z tbl_to_hold$gw
     a tbl_to_hold$tind
  
can't place tbl_case_a_defense3_fixed_ack_delay1504 in stage 8 : ran out of memories: too many tables total
can't place tbl_case_a_defense3_fixed_ack_delay1505 in stage 8 : ran out of memories: too many tables total
Stage 9
  exact ixbar groups                  ternary ixbar groups
  B0A0............C0C1C2C3........  .......... .. ..........
  ................C0C1C2C3........  .......... .. ..........
  ................................  .......... .. ..........
  ................................  .......... .. ..........
  ................................  .......... .. ..........
  ................................  .......... .. ..........
  ................................
  ................................
     A B15 (tbl_case_a_defense3_fixed_ack_delay1504$gw)
     B W3 (tbl_case_a_defense3_fixed_ack_delay1505$gw)
     C W5 (tbl_case_a_defense3_fixed_ack_delay1504$salu, tbl_case_a_defense3_fixed_ack_delay1505$salu)
  hash select bits  Groups  hd  /- hash dist bits --- (Groups: -1 -1)
  .... ............  .0000  ... ................................................
  .... ............  .0000  ... ................................................
  .... ............  .0000  ... ................................................
  .... ............  .0000  ... ................................................
  .... ............  .0000  ... ................................................
  .... ............  .0000  ... ................................................
  .... ............  .0000  ... ................................................
  .... ............  .0000  ... ................................................
  .... ............         ... ................................................
  .... ............         ... ................................................
  .... ............         ... ................................................
  .... ............         ... ................................................
  .... ............         ... ................................................
  .... ............         ... ................................................
  .... ............         ... ................................................
  .... ............         ... ................................................
  
  tc  sb  rb  tib ab  st  srams       mapram  ov  gw pay 2p
  ..  ..  ..  FC  ..  ..  ..........  ......  ..  DA  ..  .
  ..  ..  ..  ..  ..  ..  ..........  ......  ..  ..  ..  .
  ..  ..  ..  ..  ..  ..  ..........  ......  ..  ..  ..  .
  ..  ..  ..  ..  ..  ..  ..........  ......  ..  ..  ..  .
  ..  ..  ..  ..  ..  ..  ..........  ......  ..  ..  ..  .
  ..  ..  ..  ..  ..  ..  ....BB....  BB....  ..  ..  ..  .
  ..  ..  ..  ..  ..  ..  ..........  ......  ..  ..  ..  .
  ..  ..  ..  ..  ..  ..  ....EE....  EE....  ..  ..  ..  .
  ..                                                      
  ..                                                      
  ..                                                      
  ..                                                      
     A tbl_case_a_defense3_fixed_ack_delay1504$gw
     B tbl_case_a_defense3_fixed_ack_delay1504$salu.Ingress.reg_ts_first_block
     C tbl_case_a_defense3_fixed_ack_delay1504$tind
     D tbl_case_a_defense3_fixed_ack_delay1505$gw
     E tbl_case_a_defense3_fixed_ack_delay1505$salu.Ingress.reg_ts_ack_arm
     F tbl_case_a_defense3_fixed_ack_delay1505$tind
  
Table tbl_txn_active_0 delayed to stage 4 from stage 3
  stage 3: dependency (IXBAR_READ) on tbl_case_a_defense3_fixed_ack_delay1284 in stage 2
  stage 2: dependency (ANTI_NEXT_TABLE_METADATA) on tbl_case_a_defense3_fixed_ack_delay1237 in stage 1
  stage 2: dependency (ANTI_NEXT_TABLE_METADATA) on tbl_case_a_defense3_fixed_ack_delay1240 in stage 1
  stage 1: dependency (CONTROL_COND_FALSE) on tbl_case_a_defense3_fixed_ack_delay1212 in stage 0
  stage 1: dependency (ANTI_NEXT_TABLE_METADATA) on tbl_build_now_0 in stage 1
  stage 1: dependency (ANTI_NEXT_TABLE_METADATA) on tbl_build_exp_ack_0 in stage 1
  - preferred tbl_case_a_defense3_fixed_ack_delay1268(earlier stage calculated) over 512 of tbl_txn_active_0 in stage 3
  - preferred tbl_state_decode_0(fewer total dependencies in dominance frontier) over 512 of tbl_txn_active_0 in stage 3
  - preferred tbl_case_a_defense3_fixed_ack_delay1329(direct control dependency difference) over 1 of tbl_to_fwd in stage 6
  - preferred tbl_case_a_defense3_fixed_ack_delay1333(longer downward prop control-included dependence tail chain) over 1 of tbl_to_fwd in stage 7
  - preferred tbl_case_a_defense3_fixed_ack_delay1337(direct control dependency difference) over 1 of tbl_to_fwd in stage 6
  - preferred tbl_case_a_defense3_fixed_ack_delay1342(longer downward prop control-included dependence tail chain) over 1 of tbl_to_fwd in stage 7
  - preferred tbl_case_a_defense3_fixed_ack_delay1449(longer downward prop control-included dependence tail chain) over 1 of tbl_to_fwd in stage 7
  - preferred tbl_case_a_defense3_fixed_ack_delay1453(longer downward prop control-included dependence tail chain) over 1 of tbl_to_fwd in stage 7
  - preferred tbl_drop_pkt_0(direct control dependency difference) over 1 of tbl_to_fwd in stage 6
  - preferred tbl_case_a_defense3_fixed_ack_delay1329(direct control dependency difference) over 1 of tbl_case_a_defense3_fixed_ack_delay1375 in stage 6
  - preferred tbl_case_a_defense3_fixed_ack_delay1333(longer downward prop control-included dependence tail chain) over 1 of tbl_case_a_defense3_fixed_ack_delay1375 in stage 7
  - preferred tbl_case_a_defense3_fixed_ack_delay1337(direct control dependency difference) over 1 of tbl_case_a_defense3_fixed_ack_delay1375 in stage 6
  - preferred tbl_case_a_defense3_fixed_ack_delay1342(longer downward prop control-included dependence tail chain) over 1 of tbl_case_a_defense3_fixed_ack_delay1375 in stage 7
  - preferred tbl_case_a_defense3_fixed_ack_delay1449(longer downward prop control-included dependence tail chain) over 1 of tbl_case_a_defense3_fixed_ack_delay1375 in stage 7
  - preferred tbl_case_a_defense3_fixed_ack_delay1453(longer downward prop control-included dependence tail chain) over 1 of tbl_case_a_defense3_fixed_ack_delay1375 in stage 7
  - preferred tbl_drop_pkt_0(direct control dependency difference) over 1 of tbl_case_a_defense3_fixed_ack_delay1375 in stage 6
  - preferred cond-59(longer downward prop control-included dependence tail chain) over 1 of tbl_to_fwd_4 in stage 6
  - preferred tbl_drop_pkt_1(longer downward prop control-included dependence tail chain) over 1 of tbl_to_fwd_4 in stage 6
