/home/philip/Projects/DNP3/defense4/timing/response_ready/evidence/case4_recovery_core_build_06/defense4_timing.p4(2231): [--Wwarn=unused] warning: Table tbl_expected_ack is not used; removing
    table tbl_expected_ack {
          ^^^^^^^^^^^^^^^^
/home/philip/Projects/DNP3/defense4/timing/response_ready/evidence/case4_recovery_core_build_06/defense4_timing.p4(2416): [--Wwarn=unused] warning: ts_first_block_w: unused instance
    RegisterAction<bit<32>, bit<1>, bit<32>>(reg_ts_first_block) ts_first_block_w = {
                                                                 ^^^^^^^^^^^^^^^^
/home/philip/Projects/DNP3/defense4/timing/response_ready/evidence/case4_recovery_core_build_06/defense4_timing.p4(2420): [--Wwarn=unused] warning: ts_ack_arm_w: unused instance
    RegisterAction<bit<32>, bit<1>, bit<32>>(reg_ts_ack_arm) ts_ack_arm_w = {
                                                             ^^^^^^^^^^^^
/home/philip/Projects/DNP3/defense4/timing/response_ready/evidence/case4_recovery_core_build_06/defense4_timing.p4(2424): [--Wwarn=unused] warning: ts_block_term_w: unused instance
    RegisterAction<bit<32>, bit<1>, bit<32>>(reg_ts_block_term) ts_block_term_w = {
                                                                ^^^^^^^^^^^^^^^
/home/philip/Projects/DNP3/defense4/timing/response_ready/evidence/case4_recovery_core_build_06/defense4_timing.p4(2432): [--Wwarn=unused] warning: ts_ack_release_w: unused instance
    RegisterAction<bit<32>, bit<1>, bit<32>>(reg_ts_ack_release) ts_ack_release_w = {
                                                                 ^^^^^^^^^^^^^^^^
/home/philip/Projects/DNP3/defense4/timing/response_ready/evidence/case4_recovery_core_build_06/defense4_timing.p4(2543): [--Wwarn=unused] warning: ctr_fresh: unused instance
    Counter<bit<64>, bit<8>>(32, CounterType_t.PACKETS) ctr_fresh; /* CF_* slots */
                                                        ^^^^^^^^^
/home/philip/Projects/DNP3/defense4/timing/response_ready/evidence/case4_recovery_core_build_06/defense4_timing.p4(2544): [--Wwarn=unused] warning: ctr_deq: unused instance
    Counter<bit<64>, bit<8>>(16, CounterType_t.PACKETS) ctr_deq; /* CD_* slots */
                                                        ^^^^^^^
/home/philip/Projects/DNP3/defense4/timing/response_ready/evidence/case4_recovery_core_build_06/defense4_timing.p4(2702): [--Wwarn=unused] warning: Table tbl_held_owner is not used; removing
    table tbl_held_owner {
          ^^^^^^^^^^^^^^
/home/philip/Projects/DNP3/defense4/timing/response_ready/evidence/case4_recovery_core_build_06/defense4_timing.p4(2716): [--Wwarn=unused] warning: Table tbl_commit is not used; removing
    table tbl_commit {
          ^^^^^^^^^^
/home/philip/Projects/DNP3/defense4/timing/response_ready/evidence/case4_recovery_core_build_06/defense4_timing.p4(945): [--Wwarn=uninitialized_out_param] warning: out parameter 'meta' may be uninitialized when 'IgParser' terminates
                out ig_meta_t meta,
                              ^^^^
/home/philip/Projects/DNP3/defense4/timing/response_ready/evidence/case4_recovery_core_build_06/defense4_timing.p4(943)
parser IgParser(packet_in pkt,
       ^^^^^^^^
warning: Parser state min_parse_depth_accept_loop will be unrolled up to 3 times due to @pragma max_loop_depth.
warning: Parser state min_parse_depth_accept_loop will be unrolled up to 3 times due to @pragma max_loop_depth.
[--Werror=target-error] error: 
Conditions in an action must be simple comparisons of an action data parameter
Try moving the test out of the action and into a control apply block, or making it part of the table key
[--Werror=target-error] error: 
Conditions in an action must be simple comparisons of an action data parameter
Try moving the test out of the action and into a control apply block, or making it part of the table key
Number of errors exceeded set maximum of 1


2 errors, 12 warnings generated.

