test_drain_completion_requires_matching_cookie_and_zero_originals (test_case4_drain_reset.DrainReset) ... ok
test_generated_cookie_has_one_parser_assignment (test_case4_drain_reset.DrainReset) ... ok
test_internal_instrumentation_is_bounded_and_has_no_wire_claim (test_case4_drain_reset.DrainReset) ... ok
test_operate_commit_gate_preserves_historical_release_and_wait_phase (test_case4_drain_reset.DrainReset) ... FAIL
test_operate_return_cannot_release_before_its_deadline (test_case4_drain_reset.DrainReset) ... ok
test_original_mask_add_remove_conserve_cookie (test_case4_drain_reset.DrainReset) ... ok
test_qualified_reset_aborts_owner_without_affecting_normal_read (test_case4_drain_reset.DrainReset) ... ok
test_quarantine_cannot_overwrite_trackers (test_case4_drain_reset.DrainReset) ... ok
test_raw_prefix_and_bad_proof_cannot_mutate_case4 (test_case4_drain_reset.DrainReset) ... ok
test_reset_requires_validated_connection_and_sequence (test_case4_drain_reset.DrainReset) ... ok
test_retirement_quarantines_until_count_qualified_completion (test_case4_drain_reset.DrainReset) ... ok

======================================================================
FAIL: test_operate_commit_gate_preserves_historical_release_and_wait_phase (test_case4_drain_reset.DrainReset)
----------------------------------------------------------------------
Traceback (most recent call last):
  File "/home/philip/Projects/DNP3/defense4/timing/response_ready/tests/test_case4_drain_reset.py", line 54, in test_operate_commit_gate_preserves_historical_release_and_wait_phase
    self.assertTrue('table tbl_case4_bor_commit' in self.s, 'BOR commit guard missing')
AssertionError: False is not true : BOR commit guard missing

----------------------------------------------------------------------
Ran 11 tests in 0.115s

FAILED (failures=1)
