test_duplicate_ack_never_creates_second_original (test_case4_drain_parity.DrainParity) ... FAIL
test_quarantine_waits_for_both_originals_and_matching_completion (test_case4_drain_parity.DrainParity) ... FAIL

======================================================================
FAIL: test_duplicate_ack_never_creates_second_original (test_case4_drain_parity.DrainParity)
----------------------------------------------------------------------
Traceback (most recent call last):
  File "/home/philip/Projects/DNP3/defense4/timing/framework/tests/test_case4_drain_parity.py", line 14, in test_duplicate_ack_never_creates_second_original
    self.assertEqual(len(s.held_packets['ACK']),1)
AssertionError: 2 != 1

======================================================================
FAIL: test_quarantine_waits_for_both_originals_and_matching_completion (test_case4_drain_parity.DrainParity)
----------------------------------------------------------------------
Traceback (most recent call last):
  File "/home/philip/Projects/DNP3/defense4/timing/framework/tests/test_case4_drain_parity.py", line 24, in test_quarantine_waits_for_both_originals_and_matching_completion
    self.assertEqual(s.request(4*MS,raw=wire('REQ',seq=2000)), 'OUT_ARM_BUSY')
AssertionError: 'OUT_ARM_FRESH' != 'OUT_ARM_BUSY'
- OUT_ARM_FRESH
+ OUT_ARM_BUSY


----------------------------------------------------------------------
Ran 2 tests in 0.406s

FAILED (failures=2)
