test_corruption_outlier_not_dropped (test_analysis.AnalysisTests) ... ok
test_full_requires_four_das_and_unknown_outliers_count (test_analysis.AnalysisTests) ... ok
test_loss_retained_and_coverage (test_analysis.AnalysisTests) ... ok
test_missing_normal_is_retained (test_analysis.AnalysisTests) ... ok
test_observed_latency_stats_keep_available_timestamps (test_analysis.AnalysisTests) ... ok
test_profile_floors_cannot_be_lowered (test_analysis.AnalysisTests) ... ok
test_reject_invalid (test_analysis.AnalysisTests) ... ok
test_separate_groups_and_sample_variance (test_analysis.AnalysisTests) ... ok
test_full_manifest_and_retransmit_gates (test_analysis.CampaignEvidenceTests) ... ok
test_smoke_separate_and_order_failure_retained (test_analysis.CampaignEvidenceTests) ... ok
test_eight_stages_and_missing_bor_failed_compile (test_build_gate.BuildGateTests) ... ok
test_stale_source_or_snapshot (test_build_gate.BuildGateTests) ... ok
test_tampered_context_or_bfrt (test_build_gate.BuildGateTests) ... ok
test_valid_seven_retained_or_output (test_build_gate.BuildGateTests) ... ok
test_wrong_final_report_even_with_old_seven (test_build_gate.BuildGateTests) ... ok
test_ack_and_historical_disabled_policy_do_not_use_app_fields (test_case4_association.ApplicationAssociation) ... ok
test_busy_owner_cannot_overwrite_application_identity (test_case4_association.ApplicationAssociation) ... ok
test_every_wrong_application_sequence_is_rejected (test_case4_association.ApplicationAssociation) ... ok
test_guard_runs_before_response_mark_and_state_decode (test_case4_association.ApplicationAssociation) ... ok
test_zero_sequence_is_written_after_wrap (test_case4_association.ApplicationAssociation) ... ok
test_9132_build_eligibility_is_explicit_and_never_deployment_authorization (test_case4_build_gate.Case4BuildGate) ... ok
test_cli_explicit_profile_accepts_real_target_limit (test_case4_build_gate.Case4BuildGate) ... ok
test_compiler_manifest_must_match_target_and_architecture (test_case4_build_gate.Case4BuildGate) ... ok
test_default_seven_stage_gate_is_unchanged (test_case4_build_gate.Case4BuildGate) ... ok
test_missing_or_tampered_resources_fail (test_case4_build_gate.Case4BuildGate) ... ok
test_target_compiler_register_and_salu_mismatches_fail (test_case4_build_gate.Case4BuildGate) ... ok
test_thirteen_stage_candidate_is_refused (test_case4_build_gate.Case4BuildGate) ... ok
test_constant_entries_cannot_exceed_compiled_table_capacity (test_case4_build_gate.Case4ConstCapacity) ... ok
test_empty_phv_report_is_a_failed_gate_not_an_exception (test_case4_build_gate.Case4ReportFailures) ... ok
test_wrong_resource_run_identity_is_rejected_even_with_updated_hash (test_case4_build_gate.Case4ReportFailures) ... ok
test_drain_completion_requires_matching_cookie_and_zero_originals (test_case4_drain_reset.DrainReset) ... ok
test_generated_cookie_has_one_parser_assignment (test_case4_drain_reset.DrainReset) ... ok
test_internal_instrumentation_is_bounded_and_has_no_wire_claim (test_case4_drain_reset.DrainReset) ... ok
test_operate_commit_gate_preserves_historical_release_and_wait_phase (test_case4_drain_reset.DrainReset) ... ok
test_operate_return_cannot_release_before_its_deadline (test_case4_drain_reset.DrainReset) ... ok
test_original_mask_add_remove_conserve_cookie (test_case4_drain_reset.DrainReset) ... ok
test_original_mask_parser_default_does_not_invent_credit (test_case4_drain_reset.DrainReset) ... ok
test_qualified_reset_aborts_owner_without_affecting_normal_read (test_case4_drain_reset.DrainReset) ... ok
test_quarantine_cannot_overwrite_trackers (test_case4_drain_reset.DrainReset) ... ok
test_raw_prefix_and_bad_proof_cannot_mutate_case4 (test_case4_drain_reset.DrainReset) ... ok
test_reset_requires_validated_connection_and_sequence (test_case4_drain_reset.DrainReset) ... ok
test_retirement_quarantines_until_count_qualified_completion (test_case4_drain_reset.DrainReset) ... ok
test_data_parser_requires_ack_bit (test_case4_duplicate.DuplicateResponse) ... ok
test_pending_associated_response_is_suppressed_in_case4 (test_case4_duplicate.DuplicateResponse) ... ok
test_both_reservoirs_absent_pulse_still_retires_owner (test_case4_expiry.IndependentExpiry) ... ok
test_expiry_register_uses_nanoseconds_across_wrap (test_case4_expiry.IndependentExpiry) ... ok
test_post_ack_gap_is_not_cut_by_readiness_expiry (test_case4_expiry.IndependentExpiry) ... ok
test_pulse_is_internal_and_carries_full_owner_cookie (test_case4_expiry.IndependentExpiry) ... ok
test_stale_scan_cannot_retire_a_newly_committed_ack_gap (test_case4_expiry.IndependentExpiry) ... ok
test_unarmed_before_deadline_disabled_or_idle_pulse_drops (test_case4_expiry.IndependentExpiry) ... ok
test_ack_requires_response_or_explicit_expiry (test_case4_held_release.HeldRelease) ... ok
test_lost_ack_reservoir_does_not_release_before_deadline (test_case4_held_release.HeldRelease) ... ok
test_lost_response_reservoir_preserves_full_gap (test_case4_held_release.HeldRelease) ... ok
test_only_commit_pass_retires_response_owner (test_case4_held_release.HeldRelease) ... ok
test_retired_owner_flushes_native_without_rearming_gap (test_case4_held_release.HeldRelease) ... ok
test_stale_commit_cannot_forward (test_case4_held_release.HeldRelease) ... ok
test_busy_owner_cannot_prepare_or_arm_control_state (test_case4_operate_repair.OperateRepair) ... ok
test_held_duplicate_drops_but_released_repair_forwards (test_case4_operate_repair.OperateRepair) ... ok
test_matching_release_marks_all_application_sequences (test_case4_operate_repair.OperateRepair) ... ok
test_repair_verdict_alone_cannot_admit_unqualified_traffic (test_case4_operate_repair.OperateRepair) ... ok
test_stale_release_does_not_mark_other_generation (test_case4_operate_repair.OperateRepair) ... ok
test_bad_port_counts_once_and_drops (test_commit_parity.CommitParity) ... ok
test_every_terminal_row_effect_and_count (test_commit_parity.CommitParity) ... ok
test_indexed_counter_contract_is_explicit (test_commit_parity.CommitParity) ... ok
test_wrong_queue_and_double_count_mutations_fail (test_commit_parity.CommitParity) ... ok
test_apply_sdk_surface_backup_and_readback_failure (test_control.ApplyTests) ... ok
test_apply_requires_guards_before_connection (test_control.ControlTests) ... ok
test_fixed_plan (test_control.ControlTests) ... ok
test_readback_strict_and_bfrt_wrapper (test_control.ControlTests) ... ok
test_schema_exact (test_control.ControlTests) ... ok
test_exact_raw_digest_maps_observed_internal_event (test_observation_digest.DigestDecode) ... ok
test_pulse_zero_tuple_is_retained_without_inference (test_observation_digest.DigestDecode) ... ok
test_truncated_unknown_event_or_identity_alias_refused (test_observation_digest.DigestDecode) ... ok
test_busy_request_blocks_tracker_writes (test_p4_recovery.RecoveryGates) ... ok
test_cookie_exhaustion_never_reuses_identity (test_p4_recovery.RecoveryGates) ... ok
test_enabled_watchdog_priority_and_domain (test_p4_recovery.RecoveryGates) ... ok
test_guarded_tracker_tables_use_admission_prestate (test_p4_recovery.RecoveryGates) ... ok
test_integrated_pending_release_and_duplicate_return (test_p4_recovery.RecoveryGates) ... ok
test_old_trigger_cookie_is_rejected_after_generation_alias (test_p4_recovery.RecoveryGates) ... ok
test_pending_retransmission_after_watchdog_bypasses (test_p4_recovery.RecoveryGates) ... ok
test_pending_timeout_then_next_request (test_p4_recovery.RecoveryGates) ... ok
test_retirement_predicate_mutation_detected (test_p4_recovery.RecoveryGates) ... ok
test_shim_table_does_not_rewrite_blockers (test_p4_recovery.RecoveryGates) ... ok
test_stale_returns_do_not_retire_new_owner (test_p4_recovery.RecoveryGates) ... ok
test_timeout_note_terminates_in_every_mode (test_p4_recovery.RecoveryGates)
A budget-zero token must leave the block queue for good, in every mode and both lanes. ... ok
test_watchdog_rearms_only_after_originals_complete (test_p4_recovery.RecoveryGates) ... ok
test_disabled_parity (test_p4_release.ReleaseTables) ... ok
test_fresh_request_disarms (test_p4_release.ReleaseTables) ... ok
test_live_blocker_waits_even_after_deadline (test_p4_release.ReleaseTables) ... ok
test_native_ack_does_not_arm (test_p4_release.ReleaseTables) ... ok
test_pending_requires_deadline (test_p4_release.ReleaseTables) ... ok
test_qualified_return_arms (test_p4_release.ReleaseTables) ... ok
test_release_mutations_are_detected (test_p4_release.ReleaseTables) ... ok
test_response_focused_mode_arms_on_the_fresh_ack (test_p4_release.ReleaseTables) ... ok
test_return_deadline_arms_once_across_wrap (test_p4_release.ReleaseTables) ... ok
test_watchdog_live_and_pending (test_p4_release.ReleaseTables) ... ok
test_every_const_table_has_room_for_its_entries (test_table_capacity.Capacity) ... ok
test_the_scan_catches_the_defect_that_the_hardware_found (test_table_capacity.Capacity) ... ok

----------------------------------------------------------------------
Ran 98 tests in 8.290s

OK
