### SR1_SR2_SR3_SR4 placement-thrash excerpt from table_placement_7.log
3757216:    too many tables total
3757226:    too many tables total
3757247:    too many tables total
3757257:    too many tables total
3757281:    too many tables total
3757291:    too many tables total
3757312:    too many tables total
3757322:    too many tables total
3757346:    too many tables total
3757356:    too many tables total
3757377:    too many tables total
3757387:    too many tables total
3757411:    too many tables total
3757421:    too many tables total
3757442:    too many tables total
3757452:    too many tables total
3757475:    too many tables total
3757485:    too many tables total
3757506:    too many tables total
3757516:    too many tables total
--- final alloc block (table_summary) ---
475:  Number of stages for egress table allocation: 3
476:Critical path length through the table dependency graph: 11
478:Number of tables allocated: 143
629:Table allocation done 5 time(s), state = REDO_PHV2
631:  Number of stages for ingress table allocation: 13
632:  Number of stages for egress table allocation: 3
633:Critical path length through the table dependency graph: 11
634:Number of tables allocated: 143
