/tmp/case4_response_path.p4(140): [--Wwarn=uninitialized_out_param] warning: out parameter 'm' may be uninitialized when 'IgParser' terminates
parser IgParser(packet_in pkt, out headers_t hdr, out meta_t m, out ingress_intrinsic_metadata_t ig) {
                                                             ^
/tmp/case4_response_path.p4(140)
parser IgParser(packet_in pkt, out headers_t hdr, out meta_t m, out ingress_intrinsic_metadata_t ig) {
       ^^^^^^^^
/tmp/case4_response_path.p4(156): [--Wwarn=uninitialized_out_param] warning: out parameter 'm' may be uninitialized when 'EgParser' terminates
parser EgParser(packet_in pkt, out headers_t hdr, out meta_t m, out egress_intrinsic_metadata_t eg) {
                                                             ^
/tmp/case4_response_path.p4(156)
parser EgParser(packet_in pkt, out headers_t hdr, out meta_t m, out egress_intrinsic_metadata_t eg) {
       ^^^^^^^^
/tmp/case4_response_path.p4(229): warning: Expected single call to get for hash instance 'Egress.widen_len'.Control plane API is not generated for this hash call
    Hash<bit<32>>(HashAlgorithm_t.IDENTITY) widen_len;
                                            ^^^^^^^^^
/tmp/case4_response_path.p4(229): warning: Expected single call to get for hash instance 'Egress.widen_len'.Control plane API is not generated for this hash call
    Hash<bit<32>>(HashAlgorithm_t.IDENTITY) widen_len;
                                            ^^^^^^^^^
warning: Parser state min_parse_depth_accept_loop will be unrolled up to 3 times due to @pragma max_loop_depth.
warning: Parser state min_parse_depth_accept_loop will be unrolled up to 3 times due to @pragma max_loop_depth.

0 errors, 6 warnings generated.

30.32user 0.80system 0:25.22elapsed 123%CPU (0avgtext+0avgdata 242220maxresident)k
0inputs+62160outputs (0major+90599minor)pagefaults 0swaps
EXIT=0

--- table_summary.log excerpt (Number of stages in table allocation) ---
Number of stages in table allocation: 12
  Number of stages for ingress table allocation: 1
  Number of stages for egress table allocation: 12
Critical path length through the table dependency graph: 11
Number of tables allocated: 48
