Table allocation done 1 time(s), state = INITIAL
Number of stages in table allocation: 3
  Number of stages for ingress table allocation: 3
  Number of stages for egress table allocation: 0
Critical path length through the table dependency graph: 3
Number of tables allocated: 17
+-------+-----------------+-----------------------------+
| Stage | Min / Max Stage |         Table Name          |
+-------+-----------------+-----------------------------+
|   0   |    [ -, - ]     |       tbl_drop_pkt_1        |
|   0   |    [ -, - ]     | tbl_ibspg_dequeue_oracle189 |
|   0   |   [ 0, 11 ]     |        tbl_drop_pkt         |
|   0   |   [ 0, 11 ]     | tbl_ibspg_dequeue_oracle169 |
|   0   |   [ 0, 11 ]     | tbl_ibspg_dequeue_oracle179 |
|   0   |   [ 0, 11 ]     |        tbl_to_block         |
|   0   |   [ 0, 11 ]     | tbl_ibspg_dequeue_oracle182 |
|   0   |   [ 0, 11 ]     |       tbl_drop_pkt_0        |
|   0   |   [ 0, 11 ]     |         tbl_to_hold         |
|   1   |   [ 1, 10 ]     | tbl_ibspg_dequeue_oracle198 |
|   2   |   [ 2, 11 ]     | tbl_ibspg_dequeue_oracle205 |
|   2   |   [ 2, 11 ]     | tbl_ibspg_dequeue_oracle204 |
|   2   |   [ 2, 11 ]     | tbl_ibspg_dequeue_oracle203 |
|   2   |   [ 2, 11 ]     | tbl_ibspg_dequeue_oracle212 |
|   2   |   [ 2, 11 ]     | tbl_ibspg_dequeue_oracle211 |
|   2   |   [ 2, 11 ]     | tbl_ibspg_dequeue_oracle208 |
|   2   |   [ 2, 11 ]     | tbl_ibspg_dequeue_oracle209 |
+-------+-----------------+-----------------------------+

NOTES:  - A '*' next to the min / max stage column indicates the table is placed outside its allowed scope

