Table allocation done 1 time(s), state = INITIAL
Number of stages in table allocation: 11
  Number of stages for ingress table allocation: 11
  Number of stages for egress table allocation: 0
Critical path length through the table dependency graph: 9
Number of tables allocated: 57
+-------+-----------------+-----------------------------+
| Stage | Min / Max Stage |         Table Name          |
+-------+-----------------+-----------------------------+
|   0   |    [ 0, 3 ]     |       Ingress.params        |
|   0   |    [ 0, 4 ]     |        Ingress.clock        |
|   0   |    [ 0, 5 ]     |  tbl_read_queue_timing813   |
|   0   |    [ 0, 4 ]     |           cond-22           |
|   1   |    [ 1, 4 ]     |     tbl_read_quarantine     |
|   1   |    [ 1, 5 ]     |    tbl_reset_quarantine     |
|   2   |    [ 2, 5 ]     |     Ingress.gen_access      |
|   2   |    [ 2, 5 ]     |      Ingress.t0_access      |
|   2   |    [ 2, 5 ]     |    Ingress.epoch_access     |
|   2   |    [ -, - ]     |           cond-24           |
|   2   |    [ -, - ]     |           cond-26           |
|   2   |    [ -, - ]     |  tbl_read_queue_timing850   |
|   2   |    [ -, - ]     |      tbl_held_offsets       |
|   2   |    [ -, - ]     |  tbl_read_queue_timing877   |
|   2   |    [ 2, 6 ]     |        tbl_op_offset        |
|   2   |    [ 2, 9 ]     |  tbl_read_queue_timing841   |
|   2   |   [ 2, 10 ]     |    tbl_reset_bump_op_gen    |
|   2   |   [ 2, 10 ]     |        tbl_unmatched        |
|   2   |   [ 2, 11 ]     |   tbl_admit_operate_held    |
|   2   |   [ 2, 11 ]     |       tbl_drop_clone        |
|   3   |    [ 2, 5 ]     |  tbl_read_queue_timing878   |
|   3   |    [ 3, 6 ]     |     tbl_read_lgen_diff      |
|   3   |    [ 3, 6 ]     | tbl_compute_readiness_delta |
|   3   |    [ 3, 6 ]     |    tbl_compute_da_delta     |
|   3   |    [ 3, 6 ]     |       tbl_read_seen2        |
|   3   |    [ 3, 6 ]     |       tbl_read_seen1        |
|   3   |    [ 3, 6 ]     |       tbl_read_seen0        |
|   3   |    [ 3, 7 ]     |      tbl_op_lgen_diff       |
|   3   |    [ 3, 9 ]     |       tbl_token_diffs       |
|   3   |   [ 2, 10 ]     |  tbl_read_queue_timing842   |
|   3   |    [ 3, 9 ]     |           cond-27           |
|   3   |    [ 3, 9 ]     |  tbl_read_queue_timing836   |
|   3   |    [ 3, 9 ]     |  tbl_read_queue_timing837   |
|   3   |    [ 3, 9 ]     |  tbl_read_queue_timing838   |
|   4   |    [ 3, 6 ]     |  tbl_compute_op_t0_masked   |
|   4   |    [ -, - ]     |    Ingress.ack_go_check     |
|   4   |   [ 4, 10 ]     |    Ingress.token_verdict    |
|   5   |    [ 5, 9 ]     |      tbl_try_ack_done       |
|   5   |    [ 4, 7 ]     |    tbl_compute_op_delta     |
|   5   |    [ -, - ]     |      tbl_read_ack_done      |
|   6   |    [ -, - ]     |     tbl_read_commit_gen     |
|   6   |    [ 4, 7 ]     |     tbl_read_gap_delta      |
|   6   |    [ 5, 8 ]     |     Ingress.op_go_check     |
|   6   |    [ 4, 9 ]     |    tbl_read_commit_gen_0    |
|   6   |    [ 4, 9 ]     |    tbl_read_gap_delta_0     |
|   6   |   [ 6, 11 ]     |   tbl_mark_ack_commit_gen   |
|   6   |   [ 6, 11 ]     |   tbl_mark_ack_commit_at    |
|   7   |    [ 5, 8 ]     |    Ingress.resp_go_check    |
|   7   |    [ 6, 9 ]     |       tbl_try_op_done       |
|   7   |    [ 5, 9 ]     |      tbl_read_op_done       |
|   8   |    [ 4, 9 ]     |    tbl_read_resp_done_0     |
|   8   |    [ 6, 9 ]     |      tbl_try_resp_done      |
|   8   |    [ 3, 9 ]     |     tbl_read_resp_done      |
|   8   |   [ 7, 10 ]     |     Ingress.hb_verdict      |
|   9   |   [ 7, 10 ]     |    Ingress.held_verdict     |
|   9   |   [ 4, 10 ]     |     Ingress.tin_verdict     |
|  10   |   [ 8, 11 ]     |    Ingress.outcome_count    |
+-------+-----------------+-----------------------------+

NOTES:  - A '*' next to the min / max stage column indicates the table is placed outside its allowed scope

