#pipeline pipe
#stage 0
^------- -------------- -------------- ------------ --------- --------- ---- --------- ----- ---- - --- tbl_defense4_timing3239(0,2) : ingress
A^------ -------------- -------------- ------------ --------- --------- ---- --------- ----- ---- - --- tbl_params_0(0,2) : ingress
-B^----- -------------- -------------- ------------ --------- --------- ---- --------- ----- ---- - --- tbl_defense4_timing3245(0,5) : ingress
-B-^---- -------------- -------------- ------------ --------- --------- ---- --------- ----- ---- - --- tbl_read_release_params_0(0,3) : ingress
-B--^--- -------------- -------------- ------------ --------- --------- ---- --------- ----- ---- - --- tbl_build_exp_ack_0(0,4) : ingress
-B---^-- -------------- -------------- ------------ --------- --------- ---- --------- ----- ---- - --- tbl_defense4_timing3300(0,5) : ingress
-B----^- -------------- -------------- ------------ --------- --------- ---- --------- ----- ---- - --- tbl_defense4_timing3386(0,2) : ingress
-C-----^ -------------- -------------- ------------ --------- --------- ---- --------- ----- ---- - --- tbl_defense4_timing3242(0,10) : ingress
#stage 1
------D- ^------------- -------------- ------------ --------- --------- ---- --------- ----- ---- - --- tbl_defense4_timing3386_0(1,3) : ingress
-B------ -^------------ -------------- ------------ --------- --------- ---- --------- ----- ---- - --- tbl_session_0(0,3) : ingress
-BE----- --^----------- -------------- ------------ --------- --------- ---- --------- ----- ---- - --- tbl_build_now_0(1,6) : ingress
-B---F-- ---^---------- -------------- ------------ --------- --------- ---- --------- ----- ---- - --- tbl_bor_codebook_0(1,7) : ingress
-B------ ----^--------- -------------- ------------ --------- --------- ---- --------- ----- ---- - --- cond-58(0,5) : ingress
-------- ----C^-------- -------------- ------------ --------- --------- ---- --------- ----- ---- - --- tbl_defense4_timing3287(0,5) : ingress
-------- -----G^------- -------------- ------------ --------- --------- ---- --------- ----- ---- - --- tbl_defense4_timing3288(0,5) : ingress
-------- ------G^------ -------------- ------------ --------- --------- ---- --------- ----- ---- - --- tbl_defense4_timing3289(0,5) : ingress
-B------ --------^----- -------------- ------------ --------- --------- ---- --------- ----- ---- - --- tbl_bor_params_0(0,5) : ingress
-B------ -A-------^---- -------------- ------------ --------- --------- ---- --------- ----- ---- - --- cond-69(0,5) : ingress
-------- ---------G^--- -------------- ------------ --------- --------- ---- --------- ----- ---- - --- tbl_defense4_timing3358(0,5) : ingress
-------- ----------G^-- -------------- ------------ --------- --------- ---- --------- ----- ---- - --- tbl_defense4_timing3364(0,5) : ingress
-------- -----------G^- -------------- ------------ --------- --------- ---- --------- ----- ---- - --- tbl_defense4_timing3374(0,5) : ingress
-------- ---------C---^ -------------- ------------ --------- --------- ---- --------- ----- ---- - --- tbl_defense4_timing3334(0,5) : ingress
#stage 2
-------- -H-----------G ^------------- ------------ --------- --------- ---- --------- ----- ---- - --- tbl_defense4_timing3336(1,5) : ingress
-------- -H------------ G^------------ ------------ --------- --------- ---- --------- ----- ---- - --- tbl_defense4_timing3339(1,5) : ingress
-------- -H------------ -G^----------- ------------ --------- --------- ---- --------- ----- ---- - --- tbl_defense4_timing3342(1,5) : ingress
-I-F---- FF------------ ---^---------- ------------ --------- --------- ---- --------- ----- ---- - --- tbl_owner_admission_0(2,4) : ingress
-B------ -------A------ ----^--------- ------------ --------- --------- ---- --------- ----- ---- - --- cond-62(0,6) : ingress
-------- -----HHH------ ----C^-------- ------------ --------- --------- ---- --------- ----- ---- - --- tbl_defense4_timing3293(1,6) : ingress
-------- -------------- -----G^------- ------------ --------- --------- ---- --------- ----- ---- - --- tbl_defense4_timing3294(1,6) : ingress
-------- -------------- ----G--^------ ------------ --------- --------- ---- --------- ----- ---- - --- tbl_defense4_timing3297(0,6) : ingress
-------- -------------- -------G^----- ------------ --------- --------- ---- --------- ----- ---- - --- tbl_defense4_timing3298(0,6) : ingress
-------- -------------- ------G--^---- ------------ --------- --------- ---- --------- ----- ---- - --- tbl_defense4_timing3295(1,6) : ingress
-B------ -------------- ----------^--- ------------ --------- --------- ---- --------- ----- ---- - --- tbl_defense4_timing3251(0,6) : ingress
JD---F-- -E------K----- -----------^-- ------------ --------- --------- ---- --------- ----- ---- - --- tbl_random_deadlines_0(1,6) : ingress
-B------ --EE---------- ------------^- ------------ --------- --------- ---- --------- ----- ---- - --- tbl_defense4_timing3520(2,8) : ingress
-B------ -------------- -------------^ ------------ --------- --------- ---- --------- ----- ---- - --- tbl_defense4_timing3254(0,9) : ingress
#stage 3
-B-FF--- -F------------ ---F---------- ^----------- --------- --------- ---- --------- ----- ---- - --- tbl_guarded_ack_0(3,5) : ingress
-B-F---- -F------------ ---F---------- -^---------- --------- --------- ---- --------- ----- ---- - --- tbl_guarded_sport_0(3,5) : ingress
-B-F---- -------------- ---F---------- --^--------- --------- --------- ---- --------- ----- ---- - --- tbl_owner_valid_0(3,6) : ingress
-B-F---- -------------- ---F---------- ---^-------- --------- --------- ---- --------- ----- ---- - --- tbl_tracker_admission_0(3,6) : ingress
-L-E---- --E----------- -----------E-- ----^------- --------- --------- ---- --------- ----- ---- - --- tbl_build_cand_resp_0(2,7) : ingress
-L------ --E----------- -----------E-- -----^------ --------- --------- ---- --------- ----- ---- - --- tbl_build_cand_0(2,7) : ingress
-B------ --E-----E----- -----------E-- ------^----- --------- --------- ---- --------- ----- ---- - --- tbl_defense4_timing3309(2,7) : ingress
-B------ -------------- -----HHHEEF--- -------^---- --------- --------- ---- --------- ----- ---- - --- tbl_defense4_timing3507(2,7) : ingress
-------- -------------- -----HHHHHM--- -------G^--- --------- --------- ---- --------- ----- ---- - --- tbl_defense4_timing3508(2,7) : ingress
-------- -------------- -----HHHHHM--- --------G^-- --------- --------- ---- --------- ----- ---- - --- tbl_defense4_timing3509(2,7) : ingress
-------- -------------- ----------M--- ---------G^- --------- --------- ---- --------- ----- ---- - --- tbl_defense4_timing3510(2,7) : ingress
-B------ -------------- ---E---------- -----------^ --------- --------- ---- --------- ----- ---- - --- tbl_defense4_timing3388(3,10) : ingress
#stage 4
-B-F---- -F------------ ---F---------- ------------ ^-------- --------- ---- --------- ----- ---- - --- tbl_guarded_seq_0(3,5) : ingress
-B------ -------------- -----HHHEE---- ----EEE----- -^------- --------- ---- --------- ----- ---- - --- tbl_select_deadlines_0(3,8) : ingress
-B------ -------------- -----HHHEE---- ------------ --^------ --------- ---- --------- ----- ---- - --- tbl_defense4_timing3511(2,8) : ingress
-------- -------------- -----HHHHH---- ------------ --G^----- --------- ---- --------- ----- ---- - --- tbl_defense4_timing3512(2,8) : ingress
-------- -------------- -------------- ------------ ---G^---- --------- ---- --------- ----- ---- - --- tbl_defense4_timing3519(2,8) : ingress
-B------ -------------- -----HHHEE---- -------HMMF- -----^--- --------- ---- --------- ----- ---- - --- tbl_defense4_timing3522(3,8) : ingress
-------- -------------- -----HHHHH---- --------MMM- -----G^-- --------- ---- --------- ----- ---- - --- tbl_defense4_timing3523(3,8) : ingress
-------- -------------- -----HHHHH---- --------MMM- ------G^- --------- ---- --------- ----- ---- - --- tbl_defense4_timing3524(3,9) : ingress
-B------ -------------- -----HHHEE---- ------------ ----A---^ --------- ---- --------- ----- ---- - --- cond-102(2,9) : ingress
#stage 5
-------- -------------- -------------- ------------ --HHH---C ^-------- ---- --------- ----- ---- - --- tbl_defense4_timing3528(3,9) : ingress
-------- -------------- -------------- ------------ --HHH---- G^------- ---- --------- ----- ---- - --- tbl_defense4_timing3529(3,9) : ingress
-------- -------------- -------------- ------------ --------- -G^------ ---- --------- ----- ---- - --- tbl_defense4_timing3530(3,9) : ingress
-B------ ----------NOKJ NNP-------A--- FF---------- F-------- ---^----- ---- --------- ----- ---- - --- tbl_resp_authorise_0(4,6) : ingress
-------- ----------HH-- HHH----------- ------------ --------- ---G^---- ---- --------- ----- ---- - --- cond-79(4,6) : ingress
-H------ -----------JJJ -------------- ------------ --------- ----C^--- ---- --------- ----- ---- - --- tbl_defense4_timing3410(4,6) : ingress
-------- -----------JJJ -------------- ------------ --------- -----G^-- ---- --------- ----- ---- - --- tbl_defense4_timing3412(4,6) : ingress
-------- ----------HH-- HHH-------H--- ------------ --------- ----G--^- ---- --------- ----- ---- - --- tbl_defense4_timing3415(4,7) : ingress
-B-A---- ------------A- --A--HHHEE---- A-AA-------- --------- ------AA^ ---- --------- ----- ---- - --- cond-82(4,7) : ingress
#stage 6
-------- -----------JJJ -------------- --H--------- --------- ---J-JJ-C ^--- --------- ----- ---- - --- tbl_defense4_timing3435(5,7) : ingress
-H------ ----------HH-- HHH----------- ------------ --------- --------- G^-- --------- ----- ---- - --- cond-84(5,7) : ingress
---H---- -----------JJJ -------------- ---H-------- --------- ---J-JJ-- -C^- --------- ----- ---- - --- tbl_defense4_timing3440(5,7) : ingress
---H---- -----------JJJ -------------- ------------ --------- ---J-JJ-- --G^ --------- ----- ---- - --- tbl_defense4_timing3444(5,7) : ingress
#stage 7
-------- ----------HNMM HHH----------- J----------- --------- ---M-MM-- -G-- ^-------- ----- ---- - --- tbl_defense4_timing3451(5,7) : ingress
-------- ----------HNMM HHH----------- J----------- --------- ---M-MM-- ---- G^------- ----- ---- - --- tbl_defense4_timing3457(5,7) : ingress
-------- ----------HNMM HHH----------- J----------- --------- ---M-MM-- ---- -G^------ ----- ---- - --- tbl_defense4_timing3473(5,7) : ingress
-H------ -----------MMM -------------- J----------- --------- ---M-MM-- ---- --C^----- ----- ---- - --- tbl_defense4_timing3468(5,7) : ingress
-------- -----------MMM -------------- J----------- --------- ---M-MM-- ---- ---G^---- ----- ---- - --- tbl_defense4_timing3470(5,7) : ingress
-------- -----------MMM -------------- J----------- --------- ---M-MM-- ---G -----^--- ----- ---- - --- tbl_defense4_timing3447(5,8) : ingress
-------- -------------- -------------- J----------- --------- --------- ---I ------^-- ----- ---- - --- tbl_defense4_timing3445(6,8) : ingress
-------- -------------- -------------- J----------- --------- --------- --I- -------^- ----- ---- - --- tbl_defense4_timing3441(6,8) : ingress
-------- -------------- -------------- J----------- --------- --------- I--- --------^ ----- ---- - --- tbl_defense4_timing3436(6,8) : ingress
#stage 8
-B-F---- ----------MMA- MMFF---------- F----------- --------- --------- ---- -M-MF---- ^---- ---- - --- tbl_txn_active_0(6,8) : ingress
-B------ --F-----F-MMA- MMF--MMMFF---- FF---------- FQ------- --------- ---- M-M-AFFFF -^--- ---- - --- tbl_state_decode_0(7,9) : ingress
-B-F---- --F-----F-MMA- MMFF-MMMFF---- FF---------- FQ------- --------- ---- M-M-AFFFF --^-- ---- - --- tbl_resp_deadline_0(7,9) : ingress
-B------ --F----------- -----MMMFF--F- --------MMF- -RMMF-MA- --------- ---- --------- -RR^- ---- - --- tbl_hold_ok_0(7,9) : ingress
-B------ ----------HHA- HHE----------- A-A--------- --------- --------- ---- ----A---- A---^ ---- - --- cond-91(6,9) : ingress
#stage 9
-------- -------------- -------------- M-H--------- --------- --------- ---- -M-MM---- J---C ^--- - --- tbl_defense4_timing3489(7,9) : ingress
-------- -------------- -------------- M----------- --------- --------- ---- -M-MM---- J---- G^-- - --- tbl_defense4_timing3490(7,9) : ingress
-------- ----------HH-- HHH----------- M----------- --------- --------- ---- -M-MM---- J---G --^- - --- tbl_defense4_timing3496(7,9) : ingress
-B-F---- A------A----A- --A--MMMFFS--F A-F----M--A- -F-----A- --A------ ---- ----A---- AFFF- -AA^ - --- tbl_decide_deq_0(8,10) : ingress
#stage 10
-N------ H----MMM--TM-- MMM--MMTMMU--U H-M----VWWW- -M---UVU- MMM------ ---- -H-HH---- MM-M- MMMC ^ --- tbl_decide_fresh_0(8,10) : ingress
#stage 11
XB------ -------------- -----------Y-- ------------ --------- --------- ---- --------- ----- ---H E ^-- tbl_defense4_timing3559(9,11) : ingress
---F---F -------------- ---E---------- ------------ --------- --------- ---- --------- ----- ---M F -^- tbl_held_owner_0(9,11) : ingress
K--F---F -------------- -------------- -----------E --------- --------- ---- --------- ----- ---M Q --^ tbl_commit_0(9,11) : ingress
#dependencies
A :  ANTI_NEXT_TABLE_DATA
B :  CONTROL_DEFAULT_NEXT_TABLE
C :  CONTROL_COND_TRUE
D :  CONTROL_DEFAULT_NEXT_TABLE OUTPUT
E :  ACTION_READ ANTI_NEXT_TABLE_DATA
F :  IXBAR_READ ANTI_NEXT_TABLE_DATA
G :  CONTROL_COND_FALSE
H :  ACTION_READ
I :  CONTROL_DEFAULT_NEXT_TABLE IXBAR_READ
J :  OUTPUT
K :  OUTPUT ANTI_NEXT_TABLE_DATA
L :  CONTROL_DEFAULT_NEXT_TABLE ACTION_READ
M :  IXBAR_READ
N :  IXBAR_READ ACTION_READ
O :  IXBAR_READ ACTION_READ OUTPUT
P :  IXBAR_READ ACTION_READ ANTI_NEXT_TABLE_DATA
Q :  IXBAR_READ OUTPUT ANTI_NEXT_TABLE_DATA
R :  ANTI_ACTION_READ ANTI_NEXT_TABLE_DATA
S :  IXBAR_READ ANTI_ACTION_READ ANTI_NEXT_TABLE_DATA
T :  IXBAR_READ ANTI_ACTION_READ
U :  ANTI_ACTION_READ
V :  ANTI_TABLE_READ ANTI_ACTION_READ
W :  IXBAR_READ ACTION_READ ANTI_TABLE_READ ANTI_ACTION_READ
X :  ACTION_READ OUTPUT
Y :  ACTION_READ OUTPUT ANTI_NEXT_TABLE_DATA

*** Table dependency chains (of minimum length 8) ***

1. tbl_defense4_timing3239(0) -> tbl_params_0(0) -> tbl_defense4_timing3386(0) -> tbl_defense4_timing3386_0(1) -> tbl_owner_admission_0(2) -> tbl_guarded_seq_0(3) -> tbl_resp_authorise_0(4) -> tbl_defense4_timing3435(5) -> tbl_defense4_timing3436(6) -> tbl_state_decode_0(7) -> tbl_hold_ok_0(7) -> tbl_decide_deq_0(8) -> tbl_defense4_timing3559(9) (ingress)

2. tbl_params_0(0) -> tbl_defense4_timing3386(0) -> tbl_defense4_timing3386_0(1) -> tbl_owner_admission_0(2) -> tbl_guarded_seq_0(3) -> tbl_resp_authorise_0(4) -> tbl_defense4_timing3435(5) -> tbl_defense4_timing3436(6) -> tbl_state_decode_0(7) -> tbl_hold_ok_0(7) -> tbl_decide_deq_0(8) -> tbl_defense4_timing3559(9) (ingress)

3. tbl_defense4_timing3386(0) -> tbl_defense4_timing3386_0(1) -> tbl_owner_admission_0(2) -> tbl_guarded_seq_0(3) -> tbl_resp_authorise_0(4) -> tbl_defense4_timing3435(5) -> tbl_defense4_timing3436(6) -> tbl_state_decode_0(7) -> tbl_hold_ok_0(7) -> tbl_decide_deq_0(8) -> tbl_defense4_timing3559(9) (ingress)
#pipeline pipe
#stage 0
^------- -------------- -------------- ------------- ------- ---- ---------------- -------- ---- - --- tbl_defense4_timing3239(0,2) : ingress
A^------ -------------- -------------- ------------- ------- ---- ---------------- -------- ---- - --- tbl_params_0(0,2) : ingress
-B^----- -------------- -------------- ------------- ------- ---- ---------------- -------- ---- - --- tbl_defense4_timing3245(0,5) : ingress
-B-^---- -------------- -------------- ------------- ------- ---- ---------------- -------- ---- - --- tbl_read_release_params_0(0,3) : ingress
-B--^--- -------------- -------------- ------------- ------- ---- ---------------- -------- ---- - --- tbl_build_exp_ack_0(0,4) : ingress
-B---^-- -------------- -------------- ------------- ------- ---- ---------------- -------- ---- - --- tbl_defense4_timing3300(0,5) : ingress
-B----^- -------------- -------------- ------------- ------- ---- ---------------- -------- ---- - --- tbl_defense4_timing3386(0,2) : ingress
-C-----^ -------------- -------------- ------------- ------- ---- ---------------- -------- ---- - --- tbl_defense4_timing3242(0,10) : ingress
#stage 1
------D- ^------------- -------------- ------------- ------- ---- ---------------- -------- ---- - --- tbl_defense4_timing3386_0(1,3) : ingress
-B------ -^------------ -------------- ------------- ------- ---- ---------------- -------- ---- - --- tbl_session_0(0,3) : ingress
-BE----- --^----------- -------------- ------------- ------- ---- ---------------- -------- ---- - --- tbl_build_now_0(1,6) : ingress
-B---F-- ---^---------- -------------- ------------- ------- ---- ---------------- -------- ---- - --- tbl_bor_codebook_0(1,7) : ingress
-B------ ----^--------- -------------- ------------- ------- ---- ---------------- -------- ---- - --- cond-58(0,5) : ingress
-------- ----C^-------- -------------- ------------- ------- ---- ---------------- -------- ---- - --- tbl_defense4_timing3287(0,5) : ingress
-------- -----G^------- -------------- ------------- ------- ---- ---------------- -------- ---- - --- tbl_defense4_timing3288(0,5) : ingress
-------- ------G^------ -------------- ------------- ------- ---- ---------------- -------- ---- - --- tbl_defense4_timing3289(0,5) : ingress
-B------ --------^----- -------------- ------------- ------- ---- ---------------- -------- ---- - --- tbl_bor_params_0(0,5) : ingress
-B------ -A-------^---- -------------- ------------- ------- ---- ---------------- -------- ---- - --- cond-69(0,5) : ingress
-------- ---------G^--- -------------- ------------- ------- ---- ---------------- -------- ---- - --- tbl_defense4_timing3358(0,5) : ingress
-------- ----------G^-- -------------- ------------- ------- ---- ---------------- -------- ---- - --- tbl_defense4_timing3364(0,5) : ingress
-------- -----------G^- -------------- ------------- ------- ---- ---------------- -------- ---- - --- tbl_defense4_timing3374(0,5) : ingress
-------- ---------C---^ -------------- ------------- ------- ---- ---------------- -------- ---- - --- tbl_defense4_timing3334(0,5) : ingress
#stage 2
-------- -H-----------G ^------------- ------------- ------- ---- ---------------- -------- ---- - --- tbl_defense4_timing3336(1,5) : ingress
-------- -H------------ G^------------ ------------- ------- ---- ---------------- -------- ---- - --- tbl_defense4_timing3339(1,5) : ingress
-------- -H------------ -G^----------- ------------- ------- ---- ---------------- -------- ---- - --- tbl_defense4_timing3342(1,5) : ingress
-I-F---- FF------------ ---^---------- ------------- ------- ---- ---------------- -------- ---- - --- tbl_owner_admission_0(2,4) : ingress
-B------ -------A------ ----^--------- ------------- ------- ---- ---------------- -------- ---- - --- cond-62(0,6) : ingress
-------- -----HHH------ ----C^-------- ------------- ------- ---- ---------------- -------- ---- - --- tbl_defense4_timing3293(1,6) : ingress
-------- -------------- -----G^------- ------------- ------- ---- ---------------- -------- ---- - --- tbl_defense4_timing3294(1,6) : ingress
-------- -------------- ----G--^------ ------------- ------- ---- ---------------- -------- ---- - --- tbl_defense4_timing3297(0,6) : ingress
-------- -------------- -------G^----- ------------- ------- ---- ---------------- -------- ---- - --- tbl_defense4_timing3298(0,6) : ingress
-------- -------------- ------G--^---- ------------- ------- ---- ---------------- -------- ---- - --- tbl_defense4_timing3295(1,6) : ingress
-B------ -------------- ----------^--- ------------- ------- ---- ---------------- -------- ---- - --- tbl_defense4_timing3251(0,6) : ingress
JD---F-- -E------K----- -----------^-- ------------- ------- ---- ---------------- -------- ---- - --- tbl_random_deadlines_0(1,6) : ingress
-B------ --EE---------- ------------^- ------------- ------- ---- ---------------- -------- ---- - --- tbl_defense4_timing3520(2,8) : ingress
-B------ -------------- -------------^ ------------- ------- ---- ---------------- -------- ---- - --- tbl_defense4_timing3254(0,9) : ingress
#stage 3
-B-FF--- -F------------ ---F---------- ^------------ ------- ---- ---------------- -------- ---- - --- tbl_guarded_ack_0(3,5) : ingress
-B-F---- -F------------ ---F---------- -^----------- ------- ---- ---------------- -------- ---- - --- tbl_guarded_sport_0(3,5) : ingress
-B-F---- -F------------ ---F---------- --^---------- ------- ---- ---------------- -------- ---- - --- tbl_guarded_seq_0(3,5) : ingress
-B-F---- -------------- ---F---------- ---^--------- ------- ---- ---------------- -------- ---- - --- tbl_owner_valid_0(3,6) : ingress
-B-F---- -------------- ---F---------- ----^-------- ------- ---- ---------------- -------- ---- - --- tbl_tracker_admission_0(3,6) : ingress
-L-E---- --E----------- -----------E-- -----^------- ------- ---- ---------------- -------- ---- - --- tbl_build_cand_resp_0(2,7) : ingress
-L------ --E----------- -----------E-- ------^------ ------- ---- ---------------- -------- ---- - --- tbl_build_cand_0(2,7) : ingress
-B------ --E-----E----- -----------E-- -------^----- ------- ---- ---------------- -------- ---- - --- tbl_defense4_timing3309(2,7) : ingress
-B------ -------------- -----HHHEEF--- --------^---- ------- ---- ---------------- -------- ---- - --- tbl_defense4_timing3507(2,7) : ingress
-------- -------------- -----HHHHHM--- --------G^--- ------- ---- ---------------- -------- ---- - --- tbl_defense4_timing3508(2,7) : ingress
-------- -------------- -----HHHHHM--- ---------G^-- ------- ---- ---------------- -------- ---- - --- tbl_defense4_timing3509(2,7) : ingress
-------- -------------- ----------M--- ----------G^- ------- ---- ---------------- -------- ---- - --- tbl_defense4_timing3510(2,7) : ingress
-B------ -------------- ---E---------- ------------^ ------- ---- ---------------- -------- ---- - --- tbl_defense4_timing3388(3,10) : ingress
#stage 4
-B------ -------------- -----HHHEE---- -----EEE----- ^------ ---- ---------------- -------- ---- - --- tbl_select_deadlines_0(3,8) : ingress
-B------ ----------NOKJ NNP-------A--- FFF---------- -^----- ---- ---------------- -------- ---- - --- tbl_resp_authorise_0(4,6) : ingress
-------- ----------HH-- HHH----------- ------------- -G^---- ---- ---------------- -------- ---- - --- cond-79(4,6) : ingress
-H------ -----------JJJ -------------- ------------- --C^--- ---- ---------------- -------- ---- - --- tbl_defense4_timing3410(4,6) : ingress
-------- -----------JJJ -------------- ------------- ---G^-- ---- ---------------- -------- ---- - --- tbl_defense4_timing3412(4,6) : ingress
-------- ----------HH-- HHH-------H--- ------------- --G--^- ---- ---------------- -------- ---- - --- tbl_defense4_timing3415(4,7) : ingress
-B-A---- ------------A- --A--HHHEE---- A--AA-------- ----AA^ ---- ---------------- -------- ---- - --- cond-82(4,7) : ingress
#stage 5
-------- -----------JJJ -------------- ---H--------- -J-JJ-C ^--- ---------------- -------- ---- - --- tbl_defense4_timing3435(5,7) : ingress
-H------ ----------HH-- HHH----------- ------------- ------- G^-- ---------------- -------- ---- - --- cond-84(5,7) : ingress
---H---- -----------JJJ -------------- ----H-------- -J-JJ-- -C^- ---------------- -------- ---- - --- tbl_defense4_timing3440(5,7) : ingress
---H---- -----------JJJ -------------- ------------- -J-JJ-- --G^ ---------------- -------- ---- - --- tbl_defense4_timing3444(5,7) : ingress
#stage 6
-------- ----------HNMM HHH----------- J------------ -M-MM-- -G-- ^--------------- -------- ---- - --- tbl_defense4_timing3451(5,7) : ingress
-------- ----------HNMM HHH----------- J------------ -M-MM-- ---- G^-------------- -------- ---- - --- tbl_defense4_timing3457(5,7) : ingress
-------- ----------HNMM HHH----------- J------------ -M-MM-- ---- -G^------------- -------- ---- - --- tbl_defense4_timing3473(5,7) : ingress
-H------ -----------MMM -------------- J------------ -M-MM-- ---- --C^------------ -------- ---- - --- tbl_defense4_timing3468(5,7) : ingress
-------- -----------MMM -------------- J------------ -M-MM-- ---- ---G^----------- -------- ---- - --- tbl_defense4_timing3470(5,7) : ingress
-------- -----------MMM -------------- J------------ -M-MM-- ---G -----^---------- -------- ---- - --- tbl_defense4_timing3447(5,8) : ingress
-------- -------------- -------------- J------------ ------- ---I ------^--------- -------- ---- - --- tbl_defense4_timing3445(6,8) : ingress
-------- -------------- -------------- J------------ ------- --I- -------^-------- -------- ---- - --- tbl_defense4_timing3441(6,8) : ingress
-------- -------------- -------------- J------------ ------- I--- --------^------- -------- ---- - --- tbl_defense4_timing3436(6,8) : ingress
-B------ -------------- -----HHHEE---- ------------- ------- ---- ---------^------ -------- ---- - --- tbl_defense4_timing3511(2,8) : ingress
-------- -------------- -----HHHHH---- ------------- ------- ---- ---------G^----- -------- ---- - --- tbl_defense4_timing3512(2,8) : ingress
-------- -------------- -------------- ------------- ------- ---- ----------G^---- -------- ---- - --- tbl_defense4_timing3519(2,8) : ingress
-B------ -------------- -----HHHEE---- --------HMMF- ------- ---- ------------^--- -------- ---- - --- tbl_defense4_timing3522(3,8) : ingress
-------- -------------- -----HHHHH---- ---------MMM- ------- ---- ------------G^-- -------- ---- - --- tbl_defense4_timing3523(3,8) : ingress
-------- -------------- -----HHHHH---- ---------MMM- ------- ---- -------------G^- -------- ---- - --- tbl_defense4_timing3524(3,9) : ingress
-B------ -------------- -----HHHEE---- ------------- ------- ---- -----------A---^ -------- ---- - --- cond-102(2,9) : ingress
#stage 7
-------- -------------- -------------- ------------- ------- ---- ---------HHH---C ^------- ---- - --- tbl_defense4_timing3528(3,9) : ingress
-------- -------------- -------------- ------------- ------- ---- ---------HHH---- G^------ ---- - --- tbl_defense4_timing3529(3,9) : ingress
-------- -------------- -------------- ------------- ------- ---- ---------------- -G^----- ---- - --- tbl_defense4_timing3530(3,9) : ingress
-B-F---- ----------MMA- MMFF---------- F------------ ------- ---- -M-MF----------- ---^---- ---- - --- tbl_txn_active_0(6,8) : ingress
-B------ --F-----F-MMA- MMF--MMMFF---- FFF---------- Q------ ---- M-M-AFFFF------- ----^--- ---- - --- tbl_state_decode_0(7,9) : ingress
-B-F---- --F-----F-MMA- MMFF-MMMFF---- FFF---------- Q------ ---- M-M-AFFFF------- -----^-- ---- - --- tbl_resp_deadline_0(7,9) : ingress
-B------ --F----------- -----MMMFF--F- ---------MMF- R------ ---- ---------MMF-MA- ----RR^- ---- - --- tbl_hold_ok_0(7,9) : ingress
-B------ ----------HHA- HHE----------- A--A--------- ------- ---- ----A----------- ---A---^ ---- - --- cond-91(6,9) : ingress
#stage 8
-------- -------------- -------------- M--H--------- ------- ---- -M-MM----------- ---J---C ^--- - --- tbl_defense4_timing3489(7,9) : ingress
-------- -------------- -------------- M------------ ------- ---- -M-MM----------- ---J---- G^-- - --- tbl_defense4_timing3490(7,9) : ingress
-------- ----------HH-- HHH----------- M------------ ------- ---- -M-MM----------- ---J---G --^- - --- tbl_defense4_timing3496(7,9) : ingress
-B-F---- A------A----A- --A--MMMFFS--F A--F----M--A- F------ ---- ----A---------A- --AAFFF- -AA^ - --- tbl_decide_deq_0(8,10) : ingress
#stage 9
-N------ H----MMM--TM-- MMM--MMTMMU--U H--M----VWWW- M------ ---- -H-HH-------UVU- MMMMM-M- MMMC ^ --- tbl_decide_fresh_0(8,10) : ingress
#stage 10
XB------ -------------- -----------Y-- ------------- ------- ---- ---------------- -------- ---H E ^-- tbl_defense4_timing3559(9,11) : ingress
---F---F -------------- ---E---------- ------------- ------- ---- ---------------- -------- ---M F -^- tbl_held_owner_0(9,11) : ingress
K--F---F -------------- -------------- ------------E ------- ---- ---------------- -------- ---M Q --^ tbl_commit_0(9,11) : ingress
#dependencies
A :  ANTI_NEXT_TABLE_DATA
B :  CONTROL_DEFAULT_NEXT_TABLE
C :  CONTROL_COND_TRUE
D :  CONTROL_DEFAULT_NEXT_TABLE OUTPUT
E :  ACTION_READ ANTI_NEXT_TABLE_DATA
F :  IXBAR_READ ANTI_NEXT_TABLE_DATA
G :  CONTROL_COND_FALSE
H :  ACTION_READ
I :  CONTROL_DEFAULT_NEXT_TABLE IXBAR_READ
J :  OUTPUT
K :  OUTPUT ANTI_NEXT_TABLE_DATA
L :  CONTROL_DEFAULT_NEXT_TABLE ACTION_READ
M :  IXBAR_READ
N :  IXBAR_READ ACTION_READ
O :  IXBAR_READ ACTION_READ OUTPUT
P :  IXBAR_READ ACTION_READ ANTI_NEXT_TABLE_DATA
Q :  IXBAR_READ OUTPUT ANTI_NEXT_TABLE_DATA
R :  ANTI_ACTION_READ ANTI_NEXT_TABLE_DATA
S :  IXBAR_READ ANTI_ACTION_READ ANTI_NEXT_TABLE_DATA
T :  IXBAR_READ ANTI_ACTION_READ
U :  ANTI_ACTION_READ
V :  ANTI_TABLE_READ ANTI_ACTION_READ
W :  IXBAR_READ ACTION_READ ANTI_TABLE_READ ANTI_ACTION_READ
X :  ACTION_READ OUTPUT
Y :  ACTION_READ OUTPUT ANTI_NEXT_TABLE_DATA

*** Table dependency chains (of minimum length 8) ***

1. tbl_defense4_timing3239(0) -> tbl_params_0(0) -> tbl_defense4_timing3386(0) -> tbl_defense4_timing3386_0(1) -> tbl_owner_admission_0(2) -> tbl_guarded_seq_0(3) -> tbl_resp_authorise_0(4) -> tbl_defense4_timing3435(5) -> tbl_defense4_timing3436(6) -> tbl_state_decode_0(7) -> tbl_hold_ok_0(7) -> tbl_decide_deq_0(8) -> tbl_defense4_timing3559(9) (ingress)

2. tbl_params_0(0) -> tbl_defense4_timing3386(0) -> tbl_defense4_timing3386_0(1) -> tbl_owner_admission_0(2) -> tbl_guarded_seq_0(3) -> tbl_resp_authorise_0(4) -> tbl_defense4_timing3435(5) -> tbl_defense4_timing3436(6) -> tbl_state_decode_0(7) -> tbl_hold_ok_0(7) -> tbl_decide_deq_0(8) -> tbl_defense4_timing3559(9) (ingress)

3. tbl_defense4_timing3386(0) -> tbl_defense4_timing3386_0(1) -> tbl_owner_admission_0(2) -> tbl_guarded_seq_0(3) -> tbl_resp_authorise_0(4) -> tbl_defense4_timing3435(5) -> tbl_defense4_timing3436(6) -> tbl_state_decode_0(7) -> tbl_hold_ok_0(7) -> tbl_decide_deq_0(8) -> tbl_defense4_timing3559(9) (ingress)
#pipeline pipe
#stage 0
^------- -------------- -------------- ------------- ------- ---- ---------------- -------- ---- - --- tbl_defense4_timing3239(0,2) : ingress
A^------ -------------- -------------- ------------- ------- ---- ---------------- -------- ---- - --- tbl_params_0(0,2) : ingress
-B^----- -------------- -------------- ------------- ------- ---- ---------------- -------- ---- - --- tbl_defense4_timing3245(0,5) : ingress
-B-^---- -------------- -------------- ------------- ------- ---- ---------------- -------- ---- - --- tbl_read_release_params_0(0,3) : ingress
-B--^--- -------------- -------------- ------------- ------- ---- ---------------- -------- ---- - --- tbl_build_exp_ack_0(0,4) : ingress
-B---^-- -------------- -------------- ------------- ------- ---- ---------------- -------- ---- - --- tbl_defense4_timing3300(0,5) : ingress
-B----^- -------------- -------------- ------------- ------- ---- ---------------- -------- ---- - --- tbl_defense4_timing3386(0,2) : ingress
-C-----^ -------------- -------------- ------------- ------- ---- ---------------- -------- ---- - --- tbl_defense4_timing3242(0,10) : ingress
#stage 1
------D- ^------------- -------------- ------------- ------- ---- ---------------- -------- ---- - --- tbl_defense4_timing3386_0(1,3) : ingress
-B------ -^------------ -------------- ------------- ------- ---- ---------------- -------- ---- - --- tbl_session_0(0,3) : ingress
-BE----- --^----------- -------------- ------------- ------- ---- ---------------- -------- ---- - --- tbl_build_now_0(1,6) : ingress
-B---F-- ---^---------- -------------- ------------- ------- ---- ---------------- -------- ---- - --- tbl_bor_codebook_0(1,7) : ingress
-B------ ----^--------- -------------- ------------- ------- ---- ---------------- -------- ---- - --- cond-58(0,5) : ingress
-------- ----C^-------- -------------- ------------- ------- ---- ---------------- -------- ---- - --- tbl_defense4_timing3287(0,5) : ingress
-------- -----G^------- -------------- ------------- ------- ---- ---------------- -------- ---- - --- tbl_defense4_timing3288(0,5) : ingress
-------- ------G^------ -------------- ------------- ------- ---- ---------------- -------- ---- - --- tbl_defense4_timing3289(0,5) : ingress
-B------ --------^----- -------------- ------------- ------- ---- ---------------- -------- ---- - --- tbl_bor_params_0(0,5) : ingress
-B------ -A-------^---- -------------- ------------- ------- ---- ---------------- -------- ---- - --- cond-69(0,5) : ingress
-------- ---------G^--- -------------- ------------- ------- ---- ---------------- -------- ---- - --- tbl_defense4_timing3358(0,5) : ingress
-------- ----------G^-- -------------- ------------- ------- ---- ---------------- -------- ---- - --- tbl_defense4_timing3364(0,5) : ingress
-------- -----------G^- -------------- ------------- ------- ---- ---------------- -------- ---- - --- tbl_defense4_timing3374(0,5) : ingress
-------- ---------C---^ -------------- ------------- ------- ---- ---------------- -------- ---- - --- tbl_defense4_timing3334(0,5) : ingress
#stage 2
-------- -H-----------G ^------------- ------------- ------- ---- ---------------- -------- ---- - --- tbl_defense4_timing3336(1,5) : ingress
-------- -H------------ G^------------ ------------- ------- ---- ---------------- -------- ---- - --- tbl_defense4_timing3339(1,5) : ingress
-------- -H------------ -G^----------- ------------- ------- ---- ---------------- -------- ---- - --- tbl_defense4_timing3342(1,5) : ingress
-I-F---- FF------------ ---^---------- ------------- ------- ---- ---------------- -------- ---- - --- tbl_owner_admission_0(2,4) : ingress
-B------ -------A------ ----^--------- ------------- ------- ---- ---------------- -------- ---- - --- cond-62(0,6) : ingress
-------- -----HHH------ ----C^-------- ------------- ------- ---- ---------------- -------- ---- - --- tbl_defense4_timing3293(1,6) : ingress
-------- -------------- -----G^------- ------------- ------- ---- ---------------- -------- ---- - --- tbl_defense4_timing3294(1,6) : ingress
-------- -------------- ----G--^------ ------------- ------- ---- ---------------- -------- ---- - --- tbl_defense4_timing3297(0,6) : ingress
-------- -------------- -------G^----- ------------- ------- ---- ---------------- -------- ---- - --- tbl_defense4_timing3298(0,6) : ingress
-------- -------------- ------G--^---- ------------- ------- ---- ---------------- -------- ---- - --- tbl_defense4_timing3295(1,6) : ingress
-B------ -------------- ----------^--- ------------- ------- ---- ---------------- -------- ---- - --- tbl_defense4_timing3251(0,6) : ingress
JD---F-- -E------K----- -----------^-- ------------- ------- ---- ---------------- -------- ---- - --- tbl_random_deadlines_0(1,6) : ingress
-B------ --EE---------- ------------^- ------------- ------- ---- ---------------- -------- ---- - --- tbl_defense4_timing3520(2,8) : ingress
-B------ -------------- -------------^ ------------- ------- ---- ---------------- -------- ---- - --- tbl_defense4_timing3254(0,9) : ingress
#stage 3
-B-FF--- -F------------ ---F---------- ^------------ ------- ---- ---------------- -------- ---- - --- tbl_guarded_ack_0(3,5) : ingress
-B-F---- -F------------ ---F---------- -^----------- ------- ---- ---------------- -------- ---- - --- tbl_guarded_sport_0(3,5) : ingress
-B-F---- -F------------ ---F---------- --^---------- ------- ---- ---------------- -------- ---- - --- tbl_guarded_seq_0(3,5) : ingress
-B-F---- -------------- ---F---------- ---^--------- ------- ---- ---------------- -------- ---- - --- tbl_owner_valid_0(3,6) : ingress
-B-F---- -------------- ---F---------- ----^-------- ------- ---- ---------------- -------- ---- - --- tbl_tracker_admission_0(3,6) : ingress
-L-E---- --E----------- -----------E-- -----^------- ------- ---- ---------------- -------- ---- - --- tbl_build_cand_resp_0(2,7) : ingress
-L------ --E----------- -----------E-- ------^------ ------- ---- ---------------- -------- ---- - --- tbl_build_cand_0(2,7) : ingress
-B------ --E-----E----- -----------E-- -------^----- ------- ---- ---------------- -------- ---- - --- tbl_defense4_timing3309(2,7) : ingress
-B------ -------------- -----HHHEEF--- --------^---- ------- ---- ---------------- -------- ---- - --- tbl_defense4_timing3507(2,7) : ingress
-------- -------------- -----HHHHHM--- --------G^--- ------- ---- ---------------- -------- ---- - --- tbl_defense4_timing3508(2,7) : ingress
-------- -------------- -----HHHHHM--- ---------G^-- ------- ---- ---------------- -------- ---- - --- tbl_defense4_timing3509(2,7) : ingress
-------- -------------- ----------M--- ----------G^- ------- ---- ---------------- -------- ---- - --- tbl_defense4_timing3510(2,7) : ingress
-B------ -------------- ---E---------- ------------^ ------- ---- ---------------- -------- ---- - --- tbl_defense4_timing3388(3,10) : ingress
#stage 4
-B------ -------------- -----HHHEE---- -----EEE----- ^------ ---- ---------------- -------- ---- - --- tbl_select_deadlines_0(3,8) : ingress
-B------ ----------NOKJ NNP-------A--- FFF---------- -^----- ---- ---------------- -------- ---- - --- tbl_resp_authorise_0(4,6) : ingress
-------- ----------HH-- HHH----------- ------------- -G^---- ---- ---------------- -------- ---- - --- cond-79(4,6) : ingress
-H------ -----------JJJ -------------- ------------- --C^--- ---- ---------------- -------- ---- - --- tbl_defense4_timing3410(4,6) : ingress
-------- -----------JJJ -------------- ------------- ---G^-- ---- ---------------- -------- ---- - --- tbl_defense4_timing3412(4,6) : ingress
-------- ----------HH-- HHH-------H--- ------------- --G--^- ---- ---------------- -------- ---- - --- tbl_defense4_timing3415(4,7) : ingress
-B-A---- ------------A- --A--HHHEE---- ---AA-------- ----AA^ ---- ---------------- -------- ---- - --- cond-82(4,7) : ingress
#stage 5
-------- -----------JJJ -------------- ---H--------- -J-JJ-C ^--- ---------------- -------- ---- - --- tbl_defense4_timing3435(5,7) : ingress
-H------ ----------HH-- HHH----------- ------------- ------- G^-- ---------------- -------- ---- - --- cond-84(5,7) : ingress
---H---- -----------JJJ -------------- ----H-------- -J-JJ-- -C^- ---------------- -------- ---- - --- tbl_defense4_timing3440(5,7) : ingress
---H---- -----------JJJ -------------- ------------- -J-JJ-- --G^ ---------------- -------- ---- - --- tbl_defense4_timing3444(5,7) : ingress
#stage 6
-------- ----------HNMM HHH----------- ------------- -M-MM-- -G-- ^--------------- -------- ---- - --- tbl_defense4_timing3451(5,7) : ingress
-------- ----------HNMM HHH----------- ------------- -M-MM-- ---- G^-------------- -------- ---- - --- tbl_defense4_timing3457(5,7) : ingress
-------- ----------HNMM HHH----------- ------------- -M-MM-- ---- -G^------------- -------- ---- - --- tbl_defense4_timing3473(5,7) : ingress
-H------ -----------MMM -------------- ------------- -M-MM-- ---- --C^------------ -------- ---- - --- tbl_defense4_timing3468(5,7) : ingress
-------- -----------MMM -------------- ------------- -M-MM-- ---- ---G^----------- -------- ---- - --- tbl_defense4_timing3470(5,7) : ingress
-------- -----------MMM -------------- ------------- -M-MM-- ---G -----^---------- -------- ---- - --- tbl_defense4_timing3447(5,8) : ingress
-------- -------------- -------------- ------------- ------- ---I ------^--------- -------- ---- - --- tbl_defense4_timing3445(6,8) : ingress
-------- -------------- -------------- ------------- ------- --I- -------^-------- -------- ---- - --- tbl_defense4_timing3441(6,8) : ingress
-------- -------------- -------------- ------------- ------- I--- --------^------- -------- ---- - --- tbl_defense4_timing3436(6,8) : ingress
-B------ -------------- -----HHHEE---- ------------- ------- ---- ---------^------ -------- ---- - --- tbl_defense4_timing3511(2,8) : ingress
-------- -------------- -----HHHHH---- ------------- ------- ---- ---------G^----- -------- ---- - --- tbl_defense4_timing3512(2,8) : ingress
-------- -------------- -------------- ------------- ------- ---- ----------G^---- -------- ---- - --- tbl_defense4_timing3519(2,8) : ingress
-B------ -------------- -----HHHEE---- --------HMMF- ------- ---- ------------^--- -------- ---- - --- tbl_defense4_timing3522(3,8) : ingress
-------- -------------- -----HHHHH---- ---------MMM- ------- ---- ------------G^-- -------- ---- - --- tbl_defense4_timing3523(3,8) : ingress
-------- -------------- -----HHHHH---- ---------MMM- ------- ---- -------------G^- -------- ---- - --- tbl_defense4_timing3524(3,9) : ingress
-B------ -------------- -----HHHEE--A- ------------- ------- ---- -----------A---^ -------- ---- - --- cond-102(2,9) : ingress
#stage 7
-------- -------------- ------------J- ------------- ------- ---- ---------HHH---C ^------- ---- - --- tbl_defense4_timing3528(3,9) : ingress
-------- -------------- ------------J- ------------- ------- ---- ---------HHH---- G^------ ---- - --- tbl_defense4_timing3529(3,9) : ingress
-------- -------------- ------------J- ------------- ------- ---- ---------------- -G^----- ---- - --- tbl_defense4_timing3530(3,9) : ingress
-B-F---- ----------MMA- MMFF---------- ------------- ------- ---- -M-MF----------- ---^---- ---- - --- tbl_txn_active_0(6,8) : ingress
-B------ --F-----F-MMA- MMF--MMMFF---- FFF---------- Q------ ---- M-M-AFFFF------- ----^--- ---- - --- tbl_state_decode_0(7,9) : ingress
-B-F---- --F-----F-MMA- MMFF-MMMFF---- FFF---------- Q------ ---- M-M-AFFFF------- -----^-- ---- - --- tbl_resp_deadline_0(7,9) : ingress
-B------ --F----------- -----MMMFF--F- ---------MMF- R------ ---- ---------MMF-MA- ----RR^- ---- - --- tbl_hold_ok_0(7,9) : ingress
-B------ ----------HHA- HHE----------- ---A--------- ------- ---- ----A----------- ---A---^ ---- - --- cond-91(6,9) : ingress
#stage 8
-------- -------------- -------------- ---H--------- ------- ---- -M-MM----------- ---J---C ^--- - --- tbl_defense4_timing3489(7,9) : ingress
-------- -------------- -------------- ------------- ------- ---- -M-MM----------- ---J---- G^-- - --- tbl_defense4_timing3490(7,9) : ingress
-------- ----------HH-- HHH----------- ------------- ------- ---- -M-MM----------- ---J---G --^- - --- tbl_defense4_timing3496(7,9) : ingress
-B-F---- A------A----A- --A--MMMFFS-AF ---F----M--A- F------ ---- ----A---------A- --AAFFF- -AA^ - --- tbl_decide_deq_0(8,10) : ingress
#stage 9
-N------ H----MMM--TM-- MMM--MMTMMU-MU ---M----VWWW- M------ ---- -H-HH-------UVU- MMMMM-M- MMMC ^ --- tbl_decide_fresh_0(8,10) : ingress
#stage 10
XB------ -------------- -----------Y-- ------------- ------- ---- ---------------- -------- ---H E ^-- tbl_defense4_timing3559(9,11) : ingress
---F---F -------------- ---E---------- ------------- ------- ---- ---------------- -------- ---M F -^- tbl_held_owner_0(9,11) : ingress
K--F---F -------------- -------------- ------------E ------- ---- ---------------- -------- ---M Q --^ tbl_commit_0(9,11) : ingress
#dependencies
A :  ANTI_NEXT_TABLE_DATA
B :  CONTROL_DEFAULT_NEXT_TABLE
C :  CONTROL_COND_TRUE
D :  CONTROL_DEFAULT_NEXT_TABLE OUTPUT
E :  ACTION_READ ANTI_NEXT_TABLE_DATA
F :  IXBAR_READ ANTI_NEXT_TABLE_DATA
G :  CONTROL_COND_FALSE
H :  ACTION_READ
I :  CONTROL_DEFAULT_NEXT_TABLE IXBAR_READ
J :  OUTPUT
K :  OUTPUT ANTI_NEXT_TABLE_DATA
L :  CONTROL_DEFAULT_NEXT_TABLE ACTION_READ
M :  IXBAR_READ
N :  IXBAR_READ ACTION_READ
O :  IXBAR_READ ACTION_READ OUTPUT
P :  IXBAR_READ ACTION_READ ANTI_NEXT_TABLE_DATA
Q :  IXBAR_READ OUTPUT ANTI_NEXT_TABLE_DATA
R :  ANTI_ACTION_READ ANTI_NEXT_TABLE_DATA
S :  IXBAR_READ ANTI_ACTION_READ ANTI_NEXT_TABLE_DATA
T :  IXBAR_READ ANTI_ACTION_READ
U :  ANTI_ACTION_READ
V :  ANTI_TABLE_READ ANTI_ACTION_READ
W :  IXBAR_READ ACTION_READ ANTI_TABLE_READ ANTI_ACTION_READ
X :  ACTION_READ OUTPUT
Y :  ACTION_READ OUTPUT ANTI_NEXT_TABLE_DATA

*** Table dependency chains (of minimum length 8) ***

1. tbl_defense4_timing3239(0) -> tbl_params_0(0) -> tbl_defense4_timing3386(0) -> tbl_defense4_timing3386_0(1) -> tbl_owner_admission_0(2) -> tbl_guarded_seq_0(3) -> tbl_resp_authorise_0(4) -> tbl_defense4_timing3435(5) -> tbl_defense4_timing3436(6) -> tbl_state_decode_0(7) -> tbl_hold_ok_0(7) -> tbl_decide_deq_0(8) -> tbl_defense4_timing3559(9) (ingress)

2. tbl_params_0(0) -> tbl_defense4_timing3386(0) -> tbl_defense4_timing3386_0(1) -> tbl_owner_admission_0(2) -> tbl_guarded_seq_0(3) -> tbl_resp_authorise_0(4) -> tbl_defense4_timing3435(5) -> tbl_defense4_timing3436(6) -> tbl_state_decode_0(7) -> tbl_hold_ok_0(7) -> tbl_decide_deq_0(8) -> tbl_defense4_timing3559(9) (ingress)

3. tbl_defense4_timing3386(0) -> tbl_defense4_timing3386_0(1) -> tbl_owner_admission_0(2) -> tbl_guarded_seq_0(3) -> tbl_resp_authorise_0(4) -> tbl_defense4_timing3435(5) -> tbl_defense4_timing3436(6) -> tbl_state_decode_0(7) -> tbl_hold_ok_0(7) -> tbl_decide_deq_0(8) -> tbl_defense4_timing3559(9) (ingress)
#pipeline pipe
#stage 0
^------- -------------- -------------- ------------- ------- ---- ---------------- -------- ---- - --- tbl_defense4_timing3239(0,2) : ingress
A^------ -------------- -------------- ------------- ------- ---- ---------------- -------- ---- - --- tbl_params_0(0,2) : ingress
-B^----- -------------- -------------- ------------- ------- ---- ---------------- -------- ---- - --- tbl_defense4_timing3245(0,5) : ingress
-B-^---- -------------- -------------- ------------- ------- ---- ---------------- -------- ---- - --- tbl_read_release_params_0(0,3) : ingress
-B--^--- -------------- -------------- ------------- ------- ---- ---------------- -------- ---- - --- tbl_build_exp_ack_0(0,4) : ingress
-B---^-- -------------- -------------- ------------- ------- ---- ---------------- -------- ---- - --- tbl_defense4_timing3300(0,5) : ingress
-B----^- -------------- -------------- ------------- ------- ---- ---------------- -------- ---- - --- tbl_defense4_timing3386(0,2) : ingress
-C-----^ -------------- -------------- ------------- ------- ---- ---------------- -------- ---- - --- tbl_defense4_timing3242(0,10) : ingress
#stage 1
------D- ^------------- -------------- ------------- ------- ---- ---------------- -------- ---- - --- tbl_defense4_timing3386_0(1,3) : ingress
-B------ -^------------ -------------- ------------- ------- ---- ---------------- -------- ---- - --- tbl_session_0(0,3) : ingress
-BE----- --^----------- -------------- ------------- ------- ---- ---------------- -------- ---- - --- tbl_build_now_0(1,6) : ingress
-B---F-- ---^---------- -------------- ------------- ------- ---- ---------------- -------- ---- - --- tbl_bor_codebook_0(1,7) : ingress
-B------ ----^--------- -------------- ------------- ------- ---- ---------------- -------- ---- - --- cond-58(0,5) : ingress
-------- ----C^-------- -------------- ------------- ------- ---- ---------------- -------- ---- - --- tbl_defense4_timing3287(0,5) : ingress
-------- -----G^------- -------------- ------------- ------- ---- ---------------- -------- ---- - --- tbl_defense4_timing3288(0,5) : ingress
-------- ------G^------ -------------- ------------- ------- ---- ---------------- -------- ---- - --- tbl_defense4_timing3289(0,5) : ingress
-B------ --------^----- -------------- ------------- ------- ---- ---------------- -------- ---- - --- tbl_bor_params_0(0,5) : ingress
-B------ -A-------^---- -------------- ------------- ------- ---- ---------------- -------- ---- - --- cond-69(0,5) : ingress
-------- ---------G^--- -------------- ------------- ------- ---- ---------------- -------- ---- - --- tbl_defense4_timing3358(0,5) : ingress
-------- ----------G^-- -------------- ------------- ------- ---- ---------------- -------- ---- - --- tbl_defense4_timing3364(0,5) : ingress
-------- -----------G^- -------------- ------------- ------- ---- ---------------- -------- ---- - --- tbl_defense4_timing3374(0,5) : ingress
-------- ---------C---^ -------------- ------------- ------- ---- ---------------- -------- ---- - --- tbl_defense4_timing3334(0,5) : ingress
#stage 2
-------- -H-----------G ^------------- ------------- ------- ---- ---------------- -------- ---- - --- tbl_defense4_timing3336(1,5) : ingress
-------- -H------------ G^------------ ------------- ------- ---- ---------------- -------- ---- - --- tbl_defense4_timing3339(1,5) : ingress
-------- -H------------ -G^----------- ------------- ------- ---- ---------------- -------- ---- - --- tbl_defense4_timing3342(1,5) : ingress
-I-F---- FF------------ ---^---------- ------------- ------- ---- ---------------- -------- ---- - --- tbl_owner_admission_0(2,4) : ingress
-B------ -------A------ ----^--------- ------------- ------- ---- ---------------- -------- ---- - --- cond-62(0,6) : ingress
-------- -----HHH------ ----C^-------- ------------- ------- ---- ---------------- -------- ---- - --- tbl_defense4_timing3293(1,6) : ingress
-------- -------------- -----G^------- ------------- ------- ---- ---------------- -------- ---- - --- tbl_defense4_timing3294(1,6) : ingress
-------- -------------- ----G--^------ ------------- ------- ---- ---------------- -------- ---- - --- tbl_defense4_timing3297(0,6) : ingress
-------- -------------- -------G^----- ------------- ------- ---- ---------------- -------- ---- - --- tbl_defense4_timing3298(0,6) : ingress
-------- -------------- ------G--^---- ------------- ------- ---- ---------------- -------- ---- - --- tbl_defense4_timing3295(1,6) : ingress
-B------ -------------- ----------^--- ------------- ------- ---- ---------------- -------- ---- - --- tbl_defense4_timing3251(0,6) : ingress
JD---F-- -E------K----- -----------^-- ------------- ------- ---- ---------------- -------- ---- - --- tbl_random_deadlines_0(1,6) : ingress
-B------ --EE---------- ------------^- ------------- ------- ---- ---------------- -------- ---- - --- tbl_defense4_timing3520(2,8) : ingress
-B------ -------------- -------------^ ------------- ------- ---- ---------------- -------- ---- - --- tbl_defense4_timing3254(0,9) : ingress
#stage 3
-B-FF--- -F------------ ---F---------- ^------------ ------- ---- ---------------- -------- ---- - --- tbl_guarded_ack_0(3,5) : ingress
-B-F---- -F------------ ---F---------- -^----------- ------- ---- ---------------- -------- ---- - --- tbl_guarded_sport_0(3,5) : ingress
-B-F---- -F------------ ---F---------- --^---------- ------- ---- ---------------- -------- ---- - --- tbl_guarded_seq_0(3,5) : ingress
-B-F---- -------------- ---F---------- ---^--------- ------- ---- ---------------- -------- ---- - --- tbl_owner_valid_0(3,6) : ingress
-B-F---- -------------- ---F---------- ----^-------- ------- ---- ---------------- -------- ---- - --- tbl_tracker_admission_0(3,6) : ingress
-L-E---- --E----------- -----------E-- -----^------- ------- ---- ---------------- -------- ---- - --- tbl_build_cand_resp_0(2,7) : ingress
-L------ --E----------- -----------E-- ------^------ ------- ---- ---------------- -------- ---- - --- tbl_build_cand_0(2,7) : ingress
-B------ --E-----E----- -----------E-- -------^----- ------- ---- ---------------- -------- ---- - --- tbl_defense4_timing3309(2,7) : ingress
-B------ -------------- -----HHHEEF--- --------^---- ------- ---- ---------------- -------- ---- - --- tbl_defense4_timing3507(2,7) : ingress
-------- -------------- -----HHHHHM--- --------G^--- ------- ---- ---------------- -------- ---- - --- tbl_defense4_timing3508(2,7) : ingress
-------- -------------- -----HHHHHM--- ---------G^-- ------- ---- ---------------- -------- ---- - --- tbl_defense4_timing3509(2,7) : ingress
-------- -------------- ----------M--- ----------G^- ------- ---- ---------------- -------- ---- - --- tbl_defense4_timing3510(2,7) : ingress
-B------ -------------- ---E---------- ------------^ ------- ---- ---------------- -------- ---- - --- tbl_defense4_timing3388(3,10) : ingress
#stage 4
-B------ -------------- -----HHHEE---- -----EEE----- ^------ ---- ---------------- -------- ---- - --- tbl_select_deadlines_0(3,8) : ingress
-B------ ----------NOKJ NNP-------A--- FFF---------- -^----- ---- ---------------- -------- ---- - --- tbl_resp_authorise_0(4,6) : ingress
-------- ----------HH-- HHH----------- ------------- -G^---- ---- ---------------- -------- ---- - --- cond-79(4,6) : ingress
-H------ -----------JJJ -------------- ------------- --C^--- ---- ---------------- -------- ---- - --- tbl_defense4_timing3410(4,6) : ingress
-------- -----------JJJ -------------- ------------- ---G^-- ---- ---------------- -------- ---- - --- tbl_defense4_timing3412(4,6) : ingress
-------- ----------HH-- HHH-------H--- ------------- --G--^- ---- ---------------- -------- ---- - --- tbl_defense4_timing3415(4,7) : ingress
-B-A---- ------------A- --A--HHHEE---- ---AA-------- ----AA^ ---- ---------------- -------- ---- - --- cond-82(4,7) : ingress
#stage 5
-------- -----------JJJ -------------- ---H--------- -J-JJ-C ^--- ---------------- -------- ---- - --- tbl_defense4_timing3435(5,7) : ingress
-H------ ----------HH-- HHH----------- ------------- ------- G^-- ---------------- -------- ---- - --- cond-84(5,7) : ingress
---H---- -----------JJJ -------------- ----H-------- -J-JJ-- -C^- ---------------- -------- ---- - --- tbl_defense4_timing3440(5,7) : ingress
---H---- -----------JJJ -------------- ------------- -J-JJ-- --G^ ---------------- -------- ---- - --- tbl_defense4_timing3444(5,7) : ingress
#stage 6
-------- ----------HNMM HHH----------- ------------- -M-MM-- -G-- ^--------------- -------- ---- - --- tbl_defense4_timing3451(5,7) : ingress
-------- ----------HNMM HHH----------- ------------- -M-MM-- ---- G^-------------- -------- ---- - --- tbl_defense4_timing3457(5,7) : ingress
-------- ----------HNMM HHH----------- ------------- -M-MM-- ---- -G^------------- -------- ---- - --- tbl_defense4_timing3473(5,7) : ingress
-H------ -----------MMM -------------- ------------- -M-MM-- ---- --C^------------ -------- ---- - --- tbl_defense4_timing3468(5,7) : ingress
-------- -----------MMM -------------- ------------- -M-MM-- ---- ---G^----------- -------- ---- - --- tbl_defense4_timing3470(5,7) : ingress
-------- -----------MMM -------------- ------------- -M-MM-- ---G -----^---------- -------- ---- - --- tbl_defense4_timing3447(5,8) : ingress
-------- -------------- -------------- ------------- ------- ---I ------^--------- -------- ---- - --- tbl_defense4_timing3445(6,8) : ingress
-------- -------------- -------------- ------------- ------- --I- -------^-------- -------- ---- - --- tbl_defense4_timing3441(6,8) : ingress
-------- -------------- -------------- ------------- ------- I--- --------^------- -------- ---- - --- tbl_defense4_timing3436(6,8) : ingress
-B------ -------------- -----HHHEE---- ------------- ------- ---- ---------^------ -------- ---- - --- tbl_defense4_timing3511(2,8) : ingress
-------- -------------- -----HHHHH---- ------------- ------- ---- ---------G^----- -------- ---- - --- tbl_defense4_timing3512(2,8) : ingress
-------- -------------- -------------- ------------- ------- ---- ----------G^---- -------- ---- - --- tbl_defense4_timing3519(2,8) : ingress
-B------ -------------- -----HHHEE---- --------HMMF- ------- ---- ------------^--- -------- ---- - --- tbl_defense4_timing3522(3,8) : ingress
-------- -------------- -----HHHHH---- ---------MMM- ------- ---- ------------G^-- -------- ---- - --- tbl_defense4_timing3523(3,8) : ingress
-------- -------------- -----HHHHH---- ---------MMM- ------- ---- -------------G^- -------- ---- - --- tbl_defense4_timing3524(3,9) : ingress
-B------ -------------- -----HHHEE--A- ------------- ------- ---- -----------A---^ -------- ---- - --- cond-102(2,9) : ingress
#stage 7
-------- -------------- ------------J- ------------- ------- ---- ---------HHH---C ^------- ---- - --- tbl_defense4_timing3528(3,9) : ingress
-------- -------------- ------------J- ------------- ------- ---- ---------HHH---- G^------ ---- - --- tbl_defense4_timing3529(3,9) : ingress
-------- -------------- ------------J- ------------- ------- ---- ---------------- -G^----- ---- - --- tbl_defense4_timing3530(3,9) : ingress
-B-F---- ----------MMA- MMFF---------- ------------- ------- ---- -M-MF----------- ---^---- ---- - --- tbl_txn_active_0(6,8) : ingress
-B------ --F-----F-MMA- MMF--MMMFF---- FFF---------- Q------ ---- M-M-AFFFF------- ----^--- ---- - --- tbl_state_decode_0(7,9) : ingress
-B-F---- --F-----F-MMA- MMFF-MMMFF---- FFF---------- Q------ ---- M-M-AFFFF------- -----^-- ---- - --- tbl_resp_deadline_0(7,9) : ingress
-B------ --F----------- -----MMMFF--F- ---------MMF- R------ ---- ---------MMF-MA- ----RR^- ---- - --- tbl_hold_ok_0(7,9) : ingress
-B------ ----------HHA- HHE----------- ---A--------- ------- ---- ----A----------- ---A---^ ---- - --- cond-91(6,9) : ingress
#stage 8
-------- -------------- -------------- ---H--------- ------- ---- -M-MM----------- ---J---C ^--- - --- tbl_defense4_timing3489(7,9) : ingress
-------- -------------- -------------- ------------- ------- ---- -M-MM----------- ---J---- G^-- - --- tbl_defense4_timing3490(7,9) : ingress
-------- ----------HH-- HHH----------- ------------- ------- ---- -M-MM----------- ---J---G --^- - --- tbl_defense4_timing3496(7,9) : ingress
-B-F---- A------A----A- --A--MMMFFS-AF ---F----M--A- F------ ---- ----A---------A- --AAFFF- -AA^ - --- tbl_decide_deq_0(8,10) : ingress
#stage 9
-N------ H----MMM--TM-- MMM--MMTMMU-MU ---M----VWWW- M------ ---- -H-HH-------UVU- MMMMM-M- MMMC ^ --- tbl_decide_fresh_0(8,10) : ingress
#stage 10
XB------ -------------- -----------Y-- ------------- ------- ---- ---------------- -------- ---H E ^-- tbl_defense4_timing3559(9,11) : ingress
---F---F -------------- ---E---------- ------------- ------- ---- ---------------- -------- ---M F -^- tbl_held_owner_0(9,11) : ingress
K--F---F -------------- -------------- ------------E ------- ---- ---------------- -------- ---M Q --^ tbl_commit_0(9,11) : ingress
#dependencies
A :  ANTI_NEXT_TABLE_DATA
B :  CONTROL_DEFAULT_NEXT_TABLE
C :  CONTROL_COND_TRUE
D :  CONTROL_DEFAULT_NEXT_TABLE OUTPUT
E :  ACTION_READ ANTI_NEXT_TABLE_DATA
F :  IXBAR_READ ANTI_NEXT_TABLE_DATA
G :  CONTROL_COND_FALSE
H :  ACTION_READ
I :  CONTROL_DEFAULT_NEXT_TABLE IXBAR_READ
J :  OUTPUT
K :  OUTPUT ANTI_NEXT_TABLE_DATA
L :  CONTROL_DEFAULT_NEXT_TABLE ACTION_READ
M :  IXBAR_READ
N :  IXBAR_READ ACTION_READ
O :  IXBAR_READ ACTION_READ OUTPUT
P :  IXBAR_READ ACTION_READ ANTI_NEXT_TABLE_DATA
Q :  IXBAR_READ OUTPUT ANTI_NEXT_TABLE_DATA
R :  ANTI_ACTION_READ ANTI_NEXT_TABLE_DATA
S :  IXBAR_READ ANTI_ACTION_READ ANTI_NEXT_TABLE_DATA
T :  IXBAR_READ ANTI_ACTION_READ
U :  ANTI_ACTION_READ
V :  ANTI_TABLE_READ ANTI_ACTION_READ
W :  IXBAR_READ ACTION_READ ANTI_TABLE_READ ANTI_ACTION_READ
X :  ACTION_READ OUTPUT
Y :  ACTION_READ OUTPUT ANTI_NEXT_TABLE_DATA

*** Table dependency chains (of minimum length 8) ***

1. tbl_defense4_timing3239(0) -> tbl_params_0(0) -> tbl_defense4_timing3386(0) -> tbl_defense4_timing3386_0(1) -> tbl_owner_admission_0(2) -> tbl_guarded_seq_0(3) -> tbl_resp_authorise_0(4) -> tbl_defense4_timing3435(5) -> tbl_defense4_timing3436(6) -> tbl_state_decode_0(7) -> tbl_hold_ok_0(7) -> tbl_decide_deq_0(8) -> tbl_defense4_timing3559(9) (ingress)

2. tbl_params_0(0) -> tbl_defense4_timing3386(0) -> tbl_defense4_timing3386_0(1) -> tbl_owner_admission_0(2) -> tbl_guarded_seq_0(3) -> tbl_resp_authorise_0(4) -> tbl_defense4_timing3435(5) -> tbl_defense4_timing3436(6) -> tbl_state_decode_0(7) -> tbl_hold_ok_0(7) -> tbl_decide_deq_0(8) -> tbl_defense4_timing3559(9) (ingress)

3. tbl_defense4_timing3386(0) -> tbl_defense4_timing3386_0(1) -> tbl_owner_admission_0(2) -> tbl_guarded_seq_0(3) -> tbl_resp_authorise_0(4) -> tbl_defense4_timing3435(5) -> tbl_defense4_timing3436(6) -> tbl_state_decode_0(7) -> tbl_hold_ok_0(7) -> tbl_decide_deq_0(8) -> tbl_defense4_timing3559(9) (ingress)
#pipeline pipe
#stage 0
^------- -------------- -------------- ------------- ------- ---- ---------------- -------- ---- - --- tbl_defense4_timing3239(0,2) : ingress
A^------ -------------- -------------- ------------- ------- ---- ---------------- -------- ---- - --- tbl_params_0(0,2) : ingress
-B^----- -------------- -------------- ------------- ------- ---- ---------------- -------- ---- - --- tbl_defense4_timing3245(0,5) : ingress
-B-^---- -------------- -------------- ------------- ------- ---- ---------------- -------- ---- - --- tbl_read_release_params_0(0,3) : ingress
-B--^--- -------------- -------------- ------------- ------- ---- ---------------- -------- ---- - --- tbl_build_exp_ack_0(0,4) : ingress
-B---^-- -------------- -------------- ------------- ------- ---- ---------------- -------- ---- - --- tbl_defense4_timing3300(0,5) : ingress
-B----^- -------------- -------------- ------------- ------- ---- ---------------- -------- ---- - --- tbl_defense4_timing3386(0,2) : ingress
-C-----^ -------------- -------------- ------------- ------- ---- ---------------- -------- ---- - --- tbl_defense4_timing3242(0,10) : ingress
#stage 1
------D- ^------------- -------------- ------------- ------- ---- ---------------- -------- ---- - --- tbl_defense4_timing3386_0(1,3) : ingress
-B------ -^------------ -------------- ------------- ------- ---- ---------------- -------- ---- - --- tbl_session_0(0,3) : ingress
-BE----- --^----------- -------------- ------------- ------- ---- ---------------- -------- ---- - --- tbl_build_now_0(1,6) : ingress
-B---F-- ---^---------- -------------- ------------- ------- ---- ---------------- -------- ---- - --- tbl_bor_codebook_0(1,7) : ingress
-B------ ----^--------- -------------- ------------- ------- ---- ---------------- -------- ---- - --- cond-58(0,5) : ingress
-------- ----C^-------- -------------- ------------- ------- ---- ---------------- -------- ---- - --- tbl_defense4_timing3287(0,5) : ingress
-------- -----G^------- -------------- ------------- ------- ---- ---------------- -------- ---- - --- tbl_defense4_timing3288(0,5) : ingress
-------- ------G^------ -------------- ------------- ------- ---- ---------------- -------- ---- - --- tbl_defense4_timing3289(0,5) : ingress
-B------ --------^----- -------------- ------------- ------- ---- ---------------- -------- ---- - --- tbl_bor_params_0(0,5) : ingress
-B------ -A-------^---- -------------- ------------- ------- ---- ---------------- -------- ---- - --- cond-69(0,5) : ingress
-------- ---------G^--- -------------- ------------- ------- ---- ---------------- -------- ---- - --- tbl_defense4_timing3358(0,5) : ingress
-------- ----------G^-- -------------- ------------- ------- ---- ---------------- -------- ---- - --- tbl_defense4_timing3364(0,5) : ingress
-------- -----------G^- -------------- ------------- ------- ---- ---------------- -------- ---- - --- tbl_defense4_timing3374(0,5) : ingress
-------- ---------C---^ -------------- ------------- ------- ---- ---------------- -------- ---- - --- tbl_defense4_timing3334(0,5) : ingress
#stage 2
-------- -H-----------G ^------------- ------------- ------- ---- ---------------- -------- ---- - --- tbl_defense4_timing3336(1,5) : ingress
-------- -H------------ G^------------ ------------- ------- ---- ---------------- -------- ---- - --- tbl_defense4_timing3339(1,5) : ingress
-------- -H------------ -G^----------- ------------- ------- ---- ---------------- -------- ---- - --- tbl_defense4_timing3342(1,5) : ingress
-I-F---- FF------------ ---^---------- ------------- ------- ---- ---------------- -------- ---- - --- tbl_owner_admission_0(2,4) : ingress
-B------ -------A------ ----^--------- ------------- ------- ---- ---------------- -------- ---- - --- cond-62(0,6) : ingress
-------- -----HHH------ ----C^-------- ------------- ------- ---- ---------------- -------- ---- - --- tbl_defense4_timing3293(1,6) : ingress
-------- -------------- -----G^------- ------------- ------- ---- ---------------- -------- ---- - --- tbl_defense4_timing3294(1,6) : ingress
-------- -------------- ----G--^------ ------------- ------- ---- ---------------- -------- ---- - --- tbl_defense4_timing3297(0,6) : ingress
-------- -------------- -------G^----- ------------- ------- ---- ---------------- -------- ---- - --- tbl_defense4_timing3298(0,6) : ingress
-------- -------------- ------G--^---- ------------- ------- ---- ---------------- -------- ---- - --- tbl_defense4_timing3295(1,6) : ingress
-B------ -------------- ----------^--- ------------- ------- ---- ---------------- -------- ---- - --- tbl_defense4_timing3251(0,6) : ingress
JD---F-- -E------K----- -----------^-- ------------- ------- ---- ---------------- -------- ---- - --- tbl_random_deadlines_0(1,6) : ingress
-B------ --EE---------- ------------^- ------------- ------- ---- ---------------- -------- ---- - --- tbl_defense4_timing3520(2,8) : ingress
-B------ -------------- -------------^ ------------- ------- ---- ---------------- -------- ---- - --- tbl_defense4_timing3254(0,9) : ingress
#stage 3
-B-FF--- -F------------ ---F---------- ^------------ ------- ---- ---------------- -------- ---- - --- tbl_guarded_ack_0(3,5) : ingress
-B-F---- -F------------ ---F---------- -^----------- ------- ---- ---------------- -------- ---- - --- tbl_guarded_sport_0(3,5) : ingress
-B-F---- -F------------ ---F---------- --^---------- ------- ---- ---------------- -------- ---- - --- tbl_guarded_seq_0(3,5) : ingress
-B-F---- -------------- ---F---------- ---^--------- ------- ---- ---------------- -------- ---- - --- tbl_owner_valid_0(3,6) : ingress
-B-F---- -------------- ---F---------- ----^-------- ------- ---- ---------------- -------- ---- - --- tbl_tracker_admission_0(3,6) : ingress
-L-E---- --E----------- -----------E-- -----^------- ------- ---- ---------------- -------- ---- - --- tbl_build_cand_resp_0(2,7) : ingress
-L------ --E----------- -----------E-- ------^------ ------- ---- ---------------- -------- ---- - --- tbl_build_cand_0(2,7) : ingress
-B------ --E-----E----- -----------E-- -------^----- ------- ---- ---------------- -------- ---- - --- tbl_defense4_timing3309(2,7) : ingress
-B------ -------------- -----HHHEEF--- --------^---- ------- ---- ---------------- -------- ---- - --- tbl_defense4_timing3507(2,7) : ingress
-------- -------------- -----HHHHHM--- --------G^--- ------- ---- ---------------- -------- ---- - --- tbl_defense4_timing3508(2,7) : ingress
-------- -------------- -----HHHHHM--- ---------G^-- ------- ---- ---------------- -------- ---- - --- tbl_defense4_timing3509(2,7) : ingress
-------- -------------- ----------M--- ----------G^- ------- ---- ---------------- -------- ---- - --- tbl_defense4_timing3510(2,7) : ingress
-B------ -------------- ---E---------- ------------^ ------- ---- ---------------- -------- ---- - --- tbl_defense4_timing3388(3,10) : ingress
#stage 4
-B------ -------------- -----HHHEE---- -----EEE----- ^------ ---- ---------------- -------- ---- - --- tbl_select_deadlines_0(3,8) : ingress
-B------ ----------NOKJ NNP-------A--- FFF---------- -^----- ---- ---------------- -------- ---- - --- tbl_resp_authorise_0(4,6) : ingress
-------- ----------HH-- HHH----------- ------------- -G^---- ---- ---------------- -------- ---- - --- cond-79(4,6) : ingress
-H------ -----------JJJ -------------- ------------- --C^--- ---- ---------------- -------- ---- - --- tbl_defense4_timing3410(4,6) : ingress
-------- -----------JJJ -------------- ------------- ---G^-- ---- ---------------- -------- ---- - --- tbl_defense4_timing3412(4,6) : ingress
-------- ----------HH-- HHH-------H--- ------------- --G--^- ---- ---------------- -------- ---- - --- tbl_defense4_timing3415(4,7) : ingress
-B-A---- ------------A- --A--HHHEE---- ---AA-------- ----AA^ ---- ---------------- -------- ---- - --- cond-82(4,7) : ingress
#stage 5
-------- -----------JJJ -------------- ---H--------- -J-JJ-C ^--- ---------------- -------- ---- - --- tbl_defense4_timing3435(5,7) : ingress
-H------ ----------HH-- HHH----------- ------------- ------- G^-- ---------------- -------- ---- - --- cond-84(5,7) : ingress
---H---- -----------JJJ -------------- ----H-------- -J-JJ-- -C^- ---------------- -------- ---- - --- tbl_defense4_timing3440(5,7) : ingress
---H---- -----------JJJ -------------- ------------- -J-JJ-- --G^ ---------------- -------- ---- - --- tbl_defense4_timing3444(5,7) : ingress
#stage 6
-------- ----------HNMM HHH----------- ------------- -M-MM-- -G-- ^--------------- -------- ---- - --- tbl_defense4_timing3451(5,7) : ingress
-------- ----------HNMM HHH----------- ------------- -M-MM-- ---- G^-------------- -------- ---- - --- tbl_defense4_timing3457(5,7) : ingress
-------- ----------HNMM HHH----------- ------------- -M-MM-- ---- -G^------------- -------- ---- - --- tbl_defense4_timing3473(5,7) : ingress
-H------ -----------MMM -------------- ------------- -M-MM-- ---- --C^------------ -------- ---- - --- tbl_defense4_timing3468(5,7) : ingress
-------- -----------MMM -------------- ------------- -M-MM-- ---- ---G^----------- -------- ---- - --- tbl_defense4_timing3470(5,7) : ingress
-------- -----------MMM -------------- ------------- -M-MM-- ---G -----^---------- -------- ---- - --- tbl_defense4_timing3447(5,8) : ingress
-------- -------------- -------------- ------------- ------- ---I ------^--------- -------- ---- - --- tbl_defense4_timing3445(6,8) : ingress
-------- -------------- -------------- ------------- ------- --I- -------^-------- -------- ---- - --- tbl_defense4_timing3441(6,8) : ingress
-------- -------------- -------------- ------------- ------- I--- --------^------- -------- ---- - --- tbl_defense4_timing3436(6,8) : ingress
-B------ -------------- -----HHHEE---- ------------- ------- ---- ---------^------ -------- ---- - --- tbl_defense4_timing3511(2,8) : ingress
-------- -------------- -----HHHHH---- ------------- ------- ---- ---------G^----- -------- ---- - --- tbl_defense4_timing3512(2,8) : ingress
-------- -------------- -------------- ------------- ------- ---- ----------G^---- -------- ---- - --- tbl_defense4_timing3519(2,8) : ingress
-B------ -------------- -----HHHEE---- --------HMMF- ------- ---- ------------^--- -------- ---- - --- tbl_defense4_timing3522(3,8) : ingress
-------- -------------- -----HHHHH---- ---------MMM- ------- ---- ------------G^-- -------- ---- - --- tbl_defense4_timing3523(3,8) : ingress
-------- -------------- -----HHHHH---- ---------MMM- ------- ---- -------------G^- -------- ---- - --- tbl_defense4_timing3524(3,9) : ingress
-B------ -------------- -----HHHEE--A- ------------- ------- ---- -----------A---^ -------- ---- - --- cond-102(2,9) : ingress
#stage 7
-------- -------------- ------------J- ------------- ------- ---- ---------HHH---C ^------- ---- - --- tbl_defense4_timing3528(3,9) : ingress
-------- -------------- ------------J- ------------- ------- ---- ---------HHH---- G^------ ---- - --- tbl_defense4_timing3529(3,9) : ingress
-------- -------------- ------------J- ------------- ------- ---- ---------------- -G^----- ---- - --- tbl_defense4_timing3530(3,9) : ingress
-B-F---- ----------MMA- MMFF---------- ------------- ------- ---- -M-MF----------- ---^---- ---- - --- tbl_txn_active_0(6,8) : ingress
-B------ --F-----F-MMA- MMF--MMMFF---- FFF---------- Q------ ---- M-M-AFFFF------- ----^--- ---- - --- tbl_state_decode_0(7,9) : ingress
-B-F---- --F-----F-MMA- MMFF-MMMFF---- FFF---------- Q------ ---- M-M-AFFFF------- -----^-- ---- - --- tbl_resp_deadline_0(7,9) : ingress
-B------ --F----------- -----MMMFF--F- ---------MMF- R------ ---- ---------MMF-MA- ----RR^- ---- - --- tbl_hold_ok_0(7,9) : ingress
-B------ ----------HHA- HHE----------- ---A--------- ------- ---- ----A----------- ---A---^ ---- - --- cond-91(6,9) : ingress
#stage 8
-------- -------------- -------------- ---H--------- ------- ---- -M-MM----------- ---J---C ^--- - --- tbl_defense4_timing3489(7,9) : ingress
-------- -------------- -------------- ------------- ------- ---- -M-MM----------- ---J---- G^-- - --- tbl_defense4_timing3490(7,9) : ingress
-------- ----------HH-- HHH----------- ------------- ------- ---- -M-MM----------- ---J---G --^- - --- tbl_defense4_timing3496(7,9) : ingress
-B-F---- A------A----A- --A--MMMFFS-AF ---F----M--A- F------ ---- ----A---------A- --AAFFF- -AA^ - --- tbl_decide_deq_0(8,10) : ingress
#stage 9
-N------ H----MMM--TM-- MMM--MMTMMU-MU ---M----VWWW- M------ ---- -H-HH-------UVU- MMMMM-M- MMMC ^ --- tbl_decide_fresh_0(8,10) : ingress
#stage 10
XB------ -------------- -----------Y-- ------------- ------- ---- ---------------- -------- ---H E ^-- tbl_defense4_timing3559(9,11) : ingress
---F---F -------------- ---E---------- ------------- ------- ---- ---------------- -------- ---M F -^- tbl_held_owner_0(9,11) : ingress
K--F---F -------------- -------------- ------------E ------- ---- ---------------- -------- ---M Q --^ tbl_commit_0(9,11) : ingress
#dependencies
A :  ANTI_NEXT_TABLE_DATA
B :  CONTROL_DEFAULT_NEXT_TABLE
C :  CONTROL_COND_TRUE
D :  CONTROL_DEFAULT_NEXT_TABLE OUTPUT
E :  ACTION_READ ANTI_NEXT_TABLE_DATA
F :  IXBAR_READ ANTI_NEXT_TABLE_DATA
G :  CONTROL_COND_FALSE
H :  ACTION_READ
I :  CONTROL_DEFAULT_NEXT_TABLE IXBAR_READ
J :  OUTPUT
K :  OUTPUT ANTI_NEXT_TABLE_DATA
L :  CONTROL_DEFAULT_NEXT_TABLE ACTION_READ
M :  IXBAR_READ
N :  IXBAR_READ ACTION_READ
O :  IXBAR_READ ACTION_READ OUTPUT
P :  IXBAR_READ ACTION_READ ANTI_NEXT_TABLE_DATA
Q :  IXBAR_READ OUTPUT ANTI_NEXT_TABLE_DATA
R :  ANTI_ACTION_READ ANTI_NEXT_TABLE_DATA
S :  IXBAR_READ ANTI_ACTION_READ ANTI_NEXT_TABLE_DATA
T :  IXBAR_READ ANTI_ACTION_READ
U :  ANTI_ACTION_READ
V :  ANTI_TABLE_READ ANTI_ACTION_READ
W :  IXBAR_READ ACTION_READ ANTI_TABLE_READ ANTI_ACTION_READ
X :  ACTION_READ OUTPUT
Y :  ACTION_READ OUTPUT ANTI_NEXT_TABLE_DATA

*** Table dependency chains (of minimum length 8) ***

1. tbl_defense4_timing3239(0) -> tbl_params_0(0) -> tbl_defense4_timing3386(0) -> tbl_defense4_timing3386_0(1) -> tbl_owner_admission_0(2) -> tbl_guarded_seq_0(3) -> tbl_resp_authorise_0(4) -> tbl_defense4_timing3435(5) -> tbl_defense4_timing3436(6) -> tbl_state_decode_0(7) -> tbl_hold_ok_0(7) -> tbl_decide_deq_0(8) -> tbl_defense4_timing3559(9) (ingress)

2. tbl_params_0(0) -> tbl_defense4_timing3386(0) -> tbl_defense4_timing3386_0(1) -> tbl_owner_admission_0(2) -> tbl_guarded_seq_0(3) -> tbl_resp_authorise_0(4) -> tbl_defense4_timing3435(5) -> tbl_defense4_timing3436(6) -> tbl_state_decode_0(7) -> tbl_hold_ok_0(7) -> tbl_decide_deq_0(8) -> tbl_defense4_timing3559(9) (ingress)

3. tbl_defense4_timing3386(0) -> tbl_defense4_timing3386_0(1) -> tbl_owner_admission_0(2) -> tbl_guarded_seq_0(3) -> tbl_resp_authorise_0(4) -> tbl_defense4_timing3435(5) -> tbl_defense4_timing3436(6) -> tbl_state_decode_0(7) -> tbl_hold_ok_0(7) -> tbl_decide_deq_0(8) -> tbl_defense4_timing3559(9) (ingress)
