/home/philip/Projects/DNP3/defense4/timing/case4_architecture/ownership/evidence/protected_recirc_03/source/protected_recirc_probe.p4(117): [--Wwarn=unused] warning: Table publication_difference is not used; removing
    table publication_difference {
          ^^^^^^^^^^^^^^^^^^^^^^
/home/philip/Projects/DNP3/defense4/timing/case4_architecture/ownership/evidence/protected_recirc_03/source/protected_recirc_probe.p4(28): [--Wwarn=uninitialized_out_param] warning: out parameter 'md' may be uninitialized when 'IngressParser' terminates
parser IngressParser(packet_in pkt, out header_t hdr, out metadata_t md,
                                                                     ^^
/home/philip/Projects/DNP3/defense4/timing/case4_architecture/ownership/evidence/protected_recirc_03/source/protected_recirc_probe.p4(28)
parser IngressParser(packet_in pkt, out header_t hdr, out metadata_t md,
       ^^^^^^^^^^^^^
/home/philip/Projects/DNP3/defense4/timing/case4_architecture/ownership/evidence/protected_recirc_03/source/probe_shell.p4(4): [--Wwarn=uninitialized_out_param] warning: out parameter 'md' may be uninitialized when 'EmptyEgressParser' terminates
parser EmptyEgressParser(packet_in pkt, out header_t hdr, out metadata_t md,
                                                                         ^^
/home/philip/Projects/DNP3/defense4/timing/case4_architecture/ownership/evidence/protected_recirc_03/source/probe_shell.p4(4)
parser EmptyEgressParser(packet_in pkt, out header_t hdr, out metadata_t md,
       ^^^^^^^^^^^^^^^^^
warning: Parser state min_parse_depth_accept_loop will be unrolled up to 4 times due to @pragma max_loop_depth.
warning: Parser state min_parse_depth_accept_loop will be unrolled up to 4 times due to @pragma max_loop_depth.

0 errors, 5 warnings generated.

/home/philip/Projects/DNP3/defense4/timing/case4_architecture/ownership/evidence/protected_recirc_03/out/pipe/protected_recirc_probe.bfa:1379: error: Syntax error, expecting register slice
failed command assembler
