Subscribe attempt #1
Subscribe response received 0
Binding with p4_name handshake
Binding with p4_name handshake successful!!
Received handshake on GetForwarding on client 1, device 0
PASS happy/0:syn                        expected=MATCH      observed=MATCH
PASS happy/1:synack                     expected=MATCH      observed=MATCH
PASS happy/2:ack                        expected=MATCH      observed=MATCH
PASS happy_then_fin_client/0:syn        expected=MATCH      observed=MATCH
PASS happy_then_fin_client/1:synack     expected=MATCH      observed=MATCH
PASS happy_then_fin_client/2:ack        expected=MATCH      observed=MATCH
PASS happy_then_fin_client/3:fin        expected=MATCH      observed=MATCH
PASS happy_then_fin_server/0:syn        expected=MATCH      observed=MATCH
PASS happy_then_fin_server/1:synack     expected=MATCH      observed=MATCH
PASS happy_then_fin_server/2:ack        expected=MATCH      observed=MATCH
PASS happy_then_fin_server/3:fin_s      expected=MATCH      observed=MATCH
PASS happy_then_rst/0:syn               expected=MATCH      observed=MATCH
PASS happy_then_rst/1:synack            expected=MATCH      observed=MATCH
PASS happy_then_rst/2:ack               expected=MATCH      observed=MATCH
PASS happy_then_rst/3:rst               expected=MATCH      observed=MATCH
PASS close_after_syn/0:syn              expected=MATCH      observed=MATCH
PASS close_after_syn/1:rst              expected=MATCH      observed=MATCH
PASS close_after_synack/0:syn           expected=MATCH      observed=MATCH
PASS close_after_synack/1:synack        expected=MATCH      observed=MATCH
PASS close_after_synack/2:fin_client    expected=MATCH      observed=MATCH
PASS syn_bad_ip_csum/0:syn              expected=MATCH      observed=MATCH
PASS syn_bad_tcp_csum/0:syn             expected=MATCH      observed=MATCH
PASS syn_ttl0/0:syn                     expected=MATCH      observed=MATCH
PASS syn_mss56/0:syn                    expected=MATCH      observed=MATCH
PASS syn_mss57/0:syn                    expected=MATCH      observed=MATCH
PASS syn_mss65535/0:syn                 expected=MATCH      observed=MATCH
PASS syn_df_off_mf/0:syn                expected=MATCH      observed=MATCH
PASS syn_urgent/0:syn                   expected=MATCH      observed=MATCH
FAIL syn_ack_nonzero/0:syn              expected=MATCH      observed=LEAK_PRIVATE_PREFIX
PASS syn_no_mss/0:syn                   expected=MATCH      observed=MATCH
PASS syn_with_payload/0:syn             expected=MATCH      observed=MATCH
PASS syn_wrong_sport/0:syn              expected=MATCH      observed=MATCH
PASS syn_on_unlisted_port/0:syn         expected=MATCH      observed=MATCH
PASS syn_from_server_side/0:syn         expected=MATCH      observed=MATCH
PASS syn_syn_fin_flags/0:synfin         expected=MATCH      observed=MATCH
FAIL synack_first/0:synack              expected=MATCH      observed=LEAK_PRIVATE_PREFIX
FAIL ack_first/0:ack                    expected=MATCH      observed=LEAK_PRIVATE_PREFIX
PASS duplicate_syn/0:syn                expected=MATCH      observed=MATCH
PASS duplicate_syn/1:syn_again          expected=MATCH      observed=MATCH_COUNTER_BURN
PASS syn_after_established/0:syn        expected=MATCH      observed=MATCH
PASS syn_after_established/1:synack     expected=MATCH      observed=MATCH
PASS syn_after_established/2:ack        expected=MATCH      observed=MATCH
PASS syn_after_established/3:syn_again  expected=MATCH      observed=MATCH_COUNTER_BURN
PASS duplicate_synack/0:syn             expected=MATCH      observed=MATCH
PASS duplicate_synack/1:synack          expected=MATCH      observed=MATCH
PASS duplicate_synack/2:synack_again    expected=MATCH      observed=MATCH_COUNTER_BURN
PASS duplicate_ack/0:syn                expected=MATCH      observed=MATCH
PASS duplicate_ack/1:synack             expected=MATCH      observed=MATCH
PASS duplicate_ack/2:ack                expected=MATCH      observed=MATCH
PASS duplicate_ack/3:ack_again          expected=MATCH      observed=MATCH_COUNTER_BURN
PASS synack_wrong_ack/0:syn             expected=MATCH      observed=MATCH
PASS synack_wrong_ack/1:synack_bad_ack  expected=MATCH      observed=MATCH_COUNTER_BURN
PASS ack_wrong_seq/0:syn                expected=MATCH      observed=MATCH
PASS ack_wrong_seq/1:synack             expected=MATCH      observed=MATCH
PASS ack_wrong_seq/2:ack_bad_seq        expected=MATCH      observed=MATCH_COUNTER_BURN
PASS ack_wrong_ack/0:syn                expected=MATCH      observed=MATCH
PASS ack_wrong_ack/1:synack             expected=MATCH      observed=MATCH
PASS ack_wrong_ack/2:ack_bad_ack        expected=MATCH      observed=MATCH_COUNTER_BURN
PASS ack_bad_tcp_csum/0:syn             expected=MATCH      observed=MATCH
PASS ack_bad_tcp_csum/1:synack          expected=MATCH      observed=MATCH
PASS ack_bad_tcp_csum/2:ack_bad         expected=MATCH      observed=MATCH
PASS synack_bad_ip_csum/0:syn           expected=MATCH      observed=MATCH
PASS synack_bad_ip_csum/1:synack_bad    expected=MATCH      observed=MATCH
PASS ack_on_server_side/0:syn           expected=MATCH      observed=MATCH
PASS ack_on_server_side/1:synack        expected=MATCH      observed=MATCH
PASS ack_on_server_side/2:ack_from_wrong_dir expected=MATCH      observed=MATCH
PASS ack_with_payload_unsupported/0:syn expected=MATCH      observed=MATCH
PASS ack_with_payload_unsupported/1:synack expected=MATCH      observed=MATCH
PASS ack_with_payload_unsupported/2:ack_payload expected=MATCH      observed=MATCH
PASS rst_wrong_seq/0:syn                expected=MATCH      observed=MATCH
PASS rst_wrong_seq/1:synack             expected=MATCH      observed=MATCH
PASS rst_wrong_seq/2:ack                expected=MATCH      observed=MATCH
PASS rst_wrong_seq/3:rst_bad_seq        expected=MATCH      observed=MATCH
PASS reconnect_after_close/0:syn        expected=MATCH      observed=MATCH
PASS reconnect_after_close/1:synack     expected=MATCH      observed=MATCH
PASS reconnect_after_close/2:ack        expected=MATCH      observed=MATCH
PASS reconnect_after_close/3:fin        expected=MATCH      observed=MATCH
PASS reconnect_after_close/4:syn_new    expected=MATCH      observed=MATCH_COUNTER_BURN
SUMMARY {'total': 78, 'passed': 75, 'failed': ['syn_ack_nonzero/0:syn', 'synack_first/0:synack', 'ack_first/0:ack']}
driver exit code 1
hugepages free after run: HugePages_Free: 196
