/home/philip/Projects/DNP3/defense4/timing/case4_architecture/integration/evidence/m_canary_08/source/m_skeleton.p4(24): [--Wwarn=uninitialized_out_param] warning: out parameter 'm' may be uninitialized when 'IgParser' terminates
parser IgParser(packet_in pkt,out headers_t hdr,out meta_t m,out ingress_intrinsic_metadata_t ig){Checksum() ipcheck;Checksum() repaircheck;
                                                           ^
/home/philip/Projects/DNP3/defense4/timing/case4_architecture/integration/evidence/m_canary_08/source/m_skeleton.p4(24)
parser IgParser(packet_in pkt,out headers_t hdr,out meta_t m,out ingress_intrinsic_metadata_t ig){Checksum() ipcheck;Checksum() repaircheck;
       ^^^^^^^^
/home/philip/Projects/DNP3/defense4/timing/case4_architecture/integration/evidence/m_canary_08/source/m_skeleton.p4(398): [--Wwarn=uninitialized_out_param] warning: out parameter 'm' may be uninitialized when 'EgParser' terminates
parser EgParser(packet_in pkt,out headers_t hdr,out meta_t m,out egress_intrinsic_metadata_t eg){state start{pkt.extract(eg);transition accept;}}
                                                           ^
/home/philip/Projects/DNP3/defense4/timing/case4_architecture/integration/evidence/m_canary_08/source/m_skeleton.p4(398)
parser EgParser(packet_in pkt,out headers_t hdr,out meta_t m,out egress_intrinsic_metadata_t eg){state start{pkt.extract(eg);transition accept;}}
       ^^^^^^^^
warning: checksum.get() will deprecate in future versions. Please use void subtract_all_and_deposit(bit<16>) instead
warning: Parser state min_parse_depth_accept_loop will be unrolled up to 4 times due to @pragma max_loop_depth.
warning: checksum.get() will deprecate in future versions. Please use void subtract_all_and_deposit(bit<16>) instead
warning: Parser state min_parse_depth_accept_loop will be unrolled up to 4 times due to @pragma max_loop_depth.
error: /home/philip/Projects/DNP3/defense4/timing/case4_architecture/integration/evidence/m_canary_08/source/m_skeleton.p4(106): Could not place table Ingress.led_pos_t: The table led_pos_t_0 could not fit within the input crossbar by itself: Ingress.led_pos requires more than 2 PHV inputs
 table led_pos_t{key={m.kind:exact;m.phase:exact;m.parsed:exact;m.ip_error:exact;}actions={led_pos_write_0;led_pos_write_1;led_pos_check_0;led_pos_check_1;NoAction;}size=4;const default_action=NoAction();const entries={(8w5,16w9,8w1,false):led_pos_write_0();(8w7,16w12,8w1,false):led_pos_write_1();(8w12,16w9,8w1,false):led_pos_check_0();(8w12,16w12,8w1,false):led_pos_check_1();}}
       ^^^^^^^^^


1 error, 6 warnings generated.

Skipping assembler, assembly file is empty
