/home/philip/Projects/DNP3/defense4/timing/case4_architecture/integration/evidence/selected_08/source/selected.p4(26): [--Werror=type-error] error: AssignmentStatement
 state start{pkt.extract(ig);pkt.advance(PORT_METADATA_SIZE);m.parsed=1w0;m.response=1w0;m.matched=1w0;m.bad1=1w0;m.port_valid=1w0;m.stage=8w0;m.kind=8w0;m.enabled=1w0;m.profile=1w0;m.changed=1w0;m.badh=1w0;m.badb=1w0;m.badt=1w0;transition select(ig.ingress_port){RETURN_PORT:epoch;default:eth;}}
                                                                     ^
  ---- Actual error:
  Cannot cast implicitly type 'bit<1>' to type 'bit<8>'
  ---- Originating from:
  /home/philip/Projects/DNP3/defense4/timing/case4_architecture/integration/evidence/selected_08/source/selected.p4(26): Source expression '1w0' produces a result of type 'bit<1>' which cannot be assigned to a left-value with type 'bit<8>'
   state start{pkt.extract(ig);pkt.advance(PORT_METADATA_SIZE);m.parsed=1w0;m.response=1w0;m.matched=1w0;m.bad1=1w0;m.port_valid=1w0;m.stage=8w0;m.kind=8w0;m.enabled=1w0;m.profile=1w0;m.changed=1w0;m.badh=1w0;m.badb=1w0;m.badt=1w0;transition select(ig.ingress_port){RETURN_PORT:epoch;default:eth;}}
                                                                        ^^^
/home/philip/Projects/DNP3/defense4/timing/case4_architecture/integration/evidence/selected_08/source/selected.p4(26): [--Werror=type-error] error: AssignmentStatement
 state start{pkt.extract(ig);pkt.advance(PORT_METADATA_SIZE);m.parsed=1w0;m.response=1w0;m.matched=1w0;m.bad1=1w0;m.port_valid=1w0;m.stage=8w0;m.kind=8w0;m.enabled=1w0;m.profile=1w0;m.changed=1w0;m.badh=1w0;m.badb=1w0;m.badt=1w0;transition select(ig.ingress_port){RETURN_PORT:epoch;default:eth;}}
                                                                                    ^
  ---- Actual error:
  Cannot cast implicitly type 'bit<1>' to type 'bit<8>'
  ---- Originating from:
  /home/philip/Projects/DNP3/defense4/timing/case4_architecture/integration/evidence/selected_08/source/selected.p4(26): Source expression '1w0' produces a result of type 'bit<1>' which cannot be assigned to a left-value with type 'bit<8>'
   state start{pkt.extract(ig);pkt.advance(PORT_METADATA_SIZE);m.parsed=1w0;m.response=1w0;m.matched=1w0;m.bad1=1w0;m.port_valid=1w0;m.stage=8w0;m.kind=8w0;m.enabled=1w0;m.profile=1w0;m.changed=1w0;m.badh=1w0;m.badb=1w0;m.badt=1w0;transition select(ig.ingress_port){RETURN_PORT:epoch;default:eth;}}
                                                                                       ^^^
/home/philip/Projects/DNP3/defense4/timing/case4_architecture/integration/evidence/selected_08/source/selected.p4(26): [--Werror=type-error] error: AssignmentStatement
 state start{pkt.extract(ig);pkt.advance(PORT_METADATA_SIZE);m.parsed=1w0;m.response=1w0;m.matched=1w0;m.bad1=1w0;m.port_valid=1w0;m.stage=8w0;m.kind=8w0;m.enabled=1w0;m.profile=1w0;m.changed=1w0;m.badh=1w0;m.badb=1w0;m.badt=1w0;transition select(ig.ingress_port){RETURN_PORT:epoch;default:eth;}}
                                                                                                  ^
  ---- Actual error:
  Cannot cast implicitly type 'bit<1>' to type 'bit<8>'
  ---- Originating from:
  /home/philip/Projects/DNP3/defense4/timing/case4_architecture/integration/evidence/selected_08/source/selected.p4(26): Source expression '1w0' produces a result of type 'bit<1>' which cannot be assigned to a left-value with type 'bit<8>'
   state start{pkt.extract(ig);pkt.advance(PORT_METADATA_SIZE);m.parsed=1w0;m.response=1w0;m.matched=1w0;m.bad1=1w0;m.port_valid=1w0;m.stage=8w0;m.kind=8w0;m.enabled=1w0;m.profile=1w0;m.changed=1w0;m.badh=1w0;m.badb=1w0;m.badt=1w0;transition select(ig.ingress_port){RETURN_PORT:epoch;default:eth;}}
                                                                                                     ^^^
/home/philip/Projects/DNP3/defense4/timing/case4_architecture/integration/evidence/selected_08/source/selected.p4(26): [--Werror=type-error] error: AssignmentStatement
 state start{pkt.extract(ig);pkt.advance(PORT_METADATA_SIZE);m.parsed=1w0;m.response=1w0;m.matched=1w0;m.bad1=1w0;m.port_valid=1w0;m.stage=8w0;m.kind=8w0;m.enabled=1w0;m.profile=1w0;m.changed=1w0;m.badh=1w0;m.badb=1w0;m.badt=1w0;transition select(ig.ingress_port){RETURN_PORT:epoch;default:eth;}}
                                                                                                             ^
  ---- Actual error:
  Cannot cast implicitly type 'bit<1>' to type 'bit<8>'
  ---- Originating from:
  /home/philip/Projects/DNP3/defense4/timing/case4_architecture/integration/evidence/selected_08/source/selected.p4(26): Source expression '1w0' produces a result of type 'bit<1>' which cannot be assigned to a left-value with type 'bit<8>'
   state start{pkt.extract(ig);pkt.advance(PORT_METADATA_SIZE);m.parsed=1w0;m.response=1w0;m.matched=1w0;m.bad1=1w0;m.port_valid=1w0;m.stage=8w0;m.kind=8w0;m.enabled=1w0;m.profile=1w0;m.changed=1w0;m.badh=1w0;m.badb=1w0;m.badt=1w0;transition select(ig.ingress_port){RETURN_PORT:epoch;default:eth;}}
                                                                                                                ^^^
/home/philip/Projects/DNP3/defense4/timing/case4_architecture/integration/evidence/selected_08/source/selected.p4(26): [--Werror=type-error] error: AssignmentStatement
 state start{pkt.extract(ig);pkt.advance(PORT_METADATA_SIZE);m.parsed=1w0;m.response=1w0;m.matched=1w0;m.bad1=1w0;m.port_valid=1w0;m.stage=8w0;m.kind=8w0;m.enabled=1w0;m.profile=1w0;m.changed=1w0;m.badh=1w0;m.badb=1w0;m.badt=1w0;transition select(ig.ingress_port){RETURN_PORT:epoch;default:eth;}}
                                                                                                                              ^
  ---- Actual error:
  Cannot cast implicitly type 'bit<1>' to type 'bit<8>'
  ---- Originating from:
  /home/philip/Projects/DNP3/defense4/timing/case4_architecture/integration/evidence/selected_08/source/selected.p4(26): Source expression '1w0' produces a result of type 'bit<1>' which cannot be assigned to a left-value with type 'bit<8>'
   state start{pkt.extract(ig);pkt.advance(PORT_METADATA_SIZE);m.parsed=1w0;m.response=1w0;m.matched=1w0;m.bad1=1w0;m.port_valid=1w0;m.stage=8w0;m.kind=8w0;m.enabled=1w0;m.profile=1w0;m.changed=1w0;m.badh=1w0;m.badb=1w0;m.badt=1w0;transition select(ig.ingress_port){RETURN_PORT:epoch;default:eth;}}
                                                                                                                                 ^^^
/home/philip/Projects/DNP3/defense4/timing/case4_architecture/integration/evidence/selected_08/source/selected.p4(26): [--Werror=type-error] error: AssignmentStatement
 state start{pkt.extract(ig);pkt.advance(PORT_METADATA_SIZE);m.parsed=1w0;m.response=1w0;m.matched=1w0;m.bad1=1w0;m.port_valid=1w0;m.stage=8w0;m.kind=8w0;m.enabled=1w0;m.profile=1w0;m.changed=1w0;m.badh=1w0;m.badb=1w0;m.badt=1w0;transition select(ig.ingress_port){RETURN_PORT:epoch;default:eth;}}
                                                                                                                                                                   ^
  ---- Actual error:
  Cannot cast implicitly type 'bit<1>' to type 'bit<8>'
  ---- Originating from:
  /home/philip/Projects/DNP3/defense4/timing/case4_architecture/integration/evidence/selected_08/source/selected.p4(26): Source expression '1w0' produces a result of type 'bit<1>' which cannot be assigned to a left-value with type 'bit<8>'
   state start{pkt.extract(ig);pkt.advance(PORT_METADATA_SIZE);m.parsed=1w0;m.response=1w0;m.matched=1w0;m.bad1=1w0;m.port_valid=1w0;m.stage=8w0;m.kind=8w0;m.enabled=1w0;m.profile=1w0;m.changed=1w0;m.badh=1w0;m.badb=1w0;m.badt=1w0;transition select(ig.ingress_port){RETURN_PORT:epoch;default:eth;}}
                                                                                                                                                                      ^^^
/home/philip/Projects/DNP3/defense4/timing/case4_architecture/integration/evidence/selected_08/source/selected.p4(26): [--Werror=type-error] error: AssignmentStatement
 state start{pkt.extract(ig);pkt.advance(PORT_METADATA_SIZE);m.parsed=1w0;m.response=1w0;m.matched=1w0;m.bad1=1w0;m.port_valid=1w0;m.stage=8w0;m.kind=8w0;m.enabled=1w0;m.profile=1w0;m.changed=1w0;m.badh=1w0;m.badb=1w0;m.badt=1w0;transition select(ig.ingress_port){RETURN_PORT:epoch;default:eth;}}
                                                                                                                                                                                 ^
  ---- Actual error:
  Cannot cast implicitly type 'bit<1>' to type 'bit<8>'
  ---- Originating from:
  /home/philip/Projects/DNP3/defense4/timing/case4_architecture/integration/evidence/selected_08/source/selected.p4(26): Source expression '1w0' produces a result of type 'bit<1>' which cannot be assigned to a left-value with type 'bit<8>'
   state start{pkt.extract(ig);pkt.advance(PORT_METADATA_SIZE);m.parsed=1w0;m.response=1w0;m.matched=1w0;m.bad1=1w0;m.port_valid=1w0;m.stage=8w0;m.kind=8w0;m.enabled=1w0;m.profile=1w0;m.changed=1w0;m.badh=1w0;m.badb=1w0;m.badt=1w0;transition select(ig.ingress_port){RETURN_PORT:epoch;default:eth;}}
                                                                                                                                                                                    ^^^
/home/philip/Projects/DNP3/defense4/timing/case4_architecture/integration/evidence/selected_08/source/selected.p4(26): [--Werror=type-error] error: AssignmentStatement
 state start{pkt.extract(ig);pkt.advance(PORT_METADATA_SIZE);m.parsed=1w0;m.response=1w0;m.matched=1w0;m.bad1=1w0;m.port_valid=1w0;m.stage=8w0;m.kind=8w0;m.enabled=1w0;m.profile=1w0;m.changed=1w0;m.badh=1w0;m.badb=1w0;m.badt=1w0;transition select(ig.ingress_port){RETURN_PORT:epoch;default:eth;}}
                                                                                                                                                                                               ^
  ---- Actual error:
  Cannot cast implicitly type 'bit<1>' to type 'bit<8>'
  ---- Originating from:
  /home/philip/Projects/DNP3/defense4/timing/case4_architecture/integration/evidence/selected_08/source/selected.p4(26): Source expression '1w0' produces a result of type 'bit<1>' which cannot be assigned to a left-value with type 'bit<8>'
   state start{pkt.extract(ig);pkt.advance(PORT_METADATA_SIZE);m.parsed=1w0;m.response=1w0;m.matched=1w0;m.bad1=1w0;m.port_valid=1w0;m.stage=8w0;m.kind=8w0;m.enabled=1w0;m.profile=1w0;m.changed=1w0;m.badh=1w0;m.badb=1w0;m.badt=1w0;transition select(ig.ingress_port){RETURN_PORT:epoch;default:eth;}}
                                                                                                                                                                                                  ^^^
/home/philip/Projects/DNP3/defense4/timing/case4_architecture/integration/evidence/selected_08/source/selected.p4(26): [--Werror=type-error] error: AssignmentStatement
 state start{pkt.extract(ig);pkt.advance(PORT_METADATA_SIZE);m.parsed=1w0;m.response=1w0;m.matched=1w0;m.bad1=1w0;m.port_valid=1w0;m.stage=8w0;m.kind=8w0;m.enabled=1w0;m.profile=1w0;m.changed=1w0;m.badh=1w0;m.badb=1w0;m.badt=1w0;transition select(ig.ingress_port){RETURN_PORT:epoch;default:eth;}}
                                                                                                                                                                                                          ^
  ---- Actual error:
  Cannot cast implicitly type 'bit<1>' to type 'bit<8>'
  ---- Originating from:
  /home/philip/Projects/DNP3/defense4/timing/case4_architecture/integration/evidence/selected_08/source/selected.p4(26): Source expression '1w0' produces a result of type 'bit<1>' which cannot be assigned to a left-value with type 'bit<8>'
   state start{pkt.extract(ig);pkt.advance(PORT_METADATA_SIZE);m.parsed=1w0;m.response=1w0;m.matched=1w0;m.bad1=1w0;m.port_valid=1w0;m.stage=8w0;m.kind=8w0;m.enabled=1w0;m.profile=1w0;m.changed=1w0;m.badh=1w0;m.badb=1w0;m.badt=1w0;transition select(ig.ingress_port){RETURN_PORT:epoch;default:eth;}}
                                                                                                                                                                                                             ^^^
/home/philip/Projects/DNP3/defense4/timing/case4_architecture/integration/evidence/selected_08/source/selected.p4(26): [--Werror=type-error] error: AssignmentStatement
 state start{pkt.extract(ig);pkt.advance(PORT_METADATA_SIZE);m.parsed=1w0;m.response=1w0;m.matched=1w0;m.bad1=1w0;m.port_valid=1w0;m.stage=8w0;m.kind=8w0;m.enabled=1w0;m.profile=1w0;m.changed=1w0;m.badh=1w0;m.badb=1w0;m.badt=1w0;transition select(ig.ingress_port){RETURN_PORT:epoch;default:eth;}}
                                                                                                                                                                                                                     ^
  ---- Actual error:
  Cannot cast implicitly type 'bit<1>' to type 'bit<8>'
  ---- Originating from:
  /home/philip/Projects/DNP3/defense4/timing/case4_architecture/integration/evidence/selected_08/source/selected.p4(26): Source expression '1w0' produces a result of type 'bit<1>' which cannot be assigned to a left-value with type 'bit<8>'
   state start{pkt.extract(ig);pkt.advance(PORT_METADATA_SIZE);m.parsed=1w0;m.response=1w0;m.matched=1w0;m.bad1=1w0;m.port_valid=1w0;m.stage=8w0;m.kind=8w0;m.enabled=1w0;m.profile=1w0;m.changed=1w0;m.badh=1w0;m.badb=1w0;m.badt=1w0;transition select(ig.ingress_port){RETURN_PORT:epoch;default:eth;}}
                                                                                                                                                                                                                        ^^^
/home/philip/Projects/DNP3/defense4/timing/case4_architecture/integration/evidence/selected_08/source/selected.p4(26): [--Werror=type-error] error: AssignmentStatement
 state start{pkt.extract(ig);pkt.advance(PORT_METADATA_SIZE);m.parsed=1w0;m.response=1w0;m.matched=1w0;m.bad1=1w0;m.port_valid=1w0;m.stage=8w0;m.kind=8w0;m.enabled=1w0;m.profile=1w0;m.changed=1w0;m.badh=1w0;m.badb=1w0;m.badt=1w0;transition select(ig.ingress_port){RETURN_PORT:epoch;default:eth;}}
                                                                                                                                                                                                                                ^
  ---- Actual error:
  Cannot cast implicitly type 'bit<1>' to type 'bit<8>'
  ---- Originating from:
  /home/philip/Projects/DNP3/defense4/timing/case4_architecture/integration/evidence/selected_08/source/selected.p4(26): Source expression '1w0' produces a result of type 'bit<1>' which cannot be assigned to a left-value with type 'bit<8>'
   state start{pkt.extract(ig);pkt.advance(PORT_METADATA_SIZE);m.parsed=1w0;m.response=1w0;m.matched=1w0;m.bad1=1w0;m.port_valid=1w0;m.stage=8w0;m.kind=8w0;m.enabled=1w0;m.profile=1w0;m.changed=1w0;m.badh=1w0;m.badb=1w0;m.badt=1w0;transition select(ig.ingress_port){RETURN_PORT:epoch;default:eth;}}
                                                                                                                                                                                                                                   ^^^
/home/philip/Projects/DNP3/defense4/timing/case4_architecture/integration/evidence/selected_08/source/selected.p4(38): [--Werror=type-error] error: AssignmentStatement
 state tail{pkt.extract(hdr.tail);tc.subtract(hdr.tail);m.tcp_sum=tc.get();m.parsed=1w1;transition accept;} state first{pkt.extract(hdr.first);tc.subtract(hdr.first);transition second;}
                                                                                   ^
  ---- Actual error:
  Cannot cast implicitly type 'bit<1>' to type 'bit<8>'
  ---- Originating from:
  /home/philip/Projects/DNP3/defense4/timing/case4_architecture/integration/evidence/selected_08/source/selected.p4(38): Source expression '1w1' produces a result of type 'bit<1>' which cannot be assigned to a left-value with type 'bit<8>'
   state tail{pkt.extract(hdr.tail);tc.subtract(hdr.tail);m.tcp_sum=tc.get();m.parsed=1w1;transition accept;} state first{pkt.extract(hdr.first);tc.subtract(hdr.first);transition second;}
                                                                                      ^^^
/home/philip/Projects/DNP3/defense4/timing/case4_architecture/integration/evidence/selected_08/source/selected.p4(40): [--Werror=type-error] error: AssignmentStatement
 state response_tail{pkt.extract(hdr.response_tail);tc.subtract(hdr.response_tail);m.tcp_sum=tc.get();m.response=1w1;m.parsed=1w1;transition accept;}
                                                                                                                ^
  ---- Actual error:
  Cannot cast implicitly type 'bit<1>' to type 'bit<8>'
  ---- Originating from:
  /home/philip/Projects/DNP3/defense4/timing/case4_architecture/integration/evidence/selected_08/source/selected.p4(40): Source expression '1w1' produces a result of type 'bit<1>' which cannot be assigned to a left-value with type 'bit<8>'
   state response_tail{pkt.extract(hdr.response_tail);tc.subtract(hdr.response_tail);m.tcp_sum=tc.get();m.response=1w1;m.parsed=1w1;transition accept;}
                                                                                                                   ^^^
/home/philip/Projects/DNP3/defense4/timing/case4_architecture/integration/evidence/selected_08/source/selected.p4(40): [--Werror=type-error] error: AssignmentStatement
 state response_tail{pkt.extract(hdr.response_tail);tc.subtract(hdr.response_tail);m.tcp_sum=tc.get();m.response=1w1;m.parsed=1w1;transition accept;}
                                                                                                                             ^
  ---- Actual error:
  Cannot cast implicitly type 'bit<1>' to type 'bit<8>'
  ---- Originating from:
  /home/philip/Projects/DNP3/defense4/timing/case4_architecture/integration/evidence/selected_08/source/selected.p4(40): Source expression '1w1' produces a result of type 'bit<1>' which cannot be assigned to a left-value with type 'bit<8>'
   state response_tail{pkt.extract(hdr.response_tail);tc.subtract(hdr.response_tail);m.tcp_sum=tc.get();m.response=1w1;m.parsed=1w1;transition accept;}
                                                                                                                                ^^^
/home/philip/Projects/DNP3/defense4/timing/case4_architecture/integration/evidence/selected_08/source/selected.p4(45): [--Werror=type-error] error: AssignmentStatement
 action route(PortId_t port){m.port_valid=1w1;tm.ucast_egress_port=port;tm.bypass_egress=1w1;}
                                         ^
  ---- Actual error:
  Cannot cast implicitly type 'bit<1>' to type 'bit<8>'
  ---- Originating from:
  /home/philip/Projects/DNP3/defense4/timing/case4_architecture/integration/evidence/selected_08/source/selected.p4(45): Source expression '1w1' produces a result of type 'bit<1>' which cannot be assigned to a left-value with type 'bit<8>'
   action route(PortId_t port){m.port_valid=1w1;tm.ucast_egress_port=port;tm.bypass_egress=1w1;}
                                            ^^^
/home/philip/Projects/DNP3/defense4/timing/case4_architecture/integration/evidence/selected_08/source/selected.p4(47): [--Werror=type-error] error: AssignmentStatement
 action configure(bit<16> index,bit<8> code,bit<8> repeat,bit<32> on,bit<32> off){m.enabled=1w1;m.decoy_index=index;m.decoy_code=code;m.decoy_repeat=repeat;m.decoy_on=on;m.decoy_off=off;}
                                                                                           ^
  ---- Actual error:
  Cannot cast implicitly type 'bit<1>' to type 'bit<8>'
  ---- Originating from:
  /home/philip/Projects/DNP3/defense4/timing/case4_architecture/integration/evidence/selected_08/source/selected.p4(47): Source expression '1w1' produces a result of type 'bit<1>' which cannot be assigned to a left-value with type 'bit<8>'
   action configure(bit<16> index,bit<8> code,bit<8> repeat,bit<32> on,bit<32> off){m.enabled=1w1;m.decoy_index=index;m.decoy_code=code;m.decoy_repeat=repeat;m.decoy_on=on;m.decoy_off=off;}
                                                                                              ^^^
/home/philip/Projects/DNP3/defense4/timing/case4_architecture/integration/evidence/selected_08/source/selected.p4(49): [--Werror=type-error] error: AssignmentStatement
 action eligible(){m.profile=1w1;}
                            ^
  ---- Actual error:
  Cannot cast implicitly type 'bit<1>' to type 'bit<8>'
  ---- Originating from:
  /home/philip/Projects/DNP3/defense4/timing/case4_architecture/integration/evidence/selected_08/source/selected.p4(49): Source expression '1w1' produces a result of type 'bit<1>' which cannot be assigned to a left-value with type 'bit<8>'
   action eligible(){m.profile=1w1;}
                               ^^^
/home/philip/Projects/DNP3/defense4/timing/case4_architecture/integration/evidence/selected_08/source/selected.p4(184): [--Werror=type-error] error: AssignmentStatement
action matched(){m.matched=1w1;}
                          ^
  ---- Actual error:
  Cannot cast implicitly type 'bit<1>' to type 'bit<8>'
  ---- Originating from:
  /home/philip/Projects/DNP3/defense4/timing/case4_architecture/integration/evidence/selected_08/source/selected.p4(184): Source expression '1w1' produces a result of type 'bit<1>' which cannot be assigned to a left-value with type 'bit<8>'
  action matched(){m.matched=1w1;}
                             ^^^
/home/philip/Projects/DNP3/defense4/timing/case4_architecture/integration/evidence/selected_08/source/selected.p4(191): [--Werror=type-error] error: Entry
table accepted_t{key={m.response:exact;m.matched:exact;}actions={load_accepted;commit_accepted;}size=1;const entries={(1w1,1w1):commit_accepted();}const default_action=load_accepted();}
                                                                                                                      ^^^^^^^^^^^^^^^^^^^^^^^^^^^
  ---- Actual error:
  Cannot cast implicitly type 'bit<1>' to type 'bit<8>'
  ---- Originating from:
  /home/philip/Projects/DNP3/defense4/timing/case4_architecture/integration/evidence/selected_08/source/selected.p4(191): Table entry has type 'tuple<bit<8>, bit<8>>' which is not the expected type 'tuple<bit<1>, bit<1>>'
  table accepted_t{key={m.response:exact;m.matched:exact;}actions={load_accepted;commit_accepted;}size=1;const entries={(1w1,1w1):commit_accepted();}const default_action=load_accepted();}
                                                                                                                        ^^^^^^^^^
/home/philip/Projects/DNP3/defense4/timing/case4_architecture/integration/evidence/selected_08/source/selected.p4(196): [--Werror=type-error] error: AssignmentStatement
action operate_qualified(){m.operate_qualified=1w1;record_operate.execute(1w0);}
                                              ^
  ---- Actual error:
  Cannot cast implicitly type 'bit<1>' to type 'bit<8>'
  ---- Originating from:
  /home/philip/Projects/DNP3/defense4/timing/case4_architecture/integration/evidence/selected_08/source/selected.p4(196): Source expression '1w1' produces a result of type 'bit<1>' which cannot be assigned to a left-value with type 'bit<8>'
  action operate_qualified(){m.operate_qualified=1w1;record_operate.execute(1w0);}
                                                 ^^^
/home/philip/Projects/DNP3/defense4/timing/case4_architecture/integration/evidence/selected_08/source/selected.p4(197): [--Werror=type-error] error: Entry
table operate_qualified_t{key={m.matched:exact;m.accepted_diff:exact;hdr.first.w0[15:8]:exact;}actions={operate_qualified;NoAction;}size=1;const entries={(1w1,32w0,8w4):operate_qualified();}const default_action=NoAction();}
                                                                                                                                                          ^^^^^^^^^^^^^^^^^^^^^^^^^^^^^^^^^^
  ---- Actual error:
  Cannot cast implicitly type 'bit<1>' to type 'bit<8>'
  ---- Originating from:
  /home/philip/Projects/DNP3/defense4/timing/case4_architecture/integration/evidence/selected_08/source/selected.p4(197): Table entry has type 'tuple<bit<8>, bit<32>, bit<8>>' which is not the expected type 'tuple<bit<1>, bit<32>, bit<8>>'
  table operate_qualified_t{key={m.matched:exact;m.accepted_diff:exact;hdr.first.w0[15:8]:exact;}actions={operate_qualified;NoAction;}size=1;const entries={(1w1,32w0,8w4):operate_qualified();}const default_action=NoAction();}
                                                                                                                                                            ^^^^^^^^^^^^^^
Number of errors exceeded set maximum of 20


21 errors, 0 warnings generated.

