/home/philip/Projects/DNP3/defense4/timing/case4_architecture/integration/evidence/cache_authority_01/source/cache_authority.p4(127): [--Wwarn=unused] warning: Table crc_gate is not used; removing
 table crc_gate{key={m.badh:exact;m.badb:exact;m.badt:exact;}actions={NoAction;}size=1;const default_action=NoAction();}
       ^^^^^^^^
/home/philip/Projects/DNP3/defense4/timing/case4_architecture/integration/evidence/cache_authority_01/source/cache_authority.p4(253): [--Wwarn=unused] warning: Table left1 is not used; removing
table left1{key={m.direction:exact;m.valid:ternary;m.ao1:ternary;}actions={left1_shift;NoAction;left1_clamp;}size=128;const default_action=NoAction();const entries={
      ^^^^^
/home/philip/Projects/DNP3/defense4/timing/case4_architecture/integration/evidence/cache_authority_01/source/cache_authority.p4(290): [--Wwarn=unused] warning: Table left2 is not used; removing
table left2{key={m.direction:exact;m.valid:ternary;m.ao2:ternary;}actions={left2_shift;NoAction;left2_clamp;}size=128;const default_action=NoAction();const entries={
      ^^^^^
/home/philip/Projects/DNP3/defense4/timing/case4_architecture/integration/evidence/cache_authority_01/source/cache_authority.p4(327): [--Wwarn=unused] warning: Table right1 is not used; removing
table right1{key={m.direction:exact;m.valid:ternary;m.ro1:ternary;}actions={right1_shift;NoAction;right1_clamp;}size=128;const default_action=NoAction();const entries={
      ^^^^^^
/home/philip/Projects/DNP3/defense4/timing/case4_architecture/integration/evidence/cache_authority_01/source/cache_authority.p4(364): [--Wwarn=unused] warning: Table right2 is not used; removing
table right2{key={m.direction:exact;m.valid:ternary;m.ro2:ternary;}actions={right2_shift;NoAction;right2_clamp;}size=128;const default_action=NoAction();const entries={
      ^^^^^^
/home/philip/Projects/DNP3/defense4/timing/case4_architecture/integration/evidence/cache_authority_01/source/cache_authority.p4(400): [--Wwarn=unused] warning: Table difference_t is not used; removing
 table difference_t{actions={difference;}size=1;const default_action=difference();}
       ^^^^^^^^^^^^
/home/philip/Projects/DNP3/defense4/timing/case4_architecture/integration/evidence/cache_authority_01/source/cache_authority.p4(402): [--Wwarn=unused] warning: Table growth_t is not used; removing
 table growth_t{actions={growth;}size=1;const default_action=growth();}
       ^^^^^^^^
/home/philip/Projects/DNP3/defense4/timing/case4_architecture/integration/evidence/cache_authority_01/source/cache_authority.p4(403): [--Wwarn=unused] warning: Table window_guard is not used; removing
 table window_guard{key={m.growth:ternary;}actions={deny;NoAction;}size=32;const default_action=NoAction();const entries={
       ^^^^^^^^^^^^
/home/philip/Projects/DNP3/defense4/timing/case4_architecture/integration/evidence/cache_authority_01/source/cache_authority.p4(437): [--Wwarn=unused] warning: Table window_narrow_t is not used; removing
 table window_narrow_t{actions={window_narrow;}size=1;const default_action=window_narrow();}
       ^^^^^^^^^^^^^^^
/home/philip/Projects/DNP3/defense4/timing/case4_architecture/integration/evidence/cache_authority_01/source/cache_authority.p4(439): [--Wwarn=unused] warning: Table complete_t is not used; removing
 table complete_t{actions={complete;}size=1;const default_action=complete();}
       ^^^^^^^^^^
/home/philip/Projects/DNP3/defense4/timing/case4_architecture/integration/evidence/cache_authority_01/source/cache_authority.p4(501): [--Wwarn=unused] warning: Table seq1 is not used; removing
table seq1{key={m.direction:exact;m.valid:ternary;m.so1:ternary;}actions={seq1_shift;NoAction;}size=128;const default_action=NoAction();const entries={
      ^^^^
/home/philip/Projects/DNP3/defense4/timing/case4_architecture/integration/evidence/cache_authority_01/source/cache_authority.p4(533): [--Wwarn=unused] warning: Table seq2 is not used; removing
table seq2{key={m.direction:exact;m.valid:ternary;m.so2:ternary;}actions={seq2_shift;NoAction;}size=128;const default_action=NoAction();const entries={
      ^^^^
/home/philip/Projects/DNP3/defense4/timing/case4_architecture/integration/evidence/cache_authority_01/source/cache_authority.p4(827): [--Wwarn=unused] warning: Table last_slice_t is not used; removing
table last_slice_t{actions={last_slice;}size=1;const default_action=last_slice();}
      ^^^^^^^^^^^^
/home/philip/Projects/DNP3/defense4/timing/case4_architecture/integration/evidence/cache_authority_01/source/cache_authority.p4(829): [--Wwarn=unused] warning: Table complete_t is not used; removing
table complete_t{actions={complete;}size=1;const default_action=complete();}
      ^^^^^^^^^^
/home/philip/Projects/DNP3/defense4/timing/case4_architecture/integration/evidence/cache_authority_01/source/cache_authority.p4(15): [--Wwarn=uninitialized_out_param] warning: out parameter 'm' may be uninitialized when 'padding_IgParser' terminates
parser padding_IgParser(packet_in pkt,out padding_headers_t hdr,out padding_meta_t m){Checksum() ic;Checksum() tc;
                                                                                   ^
/home/philip/Projects/DNP3/defense4/timing/case4_architecture/integration/evidence/cache_authority_01/source/cache_authority.p4(15)
parser padding_IgParser(packet_in pkt,out padding_headers_t hdr,out padding_meta_t m){Checksum() ic;Checksum() tc;
       ^^^^^^^^^^^^^^^^
/home/philip/Projects/DNP3/defense4/timing/case4_architecture/integration/evidence/cache_authority_01/source/cache_authority.p4(146): [--Wwarn=uninitialized_out_param] warning: out parameter 'm' may be uninitialized when 'forward_IgParser' terminates
parser forward_IgParser(packet_in pkt,out forward_headers_t hdr,out forward_meta_t m){
                                                                                   ^
/home/philip/Projects/DNP3/defense4/timing/case4_architecture/integration/evidence/cache_authority_01/source/cache_authority.p4(146)
parser forward_IgParser(packet_in pkt,out forward_headers_t hdr,out forward_meta_t m){
       ^^^^^^^^^^^^^^^^
/home/philip/Projects/DNP3/defense4/timing/case4_architecture/integration/evidence/cache_authority_01/source/cache_authority.p4(459): [--Wwarn=uninitialized_out_param] warning: out parameter 'm' may be uninitialized when 'reverse_IgParser' terminates
parser reverse_IgParser(packet_in pkt,out reverse_headers_t hdr,out reverse_meta_t m){
                                                                                   ^
/home/philip/Projects/DNP3/defense4/timing/case4_architecture/integration/evidence/cache_authority_01/source/cache_authority.p4(459)
parser reverse_IgParser(packet_in pkt,out reverse_headers_t hdr,out reverse_meta_t m){
       ^^^^^^^^^^^^^^^^
/home/philip/Projects/DNP3/defense4/timing/case4_architecture/integration/evidence/cache_authority_01/source/cache_authority.p4(770): [--Wwarn=uninitialized_out_param] warning: out parameter 'm' may be uninitialized when 'replay_IgParser' terminates
parser replay_IgParser(packet_in pkt,out replay_headers_t hdr,out replay_meta_t m){Checksum() ic;Checksum() tc;
                                                                                ^
/home/philip/Projects/DNP3/defense4/timing/case4_architecture/integration/evidence/cache_authority_01/source/cache_authority.p4(770)
parser replay_IgParser(packet_in pkt,out replay_headers_t hdr,out replay_meta_t m){Checksum() ic;Checksum() tc;
       ^^^^^^^^^^^^^^^
/home/philip/Projects/DNP3/defense4/timing/case4_architecture/integration/evidence/cache_authority_01/source/cache_authority.p4(926): [--Wwarn=uninitialized_out_param] warning: out parameter 'm' may be uninitialized when 'IgParser' terminates
parser IgParser(packet_in pkt,out headers_t hdr,out meta_t m,out ingress_intrinsic_metadata_t ig){
                                                           ^
/home/philip/Projects/DNP3/defense4/timing/case4_architecture/integration/evidence/cache_authority_01/source/cache_authority.p4(926)
parser IgParser(packet_in pkt,out headers_t hdr,out meta_t m,out ingress_intrinsic_metadata_t ig){
       ^^^^^^^^
/home/philip/Projects/DNP3/defense4/timing/case4_architecture/integration/evidence/cache_authority_01/source/cache_authority.p4(966): [--Wwarn=uninitialized_out_param] warning: out parameter 'm' may be uninitialized when 'EgParser' terminates
parser EgParser(packet_in pkt,out headers_t hdr,out meta_t m,out egress_intrinsic_metadata_t eg){state start{pkt.extract(eg);transition accept;}}
                                                           ^
/home/philip/Projects/DNP3/defense4/timing/case4_architecture/integration/evidence/cache_authority_01/source/cache_authority.p4(966)
parser EgParser(packet_in pkt,out headers_t hdr,out meta_t m,out egress_intrinsic_metadata_t eg){state start{pkt.extract(eg);transition accept;}}
       ^^^^^^^^
warning: checksum.get() will deprecate in future versions. Please use void subtract_all_and_deposit(bit<16>) instead
warning: checksum.get() will deprecate in future versions. Please use void subtract_all_and_deposit(bit<16>) instead
warning: checksum.get() will deprecate in future versions. Please use void subtract_all_and_deposit(bit<16>) instead
warning: checksum.get() will deprecate in future versions. Please use void subtract_all_and_deposit(bit<16>) instead
warning: Parser state min_parse_depth_accept_loop will be unrolled up to 4 times due to @pragma max_loop_depth.
warning: checksum.get() will deprecate in future versions. Please use void subtract_all_and_deposit(bit<16>) instead
warning: checksum.get() will deprecate in future versions. Please use void subtract_all_and_deposit(bit<16>) instead
warning: checksum.get() will deprecate in future versions. Please use void subtract_all_and_deposit(bit<16>) instead
warning: checksum.get() will deprecate in future versions. Please use void subtract_all_and_deposit(bit<16>) instead
warning: Parser state min_parse_depth_accept_loop will be unrolled up to 4 times due to @pragma max_loop_depth.
/home/philip/Projects/DNP3/defense4/timing/case4_architecture/integration/evidence/cache_authority_01/source/cache_authority.p4(118): warning: ingress::m.padding.badt is read in table Ingress.padding.construct_t, but it is totally or partially uninitialized after being corrupted by a parser extraction to the same container(s)
 table construct_t{actions={construct;}size=1;const default_action=construct();}
       ^^^^^^^^^^^
/home/philip/Projects/DNP3/defense4/timing/case4_architecture/integration/evidence/cache_authority_01/source/cache_authority.p4(116): warning: ingress::m.padding.enabled is read in table Ingress.padding.input_tail_t, but it is totally or partially uninitialized after being corrupted by a parser extraction to the same container(s)
table input_tail_t{actions={input_tail;}size=1;const default_action=input_tail();}
      ^^^^^^^^^^^^

0 errors, 32 warnings generated.

/home/philip/Projects/DNP3/defense4/timing/case4_architecture/integration/evidence/cache_authority_01/out/pipe/cache_authority.bfa:8462: error: tofino supports up to 12 stages, using 15
/home/philip/Projects/DNP3/defense4/timing/case4_architecture/integration/evidence/cache_authority_01/out/pipe/cache_authority.bfa:0: error: Due to errors, no binary will be generated
Unable to produce all summary logs
  Error producing mau.resources.log: 12
failed command assembler
failed command summary_logging
