== CLEAN MODEL (two-pipe BOR split lifecycle) ==
  [PASS] cross_pipe_exactly_once
  [PASS] relay_receives_exactly_once
  [PASS] released_via_pipe1_hold
  [PASS] released_byte_identical
  [PASS] release_at_T0_plus_J
  [PASS] ack_echo_T0_anchored
  [PASS] retransmit_still_one_cross
  [PASS] retransmit_still_one_relay_rx
  [PASS] fail_open_forwards_once
  [PASS] t0_travels_in_header

== MUTANTS (each MUST be KILLED: its expected invariant check flips to FAIL) ==
  [KILLED] pipe0_no_dup_drop          expect_break=retransmit_still_one_cross     actual_failed=['retransmit_still_one_cross']
           pipe 0 fails to suppress a retransmit and crosses it AGAIN -> a redundant cross-pipe transmission. NOTE: relay exactly-once still HOLDS here because pipe 1 independently dedups the same-generation re-cross (V_OP_DUP -> drop) — defense in depth. The observable defect is the extra cross, which this mutant is caught by.
  [KILLED] pipe0_cross_twice          expect_break=cross_pipe_exactly_once        actual_failed=['cross_pipe_exactly_once', 'retransmit_still_one_cross', 'fail_open_forwards_once']
           pipe 0 routes two copies of the fresh OPERATE -> double release
  [KILLED] pipe1_duplicate_release    expect_break=relay_receives_exactly_once    actual_failed=['relay_receives_exactly_once', 'released_via_pipe1_hold', 'release_at_T0_plus_J', 'retransmit_still_one_relay_rx', 't0_travels_in_header']
           pipe 1 releases the held OPERATE twice -> two physical operations
  [KILLED] reanchor_ack_to_release    expect_break=ack_echo_T0_anchored           actual_failed=['ack_echo_T0_anchored']
           pipe 0 re-anchors the ACK to T0+J -> response-timing leak of J (anti-subtraction)

RESULT: PASS  (clean=True, mutants_killed=4/4)
