+---------------------------------------------------------------------+
|  Log file: mau.resources.log                                        |
|  Compiler version: 9.13.1                                           |
|  Created on: Tue Sep 29 16:45:57 2026                               |
|  Run ID: faae334a9aa44300                                           |
+---------------------------------------------------------------------+


---------------------------------------------------------------------------------------------------------------------------------------------------------------------------------------------------------------------------------------------------------------------------------------------------------------------------------------------------------------
| Stage Number | Exact Match Input xbar | Ternary Match Input xbar | Hash Bit | Hash Dist Unit | Gateway | SRAM | Map RAM | TCAM | VLIW Instr | Meter ALU | Stats ALU | Stash | Exact Match Search Bus | Exact Match Result Bus | Tind Result Bus | Action Data Bus Bytes | 8-bit Action Slots | 16-bit Action Slots | 32-bit Action Slots | Logical TableID |
---------------------------------------------------------------------------------------------------------------------------------------------------------------------------------------------------------------------------------------------------------------------------------------------------------------------------------------------------------------
|      0       |           3            |            0             |    10    |       0        |    3    |  5   |    2    |  0   |     6      |     0     |     1     |   1   |           2            |           2            |        6        |           30          |         0          |          0          |          0          |        8        |
|      1       |           5            |            16            |    0     |       0        |    6    |  3   |    0    |  4   |     7      |     0     |     0     |   0   |           6            |           0            |        8        |           16          |         0          |          0          |          0          |        10       |
|      2       |           16           |            9             |    0     |       0        |    12   |  5   |    2    |  3   |     9      |     1     |     0     |   0   |           12           |           0            |        12       |           20          |         0          |          0          |          0          |        14       |
|      3       |           26           |            17            |    0     |       0        |    5    |  11  |    6    |  9   |     9      |     3     |     0     |   0   |           5            |           1            |        12       |           12          |         0          |          0          |          0          |        13       |
|      4       |           8            |            11            |    24    |       0        |    10   |  5   |    4    |  3   |     6      |     2     |     0     |   0   |           10           |           1            |        8        |           5           |         0          |          0          |          0          |        12       |
|      5       |           5            |            0             |    0     |       0        |    4    |  0   |    0    |  0   |     3      |     0     |     0     |   0   |           4            |           0            |        3        |           0           |         0          |          0          |          0          |        4        |
|      6       |           10           |            0             |    16    |       0        |    10   |  6   |    6    |  0   |     7      |     3     |     0     |   0   |           10           |           0            |        15       |           8           |         0          |          0          |          0          |        16       |
|      7       |           27           |            26            |    0     |       0        |    3    |  10  |    6    |  10  |     25     |     3     |     0     |   0   |           3            |           0            |        7        |           16          |         0          |          0          |          0          |        8        |
|      8       |           4            |            21            |    0     |       0        |    3    |  5   |    4    |  4   |     9      |     1     |     1     |   0   |           3            |           0            |        4        |           6           |         0          |          0          |          0          |        4        |
|      9       |           0            |            18            |    0     |       0        |    0    |  4   |    2    |  4   |     12     |     0     |     1     |   0   |           0            |           0            |        1        |           8           |         0          |          0          |          0          |        1        |
|      10      |           3            |            0             |    0     |       0        |    1    |  0   |    0    |  0   |     1      |     0     |     0     |   0   |           1            |           0            |        1        |           0           |         0          |          0          |          0          |        1        |
|      11      |           0            |            0             |    0     |       0        |    0    |  0   |    0    |  0   |     0      |     0     |     0     |   0   |           0            |           0            |        0        |           0           |         0          |          0          |          0          |        0        |
|              |                        |                          |          |                |         |      |         |      |            |           |           |       |                        |                        |                 |                       |                    |                     |                     |                 |
|    Totals    |          107           |           118            |    50    |       0        |    57   |  54  |    32   |  37  |     94     |     13    |     3     |   1   |           56           |           4            |        77       |          121          |         0          |          0          |          0          |        91       |
---------------------------------------------------------------------------------------------------------------------------------------------------------------------------------------------------------------------------------------------------------------------------------------------------------------------------------------------------------------


-------------------------------------------------------------------------------------------------------------------------------------------------------------------------------------------------------------------------------------------------------------------------------------------------------------------------------------------------------------------
| Stage Number | Exact Match Input xbar | Ternary Match Input xbar | Hash Bit | Hash Dist Unit | Gateway |  SRAM  | Map RAM |  TCAM  | VLIW Instr | Meter ALU | Stats ALU | Stash | Exact Match Search Bus | Exact Match Result Bus | Tind Result Bus | Action Data Bus Bytes | 8-bit Action Slots | 16-bit Action Slots | 32-bit Action Slots | Logical TableID |
-------------------------------------------------------------------------------------------------------------------------------------------------------------------------------------------------------------------------------------------------------------------------------------------------------------------------------------------------------------------
|      0       |         2.34%          |          0.00%           |  2.40%   |     0.00%      |  18.75% | 6.25%  |  4.17%  | 0.00%  |   18.75%   |   0.00%   |   25.00%  | 6.25% |         12.50%         |         12.50%         |      37.50%     |         23.44%        |       0.00%        |        0.00%        |        0.00%        |      50.00%     |
|      1       |         3.91%          |          24.24%          |  0.00%   |     0.00%      |  37.50% | 3.75%  |  0.00%  | 16.67% |   21.88%   |   0.00%   |   0.00%   | 0.00% |         37.50%         |         0.00%          |      50.00%     |         12.50%        |       0.00%        |        0.00%        |        0.00%        |      62.50%     |
|      2       |         12.50%         |          13.64%          |  0.00%   |     0.00%      |  75.00% | 6.25%  |  4.17%  | 12.50% |   28.12%   |   25.00%  |   0.00%   | 0.00% |         75.00%         |         0.00%          |      75.00%     |         15.62%        |       0.00%        |        0.00%        |        0.00%        |      87.50%     |
|      3       |         20.31%         |          25.76%          |  0.00%   |     0.00%      |  31.25% | 13.75% |  12.50% | 37.50% |   28.12%   |   75.00%  |   0.00%   | 0.00% |         31.25%         |         6.25%          |      75.00%     |         9.38%         |       0.00%        |        0.00%        |        0.00%        |      81.25%     |
|      4       |         6.25%          |          16.67%          |  5.77%   |     0.00%      |  62.50% | 6.25%  |  8.33%  | 12.50% |   18.75%   |   50.00%  |   0.00%   | 0.00% |         62.50%         |         6.25%          |      50.00%     |         3.91%         |       0.00%        |        0.00%        |        0.00%        |      75.00%     |
|      5       |         3.91%          |          0.00%           |  0.00%   |     0.00%      |  25.00% | 0.00%  |  0.00%  | 0.00%  |   9.38%    |   0.00%   |   0.00%   | 0.00% |         25.00%         |         0.00%          |      18.75%     |         0.00%         |       0.00%        |        0.00%        |        0.00%        |      25.00%     |
|      6       |         7.81%          |          0.00%           |  3.85%   |     0.00%      |  62.50% | 7.50%  |  12.50% | 0.00%  |   21.88%   |   75.00%  |   0.00%   | 0.00% |         62.50%         |         0.00%          |      93.75%     |         6.25%         |       0.00%        |        0.00%        |        0.00%        |     100.00%     |
|      7       |         21.09%         |          39.39%          |  0.00%   |     0.00%      |  18.75% | 12.50% |  12.50% | 41.67% |   78.12%   |   75.00%  |   0.00%   | 0.00% |         18.75%         |         0.00%          |      43.75%     |         12.50%        |       0.00%        |        0.00%        |        0.00%        |      50.00%     |
|      8       |         3.12%          |          31.82%          |  0.00%   |     0.00%      |  18.75% | 6.25%  |  8.33%  | 16.67% |   28.12%   |   25.00%  |   25.00%  | 0.00% |         18.75%         |         0.00%          |      25.00%     |         4.69%         |       0.00%        |        0.00%        |        0.00%        |      25.00%     |
|      9       |         0.00%          |          27.27%          |  0.00%   |     0.00%      |  0.00%  | 5.00%  |  4.17%  | 16.67% |   37.50%   |   0.00%   |   25.00%  | 0.00% |         0.00%          |         0.00%          |      6.25%      |         6.25%         |       0.00%        |        0.00%        |        0.00%        |      6.25%      |
|      10      |         2.34%          |          0.00%           |  0.00%   |     0.00%      |  6.25%  | 0.00%  |  0.00%  | 0.00%  |   3.12%    |   0.00%   |   0.00%   | 0.00% |         6.25%          |         0.00%          |      6.25%      |         0.00%         |       0.00%        |        0.00%        |        0.00%        |      6.25%      |
|      11      |         0.00%          |          0.00%           |  0.00%   |     0.00%      |  0.00%  | 0.00%  |  0.00%  | 0.00%  |   0.00%    |   0.00%   |   0.00%   | 0.00% |         0.00%          |         0.00%          |      0.00%      |         0.00%         |       0.00%        |        0.00%        |        0.00%        |      0.00%      |
|              |                        |                          |          |                |         |        |         |        |            |           |           |       |                        |                        |                 |                       |                    |                     |                     |                 |
|   Average    |         7.60%          |          16.25%          |  1.09%   |     0.00%      |  32.39% | 6.14%  |  6.06%  | 14.02% |   26.70%   |   29.55%  |   6.82%   | 0.57% |         31.82%         |         2.27%          |      43.75%     |         8.59%         |       0.00%        |        0.00%        |        0.00%        |      51.70%     |
-------------------------------------------------------------------------------------------------------------------------------------------------------------------------------------------------------------------------------------------------------------------------------------------------------------------------------------------------------------------


Allocated Resource Usage
---------------------------------------------------------------------------------------------------------------------------------------------------
|                 Table                  | Stage  | Crossbar | Hash | Gateways | RAMs | TCAMs | Map  | Action |  VLIW |  Exm   |  Exm   |  Tind  |
|                  Name                  | Number |  Bytes   | Bits |          |      |       | RAMs |  Data  | Slots | Search | Result | Result |
|                                        |        |          |      |          |      |       |      |  Bus   |       |  Bus   |  Bus   |  Bus   |
|                                        |        |          |      |          |      |       |      | Bytes  |       |        |        |        |
---------------------------------------------------------------------------------------------------------------------------------------------------
|        IgParser.$PORT_METADATA         |   -1   |    0     |  0   |    0     |  0   |   0   |  0   |   0    |   0   |   0    |   0    |   0    |
|          Ingress.ctr_outcome           |   0    |    0     |  0   |    0     |  2   |   0   |  2   |   0    |   0   |   0    |   0    |   0    |
|       Ingress.tbl_build_exp_ack        |   0    |    1     |  10  |    0     |  1   |   0   |  0   |   4    |   3   |   1    |   1    |   0    |
|           Ingress.tbl_params           |   0    |    0     |  0   |    0     |  0   |   0   |  0   |   13   |   1   |   0    |   0    |   1    |
|       Ingress.tbl_params$action        |   0    |    0     |  0   |    0     |  1   |   0   |  0   |   0    |   0   |   0    |   0    |   0    |
|    Ingress.tbl_read_release_params     |   0    |    0     |  0   |    0     |  0   |   0   |  0   |   8    |   1   |   0    |   0    |   1    |
| Ingress.tbl_read_release_params$action |   0    |    0     |  0   |    0     |  1   |   0   |  0   |   0    |   0   |   0    |   0    |   0    |
|                cond-55                 |   0    |    1     |  0   |    1     |  0   |   0   |  0   |   0    |   0   |   1    |   0    |   0    |
|                cond-78                 |   0    |    1     |  0   |    1     |  0   |   0   |  0   |   0    |   0   |   1    |   0    |   0    |
|        tbl_defense4_timing3102         |   0    |    0     |  0   |    0     |  0   |   0   |  0   |   0    |   1   |   0    |   0    |   1    |
|        tbl_defense4_timing3108         |   0    |    0     |  0   |    0     |  0   |   0   |  0   |   4    |   1   |   0    |   0    |   1    |
|        tbl_defense4_timing3163         |   0    |    0     |  0   |    0     |  0   |   0   |  0   |   1    |   1   |   0    |   1    |   0    |
|    tbl_defense4_timing3163-gateway     |   0    |    0     |  0   |    1     |  0   |   0   |  0   |   0    |   0   |   1    |   0    |   0    |
|        tbl_defense4_timing3249         |   0    |    0     |  0   |    0     |  0   |   0   |  0   |   0    |   1   |   0    |   0    |   1    |
|            tbl_finish_path             |   0    |    0     |  0   |    0     |  0   |   0   |  0   |   0    |   1   |   0    |   0    |   1    |
|        Ingress.tbl_bor_codebook        |   1    |    4     |  0   |    0     |  0   |   1   |  0   |   4    |   1   |   0    |   0    |   0    |
|    Ingress.tbl_bor_codebook$action     |   1    |    0     |  0   |    0     |  1   |   0   |  0   |   0    |   0   |   0    |   0    |   0    |
|         Ingress.tbl_bor_params         |   1    |    0     |  0   |    0     |  0   |   0   |  0   |   12   |   1   |   0    |   0    |   1    |
|     Ingress.tbl_bor_params$action      |   1    |    0     |  0   |    0     |  1   |   0   |  0   |   0    |   0   |   0    |   0    |   0    |
|         Ingress.tbl_build_now          |   1    |    0     |  0   |    0     |  0   |   0   |  0   |   0    |   1   |   0    |   0    |   1    |
|          Ingress.tbl_session           |   1    |    12    |  0   |    0     |  1   |   3   |  0   |   0    |   3   |   0    |   0    |   1    |
|                cond-58                 |   1    |    1     |  0   |    1     |  0   |   0   |  0   |   0    |   0   |   1    |   0    |   0    |
|                cond-70                 |   1    |    1     |  0   |    1     |  0   |   0   |  0   |   0    |   0   |   1    |   0    |   0    |
|                cond-71                 |   1    |    1     |  0   |    1     |  0   |   0   |  0   |   0    |   0   |   1    |   0    |   0    |
|                cond-75                 |   1    |    2     |  0   |    1     |  0   |   0   |  0   |   0    |   0   |   1    |   0    |   0    |
|                cond-76                 |   1    |    1     |  0   |    1     |  0   |   0   |  0   |   0    |   0   |   1    |   0    |   0    |
|                cond-77                 |   1    |    1     |  0   |    1     |  0   |   0   |  0   |   0    |   0   |   1    |   0    |   0    |
|        tbl_defense4_timing3197         |   1    |    0     |  0   |    0     |  0   |   0   |  0   |   0    |   1   |   0    |   0    |   1    |
|        tbl_defense4_timing3221         |   1    |    0     |  0   |    0     |  0   |   0   |  0   |   0    |   1   |   0    |   0    |   1    |
|        tbl_defense4_timing3227         |   1    |    0     |  0   |    0     |  0   |   0   |  0   |   0    |   1   |   0    |   0    |   1    |
|        tbl_defense4_timing3237         |   1    |    0     |  0   |    0     |  0   |   0   |  0   |   0    |   1   |   0    |   0    |   1    |
|       tbl_defense4_timing3249_0        |   1    |    0     |  0   |    0     |  0   |   0   |  0   |   0    |   1   |   0    |   0    |   1    |
|           Ingress.reg_owner            |   2    |    4     |  0   |    0     |  2   |   0   |  2   |   0    |   0   |   0    |   0    |   0    |
|      Ingress.tbl_owner_admission       |   2    |    7     |  0   |    0     |  1   |   2   |  0   |   4    |   4   |   0    |   0    |   1    |
|      Ingress.tbl_random_deadlines      |   2    |    2     |  0   |    0     |  1   |   1   |  0   |   16   |   2   |   0    |   0    |   1    |
|  Ingress.tbl_random_deadlines$action   |   2    |    0     |  0   |    0     |  1   |   0   |  0   |   0    |   0   |   0    |   0    |   0    |
|                cond-56                 |   2    |    4     |  0   |    1     |  0   |   0   |  0   |   0    |   0   |   1    |   0    |   0    |
|                cond-59                 |   2    |    1     |  0   |    1     |  0   |   0   |  0   |   0    |   0   |   1    |   0    |   0    |
|                cond-60                 |   2    |    1     |  0   |    1     |  0   |   0   |  0   |   0    |   0   |   1    |   0    |   0    |
|                cond-61                 |   2    |    1     |  0   |    1     |  0   |   0   |  0   |   0    |   0   |   1    |   0    |   0    |
|                cond-62                 |   2    |    1     |  0   |    1     |  0   |   0   |  0   |   0    |   0   |   1    |   0    |   0    |
|                cond-63                 |   2    |    1     |  0   |    1     |  0   |   0   |  0   |   0    |   0   |   1    |   0    |   0    |
|                cond-67                 |   2    |    2     |  0   |    1     |  0   |   0   |  0   |   0    |   0   |   1    |   0    |   0    |
|                cond-68                 |   2    |    2     |  0   |    1     |  0   |   0   |  0   |   0    |   0   |   1    |   0    |   0    |
|                cond-69                 |   2    |    3     |  0   |    1     |  0   |   0   |  0   |   0    |   0   |   1    |   0    |   0    |
|                cond-72                 |   2    |    2     |  0   |    1     |  0   |   0   |  0   |   0    |   0   |   1    |   0    |   0    |
|                cond-73                 |   2    |    3     |  0   |    1     |  0   |   0   |  0   |   0    |   0   |   1    |   0    |   0    |
|                cond-74                 |   2    |    3     |  0   |    1     |  0   |   0   |  0   |   0    |   0   |   1    |   0    |   0    |
|        tbl_defense4_timing3114         |   2    |    0     |  0   |    0     |  0   |   0   |  0   |   0    |   1   |   0    |   0    |   1    |
|        tbl_defense4_timing3150         |   2    |    0     |  0   |    0     |  0   |   0   |  0   |   0    |   1   |   0    |   0    |   1    |
|        tbl_defense4_timing3151         |   2    |    0     |  0   |    0     |  0   |   0   |  0   |   0    |   1   |   0    |   0    |   1    |
|        tbl_defense4_timing3152         |   2    |    0     |  0   |    0     |  0   |   0   |  0   |   0    |   1   |   0    |   0    |   1    |
|        tbl_defense4_timing3160         |   2    |    0     |  0   |    0     |  0   |   0   |  0   |   0    |   1   |   0    |   0    |   1    |
|        tbl_defense4_timing3161         |   2    |    0     |  0   |    0     |  0   |   0   |  0   |   0    |   1   |   0    |   0    |   1    |
|        tbl_defense4_timing3199         |   2    |    0     |  0   |    0     |  0   |   0   |  0   |   0    |   1   |   0    |   0    |   1    |
|        tbl_defense4_timing3202         |   2    |    0     |  0   |    0     |  0   |   0   |  0   |   0    |   1   |   0    |   0    |   1    |
|        tbl_defense4_timing3205         |   2    |    0     |  0   |    0     |  0   |   0   |  0   |   0    |   1   |   0    |   0    |   1    |
|        tbl_defense4_timing3383         |   2    |    0     |  0   |    0     |  0   |   0   |  0   |   0    |   1   |   0    |   0    |   1    |
|          Ingress.reg_exp_ack           |   3    |    8     |  0   |    0     |  2   |   0   |  2   |   0    |   0   |   0    |   0    |   0    |
|       Ingress.reg_exp_relay_seq        |   3    |    8     |  0   |    0     |  2   |   0   |  2   |   0    |   0   |   0    |   0    |   0    |
|        Ingress.reg_session_port        |   3    |    4     |  0   |    0     |  2   |   0   |  2   |   0    |   0   |   0    |   0    |   0    |
|         Ingress.tbl_build_cand         |   3    |    0     |  0   |    0     |  0   |   0   |  0   |   0    |   1   |   0    |   0    |   1    |
|      Ingress.tbl_build_cand_resp       |   3    |    0     |  0   |    0     |  0   |   0   |  0   |   0    |   2   |   0    |   1    |   0    |
|        Ingress.tbl_guarded_ack         |   3    |    9     |  0   |    0     |  1   |   2   |  0   |   4    |   2   |   0    |   0    |   1    |
|        Ingress.tbl_guarded_seq         |   3    |    9     |  0   |    0     |  1   |   2   |  0   |   4    |   2   |   0    |   0    |   1    |
|       Ingress.tbl_guarded_sport        |   3    |    9     |  0   |    0     |  1   |   2   |  0   |   4    |   2   |   0    |   0    |   1    |
|        Ingress.tbl_owner_valid         |   3    |    7     |  0   |    0     |  1   |   2   |  0   |   0    |   2   |   0    |   0    |   1    |
|     Ingress.tbl_tracker_admission      |   3    |    5     |  0   |    0     |  1   |   1   |  0   |   0    |   2   |   0    |   0    |   1    |
|                cond-57                 |   3    |    1     |  0   |    1     |  0   |   0   |  0   |   0    |   0   |   1    |   0    |   0    |
|                cond-64                 |   3    |    2     |  0   |    1     |  0   |   0   |  0   |   0    |   0   |   1    |   0    |   0    |
|                cond-65                 |   3    |    2     |  0   |    1     |  0   |   0   |  0   |   0    |   0   |   1    |   0    |   0    |
|                cond-66                 |   3    |    2     |  0   |    1     |  0   |   0   |  0   |   0    |   0   |   1    |   0    |   0    |
|     tbl_build_cand_resp_0-gateway      |   3    |    1     |  0   |    1     |  0   |   0   |  0   |   0    |   0   |   1    |   0    |   1    |
|        tbl_defense4_timing3117         |   3    |    0     |  0   |    0     |  0   |   0   |  0   |   0    |   1   |   0    |   0    |   1    |
|        tbl_defense4_timing3156         |   3    |    0     |  0   |    0     |  0   |   0   |  0   |   0    |   1   |   0    |   0    |   1    |
|        tbl_defense4_timing3157         |   3    |    0     |  0   |    0     |  0   |   0   |  0   |   0    |   1   |   0    |   0    |   1    |
|        tbl_defense4_timing3158         |   3    |    0     |  0   |    0     |  0   |   0   |  0   |   0    |   1   |   0    |   0    |   1    |
|        tbl_defense4_timing3172         |   3    |    0     |  0   |    0     |  0   |   0   |  0   |   0    |   1   |   0    |   0    |   1    |
|        tbl_defense4_timing3251         |   3    |    0     |  0   |    0     |  0   |   0   |  0   |   0    |   1   |   0    |   0    |   1    |
|         Ingress.reg_bor_epoch          |   4    |    2     |  16  |    0     |  2   |   0   |  2   |   0    |   0   |   0    |   0    |   0    |
|          Ingress.reg_failopen          |   4    |    1     |  0   |    0     |  2   |   0   |  2   |   0    |   0   |   0    |   0    |   0    |
|       Ingress.tbl_resp_authorise       |   4    |    11    |  0   |    0     |  1   |   3   |  0   |   0    |   3   |   0    |   0    |   1    |
|      Ingress.tbl_select_deadlines      |   4    |    0     |  0   |    0     |  0   |   0   |  0   |   0    |   2   |   0    |   1    |   0    |
|                cond-79                 |   4    |    1     |  0   |    1     |  0   |   0   |  0   |   0    |   0   |   1    |   0    |   0    |
|                cond-80                 |   4    |    1     |  0   |    1     |  0   |   0   |  0   |   0    |   0   |   1    |   0    |   0    |
|                cond-81                 |   4    |    1     |  0   |    1     |  0   |   0   |  0   |   0    |   0   |   1    |   0    |   0    |
|                cond-82                 |   4    |    2     |  0   |    1     |  0   |   0   |  0   |   0    |   0   |   1    |   0    |   0    |
|                cond-83                 |   4    |    1     |  0   |    1     |  0   |   0   |  0   |   0    |   0   |   1    |   0    |   0    |
|                cond-84                 |   4    |    1     |  8   |    1     |  0   |   0   |  0   |   0    |   0   |   1    |   0    |   0    |
|                cond-96                 |   4    |    1     |  0   |    1     |  0   |   0   |  0   |   0    |   0   |   1    |   0    |   0    |
|                cond-97                 |   4    |    1     |  0   |    1     |  0   |   0   |  0   |   0    |   0   |   1    |   0    |   0    |
|                cond-98                 |   4    |    1     |  0   |    1     |  0   |   0   |  0   |   0    |   0   |   1    |   0    |   0    |
|        tbl_defense4_timing3273         |   4    |    0     |  0   |    0     |  0   |   0   |  0   |   0    |   1   |   0    |   0    |   1    |
|        tbl_defense4_timing3275         |   4    |    0     |  0   |    0     |  0   |   0   |  0   |   2    |   1   |   0    |   0    |   1    |
|        tbl_defense4_timing3278         |   4    |    0     |  0   |    0     |  0   |   0   |  0   |   2    |   1   |   0    |   0    |   1    |
|        tbl_defense4_timing3370         |   4    |    0     |  0   |    0     |  0   |   0   |  0   |   3    |   1   |   0    |   0    |   1    |
|        tbl_defense4_timing3371         |   4    |    0     |  0   |    0     |  0   |   0   |  0   |   3    |   1   |   0    |   0    |   1    |
|        tbl_defense4_timing3372         |   4    |    0     |  0   |    0     |  0   |   0   |  0   |   3    |   1   |   0    |   0    |   1    |
|        tbl_defense4_timing3373         |   4    |    0     |  0   |    0     |  0   |   0   |  0   |   3    |   1   |   0    |   0    |   1    |
|     tbl_select_deadlines_0-gateway     |   4    |    2     |  0   |    1     |  0   |   0   |  0   |   0    |   0   |   1    |   0    |   1    |
|                cond-85                 |   5    |    1     |  0   |    1     |  0   |   0   |  0   |   0    |   0   |   1    |   0    |   0    |
|                cond-86                 |   5    |    2     |  0   |    1     |  0   |   0   |  0   |   0    |   0   |   1    |   0    |   0    |
|                cond-87                 |   5    |    2     |  0   |    1     |  0   |   0   |  0   |   0    |   0   |   1    |   0    |   0    |
|                cond-88                 |   5    |    1     |  0   |    1     |  0   |   0   |  0   |   0    |   0   |   1    |   0    |   0    |
|        tbl_defense4_timing3298         |   5    |    0     |  0   |    0     |  0   |   0   |  0   |   0    |   1   |   0    |   0    |   1    |
|        tbl_defense4_timing3303         |   5    |    0     |  0   |    0     |  0   |   0   |  0   |   0    |   1   |   0    |   0    |   1    |
|        tbl_defense4_timing3307         |   5    |    0     |  0   |    0     |  0   |   0   |  0   |   0    |   1   |   0    |   0    |   1    |
|          Ingress.reg_bor_gen           |   6    |    1     |  0   |    0     |  2   |   0   |  2   |   0    |   0   |   0    |   0    |   0    |
|         Ingress.reg_bor_ready          |   6    |    2     |  16  |    0     |  2   |   0   |  2   |   0    |   0   |   0    |   0    |   0    |
|            Ingress.reg_tag             |   6    |    2     |  0   |    0     |  2   |   0   |  2   |   0    |   0   |   0    |   0    |   0    |
|                cond-100                |   6    |    1     |  0   |    1     |  0   |   0   |  0   |   0    |   0   |   1    |   0    |   0    |
|                cond-101                |   6    |    2     |  0   |    1     |  0   |   0   |  0   |   0    |   0   |   1    |   0    |   0    |
|                cond-102                |   6    |    1     |  0   |    1     |  0   |   0   |  0   |   0    |   0   |   1    |   0    |   0    |
|                cond-103                |   6    |    1     |  0   |    1     |  0   |   0   |  0   |   0    |   0   |   1    |   0    |   0    |
|                cond-104                |   6    |    1     |  0   |    1     |  0   |   0   |  0   |   0    |   0   |   1    |   0    |   0    |
|                cond-89                 |   6    |    1     |  0   |    1     |  0   |   0   |  0   |   0    |   0   |   1    |   0    |   0    |
|                cond-90                 |   6    |    2     |  0   |    1     |  0   |   0   |  0   |   0    |   0   |   1    |   0    |   0    |
|                cond-91                 |   6    |    1     |  0   |    1     |  0   |   0   |  0   |   0    |   0   |   1    |   0    |   0    |
|                cond-92                 |   6    |    1     |  0   |    1     |  0   |   0   |  0   |   0    |   0   |   1    |   0    |   0    |
|                cond-99                 |   6    |    1     |  0   |    1     |  0   |   0   |  0   |   0    |   0   |   1    |   0    |   0    |
|        tbl_defense4_timing3299         |   6    |    0     |  0   |    0     |  0   |   0   |  0   |   2    |   1   |   0    |   0    |   1    |
|        tbl_defense4_timing3304         |   6    |    0     |  0   |    0     |  0   |   0   |  0   |   2    |   1   |   0    |   0    |   1    |
|        tbl_defense4_timing3308         |   6    |    0     |  0   |    0     |  0   |   0   |  0   |   2    |   1   |   0    |   0    |   1    |
|        tbl_defense4_timing3310         |   6    |    0     |  0   |    0     |  0   |   0   |  0   |   2    |   1   |   0    |   0    |   1    |
|        tbl_defense4_timing3314         |   6    |    0     |  0   |    0     |  0   |   0   |  0   |   2    |   1   |   0    |   0    |   1    |
|        tbl_defense4_timing3320         |   6    |    0     |  0   |    0     |  0   |   0   |  0   |   2    |   1   |   0    |   0    |   1    |
|        tbl_defense4_timing3331         |   6    |    0     |  0   |    0     |  0   |   0   |  0   |   2    |   1   |   0    |   0    |   1    |
|        tbl_defense4_timing3333         |   6    |    0     |  0   |    0     |  0   |   0   |  0   |   2    |   1   |   0    |   0    |   1    |
|        tbl_defense4_timing3336         |   6    |    0     |  0   |    0     |  0   |   0   |  0   |   2    |   1   |   0    |   0    |   1    |
|        tbl_defense4_timing3374         |   6    |    0     |  0   |    0     |  0   |   0   |  0   |   2    |   1   |   0    |   0    |   1    |
|        tbl_defense4_timing3375         |   6    |    0     |  0   |    0     |  0   |   0   |  0   |   2    |   1   |   0    |   0    |   1    |
|        tbl_defense4_timing3382         |   6    |    0     |  0   |    0     |  0   |   0   |  0   |   2    |   1   |   0    |   0    |   1    |
|        tbl_defense4_timing3385         |   6    |    0     |  0   |    0     |  0   |   0   |  0   |   4    |   1   |   0    |   0    |   1    |
|        tbl_defense4_timing3386         |   6    |    0     |  0   |    0     |  0   |   0   |  0   |   4    |   1   |   0    |   0    |   1    |
|        tbl_defense4_timing3387         |   6    |    0     |  0   |    0     |  0   |   0   |  0   |   4    |   1   |   0    |   0    |   1    |
|          Ingress.reg_bor_topj          |   7    |    8     |  0   |    0     |  2   |   0   |  2   |   0    |   0   |   0    |   0    |   0    |
|          Ingress.reg_deadline          |   7    |    8     |  0   |    0     |  2   |   0   |  2   |   0    |   0   |   0    |   0    |   0    |
|           Ingress.reg_tresp            |   7    |    8     |  0   |    0     |  2   |   0   |  2   |   0    |   0   |   0    |   0    |   0    |
|          Ingress.tbl_hold_ok           |   7    |    4     |  0   |    0     |  1   |   1   |  0   |   4    |   3   |   0    |   0    |   1    |
|       Ingress.tbl_resp_deadline        |   7    |    20    |  0   |    0     |  1   |   4   |  0   |   4    |   4   |   0    |   0    |   1    |
|        Ingress.tbl_state_decode        |   7    |    15    |  0   |    0     |  1   |   3   |  0   |   8    |   24  |   0    |   0    |   1    |
|         Ingress.tbl_txn_active         |   7    |    7     |  0   |    0     |  1   |   2   |  0   |   0    |   3   |   0    |   0    |   1    |
|                cond-105                |   7    |    1     |  0   |    1     |  0   |   0   |  0   |   0    |   0   |   1    |   0    |   0    |
|                cond-106                |   7    |    2     |  0   |    1     |  0   |   0   |  0   |   0    |   0   |   1    |   0    |   0    |
|                cond-93                 |   7    |    1     |  0   |    1     |  0   |   0   |  0   |   0    |   0   |   1    |   0    |   0    |
|        tbl_defense4_timing3391         |   7    |    0     |  0   |    0     |  0   |   0   |  0   |   0    |   1   |   0    |   0    |   1    |
|        tbl_defense4_timing3392         |   7    |    0     |  0   |    0     |  0   |   0   |  0   |   0    |   1   |   0    |   0    |   1    |
|        tbl_defense4_timing3393         |   7    |    0     |  0   |    0     |  0   |   0   |  0   |   0    |   1   |   0    |   0    |   1    |
|          Ingress.ctr_outcome           |   8    |    0     |  0   |    0     |  2   |   0   |  2   |   0    |   0   |   0    |   0    |   0    |
|          Ingress.reg_ack_rel           |   8    |    1     |  0   |    0     |  2   |   0   |  2   |   0    |   0   |   0    |   0    |   0    |
|         Ingress.tbl_decide_deq         |   8    |    21    |  0   |    0     |  1   |   4   |  0   |   4    |   8   |   0    |   0    |   1    |
|                cond-107                |   8    |    1     |  0   |    1     |  0   |   0   |  0   |   0    |   0   |   1    |   0    |   0    |
|                cond-94                 |   8    |    1     |  0   |    1     |  0   |   0   |  0   |   0    |   0   |   1    |   0    |   0    |
|                cond-95                 |   8    |    1     |  0   |    1     |  0   |   0   |  0   |   0    |   0   |   1    |   0    |   0    |
|        tbl_defense4_timing3352         |   8    |    0     |  0   |    0     |  0   |   0   |  0   |   2    |   1   |   0    |   0    |   1    |
|        tbl_defense4_timing3353         |   8    |    0     |  0   |    0     |  0   |   0   |  0   |   2    |   1   |   0    |   0    |   1    |
|        tbl_defense4_timing3359         |   8    |    0     |  0   |    0     |  0   |   0   |  0   |   2    |   1   |   0    |   0    |   1    |
|          Ingress.ctr_outcome           |   9    |    0     |  0   |    0     |  2   |   0   |  2   |   0    |   0   |   0    |   0    |   0    |
|        Ingress.tbl_decide_fresh        |   9    |    18    |  0   |    0     |  1   |   4   |  0   |   8    |   12  |   0    |   0    |   1    |
|    Ingress.tbl_decide_fresh$action     |   9    |    0     |  0   |    0     |  1   |   0   |  0   |   0    |   0   |   0    |   0    |   0    |
|                cond-108                |   10   |    3     |  0   |    1     |  0   |   0   |  0   |   0    |   0   |   1    |   0    |   0    |
|        tbl_defense4_timing3422         |   10   |    0     |  0   |    0     |  0   |   0   |  0   |   0    |   1   |   0    |   0    |   1    |
---------------------------------------------------------------------------------------------------------------------------------------------------

