#pipeline pipe
#stage 0
^------- ---------- -------------- ------------ ------ ------- ---- ------------ ------- -------- -- - tbl_defense4_timing3102(0,2) : ingress
A^------ ---------- -------------- ------------ ------ ------- ---- ------------ ------- -------- -- - tbl_params_0(0,2) : ingress
-B^----- ---------- -------------- ------------ ------ ------- ---- ------------ ------- -------- -- - tbl_defense4_timing3108(0,5) : ingress
-B-^---- ---------- -------------- ------------ ------ ------- ---- ------------ ------- -------- -- - tbl_read_release_params_0(0,3) : ingress
-B--^--- ---------- -------------- ------------ ------ ------- ---- ------------ ------- -------- -- - tbl_build_exp_ack_0(0,4) : ingress
-B---^-- ---------- -------------- ------------ ------ ------- ---- ------------ ------- -------- -- - tbl_defense4_timing3163(0,5) : ingress
-B----^- ---------- -------------- ------------ ------ ------- ---- ------------ ------- -------- -- - tbl_defense4_timing3249(0,2) : ingress
-C-----^ ---------- -------------- ------------ ------ ------- ---- ------------ ------- -------- -- - tbl_finish_path(0,11) : ingress
#stage 1
------D- ^--------- -------------- ------------ ------ ------- ---- ------------ ------- -------- -- - tbl_defense4_timing3249_0(1,3) : ingress
-B------ -^-------- -------------- ------------ ------ ------- ---- ------------ ------- -------- -- - tbl_session_0(0,3) : ingress
-B------ --^------- -------------- ------------ ------ ------- ---- ------------ ------- -------- -- - tbl_bor_params_0(0,5) : ingress
-BE----- ---^------ -------------- ------------ ------ ------- ---- ------------ ------- -------- -- - tbl_build_now_0(1,6) : ingress
-B---F-- ----^----- -------------- ------------ ------ ------- ---- ------------ ------- -------- -- - tbl_bor_codebook_0(1,7) : ingress
-B------ -A---^---- -------------- ------------ ------ ------- ---- ------------ ------- -------- -- - cond-70(0,5) : ingress
-------- -----C^--- -------------- ------------ ------ ------- ---- ------------ ------- -------- -- - tbl_defense4_timing3197(0,5) : ingress
-------- -----G-^-- -------------- ------------ ------ ------- ---- ------------ ------- -------- -- - tbl_defense4_timing3221(0,5) : ingress
-------- -------G^- -------------- ------------ ------ ------- ---- ------------ ------- -------- -- - tbl_defense4_timing3227(0,5) : ingress
-------- --------G^ -------------- ------------ ------ ------- ---- ------------ ------- -------- -- - tbl_defense4_timing3237(0,5) : ingress
#stage 2
-------- -H----G--- ^------------- ------------ ------ ------- ---- ------------ ------- -------- -- - tbl_defense4_timing3199(1,5) : ingress
-------- -H-------- G^------------ ------------ ------ ------- ---- ------------ ------- -------- -- - tbl_defense4_timing3202(1,5) : ingress
-------- -H-------- -G^----------- ------------ ------ ------- ---- ------------ ------- -------- -- - tbl_defense4_timing3205(1,5) : ingress
-I-F---- FF-------- ---^---------- ------------ ------ ------- ---- ------------ ------- -------- -- - tbl_owner_admission_0(2,4) : ingress
-B------ ---EE----- ----^--------- ------------ ------ ------- ---- ------------ ------- -------- -- - tbl_defense4_timing3383(2,8) : ingress
-B------ ---------- -----^-------- ------------ ------ ------- ---- ------------ ------- -------- -- - cond-59(0,5) : ingress
-------- ---------- -----C^------- ------------ ------ ------- ---- ------------ ------- -------- -- - tbl_defense4_timing3150(0,5) : ingress
-------- ---------- ------G^------ ------------ ------ ------- ---- ------------ ------- -------- -- - tbl_defense4_timing3151(0,5) : ingress
-------- ---------- -------G^----- ------------ ------ ------- ---- ------------ ------- -------- -- - tbl_defense4_timing3152(0,5) : ingress
-B------ ---------- ---------^---- ------------ ------ ------- ---- ------------ ------- -------- -- - tbl_defense4_timing3114(0,6) : ingress
JD---F-- -EK------- ----------^--- ------------ ------ ------- ---- ------------ ------- -------- -- - tbl_random_deadlines_0(1,6) : ingress
-B------ ---------- --------A--^-- ------------ ------ ------- ---- ------------ ------- -------- -- - cond-63(0,6) : ingress
-------- ---------- -----------G^- ------------ ------ ------- ---- ------------ ------- -------- -- - tbl_defense4_timing3160(0,6) : ingress
-------- ---------- ------------G^ ------------ ------ ------- ---- ------------ ------- -------- -- - tbl_defense4_timing3161(0,6) : ingress
#stage 3
-------- ---------- ------HHH--C-- ^----------- ------ ------- ---- ------------ ------- -------- -- - tbl_defense4_timing3156(1,6) : ingress
-------- ---------- -------------- G^---------- ------ ------- ---- ------------ ------- -------- -- - tbl_defense4_timing3157(1,6) : ingress
-------- ---------- -------------- -G^--------- ------ ------- ---- ------------ ------- -------- -- - tbl_defense4_timing3158(1,6) : ingress
-B-FF--- -F-------- ---F---------- ---^-------- ------ ------- ---- ------------ ------- -------- -- - tbl_guarded_ack_0(3,5) : ingress
-B-F---- -F-------- ---F---------- ----^------- ------ ------- ---- ------------ ------- -------- -- - tbl_guarded_seq_0(3,5) : ingress
-B-F---- ---------- ---F---------- -----^------ ------ ------- ---- ------------ ------- -------- -- - tbl_owner_valid_0(3,6) : ingress
-B-F---- ---------- ---F---------- ------^----- ------ ------- ---- ------------ ------- -------- -- - tbl_tracker_admission_0(3,6) : ingress
-L-E---- ---E------ ----------E--- -------^---- ------ ------- ---- ------------ ------- -------- -- - tbl_build_cand_resp_0(2,7) : ingress
-L------ ---E------ ----------E--- --------^--- ------ ------- ---- ------------ ------- -------- -- - tbl_build_cand_0(2,7) : ingress
-B------ --EE------ ----------E--- ---------^-- ------ ------- ---- ------------ ------- -------- -- - tbl_defense4_timing3172(2,7) : ingress
-B------ ---------- ---E---------- ----------^- ------ ------- ---- ------------ ------- -------- -- - tbl_defense4_timing3251(3,9) : ingress
-B------ ---------- -------------- -----------^ ------ ------- ---- ------------ ------- -------- -- - tbl_defense4_timing3117(0,9) : ingress
#stage 4
-B-F---- -F-------- ---F---------- ------------ ^----- ------- ---- ------------ ------- -------- -- - tbl_guarded_sport_0(3,5) : ingress
-B------ ---------- ---------F--HE HHE--------- -^---- ------- ---- ------------ ------- -------- -- - tbl_defense4_timing3370(2,7) : ingress
-------- ---------- ---------M--HH HHH--------- -G^--- ------- ---- ------------ ------- -------- -- - tbl_defense4_timing3371(2,7) : ingress
-------- ---------- ---------M--HH HHH--------- --G^-- ------- ---- ------------ ------- -------- -- - tbl_defense4_timing3372(2,7) : ingress
-------- ---------- ---------M---- ------------ ---G^- ------- ---- ------------ ------- -------- -- - tbl_defense4_timing3373(2,7) : ingress
-B------ ---------- ------------HE HHE----EEE-- -----^ ------- ---- ------------ ------- -------- -- - tbl_select_deadlines_0(3,8) : ingress
#stage 5
-B-A---- ------JNOK NNP------A---- ---FF------- F----- ^------ ---- ------------ ------- -------- -- - tbl_resp_authorise_0(4,6) : ingress
-------- -------HH- HHH----------- ------------ ------ G^----- ---- ------------ ------- -------- -- - cond-80(4,6) : ingress
-H------ ------J-JJ -------------- ------------ ------ -C^---- ---- ------------ ------- -------- -- - tbl_defense4_timing3273(4,6) : ingress
-------- ------J-JJ -------------- ------------ ------ --G^--- ---- ------------ ------- -------- -- - tbl_defense4_timing3275(4,6) : ingress
-------- -------HH- HHH------H---- ------------ ------ -G--^-- ---- ------------ ------- -------- -- - cond-82(4,7) : ingress
---H---- ---------- -------------- ------------ ------ ----C^- ---- ------------ ------- -------- -- - tbl_defense4_timing3278(4,7) : ingress
-B-A---- ---------A --AA--------HE HHEA-AA----- ------ ---A-A^ ---- ------------ ------- -------- -- - cond-84(4,7) : ingress
#stage 6
-------- ------J-JJ -------------- -----H------ ------ J-JJ--C ^--- ------------ ------- -------- -- - tbl_defense4_timing3298(5,7) : ingress
-H------ -------HH- HHH----------- ------------ ------ ------- G^-- ------------ ------- -------- -- - cond-86(5,7) : ingress
---H---- ------J-JJ -------------- ------H----- ------ J-JJ--- -C^- ------------ ------- -------- -- - tbl_defense4_timing3303(5,7) : ingress
---H---- ------J-JJ -------------- ------------ ------ J-JJ--- --G^ ------------ ------- -------- -- - tbl_defense4_timing3307(5,7) : ingress
#stage 7
-------- ------MHNM HHH----------- ---J-------- ------ M-MM--- -G-- ^----------- ------- -------- -- - tbl_defense4_timing3314(5,7) : ingress
-------- ------MHNM HHHJ---------- ------------ ------ M-MM--- ---- G^---------- ------- -------- -- - tbl_defense4_timing3320(5,7) : ingress
-------- ------MHNM HHH----------- ---J-------- ------ M-MM--- ---- -G^--------- ------- -------- -- - tbl_defense4_timing3336(5,7) : ingress
-H------ ------M-MM ---J---------- ------------ ------ M-MM--- ---- --C^-------- ------- -------- -- - tbl_defense4_timing3331(5,7) : ingress
-------- ------M-MM ---J---------- ------------ ------ M-MM--- ---- ---G^------- ------- -------- -- - tbl_defense4_timing3333(5,7) : ingress
-------- ------M-MM -------------- ---J-------- ------ M-MM--- ---G -----^------ ------- -------- -- - tbl_defense4_timing3310(5,8) : ingress
-------- ---------- -------------- ---J-------- ------ ------- ---I ------^----- ------- -------- -- - tbl_defense4_timing3308(6,8) : ingress
-------- ---------- -------------- ---J-------- ------ ------- --I- -------^---- ------- -------- -- - tbl_defense4_timing3304(6,8) : ingress
-------- ---------- -------------- ---J-------- ------ ------- I--- --------^--- ------- -------- -- - tbl_defense4_timing3299(6,8) : ingress
-B------ ---------- ------------HE HHE--------- -HMMF- ------- ---- ---------^-- ------- -------- -- - tbl_defense4_timing3385(3,8) : ingress
-------- ---------- ------------HH HHH--------- --MMM- ------- ---- ---------G^- ------- -------- -- - tbl_defense4_timing3386(3,8) : ingress
-------- ---------- ------------HH HHH--------- --MMM- ------- ---- ----------G^ ------- -------- -- - tbl_defense4_timing3387(3,9) : ingress
#stage 8
-B-F---- -------MMA MMFF---------- ------------ ------ ------- ---- -M-MF------- ^------ -------- -- - tbl_txn_active_0(6,8) : ingress
-B------ ---------- ------------HE HHE--------- ------ ------- ---- ------------ -^----- -------- -- - tbl_defense4_timing3374(2,8) : ingress
-------- ---------- ------------HH HHH--------- ------ ------- ---- ------------ -G^---- -------- -- - tbl_defense4_timing3375(2,8) : ingress
-------- ---------- -------------- ------------ ------ ------- ---- ------------ --G^--- -------- -- - tbl_defense4_timing3382(2,8) : ingress
-B------ --FF---MMA MMF---------MF MMFFF------- F----Q ------- ---- M-M-AFFFF--- ----^-- -------- -- - tbl_state_decode_0(7,9) : ingress
-B-F---- --FF---MMA MMFF--------MF MMFFF------- F----Q ------- ---- M-M-AFFFF--- -----^- -------- -- - tbl_resp_deadline_0(7,9) : ingress
-B------ ---------- ------------HE HHE--------- ------ ------- ---- ------------ ---A--^ -------- -- - cond-104(2,9) : ingress
#stage 9
-------- ---------- -------------- ------------ ------ ------- ---- ------------ -HHH--C ^------- -- - tbl_defense4_timing3391(3,9) : ingress
-------- ---------- -------------- ------------ ------ ------- ---- ------------ -HHH--- G^------ -- - tbl_defense4_timing3392(3,9) : ingress
-------- ---------- -------------- ------------ ------ ------- ---- ------------ ------- -G^----- -- - tbl_defense4_timing3393(3,9) : ingress
-B------ ---F------ ----F-------MF MMF--------- --MMFR ------- ---- ----------MA -MMFRR- ---^---- -- - tbl_hold_ok_0(7,9) : ingress
-B------ -------HHA HHEA---------- -----A------ ------ ------- ---- ----A------- A------ ----^--- -- - cond-93(6,9) : ingress
-------- ---------- ---M---------- -----H------ ------ ------- ---- -M-MM------- J------ ----C^-- -- - tbl_defense4_timing3352(7,9) : ingress
-------- ---------- ---M---------- ------------ ------ ------- ---- -M-MM------- J------ -----G^- -- - tbl_defense4_timing3353(7,9) : ingress
-------- -------HH- HHHM---------- ------------ ------ ------- ---- -M-MM------- J------ ----G--^ -- - tbl_defense4_timing3359(7,9) : ingress
#stage 10
JS-F---- E------TMA MMFE--MMFR--TF MMF--F----ER -UVVWF ------- ---- -H-HE----XUR F---FA- MMFQ-MFF ^- - tbl_decide_fresh_0(8,10) : ingress
---M---- ---------- ---------T--MM MMM--M-----M -M---M ------- ---- ------------ ----MM- ---Y---- G^ - tbl_decide_deq_0(8,10) : ingress
#stage 11
ZB------ ---------- ----------a--- ------------ ------ ------- ---- ------------ ------- -------- HE ^ tbl_defense4_timing3422(9,11) : ingress
#dependencies
A :  ANTI_NEXT_TABLE_DATA
B :  CONTROL_DEFAULT_NEXT_TABLE
C :  CONTROL_COND_TRUE
D :  CONTROL_DEFAULT_NEXT_TABLE OUTPUT
E :  ACTION_READ ANTI_NEXT_TABLE_DATA
F :  IXBAR_READ ANTI_NEXT_TABLE_DATA
G :  CONTROL_COND_FALSE
H :  ACTION_READ
I :  CONTROL_DEFAULT_NEXT_TABLE IXBAR_READ
J :  OUTPUT
K :  OUTPUT ANTI_NEXT_TABLE_DATA
L :  CONTROL_DEFAULT_NEXT_TABLE ACTION_READ
M :  IXBAR_READ
N :  IXBAR_READ ACTION_READ
O :  IXBAR_READ ACTION_READ OUTPUT
P :  IXBAR_READ ACTION_READ ANTI_NEXT_TABLE_DATA
Q :  IXBAR_READ OUTPUT ANTI_NEXT_TABLE_DATA
R :  ANTI_ACTION_READ ANTI_NEXT_TABLE_DATA
S :  CONTROL_DEFAULT_NEXT_TABLE IXBAR_READ ACTION_READ
T :  IXBAR_READ ANTI_ACTION_READ
U :  ANTI_TABLE_READ ANTI_ACTION_READ
V :  IXBAR_READ ACTION_READ ANTI_TABLE_READ ANTI_ACTION_READ
W :  IXBAR_READ ACTION_READ ANTI_TABLE_READ ANTI_ACTION_READ ANTI_NEXT_TABLE_DATA
X :  ANTI_ACTION_READ
Y :  IXBAR_READ OUTPUT
Z :  ACTION_READ OUTPUT
a :  ACTION_READ OUTPUT ANTI_NEXT_TABLE_DATA

*** Table dependency chains (of minimum length 8) ***

1. tbl_defense4_timing3102(0) -> tbl_params_0(0) -> tbl_defense4_timing3249(0) -> tbl_defense4_timing3249_0(1) -> tbl_owner_admission_0(2) -> tbl_guarded_seq_0(3) -> tbl_resp_authorise_0(4) -> tbl_defense4_timing3298(5) -> tbl_defense4_timing3299(6) -> tbl_state_decode_0(7) -> tbl_hold_ok_0(7) -> tbl_decide_fresh_0(8) -> tbl_defense4_timing3422(9) (ingress)

2. tbl_params_0(0) -> tbl_defense4_timing3249(0) -> tbl_defense4_timing3249_0(1) -> tbl_owner_admission_0(2) -> tbl_guarded_seq_0(3) -> tbl_resp_authorise_0(4) -> tbl_defense4_timing3298(5) -> tbl_defense4_timing3299(6) -> tbl_state_decode_0(7) -> tbl_hold_ok_0(7) -> tbl_decide_fresh_0(8) -> tbl_defense4_timing3422(9) (ingress)

3. tbl_defense4_timing3249(0) -> tbl_defense4_timing3249_0(1) -> tbl_owner_admission_0(2) -> tbl_guarded_seq_0(3) -> tbl_resp_authorise_0(4) -> tbl_defense4_timing3298(5) -> tbl_defense4_timing3299(6) -> tbl_state_decode_0(7) -> tbl_hold_ok_0(7) -> tbl_decide_fresh_0(8) -> tbl_defense4_timing3422(9) (ingress)
#pipeline pipe
#stage 0
^------- ---------- -------------- ------------- ------------ ---- ---------------- -------- ---- - - tbl_defense4_timing3102(0,2) : ingress
A^------ ---------- -------------- ------------- ------------ ---- ---------------- -------- ---- - - tbl_params_0(0,2) : ingress
-B^----- ---------- -------------- ------------- ------------ ---- ---------------- -------- ---- - - tbl_defense4_timing3108(0,5) : ingress
-B-^---- ---------- -------------- ------------- ------------ ---- ---------------- -------- ---- - - tbl_read_release_params_0(0,3) : ingress
-B--^--- ---------- -------------- ------------- ------------ ---- ---------------- -------- ---- - - tbl_build_exp_ack_0(0,4) : ingress
-B---^-- ---------- -------------- ------------- ------------ ---- ---------------- -------- ---- - - tbl_defense4_timing3163(0,5) : ingress
-B----^- ---------- -------------- ------------- ------------ ---- ---------------- -------- ---- - - tbl_defense4_timing3249(0,2) : ingress
-C-----^ ---------- -------------- ------------- ------------ ---- ---------------- -------- ---- - - tbl_finish_path(0,11) : ingress
#stage 1
------D- ^--------- -------------- ------------- ------------ ---- ---------------- -------- ---- - - tbl_defense4_timing3249_0(1,3) : ingress
-B------ -^-------- -------------- ------------- ------------ ---- ---------------- -------- ---- - - tbl_session_0(0,3) : ingress
-B------ --^------- -------------- ------------- ------------ ---- ---------------- -------- ---- - - tbl_bor_params_0(0,5) : ingress
-BE----- ---^------ -------------- ------------- ------------ ---- ---------------- -------- ---- - - tbl_build_now_0(1,6) : ingress
-B---F-- ----^----- -------------- ------------- ------------ ---- ---------------- -------- ---- - - tbl_bor_codebook_0(1,7) : ingress
-B------ -A---^---- -------------- ------------- ------------ ---- ---------------- -------- ---- - - cond-70(0,5) : ingress
-------- -----C^--- -------------- ------------- ------------ ---- ---------------- -------- ---- - - tbl_defense4_timing3197(0,5) : ingress
-------- -----G-^-- -------------- ------------- ------------ ---- ---------------- -------- ---- - - tbl_defense4_timing3221(0,5) : ingress
-------- -------G^- -------------- ------------- ------------ ---- ---------------- -------- ---- - - tbl_defense4_timing3227(0,5) : ingress
-------- --------G^ -------------- ------------- ------------ ---- ---------------- -------- ---- - - tbl_defense4_timing3237(0,5) : ingress
#stage 2
-------- -H----G--- ^------------- ------------- ------------ ---- ---------------- -------- ---- - - tbl_defense4_timing3199(1,5) : ingress
-------- -H-------- G^------------ ------------- ------------ ---- ---------------- -------- ---- - - tbl_defense4_timing3202(1,5) : ingress
-------- -H-------- -G^----------- ------------- ------------ ---- ---------------- -------- ---- - - tbl_defense4_timing3205(1,5) : ingress
-I-F---- FF-------- ---^---------- ------------- ------------ ---- ---------------- -------- ---- - - tbl_owner_admission_0(2,4) : ingress
-B------ ---EE----- ----^--------- ------------- ------------ ---- ---------------- -------- ---- - - tbl_defense4_timing3383(2,8) : ingress
-B------ ---------- -----^-------- ------------- ------------ ---- ---------------- -------- ---- - - cond-59(0,5) : ingress
-------- ---------- -----C^------- ------------- ------------ ---- ---------------- -------- ---- - - tbl_defense4_timing3150(0,5) : ingress
-------- ---------- ------G^------ ------------- ------------ ---- ---------------- -------- ---- - - tbl_defense4_timing3151(0,5) : ingress
-------- ---------- -------G^----- ------------- ------------ ---- ---------------- -------- ---- - - tbl_defense4_timing3152(0,5) : ingress
-B------ ---------- ---------^---- ------------- ------------ ---- ---------------- -------- ---- - - tbl_defense4_timing3114(0,6) : ingress
JD---F-- -EK------- ----------^--- ------------- ------------ ---- ---------------- -------- ---- - - tbl_random_deadlines_0(1,6) : ingress
-B------ ---------- --------A--^-- ------------- ------------ ---- ---------------- -------- ---- - - cond-63(0,6) : ingress
-------- ---------- -----------G^- ------------- ------------ ---- ---------------- -------- ---- - - tbl_defense4_timing3160(0,6) : ingress
-------- ---------- ------------G^ ------------- ------------ ---- ---------------- -------- ---- - - tbl_defense4_timing3161(0,6) : ingress
#stage 3
-------- ---------- ------HHH--C-- ^------------ ------------ ---- ---------------- -------- ---- - - tbl_defense4_timing3156(1,6) : ingress
-------- ---------- -------------- G^----------- ------------ ---- ---------------- -------- ---- - - tbl_defense4_timing3157(1,6) : ingress
-------- ---------- -------------- -G^---------- ------------ ---- ---------------- -------- ---- - - tbl_defense4_timing3158(1,6) : ingress
-B-FF--- -F-------- ---F---------- ---^--------- ------------ ---- ---------------- -------- ---- - - tbl_guarded_ack_0(3,5) : ingress
-B-F---- -F-------- ---F---------- ----^-------- ------------ ---- ---------------- -------- ---- - - tbl_guarded_sport_0(3,5) : ingress
-B-F---- -F-------- ---F---------- -----^------- ------------ ---- ---------------- -------- ---- - - tbl_guarded_seq_0(3,5) : ingress
-B-F---- ---------- ---F---------- ------^------ ------------ ---- ---------------- -------- ---- - - tbl_owner_valid_0(3,6) : ingress
-B-F---- ---------- ---F---------- -------^----- ------------ ---- ---------------- -------- ---- - - tbl_tracker_admission_0(3,6) : ingress
-L-E---- ---E------ ----------E--- --------^---- ------------ ---- ---------------- -------- ---- - - tbl_build_cand_resp_0(2,7) : ingress
-L------ ---E------ ----------E--- ---------^--- ------------ ---- ---------------- -------- ---- - - tbl_build_cand_0(2,7) : ingress
-B------ --EE------ ----------E--- ----------^-- ------------ ---- ---------------- -------- ---- - - tbl_defense4_timing3172(2,7) : ingress
-B------ ---------- ---E---------- -----------^- ------------ ---- ---------------- -------- ---- - - tbl_defense4_timing3251(3,9) : ingress
-B------ ---------- -------------- ------------^ ------------ ---- ---------------- -------- ---- - - tbl_defense4_timing3117(0,9) : ingress
#stage 4
-B------ ---------- ------------HE HHE-----EEE-- ^----------- ---- ---------------- -------- ---- - - tbl_select_deadlines_0(3,8) : ingress
-B-A---- ------JMNK MMO------A---- ---FFF------- -^---------- ---- ---------------- -------- ---- - - tbl_resp_authorise_0(4,6) : ingress
-------- -------HH- HHH----------- ------------- -G^--------- ---- ---------------- -------- ---- - - cond-80(4,6) : ingress
-H------ ------J-JJ -------------- ------------- --C^-------- ---- ---------------- -------- ---- - - tbl_defense4_timing3273(4,6) : ingress
-------- ------J-JJ -------------- ------------- ---G^------- ---- ---------------- -------- ---- - - tbl_defense4_timing3275(4,6) : ingress
-------- -------HH- HHH------H---- ------------- --G--^------ ---- ---------------- -------- ---- - - cond-82(4,7) : ingress
---H---- ---------- -------------- ------------- -----C^----- ---- ---------------- -------- ---- - - tbl_defense4_timing3278(4,7) : ingress
-B------ ---------- ---------F--HE HHE---------- -------^---- ---- ---------------- -------- ---- - - tbl_defense4_timing3370(2,7) : ingress
-------- ---------- ---------P--HH HHH---------- -------G^--- ---- ---------------- -------- ---- - - tbl_defense4_timing3371(2,7) : ingress
-------- ---------- ---------P--HH HHH---------- --------G^-- ---- ---------------- -------- ---- - - tbl_defense4_timing3372(2,7) : ingress
-------- ---------- ---------P---- ------------- ---------G^- ---- ---------------- -------- ---- - - tbl_defense4_timing3373(2,7) : ingress
-B-A---- ---------A --AA--------HE HHEA--AA----- ----A-A----^ ---- ---------------- -------- ---- - - cond-84(4,7) : ingress
#stage 5
-------- ------J-JJ -------------- ------H------ -J-JJ------C ^--- ---------------- -------- ---- - - tbl_defense4_timing3298(5,7) : ingress
-H------ -------HH- HHH----------- ------------- ------------ G^-- ---------------- -------- ---- - - cond-86(5,7) : ingress
---H---- ------J-JJ -------------- -------H----- -J-JJ------- -C^- ---------------- -------- ---- - - tbl_defense4_timing3303(5,7) : ingress
---H---- ------J-JJ -------------- ------------- -J-JJ------- --G^ ---------------- -------- ---- - - tbl_defense4_timing3307(5,7) : ingress
#stage 6
-------- ------PHMP HHH----------- ---J--------- -P-PP------- -G-- ^--------------- -------- ---- - - tbl_defense4_timing3314(5,7) : ingress
-------- ------PHMP HHHJ---------- ------------- -P-PP------- ---- G^-------------- -------- ---- - - tbl_defense4_timing3320(5,7) : ingress
-------- ------PHMP HHH----------- ---J--------- -P-PP------- ---- -G^------------- -------- ---- - - tbl_defense4_timing3336(5,7) : ingress
-H------ ------P-PP ---J---------- ------------- -P-PP------- ---- --C^------------ -------- ---- - - tbl_defense4_timing3331(5,7) : ingress
-------- ------P-PP ---J---------- ------------- -P-PP------- ---- ---G^----------- -------- ---- - - tbl_defense4_timing3333(5,7) : ingress
-------- ------P-PP -------------- ---J--------- -P-PP------- ---G -----^---------- -------- ---- - - tbl_defense4_timing3310(5,8) : ingress
-------- ---------- -------------- ---J--------- ------------ ---I ------^--------- -------- ---- - - tbl_defense4_timing3308(6,8) : ingress
-------- ---------- -------------- ---J--------- ------------ --I- -------^-------- -------- ---- - - tbl_defense4_timing3304(6,8) : ingress
-------- ---------- -------------- ---J--------- ------------ I--- --------^------- -------- ---- - - tbl_defense4_timing3299(6,8) : ingress
-B------ ---------- ------------HE HHE---------- ------------ ---- ---------^------ -------- ---- - - tbl_defense4_timing3374(2,8) : ingress
-------- ---------- ------------HH HHH---------- ------------ ---- ---------G^----- -------- ---- - - tbl_defense4_timing3375(2,8) : ingress
-------- ---------- -------------- ------------- ------------ ---- ----------G^---- -------- ---- - - tbl_defense4_timing3382(2,8) : ingress
-B------ ---------- ------------HE HHE---------- -------HPPF- ---- ------------^--- -------- ---- - - tbl_defense4_timing3385(3,8) : ingress
-------- ---------- ------------HH HHH---------- --------PPP- ---- ------------G^-- -------- ---- - - tbl_defense4_timing3386(3,8) : ingress
-------- ---------- ------------HH HHH---------- --------PPP- ---- -------------G^- -------- ---- - - tbl_defense4_timing3387(3,9) : ingress
-B------ ---------- ------------HE HHE---------- ------------ ---- -----------A---^ -------- ---- - - cond-104(2,9) : ingress
#stage 7
-------- ---------- -------------- ------------- ------------ ---- ---------HHH---C ^------- ---- - - tbl_defense4_timing3391(3,9) : ingress
-------- ---------- -------------- ------------- ------------ ---- ---------HHH---- G^------ ---- - - tbl_defense4_timing3392(3,9) : ingress
-------- ---------- -------------- ------------- ------------ ---- ---------------- -G^----- ---- - - tbl_defense4_timing3393(3,9) : ingress
-B-F---- -------PPA PPFF---------- ------------- ------------ ---- -P-PF----------- ---^---- ---- - - tbl_txn_active_0(6,8) : ingress
-B------ --FF---PPA PPF---------PF PPFFFF------- Q----------- ---- P-P-AFFFF------- ----^--- ---- - - tbl_state_decode_0(7,9) : ingress
-B-F---- --FF---PPA PPFF--------PF PPFFFF------- Q----------- ---- P-P-AFFFF------- -----^-- ---- - - tbl_resp_deadline_0(7,9) : ingress
-B------ ---F------ ----F-------PF PPF---------- R-------PPF- ---- ---------PPF-PA- ----RR^- ---- - - tbl_hold_ok_0(7,9) : ingress
-B------ -------HHA HHEA---------- ------A------ ------------ ---- ----A----------- ---A---^ ---- - - cond-93(6,9) : ingress
#stage 8
-------- ---------- ---P---------- ------H------ ------------ ---- -P-PP----------- ---J---C ^--- - - tbl_defense4_timing3352(7,9) : ingress
-------- ---------- ---P---------- ------------- ------------ ---- -P-PP----------- ---J---- G^-- - - tbl_defense4_timing3353(7,9) : ingress
-------- -------HH- HHHP---------- ------------- ------------ ---- -P-PP----------- ---J---G --^- - - tbl_defense4_timing3359(7,9) : ingress
-B-F---- A--------A --AA----AS--PF PPF---F----AF F------P--A- ---- ----A---------A- --AAFFQ- -AA^ - - tbl_decide_deq_0(8,10) : ingress
#stage 9
JM-P---- H------TP- PPPH--PPPU--TP PPP---P----HU P------VWWW- ---- -H-HH-------UVU- PPPPP-X- PPPC ^ - tbl_decide_fresh_0(8,10) : ingress
#stage 10
YB------ ---------- ----------Z--- ------------- ------------ ---- ---------------- -------- ---H E ^ tbl_defense4_timing3422(9,11) : ingress
#dependencies
A :  ANTI_NEXT_TABLE_DATA
B :  CONTROL_DEFAULT_NEXT_TABLE
C :  CONTROL_COND_TRUE
D :  CONTROL_DEFAULT_NEXT_TABLE OUTPUT
E :  ACTION_READ ANTI_NEXT_TABLE_DATA
F :  IXBAR_READ ANTI_NEXT_TABLE_DATA
G :  CONTROL_COND_FALSE
H :  ACTION_READ
I :  CONTROL_DEFAULT_NEXT_TABLE IXBAR_READ
J :  OUTPUT
K :  OUTPUT ANTI_NEXT_TABLE_DATA
L :  CONTROL_DEFAULT_NEXT_TABLE ACTION_READ
M :  IXBAR_READ ACTION_READ
N :  IXBAR_READ ACTION_READ OUTPUT
O :  IXBAR_READ ACTION_READ ANTI_NEXT_TABLE_DATA
P :  IXBAR_READ
Q :  IXBAR_READ OUTPUT ANTI_NEXT_TABLE_DATA
R :  ANTI_ACTION_READ ANTI_NEXT_TABLE_DATA
S :  IXBAR_READ ANTI_ACTION_READ ANTI_NEXT_TABLE_DATA
T :  IXBAR_READ ANTI_ACTION_READ
U :  ANTI_ACTION_READ
V :  ANTI_TABLE_READ ANTI_ACTION_READ
W :  IXBAR_READ ACTION_READ ANTI_TABLE_READ ANTI_ACTION_READ
X :  IXBAR_READ OUTPUT
Y :  ACTION_READ OUTPUT
Z :  ACTION_READ OUTPUT ANTI_NEXT_TABLE_DATA

*** Table dependency chains (of minimum length 8) ***

1. tbl_defense4_timing3102(0) -> tbl_params_0(0) -> tbl_defense4_timing3249(0) -> tbl_defense4_timing3249_0(1) -> tbl_owner_admission_0(2) -> tbl_guarded_seq_0(3) -> tbl_resp_authorise_0(4) -> tbl_defense4_timing3298(5) -> tbl_defense4_timing3299(6) -> tbl_state_decode_0(7) -> tbl_hold_ok_0(7) -> tbl_decide_deq_0(8) -> tbl_defense4_timing3422(9) (ingress)

2. tbl_params_0(0) -> tbl_defense4_timing3249(0) -> tbl_defense4_timing3249_0(1) -> tbl_owner_admission_0(2) -> tbl_guarded_seq_0(3) -> tbl_resp_authorise_0(4) -> tbl_defense4_timing3298(5) -> tbl_defense4_timing3299(6) -> tbl_state_decode_0(7) -> tbl_hold_ok_0(7) -> tbl_decide_deq_0(8) -> tbl_defense4_timing3422(9) (ingress)

3. tbl_defense4_timing3249(0) -> tbl_defense4_timing3249_0(1) -> tbl_owner_admission_0(2) -> tbl_guarded_seq_0(3) -> tbl_resp_authorise_0(4) -> tbl_defense4_timing3298(5) -> tbl_defense4_timing3299(6) -> tbl_state_decode_0(7) -> tbl_hold_ok_0(7) -> tbl_decide_deq_0(8) -> tbl_defense4_timing3422(9) (ingress)
#pipeline pipe
#stage 0
^------- -------------- -------------- ------------- -------- ---- ---------------- -------- ---- - - tbl_defense4_timing3102(0,2) : ingress
A^------ -------------- -------------- ------------- -------- ---- ---------------- -------- ---- - - tbl_params_0(0,2) : ingress
-B^----- -------------- -------------- ------------- -------- ---- ---------------- -------- ---- - - tbl_defense4_timing3108(0,5) : ingress
-B-^---- -------------- -------------- ------------- -------- ---- ---------------- -------- ---- - - tbl_read_release_params_0(0,3) : ingress
-B--^--- -------------- -------------- ------------- -------- ---- ---------------- -------- ---- - - tbl_build_exp_ack_0(0,4) : ingress
-B---^-- -------------- -------------- ------------- -------- ---- ---------------- -------- ---- - - tbl_defense4_timing3163(0,5) : ingress
-B----^- -------------- -------------- ------------- -------- ---- ---------------- -------- ---- - - tbl_defense4_timing3249(0,2) : ingress
-C-----^ -------------- -------------- ------------- -------- ---- ---------------- -------- ---- - - tbl_finish_path(0,11) : ingress
#stage 1
------D- ^------------- -------------- ------------- -------- ---- ---------------- -------- ---- - - tbl_defense4_timing3249_0(1,3) : ingress
-B------ -^------------ -------------- ------------- -------- ---- ---------------- -------- ---- - - tbl_session_0(0,3) : ingress
-B------ --^----------- -------------- ------------- -------- ---- ---------------- -------- ---- - - tbl_bor_params_0(0,5) : ingress
-BE----- ---^---------- -------------- ------------- -------- ---- ---------------- -------- ---- - - tbl_build_now_0(1,6) : ingress
-B---F-- ----^--------- -------------- ------------- -------- ---- ---------------- -------- ---- - - tbl_bor_codebook_0(1,7) : ingress
-B------ -----^-------- -------------- ------------- -------- ---- ---------------- -------- ---- - - cond-59(0,5) : ingress
-------- -----C^------- -------------- ------------- -------- ---- ---------------- -------- ---- - - tbl_defense4_timing3150(0,5) : ingress
-------- ------G^------ -------------- ------------- -------- ---- ---------------- -------- ---- - - tbl_defense4_timing3151(0,5) : ingress
-------- -------G^----- -------------- ------------- -------- ---- ---------------- -------- ---- - - tbl_defense4_timing3152(0,5) : ingress
-B------ -A-------^---- -------------- ------------- -------- ---- ---------------- -------- ---- - - cond-70(0,5) : ingress
-------- ---------G^--- -------------- ------------- -------- ---- ---------------- -------- ---- - - tbl_defense4_timing3221(0,5) : ingress
-------- ----------G^-- -------------- ------------- -------- ---- ---------------- -------- ---- - - tbl_defense4_timing3227(0,5) : ingress
-------- -----------G^- -------------- ------------- -------- ---- ---------------- -------- ---- - - tbl_defense4_timing3237(0,5) : ingress
-------- ---------C---^ -------------- ------------- -------- ---- ---------------- -------- ---- - - tbl_defense4_timing3197(0,5) : ingress
#stage 2
-------- -H-----------G ^------------- ------------- -------- ---- ---------------- -------- ---- - - tbl_defense4_timing3199(1,5) : ingress
-------- -H------------ G^------------ ------------- -------- ---- ---------------- -------- ---- - - tbl_defense4_timing3202(1,5) : ingress
-------- -H------------ -G^----------- ------------- -------- ---- ---------------- -------- ---- - - tbl_defense4_timing3205(1,5) : ingress
-I-F---- FF------------ ---^---------- ------------- -------- ---- ---------------- -------- ---- - - tbl_owner_admission_0(2,4) : ingress
-B------ --------A----- ----^--------- ------------- -------- ---- ---------------- -------- ---- - - cond-63(0,6) : ingress
-------- ------HHH----- ----C^-------- ------------- -------- ---- ---------------- -------- ---- - - tbl_defense4_timing3156(1,6) : ingress
-------- -------------- -----G^------- ------------- -------- ---- ---------------- -------- ---- - - tbl_defense4_timing3157(1,6) : ingress
-------- -------------- ----G--^------ ------------- -------- ---- ---------------- -------- ---- - - tbl_defense4_timing3160(0,6) : ingress
-------- -------------- -------G^----- ------------- -------- ---- ---------------- -------- ---- - - tbl_defense4_timing3161(0,6) : ingress
-------- -------------- ------G--^---- ------------- -------- ---- ---------------- -------- ---- - - tbl_defense4_timing3158(1,6) : ingress
-B------ -------------- ----------^--- ------------- -------- ---- ---------------- -------- ---- - - tbl_defense4_timing3114(0,6) : ingress
JD---F-- -EK----------- -----------^-- ------------- -------- ---- ---------------- -------- ---- - - tbl_random_deadlines_0(1,6) : ingress
-B------ ---EE--------- ------------^- ------------- -------- ---- ---------------- -------- ---- - - tbl_defense4_timing3383(2,8) : ingress
-B------ -------------- -------------^ ------------- -------- ---- ---------------- -------- ---- - - tbl_defense4_timing3117(0,9) : ingress
#stage 3
-B-FF--- -F------------ ---F---------- ^------------ -------- ---- ---------------- -------- ---- - - tbl_guarded_ack_0(3,5) : ingress
-B-F---- -F------------ ---F---------- -^----------- -------- ---- ---------------- -------- ---- - - tbl_guarded_sport_0(3,5) : ingress
-B-F---- -F------------ ---F---------- --^---------- -------- ---- ---------------- -------- ---- - - tbl_guarded_seq_0(3,5) : ingress
-B-F---- -------------- ---F---------- ---^--------- -------- ---- ---------------- -------- ---- - - tbl_owner_valid_0(3,6) : ingress
-B-F---- -------------- ---F---------- ----^-------- -------- ---- ---------------- -------- ---- - - tbl_tracker_admission_0(3,6) : ingress
-L-E---- ---E---------- -----------E-- -----^------- -------- ---- ---------------- -------- ---- - - tbl_build_cand_resp_0(2,7) : ingress
-L------ ---E---------- -----------E-- ------^------ -------- ---- ---------------- -------- ---- - - tbl_build_cand_0(2,7) : ingress
-B------ --EE---------- -----------E-- -------^----- -------- ---- ---------------- -------- ---- - - tbl_defense4_timing3172(2,7) : ingress
-B------ -------------- -----HHHEEF--- --------^---- -------- ---- ---------------- -------- ---- - - tbl_defense4_timing3370(2,7) : ingress
-------- -------------- -----HHHHHM--- --------G^--- -------- ---- ---------------- -------- ---- - - tbl_defense4_timing3371(2,7) : ingress
-------- -------------- -----HHHHHM--- ---------G^-- -------- ---- ---------------- -------- ---- - - tbl_defense4_timing3372(2,7) : ingress
-------- -------------- ----------M--- ----------G^- -------- ---- ---------------- -------- ---- - - tbl_defense4_timing3373(2,7) : ingress
-B------ -------------- ---E---------- ------------^ -------- ---- ---------------- -------- ---- - - tbl_defense4_timing3251(3,9) : ingress
#stage 4
-B------ -------------- -----HHHEE---- -----EEE----- ^------- ---- ---------------- -------- ---- - - tbl_select_deadlines_0(3,8) : ingress
-B-A---- ----------NOKJ NNP-------A--- FFF---------- -^------ ---- ---------------- -------- ---- - - tbl_resp_authorise_0(4,6) : ingress
-------- ----------HH-- HHH----------- ------------- -G^----- ---- ---------------- -------- ---- - - cond-80(4,6) : ingress
-H------ -----------JJJ -------------- ------------- --C^---- ---- ---------------- -------- ---- - - tbl_defense4_timing3273(4,6) : ingress
-------- -----------JJJ -------------- ------------- ---G^--- ---- ---------------- -------- ---- - - tbl_defense4_timing3275(4,6) : ingress
-------- ----------HH-- HHH-------H--- ------------- --G--^-- ---- ---------------- -------- ---- - - cond-82(4,7) : ingress
---H---- -------------- -------------- ------------- -----C^- ---- ---------------- -------- ---- - - tbl_defense4_timing3278(4,7) : ingress
-B-A---- ------------A- --A--HHHEE---- ---AA-------- ----A-A^ ---- ---------------- -------- ---- - - cond-84(4,7) : ingress
#stage 5
-------- -----------JJJ -------------- ---H--------- -J-JJ--C ^--- ---------------- -------- ---- - - tbl_defense4_timing3298(5,7) : ingress
-H------ ----------HH-- HHH----------- ------------- -------- G^-- ---------------- -------- ---- - - cond-86(5,7) : ingress
---H---- -----------JJJ -------------- ----H-------- -J-JJ--- -C^- ---------------- -------- ---- - - tbl_defense4_timing3303(5,7) : ingress
---H---- -----------JJJ -------------- ------------- -J-JJ--- --G^ ---------------- -------- ---- - - tbl_defense4_timing3307(5,7) : ingress
#stage 6
-------- ----------HNMM HHH----------- ------------- -M-MM--- -G-- ^--------------- -------- ---- - - tbl_defense4_timing3314(5,7) : ingress
-------- ----------HNMM HHH----------- ------------- -M-MM--- ---- G^-------------- -------- ---- - - tbl_defense4_timing3320(5,7) : ingress
-------- ----------HNMM HHH----------- ------------- -M-MM--- ---- -G^------------- -------- ---- - - tbl_defense4_timing3336(5,7) : ingress
-H------ -----------MMM -------------- ------------- -M-MM--- ---- --C^------------ -------- ---- - - tbl_defense4_timing3331(5,7) : ingress
-------- -----------MMM -------------- ------------- -M-MM--- ---- ---G^----------- -------- ---- - - tbl_defense4_timing3333(5,7) : ingress
-------- -----------MMM -------------- ------------- -M-MM--- ---G -----^---------- -------- ---- - - tbl_defense4_timing3310(5,8) : ingress
-------- -------------- -------------- ------------- -------- ---I ------^--------- -------- ---- - - tbl_defense4_timing3308(6,8) : ingress
-------- -------------- -------------- ------------- -------- --I- -------^-------- -------- ---- - - tbl_defense4_timing3304(6,8) : ingress
-------- -------------- -------------- ------------- -------- I--- --------^------- -------- ---- - - tbl_defense4_timing3299(6,8) : ingress
-B------ -------------- -----HHHEE---- ------------- -------- ---- ---------^------ -------- ---- - - tbl_defense4_timing3374(2,8) : ingress
-------- -------------- -----HHHHH---- ------------- -------- ---- ---------G^----- -------- ---- - - tbl_defense4_timing3375(2,8) : ingress
-------- -------------- -------------- ------------- -------- ---- ----------G^---- -------- ---- - - tbl_defense4_timing3382(2,8) : ingress
-B------ -------------- -----HHHEE---- --------HMMF- -------- ---- ------------^--- -------- ---- - - tbl_defense4_timing3385(3,8) : ingress
-------- -------------- -----HHHHH---- ---------MMM- -------- ---- ------------G^-- -------- ---- - - tbl_defense4_timing3386(3,8) : ingress
-------- -------------- -----HHHHH---- ---------MMM- -------- ---- -------------G^- -------- ---- - - tbl_defense4_timing3387(3,9) : ingress
-B------ -------------- -----HHHEE--A- ------------- -------- ---- -----------A---^ -------- ---- - - cond-104(2,9) : ingress
#stage 7
-------- -------------- ------------J- ------------- -------- ---- ---------HHH---C ^------- ---- - - tbl_defense4_timing3391(3,9) : ingress
-------- -------------- ------------J- ------------- -------- ---- ---------HHH---- G^------ ---- - - tbl_defense4_timing3392(3,9) : ingress
-------- -------------- ------------J- ------------- -------- ---- ---------------- -G^----- ---- - - tbl_defense4_timing3393(3,9) : ingress
-B-F---- ----------MMA- MMFF---------- ------------- -------- ---- -M-MF----------- ---^---- ---- - - tbl_txn_active_0(6,8) : ingress
-B------ --FF------MMA- MMF--MMMFF---- FFF---------- Q------- ---- M-M-AFFFF------- ----^--- ---- - - tbl_state_decode_0(7,9) : ingress
-B-F---- --FF------MMA- MMFF-MMMFF---- FFF---------- Q------- ---- M-M-AFFFF------- -----^-- ---- - - tbl_resp_deadline_0(7,9) : ingress
-B------ ---F---------- -----MMMFF--F- ---------MMF- R------- ---- ---------MMF-MA- ----RR^- ---- - - tbl_hold_ok_0(7,9) : ingress
-B------ ----------HHA- HHE----------- ---A--------- -------- ---- ----A----------- ---A---^ ---- - - cond-93(6,9) : ingress
#stage 8
-------- -------------- -------------- ---H--------- -------- ---- -M-MM----------- ---J---C ^--- - - tbl_defense4_timing3352(7,9) : ingress
-------- -------------- -------------- ------------- -------- ---- -M-MM----------- ---J---- G^-- - - tbl_defense4_timing3353(7,9) : ingress
-------- ----------HH-- HHH----------- ------------- -------- ---- -M-MM----------- ---J---G --^- - - tbl_defense4_timing3359(7,9) : ingress
-B-F---- A-------A---A- --AA-MMMFFS-AF ---F----M--AA F------- ---- ----A---------A- --AAFFQ- -AA^ - - tbl_decide_deq_0(8,10) : ingress
#stage 9
JN-M---- H-----MMM-TM-- MMMH-MMTMMU-MU ---M----VWWWH M------- ---- -H-HH-------UVU- MMMMM-X- MMMC ^ - tbl_decide_fresh_0(8,10) : ingress
#stage 10
YB------ -------------- -----------Z-- ------------- -------- ---- ---------------- -------- ---H E ^ tbl_defense4_timing3422(9,11) : ingress
#dependencies
A :  ANTI_NEXT_TABLE_DATA
B :  CONTROL_DEFAULT_NEXT_TABLE
C :  CONTROL_COND_TRUE
D :  CONTROL_DEFAULT_NEXT_TABLE OUTPUT
E :  ACTION_READ ANTI_NEXT_TABLE_DATA
F :  IXBAR_READ ANTI_NEXT_TABLE_DATA
G :  CONTROL_COND_FALSE
H :  ACTION_READ
I :  CONTROL_DEFAULT_NEXT_TABLE IXBAR_READ
J :  OUTPUT
K :  OUTPUT ANTI_NEXT_TABLE_DATA
L :  CONTROL_DEFAULT_NEXT_TABLE ACTION_READ
M :  IXBAR_READ
N :  IXBAR_READ ACTION_READ
O :  IXBAR_READ ACTION_READ OUTPUT
P :  IXBAR_READ ACTION_READ ANTI_NEXT_TABLE_DATA
Q :  IXBAR_READ OUTPUT ANTI_NEXT_TABLE_DATA
R :  ANTI_ACTION_READ ANTI_NEXT_TABLE_DATA
S :  IXBAR_READ ANTI_ACTION_READ ANTI_NEXT_TABLE_DATA
T :  IXBAR_READ ANTI_ACTION_READ
U :  ANTI_ACTION_READ
V :  ANTI_TABLE_READ ANTI_ACTION_READ
W :  IXBAR_READ ACTION_READ ANTI_TABLE_READ ANTI_ACTION_READ
X :  IXBAR_READ OUTPUT
Y :  ACTION_READ OUTPUT
Z :  ACTION_READ OUTPUT ANTI_NEXT_TABLE_DATA

*** Table dependency chains (of minimum length 8) ***

1. tbl_defense4_timing3102(0) -> tbl_params_0(0) -> tbl_defense4_timing3249(0) -> tbl_defense4_timing3249_0(1) -> tbl_owner_admission_0(2) -> tbl_guarded_seq_0(3) -> tbl_resp_authorise_0(4) -> tbl_defense4_timing3298(5) -> tbl_defense4_timing3299(6) -> tbl_state_decode_0(7) -> tbl_hold_ok_0(7) -> tbl_decide_deq_0(8) -> tbl_defense4_timing3422(9) (ingress)

2. tbl_params_0(0) -> tbl_defense4_timing3249(0) -> tbl_defense4_timing3249_0(1) -> tbl_owner_admission_0(2) -> tbl_guarded_seq_0(3) -> tbl_resp_authorise_0(4) -> tbl_defense4_timing3298(5) -> tbl_defense4_timing3299(6) -> tbl_state_decode_0(7) -> tbl_hold_ok_0(7) -> tbl_decide_deq_0(8) -> tbl_defense4_timing3422(9) (ingress)

3. tbl_defense4_timing3249(0) -> tbl_defense4_timing3249_0(1) -> tbl_owner_admission_0(2) -> tbl_guarded_seq_0(3) -> tbl_resp_authorise_0(4) -> tbl_defense4_timing3298(5) -> tbl_defense4_timing3299(6) -> tbl_state_decode_0(7) -> tbl_hold_ok_0(7) -> tbl_decide_deq_0(8) -> tbl_defense4_timing3422(9) (ingress)
#pipeline pipe
#stage 0
^------- -------------- -------------- ------------- -------- ---- ---------------- -------- ---- - - tbl_defense4_timing3102(0,2) : ingress
A^------ -------------- -------------- ------------- -------- ---- ---------------- -------- ---- - - tbl_params_0(0,2) : ingress
-B^----- -------------- -------------- ------------- -------- ---- ---------------- -------- ---- - - tbl_defense4_timing3108(0,5) : ingress
-B-^---- -------------- -------------- ------------- -------- ---- ---------------- -------- ---- - - tbl_read_release_params_0(0,3) : ingress
-B--^--- -------------- -------------- ------------- -------- ---- ---------------- -------- ---- - - tbl_build_exp_ack_0(0,4) : ingress
-B---^-- -------------- -------------- ------------- -------- ---- ---------------- -------- ---- - - tbl_defense4_timing3163(0,5) : ingress
-B----^- -------------- -------------- ------------- -------- ---- ---------------- -------- ---- - - tbl_defense4_timing3249(0,2) : ingress
-C-----^ -------------- -------------- ------------- -------- ---- ---------------- -------- ---- - - tbl_finish_path(0,11) : ingress
#stage 1
------D- ^------------- -------------- ------------- -------- ---- ---------------- -------- ---- - - tbl_defense4_timing3249_0(1,3) : ingress
-B------ -^------------ -------------- ------------- -------- ---- ---------------- -------- ---- - - tbl_session_0(0,3) : ingress
-B------ --^----------- -------------- ------------- -------- ---- ---------------- -------- ---- - - tbl_bor_params_0(0,5) : ingress
-BE----- ---^---------- -------------- ------------- -------- ---- ---------------- -------- ---- - - tbl_build_now_0(1,6) : ingress
-B---F-- ----^--------- -------------- ------------- -------- ---- ---------------- -------- ---- - - tbl_bor_codebook_0(1,7) : ingress
-B------ -----^-------- -------------- ------------- -------- ---- ---------------- -------- ---- - - cond-59(0,5) : ingress
-------- -----C^------- -------------- ------------- -------- ---- ---------------- -------- ---- - - tbl_defense4_timing3150(0,5) : ingress
-------- ------G^------ -------------- ------------- -------- ---- ---------------- -------- ---- - - tbl_defense4_timing3151(0,5) : ingress
-------- -------G^----- -------------- ------------- -------- ---- ---------------- -------- ---- - - tbl_defense4_timing3152(0,5) : ingress
-B------ -A-------^---- -------------- ------------- -------- ---- ---------------- -------- ---- - - cond-70(0,5) : ingress
-------- ---------G^--- -------------- ------------- -------- ---- ---------------- -------- ---- - - tbl_defense4_timing3221(0,5) : ingress
-------- ----------G^-- -------------- ------------- -------- ---- ---------------- -------- ---- - - tbl_defense4_timing3227(0,5) : ingress
-------- -----------G^- -------------- ------------- -------- ---- ---------------- -------- ---- - - tbl_defense4_timing3237(0,5) : ingress
-------- ---------C---^ -------------- ------------- -------- ---- ---------------- -------- ---- - - tbl_defense4_timing3197(0,5) : ingress
#stage 2
-------- -H-----------G ^------------- ------------- -------- ---- ---------------- -------- ---- - - tbl_defense4_timing3199(1,5) : ingress
-------- -H------------ G^------------ ------------- -------- ---- ---------------- -------- ---- - - tbl_defense4_timing3202(1,5) : ingress
-------- -H------------ -G^----------- ------------- -------- ---- ---------------- -------- ---- - - tbl_defense4_timing3205(1,5) : ingress
-I-F---- FF------------ ---^---------- ------------- -------- ---- ---------------- -------- ---- - - tbl_owner_admission_0(2,4) : ingress
-B------ --------A----- ----^--------- ------------- -------- ---- ---------------- -------- ---- - - cond-63(0,6) : ingress
-------- ------HHH----- ----C^-------- ------------- -------- ---- ---------------- -------- ---- - - tbl_defense4_timing3156(1,6) : ingress
-------- -------------- -----G^------- ------------- -------- ---- ---------------- -------- ---- - - tbl_defense4_timing3157(1,6) : ingress
-------- -------------- ----G--^------ ------------- -------- ---- ---------------- -------- ---- - - tbl_defense4_timing3160(0,6) : ingress
-------- -------------- -------G^----- ------------- -------- ---- ---------------- -------- ---- - - tbl_defense4_timing3161(0,6) : ingress
-------- -------------- ------G--^---- ------------- -------- ---- ---------------- -------- ---- - - tbl_defense4_timing3158(1,6) : ingress
-B------ -------------- ----------^--- ------------- -------- ---- ---------------- -------- ---- - - tbl_defense4_timing3114(0,6) : ingress
JD---F-- -EK----------- -----------^-- ------------- -------- ---- ---------------- -------- ---- - - tbl_random_deadlines_0(1,6) : ingress
-B------ ---EE--------- ------------^- ------------- -------- ---- ---------------- -------- ---- - - tbl_defense4_timing3383(2,8) : ingress
-B------ -------------- -------------^ ------------- -------- ---- ---------------- -------- ---- - - tbl_defense4_timing3117(0,9) : ingress
#stage 3
-B-FF--- -F------------ ---F---------- ^------------ -------- ---- ---------------- -------- ---- - - tbl_guarded_ack_0(3,5) : ingress
-B-F---- -F------------ ---F---------- -^----------- -------- ---- ---------------- -------- ---- - - tbl_guarded_sport_0(3,5) : ingress
-B-F---- -F------------ ---F---------- --^---------- -------- ---- ---------------- -------- ---- - - tbl_guarded_seq_0(3,5) : ingress
-B-F---- -------------- ---F---------- ---^--------- -------- ---- ---------------- -------- ---- - - tbl_owner_valid_0(3,6) : ingress
-B-F---- -------------- ---F---------- ----^-------- -------- ---- ---------------- -------- ---- - - tbl_tracker_admission_0(3,6) : ingress
-L-E---- ---E---------- -----------E-- -----^------- -------- ---- ---------------- -------- ---- - - tbl_build_cand_resp_0(2,7) : ingress
-L------ ---E---------- -----------E-- ------^------ -------- ---- ---------------- -------- ---- - - tbl_build_cand_0(2,7) : ingress
-B------ --EE---------- -----------E-- -------^----- -------- ---- ---------------- -------- ---- - - tbl_defense4_timing3172(2,7) : ingress
-B------ -------------- -----HHHEEF--- --------^---- -------- ---- ---------------- -------- ---- - - tbl_defense4_timing3370(2,7) : ingress
-------- -------------- -----HHHHHM--- --------G^--- -------- ---- ---------------- -------- ---- - - tbl_defense4_timing3371(2,7) : ingress
-------- -------------- -----HHHHHM--- ---------G^-- -------- ---- ---------------- -------- ---- - - tbl_defense4_timing3372(2,7) : ingress
-------- -------------- ----------M--- ----------G^- -------- ---- ---------------- -------- ---- - - tbl_defense4_timing3373(2,7) : ingress
-B------ -------------- ---E---------- ------------^ -------- ---- ---------------- -------- ---- - - tbl_defense4_timing3251(3,9) : ingress
#stage 4
-B------ -------------- -----HHHEE---- -----EEE----- ^------- ---- ---------------- -------- ---- - - tbl_select_deadlines_0(3,8) : ingress
-B-A---- ----------NOKJ NNP-------A--- FFF---------- -^------ ---- ---------------- -------- ---- - - tbl_resp_authorise_0(4,6) : ingress
-------- ----------HH-- HHH----------- ------------- -G^----- ---- ---------------- -------- ---- - - cond-80(4,6) : ingress
-H------ -----------JJJ -------------- ------------- --C^---- ---- ---------------- -------- ---- - - tbl_defense4_timing3273(4,6) : ingress
-------- -----------JJJ -------------- ------------- ---G^--- ---- ---------------- -------- ---- - - tbl_defense4_timing3275(4,6) : ingress
-------- ----------HH-- HHH-------H--- ------------- --G--^-- ---- ---------------- -------- ---- - - cond-82(4,7) : ingress
---H---- -------------- -------------- ------------- -----C^- ---- ---------------- -------- ---- - - tbl_defense4_timing3278(4,7) : ingress
-B-A---- ------------A- --A--HHHEE---- ---AA-------- ----A-A^ ---- ---------------- -------- ---- - - cond-84(4,7) : ingress
#stage 5
-------- -----------JJJ -------------- ---H--------- -J-JJ--C ^--- ---------------- -------- ---- - - tbl_defense4_timing3298(5,7) : ingress
-H------ ----------HH-- HHH----------- ------------- -------- G^-- ---------------- -------- ---- - - cond-86(5,7) : ingress
---H---- -----------JJJ -------------- ----H-------- -J-JJ--- -C^- ---------------- -------- ---- - - tbl_defense4_timing3303(5,7) : ingress
---H---- -----------JJJ -------------- ------------- -J-JJ--- --G^ ---------------- -------- ---- - - tbl_defense4_timing3307(5,7) : ingress
#stage 6
-------- ----------HNMM HHH----------- ------------- -M-MM--- -G-- ^--------------- -------- ---- - - tbl_defense4_timing3314(5,7) : ingress
-------- ----------HNMM HHH----------- ------------- -M-MM--- ---- G^-------------- -------- ---- - - tbl_defense4_timing3320(5,7) : ingress
-------- ----------HNMM HHH----------- ------------- -M-MM--- ---- -G^------------- -------- ---- - - tbl_defense4_timing3336(5,7) : ingress
-H------ -----------MMM -------------- ------------- -M-MM--- ---- --C^------------ -------- ---- - - tbl_defense4_timing3331(5,7) : ingress
-------- -----------MMM -------------- ------------- -M-MM--- ---- ---G^----------- -------- ---- - - tbl_defense4_timing3333(5,7) : ingress
-------- -----------MMM -------------- ------------- -M-MM--- ---G -----^---------- -------- ---- - - tbl_defense4_timing3310(5,8) : ingress
-------- -------------- -------------- ------------- -------- ---I ------^--------- -------- ---- - - tbl_defense4_timing3308(6,8) : ingress
-------- -------------- -------------- ------------- -------- --I- -------^-------- -------- ---- - - tbl_defense4_timing3304(6,8) : ingress
-------- -------------- -------------- ------------- -------- I--- --------^------- -------- ---- - - tbl_defense4_timing3299(6,8) : ingress
-B------ -------------- -----HHHEE---- ------------- -------- ---- ---------^------ -------- ---- - - tbl_defense4_timing3374(2,8) : ingress
-------- -------------- -----HHHHH---- ------------- -------- ---- ---------G^----- -------- ---- - - tbl_defense4_timing3375(2,8) : ingress
-------- -------------- -------------- ------------- -------- ---- ----------G^---- -------- ---- - - tbl_defense4_timing3382(2,8) : ingress
-B------ -------------- -----HHHEE---- --------HMMF- -------- ---- ------------^--- -------- ---- - - tbl_defense4_timing3385(3,8) : ingress
-------- -------------- -----HHHHH---- ---------MMM- -------- ---- ------------G^-- -------- ---- - - tbl_defense4_timing3386(3,8) : ingress
-------- -------------- -----HHHHH---- ---------MMM- -------- ---- -------------G^- -------- ---- - - tbl_defense4_timing3387(3,9) : ingress
-B------ -------------- -----HHHEE--A- ------------- -------- ---- -----------A---^ -------- ---- - - cond-104(2,9) : ingress
#stage 7
-------- -------------- ------------J- ------------- -------- ---- ---------HHH---C ^------- ---- - - tbl_defense4_timing3391(3,9) : ingress
-------- -------------- ------------J- ------------- -------- ---- ---------HHH---- G^------ ---- - - tbl_defense4_timing3392(3,9) : ingress
-------- -------------- ------------J- ------------- -------- ---- ---------------- -G^----- ---- - - tbl_defense4_timing3393(3,9) : ingress
-B-F---- ----------MMA- MMFF---------- ------------- -------- ---- -M-MF----------- ---^---- ---- - - tbl_txn_active_0(6,8) : ingress
-B------ --FF------MMA- MMF--MMMFF---- FFF---------- Q------- ---- M-M-AFFFF------- ----^--- ---- - - tbl_state_decode_0(7,9) : ingress
-B-F---- --FF------MMA- MMFF-MMMFF---- FFF---------- Q------- ---- M-M-AFFFF------- -----^-- ---- - - tbl_resp_deadline_0(7,9) : ingress
-B------ ---F---------- -----MMMFF--F- ---------MMF- R------- ---- ---------MMF-MA- ----RR^- ---- - - tbl_hold_ok_0(7,9) : ingress
-B------ ----------HHA- HHE----------- ---A--------- -------- ---- ----A----------- ---A---^ ---- - - cond-93(6,9) : ingress
#stage 8
-------- -------------- -------------- ---H--------- -------- ---- -M-MM----------- ---J---C ^--- - - tbl_defense4_timing3352(7,9) : ingress
-------- -------------- -------------- ------------- -------- ---- -M-MM----------- ---J---- G^-- - - tbl_defense4_timing3353(7,9) : ingress
-------- ----------HH-- HHH----------- ------------- -------- ---- -M-MM----------- ---J---G --^- - - tbl_defense4_timing3359(7,9) : ingress
-B-F---- A-------A---A- --AA-MMMFFS-AF ---F----M--AA F------- ---- ----A---------A- --AAFFQ- -AA^ - - tbl_decide_deq_0(8,10) : ingress
#stage 9
JN-M---- H-----MMM-TM-- MMMH-MMTMMU-MU ---M----VWWWH M------- ---- -H-HH-------UVU- MMMMM-X- MMMC ^ - tbl_decide_fresh_0(8,10) : ingress
#stage 10
YB------ -------------- -----------Z-- ------------- -------- ---- ---------------- -------- ---H E ^ tbl_defense4_timing3422(9,11) : ingress
#dependencies
A :  ANTI_NEXT_TABLE_DATA
B :  CONTROL_DEFAULT_NEXT_TABLE
C :  CONTROL_COND_TRUE
D :  CONTROL_DEFAULT_NEXT_TABLE OUTPUT
E :  ACTION_READ ANTI_NEXT_TABLE_DATA
F :  IXBAR_READ ANTI_NEXT_TABLE_DATA
G :  CONTROL_COND_FALSE
H :  ACTION_READ
I :  CONTROL_DEFAULT_NEXT_TABLE IXBAR_READ
J :  OUTPUT
K :  OUTPUT ANTI_NEXT_TABLE_DATA
L :  CONTROL_DEFAULT_NEXT_TABLE ACTION_READ
M :  IXBAR_READ
N :  IXBAR_READ ACTION_READ
O :  IXBAR_READ ACTION_READ OUTPUT
P :  IXBAR_READ ACTION_READ ANTI_NEXT_TABLE_DATA
Q :  IXBAR_READ OUTPUT ANTI_NEXT_TABLE_DATA
R :  ANTI_ACTION_READ ANTI_NEXT_TABLE_DATA
S :  IXBAR_READ ANTI_ACTION_READ ANTI_NEXT_TABLE_DATA
T :  IXBAR_READ ANTI_ACTION_READ
U :  ANTI_ACTION_READ
V :  ANTI_TABLE_READ ANTI_ACTION_READ
W :  IXBAR_READ ACTION_READ ANTI_TABLE_READ ANTI_ACTION_READ
X :  IXBAR_READ OUTPUT
Y :  ACTION_READ OUTPUT
Z :  ACTION_READ OUTPUT ANTI_NEXT_TABLE_DATA

*** Table dependency chains (of minimum length 8) ***

1. tbl_defense4_timing3102(0) -> tbl_params_0(0) -> tbl_defense4_timing3249(0) -> tbl_defense4_timing3249_0(1) -> tbl_owner_admission_0(2) -> tbl_guarded_seq_0(3) -> tbl_resp_authorise_0(4) -> tbl_defense4_timing3298(5) -> tbl_defense4_timing3299(6) -> tbl_state_decode_0(7) -> tbl_hold_ok_0(7) -> tbl_decide_deq_0(8) -> tbl_defense4_timing3422(9) (ingress)

2. tbl_params_0(0) -> tbl_defense4_timing3249(0) -> tbl_defense4_timing3249_0(1) -> tbl_owner_admission_0(2) -> tbl_guarded_seq_0(3) -> tbl_resp_authorise_0(4) -> tbl_defense4_timing3298(5) -> tbl_defense4_timing3299(6) -> tbl_state_decode_0(7) -> tbl_hold_ok_0(7) -> tbl_decide_deq_0(8) -> tbl_defense4_timing3422(9) (ingress)

3. tbl_defense4_timing3249(0) -> tbl_defense4_timing3249_0(1) -> tbl_owner_admission_0(2) -> tbl_guarded_seq_0(3) -> tbl_resp_authorise_0(4) -> tbl_defense4_timing3298(5) -> tbl_defense4_timing3299(6) -> tbl_state_decode_0(7) -> tbl_hold_ok_0(7) -> tbl_decide_deq_0(8) -> tbl_defense4_timing3422(9) (ingress)
#pipeline pipe
#stage 0
^------- ---------- -------------- ------------- ------------ ---- ---------------- -------- ---- - - tbl_defense4_timing3102(0,2) : ingress
A^------ ---------- -------------- ------------- ------------ ---- ---------------- -------- ---- - - tbl_params_0(0,2) : ingress
-B^----- ---------- -------------- ------------- ------------ ---- ---------------- -------- ---- - - tbl_defense4_timing3108(0,5) : ingress
-B-^---- ---------- -------------- ------------- ------------ ---- ---------------- -------- ---- - - tbl_read_release_params_0(0,3) : ingress
-B--^--- ---------- -------------- ------------- ------------ ---- ---------------- -------- ---- - - tbl_build_exp_ack_0(0,4) : ingress
-B---^-- ---------- -------------- ------------- ------------ ---- ---------------- -------- ---- - - tbl_defense4_timing3163(0,5) : ingress
-B----^- ---------- -------------- ------------- ------------ ---- ---------------- -------- ---- - - tbl_defense4_timing3249(0,2) : ingress
-C-----^ ---------- -------------- ------------- ------------ ---- ---------------- -------- ---- - - tbl_finish_path(0,11) : ingress
#stage 1
------D- ^--------- -------------- ------------- ------------ ---- ---------------- -------- ---- - - tbl_defense4_timing3249_0(1,3) : ingress
-B------ -^-------- -------------- ------------- ------------ ---- ---------------- -------- ---- - - tbl_session_0(0,3) : ingress
-B------ --^------- -------------- ------------- ------------ ---- ---------------- -------- ---- - - tbl_bor_params_0(0,5) : ingress
-BE----- ---^------ -------------- ------------- ------------ ---- ---------------- -------- ---- - - tbl_build_now_0(1,6) : ingress
-B---F-- ----^----- -------------- ------------- ------------ ---- ---------------- -------- ---- - - tbl_bor_codebook_0(1,7) : ingress
-B------ -A---^---- -------------- ------------- ------------ ---- ---------------- -------- ---- - - cond-70(0,5) : ingress
-------- -----C^--- -------------- ------------- ------------ ---- ---------------- -------- ---- - - tbl_defense4_timing3197(0,5) : ingress
-------- -----G-^-- -------------- ------------- ------------ ---- ---------------- -------- ---- - - tbl_defense4_timing3221(0,5) : ingress
-------- -------G^- -------------- ------------- ------------ ---- ---------------- -------- ---- - - tbl_defense4_timing3227(0,5) : ingress
-------- --------G^ -------------- ------------- ------------ ---- ---------------- -------- ---- - - tbl_defense4_timing3237(0,5) : ingress
#stage 2
-------- -H----G--- ^------------- ------------- ------------ ---- ---------------- -------- ---- - - tbl_defense4_timing3199(1,5) : ingress
-------- -H-------- G^------------ ------------- ------------ ---- ---------------- -------- ---- - - tbl_defense4_timing3202(1,5) : ingress
-------- -H-------- -G^----------- ------------- ------------ ---- ---------------- -------- ---- - - tbl_defense4_timing3205(1,5) : ingress
-I-F---- FF-------- ---^---------- ------------- ------------ ---- ---------------- -------- ---- - - tbl_owner_admission_0(2,4) : ingress
-B------ ---EE----- ----^--------- ------------- ------------ ---- ---------------- -------- ---- - - tbl_defense4_timing3383(2,8) : ingress
-B------ ---------- -----^-------- ------------- ------------ ---- ---------------- -------- ---- - - cond-59(0,5) : ingress
-------- ---------- -----C^------- ------------- ------------ ---- ---------------- -------- ---- - - tbl_defense4_timing3150(0,5) : ingress
-------- ---------- ------G^------ ------------- ------------ ---- ---------------- -------- ---- - - tbl_defense4_timing3151(0,5) : ingress
-------- ---------- -------G^----- ------------- ------------ ---- ---------------- -------- ---- - - tbl_defense4_timing3152(0,5) : ingress
-B------ ---------- ---------^---- ------------- ------------ ---- ---------------- -------- ---- - - tbl_defense4_timing3114(0,6) : ingress
JD---F-- -EK------- ----------^--- ------------- ------------ ---- ---------------- -------- ---- - - tbl_random_deadlines_0(1,6) : ingress
-B------ ---------- --------A--^-- ------------- ------------ ---- ---------------- -------- ---- - - cond-63(0,6) : ingress
-------- ---------- -----------G^- ------------- ------------ ---- ---------------- -------- ---- - - tbl_defense4_timing3160(0,6) : ingress
-------- ---------- ------------G^ ------------- ------------ ---- ---------------- -------- ---- - - tbl_defense4_timing3161(0,6) : ingress
#stage 3
-------- ---------- ------HHH--C-- ^------------ ------------ ---- ---------------- -------- ---- - - tbl_defense4_timing3156(1,6) : ingress
-------- ---------- -------------- G^----------- ------------ ---- ---------------- -------- ---- - - tbl_defense4_timing3157(1,6) : ingress
-------- ---------- -------------- -G^---------- ------------ ---- ---------------- -------- ---- - - tbl_defense4_timing3158(1,6) : ingress
-B-FF--- -F-------- ---F---------- ---^--------- ------------ ---- ---------------- -------- ---- - - tbl_guarded_ack_0(3,5) : ingress
-B-F---- -F-------- ---F---------- ----^-------- ------------ ---- ---------------- -------- ---- - - tbl_guarded_sport_0(3,5) : ingress
-B-F---- -F-------- ---F---------- -----^------- ------------ ---- ---------------- -------- ---- - - tbl_guarded_seq_0(3,5) : ingress
-B-F---- ---------- ---F---------- ------^------ ------------ ---- ---------------- -------- ---- - - tbl_owner_valid_0(3,6) : ingress
-B-F---- ---------- ---F---------- -------^----- ------------ ---- ---------------- -------- ---- - - tbl_tracker_admission_0(3,6) : ingress
-L-E---- ---E------ ----------E--- --------^---- ------------ ---- ---------------- -------- ---- - - tbl_build_cand_resp_0(2,7) : ingress
-L------ ---E------ ----------E--- ---------^--- ------------ ---- ---------------- -------- ---- - - tbl_build_cand_0(2,7) : ingress
-B------ --EE------ ----------E--- ----------^-- ------------ ---- ---------------- -------- ---- - - tbl_defense4_timing3172(2,7) : ingress
-B------ ---------- ---E---------- -----------^- ------------ ---- ---------------- -------- ---- - - tbl_defense4_timing3251(3,9) : ingress
-B------ ---------- -------------- ------------^ ------------ ---- ---------------- -------- ---- - - tbl_defense4_timing3117(0,9) : ingress
#stage 4
-B------ ---------- ------------HE HHE-----EEE-- ^----------- ---- ---------------- -------- ---- - - tbl_select_deadlines_0(3,8) : ingress
-B-A---- ------JMNK MMO------A---- ---FFF------- -^---------- ---- ---------------- -------- ---- - - tbl_resp_authorise_0(4,6) : ingress
-------- -------HH- HHH----------- ------------- -G^--------- ---- ---------------- -------- ---- - - cond-80(4,6) : ingress
-H------ ------J-JJ -------------- ------------- --C^-------- ---- ---------------- -------- ---- - - tbl_defense4_timing3273(4,6) : ingress
-------- ------J-JJ -------------- ------------- ---G^------- ---- ---------------- -------- ---- - - tbl_defense4_timing3275(4,6) : ingress
-------- -------HH- HHH------H---- ------------- --G--^------ ---- ---------------- -------- ---- - - cond-82(4,7) : ingress
---H---- ---------- -------------- ------------- -----C^----- ---- ---------------- -------- ---- - - tbl_defense4_timing3278(4,7) : ingress
-B------ ---------- ---------F--HE HHE---------- -------^---- ---- ---------------- -------- ---- - - tbl_defense4_timing3370(2,7) : ingress
-------- ---------- ---------P--HH HHH---------- -------G^--- ---- ---------------- -------- ---- - - tbl_defense4_timing3371(2,7) : ingress
-------- ---------- ---------P--HH HHH---------- --------G^-- ---- ---------------- -------- ---- - - tbl_defense4_timing3372(2,7) : ingress
-------- ---------- ---------P---- ------------- ---------G^- ---- ---------------- -------- ---- - - tbl_defense4_timing3373(2,7) : ingress
-B-A---- ---------A --AA--------HE HHE---AA----- ----A-A----^ ---- ---------------- -------- ---- - - cond-84(4,7) : ingress
#stage 5
-------- ------J-JJ -------------- ------H------ -J-JJ------C ^--- ---------------- -------- ---- - - tbl_defense4_timing3298(5,7) : ingress
-H------ -------HH- HHH----------- ------------- ------------ G^-- ---------------- -------- ---- - - cond-86(5,7) : ingress
---H---- ------J-JJ -------------- -------H----- -J-JJ------- -C^- ---------------- -------- ---- - - tbl_defense4_timing3303(5,7) : ingress
---H---- ------J-JJ -------------- ------------- -J-JJ------- --G^ ---------------- -------- ---- - - tbl_defense4_timing3307(5,7) : ingress
#stage 6
-------- ------PHMP HHH----------- ------------- -P-PP------- -G-- ^--------------- -------- ---- - - tbl_defense4_timing3314(5,7) : ingress
-------- ------PHMP HHHJ---------- ------------- -P-PP------- ---- G^-------------- -------- ---- - - tbl_defense4_timing3320(5,7) : ingress
-------- ------PHMP HHH----------- ------------- -P-PP------- ---- -G^------------- -------- ---- - - tbl_defense4_timing3336(5,7) : ingress
-H------ ------P-PP ---J---------- ------------- -P-PP------- ---- --C^------------ -------- ---- - - tbl_defense4_timing3331(5,7) : ingress
-------- ------P-PP ---J---------- ------------- -P-PP------- ---- ---G^----------- -------- ---- - - tbl_defense4_timing3333(5,7) : ingress
-------- ------P-PP -------------- ------------- -P-PP------- ---G -----^---------- -------- ---- - - tbl_defense4_timing3310(5,8) : ingress
-------- ---------- -------------- ------------- ------------ ---I ------^--------- -------- ---- - - tbl_defense4_timing3308(6,8) : ingress
-------- ---------- -------------- ------------- ------------ --I- -------^-------- -------- ---- - - tbl_defense4_timing3304(6,8) : ingress
-------- ---------- -------------- ------------- ------------ I--- --------^------- -------- ---- - - tbl_defense4_timing3299(6,8) : ingress
-B------ ---------- ------------HE HHE---------- ------------ ---- ---------^------ -------- ---- - - tbl_defense4_timing3374(2,8) : ingress
-------- ---------- ------------HH HHH---------- ------------ ---- ---------G^----- -------- ---- - - tbl_defense4_timing3375(2,8) : ingress
-------- ---------- -------------- ------------- ------------ ---- ----------G^---- -------- ---- - - tbl_defense4_timing3382(2,8) : ingress
-B------ ---------- ------------HE HHE---------- -------HPPF- ---- ------------^--- -------- ---- - - tbl_defense4_timing3385(3,8) : ingress
-------- ---------- ------------HH HHH---------- --------PPP- ---- ------------G^-- -------- ---- - - tbl_defense4_timing3386(3,8) : ingress
-------- ---------- ------------HH HHH---------- --------PPP- ---- -------------G^- -------- ---- - - tbl_defense4_timing3387(3,9) : ingress
-B------ ---------- ----A-------HE HHE---------- ------------ ---- -----------A---^ -------- ---- - - cond-104(2,9) : ingress
#stage 7
-------- ---------- ----J--------- ------------- ------------ ---- ---------HHH---C ^------- ---- - - tbl_defense4_timing3391(3,9) : ingress
-------- ---------- ----J--------- ------------- ------------ ---- ---------HHH---- G^------ ---- - - tbl_defense4_timing3392(3,9) : ingress
-------- ---------- ----J--------- ------------- ------------ ---- ---------------- -G^----- ---- - - tbl_defense4_timing3393(3,9) : ingress
-B-F---- -------PPA PPFF---------- ------------- ------------ ---- -P-PF----------- ---^---- ---- - - tbl_txn_active_0(6,8) : ingress
-B------ --FF---PPA PPFK--------PF PPFFFF------- Q----------- ---- P-P-AFFFF------- ----^--- ---- - - tbl_state_decode_0(7,9) : ingress
-B-F---- --FF---PPA PPFF--------PF PPFFFF------- Q----------- ---- P-P-AFFFF------- -----^-- ---- - - tbl_resp_deadline_0(7,9) : ingress
-B------ ---F------ ----F-------PF PPF---------- R-------PPF- ---- ---------PPF-PA- ----RR^- ---- - - tbl_hold_ok_0(7,9) : ingress
-B------ -------HHA HHEA---------- ------A------ ------------ ---- ----A----------- ---A---^ ---- - - cond-93(6,9) : ingress
#stage 8
-------- ---------- ---P---------- ------H------ ------------ ---- -P-PP----------- ---J---C ^--- - - tbl_defense4_timing3352(7,9) : ingress
-------- ---------- ---P---------- ------------- ------------ ---- -P-PP----------- ---J---- G^-- - - tbl_defense4_timing3353(7,9) : ingress
-------- -------HH- HHHP---------- ------------- ------------ ---- -P-PP----------- ---J---G --^- - - tbl_defense4_timing3359(7,9) : ingress
-B-F---- A--------A --AFA---AS--PF PPF---F----AF F------P--A- ---- ----A---------A- --AAFFQ- -AA^ - - tbl_decide_deq_0(8,10) : ingress
#stage 9
JM-P---- H------TP- PPPMP-PPPU--TP PPP---P----HU P------VWWW- ---- -H-HH-------UVU- PPPPP-X- PPPC ^ - tbl_decide_fresh_0(8,10) : ingress
#stage 10
YB------ ---------- ----------Z--- ------------- ------------ ---- ---------------- -------- ---H E ^ tbl_defense4_timing3422(9,11) : ingress
#dependencies
A :  ANTI_NEXT_TABLE_DATA
B :  CONTROL_DEFAULT_NEXT_TABLE
C :  CONTROL_COND_TRUE
D :  CONTROL_DEFAULT_NEXT_TABLE OUTPUT
E :  ACTION_READ ANTI_NEXT_TABLE_DATA
F :  IXBAR_READ ANTI_NEXT_TABLE_DATA
G :  CONTROL_COND_FALSE
H :  ACTION_READ
I :  CONTROL_DEFAULT_NEXT_TABLE IXBAR_READ
J :  OUTPUT
K :  OUTPUT ANTI_NEXT_TABLE_DATA
L :  CONTROL_DEFAULT_NEXT_TABLE ACTION_READ
M :  IXBAR_READ ACTION_READ
N :  IXBAR_READ ACTION_READ OUTPUT
O :  IXBAR_READ ACTION_READ ANTI_NEXT_TABLE_DATA
P :  IXBAR_READ
Q :  IXBAR_READ OUTPUT ANTI_NEXT_TABLE_DATA
R :  ANTI_ACTION_READ ANTI_NEXT_TABLE_DATA
S :  IXBAR_READ ANTI_ACTION_READ ANTI_NEXT_TABLE_DATA
T :  IXBAR_READ ANTI_ACTION_READ
U :  ANTI_ACTION_READ
V :  ANTI_TABLE_READ ANTI_ACTION_READ
W :  IXBAR_READ ACTION_READ ANTI_TABLE_READ ANTI_ACTION_READ
X :  IXBAR_READ OUTPUT
Y :  ACTION_READ OUTPUT
Z :  ACTION_READ OUTPUT ANTI_NEXT_TABLE_DATA

*** Table dependency chains (of minimum length 8) ***

1. tbl_defense4_timing3102(0) -> tbl_params_0(0) -> tbl_defense4_timing3249(0) -> tbl_defense4_timing3249_0(1) -> tbl_owner_admission_0(2) -> tbl_guarded_seq_0(3) -> tbl_resp_authorise_0(4) -> tbl_defense4_timing3298(5) -> tbl_defense4_timing3299(6) -> tbl_state_decode_0(7) -> tbl_hold_ok_0(7) -> tbl_decide_deq_0(8) -> tbl_defense4_timing3422(9) (ingress)

2. tbl_params_0(0) -> tbl_defense4_timing3249(0) -> tbl_defense4_timing3249_0(1) -> tbl_owner_admission_0(2) -> tbl_guarded_seq_0(3) -> tbl_resp_authorise_0(4) -> tbl_defense4_timing3298(5) -> tbl_defense4_timing3299(6) -> tbl_state_decode_0(7) -> tbl_hold_ok_0(7) -> tbl_decide_deq_0(8) -> tbl_defense4_timing3422(9) (ingress)

3. tbl_defense4_timing3249(0) -> tbl_defense4_timing3249_0(1) -> tbl_owner_admission_0(2) -> tbl_guarded_seq_0(3) -> tbl_resp_authorise_0(4) -> tbl_defense4_timing3298(5) -> tbl_defense4_timing3299(6) -> tbl_state_decode_0(7) -> tbl_hold_ok_0(7) -> tbl_decide_deq_0(8) -> tbl_defense4_timing3422(9) (ingress)
