#pipeline pipe
#stage 0
^-------------- ---------------- -------------- ------ -------- ---------- ---- ----- --- ------------ ---- - - -- ------ ---- - tbl_defense4_rrc_bor_unified12l2880(0,0) : ingress
A^------------- ---------------- -------------- ------ -------- ---------- ---- ----- --- ------------ ---- - - -- ------ ---- - tbl_session_0(0,0) : ingress
A-^------------ ---------------- -------------- ------ -------- ---------- ---- ----- --- ------------ ---- - - -- ------ ---- - cond-77(0,0) : ingress
--B^----------- ---------------- -------------- ------ -------- ---------- ---- ----- --- ------------ ---- - - -- ------ ---- - tbl_defense4_rrc_bor_unified12l2922(0,0) : ingress
---C^---------- ---------------- -------------- ------ -------- ---------- ---- ----- --- ------------ ---- - - -- ------ ---- - tbl_defense4_rrc_bor_unified12l2923(0,0) : ingress
----C^--------- ---------------- -------------- ------ -------- ---------- ---- ----- --- ------------ ---- - - -- ------ ---- - tbl_defense4_rrc_bor_unified12l2924(0,0) : ingress
A-----^-------- ---------------- -------------- ------ -------- ---------- ---- ----- --- ------------ ---- - - -- ------ ---- - tbl_build_exp_ack_0(0,1) : ingress
A------^------- ---------------- -------------- ------ -------- ---------- ---- ----- --- ------------ ---- - - -- ------ ---- - tbl_params_0(0,1) : ingress
A-------^------ ---------------- -------------- ------ -------- ---------- ---- ----- --- ------------ ---- - - -- ------ ---- - tbl_defense4_rrc_bor_unified12l2886(0,1) : ingress
AD-------^----- ---------------- -------------- ------ -------- ---------- ---- ----- --- ------------ ---- - - -- ------ ---- - cond-88(0,1) : ingress
---------C^---- ---------------- -------------- ------ -------- ---------- ---- ----- --- ------------ ---- - - -- ------ ---- - tbl_defense4_rrc_bor_unified12l2994(0,1) : ingress
----------C^--- ---------------- -------------- ------ -------- ---------- ---- ----- --- ------------ ---- - - -- ------ ---- - tbl_defense4_rrc_bor_unified12l3000(0,1) : ingress
-----------C^-- ---------------- -------------- ------ -------- ---------- ---- ----- --- ------------ ---- - - -- ------ ---- - tbl_defense4_rrc_bor_unified12l3011(0,1) : ingress
---------B---^- ---------------- -------------- ------ -------- ---------- ---- ----- --- ------------ ---- - - -- ------ ---- - tbl_defense4_rrc_bor_unified12l2970(0,1) : ingress
B-------------^ ---------------- -------------- ------ -------- ---------- ---- ----- --- ------------ ---- - - -- ------ ---- - tbl_defense4_rrc_bor_unified12l2877(0,10) : ingress
#stage 1
-E-----------C- ^--------------- -------------- ------ -------- ---------- ---- ----- --- ------------ ---- - - -- ------ ---- - tbl_defense4_rrc_bor_unified12l2972(1,1) : ingress
-E------------- C^-------------- -------------- ------ -------- ---------- ---- ----- --- ------------ ---- - - -- ------ ---- - tbl_defense4_rrc_bor_unified12l2975(1,1) : ingress
-E------------- -C^------------- -------------- ------ -------- ---------- ---- ----- --- ------------ ---- - - -- ------ ---- - tbl_defense4_rrc_bor_unified12l2978(1,1) : ingress
F-------------- ---^------------ -------------- ------ -------- ---------- ---- ----- --- ------------ ---- - - -- ------ ---- - tbl_build_now_0(1,1) : ingress
A----D--------- ----^----------- -------------- ------ -------- ---------- ---- ----- --- ------------ ---- - - -- ------ ---- - cond-81(0,1) : ingress
---EEE--------- ----B^---------- -------------- ------ -------- ---------- ---- ----- --- ------------ ---- - - -- ------ ---- - tbl_defense4_rrc_bor_unified12l2928(1,1) : ingress
--------------- -----C^--------- -------------- ------ -------- ---------- ---- ----- --- ------------ ---- - - -- ------ ---- - tbl_defense4_rrc_bor_unified12l2929(1,1) : ingress
--------------- ----C--^-------- -------------- ------ -------- ---------- ---- ----- --- ------------ ---- - - -- ------ ---- - tbl_defense4_rrc_bor_unified12l2932(0,1) : ingress
--------------- -------C^------- -------------- ------ -------- ---------- ---- ----- --- ------------ ---- - - -- ------ ---- - tbl_defense4_rrc_bor_unified12l2933(0,1) : ingress
--------------- ------C--^------ -------------- ------ -------- ---------- ---- ----- --- ------------ ---- - - -- ------ ---- - tbl_defense4_rrc_bor_unified12l2930(1,1) : ingress
AG------------- ----------^----- -------------- ------ -------- ---------- ---- ----- --- ------------ ---- - - -- ------ ---- - tbl_defense4_rrc_bor_unified12l3047(1,2) : ingress
AH------------- -----------^---- -------------- ------ -------- ---------- ---- ----- --- ------------ ---- - - -- ------ ---- - tbl_defense4_rrc_bor_unified12l3045(1,2) : ingress
-I------------- -----------C^--- -------------- ------ -------- ---------- ---- ----- --- ------------ ---- - - -- ------ ---- - tbl_defense4_rrc_bor_unified12l3046(1,2) : ingress
A-------------- -------------^-- -------------- ------ -------- ---------- ---- ----- --- ------------ ---- - - -- ------ ---- - tbl_defense4_rrc_bor_unified12l2939(0,3) : ingress
A-------------- --------------^- -------------- ------ -------- ---------- ---- ----- --- ------------ ---- - - -- ------ ---- - tbl_bor_params_0(0,5) : ingress
A------J------- ---------------^ -------------- ------ -------- ---------- ---- ----- --- ------------ ---- - - -- ------ ---- - tbl_build_do_shape_0(1,9) : ingress
#stage 2
A------J------- ---J------------ ^------------- ------ -------- ---------- ---- ----- --- ------------ ---- - - -- ------ ---- - tbl_build_cand_resp_0(2,2) : ingress
A-----G---EED-- EEJ------------- -^------------ ------ -------- ---------- ---- ----- --- ------------ ---- - - -- ------ ---- - tbl_defense4_rrc_bor_unified12l3049(2,2) : ingress
------I-------- ---------------- -C^----------- ------ -------- ---------- ---- ----- --- ------------ ---- - - -- ------ ---- - tbl_defense4_rrc_bor_unified12l3051(2,2) : ingress
A------DD-EED-- EEJ------------- ---^---------- ------ -------- ---------- ---- ----- --- ------------ ---- - - -- ------ ---- - cond-96(2,2) : ingress
-------E---KKK- ---------------- ---B^--------- ------ -------- ---------- ---- ----- --- ------------ ---- - - -- ------ ---- - tbl_defense4_rrc_bor_unified12l3024(2,2) : ingress
-----------KKK- ---------------- ----C^-------- ------ -------- ---------- ---- ----- --- ------------ ---- - - -- ------ ---- - tbl_defense4_rrc_bor_unified12l3026(2,2) : ingress
--------E-EE--- EEE------------- ---C--^------- ------ -------- ---------- ---- ----- --- ------------ ---- - - -- ------ ---- - tbl_defense4_rrc_bor_unified12l3029(2,11) : ingress
A-------J------ -----EEEJJ------ -------^------ ------ -------- ---------- ---- ----- --- ------------ ---- - - -- ------ ---- - tbl_defense4_rrc_bor_unified12l2938(2,2) : ingress
A------J------- ---J------------ --------^----- ------ -------- ---------- ---- ----- --- ------------ ---- - - -- ------ ---- - tbl_build_cand_0(2,4) : ingress
A-------------- -------------G-- ---------^---- ------ -------- ---------- ---- ----- --- ------------ ---- - - -- ------ ---- - tbl_bor_codebook_0(1,4) : ingress
A-------------- -----EEEJJ------ ----------^--- ------ -------- ---------- ---- ----- --- ------------ ---- - - -- ------ ---- - tbl_defense4_rrc_bor_unified12l3176(2,5) : ingress
--------------- -----EEEEE------ ----------C^-- ------ -------- ---------- ---- ----- --- ------------ ---- - - -- ------ ---- - tbl_defense4_rrc_bor_unified12l3177(2,5) : ingress
--------------- ---------------- -----------C^- ------ -------- ---------- ---- ----- --- ------------ ---- - - -- ------ ---- - tbl_defense4_rrc_bor_unified12l3184(2,5) : ingress
A-------------- ---------------- -------------^ ------ -------- ---------- ---- ----- --- ------------ ---- - - -- ------ ---- - tbl_defense4_rrc_bor_unified12l2889(0,9) : ingress
#stage 3
A---------ILMK- IIG-------GIG--- -IG-KM-------- ^----- -------- ---------- ---- ----- --- ------------ ---- - - -- ------ ---- - tbl_resp_authorise_0(3,3) : ingress
A-------------- ---J------------ ---------J---- -^---- -------- ---------- ---- ----- --- ------------ ---- - - -- ------ ---- - tbl_defense4_rrc_bor_unified12l3185(2,5) : ingress
A-------------- -----EEEJJ------ M------G------ --^--- -------- ---------- ---- ----- --- ------------ ---- - - -- ------ ---- - tbl_defense4_rrc_bor_unified12l3173(3,3) : ingress
--------------- -----EEEEE------ K------I------ --C^-- -------- ---------- ---- ----- --- ------------ ---- - - -- ------ ---- - tbl_defense4_rrc_bor_unified12l3174(3,3) : ingress
--------------- ---------------- K------I------ ---C^- -------- ---------- ---- ----- --- ------------ ---- - - -- ------ ---- - tbl_defense4_rrc_bor_unified12l3175(3,3) : ingress
A------D----D-- --D--EEEJJ------ -----D-------- D----^ -------- ---------- ---- ----- --- ------------ ---- - - -- ------ ---- - cond-101(3,4) : ingress
#stage 4
-------E--ENII- EEE------------- ----II-------- L----B ^------- ---------- ---- ----- --- ------------ ---- - - -- ------ ---- - tbl_defense4_rrc_bor_unified12l3077(4,4) : ingress
----------ENII- EEE------------- ----II-------- L----- C^------ ---------- ---- ----- --- ------------ ---- - - -- ------ ---- - tbl_defense4_rrc_bor_unified12l3081(4,4) : ingress
----------ENII- EEE------------- ----II-------- L----- -C^----- ---------- ---- ----- --- ------------ ---- - - -- ------ ---- - tbl_defense4_rrc_bor_unified12l3087(4,4) : ingress
----------ENII- EEE------------- ----II-------- L----- --C^---- ---------- ---- ----- --- ------------ ---- - - -- ------ ---- - tbl_defense4_rrc_bor_unified12l3103(4,4) : ingress
-------E---III- ---------------- ----II-------- L----- ---B^--- ---------- ---- ----- --- ------------ ---- - - -- ------ ---- - tbl_defense4_rrc_bor_unified12l3098(4,4) : ingress
-----------III- ---------------- ----II-------- L----- ----C^-- ---------- ---- ----- --- ------------ ---- - - -- ------ ---- - tbl_defense4_rrc_bor_unified12l3100(4,4) : ingress
A-------------- -----EEEJJ------ -------------- ----D- ------^- ---------- ---- ----- --- ------------ ---- - - -- ------ ---- - cond-116(3,4) : ingress
--------------- ---------------- -------------- --EEE- ------B^ ---------- ---- ----- --- ------------ ---- - - -- ------ ---- - tbl_defense4_rrc_bor_unified12l3188(4,4) : ingress
#stage 5
A---------ILMK- IIG-------GIG--- JIG-KM--J----- O----- PPQPQR-- ^--------- ---- ----- --- ------------ ---- - - -- ------ ---- - tbl_state_decode_0(5,5) : ingress
A-------------- -----EEEJJ------ -------------- --IIG- -------J -^-------- ---- ----- --- ------------ ---- - - -- ------ ---- - tbl_defense4_rrc_bor_unified12l3189(5,5) : ingress
--------------- -----EEEEE------ -------------- --III- -------- -C^------- ---- ----- --- ------------ ---- - - -- ------ ---- - tbl_defense4_rrc_bor_unified12l3190(5,5) : ingress
--------------- -----EEEEE------ -------------- --III- -------- --C^------ ---- ----- --- ------------ ---- - - -- ------ ---- - tbl_defense4_rrc_bor_unified12l3191(5,6) : ingress
A-------------- ---------------- -------------- G----- --I-IG-- ----^----- ---- ----- --- ------------ ---- - - -- ------ ---- - tbl_txn_active_0(5,6) : ingress
A-------------- -----EEEJJ------ ------------D- -D--D- -------- ---D-^---- ---- ----- --- ------------ ---- - - -- ------ ---- - cond-121(5,6) : ingress
--------------- ---------------- ----------EEE- ------ -------- -----B^--- ---- ----- --- ------------ ---- - - -- ------ ---- - tbl_defense4_rrc_bor_unified12l3199(5,6) : ingress
--------------- ---------------- ----------EEE- ------ -------- ------C^-- ---- ----- --- ------------ ---- - - -- ------ ---- - tbl_defense4_rrc_bor_unified12l3200(5,6) : ingress
--------------- ---------------- -------------- ------ -------- -------C^- ---- ----- --- ------------ ---- - - -- ------ ---- - tbl_defense4_rrc_bor_unified12l3201(5,6) : ingress
--------------- ---------------- -------------- -KEEE- -------- -----B---^ ---- ----- --- ------------ ---- - - -- ------ ---- - tbl_defense4_rrc_bor_unified12l3196(5,6) : ingress
#stage 6
--------------- ---------------- -------------- -KEEE- -------- --E------A ^--- ----- --- ------------ ---- - - -- ------ ---- - tbl_defense4_rrc_bor_unified12l3197(6,6) : ingress
A-------------- ---J-EEEJJ----J- -------------- ------ -------- M--------- -^-- ----- --- ------------ ---- - - -- ------ ---- - tbl_defense4_rrc_bor_unified12l3121(6,6) : ingress
A---------ENGI- EEJ------------- ----IG-------- S----- KKIKIG-- T--------- --^- ----- --- ------------ ---- - - -- ------ ---- - tbl_defense4_rrc_bor_unified12l3157(6,9) : ingress
----------ENII- EEE------------- ----II-------- L----- KKIKII-- U--------- --C^ ----- --- ------------ ---- - - -- ------ ---- - tbl_defense4_rrc_bor_unified12l3163(6,9) : ingress
#stage 7
A-------------- ---------------- -------------- -V---- -------- ------EEJE JW-- ^---- --- ------------ ---- - - -- ------ ---- - tbl_hold_ok_0(7,7) : ingress
A-------------- ---G------M----- -------------- M----- -------- H---M----- -G-- -^--- --- ------------ ---- - - -- ------ ---- - tbl_defense4_rrc_bor_unified12l3147(7,7) : ingress
--------------- ---I------------ -------------- ------ -------- I--------- -I-- -B^-- --- ------------ ---- - - -- ------ ---- - tbl_defense4_rrc_bor_unified12l3145(7,8) : ingress
A-------------- ---G------------ -------------- ------ -------- H---M----- -G-- ---^- --- ------------ ---- - - -- ------ ---- - tbl_defense4_rrc_bor_unified12l3138(7,8) : ingress
--------------- ---I------------ -------------- ------ -------- I---K----- -I-- ---B^ --- ------------ ---- - - -- ------ ---- - tbl_defense4_rrc_bor_unified12l3136(7,8) : ingress
#stage 8
A-------------- ----------J----- -------------- J----- -------- ----J----- ---- -ED-- ^-- ------------ ---- - - -- ------ ---- - tbl_tresp_expiry_0(8,8) : ingress
A-------------- ---G-EEEJJ------ -------------- -G---- -------- ---------- ---- G---- -^- ------------ ---- - - -- ------ ---- - tbl_defense4_rrc_bor_unified12l3205(8,8) : ingress
A-------------- ---------------- -------------- ------ -------- ----J----- ---- ---ED --^ ------------ ---- - - -- ------ ---- - tbl_deadline_expiry_0(8,9) : ingress
#stage 9
A-------------- ---------------- -------------- ------ -------- ---------- ---- ----- MJ- ^----------- ---- - - -- ------ ---- - tbl_topj_expiry_0(9,9) : ingress
A-------------- ---------------- -------------- ------ -------- ----J----- ---- ----J M-- -^---------- ---- - - -- ------ ---- - tbl_defense4_rrc_bor_unified12l3231(9,9) : ingress
A----D-DD---D-- --D--EEEJJ-----D -------------D D---D- -----D-D D---D---D- ---D D---- D-D DD^--------- ---- - - -- ------ ---- - cond-128(9,10) : ingress
--------------- -----EEEEE------ -------------- ------ -------- ---------- ---- ----- --- --C^-------- ---- - - -- ------ ---- - cond-131(9,10) : ingress
--------------- -----EEEEE------ -------------- ------ -------- ---------- ---- ----- --- ---C^------- ---- - - -- ------ ---- - tbl_defense4_rrc_bor_unified12l3248(9,10) : ingress
--------------- -----EEEEE------ -------------- ------ -------- ---------- ---- ----- --- ----C^------ ---- - - -- ------ ---- - cond-136(9,10) : ingress
-------EX-X---- -------X-------- -------------X --QQQ- -------X ---------- ---- ----- --- -----B^----- ---- - - -- ------ ---- - tbl_defense4_rrc_bor_unified12l3251(9,10) : ingress
--------------- ---------------- -------------- ------ -------- ---------- ---- ----- --- ------C^---- ---- - - -- ------ ---- - tbl_defense4_rrc_bor_unified12l3254(9,10) : ingress
--------------- ---------------- -------------- ------ -------E ---------- ---- ----- --- ---B----^--- ---- - - -- ------ ---- - tbl_defense4_rrc_bor_unified12l3243(9,10) : ingress
--------------- ---------------- -------------- ------ -------- ------EEE- ---- ----- --- --B------^-- ---- - - -- ------ ---- - tbl_defense4_rrc_bor_unified12l3239(9,10) : ingress
--------------- ---------------- -------------- ------ -------- ------EEE- ---- E---- --- ---------C^- ---- - - -- ------ ---- - tbl_defense4_rrc_bor_unified12l3240(9,10) : ingress
--------U------ ---------------I -------------I ------ -------- I--------- ---- ----- I-I -----C-----^ ---- - - -- ------ ---- - tbl_decide_deq_0(9,10) : ingress
#stage 10
---III-NX-UI--- III----X-------I -------------X N-YYY- IIEIEE-X I---I----- --II ----- I-- -I--------CB ^--- - - -- ------ ---- - tbl_decide_fresh_0(10,10) : ingress
--------------- ---------------- -------------- ------ -------- ---------- ---- ----- E-- E-------C--- -^-- - - -- ------ ---- - tbl_defense4_rrc_bor_unified12l3244(10,10) : ingress
--------E------ ---------------- -------------- ------ -------- ---------- ---- ----- --- ------------ -C^- - - -- ------ ---- - tbl_defense4_rrc_bor_unified12l3245(10,10) : ingress
--------X------ ---------------- -------------- ------ -------- ---------- ---- ----- --- ------------ --C^ - - -- ------ ---- - tbl_defense4_rrc_bor_unified12l3246(10,10) : ingress
#stage 11
--------------G ---------------- -------------- ------ -------- ---------- ---- ----- --- ----I-IGIIII GIIG ^ - -- ------ ---- - tbl_commit_0(11,11) : ingress
#stage 0
--------------- ---------------- -------------- ------ -------- ---------- ---- ----- --- ------------ ---- - ^ -- ------ ---- - cond-139(0,10) : egress
#stage 2
--------------- ---------------- -------------- ------ -------- ---------- ---- ----- --- ------------ ---- - B ^- ------ ---- - tbl_defense4_rrc_bor_unified12l3416(0,10) : egress
--------------- ---------------- -------------- ------ -------- ---------- ---- ----- --- ------------ ---- - C -^ ------ ---- - cond-141(0,10) : egress
#stage 3
--------------- ---------------- -------------- ------ -------- ---------- ---- ----- --- ------------ ---- - - -B ^----- ---- - tbl_defense4_rrc_bor_unified12l3427(0,10) : egress
--------------- ---------------- -------------- ------ -------- ---------- ---- ----- --- ------------ ---- - - -- C^---- ---- - tbl_defense4_rrc_bor_unified12l3433(0,11) : egress
--------------- ---------------- -------------- ------ -------- ---------- ---- ----- --- ------------ ---- - - -C --^--- ---- - tbl_defense4_rrc_bor_unified12l3436(0,11) : egress
--------------- ---------------- -------------- ------ -------- ---------- ---- ----- --- ------------ ---- - - C- ---^-- ---- - tbl_defense4_rrc_bor_unified12l3422(0,11) : egress
--------------- ---------------- -------------- ------ -------- ---------- ---- ----- --- ------------ ---- - - E- ---D^- ---- - egress_reset_invalidated_checksum_fields_1(1,11) : egress
--------------- ---------------- -------------- ------ -------- ---------- ---- ----- --- ------------ ---- - - E- ---D-^ ---- - egress_reset_invalidated_checksum_fields_0(1,11) : egress
#stage 4
--------------- ---------------- -------------- ------ -------- ---------- ---- ----- --- ------------ ---- - - -- ED---- ^--- - egress_reset_invalidated_checksum_fields_3(1,11) : egress
--------------- ---------------- -------------- ------ -------- ---------- ---- ----- --- ------------ ---- - - -- ED---- -^-- - egress_reset_invalidated_checksum_fields_2(1,11) : egress
--------------- ---------------- -------------- ------ -------- ---------- ---- ----- --- ------------ ---- - - E- ED-D-- --^- - tbl_defense4_rrc_bor_unified12l3441(1,11) : egress
--------------- ---------------- -------------- ------ -------- ---------- ---- ----- --- ------------ ---- - - I- ID-D-- ---^ - egresshdr.ipv4.hdr_checksum_encode_update_condition_2(1,11) : egress
#stage 5
--------------- ---------------- -------------- ------ -------- ---------- ---- ----- --- ------------ ---- - - I- ID-D-- ---- ^ egresshdr.tcp.checksum_encode_update_condition_3(1,11) : egress
#dependencies
A :  CONTROL_DEFAULT_NEXT_TABLE
B :  CONTROL_COND_TRUE
C :  CONTROL_COND_FALSE
D :  ANTI_NEXT_TABLE_DATA
E :  ACTION_READ
F :  CONTROL_DEFAULT_NEXT_TABLE ACTION_READ
G :  IXBAR_READ ANTI_NEXT_TABLE_DATA
H :  IXBAR_READ ACTION_READ ANTI_NEXT_TABLE_DATA
I :  IXBAR_READ
J :  ACTION_READ ANTI_NEXT_TABLE_DATA
K :  OUTPUT
L :  IXBAR_READ OUTPUT
M :  OUTPUT ANTI_NEXT_TABLE_DATA
N :  IXBAR_READ ACTION_READ
O :  IXBAR_READ ACTION_READ OUTPUT ANTI_NEXT_TABLE_DATA
P :  IXBAR_READ ANTI_TABLE_READ ANTI_ACTION_READ
Q :  ACTION_READ ANTI_TABLE_READ ANTI_ACTION_READ
R :  ACTION_READ ANTI_TABLE_READ ANTI_ACTION_READ ANTI_NEXT_TABLE_DATA
S :  IXBAR_READ OUTPUT ANTI_NEXT_TABLE_DATA
T :  IXBAR_READ ANTI_ACTION_READ ANTI_NEXT_TABLE_DATA
U :  IXBAR_READ ANTI_ACTION_READ
V :  ACTION_READ OUTPUT ANTI_NEXT_TABLE_DATA
W :  ANTI_ACTION_READ ANTI_NEXT_TABLE_DATA
X :  ANTI_ACTION_READ
Y :  ANTI_TABLE_READ ANTI_ACTION_READ

*** Table dependency chains (of minimum length 8) ***

1. tbl_defense4_rrc_bor_unified12l2880(0) -> tbl_session_0(0) -> tbl_defense4_rrc_bor_unified12l2972(1) -> tbl_defense4_rrc_bor_unified12l3049(2) -> tbl_resp_authorise_0(3) -> tbl_defense4_rrc_bor_unified12l3077(4) -> tbl_state_decode_0(5) -> tbl_defense4_rrc_bor_unified12l3121(6) -> tbl_defense4_rrc_bor_unified12l3147(7) -> tbl_tresp_expiry_0(8) -> tbl_defense4_rrc_bor_unified12l3231(9) -> tbl_decide_fresh_0(10) -> tbl_commit_0(11) (ingress)

2. tbl_session_0(0) -> tbl_defense4_rrc_bor_unified12l2972(1) -> tbl_defense4_rrc_bor_unified12l3049(2) -> tbl_resp_authorise_0(3) -> tbl_defense4_rrc_bor_unified12l3077(4) -> tbl_state_decode_0(5) -> tbl_defense4_rrc_bor_unified12l3121(6) -> tbl_defense4_rrc_bor_unified12l3147(7) -> tbl_tresp_expiry_0(8) -> tbl_defense4_rrc_bor_unified12l3231(9) -> tbl_decide_fresh_0(10) -> tbl_commit_0(11) (ingress)

3. tbl_defense4_rrc_bor_unified12l2972(1) -> tbl_defense4_rrc_bor_unified12l3049(2) -> tbl_resp_authorise_0(3) -> tbl_defense4_rrc_bor_unified12l3077(4) -> tbl_state_decode_0(5) -> tbl_defense4_rrc_bor_unified12l3121(6) -> tbl_defense4_rrc_bor_unified12l3147(7) -> tbl_tresp_expiry_0(8) -> tbl_defense4_rrc_bor_unified12l3231(9) -> tbl_decide_fresh_0(10) -> tbl_commit_0(11) (ingress)

4. tbl_defense4_rrc_bor_unified12l2972(1) -> tbl_defense4_rrc_bor_unified12l2975(1) -> tbl_defense4_rrc_bor_unified12l3049(2) -> tbl_resp_authorise_0(3) -> tbl_defense4_rrc_bor_unified12l3077(4) -> tbl_state_decode_0(5) -> tbl_defense4_rrc_bor_unified12l3121(6) -> tbl_defense4_rrc_bor_unified12l3147(7) -> tbl_tresp_expiry_0(8) -> tbl_defense4_rrc_bor_unified12l3231(9) -> tbl_decide_fresh_0(10) -> tbl_commit_0(11) (ingress)

5. tbl_session_0(0) -> tbl_defense4_rrc_bor_unified12l2975(1) -> tbl_defense4_rrc_bor_unified12l3049(2) -> tbl_resp_authorise_0(3) -> tbl_defense4_rrc_bor_unified12l3077(4) -> tbl_state_decode_0(5) -> tbl_defense4_rrc_bor_unified12l3121(6) -> tbl_defense4_rrc_bor_unified12l3147(7) -> tbl_tresp_expiry_0(8) -> tbl_defense4_rrc_bor_unified12l3231(9) -> tbl_decide_fresh_0(10) -> tbl_commit_0(11) (ingress)

6. tbl_defense4_rrc_bor_unified12l2975(1) -> tbl_defense4_rrc_bor_unified12l3049(2) -> tbl_resp_authorise_0(3) -> tbl_defense4_rrc_bor_unified12l3077(4) -> tbl_state_decode_0(5) -> tbl_defense4_rrc_bor_unified12l3121(6) -> tbl_defense4_rrc_bor_unified12l3147(7) -> tbl_tresp_expiry_0(8) -> tbl_defense4_rrc_bor_unified12l3231(9) -> tbl_decide_fresh_0(10) -> tbl_commit_0(11) (ingress)

7. tbl_defense4_rrc_bor_unified12l2975(1) -> tbl_defense4_rrc_bor_unified12l2978(1) -> tbl_defense4_rrc_bor_unified12l3049(2) -> tbl_resp_authorise_0(3) -> tbl_defense4_rrc_bor_unified12l3077(4) -> tbl_state_decode_0(5) -> tbl_defense4_rrc_bor_unified12l3121(6) -> tbl_defense4_rrc_bor_unified12l3147(7) -> tbl_tresp_expiry_0(8) -> tbl_defense4_rrc_bor_unified12l3231(9) -> tbl_decide_fresh_0(10) -> tbl_commit_0(11) (ingress)

8. tbl_session_0(0) -> tbl_defense4_rrc_bor_unified12l2978(1) -> tbl_defense4_rrc_bor_unified12l3049(2) -> tbl_resp_authorise_0(3) -> tbl_defense4_rrc_bor_unified12l3077(4) -> tbl_state_decode_0(5) -> tbl_defense4_rrc_bor_unified12l3121(6) -> tbl_defense4_rrc_bor_unified12l3147(7) -> tbl_tresp_expiry_0(8) -> tbl_defense4_rrc_bor_unified12l3231(9) -> tbl_decide_fresh_0(10) -> tbl_commit_0(11) (ingress)

9. tbl_defense4_rrc_bor_unified12l2978(1) -> tbl_defense4_rrc_bor_unified12l3049(2) -> tbl_resp_authorise_0(3) -> tbl_defense4_rrc_bor_unified12l3077(4) -> tbl_state_decode_0(5) -> tbl_defense4_rrc_bor_unified12l3121(6) -> tbl_defense4_rrc_bor_unified12l3147(7) -> tbl_tresp_expiry_0(8) -> tbl_defense4_rrc_bor_unified12l3231(9) -> tbl_decide_fresh_0(10) -> tbl_commit_0(11) (ingress)

10. tbl_defense4_rrc_bor_unified12l3049(2) -> tbl_resp_authorise_0(3) -> tbl_defense4_rrc_bor_unified12l3077(4) -> tbl_state_decode_0(5) -> tbl_defense4_rrc_bor_unified12l3121(6) -> tbl_defense4_rrc_bor_unified12l3147(7) -> tbl_tresp_expiry_0(8) -> tbl_defense4_rrc_bor_unified12l3231(9) -> tbl_decide_fresh_0(10) -> tbl_commit_0(11) (ingress)

11. tbl_defense4_rrc_bor_unified12l3049(2) -> tbl_defense4_rrc_bor_unified12l3051(2) -> tbl_resp_authorise_0(3) -> tbl_defense4_rrc_bor_unified12l3077(4) -> tbl_state_decode_0(5) -> tbl_defense4_rrc_bor_unified12l3121(6) -> tbl_defense4_rrc_bor_unified12l3147(7) -> tbl_tresp_expiry_0(8) -> tbl_defense4_rrc_bor_unified12l3231(9) -> tbl_decide_fresh_0(10) -> tbl_commit_0(11) (ingress)

12. tbl_defense4_rrc_bor_unified12l3051(2) -> tbl_resp_authorise_0(3) -> tbl_defense4_rrc_bor_unified12l3077(4) -> tbl_state_decode_0(5) -> tbl_defense4_rrc_bor_unified12l3121(6) -> tbl_defense4_rrc_bor_unified12l3147(7) -> tbl_tresp_expiry_0(8) -> tbl_defense4_rrc_bor_unified12l3231(9) -> tbl_decide_fresh_0(10) -> tbl_commit_0(11) (ingress)

13. tbl_defense4_rrc_bor_unified12l2972(1) -> cond-96(2) -> tbl_defense4_rrc_bor_unified12l3024(2) -> tbl_resp_authorise_0(3) -> tbl_defense4_rrc_bor_unified12l3077(4) -> tbl_state_decode_0(5) -> tbl_defense4_rrc_bor_unified12l3121(6) -> tbl_defense4_rrc_bor_unified12l3147(7) -> tbl_tresp_expiry_0(8) -> tbl_defense4_rrc_bor_unified12l3231(9) -> tbl_decide_fresh_0(10) -> tbl_commit_0(11) (ingress)

14. tbl_defense4_rrc_bor_unified12l2975(1) -> cond-96(2) -> tbl_defense4_rrc_bor_unified12l3024(2) -> tbl_resp_authorise_0(3) -> tbl_defense4_rrc_bor_unified12l3077(4) -> tbl_state_decode_0(5) -> tbl_defense4_rrc_bor_unified12l3121(6) -> tbl_defense4_rrc_bor_unified12l3147(7) -> tbl_tresp_expiry_0(8) -> tbl_defense4_rrc_bor_unified12l3231(9) -> tbl_decide_fresh_0(10) -> tbl_commit_0(11) (ingress)

15. tbl_defense4_rrc_bor_unified12l2978(1) -> cond-96(2) -> tbl_defense4_rrc_bor_unified12l3024(2) -> tbl_resp_authorise_0(3) -> tbl_defense4_rrc_bor_unified12l3077(4) -> tbl_state_decode_0(5) -> tbl_defense4_rrc_bor_unified12l3121(6) -> tbl_defense4_rrc_bor_unified12l3147(7) -> tbl_tresp_expiry_0(8) -> tbl_defense4_rrc_bor_unified12l3231(9) -> tbl_decide_fresh_0(10) -> tbl_commit_0(11) (ingress)

16. cond-96(2) -> tbl_defense4_rrc_bor_unified12l3024(2) -> tbl_resp_authorise_0(3) -> tbl_defense4_rrc_bor_unified12l3077(4) -> tbl_state_decode_0(5) -> tbl_defense4_rrc_bor_unified12l3121(6) -> tbl_defense4_rrc_bor_unified12l3147(7) -> tbl_tresp_expiry_0(8) -> tbl_defense4_rrc_bor_unified12l3231(9) -> tbl_decide_fresh_0(10) -> tbl_commit_0(11) (ingress)

17. tbl_defense4_rrc_bor_unified12l3024(2) -> tbl_resp_authorise_0(3) -> tbl_defense4_rrc_bor_unified12l3077(4) -> tbl_state_decode_0(5) -> tbl_defense4_rrc_bor_unified12l3121(6) -> tbl_defense4_rrc_bor_unified12l3147(7) -> tbl_tresp_expiry_0(8) -> tbl_defense4_rrc_bor_unified12l3231(9) -> tbl_decide_fresh_0(10) -> tbl_commit_0(11) (ingress)

18. tbl_defense4_rrc_bor_unified12l3024(2) -> tbl_defense4_rrc_bor_unified12l3026(2) -> tbl_resp_authorise_0(3) -> tbl_defense4_rrc_bor_unified12l3077(4) -> tbl_state_decode_0(5) -> tbl_defense4_rrc_bor_unified12l3121(6) -> tbl_defense4_rrc_bor_unified12l3147(7) -> tbl_tresp_expiry_0(8) -> tbl_defense4_rrc_bor_unified12l3231(9) -> tbl_decide_fresh_0(10) -> tbl_commit_0(11) (ingress)

19. tbl_defense4_rrc_bor_unified12l3026(2) -> tbl_resp_authorise_0(3) -> tbl_defense4_rrc_bor_unified12l3077(4) -> tbl_state_decode_0(5) -> tbl_defense4_rrc_bor_unified12l3121(6) -> tbl_defense4_rrc_bor_unified12l3147(7) -> tbl_tresp_expiry_0(8) -> tbl_defense4_rrc_bor_unified12l3231(9) -> tbl_decide_fresh_0(10) -> tbl_commit_0(11) (ingress)

20. tbl_defense4_rrc_bor_unified12l2880(0) -> tbl_build_now_0(1) -> tbl_build_cand_resp_0(2) -> tbl_defense4_rrc_bor_unified12l3173(3) -> tbl_defense4_rrc_bor_unified12l3188(4) -> tbl_defense4_rrc_bor_unified12l3189(5) -> tbl_defense4_rrc_bor_unified12l3190(5) -> tbl_defense4_rrc_bor_unified12l3197(6) -> tbl_hold_ok_0(7) -> tbl_defense4_rrc_bor_unified12l3205(8) -> tbl_topj_expiry_0(9) -> tbl_defense4_rrc_bor_unified12l3244(10) -> tbl_commit_0(11) (ingress)

21. tbl_build_now_0(1) -> tbl_build_cand_resp_0(2) -> tbl_defense4_rrc_bor_unified12l3173(3) -> tbl_defense4_rrc_bor_unified12l3188(4) -> tbl_defense4_rrc_bor_unified12l3189(5) -> tbl_defense4_rrc_bor_unified12l3190(5) -> tbl_defense4_rrc_bor_unified12l3197(6) -> tbl_hold_ok_0(7) -> tbl_defense4_rrc_bor_unified12l3205(8) -> tbl_topj_expiry_0(9) -> tbl_defense4_rrc_bor_unified12l3244(10) -> tbl_commit_0(11) (ingress)

22. tbl_build_cand_resp_0(2) -> tbl_defense4_rrc_bor_unified12l3173(3) -> tbl_defense4_rrc_bor_unified12l3188(4) -> tbl_defense4_rrc_bor_unified12l3189(5) -> tbl_defense4_rrc_bor_unified12l3190(5) -> tbl_defense4_rrc_bor_unified12l3197(6) -> tbl_hold_ok_0(7) -> tbl_defense4_rrc_bor_unified12l3205(8) -> tbl_topj_expiry_0(9) -> tbl_defense4_rrc_bor_unified12l3244(10) -> tbl_commit_0(11) (ingress)

23. tbl_defense4_rrc_bor_unified12l2880(0) -> cond-77(0) -> tbl_defense4_rrc_bor_unified12l2922(0) -> tbl_defense4_rrc_bor_unified12l2928(1) -> tbl_defense4_rrc_bor_unified12l2938(2) -> tbl_defense4_rrc_bor_unified12l3173(3) -> tbl_defense4_rrc_bor_unified12l3188(4) -> tbl_defense4_rrc_bor_unified12l3189(5) -> tbl_defense4_rrc_bor_unified12l3190(5) -> tbl_defense4_rrc_bor_unified12l3197(6) -> tbl_hold_ok_0(7) -> tbl_defense4_rrc_bor_unified12l3205(8) -> tbl_topj_expiry_0(9) -> tbl_defense4_rrc_bor_unified12l3244(10) -> tbl_commit_0(11) (ingress)

24. cond-77(0) -> tbl_defense4_rrc_bor_unified12l2922(0) -> tbl_defense4_rrc_bor_unified12l2928(1) -> tbl_defense4_rrc_bor_unified12l2938(2) -> tbl_defense4_rrc_bor_unified12l3173(3) -> tbl_defense4_rrc_bor_unified12l3188(4) -> tbl_defense4_rrc_bor_unified12l3189(5) -> tbl_defense4_rrc_bor_unified12l3190(5) -> tbl_defense4_rrc_bor_unified12l3197(6) -> tbl_hold_ok_0(7) -> tbl_defense4_rrc_bor_unified12l3205(8) -> tbl_topj_expiry_0(9) -> tbl_defense4_rrc_bor_unified12l3244(10) -> tbl_commit_0(11) (ingress)

25. tbl_defense4_rrc_bor_unified12l2922(0) -> tbl_defense4_rrc_bor_unified12l2928(1) -> tbl_defense4_rrc_bor_unified12l2938(2) -> tbl_defense4_rrc_bor_unified12l3173(3) -> tbl_defense4_rrc_bor_unified12l3188(4) -> tbl_defense4_rrc_bor_unified12l3189(5) -> tbl_defense4_rrc_bor_unified12l3190(5) -> tbl_defense4_rrc_bor_unified12l3197(6) -> tbl_hold_ok_0(7) -> tbl_defense4_rrc_bor_unified12l3205(8) -> tbl_topj_expiry_0(9) -> tbl_defense4_rrc_bor_unified12l3244(10) -> tbl_commit_0(11) (ingress)

26. tbl_defense4_rrc_bor_unified12l2922(0) -> tbl_defense4_rrc_bor_unified12l2923(0) -> tbl_defense4_rrc_bor_unified12l2928(1) -> tbl_defense4_rrc_bor_unified12l2938(2) -> tbl_defense4_rrc_bor_unified12l3173(3) -> tbl_defense4_rrc_bor_unified12l3188(4) -> tbl_defense4_rrc_bor_unified12l3189(5) -> tbl_defense4_rrc_bor_unified12l3190(5) -> tbl_defense4_rrc_bor_unified12l3197(6) -> tbl_hold_ok_0(7) -> tbl_defense4_rrc_bor_unified12l3205(8) -> tbl_topj_expiry_0(9) -> tbl_defense4_rrc_bor_unified12l3244(10) -> tbl_commit_0(11) (ingress)

27. tbl_defense4_rrc_bor_unified12l2923(0) -> tbl_defense4_rrc_bor_unified12l2928(1) -> tbl_defense4_rrc_bor_unified12l2938(2) -> tbl_defense4_rrc_bor_unified12l3173(3) -> tbl_defense4_rrc_bor_unified12l3188(4) -> tbl_defense4_rrc_bor_unified12l3189(5) -> tbl_defense4_rrc_bor_unified12l3190(5) -> tbl_defense4_rrc_bor_unified12l3197(6) -> tbl_hold_ok_0(7) -> tbl_defense4_rrc_bor_unified12l3205(8) -> tbl_topj_expiry_0(9) -> tbl_defense4_rrc_bor_unified12l3244(10) -> tbl_commit_0(11) (ingress)

28. tbl_defense4_rrc_bor_unified12l2923(0) -> tbl_defense4_rrc_bor_unified12l2924(0) -> tbl_defense4_rrc_bor_unified12l2928(1) -> tbl_defense4_rrc_bor_unified12l2938(2) -> tbl_defense4_rrc_bor_unified12l3173(3) -> tbl_defense4_rrc_bor_unified12l3188(4) -> tbl_defense4_rrc_bor_unified12l3189(5) -> tbl_defense4_rrc_bor_unified12l3190(5) -> tbl_defense4_rrc_bor_unified12l3197(6) -> tbl_hold_ok_0(7) -> tbl_defense4_rrc_bor_unified12l3205(8) -> tbl_topj_expiry_0(9) -> tbl_defense4_rrc_bor_unified12l3244(10) -> tbl_commit_0(11) (ingress)

29. tbl_defense4_rrc_bor_unified12l2924(0) -> tbl_defense4_rrc_bor_unified12l2928(1) -> tbl_defense4_rrc_bor_unified12l2938(2) -> tbl_defense4_rrc_bor_unified12l3173(3) -> tbl_defense4_rrc_bor_unified12l3188(4) -> tbl_defense4_rrc_bor_unified12l3189(5) -> tbl_defense4_rrc_bor_unified12l3190(5) -> tbl_defense4_rrc_bor_unified12l3197(6) -> tbl_hold_ok_0(7) -> tbl_defense4_rrc_bor_unified12l3205(8) -> tbl_topj_expiry_0(9) -> tbl_defense4_rrc_bor_unified12l3244(10) -> tbl_commit_0(11) (ingress)

30. tbl_defense4_rrc_bor_unified12l2928(1) -> tbl_defense4_rrc_bor_unified12l2938(2) -> tbl_defense4_rrc_bor_unified12l3173(3) -> tbl_defense4_rrc_bor_unified12l3188(4) -> tbl_defense4_rrc_bor_unified12l3189(5) -> tbl_defense4_rrc_bor_unified12l3190(5) -> tbl_defense4_rrc_bor_unified12l3197(6) -> tbl_hold_ok_0(7) -> tbl_defense4_rrc_bor_unified12l3205(8) -> tbl_topj_expiry_0(9) -> tbl_defense4_rrc_bor_unified12l3244(10) -> tbl_commit_0(11) (ingress)

31. tbl_defense4_rrc_bor_unified12l2928(1) -> tbl_defense4_rrc_bor_unified12l2929(1) -> tbl_defense4_rrc_bor_unified12l2938(2) -> tbl_defense4_rrc_bor_unified12l3173(3) -> tbl_defense4_rrc_bor_unified12l3188(4) -> tbl_defense4_rrc_bor_unified12l3189(5) -> tbl_defense4_rrc_bor_unified12l3190(5) -> tbl_defense4_rrc_bor_unified12l3197(6) -> tbl_hold_ok_0(7) -> tbl_defense4_rrc_bor_unified12l3205(8) -> tbl_topj_expiry_0(9) -> tbl_defense4_rrc_bor_unified12l3244(10) -> tbl_commit_0(11) (ingress)

32. tbl_defense4_rrc_bor_unified12l2929(1) -> tbl_defense4_rrc_bor_unified12l2938(2) -> tbl_defense4_rrc_bor_unified12l3173(3) -> tbl_defense4_rrc_bor_unified12l3188(4) -> tbl_defense4_rrc_bor_unified12l3189(5) -> tbl_defense4_rrc_bor_unified12l3190(5) -> tbl_defense4_rrc_bor_unified12l3197(6) -> tbl_hold_ok_0(7) -> tbl_defense4_rrc_bor_unified12l3205(8) -> tbl_topj_expiry_0(9) -> tbl_defense4_rrc_bor_unified12l3244(10) -> tbl_commit_0(11) (ingress)

33. tbl_defense4_rrc_bor_unified12l2929(1) -> tbl_defense4_rrc_bor_unified12l2930(1) -> tbl_defense4_rrc_bor_unified12l2938(2) -> tbl_defense4_rrc_bor_unified12l3173(3) -> tbl_defense4_rrc_bor_unified12l3188(4) -> tbl_defense4_rrc_bor_unified12l3189(5) -> tbl_defense4_rrc_bor_unified12l3190(5) -> tbl_defense4_rrc_bor_unified12l3197(6) -> tbl_hold_ok_0(7) -> tbl_defense4_rrc_bor_unified12l3205(8) -> tbl_topj_expiry_0(9) -> tbl_defense4_rrc_bor_unified12l3244(10) -> tbl_commit_0(11) (ingress)

34. tbl_defense4_rrc_bor_unified12l2930(1) -> tbl_defense4_rrc_bor_unified12l2938(2) -> tbl_defense4_rrc_bor_unified12l3173(3) -> tbl_defense4_rrc_bor_unified12l3188(4) -> tbl_defense4_rrc_bor_unified12l3189(5) -> tbl_defense4_rrc_bor_unified12l3190(5) -> tbl_defense4_rrc_bor_unified12l3197(6) -> tbl_hold_ok_0(7) -> tbl_defense4_rrc_bor_unified12l3205(8) -> tbl_topj_expiry_0(9) -> tbl_defense4_rrc_bor_unified12l3244(10) -> tbl_commit_0(11) (ingress)

35. tbl_defense4_rrc_bor_unified12l2938(2) -> tbl_defense4_rrc_bor_unified12l3173(3) -> tbl_defense4_rrc_bor_unified12l3188(4) -> tbl_defense4_rrc_bor_unified12l3189(5) -> tbl_defense4_rrc_bor_unified12l3190(5) -> tbl_defense4_rrc_bor_unified12l3197(6) -> tbl_hold_ok_0(7) -> tbl_defense4_rrc_bor_unified12l3205(8) -> tbl_topj_expiry_0(9) -> tbl_defense4_rrc_bor_unified12l3244(10) -> tbl_commit_0(11) (ingress)

36. tbl_build_cand_resp_0(2) -> tbl_defense4_rrc_bor_unified12l3174(3) -> tbl_defense4_rrc_bor_unified12l3188(4) -> tbl_defense4_rrc_bor_unified12l3189(5) -> tbl_defense4_rrc_bor_unified12l3190(5) -> tbl_defense4_rrc_bor_unified12l3197(6) -> tbl_hold_ok_0(7) -> tbl_defense4_rrc_bor_unified12l3205(8) -> tbl_topj_expiry_0(9) -> tbl_defense4_rrc_bor_unified12l3244(10) -> tbl_commit_0(11) (ingress)

37. tbl_defense4_rrc_bor_unified12l2938(2) -> tbl_defense4_rrc_bor_unified12l3174(3) -> tbl_defense4_rrc_bor_unified12l3188(4) -> tbl_defense4_rrc_bor_unified12l3189(5) -> tbl_defense4_rrc_bor_unified12l3190(5) -> tbl_defense4_rrc_bor_unified12l3197(6) -> tbl_hold_ok_0(7) -> tbl_defense4_rrc_bor_unified12l3205(8) -> tbl_topj_expiry_0(9) -> tbl_defense4_rrc_bor_unified12l3244(10) -> tbl_commit_0(11) (ingress)

38. tbl_build_cand_resp_0(2) -> tbl_defense4_rrc_bor_unified12l3175(3) -> tbl_defense4_rrc_bor_unified12l3188(4) -> tbl_defense4_rrc_bor_unified12l3189(5) -> tbl_defense4_rrc_bor_unified12l3190(5) -> tbl_defense4_rrc_bor_unified12l3197(6) -> tbl_hold_ok_0(7) -> tbl_defense4_rrc_bor_unified12l3205(8) -> tbl_topj_expiry_0(9) -> tbl_defense4_rrc_bor_unified12l3244(10) -> tbl_commit_0(11) (ingress)

39. tbl_defense4_rrc_bor_unified12l2938(2) -> tbl_defense4_rrc_bor_unified12l3175(3) -> tbl_defense4_rrc_bor_unified12l3188(4) -> tbl_defense4_rrc_bor_unified12l3189(5) -> tbl_defense4_rrc_bor_unified12l3190(5) -> tbl_defense4_rrc_bor_unified12l3197(6) -> tbl_hold_ok_0(7) -> tbl_defense4_rrc_bor_unified12l3205(8) -> tbl_topj_expiry_0(9) -> tbl_defense4_rrc_bor_unified12l3244(10) -> tbl_commit_0(11) (ingress)
