/home/philip/Projects/DNP3/defense4/timing/case4_architecture/integration/core/ordinary/evidence/transport_m_02/source/m3.p4(147): [--Wwarn=unused] warning: Table crc_gate is not used; removing
 table crc_gate{key={m.badh:exact;m.badb:exact;m.badt:exact;}actions={NoAction;}size=1;const default_action=NoAction();}
       ^^^^^^^^
/home/philip/Projects/DNP3/defense4/timing/case4_architecture/integration/core/ordinary/evidence/transport_m_02/source/m3.p4(25): [--Wwarn=uninitialized_out_param] warning: out parameter 'm' may be uninitialized when 'IgParser' terminates
parser IgParser(packet_in pkt,out headers_t hdr,out meta_t m,out ingress_intrinsic_metadata_t ig){Checksum() ic;Checksum() tc;Checksum() rc;
                                                           ^
/home/philip/Projects/DNP3/defense4/timing/case4_architecture/integration/core/ordinary/evidence/transport_m_02/source/m3.p4(25)
parser IgParser(packet_in pkt,out headers_t hdr,out meta_t m,out ingress_intrinsic_metadata_t ig){Checksum() ic;Checksum() tc;Checksum() rc;
       ^^^^^^^^
/home/philip/Projects/DNP3/defense4/timing/case4_architecture/integration/core/ordinary/evidence/transport_m_02/source/m3.p4(206): [--Wwarn=uninitialized_out_param] warning: out parameter 'm' may be uninitialized when 'EgParser' terminates
parser EgParser(packet_in pkt,out headers_t hdr,out meta_t m,out egress_intrinsic_metadata_t eg){state start{pkt.extract(eg);transition accept;}}
                                                           ^
/home/philip/Projects/DNP3/defense4/timing/case4_architecture/integration/core/ordinary/evidence/transport_m_02/source/m3.p4(206)
parser EgParser(packet_in pkt,out headers_t hdr,out meta_t m,out egress_intrinsic_metadata_t eg){state start{pkt.extract(eg);transition accept;}}
       ^^^^^^^^
/home/philip/Projects/DNP3/defense4/timing/case4_architecture/integration/core/ordinary/evidence/transport_m_02/source/m3.p4(205): [--Werror=legacy] error: Destination m.role must be intrinsic metadata 
control IgDeparser(packet_out pkt,inout headers_t hdr,in meta_t m,in ingress_intrinsic_metadata_for_deparser_t md){Checksum() ic;Checksum() tc;apply{if(m.role==8w3&&m.changed==1w1){hdr.tcp.checksum=tc.update({m.repair_sum,hdr.tcp.ack,hdr.tcp.window});}else if(m.changed==1w1){hdr.ip.checksum=ic.update({hdr.ip.version,hdr.ip.ihl,hdr.ip.tos,hdr.ip.len,hdr.ip.id,hdr.ip.flags,hdr.ip.frag,hdr.ip.ttl,hdr.ip.proto,hdr.ip.src,hdr.ip.dst});hdr.tcp.checksum=tc.update({hdr.ip.src,hdr.ip.dst,8w0,hdr.ip.proto,m.tcp_length,hdr.tcp.sport,hdr.tcp.dport,hdr.tcp.seq,hdr.tcp.ack,hdr.tcp.offset,hdr.tcp.reserved,hdr.tcp.flags,hdr.tcp.window,hdr.tcp.urgent,hdr.dl.magic,hdr.dl.len,hdr.dl.ctrl,hdr.dl.dst,hdr.dl.src,hdr.dl.crc,hdr.native.tp,hdr.native.app,hdr.native.func,hdr.native.group,hdr.native.variation,hdr.native.qualifier,hdr.native.count,hdr.native.index,hdr.native.code,hdr.native.repeat,hdr.native.on,hdr.native.crc,hdr.appended.off,hdr.appended.status,hdr.appended.group,hdr.appended.variation,hdr.appended.qualifier,hdr.appended.count,hdr.appended.index,hdr.appended.code,hdr.appended.repeat,hdr.appended.on_first,hdr.appended.crc,hdr.last.on_last,hdr.last.off,hdr.last.status,hdr.last.crc});}pkt.emit(hdr.reference);pkt.emit(hdr.cache);pkt.emit(hdr.completion);pkt.emit(hdr.eth);pkt.emit(hdr.ip);pkt.emit(hdr.tcp);pkt.emit(hdr.dl);pkt.emit(hdr.native);pkt.emit(hdr.tail);pkt.emit(hdr.appended);pkt.emit(hdr.last);pkt.emit(hdr.image);pkt.emit(hdr.response_extra);}}
                                                                                                                                                        ^^^^^^
/home/philip/Projects/DNP3/defense4/timing/case4_architecture/integration/core/ordinary/evidence/transport_m_02/source/m3.p4(205): [--Werror=legacy] error: Destination m.changed must be intrinsic metadata 
control IgDeparser(packet_out pkt,inout headers_t hdr,in meta_t m,in ingress_intrinsic_metadata_for_deparser_t md){Checksum() ic;Checksum() tc;apply{if(m.role==8w3&&m.changed==1w1){hdr.tcp.checksum=tc.update({m.repair_sum,hdr.tcp.ack,hdr.tcp.window});}else if(m.changed==1w1){hdr.ip.checksum=ic.update({hdr.ip.version,hdr.ip.ihl,hdr.ip.tos,hdr.ip.len,hdr.ip.id,hdr.ip.flags,hdr.ip.frag,hdr.ip.ttl,hdr.ip.proto,hdr.ip.src,hdr.ip.dst});hdr.tcp.checksum=tc.update({hdr.ip.src,hdr.ip.dst,8w0,hdr.ip.proto,m.tcp_length,hdr.tcp.sport,hdr.tcp.dport,hdr.tcp.seq,hdr.tcp.ack,hdr.tcp.offset,hdr.tcp.reserved,hdr.tcp.flags,hdr.tcp.window,hdr.tcp.urgent,hdr.dl.magic,hdr.dl.len,hdr.dl.ctrl,hdr.dl.dst,hdr.dl.src,hdr.dl.crc,hdr.native.tp,hdr.native.app,hdr.native.func,hdr.native.group,hdr.native.variation,hdr.native.qualifier,hdr.native.count,hdr.native.index,hdr.native.code,hdr.native.repeat,hdr.native.on,hdr.native.crc,hdr.appended.off,hdr.appended.status,hdr.appended.group,hdr.appended.variation,hdr.appended.qualifier,hdr.appended.count,hdr.appended.index,hdr.appended.code,hdr.appended.repeat,hdr.appended.on_first,hdr.appended.crc,hdr.last.on_last,hdr.last.off,hdr.last.status,hdr.last.crc});}pkt.emit(hdr.reference);pkt.emit(hdr.cache);pkt.emit(hdr.completion);pkt.emit(hdr.eth);pkt.emit(hdr.ip);pkt.emit(hdr.tcp);pkt.emit(hdr.dl);pkt.emit(hdr.native);pkt.emit(hdr.tail);pkt.emit(hdr.appended);pkt.emit(hdr.last);pkt.emit(hdr.image);pkt.emit(hdr.response_extra);}}
                                                                                                                                                                     ^^^^^^^^^
/home/philip/Projects/DNP3/defense4/timing/case4_architecture/integration/core/ordinary/evidence/transport_m_02/source/m3.p4(205): [--Werror=legacy] error: Destination m.changed must be intrinsic metadata 
control IgDeparser(packet_out pkt,inout headers_t hdr,in meta_t m,in ingress_intrinsic_metadata_for_deparser_t md){Checksum() ic;Checksum() tc;apply{if(m.role==8w3&&m.changed==1w1){hdr.tcp.checksum=tc.update({m.repair_sum,hdr.tcp.ack,hdr.tcp.window});}else if(m.changed==1w1){hdr.ip.checksum=ic.update({hdr.ip.version,hdr.ip.ihl,hdr.ip.tos,hdr.ip.len,hdr.ip.id,hdr.ip.flags,hdr.ip.frag,hdr.ip.ttl,hdr.ip.proto,hdr.ip.src,hdr.ip.dst});hdr.tcp.checksum=tc.update({hdr.ip.src,hdr.ip.dst,8w0,hdr.ip.proto,m.tcp_length,hdr.tcp.sport,hdr.tcp.dport,hdr.tcp.seq,hdr.tcp.ack,hdr.tcp.offset,hdr.tcp.reserved,hdr.tcp.flags,hdr.tcp.window,hdr.tcp.urgent,hdr.dl.magic,hdr.dl.len,hdr.dl.ctrl,hdr.dl.dst,hdr.dl.src,hdr.dl.crc,hdr.native.tp,hdr.native.app,hdr.native.func,hdr.native.group,hdr.native.variation,hdr.native.qualifier,hdr.native.count,hdr.native.index,hdr.native.code,hdr.native.repeat,hdr.native.on,hdr.native.crc,hdr.appended.off,hdr.appended.status,hdr.appended.group,hdr.appended.variation,hdr.appended.qualifier,hdr.appended.count,hdr.appended.index,hdr.appended.code,hdr.appended.repeat,hdr.appended.on_first,hdr.appended.crc,hdr.last.on_last,hdr.last.off,hdr.last.status,hdr.last.crc});}pkt.emit(hdr.reference);pkt.emit(hdr.cache);pkt.emit(hdr.completion);pkt.emit(hdr.eth);pkt.emit(hdr.ip);pkt.emit(hdr.tcp);pkt.emit(hdr.dl);pkt.emit(hdr.native);pkt.emit(hdr.tail);pkt.emit(hdr.appended);pkt.emit(hdr.last);pkt.emit(hdr.image);pkt.emit(hdr.response_extra);}}
                                                                                                                                                                                                                                                                    ^^^^^^^^^

3 errors, 3 warnings generated.

