PHV ALLOCATION SUCCESSFUL
PHV Allocation
+-----------+-------+-----------------+----------------------------------------------------------------+
|Container  |Gress  |Container Slice  |Field Slice                                                     |
+-----------+-------+-----------------+----------------------------------------------------------------+
|B0         |I-HW   |[4:0]            |ingress::ig_intr_md_for_tm.qid                                  |
|           |       |[7:5]            |ingress::ig_intr_md_for_dprsr.drop_ctl                          |
|           |       |                 |                                                                |
|B1         |I-HW   |[2:0]            |ingress::hdr.timer.app_id                                       |
|           |       |[4:3]            |ingress::hdr.timer.pipe_id                                      |
|           |       |[7:5]            |ingress::hdr.timer._pad1                                        |
|           |       |                 |ingress::hdr.tev.epoch[23:16]                                   |
|           |       |                 |                                                                |
|B2         |I-HW   |                 |ingress::hdr.timer._pad2                                        |
|           |       |                 |ingress::hdr.tev.epoch[31:24]                                   |
|           |       |                 |                                                                |
|B3         |I-HW   |[0]              |ingress::hdr.tev.$valid                                         |
|           |       |[1]              |ingress::hdr.clone.$valid                                       |
|           |       |[2]              |ingress::hdr.eth.$valid                                         |
|           |       |[3]              |ingress::hdr.ladder.$valid                                      |
|           |       |[4]              |ingress::hdr.timer.$valid                                       |
|           |       |                 |                                                                |
|B4         |I-HW   |                 |ingress::md.token_ok                                            |
|           |       |                 |ingress::md.op_go                                               |
|           |       |                 |                                                                |
|B5         |I-HW   |                 |ingress::md.ack_go                                              |
|           |       |                 |ingress::md.resp_go                                             |
|           |       |                 |                                                                |
|B6         |I-HW   |                 |ingress::md.commit_ok                                           |
|           |       |                 |                                                                |
|B7         |I-HW   |                 |ingress::md.outcome_code                                        |
|           |       |                 |                                                                |
|...        |       |                 |                                                                |
|           |       |                 |                                                                |
|B16        |E-HW   |[0]              |egress::hdr.min_parse_depth_padding_1.$stkvalid[0]              |
|           |       |[1]              |egress::hdr.min_parse_depth_padding_1.$stkvalid[1]              |
|           |       |[2]              |egress::hdr.min_parse_depth_padding_1.$stkvalid[2]              |
|           |       |[3]              |egress::hdr.min_parse_depth_padding_1.$stkvalid[3]              |
|           |       |                 |                                                                |
|...        |       |                 |                                                                |
|           |       |                 |                                                                |
|H0         |I-HW   |[8:0]            |ingress::ig_intr_md_for_tm.ucast_egress_port                    |
|           |       |                 |                                                                |
|H1         |I-HW   |[9:0]            |ingress::md.clone_ses                                           |
|           |       |                 |ingress::md.rd_tok_diff                                         |
|           |       |                 |ingress::md.lgen_diff                                           |
|           |       |                 |                                                                |
|H2         |I-HW   |[9:0]            |ingress::$tmp4                                                  |
|           |       |                 |ingress::md.cur_gen[15:0]                                       |
|           |       |                 |                                                                |
|H3         |I-HW   |                 |ingress::hdr.tev.epoch[15:0]                                    |
|           |       |                 |ingress::hdr.timer.batch_id                                     |
|           |       |                 |                                                                |
|H4         |I-HW   |                 |ingress::hdr.clone.tag[15:0]                                    |
|           |       |                 |ingress::hdr.ladder.generation                                  |
|           |       |                 |                                                                |
|H5         |I-HW   |                 |ingress::md.new_gen[15:0]                                       |
|           |       |                 |                                                                |
|H6         |I-HW   |                 |ingress::md.op_gen[15:0]                                        |
|           |       |                 |ingress::md.seen0_diff[15:0]                                    |
|           |       |                 |                                                                |
|H7         |I-HW   |                 |ingress::md.clone_tag[15:0]                                     |
|           |       |                 |ingress::md.op_tok_diff                                         |
|           |       |                 |ingress::md.seen0_diff[31:16]                                   |
|           |       |                 |                                                                |
|H8         |I-HW   |[7:0]            |ingress::hdr.tev.stage                                          |
|           |       |[15:8]           |ingress::hdr.tev.kind                                           |
|           |       |                 |ingress::hdr.timer.packet_id                                    |
|           |       |                 |                                                                |
|H9         |I-HW   |[7:0]            |ingress::hdr.ladder.child                                       |
|           |       |[15:8]           |ingress::hdr.ladder.role                                        |
|           |       |                 |                                                                |
|H10        |I-HW   |                 |ingress::md.clone_tag[31:16]                                    |
|           |       |[8:0]            |ingress::ig_intr_md.ingress_port                                |
|           |       |                 |                                                                |
|H11        |I-HW   |                 |ingress::md.new_gen[31:16]                                      |
|           |       |                 |                                                                |
|H12        |I-HW   |                 |ingress::md.cur_gen[31:16]                                      |
|           |       |                 |                                                                |
|...        |       |                 |                                                                |
|           |       |                 |                                                                |
|H16        |E-HW   |[8:0]            |egress::eg_intr_md.egress_port                                  |
|           |       |                 |                                                                |
|...        |       |                 |                                                                |
|           |       |                 |                                                                |
|W0         |I-HW   |                 |ingress::ig_intr_md_from_prsr.global_tstamp[31:0]               |
|           |       |                 |ingress::md.op_t0_masked                                        |
|           |       |                 |                                                                |
|W1         |I-HW   |                 |ingress::md.op_t0_v                                             |
|           |       |                 |ingress::md.now_m_da                                            |
|           |       |[2:0]            |ingress::ig_intr_md_for_dprsr.mirror_type                       |
|           |       |                 |                                                                |
|W2         |I-HW   |                 |ingress::md.t0_v                                                |
|           |       |                 |                                                                |
|W3         |I-HW   |                 |ingress::md.da                                                  |
|           |       |                 |ingress::md.done_diff                                           |
|           |       |                 |                                                                |
|W4         |I-HW   |                 |ingress::md.readiness                                           |
|           |       |                 |ingress::md.dup_diff                                            |
|           |       |                 |                                                                |
|W5         |I-HW   |                 |ingress::md.gap                                                 |
|           |       |                 |ingress::md.commit_diff                                         |
|           |       |                 |                                                                |
|W6         |I-HW   |                 |ingress::md.op_j                                                |
|           |       |                 |ingress::md.gap_delta                                           |
|           |       |                 |                                                                |
|W7         |I-HW   |                 |ingress::md.now                                                 |
|           |       |                 |                                                                |
|W8         |I-HW   |                 |ingress::md.now_m_readiness                                     |
|           |       |                 |ingress::md.now_m_opj                                           |
|           |       |                 |                                                                |
|W9         |I-HW   |                 |ingress::md.now_m_gap                                           |
|           |       |                 |ingress::md.op_delta                                            |
|           |       |                 |                                                                |
|W10        |I-HW   |                 |ingress::md.da_delta                                            |
|           |       |[15:0]           |ingress::md.op_gen[31:16]                                       |
|           |       |                 |                                                                |
|W11        |I-HW   |                 |ingress::md.readiness_delta                                     |
|           |       |                 |                                                                |
|W12        |I-HW   |                 |ingress::hdr.ladder.budget                                      |
|           |       |                 |                                                                |
|W13        |I-HW   |                 |ingress::md.budget_cap                                          |
|           |       |                 |                                                                |
|W14        |I-HW   |                 |ingress::md.e_bad                                               |
|           |       |                 |                                                                |
|W15        |I-HW   |                 |ingress::md.q_diff                                              |
|           |       |                 |                                                                |
|...        |       |                 |                                                                |
|           |       |                 |                                                                |
|W32        |I      |                 |ingress::md.enabled                                             |
|           |       |                 |                                                                |
|W33        |I      |                 |ingress::md.seen1_diff                                          |
|           |       |                 |                                                                |
|W34        |I      |                 |ingress::md.seen2_diff                                          |
|           |       |                 |                                                                |
|...        |       |                 |                                                                |
|           |       |                 |                                                                |
|TB0        |E      |                 |egress::hdr.min_parse_depth_padding_1[0].packet_payload[87:80]  |
|           |       |                 |                                                                |
|TH0        |E      |                 |egress::hdr.min_parse_depth_padding_1[2].packet_payload[15:0]   |
|           |       |                 |                                                                |
|TW0        |E      |                 |egress::hdr.min_parse_depth_padding_1[0].packet_payload[31:0]   |
|           |       |                 |                                                                |
|TB1        |E      |                 |egress::hdr.min_parse_depth_padding_1[1].packet_payload[87:80]  |
|           |       |                 |                                                                |
|TH1        |E      |                 |egress::hdr.min_parse_depth_padding_1[2].packet_payload[31:16]  |
|           |       |                 |                                                                |
|TW1        |E      |                 |egress::hdr.min_parse_depth_padding_1[0].packet_payload[63:32]  |
|           |       |                 |                                                                |
|TB2        |E      |                 |egress::hdr.min_parse_depth_padding_1[2].packet_payload[87:80]  |
|           |       |                 |                                                                |
|TH2        |E      |                 |egress::hdr.min_parse_depth_padding_1[2].packet_payload[47:32]  |
|           |       |                 |                                                                |
|TW2        |E      |                 |egress::hdr.min_parse_depth_padding_1[1].packet_payload[31:0]   |
|           |       |                 |                                                                |
|TB3        |E      |                 |egress::hdr.min_parse_depth_padding_1[3].packet_payload[87:80]  |
|           |       |                 |                                                                |
|TH3        |E      |                 |egress::hdr.min_parse_depth_padding_1[2].packet_payload[63:48]  |
|           |       |                 |                                                                |
|TW3        |E      |                 |egress::hdr.min_parse_depth_padding_1[1].packet_payload[63:32]  |
|           |       |                 |                                                                |
|TH4        |E      |                 |egress::hdr.min_parse_depth_padding_1[3].packet_payload[15:0]   |
|           |       |                 |                                                                |
|TH5        |E      |                 |egress::hdr.min_parse_depth_padding_1[3].packet_payload[31:16]  |
|           |       |                 |                                                                |
|...        |       |                 |                                                                |
|           |       |                 |                                                                |
|TW4        |I      |                 |ingress::hdr.tev.t0q                                            |
|           |       |                 |                                                                |
|...        |       |                 |                                                                |
|           |       |                 |                                                                |
|TW5        |I      |                 |ingress::hdr.tev.wgen                                           |
|           |       |                 |                                                                |
|...        |       |                 |                                                                |
|           |       |                 |                                                                |
|TH6        |I      |                 |ingress::hdr.clone.tag[31:16]                                   |
|           |       |                 |                                                                |
|TW6        |I      |                 |ingress::hdr.eth.src[31:0]                                      |
|           |       |                 |                                                                |
|...        |       |                 |                                                                |
|           |       |                 |                                                                |
|TH7        |I      |                 |ingress::hdr.tev.reserved                                       |
|           |       |                 |                                                                |
|TW7        |I      |                 |ingress::hdr.eth.dst[31:0]                                      |
|           |       |                 |                                                                |
|TH8        |I      |                 |ingress::hdr.eth.type                                           |
|           |       |                 |                                                                |
|TH9        |I      |                 |ingress::hdr.eth.src[47:32]                                     |
|           |       |                 |                                                                |
|TH10       |I      |                 |ingress::hdr.eth.dst[47:32]                                     |
|           |       |                 |                                                                |
|TH11       |I      |                 |ingress::ig_intr_md_from_prsr.global_tstamp[47:32]              |
|           |       |                 |                                                                |
|...        |       |                 |                                                                |
|           |       |                 |                                                                |
|TW8        |E      |                 |egress::hdr.min_parse_depth_padding_1[3].packet_payload[63:32]  |
|           |       |                 |                                                                |
|...        |       |                 |                                                                |
|           |       |                 |                                                                |
|TH12       |E      |                 |egress::hdr.min_parse_depth_padding_1[0].packet_payload[79:64]  |
|           |       |                 |                                                                |
|TH13       |E      |                 |egress::hdr.min_parse_depth_padding_1[1].packet_payload[79:64]  |
|           |       |                 |                                                                |
|TH14       |E      |                 |egress::hdr.min_parse_depth_padding_1[2].packet_payload[79:64]  |
|           |       |                 |                                                                |
|TH15       |E      |                 |egress::hdr.min_parse_depth_padding_1[3].packet_payload[79:64]  |
|           |       |                 |                                                                |
|...        |       |                 |                                                                |
|           |       |                 |                                                                |
+-----------+-------+-----------------+----------------------------------------------------------------+


POV Allocation (ingress):
+-----------+-----------------+----------------------------+
|Container  |Container Slice  |Field Slice                 |
+-----------+-----------------+----------------------------+
|B3         |[0]              |ingress::hdr.tev.$valid     |
|           |[1]              |ingress::hdr.clone.$valid   |
|           |[2]              |ingress::hdr.eth.$valid     |
|           |[3]              |ingress::hdr.ladder.$valid  |
|           |[4]              |ingress::hdr.timer.$valid   |
+-----------+-----------------+----------------------------+
|           |Total Bits Used  |5 / 256 ( 1.95 %)           |
|           |Pack Density     |5 / 8 ( 62.5 %)             |
+-----------+-----------------+----------------------------+

POV Allocation (egress):
+-----------+-----------------+----------------------------------------------------+
|Container  |Container Slice  |Field Slice                                         |
+-----------+-----------------+----------------------------------------------------+
|B16        |[0]              |egress::hdr.min_parse_depth_padding_1.$stkvalid[0]  |
|           |[1]              |egress::hdr.min_parse_depth_padding_1.$stkvalid[1]  |
|           |[2]              |egress::hdr.min_parse_depth_padding_1.$stkvalid[2]  |
|           |[3]              |egress::hdr.min_parse_depth_padding_1.$stkvalid[3]  |
+-----------+-----------------+----------------------------------------------------+
|           |Total Bits Used  |4 / 256 ( 1.56 %)                                   |
|           |Pack Density     |4 / 8 (  50  %)                                     |
+-----------+-----------------+----------------------------------------------------+

+----------------------------------------------------------------+------------+-----------+----------------+-----------------+
|Field Slice                                                     |Live Range  |Container  |Container Type  |Container Slice  |
+----------------------------------------------------------------+------------+-----------+----------------+-----------------+
|ingress::ig_intr_md_from_prsr.global_tstamp[47:32]              |[-1r, 9w]   |TH11       |TH              |                 |
|ingress::ig_intr_md_from_prsr.global_tstamp[31:0]               |[-1r, 9w]   |W0         |W               |                 |
|ingress::ig_intr_md.ingress_port                                |[-1r, 9w]   |H10        |H               |[8:0]            |
|ingress::hdr.tev.epoch[23:16]                                   |[-1r, 9w]   |B1         |B               |                 |
|ingress::hdr.tev.epoch[31:24]                                   |[-1r, 9w]   |B2         |B               |                 |
|ingress::hdr.tev.epoch[15:0]                                    |[-1r, 9w]   |H3         |H               |                 |
|ingress::hdr.tev.wgen                                           |[-1r, 9w]   |TW5        |TW              |                 |
|ingress::hdr.tev.t0q                                            |[-1r, 9w]   |TW4        |TW              |                 |
|ingress::hdr.tev.kind                                           |[-1r, 9w]   |H8         |H               |[15:8]           |
|ingress::hdr.tev.stage                                          |[-1r, 9w]   |H8         |H               |[7:0]            |
|ingress::hdr.tev.reserved                                       |[-1r, 9w]   |TH7        |TH              |                 |
|ingress::hdr.eth.dst[47:32]                                     |[-1r, 9w]   |TH10       |TH              |                 |
|ingress::hdr.eth.dst[31:0]                                      |[-1r, 9w]   |TW7        |TW              |                 |
|ingress::hdr.eth.src[47:32]                                     |[-1r, 9w]   |TH9        |TH              |                 |
|ingress::hdr.eth.src[31:0]                                      |[-1r, 9w]   |TW6        |TW              |                 |
|ingress::hdr.eth.type                                           |[-1r, 9w]   |TH8        |TH              |                 |
|ingress::hdr.ladder.role                                        |[-1r, 9w]   |H9         |H               |[15:8]           |
|ingress::hdr.ladder.child                                       |[-1r, 9w]   |H9         |H               |[7:0]            |
|ingress::hdr.ladder.generation                                  |[-1r, 9w]   |H4         |H               |                 |
|ingress::hdr.ladder.budget                                      |[-1r, 9w]   |W12        |W               |                 |
|ingress::hdr.clone.tag[31:16]                                   |[-1r, 9w]   |TH6        |TH              |                 |
|ingress::hdr.clone.tag[15:0]                                    |[-1r, 9w]   |H4         |H               |                 |
|ingress::hdr.timer._pad1                                        |[-1r, 9w]   |B1         |B               |[7:5]            |
|ingress::hdr.timer.pipe_id                                      |[-1r, 9w]   |B1         |B               |[4:3]            |
|ingress::hdr.timer.app_id                                       |[-1r, 9w]   |B1         |B               |[2:0]            |
|ingress::hdr.timer._pad2                                        |[-1r, 9w]   |B2         |B               |                 |
|ingress::hdr.timer.batch_id                                     |[-1r, 9w]   |H3         |H               |                 |
|ingress::hdr.timer.packet_id                                    |[-1r, 9w]   |H8         |H               |                 |
|ingress::md.token_ok                                            |[-1r, 9w]   |B4         |B               |                 |
|ingress::md.da                                                  |[-1r, 9w]   |W3         |W               |                 |
|ingress::md.readiness                                           |[-1r, 9w]   |W4         |W               |                 |
|ingress::md.gap                                                 |[-1r, 9w]   |W5         |W               |                 |
|ingress::md.op_j                                                |[-1r, 9w]   |W6         |W               |                 |
|ingress::md.budget_cap                                          |[-1r, 9w]   |W13        |W               |                 |
|ingress::md.enabled                                             |[-1r, 9w]   |W32        |W               |                 |
|ingress::md.now                                                 |[-1r, 9w]   |W7         |W               |                 |
|ingress::md.e_bad                                               |[-1r, 9w]   |W14        |W               |                 |
|ingress::md.q_diff                                              |[-1r, 9w]   |W15        |W               |                 |
|ingress::md.cur_gen[15:0]                                       |[-1r, 9w]   |H2         |H               |                 |
|ingress::md.cur_gen[31:16]                                      |[-1r, 9w]   |H12        |H               |                 |
|ingress::md.new_gen[15:0]                                       |[-1r, 9w]   |H5         |H               |                 |
|ingress::md.new_gen[31:16]                                      |[-1r, 9w]   |H11        |H               |                 |
|ingress::md.t0_v                                                |[-1r, 9w]   |W2         |W               |                 |
|ingress::md.done_diff                                           |[-1r, 9w]   |W3         |W               |                 |
|ingress::md.lgen_diff                                           |[-1r, 9w]   |H1         |H               |                 |
|ingress::md.seen0_diff[15:0]                                    |[-1r, 9w]   |H6         |H               |                 |
|ingress::md.seen0_diff[31:16]                                   |[-1r, 9w]   |H7         |H               |                 |
|ingress::md.seen1_diff                                          |[-1r, 9w]   |W33        |W               |                 |
|ingress::md.seen2_diff                                          |[-1r, 9w]   |W34        |W               |                 |
|ingress::md.dup_diff                                            |[-1r, 9w]   |W4         |W               |                 |
|ingress::md.commit_diff                                         |[-1r, 9w]   |W5         |W               |                 |
|ingress::md.ack_go                                              |[-1r, 9w]   |B5         |B               |                 |
|ingress::md.resp_go                                             |[-1r, 9w]   |B5         |B               |                 |
|ingress::md.commit_ok                                           |[-1r, 9w]   |B6         |B               |                 |
|ingress::md.op_go                                               |[-1r, 9w]   |B4         |B               |                 |
|ingress::md.now_m_da                                            |[-1r, 9w]   |W1         |W               |                 |
|ingress::md.da_delta                                            |[-1r, 9w]   |W10        |W               |                 |
|ingress::md.now_m_readiness                                     |[-1r, 9w]   |W8         |W               |                 |
|ingress::md.readiness_delta                                     |[-1r, 9w]   |W11        |W               |                 |
|ingress::md.now_m_gap                                           |[-1r, 9w]   |W9         |W               |                 |
|ingress::md.gap_delta                                           |[-1r, 9w]   |W6         |W               |                 |
|ingress::md.op_t0_masked                                        |[-1r, 9w]   |W0         |W               |                 |
|ingress::md.now_m_opj                                           |[-1r, 9w]   |W8         |W               |                 |
|ingress::md.op_delta                                            |[-1r, 9w]   |W9         |W               |                 |
|ingress::md.op_gen[15:0]                                        |[-1r, 9w]   |H6         |H               |                 |
|ingress::md.op_gen[31:16]                                       |[-1r, 9w]   |W10        |W               |[15:0]           |
|ingress::md.op_t0_v                                             |[-1r, 9w]   |W1         |W               |                 |
|ingress::md.clone_tag[15:0]                                     |[-1r, 9w]   |H7         |H               |                 |
|ingress::md.clone_tag[31:16]                                    |[-1r, 9w]   |H10        |H               |                 |
|ingress::md.op_tok_diff                                         |[-1r, 9w]   |H7         |H               |                 |
|ingress::md.rd_tok_diff                                         |[-1r, 9w]   |H1         |H               |                 |
|ingress::md.clone_ses                                           |[-1r, 9w]   |H1         |H               |[9:0]            |
|ingress::md.outcome_code                                        |[-1r, 9w]   |B7         |B               |                 |
|ingress::ig_intr_md_for_dprsr.drop_ctl                          |[-1r, 9w]   |B0         |B               |[7:5]            |
|ingress::ig_intr_md_for_dprsr.mirror_type                       |[-1r, 9w]   |W1         |W               |[2:0]            |
|ingress::ig_intr_md_for_tm.ucast_egress_port                    |[-1r, 9w]   |H0         |H               |[8:0]            |
|ingress::ig_intr_md_for_tm.qid                                  |[-1r, 9w]   |B0         |B               |[4:0]            |
|ingress::$tmp4                                                  |[-1r, 9w]   |H2         |H               |[9:0]            |
|egress::eg_intr_md.egress_port                                  |[-1r, 9w]   |H16        |H               |[8:0]            |
|egress::hdr.min_parse_depth_padding_1[0].packet_payload[87:80]  |[-1r, 9w]   |TB0        |TB              |                 |
|egress::hdr.min_parse_depth_padding_1[0].packet_payload[79:64]  |[-1r, 9w]   |TH12       |TH              |                 |
|egress::hdr.min_parse_depth_padding_1[0].packet_payload[31:0]   |[-1r, 9w]   |TW0        |TW              |                 |
|egress::hdr.min_parse_depth_padding_1[0].packet_payload[63:32]  |[-1r, 9w]   |TW1        |TW              |                 |
|egress::hdr.min_parse_depth_padding_1[1].packet_payload[87:80]  |[-1r, 9w]   |TB1        |TB              |                 |
|egress::hdr.min_parse_depth_padding_1[1].packet_payload[79:64]  |[-1r, 9w]   |TH13       |TH              |                 |
|egress::hdr.min_parse_depth_padding_1[1].packet_payload[31:0]   |[-1r, 9w]   |TW2        |TW              |                 |
|egress::hdr.min_parse_depth_padding_1[1].packet_payload[63:32]  |[-1r, 9w]   |TW3        |TW              |                 |
|egress::hdr.min_parse_depth_padding_1[2].packet_payload[87:80]  |[-1r, 9w]   |TB2        |TB              |                 |
|egress::hdr.min_parse_depth_padding_1[2].packet_payload[15:0]   |[-1r, 9w]   |TH0        |TH              |                 |
|egress::hdr.min_parse_depth_padding_1[2].packet_payload[31:16]  |[-1r, 9w]   |TH1        |TH              |                 |
|egress::hdr.min_parse_depth_padding_1[2].packet_payload[47:32]  |[-1r, 9w]   |TH2        |TH              |                 |
|egress::hdr.min_parse_depth_padding_1[2].packet_payload[63:48]  |[-1r, 9w]   |TH3        |TH              |                 |
|egress::hdr.min_parse_depth_padding_1[2].packet_payload[79:64]  |[-1r, 9w]   |TH14       |TH              |                 |
|egress::hdr.min_parse_depth_padding_1[3].packet_payload[87:80]  |[-1r, 9w]   |TB3        |TB              |                 |
|egress::hdr.min_parse_depth_padding_1[3].packet_payload[15:0]   |[-1r, 9w]   |TH4        |TH              |                 |
|egress::hdr.min_parse_depth_padding_1[3].packet_payload[31:16]  |[-1r, 9w]   |TH5        |TH              |                 |
|egress::hdr.min_parse_depth_padding_1[3].packet_payload[79:64]  |[-1r, 9w]   |TH15       |TH              |                 |
|egress::hdr.min_parse_depth_padding_1[3].packet_payload[63:32]  |[-1r, 9w]   |TW8        |TW              |                 |
|ingress::hdr.tev.$valid                                         |[-1r, 9w]   |B3         |B               |[0]              |
|ingress::hdr.eth.$valid                                         |[-1r, 9w]   |B3         |B               |[2]              |
|ingress::hdr.ladder.$valid                                      |[-1r, 9w]   |B3         |B               |[3]              |
|ingress::hdr.clone.$valid                                       |[-1r, 9w]   |B3         |B               |[1]              |
|ingress::hdr.timer.$valid                                       |[-1r, 9w]   |B3         |B               |[4]              |
|egress::hdr.min_parse_depth_padding_1.$stkvalid[0]              |[-1r, 9w]   |B16        |B               |[0]              |
|egress::hdr.min_parse_depth_padding_1.$stkvalid[1]              |[-1r, 9w]   |B16        |B               |[1]              |
|egress::hdr.min_parse_depth_padding_1.$stkvalid[2]              |[-1r, 9w]   |B16        |B               |[2]              |
|egress::hdr.min_parse_depth_padding_1.$stkvalid[3]              |[-1r, 9w]   |B16        |B               |[3]              |
+----------------------------------------------------------------+------------+-----------+----------------+-----------------+





PHV Allocation State

MAU Groups:
+-------------------+-----------------+---------------+----------------------+---------------------+----------------+---------------------------+--------------------------+----------------+
|     MAU Group     | Containers Used |   Bits Used   | Bits Used on Ingress | Bits Used on Egress | Bits Allocated | Bits Allocated on Ingress | Bits Allocated on Egress | Available Bits |
+-------------------+-----------------+---------------+----------------------+---------------------+----------------+---------------------------+--------------------------+----------------+
|       B0-15       |   8 (  50  %)   | 61 ( 47.7 %)  |     61 ( 47.7 %)     |     0 (   0  %)     |  93 ( 72.7 %)  |       93 ( 72.7 %)        |       0 (   0  %)        |      128       |
|      B16-31       |   1 ( 6.25 %)   |  4 ( 3.12 %)  |     0 (   0  %)      |     4 ( 3.12 %)     |  4 ( 3.12 %)   |        0 (   0  %)        |       4 ( 3.12 %)        |      128       |
|      B32-47       |   0 (   0  %)   |  0 (   0  %)  |     0 (   0  %)      |     0 (   0  %)     |  0 (   0  %)   |        0 (   0  %)        |       0 (   0  %)        |      128       |
|      B48-63       |   0 (   0  %)   |  0 (   0  %)  |     0 (   0  %)      |     0 (   0  %)     |  0 (   0  %)   |        0 (   0  %)        |       0 (   0  %)        |      128       |
+-------------------+-----------------+---------------+----------------------+---------------------+----------------+---------------------------+--------------------------+----------------+
|       H0-15       |  13 ( 81.2 %)   | 201 ( 78.5 %) |    201 ( 78.5 %)     |     0 (   0  %)     | 342 (  134 %)  |       342 (  134 %)       |       0 (   0  %)        |      256       |
|      H16-31       |   1 ( 6.25 %)   |  9 ( 3.52 %)  |     0 (   0  %)      |     9 ( 3.52 %)     |  9 ( 3.52 %)   |        0 (   0  %)        |       9 ( 3.52 %)        |      256       |
|      H32-47       |   0 (   0  %)   |  0 (   0  %)  |     0 (   0  %)      |     0 (   0  %)     |  0 (   0  %)   |        0 (   0  %)        |       0 (   0  %)        |      256       |
|      H48-63       |   0 (   0  %)   |  0 (   0  %)  |     0 (   0  %)      |     0 (   0  %)     |  0 (   0  %)   |        0 (   0  %)        |       0 (   0  %)        |      256       |
|      H64-79       |   0 (   0  %)   |  0 (   0  %)  |     0 (   0  %)      |     0 (   0  %)     |  0 (   0  %)   |        0 (   0  %)        |       0 (   0  %)        |      256       |
|      H80-95       |   0 (   0  %)   |  0 (   0  %)  |     0 (   0  %)      |     0 (   0  %)     |  0 (   0  %)   |        0 (   0  %)        |       0 (   0  %)        |      256       |
+-------------------+-----------------+---------------+----------------------+---------------------+----------------+---------------------------+--------------------------+----------------+
|       W0-15       |  16 (  100 %)   | 512 (  100 %) |    512 (  100 %)     |     0 (   0  %)     | 787 (  154 %)  |       787 (  154 %)       |       0 (   0  %)        |      512       |
|      W16-31       |   0 (   0  %)   |  0 (   0  %)  |     0 (   0  %)      |     0 (   0  %)     |  0 (   0  %)   |        0 (   0  %)        |       0 (   0  %)        |      512       |
|      W32-47       |   3 ( 18.8 %)   | 96 ( 18.8 %)  |     96 ( 18.8 %)     |     0 (   0  %)     |  96 ( 18.8 %)  |       96 ( 18.8 %)        |       0 (   0  %)        |      512       |
|      W48-63       |   0 (   0  %)   |  0 (   0  %)  |     0 (   0  %)      |     0 (   0  %)     |  0 (   0  %)   |        0 (   0  %)        |       0 (   0  %)        |      512       |
+-------------------+-----------------+---------------+----------------------+---------------------+----------------+---------------------------+--------------------------+----------------+
|   Usage for 8b    |   9 ( 14.1 %)   | 65 ( 12.7 %)  |     61 ( 11.9 %)     |     4 ( 0.781%)     |  97 ( 18.9 %)  |       93 ( 18.2 %)        |       4 ( 0.781%)        |      512       |
|   Usage for 16b   |  14 ( 14.6 %)   | 210 ( 13.7 %) |    201 ( 13.1 %)     |     9 ( 0.586%)     | 351 ( 22.9 %)  |       342 ( 22.3 %)       |       9 ( 0.586%)        |      1536      |
|   Usage for 32b   |  19 ( 29.7 %)   | 608 ( 29.7 %) |    608 ( 29.7 %)     |     0 (   0  %)     | 883 ( 43.1 %)  |       883 ( 43.1 %)       |       0 (   0  %)        |      2048      |
+-------------------+-----------------+---------------+----------------------+---------------------+----------------+---------------------------+--------------------------+----------------+
| Overall PHV Usage |  42 ( 18.8 %)   | 883 ( 21.6 %) |    870 ( 21.2 %)     |    13 ( 0.317%)     | 1331 ( 32.5 %) |      1318 ( 32.2 %)       |       13 ( 0.317%)       |      4096      |
+-------------------+-----------------+---------------+----------------------+---------------------+----------------+---------------------------+--------------------------+----------------+


Tagalong Collections:
+------------+-------+--------------------+---------------------+---------------------+---------------+----------------+
|  Collection|  Gress|  8b Containers Used|  16b Containers Used|  32b Containers Used|      Bits Used|  Bits Allocated|
+------------+-------+--------------------+---------------------+---------------------+---------------+----------------+
|           0|      E|         4 (  100 %)|          6 (  100 %)|          4 (  100 %)|  256 (  100 %)|   256 (  100 %)|
|           1|      I|         0 (   0  %)|          6 (  100 %)|          4 (  100 %)|  224 ( 87.5 %)|   224 ( 87.5 %)|
|           2|      E|         0 (   0  %)|          4 ( 66.7 %)|          1 (  25  %)|   96 ( 37.5 %)|    96 ( 37.5 %)|
|           3|       |         0 (   0  %)|          0 (   0  %)|          0 (   0  %)|    0 (   0  %)|     0 (   0  %)|
|           4|       |         0 (   0  %)|          0 (   0  %)|          0 (   0  %)|    0 (   0  %)|     0 (   0  %)|
|           5|       |         0 (   0  %)|          0 (   0  %)|          0 (   0  %)|    0 (   0  %)|     0 (   0  %)|
|           6|       |         0 (   0  %)|          0 (   0  %)|          0 (   0  %)|    0 (   0  %)|     0 (   0  %)|
|           7|       |         0 (   0  %)|          0 (   0  %)|          0 (   0  %)|    0 (   0  %)|     0 (   0  %)|
+------------+-------+--------------------+---------------------+---------------------+---------------+----------------+
|       Total|       |         4 ( 12.5 %)|         16 ( 33.3 %)|          9 ( 28.1 %)|  576 ( 28.1 %)|   576 ( 28.1 %)|
+------------+-------+--------------------+---------------------+---------------------+---------------+----------------+



