source/full_sign_tables_v5_stub_port0.p4(139): [--Wwarn=unused] warning: 'cap' is unused
    action set_params(bit<32> da, bit<32> readiness, bit<32> cap, bit<32> gap, bit<32> op_j,
                                                             ^^^
source/full_sign_tables_v5_stub_port0.p4(82): [--Wwarn=uninitialized_out_param] warning: out parameter 'md' may be uninitialized when 'IngressParser' terminates
parser IngressParser(packet_in pkt, out header_t hdr, out metadata_t md,
                                                                     ^^
source/full_sign_tables_v5_stub_port0.p4(82)
parser IngressParser(packet_in pkt, out header_t hdr, out metadata_t md,
       ^^^^^^^^^^^^^
source/probe_shell.p4(4): [--Wwarn=uninitialized_out_param] warning: out parameter 'md' may be uninitialized when 'EmptyEgressParser' terminates
parser EmptyEgressParser(packet_in pkt, out header_t hdr, out metadata_t md,
                                                                         ^^
source/probe_shell.p4(4)
parser EmptyEgressParser(packet_in pkt, out header_t hdr, out metadata_t md,
       ^^^^^^^^^^^^^^^^^
warning: Parser state min_parse_depth_accept_loop will be unrolled up to 4 times due to @pragma max_loop_depth.
warning: Parser state min_parse_depth_accept_loop will be unrolled up to 4 times due to @pragma max_loop_depth.
source/full_sign_tables_v5_stub_port0.p4(573): warning: table tbl_admit_request_gen: In the ALU operation over container H7 in action Ingress.admit_request_gen, the alignment of fields within the container renders the action impossible Container Action : and
  Field Actions : and ActionParam: ingress::md.clone_tag[31:16];, type: PHV, speciality: NO_SPECIAL, is cond: 0, ActionParam: Ingress.gen_alloc_reg[31:16];, type: ACTIONDATA, speciality: METER_ALU, is cond: 0, ActionParam: $tmp38[31:16];, type: PHV, speciality: NO_SPECIAL, is cond: 0; 
  Error_code: 20 - [  IMPOSSIBLE_ALIGNMENT ]
  Convert to [ Bitmasked Set : 0 Deposit Field : 0 Byte Rotate Merge : 0 ]
  Action Data [ HASH_DIST: 0 METER COLOR: 0 RANDOM: 0 METER_ALU: 1 STFUL_COUNTER: 0 ]
  Total Overwrite Possible: N Deposit Field Variant: N Implicit [ SRC1: N SRC2: N ] Impossible: N Unhandled Action: N Constant To AD: N
                else { admit_request_gen(); admit_request_epoch(); admit_request_t0(); }
                       ^^^^^^^^^^^^^^^^^^^
error: PHV allocation creates an invalid container action within a Tofino ALU

1 error, 6 warnings generated.

Skipping assembler, assembly file is empty
