/home/philip/Projects/DNP3/defense4/timing/case4_architecture/protocol/evidence/mapping_06/source/mapping.p4(13): [--Wwarn=uninitialized_out_param] warning: out parameter 'm' may be uninitialized when 'IgParser' terminates
parser IgParser(packet_in pkt,out headers_t hdr,out meta_t m,out ingress_intrinsic_metadata_t ig){
                                                           ^
/home/philip/Projects/DNP3/defense4/timing/case4_architecture/protocol/evidence/mapping_06/source/mapping.p4(13)
parser IgParser(packet_in pkt,out headers_t hdr,out meta_t m,out ingress_intrinsic_metadata_t ig){
       ^^^^^^^^
/home/philip/Projects/DNP3/defense4/timing/case4_architecture/protocol/evidence/mapping_06/source/mapping.p4(275): [--Wwarn=uninitialized_out_param] warning: out parameter 'm' may be uninitialized when 'EgParser' terminates
parser EgParser(packet_in pkt,out headers_t hdr,out meta_t m,out egress_intrinsic_metadata_t eg){state start{pkt.extract(eg);transition eth;}state eth{pkt.extract(hdr.eth);transition ip;}state ip{pkt.extract(hdr.ip);transition tcp;}state tcp{pkt.extract(hdr.tcp);transition accept;}}
                                                           ^
/home/philip/Projects/DNP3/defense4/timing/case4_architecture/protocol/evidence/mapping_06/source/mapping.p4(275)
parser EgParser(packet_in pkt,out headers_t hdr,out meta_t m,out egress_intrinsic_metadata_t eg){state start{pkt.extract(eg);transition eth;}state eth{pkt.extract(hdr.eth);transition ip;}state ip{pkt.extract(hdr.ip);transition tcp;}state tcp{pkt.extract(hdr.tcp);transition accept;}}
       ^^^^^^^^
warning: checksum.get() will deprecate in future versions. Please use void subtract_all_and_deposit(bit<16>) instead
warning: checksum.get() will deprecate in future versions. Please use void subtract_all_and_deposit(bit<16>) instead
error: This program violates action constraints imposed by Tofino.

/home/philip/Projects/DNP3/defense4/timing/case4_architecture/protocol/evidence/mapping_06/source/mapping.p4(268):
 action complete(){hdr.tcp.ack=m.left;hdr.tcp.window=(bit<16>)m.window_after;m.changed=1w1;tm.ucast_egress_port=m.output_port;}
        ^^^^^^^^

  PHV allocation requires the following field slices to be packed together, because of the structure of header ingress::hdr.tcp
	ingress::hdr.tcp.ack[15:0]
	ingress::hdr.tcp.ack[30:16]
	ingress::hdr.tcp.ack[31:31]

  Action Ingress.complete must be rewritten, because it requires too many sources.
	Source 1 contains the following fields:
	  ingress::m.left[15:0] @ bits 0-15
	Source 2 contains the following fields:
	  ingress::m.left[30:16] @ bits 16-30
	Source 3 contains the following fields:
	  ingress::m.left[31:31] @ bits 31-31
  However, Tofino supports only two PHV sources.
  Rewrite action Ingress.complete to use at most 2 PHV sources (and no action data/constant source) or 1 PHV source (if action data/constant is necessary).

/home/philip/Projects/DNP3/defense4/timing/case4_architecture/protocol/evidence/mapping_06/source/mapping.p4(51):
action seq1_shift(){hdr.tcp.seq=m.original_seq+32w20;}
       ^^^^^^^^^^

  PHV allocation requires the following field slices to be packed together, because of the structure of header ingress::hdr.tcp
	ingress::hdr.tcp.seq[15:0]
	ingress::hdr.tcp.seq[30:16]
	ingress::hdr.tcp.seq[31:31]

  Action Ingress.seq1_shift must be rewritten, because it requires too many sources.
	Source 1 is action data/constant, which write(s) the following field slices:
	  ingress::hdr.tcp.seq[15:0], written by constant 0x14
	  ingress::hdr.tcp.seq[30:16], written by constant 0x14
	  ingress::hdr.tcp.seq[31:31], written by constant 0x14
	Source 2 contains the following fields:
	  ingress::m.original_seq[15:0] @ bits 0-15
	Source 3 contains the following fields:
	  ingress::m.original_seq[30:16] @ bits 16-30
	Source 4 contains the following fields:
	  ingress::m.original_seq[31:31] @ bits 31-31
  However, Tofino supports only one PHV source, when action data/constant is present.
  Rewrite action Ingress.seq1_shift to use at most 2 PHV sources (and no action data/constant source) or 1 PHV source (if action data/constant is necessary).

/home/philip/Projects/DNP3/defense4/timing/case4_architecture/protocol/evidence/mapping_06/source/mapping.p4(83):
action seq2_shift(){hdr.tcp.seq=m.original_seq+32w40;}
       ^^^^^^^^^^

  PHV allocation requires the following field slices to be packed together, because of the structure of header ingress::hdr.tcp
	ingress::hdr.tcp.seq[15:0]
	ingress::hdr.tcp.seq[30:16]
	ingress::hdr.tcp.seq[31:31]

  Action Ingress.seq2_shift must be rewritten, because it requires too many sources.
	Source 1 is action data/constant, which write(s) the following field slices:
	  ingress::hdr.tcp.seq[15:0], written by constant 0x28
	  ingress::hdr.tcp.seq[30:16], written by constant 0x28
	  ingress::hdr.tcp.seq[31:31], written by constant 0x28
	Source 2 contains the following fields:
	  ingress::m.original_seq[15:0] @ bits 0-15
	Source 3 contains the following fields:
	  ingress::m.original_seq[30:16] @ bits 16-30
	Source 4 contains the following fields:
	  ingress::m.original_seq[31:31] @ bits 31-31
  However, Tofino supports only one PHV source, when action data/constant is present.
  Rewrite action Ingress.seq2_shift to use at most 2 PHV sources (and no action data/constant source) or 1 PHV source (if action data/constant is necessary).


error: PHV allocation was not successful
58 field slices remain unallocated

The following fields were not allocated: 
    ingress::m.so1<32b>[15:0]
    ingress::m.original_seq<32b>[15:0]
    ingress::m.first<32b>[15:0]
    ingress::m.so2<32b>[15:0]
    ingress::m.second<32b>[15:0]
    ingress::m.ao1<32b>[15:0]
    ingress::m.original_ack<32b>[15:0]
    ingress::m.ao2<32b>[15:0]
    ingress::m.right<32b>[15:0]
    ingress::hdr.tcp.ack<32b>[15:0]
    ingress::m.full_window<32b>[15:0]
    ingress::m.ro1<32b>[15:0]
    ingress::m.ro2<32b>[15:0]
    ingress::hdr.tcp.seq<32b>[15:0]
    ingress::m.left<32b>[15:0]
    ingress::m.native_right<32b>[15:0]
    ingress::m.growth<32b>[15:0]
    ingress::m.window_after<32b>[15:0]
    ingress::hdr.tcp.window<16b>
    ingress::m.so1<32b>[30:16]
    ingress::m.original_seq<32b>[30:16]
    ingress::m.first<32b>[30:16]
    ingress::m.so2<32b>[30:16]
    ingress::m.second<32b>[30:16]
    ingress::m.ao1<32b>[30:16]
    ingress::m.original_ack<32b>[30:16]
    ingress::m.ao2<32b>[30:16]
    ingress::m.right<32b>[30:16]
    ingress::hdr.tcp.ack<32b>[30:16]
    ingress::m.full_window<32b>[30:16]
    ingress::m.ro1<32b>[30:16]
    ingress::m.ro2<32b>[30:16]
    ingress::hdr.tcp.seq<32b>[30:16]
    ingress::m.left<32b>[30:16]
    ingress::m.native_right<32b>[30:16]
    ingress::m.growth<32b>[30:16]
    ingress::m.window_after<32b>[30:16]
    ingress::m.so1<32b>[31:31]
    ingress::m.original_seq<32b>[31:31]
    ingress::m.first<32b>[31:31]
    ingress::m.so2<32b>[31:31]
    ingress::m.second<32b>[31:31]
    ingress::m.ao1<32b>[31:31]
    ingress::m.original_ack<32b>[31:31]
    ingress::m.ao2<32b>[31:31]
    ingress::m.right<32b>[31:31]
    ingress::hdr.tcp.ack<32b>[31:31]
    ingress::m.full_window<32b>[31:31]
    ingress::m.ro1<32b>[31:31]
    ingress::m.ro2<32b>[31:31]
    ingress::hdr.tcp.seq<32b>[31:31]
    ingress::m.left<32b>[31:31]
    ingress::m.native_right<32b>[31:31]
    ingress::m.growth<32b>[31:31]
    ingress::m.window_after<32b>[31:31]
    ingress::hdr.tcp.flags<8b>
    ingress::hdr.tcp.reserved<4b>
    ingress::hdr.tcp.offset<4b>


Number of errors exceeded set maximum of 1


2 errors, 4 warnings generated.

