Subscribe attempt #1
Subscribe response received 0
Binding with p4_name case_a_defense3_fixed_ack_delay
Binding with p4_name case_a_defense3_fixed_ack_delay successful!!
Received case_a_defense3_fixed_ack_delay on GetForwarding on client 63, device 0
D3 D quantization : requested 2.000000 ms -> 7812 ticks x 256 ns = 1.999872 ms (word 0x001E8400, low byte ZERO (ok), error -128.0 ns)
D3 fail-open      : H = B x K / rate_dp8 = 18000 x 64 / 3.74e+07 pps = 30.802 ms  (tau = 1.711 us/pass)
D3 headroom       : H / (a_worst + D) with a_worst = 22 ms -> 1.28x ; RTO(200 ms) / H -> 6.49x
D3 D quantization : requested 2.000000 ms -> 7812 ticks x 256 ns = 1.999872 ms (word 0x001E8400, low byte ZERO (ok), error -128.0 ns)
D3 fail-open      : H = B x K / rate_dp8 = 18000 x 64 / 3.74e+07 pps = 30.802 ms  (tau = 1.711 us/pass)
D3 headroom       : H / (a_worst + D) with a_worst = 22 ms -> 1.28x ; RTO(200 ms) / H -> 6.49x
D3 D quantization : requested 2.000000 ms -> 7812 ticks x 256 ns = 1.999872 ms (word 0x001E8400, low byte ZERO (ok), error -128.0 ns)
D3 fail-open      : H = B x K / rate_dp8 = 18000 x 64 / 3.74e+07 pps = 30.802 ms  (tau = 1.711 us/pass)
D3 headroom       : H / (a_worst + D) with a_worst = 22 ms -> 1.28x ; RTO(200 ms) / H -> 6.49x
D3 D quantization : requested 2.000000 ms -> 7812 ticks x 256 ns = 1.999872 ms (word 0x001E8400, low byte ZERO (ok), error -128.0 ns)
D3 fail-open      : H = B x K / rate_dp8 = 18000 x 64 / 3.74e+07 pps = 30.802 ms  (tau = 1.711 us/pass)
D3 headroom       : H / (a_worst + D) with a_worst = 22 ms -> 1.28x ; RTO(200 ms) / H -> 6.49x
[PASS] D quantized word low byte is zero                          = 0
[PASS] D within the 40 ms clamp                                   2.000000 ms -> 1.999872 ms realized
[PASS] fail-open model H = B x K / rate_dp8                       B=18000 K=64 -> tau=1.711 us, H=30.802 ms
[PASS] blocker template length                                    = 60
[PASS] blocker template etype 0x88C1                              = '88c1'
[PASS] K                                                          = 64
[PASS] session addresses parse                                    192.168.10.7 <-> 192.168.10.1
[PASS] template ip.total_len == 20 + 4*data_offset                = 52
[PASS] template tcp.flags == 0x10 (pure ACK)                      = '0x10'
[PASS] template ack_no == seq_no + read_len (keeps EXP_ACK real)  = 287454038
[PASS] template length                                            = 66
[PASS] ipg < D                                                    ipg=500000 ns < D=1999872 ns
[PASS] ipg > the R2 reservoir bound (100000 ns)                   ipg=500000 ns
[PASS] generation inside 0xC0..0xCF                               0xC0
[PASS] R5 release bias recorded                                   K/rate = 1711.230 ns
[PASS] pipe probe                                                 2 pipe(s) answer a pipe-scoped pktgen read
[PASS] ---- microbench arm A0_read_app1_disabled ----             
[PASS] dp8 $PORT read                                             entry_get: Error(s):
	* At index 0: NOT_FOUND, 'Entry not found in table:$PORT Object not found'

[PASS] dp8 $SPEED pre-check (port not yet configured)             $PORT has no dp8 entry on a cold load; config_ports() will create it at BF_SPEED_25G and the POST-check is the hard gate.
[PASS] CLEAN START asserted                                       reg_tag=0xFF deadline=0x00000000 both apps disabled, ts regs zero
[PASS] dp8 $PORT read                                             entry_get: Error(s):
	* At index 0: NOT_FOUND, 'Entry not found in table:$PORT Object not found'

[PASS] dp8 $SPEED pre-check (port not yet configured)             $PORT has no dp8 entry on a cold load; config_ports() will create it at BF_SPEED_25G and the POST-check is the hard gate.
[PASS] dp8 $SPEED == BF_SPEED_25G (MAC and TM agree)              PORT_UP=False LOOPBACK='BF_LPBK_MAC_NEAR'
[PASS] dp8 pg_id derived == --pg-l                                = 2
[PASS] dp8 pg_port_nr derived == --pg-l-nr                        = 0
[PASS] qid7 max_priority                                          = 7
[PASS] qid7 scheduling_enable                                     = True
[PASS] qid7 max_rate_enable OFF                                   = False
[PASS] qid7 min_rate_enable OFF                                   = False
[PASS] qid1 max_priority                                          = 0
[PASS] qid1 scheduling_enable                                     = True
[PASS] qid1 max_rate_enable OFF                                   = False
[PASS] qid1 min_rate_enable OFF                                   = False
[PASS] STRICT PRIORITY Q_BLOCK > Q_HOLD (max_priority)            7 > 0
[PASS] dp8 PORT shaper max_rate_enable OFF                        = False
[PASS] fail-open horizon inside (a_worst+D, RTO)                  30.802 ms
[PASS] tbl_params d_ticks                                         = 1999872
[PASS] tbl_params read_len                                        = 18
[PASS] tbl_params budget                                          = 18000
[PASS] tbl_session entries                                        = 2
[PASS] mirror $ucast_egress_port                                  = 68
[PASS] mirror $session_enable                                     = True
[PASS] value_set pgen_recirc programmed                           byte=0x01 mask=0xFF
[PASS] pktgen increment_source_port == False                      = False
[PASS] pktgen pipe_local_source_port                              = 68
[PASS] pktgen packets_per_batch_cfg (K-1)                         = 63
[PASS] pktgen batch_count_cfg (1 batch)                           = 0
[PASS] pktgen app_enable at config time                           = False
[PASS] reg_tag initialised to TAG_INACTIVE                        = 255
[PASS] value_set pgen_event programmed                            byte=0x02 mask=0xFF
[PASS] app 2 packets_per_batch_cfg (1 events)                     = 0
[PASS] app 2 batch_count_cfg (1 batch)                            = 0
[PASS] app 2 increment_source_port == False                       = False
[PASS] app 2 pipe_local_source_port                               = 68
[PASS] app 2 app_enable at config time                            = False
[PASS] app 2 ipg readback                                         wrote 500000 ns, read 500000 ns (core-clock quantization)
[PASS] tbl_synth_role installed                                   pid0->READ
[PASS] seed reg_exp_relay_seq                                     = 287454020
[PASS] seed reg_session_port                                      = 51000
[PASS] dp8 PORT shaper max_rate_enable OFF                        = False
[PASS] cleanup: reg_tag == TAG_INACTIVE                           = 255
[PASS] cleanup: reg_deadline == 0                                 = 0
[PASS] cleanup: reg_ts_read == 0                                  = 0
[PASS] cleanup: reg_ts_resp_release == 0                          = 0
[PASS] ---- microbench arm A1_read_app1_enabled ----              
[PASS] dp8 $SPEED == BF_SPEED_25G (MAC and TM agree)              PORT_UP=True LOOPBACK='BF_LPBK_MAC_NEAR'
[PASS] CLEAN START asserted                                       reg_tag=0xFF deadline=0x00000000 both apps disabled, ts regs zero
[PASS] dp8 $SPEED == BF_SPEED_25G (MAC and TM agree)              PORT_UP=True LOOPBACK='BF_LPBK_MAC_NEAR'
[PASS] dp8 $SPEED == BF_SPEED_25G (MAC and TM agree)              PORT_UP=False LOOPBACK='BF_LPBK_MAC_NEAR'
[PASS] dp8 pg_id derived == --pg-l                                = 2
[PASS] dp8 pg_port_nr derived == --pg-l-nr                        = 0
[PASS] qid7 max_priority                                          = 7
[PASS] qid7 scheduling_enable                                     = True
[PASS] qid7 max_rate_enable OFF                                   = False
[PASS] qid7 min_rate_enable OFF                                   = False
[PASS] qid1 max_priority                                          = 0
[PASS] qid1 scheduling_enable                                     = True
[PASS] qid1 max_rate_enable OFF                                   = False
[PASS] qid1 min_rate_enable OFF                                   = False
[PASS] STRICT PRIORITY Q_BLOCK > Q_HOLD (max_priority)            7 > 0
[PASS] dp8 PORT shaper max_rate_enable OFF                        = False
[PASS] fail-open horizon inside (a_worst+D, RTO)                  30.802 ms
[PASS] tbl_params d_ticks                                         = 1999872
[PASS] tbl_params read_len                                        = 18
[PASS] tbl_params budget                                          = 18000
[PASS] tbl_session entries                                        = 2
[PASS] mirror $ucast_egress_port                                  = 68
[PASS] mirror $session_enable                                     = True
[PASS] value_set pgen_recirc programmed                           byte=0x01 mask=0xFF
[PASS] pktgen increment_source_port == False                      = False
[PASS] pktgen pipe_local_source_port                              = 68
[PASS] pktgen packets_per_batch_cfg (K-1)                         = 63
[PASS] pktgen batch_count_cfg (1 batch)                           = 0
[PASS] pktgen app_enable at config time                           = False
[PASS] reg_tag initialised to TAG_INACTIVE                        = 255
[PASS] value_set pgen_event programmed                            byte=0x02 mask=0xFF
[PASS] app 2 packets_per_batch_cfg (1 events)                     = 0
[PASS] app 2 batch_count_cfg (1 batch)                            = 0
[PASS] app 2 increment_source_port == False                       = False
[PASS] app 2 pipe_local_source_port                               = 68
[PASS] app 2 app_enable at config time                            = False
[PASS] app 2 ipg readback                                         wrote 500000 ns, read 500000 ns (core-clock quantization)
[PASS] tbl_synth_role installed                                   pid0->READ
[PASS] seed reg_exp_relay_seq                                     = 287454020
[PASS] seed reg_session_port                                      = 51000
[PASS] dp8 PORT shaper max_rate_enable OFF                        = False
[PASS] cleanup: reg_tag == TAG_INACTIVE                           = 255
[PASS] cleanup: reg_deadline == 0                                 = 0
[PASS] cleanup: reg_ts_read == 0                                  = 0
[PASS] cleanup: reg_ts_resp_release == 0                          = 0
[PASS] ---- microbench arm A2_read_ack_app1_disabled ----         
[PASS] dp8 $SPEED == BF_SPEED_25G (MAC and TM agree)              PORT_UP=True LOOPBACK='BF_LPBK_MAC_NEAR'
[PASS] CLEAN START asserted                                       reg_tag=0xFF deadline=0x00000000 both apps disabled, ts regs zero
[PASS] dp8 $SPEED == BF_SPEED_25G (MAC and TM agree)              PORT_UP=True LOOPBACK='BF_LPBK_MAC_NEAR'
[PASS] dp8 $SPEED == BF_SPEED_25G (MAC and TM agree)              PORT_UP=False LOOPBACK='BF_LPBK_MAC_NEAR'
[PASS] dp8 pg_id derived == --pg-l                                = 2
[PASS] dp8 pg_port_nr derived == --pg-l-nr                        = 0
[PASS] qid7 max_priority                                          = 7
[PASS] qid7 scheduling_enable                                     = True
[PASS] qid7 max_rate_enable OFF                                   = False
[PASS] qid7 min_rate_enable OFF                                   = False
[PASS] qid1 max_priority                                          = 0
[PASS] qid1 scheduling_enable                                     = True
[PASS] qid1 max_rate_enable OFF                                   = False
[PASS] qid1 min_rate_enable OFF                                   = False
[PASS] STRICT PRIORITY Q_BLOCK > Q_HOLD (max_priority)            7 > 0
[PASS] dp8 PORT shaper max_rate_enable OFF                        = False
[PASS] fail-open horizon inside (a_worst+D, RTO)                  30.802 ms
[PASS] tbl_params d_ticks                                         = 1999872
[PASS] tbl_params read_len                                        = 18
[PASS] tbl_params budget                                          = 18000
[PASS] tbl_session entries                                        = 2
[PASS] mirror $ucast_egress_port                                  = 68
[PASS] mirror $session_enable                                     = True
[PASS] value_set pgen_recirc programmed                           byte=0x01 mask=0xFF
[PASS] pktgen increment_source_port == False                      = False
[PASS] pktgen pipe_local_source_port                              = 68
[PASS] pktgen packets_per_batch_cfg (K-1)                         = 63
[PASS] pktgen batch_count_cfg (1 batch)                           = 0
[PASS] pktgen app_enable at config time                           = False
[PASS] reg_tag initialised to TAG_INACTIVE                        = 255
[PASS] value_set pgen_event programmed                            byte=0x02 mask=0xFF
[PASS] app 2 packets_per_batch_cfg (2 events)                     = 1
[PASS] app 2 batch_count_cfg (1 batch)                            = 0
[PASS] app 2 increment_source_port == False                       = False
[PASS] app 2 pipe_local_source_port                               = 68
[PASS] app 2 app_enable at config time                            = False
[PASS] app 2 ipg readback                                         wrote 500000 ns, read 500000 ns (core-clock quantization)
[PASS] tbl_synth_role installed                                   pid0->READ, pid1->ACK
[PASS] seed reg_exp_relay_seq                                     = 287454020
[PASS] seed reg_session_port                                      = 51000
[PASS] dp8 PORT shaper max_rate_enable OFF                        = False
[PASS] cleanup: reg_tag == TAG_INACTIVE                           = 255
[PASS] cleanup: reg_deadline == 0                                 = 0
[PASS] cleanup: reg_ts_read == 0                                  = 0
[PASS] cleanup: reg_ts_resp_release == 0                          = 0
[PASS] ---- microbench arm A3_c2_timer_reservoir ----             
[PASS] dp8 $SPEED == BF_SPEED_25G (MAC and TM agree)              PORT_UP=True LOOPBACK='BF_LPBK_MAC_NEAR'
[PASS] CLEAN START asserted                                       reg_tag=0xFF deadline=0x00000000 both apps disabled, ts regs zero
[PASS] dp8 $SPEED == BF_SPEED_25G (MAC and TM agree)              PORT_UP=True LOOPBACK='BF_LPBK_MAC_NEAR'
[PASS] dp8 $SPEED == BF_SPEED_25G (MAC and TM agree)              PORT_UP=False LOOPBACK='BF_LPBK_MAC_NEAR'
[PASS] dp8 pg_id derived == --pg-l                                = 2
[PASS] dp8 pg_port_nr derived == --pg-l-nr                        = 0
[PASS] qid7 max_priority                                          = 7
[PASS] qid7 scheduling_enable                                     = True
[PASS] qid7 max_rate_enable OFF                                   = False
[PASS] qid7 min_rate_enable OFF                                   = False
[PASS] qid1 max_priority                                          = 0
[PASS] qid1 scheduling_enable                                     = True
[PASS] qid1 max_rate_enable OFF                                   = False
[PASS] qid1 min_rate_enable OFF                                   = False
[PASS] STRICT PRIORITY Q_BLOCK > Q_HOLD (max_priority)            7 > 0
[PASS] dp8 PORT shaper max_rate_enable OFF                        = False
[PASS] fail-open horizon inside (a_worst+D, RTO)                  30.802 ms
[PASS] tbl_params d_ticks                                         = 1999872
[PASS] tbl_params read_len                                        = 18
[PASS] tbl_params budget                                          = 18000
[PASS] tbl_session entries                                        = 2
[PASS] mirror $ucast_egress_port                                  = 68
[PASS] mirror $session_enable                                     = True
[PASS] value_set pgen_recirc programmed                           byte=0x01 mask=0xFF
[PASS] pktgen increment_source_port == False                      = False
[PASS] pktgen pipe_local_source_port                              = 68
[PASS] pktgen packets_per_batch_cfg (K-1)                         = 63
[PASS] pktgen batch_count_cfg (1 batch)                           = 0
[PASS] pktgen app_enable at config time                           = False
[PASS] reg_tag initialised to TAG_INACTIVE                        = 255
[PASS] value_set pgen_event programmed                            byte=0x02 mask=0xFF
[PASS] app 2 packets_per_batch_cfg (1 events)                     = 0
[PASS] app 2 batch_count_cfg (1 batch)                            = 0
[PASS] app 2 increment_source_port == False                       = False
[PASS] app 2 pipe_local_source_port                               = 68
[PASS] app 2 app_enable at config time                            = False
[PASS] app 2 ipg readback                                         wrote 500000 ns, read 500000 ns (core-clock quantization)
[PASS] tbl_synth_role installed                                   pid0->READ
[PASS] seed reg_exp_relay_seq                                     = 287454020
[PASS] seed reg_session_port                                      = 51000
[PASS] C2: app 1 re-pointed to trigger_timer_one_shot             timer=1000 ns, K=64
[PASS] dp8 PORT shaper max_rate_enable OFF                        = False
[PASS] cleanup: reg_tag == TAG_INACTIVE                           = 255
[PASS] cleanup: reg_deadline == 0                                 = 0
[PASS] cleanup: reg_ts_read == 0                                  = 0
[PASS] cleanup: reg_ts_resp_release == 0                          = 0
[PASS] F01-a NEGATIVE CONTROL: app 1 disabled -> trigger_counter  = 0
[PASS] F01-b precondition: reg_tag pipe0 after a lone READ        255 (0xC0 = the ARM wrote; 0xFF = it did not)
[PASS] F01-a FIX: app 1 enabled -> trigger_counter                = 1
[PASS] F01-a FIX: app 1 enabled -> pkt_counter                    = 64
[FAIL] F01-a FIX: blockers ADMITTED                               got "err: Error(s):\n\t* At index 0: INVALID_ARGUMENT, 'Entry not found ", want 64
[PASS] dp8 PORT shaper max_rate_enable OFF                        = False
[PASS] cleanup: reg_tag == TAG_INACTIVE                           = 255
[PASS] cleanup: reg_deadline == 0                                 = 0
[PASS] cleanup: reg_ts_read == 0                                  = 0
[PASS] cleanup: reg_ts_resp_release == 0                          = 0
D3GATE2 {"schema": "d3_gate2/1", "prog": "case_a_defense3_fixed_ack_delay", "build": "D3_SYNTH_EVENTS", "gate": "13.2", "authored_off_switch": true, "silicon_validated": false, "txn_index": 1, "D": {"requested_ms": 2.0, "ticks": 7812, "word": 1999872, "word_hex": "0x001E8400", "realized_ns": 1999872, "realized_ms": 1.999872, "quantization_error_ns": 128.0, "low_byte_zero": true}, "failopen": {"budget": 18000, "k": 64, "rate_pps": 37400000.0, "tau_us": 1.7112299465240641, "horizon_ms": 30.802139037433157}, "token_template": {"len": 60, "first_bytes": "020000000001020000000b0c88c1010000000000000000"}, "event_template": {"len": 66, "eth_dst": "020000000001", "eth_src": "020000000751", "ip_src": "192.168.10.7", "ip_dst": "192.168.10.1", "ip_total_len": 52, "ip_ihl": 5, "ip_flags_frag": "0x4000 (DF)", "tcp_src_port": 20000, "tcp_dst_port": 51000, "tcp_seq": 287454020, "tcp_ack": 287454038, "tcp_data_offset": 8, "tcp_flags": "0x10", "read_len_implied": 18, "hex": "020000000001020000000751080045000034abcd40004006f99dc0a80a07c0a80a014e20c738112233441122335680102000090f00000101080a0a0b0c0d01020304"}, "scenario": {"name": "gate2-normal", "ipg_ns": 500000, "map": {"0": "READ", "1": "ACK", "2": "RESP"}}, "release_bias": {"k": 64, "rate_dp8_pps": 37400000.0, "tau_ns": 1711.2299465240642, "note": "R5: the release instant is the deadline plus this deterministic K/rate bias. Score the hold against D + tau, not D."}, "params": {"d_ms": 2.0, "d_ticks": 7812, "d_realized_ns": 1999872, "budget": 18000, "k": 64, "rate_dp8_pps": 37400000.0, "read_len": 18, "generation": 192, "ipg_ns": 500000, "timer_ns": 1000000, "n_events": 3, "r2_bound_ns": 100000, "required_dp8_speed": "BF_SPEED_25G"}, "snapshot": {"utc": "2026-07-29T19:45:21Z", "ports": {"dp8": "entry_get: Error(s):\n\t* At index 0: NOT_FOUND, 'Entry not found in table:$PORT Object not found'\n", "dp9": "entry_get: Error(s):\n\t* At index 0: NOT_FOUND, 'Entry not found in table:$PORT Object not found'\n", "dp64": "entry_get: Error(s):\n\t* At index 0: NOT_FOUND, 'Entry not found in table:$PORT Object not found'\n"}, "dp8_port_sched_cfg": {"max_rate_enable": false, "scheduling_speed": "BF_SPEED_10G"}, "pg": {"dp8": {"pg_id": 2, "pg_port_nr": 0}}, "queues": {"qid7": {"max_priority": "LOW", "min_priority": "LOW", "scheduling_enable": true, "max_rate_enable": false, "min_rate_enable": false, "dwrr_weight": 1023}, "qid1": {"max_priority": "LOW", "min_priority": "LOW", "scheduling_enable": true, "max_rate_enable": false, "min_rate_enable": false, "dwrr_weight": 1023}}, "pktgen": {"app_enable": false, "batch_count_cfg": 0, "packets_per_batch_cfg": 0, "pattern_value": null, "pattern_mask": null, "pipe_local_source_port": 0, "increment_source_port": false}, "queue_counters_base": {"qid7": {"drop_count_packets": 0, "watermark_cells": 0, "usage_cells_DIAGNOSTIC_ONLY": 0}, "qid1": {"drop_count_packets": 0, "watermark_cells": 0, "usage_cells_DIAGNOSTIC_ONLY": 0}}}, "mode": "microbench", "device_configuration": {"num_pipes": 2, "sku": "BFN-T10-032D", "num_stages": 12, "source": "tf1.dev.device_configuration"}, "pipe_probe": {"n_pipes_answering": 2, "detail": {"0": "ok", "1": "ok", "2": "entry_get: Error(s):\n\t* At index 0: INVALID_ARGUMENT, 'Entry", "3": "entry_get: Error(s):\n\t* At index 0: INVALID_ARGUMENT, 'Entry"}, "device_configuration": {"num_pipes": 2, "sku": "BFN-T10-032D", "num_stages": 12, "source": "tf1.dev.device_configuration"}}, "dp8_speed": {"mac": {"$PORT_UP": false, "$SPEED": "BF_SPEED_25G", "$FEC": "BF_FEC_TYP_NONE", "$PORT_ENABLE": true, "$LOOPBACK_MODE": "BF_LPBK_MAC_NEAR"}, "tm": {"scheduling_speed": "BF_SPEED_25G", "max_rate_enable": false}}, "pg": {"dp8": {"pg_id": 2, "pg_port_nr": 0}}, "clean_start": {"reg_tag": 255, "reg_deadline": 0, "reg_ack_rel": 0, "pktgen": {"app_enable": false, "pkt_counter": 0, "batch_counter": 0, "trigger_counter": 0}, "queue_counters": {"qid7": {"drop_count_packets": 0, "watermark_cells": 0, "usage_cells_DIAGNOSTIC_ONLY": 0}, "qid1": {"drop_count_packets": 0, "watermark_cells": 0, "usage_cells_DIAGNOSTIC_ONLY": 0}}, "clean": true, "reasons": [], "pktgen_event": {"app_enable": false, "trigger_counter": 2, "batch_counter": 2, "pkt_counter": 3, "pkt_len": 66, "pkt_buffer_offset": 128, "ipg": 500000, "ibg": 0, "batch_count_cfg": 0, "packets_per_batch_cfg": 1, "increment_source_port": false, "pipe_local_source_port": 68}, "reg_ts_read": 0, "reg_ts_resp_release": 0}, "ports": {"dp8": {"$PORT_UP": false, "$SPEED": "BF_SPEED_25G", "$FEC": "BF_FEC_TYP_NONE", "$PORT_ENABLE": true, "$LOOPBACK_MODE": "BF_LPBK_MAC_NEAR"}, "dp9": {"$PORT_UP": true, "$SPEED": "BF_SPEED_25G", "$FEC": "BF_FEC_TYP_REED_SOLOMON", "$PORT_ENABLE": true, "$LOOPBACK_MODE": "BF_LPBK_NONE"}, "dp64": {"$PORT_UP": true, "$SPEED": "BF_SPEED_1G", "$FEC": "BF_FEC_TYP_NONE", "$PORT_ENABLE": true, "$LOOPBACK_MODE": "BF_LPBK_NONE"}}, "queues": {"qid7": {"pg_queue": 7, "max_priority": "7", "min_priority": "7", "scheduling_enable": true, "max_rate_enable": false, "min_rate_enable": false, "dwrr_weight": 1023}, "qid1": {"pg_queue": 1, "max_priority": "LOW", "min_priority": "LOW", "scheduling_enable": true, "max_rate_enable": false, "min_rate_enable": false, "dwrr_weight": 1023}}, "queue_shaping": {"qid7": {"unit": "BPS", "provisioning": "UPPER", "max_rate": 25010000, "max_burst_size": 16384, "min_rate": 0, "min_burst_size": 16384}, "qid1": {"unit": "BPS", "provisioning": "UPPER", "max_rate": 25010000, "max_burst_size": 16384, "min_rate": 0, "min_burst_size": 16384}}, "port_shaper_target": "pipe0", "port_shaper": {"max_rate_enable": false, "scheduling_speed": "BF_SPEED_25G"}, "port_shaping_params": {"unit": "BPS", "provisioning": "UPPER", "max_rate": 25010000, "max_burst_size": 9216}, "read_len": 18, "tbl_params_readback": {"budget": 18000, "d_ticks": 1999872, "read_len": 18, "action_name": "Ingress.set_params", "is_default_entry": true}, "session": {"relay_ip": "192.168.10.7", "master_ip": "192.168.10.1", "dnp3_port": 20000, "entries_read": 2}, "mirror": {"$direction": "INGRESS", "$ucast_egress_port": 68, "$ucast_egress_port_valid": true, "$session_enable": true, "$max_pkt_len": 128}, "value_set": {"byte": 1, "mask": 255, "prsr_id": 17, "pipe": 0}, "pktgen": {"pattern_value": 3774873600, "pattern_mask": 4278190080, "pkt_len": 60, "pkt_buffer_offset": 0, "pipe_local_source_port": 68, "increment_source_port": false, "batch_count_cfg": 0, "packets_per_batch_cfg": 63, "app_enable": false, "trigger_counter": 0, "batch_counter": 0, "pkt_counter": 0}, "event_value_set": {"byte": 2, "mask": 255, "prsr_id": 17, "pipe": 0}, "app_event": {"app_enable": false, "trigger_counter": 0, "batch_counter": 0, "pkt_counter": 0, "pkt_len": 66, "pkt_buffer_offset": 128, "ipg": 500000, "ibg": 0, "batch_count_cfg": 0, "packets_per_batch_cfg": 0, "increment_source_port": false, "pipe_local_source_port": 68, "ipg_ns_requested": 500000, "timer_ns_requested": 1000000, "ipg_ns_readback": 500000}, "role_map": {"0": {"action_name": "Ingress.synth_read", "gen": 192, "want_role": "READ"}}, "seeded_trackers": {"written": {"reg_exp_relay_seq": 287454020, "reg_session_port": 51000}, "readback": {"reg_exp_relay_seq": 287454020, "reg_session_port": 51000}}, "cleanup": {"order": ["disable_pktgen", "line_rate", "drain", "verify", "reset"], "disable_pktgen": true, "port_shaper_target": "pipe0", "port_shaper": {"max_rate_enable": false, "scheduling_speed": "BF_SPEED_25G"}, "port_shaping_params": {"unit": "BPS", "provisioning": "UPPER", "max_rate": 25010000, "max_burst_size": 9216}, "pg": {"dp8": {"pg_id": 2, "pg_port_nr": 0}}, "queue_counters_after_drain": {"qid7": {"drop_count_packets": 0, "watermark_cells": 0, "usage_cells_DIAGNOSTIC_ONLY": 0}, "qid1": {"drop_count_packets": 0, "watermark_cells": 0, "usage_cells_DIAGNOSTIC_ONLY": 0}}, "reg_tag_reset": true, "reg_tag_after": 255, "reg_deadline_after": 0}, "cleanup_synth": {"order": ["disable_event_app", "d3.cleanup_trial", "zero_synth_regs"], "disable_event_app": true, "base_cleanup": {"order": ["disable_pktgen", "line_rate", "drain", "verify", "reset"], "disable_pktgen": true, "port_shaper_target": "pipe0", "port_shaper": {"max_rate_enable": false, "scheduling_speed": "BF_SPEED_25G"}, "port_shaping_params": {"unit": "BPS", "provisioning": "UPPER", "max_rate": 25010000, "max_burst_size": 9216}, "pg": {"dp8": {"pg_id": 2, "pg_port_nr": 0}}, "queue_counters_after_drain": {"qid7": {"drop_count_packets": 0, "watermark_cells": 0, "usage_cells_DIAGNOSTIC_ONLY": 0}, "qid1": {"drop_count_packets": 0, "watermark_cells": 0, "usage_cells_DIAGNOSTIC_ONLY": 0}}, "reg_tag_reset": true, "reg_tag_after": 255, "reg_deadline_after": 0}, "synth_regs_after": {"reg_ts_read": 0, "reg_ts_resp_release": 0}, "pktgen_event_after": {"app_enable": false, "trigger_counter": 1, "batch_counter": 1, "pkt_counter": 1, "pkt_len": 66, "pkt_buffer_offset": 128, "ipg": 500000, "ibg": 0, "batch_count_cfg": 0, "packets_per_batch_cfg": 0, "increment_source_port": false, "pipe_local_source_port": 68}}, "value_set_scope_note": "scope already set (ok on re-run): Error(s):\n\t* At index 0: INVALID_ARGUMEN", "event_value_set_scope_note": "scope already set (ok on re-run): Error(s):\n\t* At index 0: INVALID_ARGUMEN", "microbench": {"A0_read_app1_disabled": {"arm": "A0_read_app1_disabled", "plan": {"n_events": 1, "role_map": {"0": "READ"}, "app1_recirc_enabled": false, "app1_timer_armed": false}, "before": {"n_pipes_probed": 2, "app_block_per_pipe": {"pipe0": {"app_enable": false, "trigger_counter": 0, "batch_counter": 0, "pkt_counter": 0}, "pipe1": {"app_enable": false, "trigger_counter": 0, "batch_counter": 0, "pkt_counter": 0}}, "app_event_per_pipe": {"pipe0": {"app_enable": false, "trigger_counter": 0, "batch_counter": 0, "pkt_counter": 0}, "pipe1": {"app_enable": false, "trigger_counter": 0, "batch_counter": 0, "pkt_counter": 0}}, "app_block_device": {"app_enable": false, "trigger_counter": 0, "batch_counter": 0, "pkt_counter": 0, "pkt_len": 60, "pkt_buffer_offset": 0, "ipg": 0, "ibg": 0, "batch_count_cfg": 0, "packets_per_batch_cfg": 63, "increment_source_port": false, "pipe_local_source_port": 68}, "app_event_device": {"app_enable": false, "trigger_counter": 0, "batch_counter": 0, "pkt_counter": 0, "pkt_len": 66, "pkt_buffer_offset": 128, "ipg": 500000, "ibg": 0, "batch_count_cfg": 0, "packets_per_batch_cfg": 0, "increment_source_port": false, "pipe_local_source_port": 68}, "regs_per_pipe": {"reg_tag": {"pipe0": 255, "pipe1": 255}, "reg_deadline": {"pipe0": 0, "pipe1": 0}, "reg_ack_rel": {"pipe0": 0, "pipe1": 0}, "reg_exp_relay_seq": {"pipe0": 287454020, "pipe1": 287454020}, "reg_exp_ack": {"pipe0": 0, "pipe1": 0}, "reg_session_port": {"pipe0": 51000, "pipe1": 51000}, "reg_ts_read": {"pipe0": 0, "pipe1": 0}, "reg_ts_first_block": {"pipe0": 0, "pipe1": 0}, "reg_ts_ack_arm": {"pipe0": 0, "pipe1": 0}, "reg_ts_block_term": {"pipe0": 0, "pipe1": 0}, "reg_ts_ack_release": {"pipe0": 0, "pipe1": 0}}, "regs_device_maxcollapse": {"reg_tag": 255, "reg_deadline": 0, "reg_exp_ack": 0}, "ctr_fresh_per_pipe": {"BYPASS_FWD": {"pipe0": "err: Error(s):\n\t* At index 0: INVALID_ARGUMENT, 'Entry not found ", "pipe1": "err: Error(s):\n\t* At index 0: INVALID_ARGUMENT, 'Entry not found "}, "BAD_PORT": {"pipe0": "err: Error(s):\n\t* At index 0: INVALID_ARGUMENT, 'Entry not found ", "pipe1": "err: Error(s):\n\t* At index 0: INVALID_ARGUMENT, 'Entry not found "}, "ARM_FRESH": {"pipe0": "err: Error(s):\n\t* At index 0: INVALID_ARGUMENT, 'Entry not found ", "pipe1": "err: Error(s):\n\t* At index 0: INVALID_ARGUMENT, 'Entry not found "}, "ARM_DUP": {"pipe0": "err: Error(s):\n\t* At index 0: INVALID_ARGUMENT, 'Entry not found ", "pipe1": "err: Error(s):\n\t* At index 0: INVALID_ARGUMENT, 'Entry not found "}, "ARM_BUSY": {"pipe0": "err: Error(s):\n\t* At index 0: INVALID_ARGUMENT, 'Entry not found ", "pipe1": "err: Error(s):\n\t* At index 0: INVALID_ARGUMENT, 'Entry not found "}, "ACK_HOLD": {"pipe0": "err: Error(s):\n\t* At index 0: INVALID_ARGUMENT, 'Entry not found ", "pipe1": "err: Error(s):\n\t* At index 0: INVALID_ARGUMENT, 'Entry not found "}, "ACK_DUP_HOLD": {"pipe0": "err: Error(s):\n\t* At index 0: INVALID_ARGUMENT, 'Entry not found ", "pipe1": "err: Error(s):\n\t* At index 0: INVALID_ARGUMENT, 'Entry not found "}, "ACK_REJECT": {"pipe0": "err: Error(s):\n\t* At index 0: INVALID_ARGUMENT, 'Entry not found ", "pipe1": "err: Error(s):\n\t* At index 0: INVALID_ARGUMENT, 'Entry not found "}, "RESP_HOLD_EARLY": {"pipe0": "err: Error(s):\n\t* At index 0: INVALID_ARGUMENT, 'Entry not found ", "pipe1": "err: Error(s):\n\t* At index 0: INVALID_ARGUMENT, 'Entry not found "}, "RESP_HOLD_LATE": {"pipe0": "err: Error(s):\n\t* At index 0: INVALID_ARGUMENT, 'Entry not found ", "pipe1": "err: Error(s):\n\t* At index 0: INVALID_ARGUMENT, 'Entry not found "}, "RESP_BYPASS": {"pipe0": "err: Error(s):\n\t* At index 0: INVALID_ARGUMENT, 'Entry not found ", "pipe1": "err: Error(s):\n\t* At index 0: INVALID_ARGUMENT, 'Entry not found "}, "UNSUP_SEG": {"pipe0": "err: Error(s):\n\t* At index 0: INVALID_ARGUMENT, 'Entry not found ", "pipe1": "err: Error(s):\n\t* At index 0: INVALID_ARGUMENT, 'Entry not found "}, "BLOCK_ENQ": {"pipe0": "err: Error(s):\n\t* At index 0: INVALID_ARGUMENT, 'Entry not found ", "pipe1": "err: Error(s):\n\t* At index 0: INVALID_ARGUMENT, 'Entry not found "}, "PKTGEN_ADMIT": {"pipe0": "err: Error(s):\n\t* At index 0: INVALID_ARGUMENT, 'Entry not found ", "pipe1": "err: Error(s):\n\t* At index 0: INVALID_ARGUMENT, 'Entry not found "}, "PKTGEN_DROP": {"pipe0": "err: Error(s):\n\t* At index 0: INVALID_ARGUMENT, 'Entry not found ", "pipe1": "err: Error(s):\n\t* At index 0: INVALID_ARGUMENT, 'Entry not found "}}, "ctr_deq_per_pipe": {"BLOCK_LOOP": {"pipe0": "err: Error(s):\n\t* At index 0: INVALID_ARGUMENT, 'Entry not found ", "pipe1": "err: Error(s):\n\t* At index 0: INVALID_ARGUMENT, 'Entry not found "}, "BLOCK_TERM_STALE": {"pipe0": "err: Error(s):\n\t* At index 0: INVALID_ARGUMENT, 'Entry not found ", "pipe1": "err: Error(s):\n\t* At index 0: INVALID_ARGUMENT, 'Entry not found "}, "BLOCK_TERM_DL": {"pipe0": "err: Error(s):\n\t* At index 0: INVALID_ARGUMENT, 'Entry not found ", "pipe1": "err: Error(s):\n\t* At index 0: INVALID_ARGUMENT, 'Entry not found "}, "BLOCK_TERM_TMO": {"pipe0": "err: Error(s):\n\t* At index 0: INVALID_ARGUMENT, 'Entry not found ", "pipe1": "err: Error(s):\n\t* At index 0: INVALID_ARGUMENT, 'Entry not found "}, "RELEASE_DEADLINE": {"pipe0": "err: Error(s):\n\t* At index 0: INVALID_ARGUMENT, 'Entry not found ", "pipe1": "err: Error(s):\n\t* At index 0: INVALID_ARGUMENT, 'Entry not found "}, "RELEASE_FAILOPEN": {"pipe0": "err: Error(s):\n\t* At index 0: INVALID_ARGUMENT, 'Entry not found ", "pipe1": "err: Error(s):\n\t* At index 0: INVALID_ARGUMENT, 'Entry not found "}, "ACK_RELEASE": {"pipe0": "err: Error(s):\n\t* At index 0: INVALID_ARGUMENT, 'Entry not found ", "pipe1": "err: Error(s):\n\t* At index 0: INVALID_ARGUMENT, 'Entry not found "}}}, "armed_utc": "2026-07-29T19:45:22Z", "after": {"n_pipes_probed": 2, "app_block_per_pipe": {"pipe0": {"app_enable": false, "trigger_counter": 0, "batch_counter": 0, "pkt_counter": 0}, "pipe1": {"app_enable": false, "trigger_counter": 0, "batch_counter": 0, "pkt_counter": 0}}, "app_event_per_pipe": {"pipe0": {"app_enable": false, "trigger_counter": 1, "batch_counter": 1, "pkt_counter": 1}, "pipe1": {"app_enable": false, "trigger_counter": 1, "batch_counter": 1, "pkt_counter": 1}}, "app_block_device": {"app_enable": false, "trigger_counter": 0, "batch_counter": 0, "pkt_counter": 0, "pkt_len": 60, "pkt_buffer_offset": 0, "ipg": 0, "ibg": 0, "batch_count_cfg": 0, "packets_per_batch_cfg": 63, "increment_source_port": false, "pipe_local_source_port": 68}, "app_event_device": {"app_enable": false, "trigger_counter": 2, "batch_counter": 2, "pkt_counter": 2, "pkt_len": 66, "pkt_buffer_offset": 128, "ipg": 500000, "ibg": 0, "batch_count_cfg": 0, "packets_per_batch_cfg": 0, "increment_source_port": false, "pipe_local_source_port": 68}, "regs_per_pipe": {"reg_tag": {"pipe0": 255, "pipe1": 255}, "reg_deadline": {"pipe0": 2, "pipe1": 0}, "reg_ack_rel": {"pipe0": 0, "pipe1": 0}, "reg_exp_relay_seq": {"pipe0": 287454020, "pipe1": 287454020}, "reg_exp_ack": {"pipe0": 287454038, "pipe1": 0}, "reg_session_port": {"pipe0": 51000, "pipe1": 51000}, "reg_ts_read": {"pipe0": 552489755, "pipe1": 0}, "reg_ts_first_block": {"pipe0": 0, "pipe1": 0}, "reg_ts_ack_arm": {"pipe0": 0, "pipe1": 0}, "reg_ts_block_term": {"pipe0": 0, "pipe1": 0}, "reg_ts_ack_release": {"pipe0": 0, "pipe1": 0}}, "regs_device_maxcollapse": {"reg_tag": 255, "reg_deadline": 2, "reg_exp_ack": 287454038}, "ctr_fresh_per_pipe": {"BYPASS_FWD": {"pipe0": "err: Error(s):\n\t* At index 0: INVALID_ARGUMENT, 'Entry not found ", "pipe1": "err: Error(s):\n\t* At index 0: INVALID_ARGUMENT, 'Entry not found "}, "BAD_PORT": {"pipe0": "err: Error(s):\n\t* At index 0: INVALID_ARGUMENT, 'Entry not found ", "pipe1": "err: Error(s):\n\t* At index 0: INVALID_ARGUMENT, 'Entry not found "}, "ARM_FRESH": {"pipe0": "err: Error(s):\n\t* At index 0: INVALID_ARGUMENT, 'Entry not found ", "pipe1": "err: Error(s):\n\t* At index 0: INVALID_ARGUMENT, 'Entry not found "}, "ARM_DUP": {"pipe0": "err: Error(s):\n\t* At index 0: INVALID_ARGUMENT, 'Entry not found ", "pipe1": "err: Error(s):\n\t* At index 0: INVALID_ARGUMENT, 'Entry not found "}, "ARM_BUSY": {"pipe0": "err: Error(s):\n\t* At index 0: INVALID_ARGUMENT, 'Entry not found ", "pipe1": "err: Error(s):\n\t* At index 0: INVALID_ARGUMENT, 'Entry not found "}, "ACK_HOLD": {"pipe0": "err: Error(s):\n\t* At index 0: INVALID_ARGUMENT, 'Entry not found ", "pipe1": "err: Error(s):\n\t* At index 0: INVALID_ARGUMENT, 'Entry not found "}, "ACK_DUP_HOLD": {"pipe0": "err: Error(s):\n\t* At index 0: INVALID_ARGUMENT, 'Entry not found ", "pipe1": "err: Error(s):\n\t* At index 0: INVALID_ARGUMENT, 'Entry not found "}, "ACK_REJECT": {"pipe0": "err: Error(s):\n\t* At index 0: INVALID_ARGUMENT, 'Entry not found ", "pipe1": "err: Error(s):\n\t* At index 0: INVALID_ARGUMENT, 'Entry not found "}, "RESP_HOLD_EARLY": {"pipe0": "err: Error(s):\n\t* At index 0: INVALID_ARGUMENT, 'Entry not found ", "pipe1": "err: Error(s):\n\t* At index 0: INVALID_ARGUMENT, 'Entry not found "}, "RESP_HOLD_LATE": {"pipe0": "err: Error(s):\n\t* At index 0: INVALID_ARGUMENT, 'Entry not found ", "pipe1": "err: Error(s):\n\t* At index 0: INVALID_ARGUMENT, 'Entry not found "}, "RESP_BYPASS": {"pipe0": "err: Error(s):\n\t* At index 0: INVALID_ARGUMENT, 'Entry not found ", "pipe1": "err: Error(s):\n\t* At index 0: INVALID_ARGUMENT, 'Entry not found "}, "UNSUP_SEG": {"pipe0": "err: Error(s):\n\t* At index 0: INVALID_ARGUMENT, 'Entry not found ", "pipe1": "err: Error(s):\n\t* At index 0: INVALID_ARGUMENT, 'Entry not found "}, "BLOCK_ENQ": {"pipe0": "err: Error(s):\n\t* At index 0: INVALID_ARGUMENT, 'Entry not found ", "pipe1": "err: Error(s):\n\t* At index 0: INVALID_ARGUMENT, 'Entry not found "}, "PKTGEN_ADMIT": {"pipe0": "err: Error(s):\n\t* At index 0: INVALID_ARGUMENT, 'Entry not found ", "pipe1": "err: Error(s):\n\t* At index 0: INVALID_ARGUMENT, 'Entry not found "}, "PKTGEN_DROP": {"pipe0": "err: Error(s):\n\t* At index 0: INVALID_ARGUMENT, 'Entry not found ", "pipe1": "err: Error(s):\n\t* At index 0: INVALID_ARGUMENT, 'Entry not found "}}, "ctr_deq_per_pipe": {"BLOCK_LOOP": {"pipe0": "err: Error(s):\n\t* At index 0: INVALID_ARGUMENT, 'Entry not found ", "pipe1": "err: Error(s):\n\t* At index 0: INVALID_ARGUMENT, 'Entry not found "}, "BLOCK_TERM_STALE": {"pipe0": "err: Error(s):\n\t* At index 0: INVALID_ARGUMENT, 'Entry not found ", "pipe1": "err: Error(s):\n\t* At index 0: INVALID_ARGUMENT, 'Entry not found "}, "BLOCK_TERM_DL": {"pipe0": "err: Error(s):\n\t* At index 0: INVALID_ARGUMENT, 'Entry not found ", "pipe1": "err: Error(s):\n\t* At index 0: INVALID_ARGUMENT, 'Entry not found "}, "BLOCK_TERM_TMO": {"pipe0": "err: Error(s):\n\t* At index 0: INVALID_ARGUMENT, 'Entry not found ", "pipe1": "err: Error(s):\n\t* At index 0: INVALID_ARGUMENT, 'Entry not found "}, "RELEASE_DEADLINE": {"pipe0": "err: Error(s):\n\t* At index 0: INVALID_ARGUMENT, 'Entry not found ", "pipe1": "err: Error(s):\n\t* At index 0: INVALID_ARGUMENT, 'Entry not found "}, "RELEASE_FAILOPEN": {"pipe0": "err: Error(s):\n\t* At index 0: INVALID_ARGUMENT, 'Entry not found ", "pipe1": "err: Error(s):\n\t* At index 0: INVALID_ARGUMENT, 'Entry not found "}, "ACK_RELEASE": {"pipe0": "err: Error(s):\n\t* At index 0: INVALID_ARGUMENT, 'Entry not found ", "pipe1": "err: Error(s):\n\t* At index 0: INVALID_ARGUMENT, 'Entry not found "}}}}, "A1_read_app1_enabled": {"arm": "A1_read_app1_enabled", "plan": {"n_events": 1, "role_map": {"0": "READ"}, "app1_recirc_enabled": true, "app1_timer_armed": false}, "before": {"n_pipes_probed": 2, "app_block_per_pipe": {"pipe0": {"app_enable": false, "trigger_counter": 0, "batch_counter": 0, "pkt_counter": 0}, "pipe1": {"app_enable": false, "trigger_counter": 0, "batch_counter": 0, "pkt_counter": 0}}, "app_event_per_pipe": {"pipe0": {"app_enable": false, "trigger_counter": 0, "batch_counter": 0, "pkt_counter": 0}, "pipe1": {"app_enable": false, "trigger_counter": 0, "batch_counter": 0, "pkt_counter": 0}}, "app_block_device": {"app_enable": false, "trigger_counter": 0, "batch_counter": 0, "pkt_counter": 0, "pkt_len": 60, "pkt_buffer_offset": 0, "ipg": 0, "ibg": 0, "batch_count_cfg": 0, "packets_per_batch_cfg": 63, "increment_source_port": false, "pipe_local_source_port": 68}, "app_event_device": {"app_enable": false, "trigger_counter": 0, "batch_counter": 0, "pkt_counter": 0, "pkt_len": 66, "pkt_buffer_offset": 128, "ipg": 500000, "ibg": 0, "batch_count_cfg": 0, "packets_per_batch_cfg": 0, "increment_source_port": false, "pipe_local_source_port": 68}, "regs_per_pipe": {"reg_tag": {"pipe0": 255, "pipe1": 255}, "reg_deadline": {"pipe0": 0, "pipe1": 0}, "reg_ack_rel": {"pipe0": 0, "pipe1": 0}, "reg_exp_relay_seq": {"pipe0": 287454020, "pipe1": 287454020}, "reg_exp_ack": {"pipe0": 0, "pipe1": 0}, "reg_session_port": {"pipe0": 51000, "pipe1": 51000}, "reg_ts_read": {"pipe0": 0, "pipe1": 0}, "reg_ts_first_block": {"pipe0": 0, "pipe1": 0}, "reg_ts_ack_arm": {"pipe0": 0, "pipe1": 0}, "reg_ts_block_term": {"pipe0": 0, "pipe1": 0}, "reg_ts_ack_release": {"pipe0": 0, "pipe1": 0}}, "regs_device_maxcollapse": {"reg_tag": 255, "reg_deadline": 0, "reg_exp_ack": 0}, "ctr_fresh_per_pipe": {"BYPASS_FWD": {"pipe0": "err: Error(s):\n\t* At index 0: INVALID_ARGUMENT, 'Entry not found ", "pipe1": "err: Error(s):\n\t* At index 0: INVALID_ARGUMENT, 'Entry not found "}, "BAD_PORT": {"pipe0": "err: Error(s):\n\t* At index 0: INVALID_ARGUMENT, 'Entry not found ", "pipe1": "err: Error(s):\n\t* At index 0: INVALID_ARGUMENT, 'Entry not found "}, "ARM_FRESH": {"pipe0": "err: Error(s):\n\t* At index 0: INVALID_ARGUMENT, 'Entry not found ", "pipe1": "err: Error(s):\n\t* At index 0: INVALID_ARGUMENT, 'Entry not found "}, "ARM_DUP": {"pipe0": "err: Error(s):\n\t* At index 0: INVALID_ARGUMENT, 'Entry not found ", "pipe1": "err: Error(s):\n\t* At index 0: INVALID_ARGUMENT, 'Entry not found "}, "ARM_BUSY": {"pipe0": "err: Error(s):\n\t* At index 0: INVALID_ARGUMENT, 'Entry not found ", "pipe1": "err: Error(s):\n\t* At index 0: INVALID_ARGUMENT, 'Entry not found "}, "ACK_HOLD": {"pipe0": "err: Error(s):\n\t* At index 0: INVALID_ARGUMENT, 'Entry not found ", "pipe1": "err: Error(s):\n\t* At index 0: INVALID_ARGUMENT, 'Entry not found "}, "ACK_DUP_HOLD": {"pipe0": "err: Error(s):\n\t* At index 0: INVALID_ARGUMENT, 'Entry not found ", "pipe1": "err: Error(s):\n\t* At index 0: INVALID_ARGUMENT, 'Entry not found "}, "ACK_REJECT": {"pipe0": "err: Error(s):\n\t* At index 0: INVALID_ARGUMENT, 'Entry not found ", "pipe1": "err: Error(s):\n\t* At index 0: INVALID_ARGUMENT, 'Entry not found "}, "RESP_HOLD_EARLY": {"pipe0": "err: Error(s):\n\t* At index 0: INVALID_ARGUMENT, 'Entry not found ", "pipe1": "err: Error(s):\n\t* At index 0: INVALID_ARGUMENT, 'Entry not found "}, "RESP_HOLD_LATE": {"pipe0": "err: Error(s):\n\t* At index 0: INVALID_ARGUMENT, 'Entry not found ", "pipe1": "err: Error(s):\n\t* At index 0: INVALID_ARGUMENT, 'Entry not found "}, "RESP_BYPASS": {"pipe0": "err: Error(s):\n\t* At index 0: INVALID_ARGUMENT, 'Entry not found ", "pipe1": "err: Error(s):\n\t* At index 0: INVALID_ARGUMENT, 'Entry not found "}, "UNSUP_SEG": {"pipe0": "err: Error(s):\n\t* At index 0: INVALID_ARGUMENT, 'Entry not found ", "pipe1": "err: Error(s):\n\t* At index 0: INVALID_ARGUMENT, 'Entry not found "}, "BLOCK_ENQ": {"pipe0": "err: Error(s):\n\t* At index 0: INVALID_ARGUMENT, 'Entry not found ", "pipe1": "err: Error(s):\n\t* At index 0: INVALID_ARGUMENT, 'Entry not found "}, "PKTGEN_ADMIT": {"pipe0": "err: Error(s):\n\t* At index 0: INVALID_ARGUMENT, 'Entry not found ", "pipe1": "err: Error(s):\n\t* At index 0: INVALID_ARGUMENT, 'Entry not found "}, "PKTGEN_DROP": {"pipe0": "err: Error(s):\n\t* At index 0: INVALID_ARGUMENT, 'Entry not found ", "pipe1": "err: Error(s):\n\t* At index 0: INVALID_ARGUMENT, 'Entry not found "}}, "ctr_deq_per_pipe": {"BLOCK_LOOP": {"pipe0": "err: Error(s):\n\t* At index 0: INVALID_ARGUMENT, 'Entry not found ", "pipe1": "err: Error(s):\n\t* At index 0: INVALID_ARGUMENT, 'Entry not found "}, "BLOCK_TERM_STALE": {"pipe0": "err: Error(s):\n\t* At index 0: INVALID_ARGUMENT, 'Entry not found ", "pipe1": "err: Error(s):\n\t* At index 0: INVALID_ARGUMENT, 'Entry not found "}, "BLOCK_TERM_DL": {"pipe0": "err: Error(s):\n\t* At index 0: INVALID_ARGUMENT, 'Entry not found ", "pipe1": "err: Error(s):\n\t* At index 0: INVALID_ARGUMENT, 'Entry not found "}, "BLOCK_TERM_TMO": {"pipe0": "err: Error(s):\n\t* At index 0: INVALID_ARGUMENT, 'Entry not found ", "pipe1": "err: Error(s):\n\t* At index 0: INVALID_ARGUMENT, 'Entry not found "}, "RELEASE_DEADLINE": {"pipe0": "err: Error(s):\n\t* At index 0: INVALID_ARGUMENT, 'Entry not found ", "pipe1": "err: Error(s):\n\t* At index 0: INVALID_ARGUMENT, 'Entry not found "}, "RELEASE_FAILOPEN": {"pipe0": "err: Error(s):\n\t* At index 0: INVALID_ARGUMENT, 'Entry not found ", "pipe1": "err: Error(s):\n\t* At index 0: INVALID_ARGUMENT, 'Entry not found "}, "ACK_RELEASE": {"pipe0": "err: Error(s):\n\t* At index 0: INVALID_ARGUMENT, 'Entry not found ", "pipe1": "err: Error(s):\n\t* At index 0: INVALID_ARGUMENT, 'Entry not found "}}}, "armed_utc": "2026-07-29T19:45:24Z", "after": {"n_pipes_probed": 2, "app_block_per_pipe": {"pipe0": {"app_enable": false, "trigger_counter": 1, "batch_counter": 1, "pkt_counter": 64}, "pipe1": {"app_enable": false, "trigger_counter": 0, "batch_counter": 0, "pkt_counter": 0}}, "app_event_per_pipe": {"pipe0": {"app_enable": false, "trigger_counter": 1, "batch_counter": 1, "pkt_counter": 1}, "pipe1": {"app_enable": false, "trigger_counter": 1, "batch_counter": 1, "pkt_counter": 1}}, "app_block_device": {"app_enable": false, "trigger_counter": 1, "batch_counter": 1, "pkt_counter": 64, "pkt_len": 60, "pkt_buffer_offset": 0, "ipg": 0, "ibg": 0, "batch_count_cfg": 0, "packets_per_batch_cfg": 63, "increment_source_port": false, "pipe_local_source_port": 68}, "app_event_device": {"app_enable": false, "trigger_counter": 2, "batch_counter": 2, "pkt_counter": 2, "pkt_len": 66, "pkt_buffer_offset": 128, "ipg": 500000, "ibg": 0, "batch_count_cfg": 0, "packets_per_batch_cfg": 0, "increment_source_port": false, "pipe_local_source_port": 68}, "regs_per_pipe": {"reg_tag": {"pipe0": 255, "pipe1": 255}, "reg_deadline": {"pipe0": 2, "pipe1": 0}, "reg_ack_rel": {"pipe0": 0, "pipe1": 0}, "reg_exp_relay_seq": {"pipe0": 287454020, "pipe1": 287454020}, "reg_exp_ack": {"pipe0": 287454038, "pipe1": 0}, "reg_session_port": {"pipe0": 51000, "pipe1": 51000}, "reg_ts_read": {"pipe0": 3271291654, "pipe1": 0}, "reg_ts_first_block": {"pipe0": 0, "pipe1": 0}, "reg_ts_ack_arm": {"pipe0": 0, "pipe1": 0}, "reg_ts_block_term": {"pipe0": 0, "pipe1": 0}, "reg_ts_ack_release": {"pipe0": 0, "pipe1": 0}}, "regs_device_maxcollapse": {"reg_tag": 255, "reg_deadline": 2, "reg_exp_ack": 287454038}, "ctr_fresh_per_pipe": {"BYPASS_FWD": {"pipe0": "err: Error(s):\n\t* At index 0: INVALID_ARGUMENT, 'Entry not found ", "pipe1": "err: Error(s):\n\t* At index 0: INVALID_ARGUMENT, 'Entry not found "}, "BAD_PORT": {"pipe0": "err: Error(s):\n\t* At index 0: INVALID_ARGUMENT, 'Entry not found ", "pipe1": "err: Error(s):\n\t* At index 0: INVALID_ARGUMENT, 'Entry not found "}, "ARM_FRESH": {"pipe0": "err: Error(s):\n\t* At index 0: INVALID_ARGUMENT, 'Entry not found ", "pipe1": "err: Error(s):\n\t* At index 0: INVALID_ARGUMENT, 'Entry not found "}, "ARM_DUP": {"pipe0": "err: Error(s):\n\t* At index 0: INVALID_ARGUMENT, 'Entry not found ", "pipe1": "err: Error(s):\n\t* At index 0: INVALID_ARGUMENT, 'Entry not found "}, "ARM_BUSY": {"pipe0": "err: Error(s):\n\t* At index 0: INVALID_ARGUMENT, 'Entry not found ", "pipe1": "err: Error(s):\n\t* At index 0: INVALID_ARGUMENT, 'Entry not found "}, "ACK_HOLD": {"pipe0": "err: Error(s):\n\t* At index 0: INVALID_ARGUMENT, 'Entry not found ", "pipe1": "err: Error(s):\n\t* At index 0: INVALID_ARGUMENT, 'Entry not found "}, "ACK_DUP_HOLD": {"pipe0": "err: Error(s):\n\t* At index 0: INVALID_ARGUMENT, 'Entry not found ", "pipe1": "err: Error(s):\n\t* At index 0: INVALID_ARGUMENT, 'Entry not found "}, "ACK_REJECT": {"pipe0": "err: Error(s):\n\t* At index 0: INVALID_ARGUMENT, 'Entry not found ", "pipe1": "err: Error(s):\n\t* At index 0: INVALID_ARGUMENT, 'Entry not found "}, "RESP_HOLD_EARLY": {"pipe0": "err: Error(s):\n\t* At index 0: INVALID_ARGUMENT, 'Entry not found ", "pipe1": "err: Error(s):\n\t* At index 0: INVALID_ARGUMENT, 'Entry not found "}, "RESP_HOLD_LATE": {"pipe0": "err: Error(s):\n\t* At index 0: INVALID_ARGUMENT, 'Entry not found ", "pipe1": "err: Error(s):\n\t* At index 0: INVALID_ARGUMENT, 'Entry not found "}, "RESP_BYPASS": {"pipe0": "err: Error(s):\n\t* At index 0: INVALID_ARGUMENT, 'Entry not found ", "pipe1": "err: Error(s):\n\t* At index 0: INVALID_ARGUMENT, 'Entry not found "}, "UNSUP_SEG": {"pipe0": "err: Error(s):\n\t* At index 0: INVALID_ARGUMENT, 'Entry not found ", "pipe1": "err: Error(s):\n\t* At index 0: INVALID_ARGUMENT, 'Entry not found "}, "BLOCK_ENQ": {"pipe0": "err: Error(s):\n\t* At index 0: INVALID_ARGUMENT, 'Entry not found ", "pipe1": "err: Error(s):\n\t* At index 0: INVALID_ARGUMENT, 'Entry not found "}, "PKTGEN_ADMIT": {"pipe0": "err: Error(s):\n\t* At index 0: INVALID_ARGUMENT, 'Entry not found ", "pipe1": "err: Error(s):\n\t* At index 0: INVALID_ARGUMENT, 'Entry not found "}, "PKTGEN_DROP": {"pipe0": "err: Error(s):\n\t* At index 0: INVALID_ARGUMENT, 'Entry not found ", "pipe1": "err: Error(s):\n\t* At index 0: INVALID_ARGUMENT, 'Entry not found "}}, "ctr_deq_per_pipe": {"BLOCK_LOOP": {"pipe0": "err: Error(s):\n\t* At index 0: INVALID_ARGUMENT, 'Entry not found ", "pipe1": "err: Error(s):\n\t* At index 0: INVALID_ARGUMENT, 'Entry not found "}, "BLOCK_TERM_STALE": {"pipe0": "err: Error(s):\n\t* At index 0: INVALID_ARGUMENT, 'Entry not found ", "pipe1": "err: Error(s):\n\t* At index 0: INVALID_ARGUMENT, 'Entry not found "}, "BLOCK_TERM_DL": {"pipe0": "err: Error(s):\n\t* At index 0: INVALID_ARGUMENT, 'Entry not found ", "pipe1": "err: Error(s):\n\t* At index 0: INVALID_ARGUMENT, 'Entry not found "}, "BLOCK_TERM_TMO": {"pipe0": "err: Error(s):\n\t* At index 0: INVALID_ARGUMENT, 'Entry not found ", "pipe1": "err: Error(s):\n\t* At index 0: INVALID_ARGUMENT, 'Entry not found "}, "RELEASE_DEADLINE": {"pipe0": "err: Error(s):\n\t* At index 0: INVALID_ARGUMENT, 'Entry not found ", "pipe1": "err: Error(s):\n\t* At index 0: INVALID_ARGUMENT, 'Entry not found "}, "RELEASE_FAILOPEN": {"pipe0": "err: Error(s):\n\t* At index 0: INVALID_ARGUMENT, 'Entry not found ", "pipe1": "err: Error(s):\n\t* At index 0: INVALID_ARGUMENT, 'Entry not found "}, "ACK_RELEASE": {"pipe0": "err: Error(s):\n\t* At index 0: INVALID_ARGUMENT, 'Entry not found ", "pipe1": "err: Error(s):\n\t* At index 0: INVALID_ARGUMENT, 'Entry not found "}}}}, "A2_read_ack_app1_disabled": {"arm": "A2_read_ack_app1_disabled", "plan": {"n_events": 2, "role_map": {"0": "READ", "1": "ACK"}, "app1_recirc_enabled": false, "app1_timer_armed": false}, "before": {"n_pipes_probed": 2, "app_block_per_pipe": {"pipe0": {"app_enable": false, "trigger_counter": 0, "batch_counter": 0, "pkt_counter": 0}, "pipe1": {"app_enable": false, "trigger_counter": 0, "batch_counter": 0, "pkt_counter": 0}}, "app_event_per_pipe": {"pipe0": {"app_enable": false, "trigger_counter": 0, "batch_counter": 0, "pkt_counter": 0}, "pipe1": {"app_enable": false, "trigger_counter": 0, "batch_counter": 0, "pkt_counter": 0}}, "app_block_device": {"app_enable": false, "trigger_counter": 0, "batch_counter": 0, "pkt_counter": 0, "pkt_len": 60, "pkt_buffer_offset": 0, "ipg": 0, "ibg": 0, "batch_count_cfg": 0, "packets_per_batch_cfg": 63, "increment_source_port": false, "pipe_local_source_port": 68}, "app_event_device": {"app_enable": false, "trigger_counter": 0, "batch_counter": 0, "pkt_counter": 0, "pkt_len": 66, "pkt_buffer_offset": 128, "ipg": 500000, "ibg": 0, "batch_count_cfg": 0, "packets_per_batch_cfg": 1, "increment_source_port": false, "pipe_local_source_port": 68}, "regs_per_pipe": {"reg_tag": {"pipe0": 255, "pipe1": 255}, "reg_deadline": {"pipe0": 0, "pipe1": 0}, "reg_ack_rel": {"pipe0": 0, "pipe1": 0}, "reg_exp_relay_seq": {"pipe0": 287454020, "pipe1": 287454020}, "reg_exp_ack": {"pipe0": 0, "pipe1": 0}, "reg_session_port": {"pipe0": 51000, "pipe1": 51000}, "reg_ts_read": {"pipe0": 0, "pipe1": 0}, "reg_ts_first_block": {"pipe0": 0, "pipe1": 0}, "reg_ts_ack_arm": {"pipe0": 0, "pipe1": 0}, "reg_ts_block_term": {"pipe0": 0, "pipe1": 0}, "reg_ts_ack_release": {"pipe0": 0, "pipe1": 0}}, "regs_device_maxcollapse": {"reg_tag": 255, "reg_deadline": 0, "reg_exp_ack": 0}, "ctr_fresh_per_pipe": {"BYPASS_FWD": {"pipe0": "err: Error(s):\n\t* At index 0: INVALID_ARGUMENT, 'Entry not found ", "pipe1": "err: Error(s):\n\t* At index 0: INVALID_ARGUMENT, 'Entry not found "}, "BAD_PORT": {"pipe0": "err: Error(s):\n\t* At index 0: INVALID_ARGUMENT, 'Entry not found ", "pipe1": "err: Error(s):\n\t* At index 0: INVALID_ARGUMENT, 'Entry not found "}, "ARM_FRESH": {"pipe0": "err: Error(s):\n\t* At index 0: INVALID_ARGUMENT, 'Entry not found ", "pipe1": "err: Error(s):\n\t* At index 0: INVALID_ARGUMENT, 'Entry not found "}, "ARM_DUP": {"pipe0": "err: Error(s):\n\t* At index 0: INVALID_ARGUMENT, 'Entry not found ", "pipe1": "err: Error(s):\n\t* At index 0: INVALID_ARGUMENT, 'Entry not found "}, "ARM_BUSY": {"pipe0": "err: Error(s):\n\t* At index 0: INVALID_ARGUMENT, 'Entry not found ", "pipe1": "err: Error(s):\n\t* At index 0: INVALID_ARGUMENT, 'Entry not found "}, "ACK_HOLD": {"pipe0": "err: Error(s):\n\t* At index 0: INVALID_ARGUMENT, 'Entry not found ", "pipe1": "err: Error(s):\n\t* At index 0: INVALID_ARGUMENT, 'Entry not found "}, "ACK_DUP_HOLD": {"pipe0": "err: Error(s):\n\t* At index 0: INVALID_ARGUMENT, 'Entry not found ", "pipe1": "err: Error(s):\n\t* At index 0: INVALID_ARGUMENT, 'Entry not found "}, "ACK_REJECT": {"pipe0": "err: Error(s):\n\t* At index 0: INVALID_ARGUMENT, 'Entry not found ", "pipe1": "err: Error(s):\n\t* At index 0: INVALID_ARGUMENT, 'Entry not found "}, "RESP_HOLD_EARLY": {"pipe0": "err: Error(s):\n\t* At index 0: INVALID_ARGUMENT, 'Entry not found ", "pipe1": "err: Error(s):\n\t* At index 0: INVALID_ARGUMENT, 'Entry not found "}, "RESP_HOLD_LATE": {"pipe0": "err: Error(s):\n\t* At index 0: INVALID_ARGUMENT, 'Entry not found ", "pipe1": "err: Error(s):\n\t* At index 0: INVALID_ARGUMENT, 'Entry not found "}, "RESP_BYPASS": {"pipe0": "err: Error(s):\n\t* At index 0: INVALID_ARGUMENT, 'Entry not found ", "pipe1": "err: Error(s):\n\t* At index 0: INVALID_ARGUMENT, 'Entry not found "}, "UNSUP_SEG": {"pipe0": "err: Error(s):\n\t* At index 0: INVALID_ARGUMENT, 'Entry not found ", "pipe1": "err: Error(s):\n\t* At index 0: INVALID_ARGUMENT, 'Entry not found "}, "BLOCK_ENQ": {"pipe0": "err: Error(s):\n\t* At index 0: INVALID_ARGUMENT, 'Entry not found ", "pipe1": "err: Error(s):\n\t* At index 0: INVALID_ARGUMENT, 'Entry not found "}, "PKTGEN_ADMIT": {"pipe0": "err: Error(s):\n\t* At index 0: INVALID_ARGUMENT, 'Entry not found ", "pipe1": "err: Error(s):\n\t* At index 0: INVALID_ARGUMENT, 'Entry not found "}, "PKTGEN_DROP": {"pipe0": "err: Error(s):\n\t* At index 0: INVALID_ARGUMENT, 'Entry not found ", "pipe1": "err: Error(s):\n\t* At index 0: INVALID_ARGUMENT, 'Entry not found "}}, "ctr_deq_per_pipe": {"BLOCK_LOOP": {"pipe0": "err: Error(s):\n\t* At index 0: INVALID_ARGUMENT, 'Entry not found ", "pipe1": "err: Error(s):\n\t* At index 0: INVALID_ARGUMENT, 'Entry not found "}, "BLOCK_TERM_STALE": {"pipe0": "err: Error(s):\n\t* At index 0: INVALID_ARGUMENT, 'Entry not found ", "pipe1": "err: Error(s):\n\t* At index 0: INVALID_ARGUMENT, 'Entry not found "}, "BLOCK_TERM_DL": {"pipe0": "err: Error(s):\n\t* At index 0: INVALID_ARGUMENT, 'Entry not found ", "pipe1": "err: Error(s):\n\t* At index 0: INVALID_ARGUMENT, 'Entry not found "}, "BLOCK_TERM_TMO": {"pipe0": "err: Error(s):\n\t* At index 0: INVALID_ARGUMENT, 'Entry not found ", "pipe1": "err: Error(s):\n\t* At index 0: INVALID_ARGUMENT, 'Entry not found "}, "RELEASE_DEADLINE": {"pipe0": "err: Error(s):\n\t* At index 0: INVALID_ARGUMENT, 'Entry not found ", "pipe1": "err: Error(s):\n\t* At index 0: INVALID_ARGUMENT, 'Entry not found "}, "RELEASE_FAILOPEN": {"pipe0": "err: Error(s):\n\t* At index 0: INVALID_ARGUMENT, 'Entry not found ", "pipe1": "err: Error(s):\n\t* At index 0: INVALID_ARGUMENT, 'Entry not found "}, "ACK_RELEASE": {"pipe0": "err: Error(s):\n\t* At index 0: INVALID_ARGUMENT, 'Entry not found ", "pipe1": "err: Error(s):\n\t* At index 0: INVALID_ARGUMENT, 'Entry not found "}}}, "armed_utc": "2026-07-29T19:45:27Z", "after": {"n_pipes_probed": 2, "app_block_per_pipe": {"pipe0": {"app_enable": false, "trigger_counter": 0, "batch_counter": 0, "pkt_counter": 0}, "pipe1": {"app_enable": false, "trigger_counter": 0, "batch_counter": 0, "pkt_counter": 0}}, "app_event_per_pipe": {"pipe0": {"app_enable": false, "trigger_counter": 1, "batch_counter": 1, "pkt_counter": 2}, "pipe1": {"app_enable": false, "trigger_counter": 1, "batch_counter": 1, "pkt_counter": 1}}, "app_block_device": {"app_enable": false, "trigger_counter": 0, "batch_counter": 0, "pkt_counter": 0, "pkt_len": 60, "pkt_buffer_offset": 0, "ipg": 0, "ibg": 0, "batch_count_cfg": 0, "packets_per_batch_cfg": 63, "increment_source_port": false, "pipe_local_source_port": 68}, "app_event_device": {"app_enable": false, "trigger_counter": 2, "batch_counter": 2, "pkt_counter": 3, "pkt_len": 66, "pkt_buffer_offset": 128, "ipg": 500000, "ibg": 0, "batch_count_cfg": 0, "packets_per_batch_cfg": 1, "increment_source_port": false, "pipe_local_source_port": 68}, "regs_per_pipe": {"reg_tag": {"pipe0": 255, "pipe1": 255}, "reg_deadline": {"pipe0": 2, "pipe1": 0}, "reg_ack_rel": {"pipe0": 0, "pipe1": 0}, "reg_exp_relay_seq": {"pipe0": 287454020, "pipe1": 287454020}, "reg_exp_ack": {"pipe0": 287454038, "pipe1": 0}, "reg_session_port": {"pipe0": 51000, "pipe1": 51000}, "reg_ts_read": {"pipe0": 1707700512, "pipe1": 0}, "reg_ts_first_block": {"pipe0": 0, "pipe1": 0}, "reg_ts_ack_arm": {"pipe0": 0, "pipe1": 0}, "reg_ts_block_term": {"pipe0": 0, "pipe1": 0}, "reg_ts_ack_release": {"pipe0": 0, "pipe1": 0}}, "regs_device_maxcollapse": {"reg_tag": 255, "reg_deadline": 2, "reg_exp_ack": 287454038}, "ctr_fresh_per_pipe": {"BYPASS_FWD": {"pipe0": "err: Error(s):\n\t* At index 0: INVALID_ARGUMENT, 'Entry not found ", "pipe1": "err: Error(s):\n\t* At index 0: INVALID_ARGUMENT, 'Entry not found "}, "BAD_PORT": {"pipe0": "err: Error(s):\n\t* At index 0: INVALID_ARGUMENT, 'Entry not found ", "pipe1": "err: Error(s):\n\t* At index 0: INVALID_ARGUMENT, 'Entry not found "}, "ARM_FRESH": {"pipe0": "err: Error(s):\n\t* At index 0: INVALID_ARGUMENT, 'Entry not found ", "pipe1": "err: Error(s):\n\t* At index 0: INVALID_ARGUMENT, 'Entry not found "}, "ARM_DUP": {"pipe0": "err: Error(s):\n\t* At index 0: INVALID_ARGUMENT, 'Entry not found ", "pipe1": "err: Error(s):\n\t* At index 0: INVALID_ARGUMENT, 'Entry not found "}, "ARM_BUSY": {"pipe0": "err: Error(s):\n\t* At index 0: INVALID_ARGUMENT, 'Entry not found ", "pipe1": "err: Error(s):\n\t* At index 0: INVALID_ARGUMENT, 'Entry not found "}, "ACK_HOLD": {"pipe0": "err: Error(s):\n\t* At index 0: INVALID_ARGUMENT, 'Entry not found ", "pipe1": "err: Error(s):\n\t* At index 0: INVALID_ARGUMENT, 'Entry not found "}, "ACK_DUP_HOLD": {"pipe0": "err: Error(s):\n\t* At index 0: INVALID_ARGUMENT, 'Entry not found ", "pipe1": "err: Error(s):\n\t* At index 0: INVALID_ARGUMENT, 'Entry not found "}, "ACK_REJECT": {"pipe0": "err: Error(s):\n\t* At index 0: INVALID_ARGUMENT, 'Entry not found ", "pipe1": "err: Error(s):\n\t* At index 0: INVALID_ARGUMENT, 'Entry not found "}, "RESP_HOLD_EARLY": {"pipe0": "err: Error(s):\n\t* At index 0: INVALID_ARGUMENT, 'Entry not found ", "pipe1": "err: Error(s):\n\t* At index 0: INVALID_ARGUMENT, 'Entry not found "}, "RESP_HOLD_LATE": {"pipe0": "err: Error(s):\n\t* At index 0: INVALID_ARGUMENT, 'Entry not found ", "pipe1": "err: Error(s):\n\t* At index 0: INVALID_ARGUMENT, 'Entry not found "}, "RESP_BYPASS": {"pipe0": "err: Error(s):\n\t* At index 0: INVALID_ARGUMENT, 'Entry not found ", "pipe1": "err: Error(s):\n\t* At index 0: INVALID_ARGUMENT, 'Entry not found "}, "UNSUP_SEG": {"pipe0": "err: Error(s):\n\t* At index 0: INVALID_ARGUMENT, 'Entry not found ", "pipe1": "err: Error(s):\n\t* At index 0: INVALID_ARGUMENT, 'Entry not found "}, "BLOCK_ENQ": {"pipe0": "err: Error(s):\n\t* At index 0: INVALID_ARGUMENT, 'Entry not found ", "pipe1": "err: Error(s):\n\t* At index 0: INVALID_ARGUMENT, 'Entry not found "}, "PKTGEN_ADMIT": {"pipe0": "err: Error(s):\n\t* At index 0: INVALID_ARGUMENT, 'Entry not found ", "pipe1": "err: Error(s):\n\t* At index 0: INVALID_ARGUMENT, 'Entry not found "}, "PKTGEN_DROP": {"pipe0": "err: Error(s):\n\t* At index 0: INVALID_ARGUMENT, 'Entry not found ", "pipe1": "err: Error(s):\n\t* At index 0: INVALID_ARGUMENT, 'Entry not found "}}, "ctr_deq_per_pipe": {"BLOCK_LOOP": {"pipe0": "err: Error(s):\n\t* At index 0: INVALID_ARGUMENT, 'Entry not found ", "pipe1": "err: Error(s):\n\t* At index 0: INVALID_ARGUMENT, 'Entry not found "}, "BLOCK_TERM_STALE": {"pipe0": "err: Error(s):\n\t* At index 0: INVALID_ARGUMENT, 'Entry not found ", "pipe1": "err: Error(s):\n\t* At index 0: INVALID_ARGUMENT, 'Entry not found "}, "BLOCK_TERM_DL": {"pipe0": "err: Error(s):\n\t* At index 0: INVALID_ARGUMENT, 'Entry not found ", "pipe1": "err: Error(s):\n\t* At index 0: INVALID_ARGUMENT, 'Entry not found "}, "BLOCK_TERM_TMO": {"pipe0": "err: Error(s):\n\t* At index 0: INVALID_ARGUMENT, 'Entry not found ", "pipe1": "err: Error(s):\n\t* At index 0: INVALID_ARGUMENT, 'Entry not found "}, "RELEASE_DEADLINE": {"pipe0": "err: Error(s):\n\t* At index 0: INVALID_ARGUMENT, 'Entry not found ", "pipe1": "err: Error(s):\n\t* At index 0: INVALID_ARGUMENT, 'Entry not found "}, "RELEASE_FAILOPEN": {"pipe0": "err: Error(s):\n\t* At index 0: INVALID_ARGUMENT, 'Entry not found ", "pipe1": "err: Error(s):\n\t* At index 0: INVALID_ARGUMENT, 'Entry not found "}, "ACK_RELEASE": {"pipe0": "err: Error(s):\n\t* At index 0: INVALID_ARGUMENT, 'Entry not found ", "pipe1": "err: Error(s):\n\t* At index 0: INVALID_ARGUMENT, 'Entry not found "}}}}, "A3_c2_timer_reservoir": {"arm": "A3_c2_timer_reservoir", "plan": {"n_events": 1, "role_map": {"0": "READ"}, "app1_recirc_enabled": false, "app1_timer_armed": true}, "before": {"n_pipes_probed": 2, "app_block_per_pipe": {"pipe0": {"app_enable": false, "trigger_counter": 0, "batch_counter": 0, "pkt_counter": 0}, "pipe1": {"app_enable": false, "trigger_counter": 0, "batch_counter": 0, "pkt_counter": 0}}, "app_event_per_pipe": {"pipe0": {"app_enable": false, "trigger_counter": 0, "batch_counter": 0, "pkt_counter": 0}, "pipe1": {"app_enable": false, "trigger_counter": 0, "batch_counter": 0, "pkt_counter": 0}}, "app_block_device": {"app_enable": false, "trigger_counter": 0, "batch_counter": 0, "pkt_counter": 0, "pkt_len": 60, "pkt_buffer_offset": 0, "ipg": 0, "ibg": 0, "batch_count_cfg": 0, "packets_per_batch_cfg": 63, "increment_source_port": false, "pipe_local_source_port": 68}, "app_event_device": {"app_enable": false, "trigger_counter": 0, "batch_counter": 0, "pkt_counter": 0, "pkt_len": 66, "pkt_buffer_offset": 128, "ipg": 500000, "ibg": 0, "batch_count_cfg": 0, "packets_per_batch_cfg": 0, "increment_source_port": false, "pipe_local_source_port": 68}, "regs_per_pipe": {"reg_tag": {"pipe0": 255, "pipe1": 255}, "reg_deadline": {"pipe0": 0, "pipe1": 0}, "reg_ack_rel": {"pipe0": 0, "pipe1": 0}, "reg_exp_relay_seq": {"pipe0": 287454020, "pipe1": 287454020}, "reg_exp_ack": {"pipe0": 0, "pipe1": 0}, "reg_session_port": {"pipe0": 51000, "pipe1": 51000}, "reg_ts_read": {"pipe0": 0, "pipe1": 0}, "reg_ts_first_block": {"pipe0": 0, "pipe1": 0}, "reg_ts_ack_arm": {"pipe0": 0, "pipe1": 0}, "reg_ts_block_term": {"pipe0": 0, "pipe1": 0}, "reg_ts_ack_release": {"pipe0": 0, "pipe1": 0}}, "regs_device_maxcollapse": {"reg_tag": 255, "reg_deadline": 0, "reg_exp_ack": 0}, "ctr_fresh_per_pipe": {"BYPASS_FWD": {"pipe0": "err: Error(s):\n\t* At index 0: INVALID_ARGUMENT, 'Entry not found ", "pipe1": "err: Error(s):\n\t* At index 0: INVALID_ARGUMENT, 'Entry not found "}, "BAD_PORT": {"pipe0": "err: Error(s):\n\t* At index 0: INVALID_ARGUMENT, 'Entry not found ", "pipe1": "err: Error(s):\n\t* At index 0: INVALID_ARGUMENT, 'Entry not found "}, "ARM_FRESH": {"pipe0": "err: Error(s):\n\t* At index 0: INVALID_ARGUMENT, 'Entry not found ", "pipe1": "err: Error(s):\n\t* At index 0: INVALID_ARGUMENT, 'Entry not found "}, "ARM_DUP": {"pipe0": "err: Error(s):\n\t* At index 0: INVALID_ARGUMENT, 'Entry not found ", "pipe1": "err: Error(s):\n\t* At index 0: INVALID_ARGUMENT, 'Entry not found "}, "ARM_BUSY": {"pipe0": "err: Error(s):\n\t* At index 0: INVALID_ARGUMENT, 'Entry not found ", "pipe1": "err: Error(s):\n\t* At index 0: INVALID_ARGUMENT, 'Entry not found "}, "ACK_HOLD": {"pipe0": "err: Error(s):\n\t* At index 0: INVALID_ARGUMENT, 'Entry not found ", "pipe1": "err: Error(s):\n\t* At index 0: INVALID_ARGUMENT, 'Entry not found "}, "ACK_DUP_HOLD": {"pipe0": "err: Error(s):\n\t* At index 0: INVALID_ARGUMENT, 'Entry not found ", "pipe1": "err: Error(s):\n\t* At index 0: INVALID_ARGUMENT, 'Entry not found "}, "ACK_REJECT": {"pipe0": "err: Error(s):\n\t* At index 0: INVALID_ARGUMENT, 'Entry not found ", "pipe1": "err: Error(s):\n\t* At index 0: INVALID_ARGUMENT, 'Entry not found "}, "RESP_HOLD_EARLY": {"pipe0": "err: Error(s):\n\t* At index 0: INVALID_ARGUMENT, 'Entry not found ", "pipe1": "err: Error(s):\n\t* At index 0: INVALID_ARGUMENT, 'Entry not found "}, "RESP_HOLD_LATE": {"pipe0": "err: Error(s):\n\t* At index 0: INVALID_ARGUMENT, 'Entry not found ", "pipe1": "err: Error(s):\n\t* At index 0: INVALID_ARGUMENT, 'Entry not found "}, "RESP_BYPASS": {"pipe0": "err: Error(s):\n\t* At index 0: INVALID_ARGUMENT, 'Entry not found ", "pipe1": "err: Error(s):\n\t* At index 0: INVALID_ARGUMENT, 'Entry not found "}, "UNSUP_SEG": {"pipe0": "err: Error(s):\n\t* At index 0: INVALID_ARGUMENT, 'Entry not found ", "pipe1": "err: Error(s):\n\t* At index 0: INVALID_ARGUMENT, 'Entry not found "}, "BLOCK_ENQ": {"pipe0": "err: Error(s):\n\t* At index 0: INVALID_ARGUMENT, 'Entry not found ", "pipe1": "err: Error(s):\n\t* At index 0: INVALID_ARGUMENT, 'Entry not found "}, "PKTGEN_ADMIT": {"pipe0": "err: Error(s):\n\t* At index 0: INVALID_ARGUMENT, 'Entry not found ", "pipe1": "err: Error(s):\n\t* At index 0: INVALID_ARGUMENT, 'Entry not found "}, "PKTGEN_DROP": {"pipe0": "err: Error(s):\n\t* At index 0: INVALID_ARGUMENT, 'Entry not found ", "pipe1": "err: Error(s):\n\t* At index 0: INVALID_ARGUMENT, 'Entry not found "}}, "ctr_deq_per_pipe": {"BLOCK_LOOP": {"pipe0": "err: Error(s):\n\t* At index 0: INVALID_ARGUMENT, 'Entry not found ", "pipe1": "err: Error(s):\n\t* At index 0: INVALID_ARGUMENT, 'Entry not found "}, "BLOCK_TERM_STALE": {"pipe0": "err: Error(s):\n\t* At index 0: INVALID_ARGUMENT, 'Entry not found ", "pipe1": "err: Error(s):\n\t* At index 0: INVALID_ARGUMENT, 'Entry not found "}, "BLOCK_TERM_DL": {"pipe0": "err: Error(s):\n\t* At index 0: INVALID_ARGUMENT, 'Entry not found ", "pipe1": "err: Error(s):\n\t* At index 0: INVALID_ARGUMENT, 'Entry not found "}, "BLOCK_TERM_TMO": {"pipe0": "err: Error(s):\n\t* At index 0: INVALID_ARGUMENT, 'Entry not found ", "pipe1": "err: Error(s):\n\t* At index 0: INVALID_ARGUMENT, 'Entry not found "}, "RELEASE_DEADLINE": {"pipe0": "err: Error(s):\n\t* At index 0: INVALID_ARGUMENT, 'Entry not found ", "pipe1": "err: Error(s):\n\t* At index 0: INVALID_ARGUMENT, 'Entry not found "}, "RELEASE_FAILOPEN": {"pipe0": "err: Error(s):\n\t* At index 0: INVALID_ARGUMENT, 'Entry not found ", "pipe1": "err: Error(s):\n\t* At index 0: INVALID_ARGUMENT, 'Entry not found "}, "ACK_RELEASE": {"pipe0": "err: Error(s):\n\t* At index 0: INVALID_ARGUMENT, 'Entry not found ", "pipe1": "err: Error(s):\n\t* At index 0: INVALID_ARGUMENT, 'Entry not found "}}}, "armed_utc": "2026-07-29T19:45:30Z", "after": {"n_pipes_probed": 2, "app_block_per_pipe": {"pipe0": {"app_enable": false, "trigger_counter": 1, "batch_counter": 1, "pkt_counter": 64}, "pipe1": {"app_enable": false, "trigger_counter": 1, "batch_counter": 1, "pkt_counter": 1}}, "app_event_per_pipe": {"pipe0": {"app_enable": false, "trigger_counter": 1, "batch_counter": 1, "pkt_counter": 1}, "pipe1": {"app_enable": false, "trigger_counter": 0, "batch_counter": 0, "pkt_counter": 0}}, "app_block_device": {"app_enable": false, "trigger_counter": 2, "batch_counter": 2, "pkt_counter": 65, "pkt_len": 60, "pkt_buffer_offset": 0, "ipg": 0, "ibg": 0, "batch_count_cfg": 0, "packets_per_batch_cfg": 63, "increment_source_port": false, "pipe_local_source_port": 68}, "app_event_device": {"app_enable": false, "trigger_counter": 1, "batch_counter": 1, "pkt_counter": 1, "pkt_len": 66, "pkt_buffer_offset": 128, "ipg": 500000, "ibg": 0, "batch_count_cfg": 0, "packets_per_batch_cfg": 0, "increment_source_port": false, "pipe_local_source_port": 68}, "regs_per_pipe": {"reg_tag": {"pipe0": 255, "pipe1": 255}, "reg_deadline": {"pipe0": 2, "pipe1": 0}, "reg_ack_rel": {"pipe0": 0, "pipe1": 0}, "reg_exp_relay_seq": {"pipe0": 287454020, "pipe1": 287454020}, "reg_exp_ack": {"pipe0": 287454038, "pipe1": 0}, "reg_session_port": {"pipe0": 51000, "pipe1": 51000}, "reg_ts_read": {"pipe0": 216734262, "pipe1": 0}, "reg_ts_first_block": {"pipe0": 0, "pipe1": 0}, "reg_ts_ack_arm": {"pipe0": 0, "pipe1": 0}, "reg_ts_block_term": {"pipe0": 0, "pipe1": 0}, "reg_ts_ack_release": {"pipe0": 0, "pipe1": 0}}, "regs_device_maxcollapse": {"reg_tag": 255, "reg_deadline": 2, "reg_exp_ack": 287454038}, "ctr_fresh_per_pipe": {"BYPASS_FWD": {"pipe0": "err: Error(s):\n\t* At index 0: INVALID_ARGUMENT, 'Entry not found ", "pipe1": "err: Error(s):\n\t* At index 0: INVALID_ARGUMENT, 'Entry not found "}, "BAD_PORT": {"pipe0": "err: Error(s):\n\t* At index 0: INVALID_ARGUMENT, 'Entry not found ", "pipe1": "err: Error(s):\n\t* At index 0: INVALID_ARGUMENT, 'Entry not found "}, "ARM_FRESH": {"pipe0": "err: Error(s):\n\t* At index 0: INVALID_ARGUMENT, 'Entry not found ", "pipe1": "err: Error(s):\n\t* At index 0: INVALID_ARGUMENT, 'Entry not found "}, "ARM_DUP": {"pipe0": "err: Error(s):\n\t* At index 0: INVALID_ARGUMENT, 'Entry not found ", "pipe1": "err: Error(s):\n\t* At index 0: INVALID_ARGUMENT, 'Entry not found "}, "ARM_BUSY": {"pipe0": "err: Error(s):\n\t* At index 0: INVALID_ARGUMENT, 'Entry not found ", "pipe1": "err: Error(s):\n\t* At index 0: INVALID_ARGUMENT, 'Entry not found "}, "ACK_HOLD": {"pipe0": "err: Error(s):\n\t* At index 0: INVALID_ARGUMENT, 'Entry not found ", "pipe1": "err: Error(s):\n\t* At index 0: INVALID_ARGUMENT, 'Entry not found "}, "ACK_DUP_HOLD": {"pipe0": "err: Error(s):\n\t* At index 0: INVALID_ARGUMENT, 'Entry not found ", "pipe1": "err: Error(s):\n\t* At index 0: INVALID_ARGUMENT, 'Entry not found "}, "ACK_REJECT": {"pipe0": "err: Error(s):\n\t* At index 0: INVALID_ARGUMENT, 'Entry not found ", "pipe1": "err: Error(s):\n\t* At index 0: INVALID_ARGUMENT, 'Entry not found "}, "RESP_HOLD_EARLY": {"pipe0": "err: Error(s):\n\t* At index 0: INVALID_ARGUMENT, 'Entry not found ", "pipe1": "err: Error(s):\n\t* At index 0: INVALID_ARGUMENT, 'Entry not found "}, "RESP_HOLD_LATE": {"pipe0": "err: Error(s):\n\t* At index 0: INVALID_ARGUMENT, 'Entry not found ", "pipe1": "err: Error(s):\n\t* At index 0: INVALID_ARGUMENT, 'Entry not found "}, "RESP_BYPASS": {"pipe0": "err: Error(s):\n\t* At index 0: INVALID_ARGUMENT, 'Entry not found ", "pipe1": "err: Error(s):\n\t* At index 0: INVALID_ARGUMENT, 'Entry not found "}, "UNSUP_SEG": {"pipe0": "err: Error(s):\n\t* At index 0: INVALID_ARGUMENT, 'Entry not found ", "pipe1": "err: Error(s):\n\t* At index 0: INVALID_ARGUMENT, 'Entry not found "}, "BLOCK_ENQ": {"pipe0": "err: Error(s):\n\t* At index 0: INVALID_ARGUMENT, 'Entry not found ", "pipe1": "err: Error(s):\n\t* At index 0: INVALID_ARGUMENT, 'Entry not found "}, "PKTGEN_ADMIT": {"pipe0": "err: Error(s):\n\t* At index 0: INVALID_ARGUMENT, 'Entry not found ", "pipe1": "err: Error(s):\n\t* At index 0: INVALID_ARGUMENT, 'Entry not found "}, "PKTGEN_DROP": {"pipe0": "err: Error(s):\n\t* At index 0: INVALID_ARGUMENT, 'Entry not found ", "pipe1": "err: Error(s):\n\t* At index 0: INVALID_ARGUMENT, 'Entry not found "}}, "ctr_deq_per_pipe": {"BLOCK_LOOP": {"pipe0": "err: Error(s):\n\t* At index 0: INVALID_ARGUMENT, 'Entry not found ", "pipe1": "err: Error(s):\n\t* At index 0: INVALID_ARGUMENT, 'Entry not found "}, "BLOCK_TERM_STALE": {"pipe0": "err: Error(s):\n\t* At index 0: INVALID_ARGUMENT, 'Entry not found ", "pipe1": "err: Error(s):\n\t* At index 0: INVALID_ARGUMENT, 'Entry not found "}, "BLOCK_TERM_DL": {"pipe0": "err: Error(s):\n\t* At index 0: INVALID_ARGUMENT, 'Entry not found ", "pipe1": "err: Error(s):\n\t* At index 0: INVALID_ARGUMENT, 'Entry not found "}, "BLOCK_TERM_TMO": {"pipe0": "err: Error(s):\n\t* At index 0: INVALID_ARGUMENT, 'Entry not found ", "pipe1": "err: Error(s):\n\t* At index 0: INVALID_ARGUMENT, 'Entry not found "}, "RELEASE_DEADLINE": {"pipe0": "err: Error(s):\n\t* At index 0: INVALID_ARGUMENT, 'Entry not found ", "pipe1": "err: Error(s):\n\t* At index 0: INVALID_ARGUMENT, 'Entry not found "}, "RELEASE_FAILOPEN": {"pipe0": "err: Error(s):\n\t* At index 0: INVALID_ARGUMENT, 'Entry not found ", "pipe1": "err: Error(s):\n\t* At index 0: INVALID_ARGUMENT, 'Entry not found "}, "ACK_RELEASE": {"pipe0": "err: Error(s):\n\t* At index 0: INVALID_ARGUMENT, 'Entry not found ", "pipe1": "err: Error(s):\n\t* At index 0: INVALID_ARGUMENT, 'Entry not found "}}}}}, "n_fail": 1, "checks": [{"result": "PASS", "check": "D quantized word low byte is zero", "detail": "= 0"}, {"result": "PASS", "check": "D within the 40 ms clamp", "detail": "2.000000 ms -> 1.999872 ms realized"}, {"result": "PASS", "check": "fail-open model H = B x K / rate_dp8", "detail": "B=18000 K=64 -> tau=1.711 us, H=30.802 ms"}, {"result": "PASS", "check": "blocker template length", "detail": "= 60"}, {"result": "PASS", "check": "blocker template etype 0x88C1", "detail": "= '88c1'"}, {"result": "PASS", "check": "K", "detail": "= 64"}, {"result": "PASS", "check": "session addresses parse", "detail": "192.168.10.7 <-> 192.168.10.1"}, {"result": "PASS", "check": "template ip.total_len == 20 + 4*data_offset", "detail": "= 52"}, {"result": "PASS", "check": "template tcp.flags == 0x10 (pure ACK)", "detail": "= '0x10'"}, {"result": "PASS", "check": "template ack_no == seq_no + read_len (keeps EXP_ACK real)", "detail": "= 287454038"}, {"result": "PASS", "check": "template length", "detail": "= 66"}, {"result": "PASS", "check": "ipg < D", "detail": "ipg=500000 ns < D=1999872 ns"}, {"result": "PASS", "check": "ipg > the R2 reservoir bound (100000 ns)", "detail": "ipg=500000 ns"}, {"result": "PASS", "check": "generation inside 0xC0..0xCF", "detail": "0xC0"}, {"result": "PASS", "check": "R5 release bias recorded", "detail": "K/rate = 1711.230 ns"}, {"result": "PASS", "check": "pipe probe", "detail": "2 pipe(s) answer a pipe-scoped pktgen read"}, {"result": "PASS", "check": "---- microbench arm A0_read_app1_disabled ----", "detail": ""}, {"result": "PASS", "check": "dp8 $PORT read", "detail": "entry_get: Error(s):\n\t* At index 0: NOT_FOUND, 'Entry not found in table:$PORT Object not found'\n"}, {"result": "PASS", "check": "dp8 $SPEED pre-check (port not yet configured)", "detail": "$PORT has no dp8 entry on a cold load; config_ports() will create it at BF_SPEED_25G and the POST-check is the hard gate."}, {"result": "PASS", "check": "CLEAN START asserted", "detail": "reg_tag=0xFF deadline=0x00000000 both apps disabled, ts regs zero"}, {"result": "PASS", "check": "dp8 $PORT read", "detail": "entry_get: Error(s):\n\t* At index 0: NOT_FOUND, 'Entry not found in table:$PORT Object not found'\n"}, {"result": "PASS", "check": "dp8 $SPEED pre-check (port not yet configured)", "detail": "$PORT has no dp8 entry on a cold load; config_ports() will create it at BF_SPEED_25G and the POST-check is the hard gate."}, {"result": "PASS", "check": "dp8 $SPEED == BF_SPEED_25G (MAC and TM agree)", "detail": "PORT_UP=False LOOPBACK='BF_LPBK_MAC_NEAR'"}, {"result": "PASS", "check": "dp8 pg_id derived == --pg-l", "detail": "= 2"}, {"result": "PASS", "check": "dp8 pg_port_nr derived == --pg-l-nr", "detail": "= 0"}, {"result": "PASS", "check": "qid7 max_priority", "detail": "= 7"}, {"result": "PASS", "check": "qid7 scheduling_enable", "detail": "= True"}, {"result": "PASS", "check": "qid7 max_rate_enable OFF", "detail": "= False"}, {"result": "PASS", "check": "qid7 min_rate_enable OFF", "detail": "= False"}, {"result": "PASS", "check": "qid1 max_priority", "detail": "= 0"}, {"result": "PASS", "check": "qid1 scheduling_enable", "detail": "= True"}, {"result": "PASS", "check": "qid1 max_rate_enable OFF", "detail": "= False"}, {"result": "PASS", "check": "qid1 min_rate_enable OFF", "detail": "= False"}, {"result": "PASS", "check": "STRICT PRIORITY Q_BLOCK > Q_HOLD (max_priority)", "detail": "7 > 0"}, {"result": "PASS", "check": "dp8 PORT shaper max_rate_enable OFF", "detail": "= False"}, {"result": "PASS", "check": "fail-open horizon inside (a_worst+D, RTO)", "detail": "30.802 ms"}, {"result": "PASS", "check": "tbl_params d_ticks", "detail": "= 1999872"}, {"result": "PASS", "check": "tbl_params read_len", "detail": "= 18"}, {"result": "PASS", "check": "tbl_params budget", "detail": "= 18000"}, {"result": "PASS", "check": "tbl_session entries", "detail": "= 2"}, {"result": "PASS", "check": "mirror $ucast_egress_port", "detail": "= 68"}, {"result": "PASS", "check": "mirror $session_enable", "detail": "= True"}, {"result": "PASS", "check": "value_set pgen_recirc programmed", "detail": "byte=0x01 mask=0xFF"}, {"result": "PASS", "check": "pktgen increment_source_port == False", "detail": "= False"}, {"result": "PASS", "check": "pktgen pipe_local_source_port", "detail": "= 68"}, {"result": "PASS", "check": "pktgen packets_per_batch_cfg (K-1)", "detail": "= 63"}, {"result": "PASS", "check": "pktgen batch_count_cfg (1 batch)", "detail": "= 0"}, {"result": "PASS", "check": "pktgen app_enable at config time", "detail": "= False"}, {"result": "PASS", "check": "reg_tag initialised to TAG_INACTIVE", "detail": "= 255"}, {"result": "PASS", "check": "value_set pgen_event programmed", "detail": "byte=0x02 mask=0xFF"}, {"result": "PASS", "check": "app 2 packets_per_batch_cfg (1 events)", "detail": "= 0"}, {"result": "PASS", "check": "app 2 batch_count_cfg (1 batch)", "detail": "= 0"}, {"result": "PASS", "check": "app 2 increment_source_port == False", "detail": "= False"}, {"result": "PASS", "check": "app 2 pipe_local_source_port", "detail": "= 68"}, {"result": "PASS", "check": "app 2 app_enable at config time", "detail": "= False"}, {"result": "PASS", "check": "app 2 ipg readback", "detail": "wrote 500000 ns, read 500000 ns (core-clock quantization)"}, {"result": "PASS", "check": "tbl_synth_role installed", "detail": "pid0->READ"}, {"result": "PASS", "check": "seed reg_exp_relay_seq", "detail": "= 287454020"}, {"result": "PASS", "check": "seed reg_session_port", "detail": "= 51000"}, {"result": "PASS", "check": "dp8 PORT shaper max_rate_enable OFF", "detail": "= False"}, {"result": "PASS", "check": "cleanup: reg_tag == TAG_INACTIVE", "detail": "= 255"}, {"result": "PASS", "check": "cleanup: reg_deadline == 0", "detail": "= 0"}, {"result": "PASS", "check": "cleanup: reg_ts_read == 0", "detail": "= 0"}, {"result": "PASS", "check": "cleanup: reg_ts_resp_release == 0", "detail": "= 0"}, {"result": "PASS", "check": "---- microbench arm A1_read_app1_enabled ----", "detail": ""}, {"result": "PASS", "check": "dp8 $SPEED == BF_SPEED_25G (MAC and TM agree)", "detail": "PORT_UP=True LOOPBACK='BF_LPBK_MAC_NEAR'"}, {"result": "PASS", "check": "CLEAN START asserted", "detail": "reg_tag=0xFF deadline=0x00000000 both apps disabled, ts regs zero"}, {"result": "PASS", "check": "dp8 $SPEED == BF_SPEED_25G (MAC and TM agree)", "detail": "PORT_UP=True LOOPBACK='BF_LPBK_MAC_NEAR'"}, {"result": "PASS", "check": "dp8 $SPEED == BF_SPEED_25G (MAC and TM agree)", "detail": "PORT_UP=False LOOPBACK='BF_LPBK_MAC_NEAR'"}, {"result": "PASS", "check": "dp8 pg_id derived == --pg-l", "detail": "= 2"}, {"result": "PASS", "check": "dp8 pg_port_nr derived == --pg-l-nr", "detail": "= 0"}, {"result": "PASS", "check": "qid7 max_priority", "detail": "= 7"}, {"result": "PASS", "check": "qid7 scheduling_enable", "detail": "= True"}, {"result": "PASS", "check": "qid7 max_rate_enable OFF", "detail": "= False"}, {"result": "PASS", "check": "qid7 min_rate_enable OFF", "detail": "= False"}, {"result": "PASS", "check": "qid1 max_priority", "detail": "= 0"}, {"result": "PASS", "check": "qid1 scheduling_enable", "detail": "= True"}, {"result": "PASS", "check": "qid1 max_rate_enable OFF", "detail": "= False"}, {"result": "PASS", "check": "qid1 min_rate_enable OFF", "detail": "= False"}, {"result": "PASS", "check": "STRICT PRIORITY Q_BLOCK > Q_HOLD (max_priority)", "detail": "7 > 0"}, {"result": "PASS", "check": "dp8 PORT shaper max_rate_enable OFF", "detail": "= False"}, {"result": "PASS", "check": "fail-open horizon inside (a_worst+D, RTO)", "detail": "30.802 ms"}, {"result": "PASS", "check": "tbl_params d_ticks", "detail": "= 1999872"}, {"result": "PASS", "check": "tbl_params read_len", "detail": "= 18"}, {"result": "PASS", "check": "tbl_params budget", "detail": "= 18000"}, {"result": "PASS", "check": "tbl_session entries", "detail": "= 2"}, {"result": "PASS", "check": "mirror $ucast_egress_port", "detail": "= 68"}, {"result": "PASS", "check": "mirror $session_enable", "detail": "= True"}, {"result": "PASS", "check": "value_set pgen_recirc programmed", "detail": "byte=0x01 mask=0xFF"}, {"result": "PASS", "check": "pktgen increment_source_port == False", "detail": "= False"}, {"result": "PASS", "check": "pktgen pipe_local_source_port", "detail": "= 68"}, {"result": "PASS", "check": "pktgen packets_per_batch_cfg (K-1)", "detail": "= 63"}, {"result": "PASS", "check": "pktgen batch_count_cfg (1 batch)", "detail": "= 0"}, {"result": "PASS", "check": "pktgen app_enable at config time", "detail": "= False"}, {"result": "PASS", "check": "reg_tag initialised to TAG_INACTIVE", "detail": "= 255"}, {"result": "PASS", "check": "value_set pgen_event programmed", "detail": "byte=0x02 mask=0xFF"}, {"result": "PASS", "check": "app 2 packets_per_batch_cfg (1 events)", "detail": "= 0"}, {"result": "PASS", "check": "app 2 batch_count_cfg (1 batch)", "detail": "= 0"}, {"result": "PASS", "check": "app 2 increment_source_port == False", "detail": "= False"}, {"result": "PASS", "check": "app 2 pipe_local_source_port", "detail": "= 68"}, {"result": "PASS", "check": "app 2 app_enable at config time", "detail": "= False"}, {"result": "PASS", "check": "app 2 ipg readback", "detail": "wrote 500000 ns, read 500000 ns (core-clock quantization)"}, {"result": "PASS", "check": "tbl_synth_role installed", "detail": "pid0->READ"}, {"result": "PASS", "check": "seed reg_exp_relay_seq", "detail": "= 287454020"}, {"result": "PASS", "check": "seed reg_session_port", "detail": "= 51000"}, {"result": "PASS", "check": "dp8 PORT shaper max_rate_enable OFF", "detail": "= False"}, {"result": "PASS", "check": "cleanup: reg_tag == TAG_INACTIVE", "detail": "= 255"}, {"result": "PASS", "check": "cleanup: reg_deadline == 0", "detail": "= 0"}, {"result": "PASS", "check": "cleanup: reg_ts_read == 0", "detail": "= 0"}, {"result": "PASS", "check": "cleanup: reg_ts_resp_release == 0", "detail": "= 0"}, {"result": "PASS", "check": "---- microbench arm A2_read_ack_app1_disabled ----", "detail": ""}, {"result": "PASS", "check": "dp8 $SPEED == BF_SPEED_25G (MAC and TM agree)", "detail": "PORT_UP=True LOOPBACK='BF_LPBK_MAC_NEAR'"}, {"result": "PASS", "check": "CLEAN START asserted", "detail": "reg_tag=0xFF deadline=0x00000000 both apps disabled, ts regs zero"}, {"result": "PASS", "check": "dp8 $SPEED == BF_SPEED_25G (MAC and TM agree)", "detail": "PORT_UP=True LOOPBACK='BF_LPBK_MAC_NEAR'"}, {"result": "PASS", "check": "dp8 $SPEED == BF_SPEED_25G (MAC and TM agree)", "detail": "PORT_UP=False LOOPBACK='BF_LPBK_MAC_NEAR'"}, {"result": "PASS", "check": "dp8 pg_id derived == --pg-l", "detail": "= 2"}, {"result": "PASS", "check": "dp8 pg_port_nr derived == --pg-l-nr", "detail": "= 0"}, {"result": "PASS", "check": "qid7 max_priority", "detail": "= 7"}, {"result": "PASS", "check": "qid7 scheduling_enable", "detail": "= True"}, {"result": "PASS", "check": "qid7 max_rate_enable OFF", "detail": "= False"}, {"result": "PASS", "check": "qid7 min_rate_enable OFF", "detail": "= False"}, {"result": "PASS", "check": "qid1 max_priority", "detail": "= 0"}, {"result": "PASS", "check": "qid1 scheduling_enable", "detail": "= True"}, {"result": "PASS", "check": "qid1 max_rate_enable OFF", "detail": "= False"}, {"result": "PASS", "check": "qid1 min_rate_enable OFF", "detail": "= False"}, {"result": "PASS", "check": "STRICT PRIORITY Q_BLOCK > Q_HOLD (max_priority)", "detail": "7 > 0"}, {"result": "PASS", "check": "dp8 PORT shaper max_rate_enable OFF", "detail": "= False"}, {"result": "PASS", "check": "fail-open horizon inside (a_worst+D, RTO)", "detail": "30.802 ms"}, {"result": "PASS", "check": "tbl_params d_ticks", "detail": "= 1999872"}, {"result": "PASS", "check": "tbl_params read_len", "detail": "= 18"}, {"result": "PASS", "check": "tbl_params budget", "detail": "= 18000"}, {"result": "PASS", "check": "tbl_session entries", "detail": "= 2"}, {"result": "PASS", "check": "mirror $ucast_egress_port", "detail": "= 68"}, {"result": "PASS", "check": "mirror $session_enable", "detail": "= True"}, {"result": "PASS", "check": "value_set pgen_recirc programmed", "detail": "byte=0x01 mask=0xFF"}, {"result": "PASS", "check": "pktgen increment_source_port == False", "detail": "= False"}, {"result": "PASS", "check": "pktgen pipe_local_source_port", "detail": "= 68"}, {"result": "PASS", "check": "pktgen packets_per_batch_cfg (K-1)", "detail": "= 63"}, {"result": "PASS", "check": "pktgen batch_count_cfg (1 batch)", "detail": "= 0"}, {"result": "PASS", "check": "pktgen app_enable at config time", "detail": "= False"}, {"result": "PASS", "check": "reg_tag initialised to TAG_INACTIVE", "detail": "= 255"}, {"result": "PASS", "check": "value_set pgen_event programmed", "detail": "byte=0x02 mask=0xFF"}, {"result": "PASS", "check": "app 2 packets_per_batch_cfg (2 events)", "detail": "= 1"}, {"result": "PASS", "check": "app 2 batch_count_cfg (1 batch)", "detail": "= 0"}, {"result": "PASS", "check": "app 2 increment_source_port == False", "detail": "= False"}, {"result": "PASS", "check": "app 2 pipe_local_source_port", "detail": "= 68"}, {"result": "PASS", "check": "app 2 app_enable at config time", "detail": "= False"}, {"result": "PASS", "check": "app 2 ipg readback", "detail": "wrote 500000 ns, read 500000 ns (core-clock quantization)"}, {"result": "PASS", "check": "tbl_synth_role installed", "detail": "pid0->READ, pid1->ACK"}, {"result": "PASS", "check": "seed reg_exp_relay_seq", "detail": "= 287454020"}, {"result": "PASS", "check": "seed reg_session_port", "detail": "= 51000"}, {"result": "PASS", "check": "dp8 PORT shaper max_rate_enable OFF", "detail": "= False"}, {"result": "PASS", "check": "cleanup: reg_tag == TAG_INACTIVE", "detail": "= 255"}, {"result": "PASS", "check": "cleanup: reg_deadline == 0", "detail": "= 0"}, {"result": "PASS", "check": "cleanup: reg_ts_read == 0", "detail": "= 0"}, {"result": "PASS", "check": "cleanup: reg_ts_resp_release == 0", "detail": "= 0"}, {"result": "PASS", "check": "---- microbench arm A3_c2_timer_reservoir ----", "detail": ""}, {"result": "PASS", "check": "dp8 $SPEED == BF_SPEED_25G (MAC and TM agree)", "detail": "PORT_UP=True LOOPBACK='BF_LPBK_MAC_NEAR'"}, {"result": "PASS", "check": "CLEAN START asserted", "detail": "reg_tag=0xFF deadline=0x00000000 both apps disabled, ts regs zero"}, {"result": "PASS", "check": "dp8 $SPEED == BF_SPEED_25G (MAC and TM agree)", "detail": "PORT_UP=True LOOPBACK='BF_LPBK_MAC_NEAR'"}, {"result": "PASS", "check": "dp8 $SPEED == BF_SPEED_25G (MAC and TM agree)", "detail": "PORT_UP=False LOOPBACK='BF_LPBK_MAC_NEAR'"}, {"result": "PASS", "check": "dp8 pg_id derived == --pg-l", "detail": "= 2"}, {"result": "PASS", "check": "dp8 pg_port_nr derived == --pg-l-nr", "detail": "= 0"}, {"result": "PASS", "check": "qid7 max_priority", "detail": "= 7"}, {"result": "PASS", "check": "qid7 scheduling_enable", "detail": "= True"}, {"result": "PASS", "check": "qid7 max_rate_enable OFF", "detail": "= False"}, {"result": "PASS", "check": "qid7 min_rate_enable OFF", "detail": "= False"}, {"result": "PASS", "check": "qid1 max_priority", "detail": "= 0"}, {"result": "PASS", "check": "qid1 scheduling_enable", "detail": "= True"}, {"result": "PASS", "check": "qid1 max_rate_enable OFF", "detail": "= False"}, {"result": "PASS", "check": "qid1 min_rate_enable OFF", "detail": "= False"}, {"result": "PASS", "check": "STRICT PRIORITY Q_BLOCK > Q_HOLD (max_priority)", "detail": "7 > 0"}, {"result": "PASS", "check": "dp8 PORT shaper max_rate_enable OFF", "detail": "= False"}, {"result": "PASS", "check": "fail-open horizon inside (a_worst+D, RTO)", "detail": "30.802 ms"}, {"result": "PASS", "check": "tbl_params d_ticks", "detail": "= 1999872"}, {"result": "PASS", "check": "tbl_params read_len", "detail": "= 18"}, {"result": "PASS", "check": "tbl_params budget", "detail": "= 18000"}, {"result": "PASS", "check": "tbl_session entries", "detail": "= 2"}, {"result": "PASS", "check": "mirror $ucast_egress_port", "detail": "= 68"}, {"result": "PASS", "check": "mirror $session_enable", "detail": "= True"}, {"result": "PASS", "check": "value_set pgen_recirc programmed", "detail": "byte=0x01 mask=0xFF"}, {"result": "PASS", "check": "pktgen increment_source_port == False", "detail": "= False"}, {"result": "PASS", "check": "pktgen pipe_local_source_port", "detail": "= 68"}, {"result": "PASS", "check": "pktgen packets_per_batch_cfg (K-1)", "detail": "= 63"}, {"result": "PASS", "check": "pktgen batch_count_cfg (1 batch)", "detail": "= 0"}, {"result": "PASS", "check": "pktgen app_enable at config time", "detail": "= False"}, {"result": "PASS", "check": "reg_tag initialised to TAG_INACTIVE", "detail": "= 255"}, {"result": "PASS", "check": "value_set pgen_event programmed", "detail": "byte=0x02 mask=0xFF"}, {"result": "PASS", "check": "app 2 packets_per_batch_cfg (1 events)", "detail": "= 0"}, {"result": "PASS", "check": "app 2 batch_count_cfg (1 batch)", "detail": "= 0"}, {"result": "PASS", "check": "app 2 increment_source_port == False", "detail": "= False"}, {"result": "PASS", "check": "app 2 pipe_local_source_port", "detail": "= 68"}, {"result": "PASS", "check": "app 2 app_enable at config time", "detail": "= False"}, {"result": "PASS", "check": "app 2 ipg readback", "detail": "wrote 500000 ns, read 500000 ns (core-clock quantization)"}, {"result": "PASS", "check": "tbl_synth_role installed", "detail": "pid0->READ"}, {"result": "PASS", "check": "seed reg_exp_relay_seq", "detail": "= 287454020"}, {"result": "PASS", "check": "seed reg_session_port", "detail": "= 51000"}, {"result": "PASS", "check": "C2: app 1 re-pointed to trigger_timer_one_shot", "detail": "timer=1000 ns, K=64"}, {"result": "PASS", "check": "dp8 PORT shaper max_rate_enable OFF", "detail": "= False"}, {"result": "PASS", "check": "cleanup: reg_tag == TAG_INACTIVE", "detail": "= 255"}, {"result": "PASS", "check": "cleanup: reg_deadline == 0", "detail": "= 0"}, {"result": "PASS", "check": "cleanup: reg_ts_read == 0", "detail": "= 0"}, {"result": "PASS", "check": "cleanup: reg_ts_resp_release == 0", "detail": "= 0"}, {"result": "PASS", "check": "F01-a NEGATIVE CONTROL: app 1 disabled -> trigger_counter", "detail": "= 0"}, {"result": "PASS", "check": "F01-b precondition: reg_tag pipe0 after a lone READ", "detail": "255 (0xC0 = the ARM wrote; 0xFF = it did not)"}, {"result": "PASS", "check": "F01-a FIX: app 1 enabled -> trigger_counter", "detail": "= 1"}, {"result": "PASS", "check": "F01-a FIX: app 1 enabled -> pkt_counter", "detail": "= 64"}, {"result": "FAIL", "check": "F01-a FIX: blockers ADMITTED", "detail": "got \"err: Error(s):\\n\\t* At index 0: INVALID_ARGUMENT, 'Entry not found \", want 64"}, {"result": "PASS", "check": "dp8 PORT shaper max_rate_enable OFF", "detail": "= False"}, {"result": "PASS", "check": "cleanup: reg_tag == TAG_INACTIVE", "detail": "= 255"}, {"result": "PASS", "check": "cleanup: reg_deadline == 0", "detail": "= 0"}, {"result": "PASS", "check": "cleanup: reg_ts_read == 0", "detail": "= 0"}, {"result": "PASS", "check": "cleanup: reg_ts_resp_release == 0", "detail": "= 0"}]}
