/home/philip/Projects/DNP3/defense4/timing/case4_architecture/protocol/evidence/padding_01/source/padding.p4(48): [--Wwarn=unused] warning: Table crc_gate is not used; removing
 table crc_gate{key={m.badh:exact;m.badb:exact;m.badt:exact;}actions={NoAction;}size=1;const default_action=NoAction();}
       ^^^^^^^^
/home/philip/Projects/DNP3/defense4/timing/case4_architecture/protocol/evidence/padding_01/source/padding.p4(14): [--Wwarn=uninitialized_out_param] warning: out parameter 'm' may be uninitialized when 'IgParser' terminates
parser IgParser(packet_in pkt,out headers_t hdr,out meta_t m,out ingress_intrinsic_metadata_t ig){Checksum() ic;Checksum() tc;
                                                           ^
/home/philip/Projects/DNP3/defense4/timing/case4_architecture/protocol/evidence/padding_01/source/padding.p4(14)
parser IgParser(packet_in pkt,out headers_t hdr,out meta_t m,out ingress_intrinsic_metadata_t ig){Checksum() ic;Checksum() tc;
       ^^^^^^^^
/home/philip/Projects/DNP3/defense4/timing/case4_architecture/protocol/evidence/padding_01/source/padding.p4(53): [--Wwarn=uninitialized_out_param] warning: out parameter 'm' may be uninitialized when 'EgParser' terminates
parser EgParser(packet_in pkt,out headers_t hdr,out meta_t m,out egress_intrinsic_metadata_t eg){state start{pkt.extract(eg);transition accept;}}
                                                           ^
/home/philip/Projects/DNP3/defense4/timing/case4_architecture/protocol/evidence/padding_01/source/padding.p4(53)
parser EgParser(packet_in pkt,out headers_t hdr,out meta_t m,out egress_intrinsic_metadata_t eg){state start{pkt.extract(eg);transition accept;}}
       ^^^^^^^^
warning: checksum.get() will deprecate in future versions. Please use void subtract_all_and_deposit(bit<16>) instead
warning: Parser state min_parse_depth_accept_loop will be unrolled up to 4 times due to @pragma max_loop_depth.
warning: checksum.get() will deprecate in future versions. Please use void subtract_all_and_deposit(bit<16>) instead
warning: Parser state min_parse_depth_accept_loop will be unrolled up to 4 times due to @pragma max_loop_depth.
/home/philip/Projects/DNP3/defense4/timing/case4_architecture/protocol/evidence/padding_01/source/padding.p4(41): [--Werror=target-error] error: 
In table table Ingress.input_crc_t, the number of bits required to go through the immediate pathway 48 (e.g. data coming from Hash, RNG, Meter Color) is greater than the available bits 32, and can not be allocated
table input_crc_t{actions={input_crc;}size=1;const default_action=input_crc();}
      ^^^^^^^^^^^
/home/philip/Projects/DNP3/defense4/timing/case4_architecture/protocol/evidence/padding_01/source/padding.p4(40): [--Werror=target-error] error: The table Ingress.input_crc_t with no key cannot have the action input_crc.  This action requires hash, which can only be done through the hit pathway.  However, because the table requires overhead, the driver may need to change at runtime, and the driver can only currently program the miss pathway.  The solution may be to remove all match overhead.
action input_crc(){m.hcrc=hash_head.get({hdr.dl.magic,hdr.dl.len,hdr.dl.ctrl,hdr.dl.dst,hdr.dl.src});m.bcrc=hash_body.get({hdr.native.tp,hdr.native.app,hdr.native.func,hdr.native.group,hdr.native.variation,hdr.native.qualifier,hdr.native.count,hdr.native.index,hdr.native.code,hdr.native.repeat,hdr.native.on});m.tcrc=hash_tail.get({hdr.tail.off,hdr.tail.status});}
       ^^^^^^^^^
Number of errors exceeded set maximum of 1


2 errors, 7 warnings generated.

