/home/philip/Projects/DNP3/defense4/timing/case4_architecture/protocol/evidence/tagged_03/source/tagged_cache_writer.p4(199): [--Wwarn=unused] warning: Table crc_gate is not used; removing
 table crc_gate{key={m.badh:exact;m.badb:exact;m.badt:exact;}actions={NoAction;}size=1;const default_action=NoAction();}
       ^^^^^^^^
/home/philip/Projects/DNP3/defense4/timing/case4_architecture/protocol/evidence/tagged_03/source/tagged_cache_writer.p4(15): [--Wwarn=uninitialized_out_param] warning: out parameter 'm' may be uninitialized when 'IgParser' terminates
parser IgParser(packet_in pkt,out headers_t hdr,out meta_t m,out ingress_intrinsic_metadata_t ig){Checksum() ic;Checksum() tc;
                                                           ^
/home/philip/Projects/DNP3/defense4/timing/case4_architecture/protocol/evidence/tagged_03/source/tagged_cache_writer.p4(15)
parser IgParser(packet_in pkt,out headers_t hdr,out meta_t m,out ingress_intrinsic_metadata_t ig){Checksum() ic;Checksum() tc;
       ^^^^^^^^
/home/philip/Projects/DNP3/defense4/timing/case4_architecture/protocol/evidence/tagged_03/source/tagged_cache_writer.p4(204): [--Wwarn=uninitialized_out_param] warning: out parameter 'm' may be uninitialized when 'EgParser' terminates
parser EgParser(packet_in pkt,out headers_t hdr,out meta_t m,out egress_intrinsic_metadata_t eg){state start{pkt.extract(eg);transition accept;}}
                                                           ^
/home/philip/Projects/DNP3/defense4/timing/case4_architecture/protocol/evidence/tagged_03/source/tagged_cache_writer.p4(204)
parser EgParser(packet_in pkt,out headers_t hdr,out meta_t m,out egress_intrinsic_metadata_t eg){state start{pkt.extract(eg);transition accept;}}
       ^^^^^^^^
warning: checksum.get() will deprecate in future versions. Please use void subtract_all_and_deposit(bit<16>) instead
warning: Parser state min_parse_depth_accept_loop will be unrolled up to 4 times due to @pragma max_loop_depth.
/home/philip/Projects/DNP3/defense4/timing/case4_architecture/protocol/evidence/tagged_03/source/tagged_cache_writer.p4(28): [--Werror=unsupported] error: : In Stateful ALU for registers with two fields or a single 64 bit field, subtraction can only be used when the result is written to the register.
 rv=v.generation-m.work_generation;
    ^^^^^^^^^^^^^^^^^^^^^^^^^^^^^^
/home/philip/Projects/DNP3/defense4/timing/case4_architecture/protocol/evidence/tagged_03/source/tagged_cache_writer.p4(38): [--Werror=unsupported] error: : In Stateful ALU for registers with two fields or a single 64 bit field, subtraction can only be used when the result is written to the register.
 rv=v.generation-m.work_generation;
    ^^^^^^^^^^^^^^^^^^^^^^^^^^^^^^
/home/philip/Projects/DNP3/defense4/timing/case4_architecture/protocol/evidence/tagged_03/source/tagged_cache_writer.p4(48): [--Werror=unsupported] error: : In Stateful ALU for registers with two fields or a single 64 bit field, subtraction can only be used when the result is written to the register.
 rv=v.generation-m.work_generation;
    ^^^^^^^^^^^^^^^^^^^^^^^^^^^^^^
/home/philip/Projects/DNP3/defense4/timing/case4_architecture/protocol/evidence/tagged_03/source/tagged_cache_writer.p4(58): [--Werror=unsupported] error: : In Stateful ALU for registers with two fields or a single 64 bit field, subtraction can only be used when the result is written to the register.
 rv=v.generation-m.work_generation;
    ^^^^^^^^^^^^^^^^^^^^^^^^^^^^^^
/home/philip/Projects/DNP3/defense4/timing/case4_architecture/protocol/evidence/tagged_03/source/tagged_cache_writer.p4(68): [--Werror=unsupported] error: : In Stateful ALU for registers with two fields or a single 64 bit field, subtraction can only be used when the result is written to the register.
 rv=v.generation-m.work_generation;
    ^^^^^^^^^^^^^^^^^^^^^^^^^^^^^^
/home/philip/Projects/DNP3/defense4/timing/case4_architecture/protocol/evidence/tagged_03/source/tagged_cache_writer.p4(78): [--Werror=unsupported] error: : In Stateful ALU for registers with two fields or a single 64 bit field, subtraction can only be used when the result is written to the register.
 rv=v.generation-m.work_generation;
    ^^^^^^^^^^^^^^^^^^^^^^^^^^^^^^
/home/philip/Projects/DNP3/defense4/timing/case4_architecture/protocol/evidence/tagged_03/source/tagged_cache_writer.p4(88): [--Werror=unsupported] error: : In Stateful ALU for registers with two fields or a single 64 bit field, subtraction can only be used when the result is written to the register.
 rv=v.generation-m.work_generation;
    ^^^^^^^^^^^^^^^^^^^^^^^^^^^^^^
/home/philip/Projects/DNP3/defense4/timing/case4_architecture/protocol/evidence/tagged_03/source/tagged_cache_writer.p4(98): [--Werror=unsupported] error: : In Stateful ALU for registers with two fields or a single 64 bit field, subtraction can only be used when the result is written to the register.
 rv=v.generation-m.work_generation;
    ^^^^^^^^^^^^^^^^^^^^^^^^^^^^^^
/home/philip/Projects/DNP3/defense4/timing/case4_architecture/protocol/evidence/tagged_03/source/tagged_cache_writer.p4(108): [--Werror=unsupported] error: : In Stateful ALU for registers with two fields or a single 64 bit field, subtraction can only be used when the result is written to the register.
 rv=v.generation-m.work_generation;
    ^^^^^^^^^^^^^^^^^^^^^^^^^^^^^^
/home/philip/Projects/DNP3/defense4/timing/case4_architecture/protocol/evidence/tagged_03/source/tagged_cache_writer.p4(118): [--Werror=unsupported] error: : In Stateful ALU for registers with two fields or a single 64 bit field, subtraction can only be used when the result is written to the register.
 rv=v.generation-m.work_generation;
    ^^^^^^^^^^^^^^^^^^^^^^^^^^^^^^
/home/philip/Projects/DNP3/defense4/timing/case4_architecture/protocol/evidence/tagged_03/source/tagged_cache_writer.p4(128): [--Werror=unsupported] error: : In Stateful ALU for registers with two fields or a single 64 bit field, subtraction can only be used when the result is written to the register.
 rv=v.generation-m.work_generation;
    ^^^^^^^^^^^^^^^^^^^^^^^^^^^^^^
/home/philip/Projects/DNP3/defense4/timing/case4_architecture/protocol/evidence/tagged_03/source/tagged_cache_writer.p4(138): [--Werror=unsupported] error: : In Stateful ALU for registers with two fields or a single 64 bit field, subtraction can only be used when the result is written to the register.
 rv=v.generation-m.work_generation;
    ^^^^^^^^^^^^^^^^^^^^^^^^^^^^^^
/home/philip/Projects/DNP3/defense4/timing/case4_architecture/protocol/evidence/tagged_03/source/tagged_cache_writer.p4(148): [--Werror=unsupported] error: : In Stateful ALU for registers with two fields or a single 64 bit field, subtraction can only be used when the result is written to the register.
 rv=v.generation-m.work_generation;
    ^^^^^^^^^^^^^^^^^^^^^^^^^^^^^^
/home/philip/Projects/DNP3/defense4/timing/case4_architecture/protocol/evidence/tagged_03/source/tagged_cache_writer.p4(158): [--Werror=unsupported] error: : In Stateful ALU for registers with two fields or a single 64 bit field, subtraction can only be used when the result is written to the register.
 rv=v.generation-m.work_generation;
    ^^^^^^^^^^^^^^^^^^^^^^^^^^^^^^

14 errors, 5 warnings generated.

