/home/philip/Projects/DNP3/defense4/timing/response_ready/evidence/local_build_07/defense4_timing.p4(1972): [--Wwarn=unused] warning: ts_first_block_w: unused instance
    RegisterAction<bit<32>, bit<1>, bit<32>>(reg_ts_first_block) ts_first_block_w = {
                                                                 ^^^^^^^^^^^^^^^^
/home/philip/Projects/DNP3/defense4/timing/response_ready/evidence/local_build_07/defense4_timing.p4(1976): [--Wwarn=unused] warning: ts_ack_arm_w: unused instance
    RegisterAction<bit<32>, bit<1>, bit<32>>(reg_ts_ack_arm) ts_ack_arm_w = {
                                                             ^^^^^^^^^^^^
/home/philip/Projects/DNP3/defense4/timing/response_ready/evidence/local_build_07/defense4_timing.p4(1980): [--Wwarn=unused] warning: ts_block_term_w: unused instance
    RegisterAction<bit<32>, bit<1>, bit<32>>(reg_ts_block_term) ts_block_term_w = {
                                                                ^^^^^^^^^^^^^^^
/home/philip/Projects/DNP3/defense4/timing/response_ready/evidence/local_build_07/defense4_timing.p4(1988): [--Wwarn=unused] warning: ts_ack_release_w: unused instance
    RegisterAction<bit<32>, bit<1>, bit<32>>(reg_ts_ack_release) ts_ack_release_w = {
                                                                 ^^^^^^^^^^^^^^^^
/home/philip/Projects/DNP3/defense4/timing/response_ready/evidence/local_build_07/defense4_timing.p4(2099): [--Wwarn=unused] warning: ctr_fresh: unused instance
    Counter<bit<64>, bit<8>>(32, CounterType_t.PACKETS) ctr_fresh; /* CF_* slots */
                                                        ^^^^^^^^^
/home/philip/Projects/DNP3/defense4/timing/response_ready/evidence/local_build_07/defense4_timing.p4(2100): [--Wwarn=unused] warning: ctr_deq: unused instance
    Counter<bit<64>, bit<8>>(16, CounterType_t.PACKETS) ctr_deq; /* CD_* slots */
                                                        ^^^^^^^
/home/philip/Projects/DNP3/defense4/timing/response_ready/evidence/local_build_07/defense4_timing.p4(872): [--Wwarn=uninitialized_out_param] warning: out parameter 'meta' may be uninitialized when 'IgParser' terminates
                out ig_meta_t meta,
                              ^^^^
/home/philip/Projects/DNP3/defense4/timing/response_ready/evidence/local_build_07/defense4_timing.p4(870)
parser IgParser(packet_in pkt,
       ^^^^^^^^
warning: Parser state min_parse_depth_accept_loop will be unrolled up to 3 times due to @pragma max_loop_depth.
[--Werror=unsupported] error: Two or more assignments of rv inside the register action owner_arm are not mutually exclusive and thus cannot be implemented in Tofino Stateful ALU.
	These potentially sequential assignments have been detected here:
/home/philip/Projects/DNP3/defense4/timing/response_ready/evidence/local_build_07/defense4_timing.p4(1329)
            rv = v;
               ^
/home/philip/Projects/DNP3/defense4/timing/response_ready/evidence/local_build_07/defense4_timing.p4(1331)
                rv = v + 32w0x10002;
                   ^
Please, rewrite your code to make sure the value is assigned no more than once in all cases.
/home/philip/Projects/DNP3/defense4/timing/response_ready/evidence/local_build_07/defense4_timing.p4(1329): [--Werror=unsupported] error: Incompatible outputs in RegisterAction: mem_lo and alu_hi

            rv = v;
                 ^
/home/philip/Projects/DNP3/defense4/timing/response_ready/evidence/local_build_07/defense4_timing.p4(1331)
                rv = v + 32w0x10002;
                     ^

2 errors, 8 warnings generated.

