{
  "artifact_sha256": {},
  "command": [
    "/home/philip/bf-sde-9.13.1/install/bin/bf-p4c",
    "--target",
    "tofino",
    "--arch",
    "tna",
    "-g",
    "-o",
    "/home/philip/Projects/DNP3/defense4/timing/case4_architecture/integration/evidence/route_ab_01/response_only_14/compile_local/out",
    "/home/philip/Projects/DNP3/defense4/timing/case4_architecture/integration/evidence/route_ab_01/response_only_14/compile_local/source/response_only.p4"
  ],
  "compile_log_sha256": "4b23576dd21e22a00434747f34aecca675167d87e69f19d23ad488cf8ae3c030",
  "compiler": "p4c 9.13.1 (SHA: e558d01)",
  "compiler_path": "/home/philip/bf-sde-9.13.1/install/bin/bf-p4c",
  "compiler_sha256": "e75d059fb5bba9cdf2bdda9a8430e31a997077e27dd3f156e5de34e38339ff41",
  "elapsed_seconds": 75.591,
  "exit_code": 2,
  "full_target": false,
  "milestone": "compile_failed",
  "source": "/home/philip/Projects/DNP3/defense4/timing/case4_architecture/integration/evidence/route_ab_01/response_only_14/source/response_only.p4",
  "source_files": {
    "response_only.p4": "a2c3c0eefa44e877ec3f547af8ac288a018431467cdf652b7eb5fae9bbaed674"
  },
  "source_sha256": "a2c3c0eefa44e877ec3f547af8ac288a018431467cdf652b7eb5fae9bbaed674",
  "timeout_seconds": 600
}
