[18:02:27] === CAMPAIGN spec=defense4/timing/campaigns/fix_campaignB.spec out=defense4/timing/evidence/campaign_fixB_20260807T180227Z init=OFF keep_d4=1 ===
[18:02:31] preflight OK: defense4_caseA loaded, binary sha matches, relay reachable
[18:02:36] watchdog armed (deadline 2400s)
[18:02:36] --- initialize (mode OFF) ---
[18:02:37] --- block 1: FB_D3_2_00 mode=D3 D_A=8ms D_R=0ms N=60 gap=0.4 seq0=0 budget=default ---
   verdict=clean hard=[] responded=60/60
[18:03:09] --- block 2: FB_D2_1_01 mode=D2 D_A=0ms D_R=10ms N=60 gap=0.4 seq0=4 budget=default ---
   verdict=clean hard=[] responded=60/60
[18:03:41] --- block 3: FB_OFF_2_02 mode=OFF D_A=0ms D_R=0ms N=60 gap=0.4 seq0=8 budget=default ---
   verdict=clean hard=[] responded=60/60
[18:04:13] --- block 4: FB_D3_1_03 mode=D3 D_A=8ms D_R=0ms N=60 gap=0.4 seq0=12 budget=default ---
   verdict=clean hard=[] responded=60/60
[18:04:45] --- block 5: FB_D1_1_04 mode=D1 D_A=3ms D_R=3ms N=60 gap=0.4 seq0=0 budget=default ---
   verdict=clean hard=[] responded=60/60
[18:05:17] --- block 6: FB_D4_2_05 mode=D4 D_A=4ms D_R=10ms N=60 gap=0.4 seq0=4 budget=default ---
   verdict=clean hard=[] responded=60/60
[18:05:49] --- block 7: FB_D1_2_06 mode=D1 D_A=3ms D_R=3ms N=60 gap=0.4 seq0=8 budget=default ---
   verdict=clean hard=[] responded=60/60
[18:06:21] --- block 8: FB_D4_1_07 mode=D4 D_A=4ms D_R=10ms N=60 gap=0.4 seq0=12 budget=default ---
   verdict=clean hard=[] responded=60/60
[18:06:54] --- block 9: FB_D2_2_08 mode=D2 D_A=0ms D_R=10ms N=60 gap=0.4 seq0=0 budget=default ---
   verdict=clean hard=[] responded=60/60
[18:07:26] --- block 10: FB_OFF_1_09 mode=OFF D_A=0ms D_R=0ms N=60 gap=0.4 seq0=4 budget=default ---
   verdict=clean hard=[] responded=60/60
[18:07:58] --- collecting pcaps + manifest ---
[18:08:01] pcaps: 10
[18:08:01] === CAMPAIGN complete: 10 blocks -> defense4/timing/evidence/campaign_fixB_20260807T180227Z/blocks.jsonl ===
[18:08:03] success: leaving Defense 4 running (forwarding verified); standing watchdog down
