Table allocation done 1 time(s), state = INITIAL
Number of stages in table allocation: 12
  Number of stages for ingress table allocation: 12
  Number of stages for egress table allocation: 0
Critical path length through the table dependency graph: 11
Number of tables allocated: 94
+-------+-----------------+---------------------------------+
| Stage | Min / Max Stage |           Table Name            |
+-------+-----------------+---------------------------------+
|   0   |    [ 0, 1 ]     |     tbl_defense4_timing3149     |
|   0   |    [ -, - ]     |       Ingress.tbl_params        |
|   0   |    [ 0, 1 ]     |       Ingress.tbl_session       |
|   0   |    [ 0, 2 ]     | Ingress.tbl_read_release_params |
|   0   |    [ 0, 2 ]     |     tbl_defense4_timing3296     |
|   0   |    [ 0, 2 ]     |     tbl_defense4_timing3161     |
|   0   |    [ 0, 4 ]     |     tbl_defense4_timing3155     |
|   0   |    [ 0, 4 ]     |    Ingress.tbl_build_exp_ack    |
|   0   |    [ 0, 4 ]     |     tbl_defense4_timing3210     |
|   0   |    [ 0, 2 ]     |             cond-72             |
|   0   |    [ 0, 2 ]     |     tbl_defense4_timing3244     |
|   0   |   [ 0, 10 ]     |     tbl_defense4_timing3152     |
|   1   |    [ 1, 2 ]     |     tbl_defense4_timing3246     |
|   1   |    [ 0, 2 ]     |     tbl_defense4_timing3268     |
|   1   |    [ 1, 2 ]     |     tbl_defense4_timing3249     |
|   1   |    [ 0, 2 ]     |     tbl_defense4_timing3274     |
|   1   |    [ 1, 2 ]     |     tbl_defense4_timing3252     |
|   1   |    [ 0, 3 ]     |     tbl_defense4_timing3284     |
|   1   |    [ 1, 7 ]     |    Ingress.tbl_bor_codebook     |
|   1   |    [ 0, 5 ]     |             cond-61             |
|   1   |    [ 0, 5 ]     |     tbl_defense4_timing3197     |
|   1   |    [ 0, 5 ]     |     tbl_defense4_timing3198     |
|   1   |    [ 0, 5 ]     |     tbl_defense4_timing3199     |
|   1   |    [ 0, 4 ]     |     Ingress.tbl_bor_params      |
|   1   |    [ 1, 5 ]     |      Ingress.tbl_build_now      |
|   1   |    [ 0, 6 ]     |             cond-65             |
|   1   |    [ 0, 6 ]     |     tbl_defense4_timing3207     |
|   1   |    [ 0, 6 ]     |     tbl_defense4_timing3208     |
|   2   |    [ 1, 6 ]     |     tbl_defense4_timing3203     |
|   2   |    [ 1, 6 ]     |     tbl_defense4_timing3204     |
|   2   |    [ 1, 6 ]     |     tbl_defense4_timing3205     |
|   2   |    [ 2, 3 ]     |   Ingress.tbl_owner_admission   |
|   2   |    [ 1, 5 ]     |  Ingress.tbl_random_deadlines   |
|   2   |    [ 2, 8 ]     |     tbl_defense4_timing3436     |
|   2   |    [ 0, 9 ]     |     tbl_defense4_timing3164     |
|   3   |    [ 3, 4 ]     |  Ingress.tbl_tracker_admission  |
|   3   |    [ 3, 5 ]     |     tbl_defense4_timing3299     |
|   3   |    [ 2, 6 ]     |   Ingress.tbl_build_cand_resp   |
|   3   |    [ 2, 6 ]     |     Ingress.tbl_build_cand      |
|   3   |    [ 2, 6 ]     |     tbl_defense4_timing3219     |
|   3   |    [ 2, 7 ]     |     tbl_defense4_timing3423     |
|   3   |    [ 2, 7 ]     |     tbl_defense4_timing3424     |
|   3   |    [ 2, 7 ]     |     tbl_defense4_timing3425     |
|   3   |    [ 2, 7 ]     |     tbl_defense4_timing3426     |
|   4   |    [ 4, 5 ]     |    Ingress.tbl_expected_ack     |
|   4   |    [ 4, 5 ]     |     tbl_defense4_timing3310     |
|   4   |    [ 4, 5 ]     |     tbl_defense4_timing3307     |
|   4   |    [ 4, 5 ]     |     tbl_defense4_timing3308     |
|   4   |    [ 4, 5 ]     |     tbl_defense4_timing3305     |
|   4   |    [ 4, 5 ]     |     tbl_defense4_timing3306     |
|   4   |    [ 4, 6 ]     |     Ingress.tbl_owner_valid     |
|   4   |    [ 3, 8 ]     |     tbl_defense4_timing3438     |
|   4   |    [ 3, 8 ]     |     tbl_defense4_timing3439     |
|   4   |    [ 3, 9 ]     |     tbl_defense4_timing3440     |
|   5   |    [ 5, 6 ]     |   Ingress.tbl_resp_authorise    |
|   5   |    [ 5, 6 ]     |             cond-85             |
|   5   |    [ 5, 6 ]     |     tbl_defense4_timing3327     |
|   5   |    [ 5, 6 ]     |     tbl_defense4_timing3329     |
|   5   |    [ 5, 7 ]     |     tbl_defense4_timing3332     |
|   5   |    [ 3, 7 ]     |  Ingress.tbl_select_deadlines   |
|   5   |    [ 5, 7 ]     |             cond-88             |
|   6   |    [ 6, 7 ]     |     tbl_defense4_timing3352     |
|   6   |    [ 6, 7 ]     |             cond-90             |
|   6   |    [ 6, 7 ]     |     tbl_defense4_timing3357     |
|   6   |    [ 6, 7 ]     |     tbl_defense4_timing3361     |
|   7   |    [ 6, 7 ]     |     tbl_defense4_timing3367     |
|   7   |    [ 6, 7 ]     |     tbl_defense4_timing3373     |
|   7   |    [ 6, 7 ]     |     tbl_defense4_timing3389     |
|   7   |    [ 6, 7 ]     |     tbl_defense4_timing3384     |
|   7   |    [ 6, 7 ]     |     tbl_defense4_timing3386     |
|   7   |    [ 6, 8 ]     |     tbl_defense4_timing3363     |
|   7   |    [ 7, 8 ]     |     tbl_defense4_timing3362     |
|   7   |    [ 7, 8 ]     |     tbl_defense4_timing3358     |
|   7   |    [ 7, 8 ]     |     tbl_defense4_timing3353     |
|   7   |    [ 4, 8 ]     |     tbl_defense4_timing3427     |
|   7   |    [ 4, 8 ]     |     tbl_defense4_timing3428     |
|   7   |    [ 4, 8 ]     |     tbl_defense4_timing3435     |
|   7   |    [ 4, 9 ]     |            cond-108             |
|   8   |    [ 5, 9 ]     |     tbl_defense4_timing3444     |
|   8   |    [ 5, 9 ]     |     tbl_defense4_timing3445     |
|   8   |    [ 5, 9 ]     |     tbl_defense4_timing3446     |
|   8   |    [ 7, 8 ]     |     Ingress.tbl_txn_active      |
|   8   |    [ 8, 9 ]     |    Ingress.tbl_state_decode     |
|   8   |    [ 8, 9 ]     |    Ingress.tbl_resp_deadline    |
|   8   |    [ 7, 9 ]     |             cond-97             |
|   9   |    [ 8, 9 ]     |     tbl_defense4_timing3405     |
|   9   |    [ 8, 9 ]     |     tbl_defense4_timing3406     |
|   9   |    [ 8, 9 ]     |     tbl_defense4_timing3412     |
|   9   |    [ 8, 9 ]     |       Ingress.tbl_hold_ok       |
|  10   |   [ 9, 10 ]     |    Ingress.tbl_decide_fresh     |
|  10   |   [ 9, 10 ]     |     Ingress.tbl_decide_deq      |
|  11   |   [ 10, 11 ]    |     tbl_defense4_timing3475     |
|  11   |   [ 10, 11 ]    |       Ingress.tbl_commit        |
|  11   |   [ 10, 11 ]    |     Ingress.tbl_held_owner      |
+-------+-----------------+---------------------------------+

NOTES:  - A '*' next to the min / max stage column indicates the table is placed outside its allowed scope

Table allocation done 2 time(s), state = NOCC_TRY1
Number of stages in table allocation: 12
  Number of stages for ingress table allocation: 12
  Number of stages for egress table allocation: 0
Critical path length through the table dependency graph: 11
Number of tables allocated: 94
+-------+-----------------+---------------------------------+
| Stage | Min / Max Stage |           Table Name            |
+-------+-----------------+---------------------------------+
|   0   |    [ 0, 1 ]     |     tbl_defense4_timing3149     |
|   0   |    [ -, - ]     |       Ingress.tbl_params        |
|   0   |    [ 0, 1 ]     |       Ingress.tbl_session       |
|   0   |    [ 0, 2 ]     | Ingress.tbl_read_release_params |
|   0   |    [ 0, 2 ]     |     tbl_defense4_timing3296     |
|   0   |    [ 0, 2 ]     |     tbl_defense4_timing3161     |
|   0   |    [ 0, 4 ]     |     tbl_defense4_timing3155     |
|   0   |    [ 0, 4 ]     |    Ingress.tbl_build_exp_ack    |
|   0   |    [ 0, 4 ]     |     tbl_defense4_timing3210     |
|   0   |    [ 0, 2 ]     |             cond-72             |
|   0   |    [ 0, 2 ]     |     tbl_defense4_timing3268     |
|   0   |    [ 0, 2 ]     |     tbl_defense4_timing3274     |
|   0   |    [ 0, 2 ]     |     tbl_defense4_timing3244     |
|   0   |    [ 0, 3 ]     |     tbl_defense4_timing3284     |
|   0   |   [ 0, 10 ]     |     tbl_defense4_timing3152     |
|   1   |    [ 1, 2 ]     |     tbl_defense4_timing3246     |
|   1   |    [ 1, 2 ]     |     tbl_defense4_timing3249     |
|   1   |    [ 1, 2 ]     |     tbl_defense4_timing3252     |
|   1   |    [ 1, 7 ]     |    Ingress.tbl_bor_codebook     |
|   1   |    [ 0, 5 ]     |             cond-61             |
|   1   |    [ 0, 5 ]     |     tbl_defense4_timing3197     |
|   1   |    [ 0, 5 ]     |     tbl_defense4_timing3198     |
|   1   |    [ 0, 5 ]     |     tbl_defense4_timing3199     |
|   1   |    [ 0, 4 ]     |     Ingress.tbl_bor_params      |
|   1   |    [ 1, 5 ]     |      Ingress.tbl_build_now      |
|   1   |    [ 0, 6 ]     |             cond-65             |
|   1   |    [ 0, 6 ]     |     tbl_defense4_timing3207     |
|   1   |    [ 0, 6 ]     |     tbl_defense4_timing3208     |
|   2   |    [ 1, 6 ]     |     tbl_defense4_timing3203     |
|   2   |    [ 1, 6 ]     |     tbl_defense4_timing3204     |
|   2   |    [ 1, 6 ]     |     tbl_defense4_timing3205     |
|   2   |    [ 2, 3 ]     |   Ingress.tbl_owner_admission   |
|   2   |    [ 1, 5 ]     |  Ingress.tbl_random_deadlines   |
|   2   |    [ 2, 8 ]     |     tbl_defense4_timing3436     |
|   2   |    [ 0, 9 ]     |     tbl_defense4_timing3164     |
|   3   |    [ 3, 4 ]     |  Ingress.tbl_tracker_admission  |
|   3   |    [ 3, 5 ]     |     tbl_defense4_timing3299     |
|   3   |    [ 2, 6 ]     |   Ingress.tbl_build_cand_resp   |
|   3   |    [ 2, 6 ]     |     Ingress.tbl_build_cand      |
|   3   |    [ 2, 6 ]     |     tbl_defense4_timing3219     |
|   3   |    [ 2, 7 ]     |     tbl_defense4_timing3423     |
|   3   |    [ 2, 7 ]     |     tbl_defense4_timing3424     |
|   3   |    [ 2, 7 ]     |     tbl_defense4_timing3425     |
|   3   |    [ 2, 7 ]     |     tbl_defense4_timing3426     |
|   4   |    [ 4, 5 ]     |    Ingress.tbl_expected_ack     |
|   4   |    [ 4, 5 ]     |     tbl_defense4_timing3310     |
|   4   |    [ 4, 5 ]     |     tbl_defense4_timing3307     |
|   4   |    [ 4, 5 ]     |     tbl_defense4_timing3308     |
|   4   |    [ 4, 5 ]     |     tbl_defense4_timing3305     |
|   4   |    [ 4, 5 ]     |     tbl_defense4_timing3306     |
|   4   |    [ 4, 6 ]     |     Ingress.tbl_owner_valid     |
|   4   |    [ 3, 7 ]     |  Ingress.tbl_select_deadlines   |
|   4   |    [ 3, 8 ]     |     tbl_defense4_timing3438     |
|   4   |    [ 3, 8 ]     |     tbl_defense4_timing3439     |
|   4   |    [ 3, 9 ]     |     tbl_defense4_timing3440     |
|   5   |    [ 5, 6 ]     |   Ingress.tbl_resp_authorise    |
|   5   |    [ 5, 6 ]     |             cond-85             |
|   5   |    [ 5, 6 ]     |     tbl_defense4_timing3327     |
|   5   |    [ 5, 6 ]     |     tbl_defense4_timing3329     |
|   5   |    [ 5, 7 ]     |     tbl_defense4_timing3332     |
|   5   |    [ 5, 7 ]     |             cond-88             |
|   6   |    [ 6, 7 ]     |     tbl_defense4_timing3352     |
|   6   |    [ 6, 7 ]     |             cond-90             |
|   6   |    [ 6, 7 ]     |     tbl_defense4_timing3357     |
|   6   |    [ 6, 7 ]     |     tbl_defense4_timing3361     |
|   7   |    [ 6, 7 ]     |     tbl_defense4_timing3367     |
|   7   |    [ 6, 7 ]     |     tbl_defense4_timing3373     |
|   7   |    [ 6, 7 ]     |     tbl_defense4_timing3389     |
|   7   |    [ 6, 7 ]     |     tbl_defense4_timing3384     |
|   7   |    [ 6, 7 ]     |     tbl_defense4_timing3386     |
|   7   |    [ 6, 8 ]     |     tbl_defense4_timing3363     |
|   7   |    [ 7, 8 ]     |     tbl_defense4_timing3362     |
|   7   |    [ 7, 8 ]     |     tbl_defense4_timing3358     |
|   7   |    [ 7, 8 ]     |     tbl_defense4_timing3353     |
|   7   |    [ 4, 8 ]     |     tbl_defense4_timing3427     |
|   7   |    [ 4, 8 ]     |     tbl_defense4_timing3428     |
|   7   |    [ 4, 8 ]     |     tbl_defense4_timing3435     |
|   7   |    [ 4, 9 ]     |            cond-108             |
|   8   |    [ 5, 9 ]     |     tbl_defense4_timing3444     |
|   8   |    [ 5, 9 ]     |     tbl_defense4_timing3445     |
|   8   |    [ 5, 9 ]     |     tbl_defense4_timing3446     |
|   8   |    [ 7, 8 ]     |     Ingress.tbl_txn_active      |
|   8   |    [ 8, 9 ]     |    Ingress.tbl_state_decode     |
|   8   |    [ 8, 9 ]     |    Ingress.tbl_resp_deadline    |
|   8   |    [ 8, 9 ]     |       Ingress.tbl_hold_ok       |
|   8   |    [ 7, 9 ]     |             cond-97             |
|   9   |    [ 8, 9 ]     |     tbl_defense4_timing3405     |
|   9   |    [ 8, 9 ]     |     tbl_defense4_timing3406     |
|   9   |    [ 8, 9 ]     |     tbl_defense4_timing3412     |
|   9   |   [ 9, 10 ]     |     Ingress.tbl_decide_deq      |
|  10   |   [ 9, 10 ]     |    Ingress.tbl_decide_fresh     |
|  11   |   [ 10, 11 ]    |     tbl_defense4_timing3475     |
|  11   |   [ 10, 11 ]    |       Ingress.tbl_commit        |
|  11   |   [ 10, 11 ]    |     Ingress.tbl_held_owner      |
+-------+-----------------+---------------------------------+

NOTES:  - A '*' next to the min / max stage column indicates the table is placed outside its allowed scope

Table allocation done 3 time(s), state = REDO_PHV1
Number of stages in table allocation: 12
  Number of stages for ingress table allocation: 12
  Number of stages for egress table allocation: 0
Critical path length through the table dependency graph: 11
Invoking table placement without container conflicts because previous round of table placement took 12 stages.
Number of tables allocated: 94
+-------+-----------------+---------------------------------+
| Stage | Min / Max Stage |           Table Name            |
+-------+-----------------+---------------------------------+
|   0   |    [ 0, 1 ]     |     tbl_defense4_timing3149     |
|   0   |    [ -, - ]     |       Ingress.tbl_params        |
|   0   |    [ 0, 1 ]     |       Ingress.tbl_session       |
|   0   |    [ 0, 2 ]     | Ingress.tbl_read_release_params |
|   0   |    [ 0, 2 ]     |     tbl_defense4_timing3161     |
|   0   |    [ 0, 2 ]     |     tbl_defense4_timing3296     |
|   0   |    [ 0, 5 ]     |     tbl_defense4_timing3155     |
|   0   |    [ 0, 5 ]     |     Ingress.tbl_bor_params      |
|   0   |    [ 0, 4 ]     |    Ingress.tbl_build_exp_ack    |
|   0   |    [ 0, 5 ]     |     tbl_defense4_timing3210     |
|   0   |    [ 0, 2 ]     |             cond-72             |
|   0   |    [ 0, 2 ]     |     tbl_defense4_timing3268     |
|   0   |    [ 0, 2 ]     |     tbl_defense4_timing3274     |
|   0   |    [ 0, 2 ]     |     tbl_defense4_timing3244     |
|   0   |    [ 0, 3 ]     |     tbl_defense4_timing3284     |
|   0   |   [ 0, 10 ]     |     tbl_defense4_timing3152     |
|   1   |    [ 1, 2 ]     |     tbl_defense4_timing3246     |
|   1   |    [ 1, 2 ]     |     tbl_defense4_timing3249     |
|   1   |    [ 1, 2 ]     |     tbl_defense4_timing3252     |
|   1   |    [ 1, 6 ]     |  Ingress.tbl_random_deadlines   |
|   1   |    [ 1, 7 ]     |    Ingress.tbl_bor_codebook     |
|   1   |    [ 0, 5 ]     |             cond-61             |
|   1   |    [ 0, 5 ]     |     tbl_defense4_timing3197     |
|   1   |    [ 0, 5 ]     |     tbl_defense4_timing3198     |
|   1   |    [ 0, 5 ]     |     tbl_defense4_timing3199     |
|   1   |    [ 1, 6 ]     |      Ingress.tbl_build_now      |
|   1   |    [ 0, 6 ]     |             cond-65             |
|   1   |    [ 0, 6 ]     |     tbl_defense4_timing3207     |
|   1   |    [ 0, 6 ]     |     tbl_defense4_timing3208     |
|   2   |    [ 1, 6 ]     |     tbl_defense4_timing3203     |
|   2   |    [ 1, 6 ]     |     tbl_defense4_timing3204     |
|   2   |    [ 1, 6 ]     |     tbl_defense4_timing3205     |
|   2   |    [ 2, 3 ]     |   Ingress.tbl_owner_admission   |
|   2   |    [ 2, 7 ]     |   Ingress.tbl_build_cand_resp   |
|   2   |    [ 2, 7 ]     |     Ingress.tbl_build_cand      |
|   2   |    [ 2, 7 ]     |     tbl_defense4_timing3219     |
|   2   |    [ 2, 8 ]     |     tbl_defense4_timing3436     |
|   2   |    [ 0, 9 ]     |     tbl_defense4_timing3164     |
|   3   |    [ 3, 8 ]     |  Ingress.tbl_select_deadlines   |
|   3   |    [ 3, 4 ]     |     tbl_defense4_timing3299     |
|   3   |    [ 3, 4 ]     |  Ingress.tbl_tracker_admission  |
|   3   |    [ 2, 8 ]     |     tbl_defense4_timing3427     |
|   3   |    [ 2, 8 ]     |     tbl_defense4_timing3428     |
|   3   |    [ 2, 8 ]     |     tbl_defense4_timing3435     |
|   3   |    [ 2, 9 ]     |            cond-108             |
|   4   |    [ 3, 9 ]     |     tbl_defense4_timing3444     |
|   4   |    [ 3, 9 ]     |     tbl_defense4_timing3445     |
|   4   |    [ 3, 9 ]     |     tbl_defense4_timing3446     |
|   4   |    [ 4, 5 ]     |    Ingress.tbl_expected_ack     |
|   4   |    [ 4, 5 ]     |     tbl_defense4_timing3310     |
|   4   |    [ 4, 5 ]     |     tbl_defense4_timing3307     |
|   4   |    [ 4, 5 ]     |     tbl_defense4_timing3308     |
|   4   |    [ 4, 5 ]     |     tbl_defense4_timing3305     |
|   4   |    [ 4, 5 ]     |     tbl_defense4_timing3306     |
|   5   |    [ 4, 6 ]     |     Ingress.tbl_owner_valid     |
|   5   |    [ 5, 6 ]     |   Ingress.tbl_resp_authorise    |
|   5   |    [ 5, 6 ]     |             cond-85             |
|   5   |    [ 5, 6 ]     |     tbl_defense4_timing3327     |
|   5   |    [ 5, 6 ]     |     tbl_defense4_timing3329     |
|   5   |    [ 5, 7 ]     |     tbl_defense4_timing3332     |
|   5   |    [ 5, 7 ]     |             cond-88             |
|   6   |    [ 6, 7 ]     |     tbl_defense4_timing3352     |
|   6   |    [ 6, 7 ]     |             cond-90             |
|   6   |    [ 6, 7 ]     |     tbl_defense4_timing3357     |
|   6   |    [ 6, 7 ]     |     tbl_defense4_timing3361     |
|   7   |    [ 6, 8 ]     |     tbl_defense4_timing3363     |
|   7   |    [ 7, 8 ]     |     tbl_defense4_timing3362     |
|   7   |    [ 7, 8 ]     |     tbl_defense4_timing3358     |
|   7   |    [ 7, 8 ]     |     tbl_defense4_timing3353     |
|   7   |    [ 6, 8 ]     |     tbl_defense4_timing3367     |
|   7   |    [ 6, 8 ]     |     tbl_defense4_timing3373     |
|   7   |    [ 6, 8 ]     |     tbl_defense4_timing3389     |
|   7   |    [ 6, 8 ]     |     tbl_defense4_timing3384     |
|   7   |    [ 6, 8 ]     |     tbl_defense4_timing3386     |
|   7   |    [ 2, 7 ]     |     tbl_defense4_timing3423     |
|   7   |    [ 2, 7 ]     |     tbl_defense4_timing3424     |
|   7   |    [ 2, 7 ]     |     tbl_defense4_timing3425     |
|   7   |    [ 2, 7 ]     |     tbl_defense4_timing3426     |
|   7   |    [ 6, 9 ]     |             cond-97             |
|   8   |    [ 7, 9 ]     |     tbl_defense4_timing3405     |
|   8   |    [ 7, 9 ]     |     tbl_defense4_timing3406     |
|   8   |    [ 7, 9 ]     |     tbl_defense4_timing3412     |
|   8   |    [ 3, 8 ]     |     tbl_defense4_timing3438     |
|   8   |    [ 3, 8 ]     |     tbl_defense4_timing3439     |
|   8   |    [ 3, 9 ]     |     tbl_defense4_timing3440     |
|   8   |    [ 8, 9 ]     |    Ingress.tbl_state_decode     |
|   8   |    [ 7, 9 ]     |     Ingress.tbl_txn_active      |
|   8   |    [ 8, 9 ]     |    Ingress.tbl_resp_deadline    |
|   9   |    [ 8, 9 ]     |       Ingress.tbl_hold_ok       |
|  10   |   [ 9, 10 ]     |    Ingress.tbl_decide_fresh     |
|  10   |   [ 9, 10 ]     |     Ingress.tbl_decide_deq      |
|  11   |   [ 10, 11 ]    |     tbl_defense4_timing3475     |
|  11   |   [ 10, 11 ]    |       Ingress.tbl_commit        |
|  11   |   [ 10, 11 ]    |     Ingress.tbl_held_owner      |
+-------+-----------------+---------------------------------+

NOTES:  - A '*' next to the min / max stage column indicates the table is placed outside its allowed scope

Table allocation done 4 time(s), state = NOCC_TRY2
Number of stages in table allocation: 11
  Number of stages for ingress table allocation: 11
  Number of stages for egress table allocation: 0
Critical path length through the table dependency graph: 11
Number of tables allocated: 94
+-------+-----------------+---------------------------------+
| Stage | Min / Max Stage |           Table Name            |
+-------+-----------------+---------------------------------+
|   0   |    [ 0, 1 ]     |     tbl_defense4_timing3149     |
|   0   |    [ -, - ]     |       Ingress.tbl_params        |
|   0   |    [ 0, 1 ]     |       Ingress.tbl_session       |
|   0   |    [ 0, 2 ]     | Ingress.tbl_read_release_params |
|   0   |    [ 0, 2 ]     |     tbl_defense4_timing3161     |
|   0   |    [ 0, 2 ]     |     tbl_defense4_timing3296     |
|   0   |    [ 0, 5 ]     |     tbl_defense4_timing3155     |
|   0   |    [ 0, 5 ]     |     Ingress.tbl_bor_params      |
|   0   |    [ 0, 4 ]     |    Ingress.tbl_build_exp_ack    |
|   0   |    [ 0, 5 ]     |     tbl_defense4_timing3210     |
|   0   |    [ 0, 2 ]     |             cond-72             |
|   0   |    [ 0, 2 ]     |     tbl_defense4_timing3268     |
|   0   |    [ 0, 2 ]     |     tbl_defense4_timing3274     |
|   0   |    [ 0, 2 ]     |     tbl_defense4_timing3244     |
|   0   |    [ 0, 3 ]     |     tbl_defense4_timing3284     |
|   0   |   [ 0, 10 ]     |     tbl_defense4_timing3152     |
|   1   |    [ 1, 2 ]     |     tbl_defense4_timing3246     |
|   1   |    [ 1, 2 ]     |     tbl_defense4_timing3249     |
|   1   |    [ 1, 2 ]     |     tbl_defense4_timing3252     |
|   1   |    [ 1, 6 ]     |  Ingress.tbl_random_deadlines   |
|   1   |    [ 1, 7 ]     |    Ingress.tbl_bor_codebook     |
|   1   |    [ 0, 5 ]     |             cond-61             |
|   1   |    [ 0, 5 ]     |     tbl_defense4_timing3197     |
|   1   |    [ 0, 5 ]     |     tbl_defense4_timing3198     |
|   1   |    [ 0, 5 ]     |     tbl_defense4_timing3199     |
|   1   |    [ 1, 6 ]     |      Ingress.tbl_build_now      |
|   1   |    [ 0, 6 ]     |             cond-65             |
|   1   |    [ 0, 6 ]     |     tbl_defense4_timing3207     |
|   1   |    [ 0, 6 ]     |     tbl_defense4_timing3208     |
|   2   |    [ 1, 6 ]     |     tbl_defense4_timing3203     |
|   2   |    [ 1, 6 ]     |     tbl_defense4_timing3204     |
|   2   |    [ 1, 6 ]     |     tbl_defense4_timing3205     |
|   2   |    [ 2, 3 ]     |   Ingress.tbl_owner_admission   |
|   2   |    [ 2, 7 ]     |   Ingress.tbl_build_cand_resp   |
|   2   |    [ 2, 7 ]     |     Ingress.tbl_build_cand      |
|   2   |    [ 2, 7 ]     |     tbl_defense4_timing3219     |
|   2   |    [ 2, 8 ]     |     tbl_defense4_timing3436     |
|   2   |    [ 0, 9 ]     |     tbl_defense4_timing3164     |
|   3   |    [ 3, 8 ]     |  Ingress.tbl_select_deadlines   |
|   3   |    [ 3, 4 ]     |     tbl_defense4_timing3299     |
|   3   |    [ 3, 4 ]     |  Ingress.tbl_tracker_admission  |
|   3   |    [ 2, 7 ]     |     tbl_defense4_timing3423     |
|   3   |    [ 2, 7 ]     |     tbl_defense4_timing3424     |
|   3   |    [ 2, 7 ]     |     tbl_defense4_timing3425     |
|   3   |    [ 2, 7 ]     |     tbl_defense4_timing3426     |
|   3   |    [ 2, 8 ]     |     tbl_defense4_timing3427     |
|   3   |    [ 2, 8 ]     |     tbl_defense4_timing3428     |
|   3   |    [ 2, 8 ]     |     tbl_defense4_timing3435     |
|   3   |    [ 2, 9 ]     |            cond-108             |
|   4   |    [ 3, 9 ]     |     tbl_defense4_timing3444     |
|   4   |    [ 3, 9 ]     |     tbl_defense4_timing3445     |
|   4   |    [ 3, 9 ]     |     tbl_defense4_timing3446     |
|   4   |    [ 4, 5 ]     |    Ingress.tbl_expected_ack     |
|   4   |    [ 4, 5 ]     |     tbl_defense4_timing3310     |
|   4   |    [ 4, 5 ]     |     tbl_defense4_timing3307     |
|   4   |    [ 4, 5 ]     |     tbl_defense4_timing3308     |
|   4   |    [ 4, 5 ]     |     tbl_defense4_timing3305     |
|   4   |    [ 4, 5 ]     |     tbl_defense4_timing3306     |
|   4   |    [ 4, 6 ]     |     Ingress.tbl_owner_valid     |
|   4   |    [ 3, 8 ]     |     tbl_defense4_timing3438     |
|   4   |    [ 3, 8 ]     |     tbl_defense4_timing3439     |
|   4   |    [ 3, 9 ]     |     tbl_defense4_timing3440     |
|   5   |    [ 5, 6 ]     |   Ingress.tbl_resp_authorise    |
|   5   |    [ 5, 6 ]     |             cond-85             |
|   5   |    [ 5, 6 ]     |     tbl_defense4_timing3327     |
|   5   |    [ 5, 6 ]     |     tbl_defense4_timing3329     |
|   5   |    [ 5, 7 ]     |     tbl_defense4_timing3332     |
|   5   |    [ 5, 7 ]     |             cond-88             |
|   6   |    [ 6, 7 ]     |     tbl_defense4_timing3352     |
|   6   |    [ 6, 7 ]     |             cond-90             |
|   6   |    [ 6, 7 ]     |     tbl_defense4_timing3357     |
|   6   |    [ 6, 7 ]     |     tbl_defense4_timing3361     |
|   7   |    [ 6, 8 ]     |     tbl_defense4_timing3363     |
|   7   |    [ 7, 8 ]     |     tbl_defense4_timing3362     |
|   7   |    [ 7, 8 ]     |     tbl_defense4_timing3358     |
|   7   |    [ 7, 8 ]     |     tbl_defense4_timing3353     |
|   7   |    [ 6, 8 ]     |     tbl_defense4_timing3367     |
|   7   |    [ 6, 8 ]     |     tbl_defense4_timing3373     |
|   7   |    [ 6, 8 ]     |     tbl_defense4_timing3389     |
|   7   |    [ 6, 8 ]     |     tbl_defense4_timing3384     |
|   7   |    [ 6, 8 ]     |     tbl_defense4_timing3386     |
|   7   |    [ 6, 9 ]     |             cond-97             |
|   8   |    [ 7, 9 ]     |     tbl_defense4_timing3405     |
|   8   |    [ 7, 9 ]     |     tbl_defense4_timing3406     |
|   8   |    [ 7, 9 ]     |     tbl_defense4_timing3412     |
|   8   |    [ 8, 9 ]     |    Ingress.tbl_state_decode     |
|   8   |    [ 7, 9 ]     |     Ingress.tbl_txn_active      |
|   8   |    [ 8, 9 ]     |    Ingress.tbl_resp_deadline    |
|   8   |    [ 8, 9 ]     |       Ingress.tbl_hold_ok       |
|   9   |   [ 9, 10 ]     |    Ingress.tbl_decide_fresh     |
|   9   |   [ 9, 10 ]     |     Ingress.tbl_decide_deq      |
|  10   |   [ 10, 11 ]    |     tbl_defense4_timing3475     |
|  10   |   [ 10, 11 ]    |       Ingress.tbl_commit        |
|  10   |   [ 10, 11 ]    |     Ingress.tbl_held_owner      |
+-------+-----------------+---------------------------------+

NOTES:  - A '*' next to the min / max stage column indicates the table is placed outside its allowed scope

Table allocation done 5 time(s), state = REDO_PHV2
Number of stages in table allocation: 11
  Number of stages for ingress table allocation: 11
  Number of stages for egress table allocation: 0
Critical path length through the table dependency graph: 11
Number of tables allocated: 94
+-------+-----------------+---------------------------------+
| Stage | Min / Max Stage |           Table Name            |
+-------+-----------------+---------------------------------+
|   0   |    [ 0, 1 ]     |     tbl_defense4_timing3149     |
|   0   |    [ -, - ]     |       Ingress.tbl_params        |
|   0   |    [ 0, 1 ]     |       Ingress.tbl_session       |
|   0   |    [ 0, 2 ]     | Ingress.tbl_read_release_params |
|   0   |    [ 0, 2 ]     |     tbl_defense4_timing3296     |
|   0   |    [ 0, 2 ]     |     tbl_defense4_timing3161     |
|   0   |    [ 0, 4 ]     |     tbl_defense4_timing3155     |
|   0   |    [ 0, 4 ]     |     Ingress.tbl_bor_params      |
|   0   |    [ 0, 4 ]     |    Ingress.tbl_build_exp_ack    |
|   0   |    [ 0, 4 ]     |     tbl_defense4_timing3210     |
|   0   |    [ 0, 2 ]     |             cond-72             |
|   0   |    [ 0, 2 ]     |     tbl_defense4_timing3268     |
|   0   |    [ 0, 2 ]     |     tbl_defense4_timing3274     |
|   0   |    [ 0, 2 ]     |     tbl_defense4_timing3244     |
|   0   |    [ 0, 3 ]     |     tbl_defense4_timing3284     |
|   0   |   [ 0, 10 ]     |     tbl_defense4_timing3152     |
|   1   |    [ 1, 2 ]     |     tbl_defense4_timing3246     |
|   1   |    [ 1, 2 ]     |     tbl_defense4_timing3249     |
|   1   |    [ 1, 2 ]     |     tbl_defense4_timing3252     |
|   1   |    [ 1, 5 ]     |  Ingress.tbl_random_deadlines   |
|   1   |    [ 1, 5 ]     |      Ingress.tbl_build_now      |
|   1   |    [ 1, 7 ]     |    Ingress.tbl_bor_codebook     |
|   1   |    [ 0, 5 ]     |             cond-61             |
|   1   |    [ 0, 5 ]     |     tbl_defense4_timing3197     |
|   1   |    [ 0, 5 ]     |     tbl_defense4_timing3198     |
|   1   |    [ 0, 5 ]     |     tbl_defense4_timing3199     |
|   1   |    [ 0, 6 ]     |             cond-65             |
|   1   |    [ 0, 6 ]     |     tbl_defense4_timing3207     |
|   1   |    [ 0, 6 ]     |     tbl_defense4_timing3208     |
|   2   |    [ 1, 6 ]     |     tbl_defense4_timing3203     |
|   2   |    [ 1, 6 ]     |     tbl_defense4_timing3204     |
|   2   |    [ 1, 6 ]     |     tbl_defense4_timing3205     |
|   2   |    [ 2, 3 ]     |   Ingress.tbl_owner_admission   |
|   2   |    [ 2, 6 ]     |   Ingress.tbl_build_cand_resp   |
|   2   |    [ 2, 6 ]     |     Ingress.tbl_build_cand      |
|   2   |    [ 2, 6 ]     |     tbl_defense4_timing3219     |
|   2   |    [ 2, 8 ]     |     tbl_defense4_timing3436     |
|   2   |    [ 0, 9 ]     |     tbl_defense4_timing3164     |
|   3   |    [ 3, 7 ]     |  Ingress.tbl_select_deadlines   |
|   3   |    [ 3, 4 ]     |  Ingress.tbl_tracker_admission  |
|   3   |    [ 3, 5 ]     |     tbl_defense4_timing3299     |
|   3   |    [ 2, 7 ]     |     tbl_defense4_timing3423     |
|   3   |    [ 2, 7 ]     |     tbl_defense4_timing3424     |
|   3   |    [ 2, 7 ]     |     tbl_defense4_timing3425     |
|   3   |    [ 2, 7 ]     |     tbl_defense4_timing3426     |
|   4   |    [ 4, 5 ]     |    Ingress.tbl_expected_ack     |
|   4   |    [ 4, 5 ]     |     tbl_defense4_timing3310     |
|   4   |    [ 4, 5 ]     |     tbl_defense4_timing3307     |
|   4   |    [ 4, 5 ]     |     tbl_defense4_timing3308     |
|   4   |    [ 4, 5 ]     |     tbl_defense4_timing3305     |
|   4   |    [ 4, 5 ]     |     tbl_defense4_timing3306     |
|   4   |    [ 4, 6 ]     |     Ingress.tbl_owner_valid     |
|   4   |    [ 4, 8 ]     |     tbl_defense4_timing3427     |
|   4   |    [ 4, 8 ]     |     tbl_defense4_timing3428     |
|   4   |    [ 4, 8 ]     |     tbl_defense4_timing3435     |
|   4   |    [ 4, 9 ]     |            cond-108             |
|   5   |    [ 5, 9 ]     |     tbl_defense4_timing3444     |
|   5   |    [ 5, 9 ]     |     tbl_defense4_timing3445     |
|   5   |    [ 5, 9 ]     |     tbl_defense4_timing3446     |
|   5   |    [ 5, 6 ]     |   Ingress.tbl_resp_authorise    |
|   5   |    [ 5, 6 ]     |             cond-85             |
|   5   |    [ 5, 6 ]     |     tbl_defense4_timing3327     |
|   5   |    [ 5, 6 ]     |     tbl_defense4_timing3329     |
|   5   |    [ 5, 7 ]     |     tbl_defense4_timing3332     |
|   5   |    [ 5, 7 ]     |             cond-88             |
|   6   |    [ 6, 7 ]     |     tbl_defense4_timing3352     |
|   6   |    [ 6, 7 ]     |             cond-90             |
|   6   |    [ 6, 7 ]     |     tbl_defense4_timing3357     |
|   6   |    [ 6, 7 ]     |     tbl_defense4_timing3361     |
|   7   |    [ 6, 8 ]     |     tbl_defense4_timing3363     |
|   7   |    [ 7, 8 ]     |     tbl_defense4_timing3362     |
|   7   |    [ 7, 8 ]     |     tbl_defense4_timing3358     |
|   7   |    [ 7, 8 ]     |     tbl_defense4_timing3353     |
|   7   |    [ 6, 8 ]     |     tbl_defense4_timing3367     |
|   7   |    [ 6, 8 ]     |     tbl_defense4_timing3373     |
|   7   |    [ 6, 8 ]     |     tbl_defense4_timing3389     |
|   7   |    [ 6, 8 ]     |     tbl_defense4_timing3384     |
|   7   |    [ 6, 8 ]     |     tbl_defense4_timing3386     |
|   7   |    [ 3, 8 ]     |     tbl_defense4_timing3438     |
|   7   |    [ 3, 8 ]     |     tbl_defense4_timing3439     |
|   7   |    [ 3, 9 ]     |     tbl_defense4_timing3440     |
|   7   |    [ 6, 9 ]     |             cond-97             |
|   8   |    [ 7, 9 ]     |     tbl_defense4_timing3405     |
|   8   |    [ 7, 9 ]     |     tbl_defense4_timing3406     |
|   8   |    [ 7, 9 ]     |     tbl_defense4_timing3412     |
|   8   |    [ 8, 9 ]     |    Ingress.tbl_state_decode     |
|   8   |    [ 7, 9 ]     |     Ingress.tbl_txn_active      |
|   8   |    [ 8, 9 ]     |    Ingress.tbl_resp_deadline    |
|   8   |    [ 8, 9 ]     |       Ingress.tbl_hold_ok       |
|   9   |   [ 9, 10 ]     |    Ingress.tbl_decide_fresh     |
|   9   |   [ 9, 10 ]     |     Ingress.tbl_decide_deq      |
|  10   |   [ 10, 11 ]    |     tbl_defense4_timing3475     |
|  10   |   [ 10, 11 ]    |       Ingress.tbl_commit        |
|  10   |   [ 10, 11 ]    |     Ingress.tbl_held_owner      |
+-------+-----------------+---------------------------------+

NOTES:  - A '*' next to the min / max stage column indicates the table is placed outside its allowed scope

