/home/philip/Projects/DNP3/defense4/timing/case4_architecture/protocol/egress/evidence/shared_02/source/shared_egress.p4(61): [--Wwarn=unused] warning: Table crc_gate is not used; removing
 table crc_gate{key={m.badh:exact;m.badb:exact;m.badt:exact;}actions={NoAction;}size=1;const default_action=NoAction();}
       ^^^^^^^^
/home/philip/Projects/DNP3/defense4/timing/case4_architecture/protocol/egress/evidence/shared_02/source/shared_egress.p4(17): [--Wwarn=uninitialized_out_param] warning: out parameter 'm' may be uninitialized when 'IgParser' terminates
parser IgParser(packet_in pkt,out headers_t hdr,out meta_t m,out ingress_intrinsic_metadata_t ig){Checksum() ic;Checksum() tc;
                                                           ^
/home/philip/Projects/DNP3/defense4/timing/case4_architecture/protocol/egress/evidence/shared_02/source/shared_egress.p4(17)
parser IgParser(packet_in pkt,out headers_t hdr,out meta_t m,out ingress_intrinsic_metadata_t ig){Checksum() ic;Checksum() tc;
       ^^^^^^^^
/home/philip/Projects/DNP3/defense4/timing/case4_architecture/protocol/egress/evidence/shared_02/source/shared_egress.p4(74): [--Wwarn=uninitialized_out_param] warning: out parameter 'm' may be uninitialized when 'EgParser' terminates
parser EgParser(packet_in pkt,out headers_t hdr,out meta_t m,out egress_intrinsic_metadata_t eg){
                                                           ^
/home/philip/Projects/DNP3/defense4/timing/case4_architecture/protocol/egress/evidence/shared_02/source/shared_egress.p4(74)
parser EgParser(packet_in pkt,out headers_t hdr,out meta_t m,out egress_intrinsic_metadata_t eg){
       ^^^^^^^^
warning: checksum.get() will deprecate in future versions. Please use void subtract_all_and_deposit(bit<16>) instead
warning: checksum.get() will deprecate in future versions. Please use void subtract_all_and_deposit(bit<16>) instead
warning: checksum.get() will deprecate in future versions. Please use void subtract_all_and_deposit(bit<16>) instead
warning: checksum.get() will deprecate in future versions. Please use void subtract_all_and_deposit(bit<16>) instead
error: Ran out of parser match registers for {  [ ingress::tcp : inbuf bit[144..159] hdr.tcp/tcp.urgent; ] }.
Total available parser match registers on the device are: 1x16b, 2x8b. Consider shrinking the live range of select fields or reducing the number of select fields that are being matched in the same state.
Compilation failed!


1 error, 7 warnings generated.

