+---------------------------------------------------------------------+
|  Log file: mau.resources.log                                        |
|  Compiler version: 9.13.1                                           |
|  Created on: Tue Oct  6 15:46:41 2026                               |
|  Run ID: 2dc0b09e7cf8447c                                           |
+---------------------------------------------------------------------+


---------------------------------------------------------------------------------------------------------------------------------------------------------------------------------------------------------------------------------------------------------------------------------------------------------------------------------------------------------------
| Stage Number | Exact Match Input xbar | Ternary Match Input xbar | Hash Bit | Hash Dist Unit | Gateway | SRAM | Map RAM | TCAM | VLIW Instr | Meter ALU | Stats ALU | Stash | Exact Match Search Bus | Exact Match Result Bus | Tind Result Bus | Action Data Bus Bytes | 8-bit Action Slots | 16-bit Action Slots | 32-bit Action Slots | Logical TableID |
---------------------------------------------------------------------------------------------------------------------------------------------------------------------------------------------------------------------------------------------------------------------------------------------------------------------------------------------------------------
|      0       |           10           |            12            |    10    |       0        |    9    |  5   |    0    |  3   |     10     |     0     |     0     |   1   |           8            |           2            |        12       |           47          |         0          |          0          |          0          |        16       |
|      1       |           11           |            2             |    0     |       0        |    15   |  2   |    0    |  1   |     9      |     0     |     0     |   0   |           15           |           0            |        14       |           16          |         0          |          0          |          0          |        16       |
|      2       |           8            |            14            |    0     |       0        |    3    |  6   |    4    |  3   |     6      |     1     |     1     |   0   |           3            |           0            |        6        |           8           |         0          |          0          |          0          |        7        |
|      3       |           28           |            16            |    8     |       0        |    2    |  14  |    8    |  11  |     9      |     4     |     0     |   0   |           2            |           1            |        11       |           16          |         0          |          0          |          0          |        12       |
|      4       |           9            |            4             |    8     |       0        |    2    |  3   |    2    |  2   |     3      |     1     |     0     |   0   |           2            |           2            |        2        |           4           |         0          |          0          |          0          |        3        |
|      5       |           11           |            12            |    16    |       0        |    13   |  5   |    4    |  3   |     7      |     2     |     0     |   0   |           13           |           1            |        11       |           9           |         0          |          0          |          0          |        15       |
|      6       |           13           |            0             |    32    |       0        |    12   |  4   |    4    |  0   |     8      |     2     |     0     |   0   |           12           |           0            |        13       |           9           |         0          |          0          |          0          |        15       |
|      7       |           25           |            35            |    0     |       0        |    9    |  11  |    8    |  10  |     26     |     4     |     0     |   0   |           9            |           0            |        13       |           17          |         0          |          0          |          0          |        14       |
|      8       |           17           |            34            |    8     |       0        |    3    |  7   |    4    |  8   |     10     |     1     |     1     |   0   |           3            |           0            |        4        |           8           |         0          |          0          |          0          |        4        |
|      9       |           1            |            38            |    0     |       0        |    1    |  4   |    2    |  8   |     20     |     0     |     1     |   0   |           1            |           0            |        2        |           0           |         0          |          0          |          0          |        2        |
|      10      |           0            |            0             |    0     |       0        |    0    |  0   |    0    |  0   |     0      |     0     |     0     |   0   |           0            |           0            |        0        |           0           |         0          |          0          |          0          |        0        |
|      11      |           0            |            0             |    0     |       0        |    0    |  0   |    0    |  0   |     0      |     0     |     0     |   0   |           0            |           0            |        0        |           0           |         0          |          0          |          0          |        0        |
|              |                        |                          |          |                |         |      |         |      |            |           |           |       |                        |                        |                 |                       |                    |                     |                     |                 |
|    Totals    |          133           |           167            |    82    |       0        |    69   |  61  |    36   |  49  |    108     |     15    |     3     |   1   |           68           |           6            |        88       |          134          |         0          |          0          |          0          |       104       |
---------------------------------------------------------------------------------------------------------------------------------------------------------------------------------------------------------------------------------------------------------------------------------------------------------------------------------------------------------------


-------------------------------------------------------------------------------------------------------------------------------------------------------------------------------------------------------------------------------------------------------------------------------------------------------------------------------------------------------------------
| Stage Number | Exact Match Input xbar | Ternary Match Input xbar | Hash Bit | Hash Dist Unit | Gateway |  SRAM  | Map RAM |  TCAM  | VLIW Instr | Meter ALU | Stats ALU | Stash | Exact Match Search Bus | Exact Match Result Bus | Tind Result Bus | Action Data Bus Bytes | 8-bit Action Slots | 16-bit Action Slots | 32-bit Action Slots | Logical TableID |
-------------------------------------------------------------------------------------------------------------------------------------------------------------------------------------------------------------------------------------------------------------------------------------------------------------------------------------------------------------------
|      0       |         7.81%          |          18.18%          |  2.40%   |     0.00%      |  56.25% | 6.25%  |  0.00%  | 12.50% |   31.25%   |   0.00%   |   0.00%   | 6.25% |         50.00%         |         12.50%         |      75.00%     |         36.72%        |       0.00%        |        0.00%        |        0.00%        |     100.00%     |
|      1       |         8.59%          |          3.03%           |  0.00%   |     0.00%      |  93.75% | 2.50%  |  0.00%  | 4.17%  |   28.12%   |   0.00%   |   0.00%   | 0.00% |         93.75%         |         0.00%          |      87.50%     |         12.50%        |       0.00%        |        0.00%        |        0.00%        |     100.00%     |
|      2       |         6.25%          |          21.21%          |  0.00%   |     0.00%      |  18.75% | 7.50%  |  8.33%  | 12.50% |   18.75%   |   25.00%  |   25.00%  | 0.00% |         18.75%         |         0.00%          |      37.50%     |         6.25%         |       0.00%        |        0.00%        |        0.00%        |      43.75%     |
|      3       |         21.88%         |          24.24%          |  1.92%   |     0.00%      |  12.50% | 17.50% |  16.67% | 45.83% |   28.12%   |  100.00%  |   0.00%   | 0.00% |         12.50%         |         6.25%          |      68.75%     |         12.50%        |       0.00%        |        0.00%        |        0.00%        |      75.00%     |
|      4       |         7.03%          |          6.06%           |  1.92%   |     0.00%      |  12.50% | 3.75%  |  4.17%  | 8.33%  |   9.38%    |   25.00%  |   0.00%   | 0.00% |         12.50%         |         12.50%         |      12.50%     |         3.12%         |       0.00%        |        0.00%        |        0.00%        |      18.75%     |
|      5       |         8.59%          |          18.18%          |  3.85%   |     0.00%      |  81.25% | 6.25%  |  8.33%  | 12.50% |   21.88%   |   50.00%  |   0.00%   | 0.00% |         81.25%         |         6.25%          |      68.75%     |         7.03%         |       0.00%        |        0.00%        |        0.00%        |      93.75%     |
|      6       |         10.16%         |          0.00%           |  7.69%   |     0.00%      |  75.00% | 5.00%  |  8.33%  | 0.00%  |   25.00%   |   50.00%  |   0.00%   | 0.00% |         75.00%         |         0.00%          |      81.25%     |         7.03%         |       0.00%        |        0.00%        |        0.00%        |      93.75%     |
|      7       |         19.53%         |          53.03%          |  0.00%   |     0.00%      |  56.25% | 13.75% |  16.67% | 41.67% |   81.25%   |  100.00%  |   0.00%   | 0.00% |         56.25%         |         0.00%          |      81.25%     |         13.28%        |       0.00%        |        0.00%        |        0.00%        |      87.50%     |
|      8       |         13.28%         |          51.52%          |  1.92%   |     0.00%      |  18.75% | 8.75%  |  8.33%  | 33.33% |   31.25%   |   25.00%  |   25.00%  | 0.00% |         18.75%         |         0.00%          |      25.00%     |         6.25%         |       0.00%        |        0.00%        |        0.00%        |      25.00%     |
|      9       |         0.78%          |          57.58%          |  0.00%   |     0.00%      |  6.25%  | 5.00%  |  4.17%  | 33.33% |   62.50%   |   0.00%   |   25.00%  | 0.00% |         6.25%          |         0.00%          |      12.50%     |         0.00%         |       0.00%        |        0.00%        |        0.00%        |      12.50%     |
|      10      |         0.00%          |          0.00%           |  0.00%   |     0.00%      |  0.00%  | 0.00%  |  0.00%  | 0.00%  |   0.00%    |   0.00%   |   0.00%   | 0.00% |         0.00%          |         0.00%          |      0.00%      |         0.00%         |       0.00%        |        0.00%        |        0.00%        |      0.00%      |
|      11      |         0.00%          |          0.00%           |  0.00%   |     0.00%      |  0.00%  | 0.00%  |  0.00%  | 0.00%  |   0.00%    |   0.00%   |   0.00%   | 0.00% |         0.00%          |         0.00%          |      0.00%      |         0.00%         |       0.00%        |        0.00%        |        0.00%        |      0.00%      |
|              |                        |                          |          |                |         |        |         |        |            |           |           |       |                        |                        |                 |                       |                    |                     |                     |                 |
|   Average    |         10.39%         |          25.30%          |  1.97%   |     0.00%      |  43.12% | 7.62%  |  7.50%  | 20.42% |   33.75%   |   37.50%  |   7.50%   | 0.62% |         42.50%         |         3.75%          |      55.00%     |         10.47%        |       0.00%        |        0.00%        |        0.00%        |      65.00%     |
-------------------------------------------------------------------------------------------------------------------------------------------------------------------------------------------------------------------------------------------------------------------------------------------------------------------------------------------------------------------


Allocated Resource Usage
---------------------------------------------------------------------------------------------------------------------------------------------------
|                 Table                  | Stage  | Crossbar | Hash | Gateways | RAMs | TCAMs | Map  | Action |  VLIW |  Exm   |  Exm   |  Tind  |
|                  Name                  | Number |  Bytes   | Bits |          |      |       | RAMs |  Data  | Slots | Search | Result | Result |
|                                        |        |          |      |          |      |       |      |  Bus   |       |  Bus   |  Bus   |  Bus   |
|                                        |        |          |      |          |      |       |      | Bytes  |       |        |        |        |
---------------------------------------------------------------------------------------------------------------------------------------------------
|        IgParser.$PORT_METADATA         |   -1   |    0     |  0   |    0     |  0   |   0   |  0   |   0    |   0   |   0    |   0    |   0    |
|         Ingress.tbl_bor_params         |   0    |    0     |  0   |    0     |  0   |   0   |  0   |   12   |   1   |   0    |   0    |   1    |
|     Ingress.tbl_bor_params$action      |   0    |    0     |  0   |    0     |  1   |   0   |  0   |   0    |   0   |   0    |   0    |   0    |
|       Ingress.tbl_build_exp_ack        |   0    |    1     |  10  |    0     |  1   |   0   |  0   |   4    |   3   |   1    |   1    |   0    |
|    Ingress.tbl_case4_expiry_params     |   0    |    0     |  0   |    0     |  0   |   0   |  0   |   4    |   1   |   0    |   0    |   1    |
|           Ingress.tbl_params           |   0    |    0     |  0   |    0     |  0   |   0   |  0   |   13   |   1   |   0    |   0    |   1    |
|       Ingress.tbl_params$action        |   0    |    0     |  0   |    0     |  1   |   0   |  0   |   0    |   0   |   0    |   0    |   0    |
|    Ingress.tbl_read_release_params     |   0    |    0     |  0   |    0     |  0   |   0   |  0   |   8    |   1   |   0    |   0    |   1    |
| Ingress.tbl_read_release_params$action |   0    |    0     |  0   |    0     |  1   |   0   |  0   |   0    |   0   |   0    |   0    |   0    |
|          Ingress.tbl_session           |   0    |    12    |  0   |    0     |  1   |   3   |  0   |   0    |   3   |   0    |   0    |   1    |
|                cond-65                 |   0    |    1     |  0   |    1     |  0   |   0   |  0   |   0    |   0   |   1    |   0    |   0    |
|                cond-66                 |   0    |    4     |  0   |    1     |  0   |   0   |  0   |   0    |   0   |   1    |   0    |   0    |
|                cond-69                 |   0    |    1     |  0   |    1     |  0   |   0   |  0   |   0    |   0   |   1    |   0    |   0    |
|                cond-70                 |   0    |    1     |  0   |    1     |  0   |   0   |  0   |   0    |   0   |   1    |   0    |   0    |
|                cond-71                 |   0    |    1     |  0   |    1     |  0   |   0   |  0   |   0    |   0   |   1    |   0    |   0    |
|                cond-72                 |   0    |    1     |  0   |    1     |  0   |   0   |  0   |   0    |   0   |   1    |   0    |   0    |
|                cond-73                 |   0    |    1     |  0   |    1     |  0   |   0   |  0   |   0    |   0   |   1    |   0    |   0    |
|                cond-81                 |   0    |    1     |  0   |    1     |  0   |   0   |  0   |   0    |   0   |   1    |   0    |   0    |
|        tbl_defense4_timing3374         |   0    |    0     |  0   |    0     |  0   |   0   |  0   |   0    |   1   |   0    |   0    |   1    |
|        tbl_defense4_timing3380         |   0    |    0     |  0   |    0     |  0   |   0   |  0   |   4    |   1   |   0    |   0    |   1    |
|        tbl_defense4_timing3386         |   0    |    0     |  0   |    0     |  0   |   0   |  0   |   0    |   1   |   0    |   0    |   1    |
|        tbl_defense4_timing3425         |   0    |    0     |  0   |    0     |  0   |   0   |  0   |   0    |   1   |   0    |   0    |   1    |
|        tbl_defense4_timing3426         |   0    |    0     |  0   |    0     |  0   |   0   |  0   |   0    |   1   |   0    |   0    |   1    |
|        tbl_defense4_timing3427         |   0    |    0     |  0   |    0     |  0   |   0   |  0   |   0    |   1   |   0    |   0    |   1    |
|        tbl_defense4_timing3438         |   0    |    0     |  0   |    0     |  0   |   0   |  0   |   1    |   1   |   0    |   1    |   0    |
|    tbl_defense4_timing3438-gateway     |   0    |    0     |  0   |    1     |  0   |   0   |  0   |   0    |   0   |   1    |   0    |   0    |
|       tbl_defense4_timing3536_0        |   0    |    0     |  0   |    0     |  0   |   0   |  0   |   1    |   1   |   0    |   0    |   1    |
|      Ingress.tbl_random_deadlines      |   1    |    2     |  0   |    0     |  1   |   1   |  0   |   16   |   2   |   0    |   0    |   1    |
|  Ingress.tbl_random_deadlines$action   |   1    |    0     |  0   |    0     |  1   |   0   |  0   |   0    |   0   |   0    |   0    |   0    |
|                cond-68                 |   1    |    2     |  0   |    1     |  0   |   0   |  0   |   0    |   0   |   1    |   0    |   0    |
|                cond-74                 |   1    |    1     |  0   |    1     |  0   |   0   |  0   |   0    |   0   |   1    |   0    |   0    |
|                cond-75                 |   1    |    2     |  0   |    1     |  0   |   0   |  0   |   0    |   0   |   1    |   0    |   0    |
|                cond-76                 |   1    |    3     |  0   |    1     |  0   |   0   |  0   |   0    |   0   |   1    |   0    |   0    |
|                cond-78                 |   1    |    2     |  0   |    1     |  0   |   0   |  0   |   0    |   0   |   1    |   0    |   0    |
|                cond-80                 |   1    |    3     |  0   |    1     |  0   |   0   |  0   |   0    |   0   |   1    |   0    |   0    |
|                cond-82                 |   1    |    1     |  0   |    1     |  0   |   0   |  0   |   0    |   0   |   1    |   0    |   0    |
|                cond-83                 |   1    |    2     |  0   |    1     |  0   |   0   |  0   |   0    |   0   |   1    |   0    |   0    |
|                cond-84                 |   1    |    3     |  0   |    1     |  0   |   0   |  0   |   0    |   0   |   1    |   0    |   0    |
|                cond-85                 |   1    |    3     |  0   |    1     |  0   |   0   |  0   |   0    |   0   |   1    |   0    |   0    |
|                cond-86                 |   1    |    2     |  0   |    1     |  0   |   0   |  0   |   0    |   0   |   1    |   0    |   0    |
|                cond-87                 |   1    |    1     |  0   |    1     |  0   |   0   |  0   |   0    |   0   |   1    |   0    |   0    |
|                cond-88                 |   1    |    3     |  0   |    1     |  0   |   0   |  0   |   0    |   0   |   1    |   0    |   0    |
|                cond-89                 |   1    |    1     |  0   |    1     |  0   |   0   |  0   |   0    |   0   |   1    |   0    |   0    |
|                cond-90                 |   1    |    3     |  0   |    1     |  0   |   0   |  0   |   0    |   0   |   1    |   0    |   0    |
|        tbl_defense4_timing3394         |   1    |    0     |  0   |    0     |  0   |   0   |  0   |   0    |   1   |   0    |   0    |   1    |
|        tbl_defense4_timing3431         |   1    |    0     |  0   |    0     |  0   |   0   |  0   |   0    |   1   |   0    |   0    |   1    |
|        tbl_defense4_timing3432         |   1    |    0     |  0   |    0     |  0   |   0   |  0   |   0    |   1   |   0    |   0    |   1    |
|        tbl_defense4_timing3435         |   1    |    0     |  0   |    0     |  0   |   0   |  0   |   0    |   1   |   0    |   0    |   1    |
|        tbl_defense4_timing3472         |   1    |    0     |  0   |    0     |  0   |   0   |  0   |   0    |   1   |   0    |   0    |   1    |
|        tbl_defense4_timing3474         |   1    |    0     |  0   |    0     |  0   |   0   |  0   |   0    |   1   |   0    |   0    |   1    |
|        tbl_defense4_timing3477         |   1    |    0     |  0   |    0     |  0   |   0   |  0   |   0    |   1   |   0    |   0    |   1    |
|        tbl_defense4_timing3480         |   1    |    0     |  0   |    0     |  0   |   0   |  0   |   0    |   1   |   0    |   0    |   1    |
|        tbl_defense4_timing3496         |   1    |    0     |  0   |    0     |  0   |   0   |  0   |   0    |   1   |   0    |   0    |   1    |
|        tbl_defense4_timing3503         |   1    |    0     |  0   |    0     |  0   |   0   |  0   |   0    |   1   |   0    |   0    |   1    |
|        tbl_defense4_timing3507         |   1    |    0     |  0   |    0     |  0   |   0   |  0   |   0    |   1   |   0    |   0    |   1    |
|        tbl_defense4_timing3515         |   1    |    0     |  0   |    0     |  0   |   0   |  0   |   0    |   1   |   0    |   0    |   1    |
|        tbl_defense4_timing3516         |   1    |    0     |  0   |    0     |  0   |   0   |  0   |   0    |   1   |   0    |   0    |   1    |
|          Ingress.ctr_outcome           |   2    |    0     |  0   |    0     |  2   |   0   |  2   |   0    |   0   |   0    |   0    |   0    |
|           Ingress.reg_owner            |   2    |    4     |  0   |    0     |  2   |   0   |  2   |   0    |   0   |   0    |   0    |   0    |
|        Ingress.tbl_bor_codebook        |   2    |    4     |  0   |    0     |  0   |   1   |  0   |   4    |   1   |   0    |   0    |   0    |
|    Ingress.tbl_bor_codebook$action     |   2    |    0     |  0   |    0     |  1   |   0   |  0   |   0    |   0   |   0    |   0    |   0    |
|         Ingress.tbl_build_now          |   2    |    0     |  0   |    0     |  0   |   0   |  0   |   0    |   1   |   0    |   0    |   1    |
|      Ingress.tbl_owner_admission       |   2    |    10    |  0   |    0     |  1   |   2   |  0   |   4    |   4   |   0    |   0    |   1    |
|                cond-67                 |   2    |    1     |  0   |    1     |  0   |   0   |  0   |   0    |   0   |   1    |   0    |   0    |
|                cond-77                 |   2    |    3     |  0   |    1     |  0   |   0   |  0   |   0    |   0   |   1    |   0    |   0    |
|                cond-79                 |   2    |    2     |  0   |    1     |  0   |   0   |  0   |   0    |   0   |   1    |   0    |   0    |
|        tbl_defense4_timing3389         |   2    |    0     |  0   |    0     |  0   |   0   |  0   |   0    |   1   |   0    |   0    |   1    |
|        tbl_defense4_timing3433         |   2    |    0     |  0   |    0     |  0   |   0   |  0   |   0    |   1   |   0    |   0    |   1    |
|        tbl_defense4_timing3436         |   2    |    0     |  0   |    0     |  0   |   0   |  0   |   0    |   1   |   0    |   0    |   1    |
|            tbl_finish_path             |   2    |    0     |  0   |    0     |  0   |   0   |  0   |   0    |   1   |   0    |   0    |   1    |
|          Ingress.reg_app_seq           |   3    |    2     |  0   |    0     |  2   |   0   |  2   |   0    |   0   |   0    |   0    |   0    |
|          Ingress.reg_exp_ack           |   3    |    8     |  0   |    0     |  2   |   0   |  2   |   0    |   0   |   0    |   0    |   0    |
|       Ingress.reg_exp_relay_seq        |   3    |    8     |  0   |    0     |  2   |   0   |  2   |   0    |   0   |   0    |   0    |   0    |
|        Ingress.reg_session_port        |   3    |    4     |  0   |    0     |  2   |   0   |  2   |   0    |   0   |   0    |   0    |   0    |
|         Ingress.tbl_build_cand         |   3    |    0     |  0   |    0     |  0   |   0   |  0   |   0    |   1   |   0    |   0    |   1    |
|      Ingress.tbl_build_cand_resp       |   3    |    0     |  0   |    0     |  0   |   0   |  0   |   0    |   2   |   0    |   1    |   0    |
|        Ingress.tbl_guarded_ack         |   3    |    9     |  0   |    0     |  1   |   2   |  0   |   4    |   2   |   0    |   0    |   1    |
|        Ingress.tbl_guarded_app         |   3    |    9     |  0   |    0     |  1   |   2   |  0   |   4    |   2   |   0    |   0    |   1    |
|        Ingress.tbl_guarded_seq         |   3    |    9     |  0   |    0     |  1   |   2   |  0   |   4    |   2   |   0    |   0    |   1    |
|       Ingress.tbl_guarded_sport        |   3    |    9     |  0   |    0     |  1   |   2   |  0   |   4    |   2   |   0    |   0    |   1    |
|        Ingress.tbl_owner_valid         |   3    |    7     |  0   |    0     |  1   |   2   |  0   |   0    |   2   |   0    |   0    |   1    |
|     Ingress.tbl_tracker_admission      |   3    |    5     |  0   |    0     |  1   |   1   |  0   |   0    |   2   |   0    |   0    |   1    |
|                cond-91                 |   3    |    5     |  8   |    1     |  0   |   0   |  0   |   0    |   0   |   1    |   0    |   0    |
|     tbl_build_cand_resp_0-gateway      |   3    |    1     |  0   |    1     |  0   |   0   |  0   |   0    |   0   |   1    |   0    |   1    |
|        tbl_defense4_timing3447         |   3    |    0     |  0   |    0     |  0   |   0   |  0   |   0    |   1   |   0    |   0    |   1    |
|        tbl_defense4_timing3529         |   3    |    0     |  0   |    0     |  0   |   0   |  0   |   0    |   1   |   0    |   0    |   1    |
|        tbl_defense4_timing3540         |   3    |    0     |  0   |    0     |  0   |   0   |  0   |   0    |   1   |   0    |   0    |   1    |
|        tbl_defense4_timing3667         |   3    |    0     |  0   |    0     |  0   |   0   |  0   |   0    |   1   |   0    |   0    |   1    |
|        Ingress.reg_ready_expiry        |   4    |    4     |  0   |    0     |  2   |   0   |  2   |   0    |   0   |   0    |   0    |   0    |
|      Ingress.tbl_app_association       |   4    |    4     |  0   |    0     |  1   |   2   |  0   |   0    |   2   |   0    |   0    |   1    |
|    Ingress.tbl_case4_bor_admission     |   4    |    0     |  0   |    0     |  0   |   0   |  0   |   0    |   2   |   0    |   1    |   0    |
|        Ingress.tbl_ready_expiry        |   4    |    0     |  0   |    0     |  0   |   0   |  0   |   4    |   2   |   0    |   1    |   0    |
|   tbl_case4_bor_admission_0-gateway    |   4    |    3     |  0   |    1     |  0   |   0   |  0   |   0    |   0   |   1    |   0    |   1    |
|       tbl_ready_expiry_0-gateway       |   4    |    5     |  8   |    1     |  0   |   0   |  0   |   0    |   0   |   1    |   0    |   1    |
|         Ingress.reg_bor_epoch          |   5    |    2     |  0   |    0     |  2   |   0   |  2   |   0    |   0   |   0    |   0    |   0    |
|          Ingress.reg_failopen          |   5    |    1     |  8   |    0     |  2   |   0   |  2   |   0    |   0   |   0    |   0    |   0    |
|       Ingress.tbl_resp_authorise       |   5    |    12    |  0   |    0     |  1   |   3   |  0   |   0    |   3   |   0    |   0    |   1    |
|      Ingress.tbl_select_deadlines      |   5    |    0     |  0   |    0     |  0   |   0   |  0   |   0    |   2   |   0    |   1    |   0    |
|                cond-100                |   5    |    1     |  8   |    1     |  0   |   0   |  0   |   0    |   0   |   1    |   0    |   0    |
|                cond-112                |   5    |    1     |  0   |    1     |  0   |   0   |  0   |   0    |   0   |   1    |   0    |   0    |
|                cond-113                |   5    |    1     |  0   |    1     |  0   |   0   |  0   |   0    |   0   |   1    |   0    |   0    |
|                cond-114                |   5    |    1     |  0   |    1     |  0   |   0   |  0   |   0    |   0   |   1    |   0    |   0    |
|                cond-92                 |   5    |    1     |  0   |    1     |  0   |   0   |  0   |   0    |   0   |   1    |   0    |   0    |
|                cond-93                 |   5    |    1     |  0   |    1     |  0   |   0   |  0   |   0    |   0   |   1    |   0    |   0    |
|                cond-94                 |   5    |    1     |  0   |    1     |  0   |   0   |  0   |   0    |   0   |   1    |   0    |   0    |
|                cond-95                 |   5    |    1     |  0   |    1     |  0   |   0   |  0   |   0    |   0   |   1    |   0    |   0    |
|                cond-96                 |   5    |    1     |  0   |    1     |  0   |   0   |  0   |   0    |   0   |   1    |   0    |   0    |
|                cond-97                 |   5    |    1     |  0   |    1     |  0   |   0   |  0   |   0    |   0   |   1    |   0    |   0    |
|                cond-98                 |   5    |    2     |  0   |    1     |  0   |   0   |  0   |   0    |   0   |   1    |   0    |   0    |
|                cond-99                 |   5    |    1     |  0   |    1     |  0   |   0   |  0   |   0    |   0   |   1    |   0    |   0    |
|        tbl_defense4_timing3552         |   5    |    0     |  0   |    0     |  0   |   0   |  0   |   0    |   1   |   0    |   0    |   1    |
|        tbl_defense4_timing3558         |   5    |    0     |  0   |    0     |  0   |   0   |  0   |   0    |   1   |   0    |   0    |   1    |
|        tbl_defense4_timing3560         |   5    |    0     |  0   |    0     |  0   |   0   |  0   |   0    |   1   |   0    |   0    |   1    |
|        tbl_defense4_timing3561         |   5    |    0     |  0   |    0     |  0   |   0   |  0   |   0    |   1   |   0    |   0    |   1    |
|        tbl_defense4_timing3563         |   5    |    0     |  0   |    0     |  0   |   0   |  0   |   4    |   1   |   0    |   0    |   1    |
|        tbl_defense4_timing3566         |   5    |    0     |  0   |    0     |  0   |   0   |  0   |   4    |   1   |   0    |   0    |   1    |
|        tbl_defense4_timing3656         |   5    |    0     |  0   |    0     |  0   |   0   |  0   |   5    |   1   |   0    |   0    |   1    |
|        tbl_defense4_timing3657         |   5    |    0     |  0   |    0     |  0   |   0   |  0   |   5    |   1   |   0    |   0    |   1    |
|        tbl_defense4_timing3658         |   5    |    0     |  0   |    0     |  0   |   0   |  0   |   5    |   1   |   0    |   0    |   1    |
|        tbl_defense4_timing3659         |   5    |    0     |  0   |    0     |  0   |   0   |  0   |   5    |   1   |   0    |   0    |   1    |
|     tbl_select_deadlines_0-gateway     |   5    |    2     |  0   |    1     |  0   |   0   |  0   |   0    |   0   |   1    |   0    |   1    |
|          Ingress.reg_bor_gen           |   6    |    1     |  8   |    0     |  2   |   0   |  2   |   0    |   0   |   0    |   0    |   0    |
|            Ingress.reg_tag             |   6    |    2     |  16  |    0     |  2   |   0   |  2   |   0    |   0   |   0    |   0    |   0    |
|                cond-101                |   6    |    1     |  0   |    1     |  0   |   0   |  0   |   0    |   0   |   1    |   0    |   0    |
|                cond-102                |   6    |    2     |  0   |    1     |  0   |   0   |  0   |   0    |   0   |   1    |   0    |   0    |
|                cond-103                |   6    |    2     |  0   |    1     |  0   |   0   |  0   |   0    |   0   |   1    |   0    |   0    |
|                cond-104                |   6    |    1     |  0   |    1     |  0   |   0   |  0   |   0    |   0   |   1    |   0    |   0    |
|                cond-105                |   6    |    1     |  0   |    1     |  0   |   0   |  0   |   0    |   0   |   1    |   0    |   0    |
|                cond-106                |   6    |    5     |  8   |    1     |  0   |   0   |  0   |   0    |   0   |   1    |   0    |   0    |
|                cond-107                |   6    |    1     |  0   |    1     |  0   |   0   |  0   |   0    |   0   |   1    |   0    |   0    |
|                cond-108                |   6    |    1     |  0   |    1     |  0   |   0   |  0   |   0    |   0   |   1    |   0    |   0    |
|                cond-115                |   6    |    1     |  0   |    1     |  0   |   0   |  0   |   0    |   0   |   1    |   0    |   0    |
|                cond-116                |   6    |    1     |  0   |    1     |  0   |   0   |  0   |   0    |   0   |   1    |   0    |   0    |
|                cond-117                |   6    |    1     |  0   |    1     |  0   |   0   |  0   |   0    |   0   |   1    |   0    |   0    |
|                cond-121                |   6    |    1     |  0   |    1     |  0   |   0   |  0   |   0    |   0   |   1    |   0    |   0    |
|        tbl_defense4_timing3586         |   6    |    0     |  0   |    0     |  0   |   0   |  0   |   5    |   1   |   0    |   0    |   1    |
|        tbl_defense4_timing3590         |   6    |    0     |  0   |    0     |  0   |   0   |  0   |   5    |   1   |   0    |   0    |   1    |
|        tbl_defense4_timing3593         |   6    |    0     |  0   |    0     |  0   |   0   |  0   |   5    |   1   |   0    |   0    |   1    |
|        tbl_defense4_timing3595         |   6    |    0     |  0   |    0     |  0   |   0   |  0   |   5    |   1   |   0    |   0    |   1    |
|        tbl_defense4_timing3599         |   6    |    0     |  0   |    0     |  0   |   0   |  0   |   5    |   1   |   0    |   0    |   1    |
|        tbl_defense4_timing3606         |   6    |    0     |  0   |    0     |  0   |   0   |  0   |   5    |   1   |   0    |   0    |   1    |
|        tbl_defense4_timing3617         |   6    |    0     |  0   |    0     |  0   |   0   |  0   |   5    |   1   |   0    |   0    |   1    |
|        tbl_defense4_timing3619         |   6    |    0     |  0   |    0     |  0   |   0   |  0   |   5    |   1   |   0    |   0    |   1    |
|        tbl_defense4_timing3622         |   6    |    0     |  0   |    0     |  0   |   0   |  0   |   5    |   1   |   0    |   0    |   1    |
|        tbl_defense4_timing3660         |   6    |    0     |  0   |    0     |  0   |   0   |  0   |   4    |   1   |   0    |   0    |   1    |
|        tbl_defense4_timing3661         |   6    |    0     |  0   |    0     |  0   |   0   |  0   |   4    |   1   |   0    |   0    |   1    |
|        tbl_defense4_timing3662         |   6    |    0     |  0   |    0     |  0   |   0   |  0   |   4    |   1   |   0    |   0    |   1    |
|        tbl_defense4_timing3666         |   6    |    0     |  0   |    0     |  0   |   0   |  0   |   4    |   1   |   0    |   0    |   1    |
|          Ingress.reg_ack_rel           |   7    |    1     |  0   |    0     |  2   |   0   |  2   |   0    |   0   |   0    |   0    |   0    |
|         Ingress.reg_bor_ready          |   7    |    2     |  0   |    0     |  2   |   0   |  2   |   0    |   0   |   0    |   0    |   0    |
|          Ingress.reg_deadline          |   7    |    8     |  0   |    0     |  2   |   0   |  2   |   0    |   0   |   0    |   0    |   0    |
|           Ingress.reg_tresp            |   7    |    8     |  0   |    0     |  2   |   0   |  2   |   0    |   0   |   0    |   0    |   0    |
|       Ingress.tbl_resp_deadline        |   7    |    22    |  0   |    0     |  1   |   4   |  0   |   4    |   4   |   0    |   0    |   1    |
|        Ingress.tbl_state_decode        |   7    |    16    |  0   |    0     |  1   |   4   |  0   |   8    |   24  |   0    |   0    |   1    |
|         Ingress.tbl_txn_active         |   7    |    7     |  0   |    0     |  1   |   2   |  0   |   0    |   3   |   0    |   0    |   1    |
|                cond-109                |   7    |    1     |  0   |    1     |  0   |   0   |  0   |   0    |   0   |   1    |   0    |   0    |
|                cond-110                |   7    |    1     |  0   |    1     |  0   |   0   |  0   |   0    |   0   |   1    |   0    |   0    |
|                cond-111                |   7    |    1     |  0   |    1     |  0   |   0   |  0   |   0    |   0   |   1    |   0    |   0    |
|                cond-118                |   7    |    2     |  0   |    1     |  0   |   0   |  0   |   0    |   0   |   1    |   0    |   0    |
|                cond-119                |   7    |    1     |  0   |    1     |  0   |   0   |  0   |   0    |   0   |   1    |   0    |   0    |
|                cond-120                |   7    |    1     |  0   |    1     |  0   |   0   |  0   |   0    |   0   |   1    |   0    |   0    |
|                cond-122                |   7    |    1     |  0   |    1     |  0   |   0   |  0   |   0    |   0   |   1    |   0    |   0    |
|                cond-123                |   7    |    2     |  0   |    1     |  0   |   0   |  0   |   0    |   0   |   1    |   0    |   0    |
|                cond-124                |   7    |    2     |  0   |    1     |  0   |   0   |  0   |   0    |   0   |   1    |   0    |   0    |
|        tbl_defense4_timing3638         |   7    |    0     |  0   |    0     |  0   |   0   |  0   |   1    |   1   |   0    |   0    |   1    |
|        tbl_defense4_timing3639         |   7    |    0     |  0   |    0     |  0   |   0   |  0   |   1    |   1   |   0    |   0    |   1    |
|        tbl_defense4_timing3645         |   7    |    0     |  0   |    0     |  0   |   0   |  0   |   1    |   1   |   0    |   0    |   1    |
|        tbl_defense4_timing3669         |   7    |    0     |  0   |    0     |  0   |   0   |  0   |   4    |   1   |   0    |   0    |   1    |
|        tbl_defense4_timing3670         |   7    |    0     |  0   |    0     |  0   |   0   |  0   |   4    |   1   |   0    |   0    |   1    |
|        tbl_defense4_timing3671         |   7    |    0     |  0   |    0     |  0   |   0   |  0   |   4    |   1   |   0    |   0    |   1    |
|        tbl_defense4_timing3675         |   7    |    0     |  0   |    0     |  0   |   0   |  0   |   0    |   1   |   0    |   0    |   1    |
|        tbl_defense4_timing3676         |   7    |    0     |  0   |    0     |  0   |   0   |  0   |   0    |   1   |   0    |   0    |   1    |
|        tbl_defense4_timing3677         |   7    |    0     |  0   |    0     |  0   |   0   |  0   |   0    |   1   |   0    |   0    |   1    |
|        tbl_defense4_timing3678         |   7    |    0     |  0   |    0     |  0   |   0   |  0   |   0    |   1   |   0    |   0    |   1    |
|          Ingress.ctr_outcome           |   8    |    0     |  0   |    0     |  2   |   0   |  2   |   0    |   0   |   0    |   0    |   0    |
|          Ingress.reg_bor_topj          |   8    |    8     |  0   |    0     |  2   |   0   |  2   |   0    |   0   |   0    |   0    |   0    |
|    Ingress.tbl_case4_expiry_decide     |   8    |    16    |  0   |    0     |  1   |   3   |  0   |   2    |   2   |   0    |   0    |   1    |
|     Ingress.tbl_case4_held_release     |   8    |    19    |  0   |    0     |  1   |   4   |  0   |   2    |   6   |   0    |   0    |   1    |
|          Ingress.tbl_hold_ok           |   8    |    4     |  0   |    0     |  1   |   1   |  0   |   4    |   3   |   0    |   0    |   1    |
|                cond-125                |   8    |    1     |  0   |    1     |  0   |   0   |  0   |   0    |   0   |   1    |   0    |   0    |
|                cond-126                |   8    |    3     |  0   |    1     |  0   |   0   |  0   |   0    |   0   |   1    |   0    |   0    |
|                cond-127                |   8    |    5     |  8   |    1     |  0   |   0   |  0   |   0    |   0   |   1    |   0    |   0    |
|         tbl_finish_held_native         |   8    |    0     |  0   |    0     |  0   |   0   |  0   |   0    |   1   |   0    |   0    |   1    |
|          Ingress.ctr_outcome           |   9    |    0     |  0   |    0     |  2   |   0   |  2   |   0    |   0   |   0    |   0    |   0    |
|         Ingress.tbl_decide_deq         |   9    |    20    |  0   |    0     |  1   |   4   |  0   |   0    |   7   |   0    |   0    |   1    |
|        Ingress.tbl_decide_fresh        |   9    |    18    |  0   |    0     |  1   |   4   |  0   |   0    |   13  |   0    |   0    |   1    |
|                cond-128                |   9    |    1     |  0   |    1     |  0   |   0   |  0   |   0    |   0   |   1    |   0    |   0    |
---------------------------------------------------------------------------------------------------------------------------------------------------

