#pipeline pipe
#stage 0
^--------------- ---------------- ------ -------- ------ ----------- --------------- -------------- ----- --- ---- tbl_defense4_timing3374(0,3) : ingress
A^-------------- ---------------- ------ -------- ------ ----------- --------------- -------------- ----- --- ---- tbl_case4_expiry_params_0(0,3) : ingress
-B^------------- ---------------- ------ -------- ------ ----------- --------------- -------------- ----- --- ---- tbl_session_0(0,4) : ingress
-B-^------------ ---------------- ------ -------- ------ ----------- --------------- -------------- ----- --- ---- tbl_defense4_timing3386(0,3) : ingress
-B--^----------- ---------------- ------ -------- ------ ----------- --------------- -------------- ----- --- ---- tbl_params_0(0,4) : ingress
-B---^---------- ---------------- ------ -------- ------ ----------- --------------- -------------- ----- --- ---- tbl_defense4_timing3536_0(0,5) : ingress
-B----^--------- ---------------- ------ -------- ------ ----------- --------------- -------------- ----- --- ---- tbl_build_exp_ack_0(0,5) : ingress
-B-----^-------- ---------------- ------ -------- ------ ----------- --------------- -------------- ----- --- ---- cond-70(0,5) : ingress
-------C^------- ---------------- ------ -------- ------ ----------- --------------- -------------- ----- --- ---- tbl_defense4_timing3425(0,5) : ingress
--------D^------ ---------------- ------ -------- ------ ----------- --------------- -------------- ----- --- ---- tbl_defense4_timing3426(0,5) : ingress
---------D^----- ---------------- ------ -------- ------ ----------- --------------- -------------- ----- --- ---- tbl_defense4_timing3427(0,5) : ingress
-B---------^---- ---------------- ------ -------- ------ ----------- --------------- -------------- ----- --- ---- tbl_defense4_timing3380(0,6) : ingress
-B----------^--- ---------------- ------ -------- ------ ----------- --------------- -------------- ----- --- ---- tbl_defense4_timing3438(0,6) : ingress
-BA----------^-- ---------------- ------ -------- ------ ----------- --------------- -------------- ----- --- ---- cond-81(0,6) : ingress
-------------D^- ---------------- ------ -------- ------ ----------- --------------- -------------- ----- --- ---- tbl_defense4_timing3496(0,6) : ingress
-------------C-^ ---------------- ------ -------- ------ ----------- --------------- -------------- ----- --- ---- tbl_defense4_timing3472(0,6) : ingress
#stage 1
--E------------D ^--------------- ------ -------- ------ ----------- --------------- -------------- ----- --- ---- tbl_defense4_timing3474(1,6) : ingress
--------------D- -^-------------- ------ -------- ------ ----------- --------------- -------------- ----- --- ---- tbl_defense4_timing3507(0,6) : ingress
--E------------- D-^------------- ------ -------- ------ ----------- --------------- -------------- ----- --- ---- tbl_defense4_timing3477(1,6) : ingress
---------------- -D-^------------ ------ -------- ------ ----------- --------------- -------------- ----- --- ---- cond-89(0,6) : ingress
-E-------------- ---C^----------- ------ -------- ------ ----------- --------------- -------------- ----- --- ---- tbl_defense4_timing3515(1,6) : ingress
---------------- ----D^---------- ------ -------- ------ ----------- --------------- -------------- ----- --- ---- tbl_defense4_timing3516(1,6) : ingress
--E------------- --D---^--------- ------ -------- ------ ----------- --------------- -------------- ----- --- ---- tbl_defense4_timing3480(1,6) : ingress
-E-------------- -B-----^-------- ------ -------- ------ ----------- --------------- -------------- ----- --- ---- tbl_defense4_timing3503(1,6) : ingress
-B-------------- --------^------- ------ -------- ------ ----------- --------------- -------------- ----- --- ---- tbl_read_release_params_0(0,4) : ingress
-F-G------------ ---------^------ ------ -------- ------ ----------- --------------- -------------- ----- --- ---- tbl_defense4_timing3394(1,4) : ingress
-BA-------A----- ----------^----- ------ -------- ------ ----------- --------------- -------------- ----- --- ---- cond-74(0,6) : ingress
--------EEE----- ----------C^---- ------ -------- ------ ----------- --------------- -------------- ----- --- ---- tbl_defense4_timing3431(1,6) : ingress
--E------------- -----------D^--- ------ -------- ------ ----------- --------------- -------------- ----- --- ---- tbl_defense4_timing3432(1,6) : ingress
---------------- ----------D--^-- ------ -------- ------ ----------- --------------- -------------- ----- --- ---- tbl_defense4_timing3435(0,6) : ingress
---------------- -------------D^- ------ -------- ------ ----------- --------------- -------------- ----- --- ---- tbl_defense4_timing3436(0,6) : ingress
--E------------- ------------D--^ ------ -------- ------ ----------- --------------- -------------- ----- --- ---- tbl_defense4_timing3433(1,6) : ingress
#stage 2
-HIII----------- --------II------ ^----- -------- ------ ----------- --------------- -------------- ----- --- ---- tbl_owner_admission_0(2,5) : ingress
-B-------------- ---------------- -^---- -------- ------ ----------- --------------- -------------- ----- --- ---- tbl_bor_params_0(0,6) : ingress
-B---------J---- ---------------- --^--- -------- ------ ----------- --------------- -------------- ----- --- ---- tbl_build_now_0(1,7) : ingress
-B----------I--- ---------------- ---^-- -------- ------ ----------- --------------- -------------- ----- --- ---- tbl_bor_codebook_0(1,8) : ingress
-B-------------- ---------------- ----^- -------- ------ ----------- --------------- -------------- ----- --- ---- tbl_defense4_timing3389(0,10) : ingress
KC-------------- ---------------- -----^ -------- ------ ----------- --------------- -------------- ----- --- ---- tbl_finish_path(1,11) : ingress
#stage 3
-BI--I---------- --------I------- I----- ^------- ------ ----------- --------------- -------------- ----- --- ---- tbl_guarded_app_0(3,6) : ingress
-BI---I--------- --------I------- I----- -^------ ------ ----------- --------------- -------------- ----- --- ---- tbl_guarded_ack_0(3,6) : ingress
-B-------------- --------I------- I----- --^----- ------ ----------- --------------- -------------- ----- --- ---- tbl_tracker_admission_0(3,6) : ingress
-BI------------- --------I------- I----- ---^---- ------ ----------- --------------- -------------- ----- --- ---- tbl_guarded_sport_0(3,7) : ingress
-B-------------K -K--KGAA-------- J----- ----^--- ------ ----------- --------------- -------------- ----- --- ---- tbl_defense4_timing3540(3,7) : ingress
KBJ-G-------I--- ---------------- -G---- -----^-- ------ ----------- --------------- -------------- ----- --- ---- tbl_random_deadlines_0(1,7) : ingress
-B-------------- ---------------- --JJ-- ------^- ------ ----------- --------------- -------------- ----- --- ---- tbl_defense4_timing3667(2,9) : ingress
-B-------------- ---------------- J----- -------^ ------ ----------- --------------- -------------- ----- --- ---- tbl_defense4_timing3529(3,10) : ingress
#stage 4
-B------------L- L-L--AIII------- ------ IG------ ^----- ----------- --------------- -------------- ----- --- ---- tbl_app_association_0(4,7) : ingress
-B------------E- E-E--AJJJ--KKKGG ------ --J----- -^---- ----------- --------------- -------------- ----- --- ---- tbl_case4_bor_admission_0(4,7) : ingress
-B-------------- --------I------- I----- -------- --^--- ----------- --------------- -------------- ----- --- ---- tbl_owner_valid_0(3,7) : ingress
-B--J----------- --------J------- --J--- -----J-- ---^-- ----------- --------------- -------------- ----- --- ---- tbl_build_cand_resp_0(2,8) : ingress
-B--J----------- ---------------- --J--- -----J-- ----^- ----------- --------------- -------------- ----- --- ---- tbl_build_cand_0(2,8) : ingress
-B-------------- ---------------- -JJ--- -----J-- -----^ ----------- --------------- -------------- ----- --- ---- tbl_defense4_timing3447(2,8) : ingress
#stage 5
-BI------------- --------I------- I----- -------- ------ ^---------- --------------- -------------- ----- --- ---- tbl_guarded_seq_0(3,7) : ingress
-F------------E- E-E--AJJJ------- --I--- --J----- ------ -^--------- --------------- -------------- ----- --- ---- tbl_ready_expiry_0(4,8) : ingress
-B-I------------ ---------I-EEEJJ ------ -------- -J---- --^-------- --------------- -------------- ----- --- ---- tbl_defense4_timing3656(5,8) : ingress
---L------------ ---------L-EEEEE ------ -------- -E---- --D^------- --------------- -------------- ----- --- ---- tbl_defense4_timing3657(5,8) : ingress
---L------------ ---------L-EEEEE ------ -------- -E---- ---D^------ --------------- -------------- ----- --- ---- tbl_defense4_timing3658(5,8) : ingress
---L------------ ---------L------ ------ -------- ------ ----D^----- --------------- -------------- ----- --- ---- tbl_defense4_timing3659(5,8) : ingress
-B-------------- -----------EEEJJ ------ -------- -J---- ------^---- --------------- -------------- ----- --- ---- tbl_defense4_timing3660(5,9) : ingress
---------------- -----------EEEEE ------ -------- -E---- ------D^--- --------------- -------------- ----- --- ---- tbl_defense4_timing3661(5,9) : ingress
---------------- -----------EEEEE ------ -------- -E---- -------D^-- --------------- -------------- ----- --- ---- tbl_defense4_timing3662(5,9) : ingress
---------------- ---------------- ------ -------- ------ --------D^- --------------- -------------- ----- --- ---- tbl_defense4_timing3666(5,9) : ingress
-B-------------- -----------EEEJJ ------ -------- -J---- ---------A^ --------------- -------------- ----- --- ---- cond-121(5,10) : ingress
#stage 6
---------------- ---------------- ------ -------- ------ ------EEEEC ^-------------- -------------- ----- --- ---- tbl_defense4_timing3675(6,10) : ingress
---------------- ---------------- ------ -------- ------ ------EEEE- D^------------- -------------- ----- --- ---- tbl_defense4_timing3676(6,10) : ingress
---------------- ---------------- ------ -------- ------ ------EEEE- -D^------------ -------------- ----- --- ---- tbl_defense4_timing3677(6,10) : ingress
---------------- ---------------- ------ -------- ------ ----------- --D^----------- -------------- ----- --- ---- tbl_defense4_timing3678(6,10) : ingress
-B-AA---------MK MKM-KGNNAA------ ------ -IAIG--- I-A--- I---------- ----^---------- -------------- ----- --- ---- tbl_resp_authorise_0(5,8) : ingress
---------------K -K--KK---------- ------ ----K--- --E--- ----------- ----D^--------- -------------- ----- --- ---- tbl_defense4_timing3552(5,8) : ingress
--------------E- E-E---EE-------- ------ -------- ------ ----------- -----D^-------- -------------- ----- --- ---- cond-94(5,8) : ingress
----E----------K -K--KK---------- ------ ----K--- ------ ----------- ------C^------- -------------- ----- --- ---- tbl_defense4_timing3558(5,8) : ingress
---------------K -K--KK--E------- ------ ----K--- ------ ----------- -------D^------ -------------- ----- --- ---- tbl_defense4_timing3563(5,8) : ingress
---------------K -K--KK---------- ------ --E-K--- ------ ----------- --------C^----- -------------- ----- --- ---- tbl_defense4_timing3560(5,8) : ingress
---------------K -K--KK---------- ------ ----K--- ------ ----------- ---------D^---- -------------- ----- --- ---- tbl_defense4_timing3561(5,8) : ingress
---E----------E- E-E---EE-E------ ------ -------- ------ ----------- ------D----^--- -------------- ----- --- ---- cond-98(5,9) : ingress
---------------- --------E------- ------ -------- ------ ----------- -----------C^-- -------------- ----- --- ---- tbl_defense4_timing3566(5,9) : ingress
-B-------------- -----------EEEJJ ------ -------- -J-JJJ ----------- -------------^- -------------- ----- --- ---- tbl_select_deadlines_0(5,9) : ingress
-B--A----------- -----AAAA--EEEJJ ------ --A-A--- -JA--- -A--------- ----------A-A-^ -------------- ----- --- ---- cond-100(5,9) : ingress
#stage 7
---------------L -L--LL---------- ------ ----L--- --E--- -K--------- ----LL-LLLL---C ^------------- ----- --- ---- tbl_defense4_timing3586(6,9) : ingress
----E---------E- E-E---EE-------- ------ -------- ------ ----------- --------------- D^------------ ----- --- ---- cond-102(6,9) : ingress
--------------EL ELE-LLEE-------- ------ ----L--- ------ -K--------- ----LL-LLLL---- -D^----------- ----- --- ---- tbl_defense4_timing3599(6,9) : ingress
-E------------EL ELE-LLEE-------- ------ ----L--- ------ -K--------- ----LL-LLLL---- --D^---------- ----- --- ---- tbl_defense4_timing3606(6,9) : ingress
--------------EL ELE-LLEE-------- ------ ----L--- ------ -K--------- ----LL-LLLL---- ---D^--------- ----- --- ---- tbl_defense4_timing3622(6,9) : ingress
---------------L -L--LL--E------- ------ --E-L--- ------ -K--------- ----LL-LLLL---- -C---^-------- ----- --- ---- tbl_defense4_timing3590(6,9) : ingress
---------------L -L--LL--E------- ------ ----L--- ------ -K--------- ----LL-LLLL---- -----D^------- ----- --- ---- tbl_defense4_timing3593(6,9) : ingress
---------------L -L--LL---------- ------ ----L--- ------ -K--------- ----LL-LLLL---- ------D^------ ----- --- ---- tbl_defense4_timing3595(6,9) : ingress
----E----------L -L--LL---------- ------ ----L--- ------ -K--------- ----LL-LLLL---- ----C---^----- ----- --- ---- tbl_defense4_timing3617(6,9) : ingress
---------------L -L--LL---------- ------ ----L--- ------ -K--------- ----LL-LLLL---- --------D^---- ----- --- ---- tbl_defense4_timing3619(6,9) : ingress
-B-------------- -----------EEEJJ ------ -------- -J---- --ELLI----- --------------- ----------^--- ----- --- ---- tbl_defense4_timing3669(6,9) : ingress
---------------- -----------EEEEE ------ -------- -E---- ---LLL----- --------------- ----------D^-- ----- --- ---- tbl_defense4_timing3670(6,9) : ingress
---------------- -----------EEEEE ------ -------- -E---- ---LLL----- --------------- -----------D^- ----- --- ---- tbl_defense4_timing3671(6,10) : ingress
-B------------E- E-E--AJJ-------- ------ -------- --A--- -A--------- -------------A- ---------A---^ ----- --- ---- cond-109(6,10) : ingress
#stage 8
---------------- ---------------- ------ -------- --E--- -L--------- -------------K- ---L----LL---C ^---- --- ---- tbl_defense4_timing3638(7,10) : ingress
---------------- ---------------- ------ -------- ------ -L--------- -------------K- ---L----LL---- D^--- --- ---- tbl_defense4_timing3639(7,10) : ingress
--------------E- E-E---EE-------- ------ -------- ------ -L--------- -------------K- ---L----LL---D --^-- --- ---- tbl_defense4_timing3645(7,10) : ingress
-B--I---------L- L-L--AIII--LLLII III--- -I-I---- II---- II--------- -------------O- L-L-LLLI-A---- ---^- --- ---- tbl_resp_deadline_0(7,10) : ingress
-B------------L- L-L--AII---LLLII -II--- -I-I---- II---- II--------- -------------O- L-L-LLLI-A---- ----^ --- ---- tbl_state_decode_0(7,10) : ingress
#stage 9
-B-------------- -----------LLLII --I--- ------I- -I---- ---LLILLLI- -------------P- -----------LA- ---PP ^-- ---- tbl_hold_ok_0(7,10) : ingress
-B------------L- L-L--AIII------- I----- -------- ------ -I--------- -------------G- ---L----LI---- ----- -^- ---- tbl_txn_active_0(7,10) : ingress
-H-AA-----A----- -----AAAIA----AA N---A- -----A-A -AA--- -I---A----- ---A---------I- ---------A--A- -AAIA AA^ ---- tbl_case4_expiry_decide_0(8,11) : ingress
#stage 10
-E-------------- ---------------- L----- -------- --L--- -L--------- -------------L- -------------- ---LL -LD ^--- tbl_case4_held_release_0(8,11) : ingress
---------------- ---------------- E----- -------- ------ ----------- --------------- -------------- ----- --- D^-- tbl_finish_held_native(8,11) : ingress
K--QM---LLL---R- L-L---LLL--LLRLL E---Q- -----K-E -LL--- -ESTTT----- LLLL---------L- ---E----EEQSQ- LLL-L LL- -D^- tbl_decide_fresh_0(8,11) : ingress
K--R------------ --------LL-LLLLL ----L- -----K-- -LL--- --L-------- -------------L- -------------- ---LL L-- --D^ tbl_decide_deq_0(8,11) : ingress
#dependencies
A :  ANTI_NEXT_TABLE_DATA
B :  CONTROL_DEFAULT_NEXT_TABLE
C :  CONTROL_COND_TRUE
D :  CONTROL_COND_FALSE
E :  ACTION_READ
F :  CONTROL_DEFAULT_NEXT_TABLE ACTION_READ
G :  OUTPUT ANTI_NEXT_TABLE_DATA
H :  CONTROL_DEFAULT_NEXT_TABLE IXBAR_READ
I :  IXBAR_READ ANTI_NEXT_TABLE_DATA
J :  ACTION_READ ANTI_NEXT_TABLE_DATA
K :  OUTPUT
L :  IXBAR_READ
M :  IXBAR_READ ACTION_READ
N :  IXBAR_READ ACTION_READ ANTI_NEXT_TABLE_DATA
O :  IXBAR_READ OUTPUT ANTI_NEXT_TABLE_DATA
P :  ANTI_ACTION_READ ANTI_NEXT_TABLE_DATA
Q :  ANTI_ACTION_READ
R :  IXBAR_READ ANTI_ACTION_READ
S :  ANTI_TABLE_READ ANTI_ACTION_READ
T :  IXBAR_READ ACTION_READ ANTI_TABLE_READ ANTI_ACTION_READ

*** Table dependency chains (of minimum length 8) ***
#pipeline pipe
#stage 0
^--------------- ---------------- ------- ------------ --- --------------- --------------- -------------- ---- -- tbl_defense4_timing3374(0,3) : ingress
A^-------------- ---------------- ------- ------------ --- --------------- --------------- -------------- ---- -- tbl_case4_expiry_params_0(0,3) : ingress
-B^------------- ---------------- ------- ------------ --- --------------- --------------- -------------- ---- -- tbl_session_0(0,4) : ingress
-B-^------------ ---------------- ------- ------------ --- --------------- --------------- -------------- ---- -- tbl_defense4_timing3386(0,3) : ingress
-B--^----------- ---------------- ------- ------------ --- --------------- --------------- -------------- ---- -- tbl_params_0(0,4) : ingress
-B---^---------- ---------------- ------- ------------ --- --------------- --------------- -------------- ---- -- tbl_read_release_params_0(0,4) : ingress
-B----^--------- ---------------- ------- ------------ --- --------------- --------------- -------------- ---- -- tbl_defense4_timing3536_0(0,5) : ingress
-B-----^-------- ---------------- ------- ------------ --- --------------- --------------- -------------- ---- -- tbl_build_exp_ack_0(0,5) : ingress
-B------^------- ---------------- ------- ------------ --- --------------- --------------- -------------- ---- -- cond-70(0,5) : ingress
--------C^------ ---------------- ------- ------------ --- --------------- --------------- -------------- ---- -- tbl_defense4_timing3425(0,5) : ingress
---------D^----- ---------------- ------- ------------ --- --------------- --------------- -------------- ---- -- tbl_defense4_timing3426(0,5) : ingress
----------D^---- ---------------- ------- ------------ --- --------------- --------------- -------------- ---- -- tbl_defense4_timing3427(0,5) : ingress
-B----------^--- ---------------- ------- ------------ --- --------------- --------------- -------------- ---- -- tbl_defense4_timing3380(0,6) : ingress
-B-----------^-- ---------------- ------- ------------ --- --------------- --------------- -------------- ---- -- tbl_defense4_timing3438(0,6) : ingress
-B------------^- ---------------- ------- ------------ --- --------------- --------------- -------------- ---- -- tbl_bor_params_0(0,6) : ingress
-BA------------^ ---------------- ------- ------------ --- --------------- --------------- -------------- ---- -- cond-81(0,6) : ingress
#stage 1
---------------D ^--------------- ------- ------------ --- --------------- --------------- -------------- ---- -- tbl_defense4_timing3496(0,6) : ingress
---------------C -^-------------- ------- ------------ --- --------------- --------------- -------------- ---- -- tbl_defense4_timing3472(0,6) : ingress
--E------------- -D^------------- ------- ------------ --- --------------- --------------- -------------- ---- -- tbl_defense4_timing3474(1,6) : ingress
---------------- D--^------------ ------- ------------ --- --------------- --------------- -------------- ---- -- tbl_defense4_timing3507(0,6) : ingress
--E------------- --D-^----------- ------- ------------ --- --------------- --------------- -------------- ---- -- tbl_defense4_timing3477(1,6) : ingress
---------------- ---D-^---------- ------- ------------ --- --------------- --------------- -------------- ---- -- cond-89(0,6) : ingress
-E-------------- -----C^--------- ------- ------------ --- --------------- --------------- -------------- ---- -- tbl_defense4_timing3515(1,6) : ingress
---------------- ------D^-------- ------- ------------ --- --------------- --------------- -------------- ---- -- tbl_defense4_timing3516(1,6) : ingress
--E------------- ----D---^------- ------- ------------ --- --------------- --------------- -------------- ---- -- tbl_defense4_timing3480(1,6) : ingress
-E-------------- ---B-----^------ ------- ------------ --- --------------- --------------- -------------- ---- -- tbl_defense4_timing3503(1,6) : ingress
FBG-H--------IH- ----------^----- ------- ------------ --- --------------- --------------- -------------- ---- -- tbl_random_deadlines_0(1,7) : ingress
-J-H------------ -----------^---- ------- ------------ --- --------------- --------------- -------------- ---- -- tbl_defense4_timing3394(1,4) : ingress
-BA--------A---- ------------^--- ------- ------------ --- --------------- --------------- -------------- ---- -- cond-74(0,6) : ingress
---------EEE---- ------------C^-- ------- ------------ --- --------------- --------------- -------------- ---- -- tbl_defense4_timing3431(1,6) : ingress
--E------------- -------------D^- ------- ------------ --- --------------- --------------- -------------- ---- -- tbl_defense4_timing3432(1,6) : ingress
---------------- ------------D--^ ------- ------------ --- --------------- --------------- -------------- ---- -- tbl_defense4_timing3435(0,6) : ingress
#stage 2
---------------- ---------------D ^------ ------------ --- --------------- --------------- -------------- ---- -- tbl_defense4_timing3436(0,6) : ingress
--E------------- --------------D- -^----- ------------ --- --------------- --------------- -------------- ---- -- tbl_defense4_timing3433(1,6) : ingress
-KIIII---------- -----------I---- --^---- ------------ --- --------------- --------------- -------------- ---- -- tbl_owner_admission_0(2,5) : ingress
-B----------G--- ---------------- ---^--- ------------ --- --------------- --------------- -------------- ---- -- tbl_build_now_0(1,7) : ingress
-B-----------I-- ---------------- ----^-- ------------ --- --------------- --------------- -------------- ---- -- tbl_bor_codebook_0(1,8) : ingress
-B-------------- ---------------- -----^- ------------ --- --------------- --------------- -------------- ---- -- tbl_defense4_timing3389(0,10) : ingress
FC-------------- ---------------- ------^ ------------ --- --------------- --------------- -------------- ---- -- tbl_finish_path(1,11) : ingress
#stage 3
-BI--II--------- ---------------- --I---- ^----------- --- --------------- --------------- -------------- ---- -- tbl_guarded_app_0(3,6) : ingress
-BI--I-I-------- ---------------- --I---- -^---------- --- --------------- --------------- -------------- ---- -- tbl_guarded_ack_0(3,6) : ingress
-B---I---------- ---------------- --I---- --^--------- --- --------------- --------------- -------------- ---- -- tbl_tracker_admission_0(3,6) : ingress
-BI--I---------- ---------------- --I---- ---^-------- --- --------------- --------------- -------------- ---- -- tbl_guarded_sport_0(3,7) : ingress
-BI--I---------- ---------------- --I---- ----^------- --- --------------- --------------- -------------- ---- -- tbl_guarded_seq_0(3,7) : ingress
-B---I---------- ---------------- --I---- -----^------ --- --------------- --------------- -------------- ---- -- tbl_owner_valid_0(3,7) : ingress
-B-------------- -F-F--FHAA------ --G---- ------^----- --- --------------- --------------- -------------- ---- -- tbl_defense4_timing3540(3,7) : ingress
-B--GG---------- ----------G----- ---G--- -------^---- --- --------------- --------------- -------------- ---- -- tbl_build_cand_resp_0(2,8) : ingress
-B--G----------- ----------G----- ---G--- --------^--- --- --------------- --------------- -------------- ---- -- tbl_build_cand_0(2,8) : ingress
-B------------G- ----------G----- ---G--- ---------^-- --- --------------- --------------- -------------- ---- -- tbl_defense4_timing3447(2,8) : ingress
-B-------------- ---------------- ---GG-- ----------^- --- --------------- --------------- -------------- ---- -- tbl_defense4_timing3667(2,9) : ingress
-B-------------- ---------------- --G---- -----------^ --- --------------- --------------- -------------- ---- -- tbl_defense4_timing3529(3,10) : ingress
#stage 4
-B---I---------- L-L-L--AII------ ------- IH---------- ^-- --------------- --------------- -------------- ---- -- tbl_app_association_0(4,7) : ingress
-B---G---------- E-E-E--AGG---FFF HH----- --G--------- -^- --------------- --------------- -------------- ---- -- tbl_case4_bor_admission_0(4,7) : ingress
-J---G---------- E-E-E--AGG------ ---I--- --G--------- --^ --------------- --------------- -------------- ---- -- tbl_ready_expiry_0(4,8) : ingress
#stage 5
-B-AAA---------- MFMFM-FHNN-A---- ------- -IAIIAH----- I-- ^-------------- --------------- -------------- ---- -- tbl_resp_authorise_0(5,8) : ingress
---------------- -F-F--FF-------- ------- -----EF----- --- D^------------- --------------- -------------- ---- -- tbl_defense4_timing3552(5,8) : ingress
---------------- E-E-E---EE------ ------- ------------ --- -D^------------ --------------- -------------- ---- -- cond-94(5,8) : ingress
----E----------- -F-F--FF-------- ------- ------F----- --- --C^----------- --------------- -------------- ---- -- tbl_defense4_timing3558(5,8) : ingress
-----E---------- -F-F--FF-------- ------- ------F----- --- ---D^---------- --------------- -------------- ---- -- tbl_defense4_timing3563(5,8) : ingress
---------------- -F-F--FF-------- ------- --E---F----- --- ----C^--------- --------------- -------------- ---- -- tbl_defense4_timing3560(5,8) : ingress
---------------- -F-F--FF-------- ------- ------F----- --- -----D^-------- --------------- -------------- ---- -- tbl_defense4_timing3561(5,8) : ingress
---E------------ E-E-E---EE-E---- ------- ------------ --- --D----^------- --------------- -------------- ---- -- cond-98(5,9) : ingress
-----E---------- ---------------- ------- ------------ --- -------C^------ --------------- -------------- ---- -- tbl_defense4_timing3566(5,9) : ingress
-B-I------------ -----------I-EEE GG----- ------------ -G- ---------^----- --------------- -------------- ---- -- tbl_defense4_timing3656(5,8) : ingress
---L------------ -----------L-EEE EE----- ------------ -E- ---------D^---- --------------- -------------- ---- -- tbl_defense4_timing3657(5,8) : ingress
---L------------ -----------L-EEE EE----- ------------ -E- ----------D^--- --------------- -------------- ---- -- tbl_defense4_timing3658(5,8) : ingress
---L------------ -----------L---- ------- ------------ --- -----------D^-- --------------- -------------- ---- -- tbl_defense4_timing3659(5,8) : ingress
-B-------------- -------------EEE GG----- -------GGG-- -G- -------------^- --------------- -------------- ---- -- tbl_select_deadlines_0(5,9) : ingress
-B--AA---------- -------AAA---EEE GG----- --A--AA----- -GA ------A-A-----^ --------------- -------------- ---- -- cond-100(5,9) : ingress
#stage 6
---------------- -L-L--LL-------- ------- -----EL----- --F LL-LLLL-------C ^-------------- -------------- ---- -- tbl_defense4_timing3586(6,9) : ingress
----E----------- E-E-E---EE------ ------- ------------ --- --------------- D^------------- -------------- ---- -- cond-102(6,9) : ingress
---------------- ELELE-LLEE------ ------- ------L----- --F LL-LLLL-------- -D^------------ -------------- ---- -- tbl_defense4_timing3599(6,9) : ingress
-E-------------- ELELE-LLEE------ ------- ------L----- --F LL-LLLL-------- --D^----------- -------------- ---- -- tbl_defense4_timing3606(6,9) : ingress
---------------- ELELE-LLEE------ ------- ------L----- --F LL-LLLL-------- ---D^---------- -------------- ---- -- tbl_defense4_timing3622(6,9) : ingress
-----E---------- -L-L--LL-------- ------- --E---L----- --F LL-LLLL-------- -C---^--------- -------------- ---- -- tbl_defense4_timing3590(6,9) : ingress
-----E---------- -L-L--LL-------- ------- ------L----- --F LL-LLLL-------- -----D^-------- -------------- ---- -- tbl_defense4_timing3593(6,9) : ingress
---------------- -L-L--LL-------- ------- ------L----- --F LL-LLLL-------- ------D^------- -------------- ---- -- tbl_defense4_timing3595(6,9) : ingress
----E----------- -L-L--LL-------- ------- ------L----- --F LL-LLLL-------- ----C---^------ -------------- ---- -- tbl_defense4_timing3617(6,9) : ingress
---------------- -L-L--LL-------- ------- ------L----- --F LL-LLLL-------- --------D^----- -------------- ---- -- tbl_defense4_timing3619(6,9) : ingress
-B-------------- -------------EEE GG----- ------------ -G- --------------- ----------^---- -------------- ---- -- tbl_defense4_timing3660(5,9) : ingress
---------------- -------------EEE EE----- ------------ -E- --------------- ----------D^--- -------------- ---- -- tbl_defense4_timing3661(5,9) : ingress
---------------- -------------EEE EE----- ------------ -E- --------------- -----------D^-- -------------- ---- -- tbl_defense4_timing3662(5,9) : ingress
---------------- ---------------- ------- ------------ --- --------------- ------------D^- -------------- ---- -- tbl_defense4_timing3666(5,9) : ingress
-B-------------- -------------EEE GG----- ------------ -G- --------------- -------------A^ -------------- ---- -- cond-121(5,10) : ingress
#stage 7
---------------- ---------------- ------- ------------ --- --------------- ----------EEEEC ^------------- ---- -- tbl_defense4_timing3675(6,10) : ingress
---------------- ---------------- ------- ------------ --- --------------- ----------EEEE- D^------------ ---- -- tbl_defense4_timing3676(6,10) : ingress
---------------- ---------------- ------- ------------ --- --------------- ----------EEEE- -D^----------- ---- -- tbl_defense4_timing3677(6,10) : ingress
---------------- ---------------- ------- ------------ --- --------------- --------------- --D^---------- ---- -- tbl_defense4_timing3678(6,10) : ingress
-B-------------- -------------EEE GG----- ------------ -G- ---------ELLI-- --------------- ----^--------- ---- -- tbl_defense4_timing3669(6,9) : ingress
---------------- -------------EEE EE----- ------------ -E- ----------LLL-- --------------- ----D^-------- ---- -- tbl_defense4_timing3670(6,9) : ingress
---------------- -------------EEE EE----- ------------ -E- ----------LLL-- --------------- -----D^------- ---- -- tbl_defense4_timing3671(6,10) : ingress
-B--II--------I- L-L-L--AII---LLL IIII--- -I-II------- III -------------O- L-L-LLLI-A----- -------^------ ---- -- tbl_resp_deadline_0(7,10) : ingress
-B------------I- L-L-L--AII---LLL II-I--- -I-II------- III -------------O- L-L-LLLI-A----- --------^----- ---- -- tbl_state_decode_0(7,10) : ingress
-B---I---------- L-L-L--AII------ --I---- ------------ --I -------------H- ---L----LI----- ---------^---- ---- -- tbl_txn_active_0(7,10) : ingress
-B-------------- E-E-E--AGG------ ------- -----A------ --A -------------A- ---------A----- ----------^--- ---- -- cond-109(6,10) : ingress
---------------- ---------------- ------- -----E------ --L -------------F- ---L----LL----- ----------C^-- ---- -- tbl_defense4_timing3638(7,10) : ingress
---------------- ---------------- ------- ------------ --L -------------F- ---L----LL----- -----------D^- ---- -- tbl_defense4_timing3639(7,10) : ingress
---------------- E-E-E---EE------ ------- ------------ --L -------------F- ---L----LL----- ----------D--^ ---- -- tbl_defense4_timing3645(7,10) : ingress
#stage 8
-B-------------- -------------LLL II-I--- ----------I- -I- ----------LLIP- ----------LLLI- -----LAPP----- ^--- -- tbl_hold_ok_0(7,10) : ingress
-K-AAI-----A---- -------AAAAA---- AAN--A- -----A-----A -AI ------------AI- ---------A----- ---A--AIAA--AA A^-- -- tbl_case4_expiry_decide_0(8,11) : ingress
-E-------------- ---------------- --L---- -----L------ --L -------------L- --------------- -------LLL---- -D^- -- tbl_case4_held_release_0(8,11) : ingress
---------------- ---------------- --E---- ------------ --- --------------- --------------- -------------- --D^ -- tbl_finish_held_native(8,11) : ingress
#stage 9
F--QML---LLL---- R-L-L---LLF--LLR LLE--Q- -----L-----E -LE ---------STTTL- ---E----EE----- LLLLQSQ-LL-LLL L--D ^- tbl_decide_fresh_0(8,11) : ingress
F--R-L---------- ----------FL-LLL LL---L- -----L------ -L- ---------L---L- --------------- -------LL----- L--- D^ tbl_decide_deq_0(8,11) : ingress
#dependencies
A :  ANTI_NEXT_TABLE_DATA
B :  CONTROL_DEFAULT_NEXT_TABLE
C :  CONTROL_COND_TRUE
D :  CONTROL_COND_FALSE
E :  ACTION_READ
F :  OUTPUT
G :  ACTION_READ ANTI_NEXT_TABLE_DATA
H :  OUTPUT ANTI_NEXT_TABLE_DATA
I :  IXBAR_READ ANTI_NEXT_TABLE_DATA
J :  CONTROL_DEFAULT_NEXT_TABLE ACTION_READ
K :  CONTROL_DEFAULT_NEXT_TABLE IXBAR_READ
L :  IXBAR_READ
M :  IXBAR_READ ACTION_READ
N :  IXBAR_READ ACTION_READ ANTI_NEXT_TABLE_DATA
O :  IXBAR_READ OUTPUT ANTI_NEXT_TABLE_DATA
P :  ANTI_ACTION_READ ANTI_NEXT_TABLE_DATA
Q :  ANTI_ACTION_READ
R :  IXBAR_READ ANTI_ACTION_READ
S :  ANTI_TABLE_READ ANTI_ACTION_READ
T :  IXBAR_READ ACTION_READ ANTI_TABLE_READ ANTI_ACTION_READ

*** Table dependency chains (of minimum length 8) ***
#pipeline pipe
#stage 0
^--------------- ---------------- ------- ------------ --- --------------- --------------- -------------- ---- -- tbl_defense4_timing3374(0,3) : ingress
A^-------------- ---------------- ------- ------------ --- --------------- --------------- -------------- ---- -- tbl_case4_expiry_params_0(0,3) : ingress
-B^------------- ---------------- ------- ------------ --- --------------- --------------- -------------- ---- -- tbl_session_0(0,4) : ingress
-B-^------------ ---------------- ------- ------------ --- --------------- --------------- -------------- ---- -- tbl_defense4_timing3386(0,3) : ingress
-B--^----------- ---------------- ------- ------------ --- --------------- --------------- -------------- ---- -- tbl_params_0(0,4) : ingress
-B---^---------- ---------------- ------- ------------ --- --------------- --------------- -------------- ---- -- tbl_read_release_params_0(0,4) : ingress
-B----^--------- ---------------- ------- ------------ --- --------------- --------------- -------------- ---- -- tbl_defense4_timing3536_0(0,5) : ingress
-B-----^-------- ---------------- ------- ------------ --- --------------- --------------- -------------- ---- -- tbl_build_exp_ack_0(0,5) : ingress
-B------^------- ---------------- ------- ------------ --- --------------- --------------- -------------- ---- -- cond-70(0,5) : ingress
--------C^------ ---------------- ------- ------------ --- --------------- --------------- -------------- ---- -- tbl_defense4_timing3425(0,5) : ingress
---------D^----- ---------------- ------- ------------ --- --------------- --------------- -------------- ---- -- tbl_defense4_timing3426(0,5) : ingress
----------D^---- ---------------- ------- ------------ --- --------------- --------------- -------------- ---- -- tbl_defense4_timing3427(0,5) : ingress
-B----------^--- ---------------- ------- ------------ --- --------------- --------------- -------------- ---- -- tbl_defense4_timing3380(0,6) : ingress
-B-----------^-- ---------------- ------- ------------ --- --------------- --------------- -------------- ---- -- tbl_defense4_timing3438(0,6) : ingress
-B------------^- ---------------- ------- ------------ --- --------------- --------------- -------------- ---- -- tbl_bor_params_0(0,6) : ingress
-BA------------^ ---------------- ------- ------------ --- --------------- --------------- -------------- ---- -- cond-81(0,6) : ingress
#stage 1
---------------D ^--------------- ------- ------------ --- --------------- --------------- -------------- ---- -- tbl_defense4_timing3496(0,6) : ingress
---------------C -^-------------- ------- ------------ --- --------------- --------------- -------------- ---- -- tbl_defense4_timing3472(0,6) : ingress
--E------------- -D^------------- ------- ------------ --- --------------- --------------- -------------- ---- -- tbl_defense4_timing3474(1,6) : ingress
---------------- D--^------------ ------- ------------ --- --------------- --------------- -------------- ---- -- tbl_defense4_timing3507(0,6) : ingress
--E------------- --D-^----------- ------- ------------ --- --------------- --------------- -------------- ---- -- tbl_defense4_timing3477(1,6) : ingress
---------------- ---D-^---------- ------- ------------ --- --------------- --------------- -------------- ---- -- cond-89(0,6) : ingress
-E-------------- -----C^--------- ------- ------------ --- --------------- --------------- -------------- ---- -- tbl_defense4_timing3515(1,6) : ingress
---------------- ------D^-------- ------- ------------ --- --------------- --------------- -------------- ---- -- tbl_defense4_timing3516(1,6) : ingress
--E------------- ----D---^------- ------- ------------ --- --------------- --------------- -------------- ---- -- tbl_defense4_timing3480(1,6) : ingress
-E-------------- ---B-----^------ ------- ------------ --- --------------- --------------- -------------- ---- -- tbl_defense4_timing3503(1,6) : ingress
FBG-H--------IH- ----------^----- ------- ------------ --- --------------- --------------- -------------- ---- -- tbl_random_deadlines_0(1,7) : ingress
-J-H------------ -----------^---- ------- ------------ --- --------------- --------------- -------------- ---- -- tbl_defense4_timing3394(1,4) : ingress
-BA--------A---- ------------^--- ------- ------------ --- --------------- --------------- -------------- ---- -- cond-74(0,6) : ingress
---------EEE---- ------------C^-- ------- ------------ --- --------------- --------------- -------------- ---- -- tbl_defense4_timing3431(1,6) : ingress
--E------------- -------------D^- ------- ------------ --- --------------- --------------- -------------- ---- -- tbl_defense4_timing3432(1,6) : ingress
---------------- ------------D--^ ------- ------------ --- --------------- --------------- -------------- ---- -- tbl_defense4_timing3435(0,6) : ingress
#stage 2
---------------- ---------------D ^------ ------------ --- --------------- --------------- -------------- ---- -- tbl_defense4_timing3436(0,6) : ingress
--E------------- --------------D- -^----- ------------ --- --------------- --------------- -------------- ---- -- tbl_defense4_timing3433(1,6) : ingress
-KIIII---------- -----------I---- --^---- ------------ --- --------------- --------------- -------------- ---- -- tbl_owner_admission_0(2,5) : ingress
-B----------G--- ---------------- ---^--- ------------ --- --------------- --------------- -------------- ---- -- tbl_build_now_0(1,7) : ingress
-B-----------I-- ---------------- ----^-- ------------ --- --------------- --------------- -------------- ---- -- tbl_bor_codebook_0(1,8) : ingress
-B-------------- ---------------- -----^- ------------ --- --------------- --------------- -------------- ---- -- tbl_defense4_timing3389(0,10) : ingress
FC-------------- ---------------- ------^ ------------ --- --------------- --------------- -------------- ---- -- tbl_finish_path(1,11) : ingress
#stage 3
-BI--II--------- ---------------- --I---- ^----------- --- --------------- --------------- -------------- ---- -- tbl_guarded_app_0(3,6) : ingress
-BI--I-I-------- ---------------- --I---- -^---------- --- --------------- --------------- -------------- ---- -- tbl_guarded_ack_0(3,6) : ingress
-B---I---------- ---------------- --I---- --^--------- --- --------------- --------------- -------------- ---- -- tbl_tracker_admission_0(3,6) : ingress
-BI--I---------- ---------------- --I---- ---^-------- --- --------------- --------------- -------------- ---- -- tbl_guarded_sport_0(3,7) : ingress
-BI--I---------- ---------------- --I---- ----^------- --- --------------- --------------- -------------- ---- -- tbl_guarded_seq_0(3,7) : ingress
-B---I---------- ---------------- --I---- -----^------ --- --------------- --------------- -------------- ---- -- tbl_owner_valid_0(3,7) : ingress
-B-------------- -F-F--FHAA------ --G---- ------^----- --- --------------- --------------- -------------- ---- -- tbl_defense4_timing3540(3,7) : ingress
-B--GG---------- ----------G----- ---G--- -------^---- --- --------------- --------------- -------------- ---- -- tbl_build_cand_resp_0(2,8) : ingress
-B--G----------- ----------G----- ---G--- --------^--- --- --------------- --------------- -------------- ---- -- tbl_build_cand_0(2,8) : ingress
-B------------G- ----------G----- ---G--- ---------^-- --- --------------- --------------- -------------- ---- -- tbl_defense4_timing3447(2,8) : ingress
-B-------------- ---------------- ---GG-- ----------^- --- --------------- --------------- -------------- ---- -- tbl_defense4_timing3667(2,9) : ingress
-B-------------- ---------------- --G---- -----------^ --- --------------- --------------- -------------- ---- -- tbl_defense4_timing3529(3,10) : ingress
#stage 4
-B---I---------- L-L-L--AII------ ------- IH---------- ^-- --------------- --------------- -------------- ---- -- tbl_app_association_0(4,7) : ingress
-B---G---------- E-E-E--AGG---FFF HH----- --G--------- -^- --------------- --------------- -------------- ---- -- tbl_case4_bor_admission_0(4,7) : ingress
-J---G---------- E-E-E--AGG------ ---I--- --G--------- --^ --------------- --------------- -------------- ---- -- tbl_ready_expiry_0(4,8) : ingress
#stage 5
-B-AAA---------- MFMFM-FHNN-A---- ------- -IAIIAH----- I-- ^-------------- --------------- -------------- ---- -- tbl_resp_authorise_0(5,8) : ingress
---------------- -F-F--FF-------- ------- -----EF----- --- D^------------- --------------- -------------- ---- -- tbl_defense4_timing3552(5,8) : ingress
---------------- E-E-E---EE------ ------- ------------ --- -D^------------ --------------- -------------- ---- -- cond-94(5,8) : ingress
----E----------- -F-F--FF-------- ------- ------F----- --- --C^----------- --------------- -------------- ---- -- tbl_defense4_timing3558(5,8) : ingress
-----E---------- -F-F--FF-------- ------- ------F----- --- ---D^---------- --------------- -------------- ---- -- tbl_defense4_timing3563(5,8) : ingress
---------------- -F-F--FF-------- ------- --E---F----- --- ----C^--------- --------------- -------------- ---- -- tbl_defense4_timing3560(5,8) : ingress
---------------- -F-F--FF-------- ------- ------F----- --- -----D^-------- --------------- -------------- ---- -- tbl_defense4_timing3561(5,8) : ingress
---E------------ E-E-E---EE-E---- ------- ------------ --- --D----^------- --------------- -------------- ---- -- cond-98(5,9) : ingress
-----E---------- ---------------- ------- ------------ --- -------C^------ --------------- -------------- ---- -- tbl_defense4_timing3566(5,9) : ingress
-B-I------------ -----------I-EEE GG----- ------------ -G- ---------^----- --------------- -------------- ---- -- tbl_defense4_timing3656(5,8) : ingress
---L------------ -----------L-EEE EE----- ------------ -E- ---------D^---- --------------- -------------- ---- -- tbl_defense4_timing3657(5,8) : ingress
---L------------ -----------L-EEE EE----- ------------ -E- ----------D^--- --------------- -------------- ---- -- tbl_defense4_timing3658(5,8) : ingress
---L------------ -----------L---- ------- ------------ --- -----------D^-- --------------- -------------- ---- -- tbl_defense4_timing3659(5,8) : ingress
-B-------------- -------------EEE GG----- -------GGG-- -G- -------------^- --------------- -------------- ---- -- tbl_select_deadlines_0(5,9) : ingress
-B--AA---------- -------AAA---EEE GG----- --A--AA----- -GA ------A-A-----^ --------------- -------------- ---- -- cond-100(5,9) : ingress
#stage 6
---------------- -L-L--LL-------- ------- -----EL----- --F LL-LLLL-------C ^-------------- -------------- ---- -- tbl_defense4_timing3586(6,9) : ingress
----E----------- E-E-E---EE------ ------- ------------ --- --------------- D^------------- -------------- ---- -- cond-102(6,9) : ingress
---------------- ELELE-LLEE------ ------- ------L----- --F LL-LLLL-------- -D^------------ -------------- ---- -- tbl_defense4_timing3599(6,9) : ingress
-E-------------- ELELE-LLEE------ ------- ------L----- --F LL-LLLL-------- --D^----------- -------------- ---- -- tbl_defense4_timing3606(6,9) : ingress
---------------- ELELE-LLEE------ ------- ------L----- --F LL-LLLL-------- ---D^---------- -------------- ---- -- tbl_defense4_timing3622(6,9) : ingress
-----E---------- -L-L--LL-------- ------- --E---L----- --F LL-LLLL-------- -C---^--------- -------------- ---- -- tbl_defense4_timing3590(6,9) : ingress
-----E---------- -L-L--LL-------- ------- ------L----- --F LL-LLLL-------- -----D^-------- -------------- ---- -- tbl_defense4_timing3593(6,9) : ingress
---------------- -L-L--LL-------- ------- ------L----- --F LL-LLLL-------- ------D^------- -------------- ---- -- tbl_defense4_timing3595(6,9) : ingress
----E----------- -L-L--LL-------- ------- ------L----- --F LL-LLLL-------- ----C---^------ -------------- ---- -- tbl_defense4_timing3617(6,9) : ingress
---------------- -L-L--LL-------- ------- ------L----- --F LL-LLLL-------- --------D^----- -------------- ---- -- tbl_defense4_timing3619(6,9) : ingress
-B-------------- -------------EEE GG----- ------------ -G- --------------- ----------^---- -------------- ---- -- tbl_defense4_timing3660(5,9) : ingress
---------------- -------------EEE EE----- ------------ -E- --------------- ----------D^--- -------------- ---- -- tbl_defense4_timing3661(5,9) : ingress
---------------- -------------EEE EE----- ------------ -E- --------------- -----------D^-- -------------- ---- -- tbl_defense4_timing3662(5,9) : ingress
---------------- ---------------- ------- ------------ --- --------------- ------------D^- -------------- ---- -- tbl_defense4_timing3666(5,9) : ingress
-B-------------- -------------EEE GG----- ------------ -G- --------------- -------------A^ -------------- ---- -- cond-121(5,10) : ingress
#stage 7
---------------- ---------------- ------- ------------ --- --------------- ----------EEEEC ^------------- ---- -- tbl_defense4_timing3675(6,10) : ingress
---------------- ---------------- ------- ------------ --- --------------- ----------EEEE- D^------------ ---- -- tbl_defense4_timing3676(6,10) : ingress
---------------- ---------------- ------- ------------ --- --------------- ----------EEEE- -D^----------- ---- -- tbl_defense4_timing3677(6,10) : ingress
---------------- ---------------- ------- ------------ --- --------------- --------------- --D^---------- ---- -- tbl_defense4_timing3678(6,10) : ingress
-B-------------- -------------EEE GG----- ------------ -G- ---------ELLI-- --------------- ----^--------- ---- -- tbl_defense4_timing3669(6,9) : ingress
---------------- -------------EEE EE----- ------------ -E- ----------LLL-- --------------- ----D^-------- ---- -- tbl_defense4_timing3670(6,9) : ingress
---------------- -------------EEE EE----- ------------ -E- ----------LLL-- --------------- -----D^------- ---- -- tbl_defense4_timing3671(6,10) : ingress
-B--II--------I- L-L-L--AII---LLL IIII--- -I-II------- III -------------O- L-L-LLLI-A----- -------^------ ---- -- tbl_resp_deadline_0(7,10) : ingress
-B------------I- L-L-L--AII---LLL II-I--- -I-II------- IIO -------------O- L-L-LLLI-A----- --------^----- ---- -- tbl_state_decode_0(7,10) : ingress
-B---I---------- L-L-L--AII------ --I---- ------------ --I -------------H- ---L----LI----- ---------^---- ---- -- tbl_txn_active_0(7,10) : ingress
-B-------------- E-E-E--AGG------ ------- -----A------ --A -------------A- ---------A----- ----------^--- ---- -- cond-109(6,10) : ingress
---------------- ---------------- ------- -----E------ --L -------------F- ---L----LL----- ----------C^-- ---- -- tbl_defense4_timing3638(7,10) : ingress
---------------- ---------------- ------- ------------ --L -------------F- ---L----LL----- -----------D^- ---- -- tbl_defense4_timing3639(7,10) : ingress
---------------- E-E-E---EE------ ------- ------------ --L -------------F- ---L----LL----- ----------D--^ ---- -- tbl_defense4_timing3645(7,10) : ingress
#stage 8
-B-------------- -------------LLL II-I--- ----------I- -I- ----------LLIP- ----------LLLI- -----LAPP----- ^--- -- tbl_hold_ok_0(7,10) : ingress
-K-AAI-----A---- -------AAAAA---- AAN--A- -----A-----A -AI ------------AI- ---------A----- ---A--AIAA--AA A^-- -- tbl_case4_expiry_decide_0(8,11) : ingress
-E-------------- ---------------- --L---- -----L------ --L -------------L- --------------- -------LLL---- -D^- -- tbl_case4_held_release_0(8,11) : ingress
---------------- ---------------- --E---- ------------ --- --------------- --------------- -------------- --D^ -- tbl_finish_held_native(8,11) : ingress
#stage 9
F--QML---LLL---- R-L-L---LLF--LLR LLE--Q- -----L-----E -LM ---------STTTL- ---E----EE----- LLLLQSQ-LL-LLL L--D ^- tbl_decide_fresh_0(8,11) : ingress
F--R-L---------- ----------FL-LLL LL---L- -----L------ -LL ---------L---L- --------------- -------LL----- L--- D^ tbl_decide_deq_0(8,11) : ingress
#dependencies
A :  ANTI_NEXT_TABLE_DATA
B :  CONTROL_DEFAULT_NEXT_TABLE
C :  CONTROL_COND_TRUE
D :  CONTROL_COND_FALSE
E :  ACTION_READ
F :  OUTPUT
G :  ACTION_READ ANTI_NEXT_TABLE_DATA
H :  OUTPUT ANTI_NEXT_TABLE_DATA
I :  IXBAR_READ ANTI_NEXT_TABLE_DATA
J :  CONTROL_DEFAULT_NEXT_TABLE ACTION_READ
K :  CONTROL_DEFAULT_NEXT_TABLE IXBAR_READ
L :  IXBAR_READ
M :  IXBAR_READ ACTION_READ
N :  IXBAR_READ ACTION_READ ANTI_NEXT_TABLE_DATA
O :  IXBAR_READ OUTPUT ANTI_NEXT_TABLE_DATA
P :  ANTI_ACTION_READ ANTI_NEXT_TABLE_DATA
Q :  ANTI_ACTION_READ
R :  IXBAR_READ ANTI_ACTION_READ
S :  ANTI_TABLE_READ ANTI_ACTION_READ
T :  IXBAR_READ ACTION_READ ANTI_TABLE_READ ANTI_ACTION_READ

*** Table dependency chains (of minimum length 8) ***
#pipeline pipe
#stage 0
^--------------- ---------------- ------- ------------ --- --------------- --------------- -------------- ---- -- tbl_defense4_timing3374(0,3) : ingress
A^-------------- ---------------- ------- ------------ --- --------------- --------------- -------------- ---- -- tbl_case4_expiry_params_0(0,3) : ingress
-B^------------- ---------------- ------- ------------ --- --------------- --------------- -------------- ---- -- tbl_session_0(0,4) : ingress
-B-^------------ ---------------- ------- ------------ --- --------------- --------------- -------------- ---- -- tbl_defense4_timing3386(0,3) : ingress
-B--^----------- ---------------- ------- ------------ --- --------------- --------------- -------------- ---- -- tbl_params_0(0,4) : ingress
-B---^---------- ---------------- ------- ------------ --- --------------- --------------- -------------- ---- -- tbl_read_release_params_0(0,4) : ingress
-B----^--------- ---------------- ------- ------------ --- --------------- --------------- -------------- ---- -- tbl_defense4_timing3536_0(0,5) : ingress
-B-----^-------- ---------------- ------- ------------ --- --------------- --------------- -------------- ---- -- tbl_build_exp_ack_0(0,5) : ingress
-B------^------- ---------------- ------- ------------ --- --------------- --------------- -------------- ---- -- cond-70(0,5) : ingress
--------C^------ ---------------- ------- ------------ --- --------------- --------------- -------------- ---- -- tbl_defense4_timing3425(0,5) : ingress
---------D^----- ---------------- ------- ------------ --- --------------- --------------- -------------- ---- -- tbl_defense4_timing3426(0,5) : ingress
----------D^---- ---------------- ------- ------------ --- --------------- --------------- -------------- ---- -- tbl_defense4_timing3427(0,5) : ingress
-B----------^--- ---------------- ------- ------------ --- --------------- --------------- -------------- ---- -- tbl_defense4_timing3380(0,6) : ingress
-B-----------^-- ---------------- ------- ------------ --- --------------- --------------- -------------- ---- -- tbl_defense4_timing3438(0,6) : ingress
-B------------^- ---------------- ------- ------------ --- --------------- --------------- -------------- ---- -- tbl_bor_params_0(0,6) : ingress
-BA------------^ ---------------- ------- ------------ --- --------------- --------------- -------------- ---- -- cond-81(0,6) : ingress
#stage 1
---------------D ^--------------- ------- ------------ --- --------------- --------------- -------------- ---- -- tbl_defense4_timing3496(0,6) : ingress
---------------C -^-------------- ------- ------------ --- --------------- --------------- -------------- ---- -- tbl_defense4_timing3472(0,6) : ingress
--E------------- -D^------------- ------- ------------ --- --------------- --------------- -------------- ---- -- tbl_defense4_timing3474(1,6) : ingress
---------------- D--^------------ ------- ------------ --- --------------- --------------- -------------- ---- -- tbl_defense4_timing3507(0,6) : ingress
--E------------- --D-^----------- ------- ------------ --- --------------- --------------- -------------- ---- -- tbl_defense4_timing3477(1,6) : ingress
---------------- ---D-^---------- ------- ------------ --- --------------- --------------- -------------- ---- -- cond-89(0,6) : ingress
-E-------------- -----C^--------- ------- ------------ --- --------------- --------------- -------------- ---- -- tbl_defense4_timing3515(1,6) : ingress
---------------- ------D^-------- ------- ------------ --- --------------- --------------- -------------- ---- -- tbl_defense4_timing3516(1,6) : ingress
--E------------- ----D---^------- ------- ------------ --- --------------- --------------- -------------- ---- -- tbl_defense4_timing3480(1,6) : ingress
-E-------------- ---B-----^------ ------- ------------ --- --------------- --------------- -------------- ---- -- tbl_defense4_timing3503(1,6) : ingress
FBG-H--------IH- ----------^----- ------- ------------ --- --------------- --------------- -------------- ---- -- tbl_random_deadlines_0(1,7) : ingress
-J-H------------ -----------^---- ------- ------------ --- --------------- --------------- -------------- ---- -- tbl_defense4_timing3394(1,4) : ingress
-BA--------A---- ------------^--- ------- ------------ --- --------------- --------------- -------------- ---- -- cond-74(0,6) : ingress
---------EEE---- ------------C^-- ------- ------------ --- --------------- --------------- -------------- ---- -- tbl_defense4_timing3431(1,6) : ingress
--E------------- -------------D^- ------- ------------ --- --------------- --------------- -------------- ---- -- tbl_defense4_timing3432(1,6) : ingress
---------------- ------------D--^ ------- ------------ --- --------------- --------------- -------------- ---- -- tbl_defense4_timing3435(0,6) : ingress
#stage 2
---------------- ---------------D ^------ ------------ --- --------------- --------------- -------------- ---- -- tbl_defense4_timing3436(0,6) : ingress
--E------------- --------------D- -^----- ------------ --- --------------- --------------- -------------- ---- -- tbl_defense4_timing3433(1,6) : ingress
-KIIII---------- -----------I---- --^---- ------------ --- --------------- --------------- -------------- ---- -- tbl_owner_admission_0(2,5) : ingress
-B----------G--- ---------------- ---^--- ------------ --- --------------- --------------- -------------- ---- -- tbl_build_now_0(1,7) : ingress
-B-----------I-- ---------------- ----^-- ------------ --- --------------- --------------- -------------- ---- -- tbl_bor_codebook_0(1,8) : ingress
-B-------------- ---------------- -----^- ------------ --- --------------- --------------- -------------- ---- -- tbl_defense4_timing3389(0,10) : ingress
FC-------------- ---------------- ------^ ------------ --- --------------- --------------- -------------- ---- -- tbl_finish_path(1,11) : ingress
#stage 3
-BI--II--------- ---------------- --I---- ^----------- --- --------------- --------------- -------------- ---- -- tbl_guarded_app_0(3,6) : ingress
-BI--I-I-------- ---------------- --I---- -^---------- --- --------------- --------------- -------------- ---- -- tbl_guarded_ack_0(3,6) : ingress
-B---I---------- ---------------- --I---- --^--------- --- --------------- --------------- -------------- ---- -- tbl_tracker_admission_0(3,6) : ingress
-BI--I---------- ---------------- --I---- ---^-------- --- --------------- --------------- -------------- ---- -- tbl_guarded_sport_0(3,7) : ingress
-BI--I---------- ---------------- --I---- ----^------- --- --------------- --------------- -------------- ---- -- tbl_guarded_seq_0(3,7) : ingress
-B---I---------- ---------------- --I---- -----^------ --- --------------- --------------- -------------- ---- -- tbl_owner_valid_0(3,7) : ingress
-B-------------- -F-F--FHAA------ --G---- ------^----- --- --------------- --------------- -------------- ---- -- tbl_defense4_timing3540(3,7) : ingress
-B--GG---------- ----------G----- ---G--- -------^---- --- --------------- --------------- -------------- ---- -- tbl_build_cand_resp_0(2,8) : ingress
-B--G----------- ----------G----- ---G--- --------^--- --- --------------- --------------- -------------- ---- -- tbl_build_cand_0(2,8) : ingress
-B------------G- ----------G----- ---G--- ---------^-- --- --------------- --------------- -------------- ---- -- tbl_defense4_timing3447(2,8) : ingress
-B-------------- ---------------- ---GG-- ----------^- --- --------------- --------------- -------------- ---- -- tbl_defense4_timing3667(2,9) : ingress
-B-------------- ---------------- --G---- -----------^ --- --------------- --------------- -------------- ---- -- tbl_defense4_timing3529(3,10) : ingress
#stage 4
-B---I---------- L-L-L--AII------ ------- IH---------- ^-- --------------- --------------- -------------- ---- -- tbl_app_association_0(4,7) : ingress
-B---G---------- E-E-E--AGG---FFF HH----- --G--------- -^- --------------- --------------- -------------- ---- -- tbl_case4_bor_admission_0(4,7) : ingress
-J---G---------- E-E-E--AGG------ ---I--- --G--------- --^ --------------- --------------- -------------- ---- -- tbl_ready_expiry_0(4,8) : ingress
#stage 5
-B-AAA---------- MFMFM-FHNN-A---- ------- -IAIIAH----- I-- ^-------------- --------------- -------------- ---- -- tbl_resp_authorise_0(5,8) : ingress
---------------- -F-F--FF-------- ------- -----EF----- --- D^------------- --------------- -------------- ---- -- tbl_defense4_timing3552(5,8) : ingress
---------------- E-E-E---EE------ ------- ------------ --- -D^------------ --------------- -------------- ---- -- cond-94(5,8) : ingress
----E----------- -F-F--FF-------- ------- ------F----- --- --C^----------- --------------- -------------- ---- -- tbl_defense4_timing3558(5,8) : ingress
-----E---------- -F-F--FF-------- ------- ------F----- --- ---D^---------- --------------- -------------- ---- -- tbl_defense4_timing3563(5,8) : ingress
---------------- -F-F--FF-------- ------- --E---F----- --- ----C^--------- --------------- -------------- ---- -- tbl_defense4_timing3560(5,8) : ingress
---------------- -F-F--FF-------- ------- ------F----- --- -----D^-------- --------------- -------------- ---- -- tbl_defense4_timing3561(5,8) : ingress
---E------------ E-E-E---EE-E---- ------- ------------ --- --D----^------- --------------- -------------- ---- -- cond-98(5,9) : ingress
-----E---------- ---------------- ------- ------------ --- -------C^------ --------------- -------------- ---- -- tbl_defense4_timing3566(5,9) : ingress
-B-I------------ -----------I-EEE GG----- ------------ -G- ---------^----- --------------- -------------- ---- -- tbl_defense4_timing3656(5,8) : ingress
---L------------ -----------L-EEE EE----- ------------ -E- ---------D^---- --------------- -------------- ---- -- tbl_defense4_timing3657(5,8) : ingress
---L------------ -----------L-EEE EE----- ------------ -E- ----------D^--- --------------- -------------- ---- -- tbl_defense4_timing3658(5,8) : ingress
---L------------ -----------L---- ------- ------------ --- -----------D^-- --------------- -------------- ---- -- tbl_defense4_timing3659(5,8) : ingress
-B-------------- -------------EEE GG----- -------GGG-- -G- -------------^- --------------- -------------- ---- -- tbl_select_deadlines_0(5,9) : ingress
-B--AA---------- -------AAA---EEE GG----- --A--AA----- -GA ------A-A-----^ --------------- -------------- ---- -- cond-100(5,9) : ingress
#stage 6
---------------- -L-L--LL-------- ------- -----EL----- --F LL-LLLL-------C ^-------------- -------------- ---- -- tbl_defense4_timing3586(6,9) : ingress
----E----------- E-E-E---EE------ ------- ------------ --- --------------- D^------------- -------------- ---- -- cond-102(6,9) : ingress
---------------- ELELE-LLEE------ ------- ------L----- --F LL-LLLL-------- -D^------------ -------------- ---- -- tbl_defense4_timing3599(6,9) : ingress
-E-------------- ELELE-LLEE------ ------- ------L----- --F LL-LLLL-------- --D^----------- -------------- ---- -- tbl_defense4_timing3606(6,9) : ingress
---------------- ELELE-LLEE------ ------- ------L----- --F LL-LLLL-------- ---D^---------- -------------- ---- -- tbl_defense4_timing3622(6,9) : ingress
-----E---------- -L-L--LL-------- ------- --E---L----- --F LL-LLLL-------- -C---^--------- -------------- ---- -- tbl_defense4_timing3590(6,9) : ingress
-----E---------- -L-L--LL-------- ------- ------L----- --F LL-LLLL-------- -----D^-------- -------------- ---- -- tbl_defense4_timing3593(6,9) : ingress
---------------- -L-L--LL-------- ------- ------L----- --F LL-LLLL-------- ------D^------- -------------- ---- -- tbl_defense4_timing3595(6,9) : ingress
----E----------- -L-L--LL-------- ------- ------L----- --F LL-LLLL-------- ----C---^------ -------------- ---- -- tbl_defense4_timing3617(6,9) : ingress
---------------- -L-L--LL-------- ------- ------L----- --F LL-LLLL-------- --------D^----- -------------- ---- -- tbl_defense4_timing3619(6,9) : ingress
-B-------------- -------------EEE GG----- ------------ -G- --------------- ----------^---- -------------- ---- -- tbl_defense4_timing3660(5,9) : ingress
---------------- -------------EEE EE----- ------------ -E- --------------- ----------D^--- -------------- ---- -- tbl_defense4_timing3661(5,9) : ingress
---------------- -------------EEE EE----- ------------ -E- --------------- -----------D^-- -------------- ---- -- tbl_defense4_timing3662(5,9) : ingress
---------------- ---------------- ------- ------------ --- --------------- ------------D^- -------------- ---- -- tbl_defense4_timing3666(5,9) : ingress
-B-------------- -------------EEE GG----- ------------ -G- --------------- -------------A^ -------------- ---- -- cond-121(5,10) : ingress
#stage 7
---------------- ---------------- ------- ------------ --- --------------- ----------EEEEC ^------------- ---- -- tbl_defense4_timing3675(6,10) : ingress
---------------- ---------------- ------- ------------ --- --------------- ----------EEEE- D^------------ ---- -- tbl_defense4_timing3676(6,10) : ingress
---------------- ---------------- ------- ------------ --- --------------- ----------EEEE- -D^----------- ---- -- tbl_defense4_timing3677(6,10) : ingress
---------------- ---------------- ------- ------------ --- --------------- --------------- --D^---------- ---- -- tbl_defense4_timing3678(6,10) : ingress
-B-------------- -------------EEE GG----- ------------ -G- ---------ELLI-- --------------- ----^--------- ---- -- tbl_defense4_timing3669(6,9) : ingress
---------------- -------------EEE EE----- ------------ -E- ----------LLL-- --------------- ----D^-------- ---- -- tbl_defense4_timing3670(6,9) : ingress
---------------- -------------EEE EE----- ------------ -E- ----------LLL-- --------------- -----D^------- ---- -- tbl_defense4_timing3671(6,10) : ingress
-B--II--------I- L-L-L--AII---LLL IIII--- -I-II------- III -------------O- L-L-LLLI-A----- -------^------ ---- -- tbl_resp_deadline_0(7,10) : ingress
-B------------I- L-L-L--AII---LLL II-I--- -I-II------- IIO -------------O- L-L-LLLI-A----- --------^----- ---- -- tbl_state_decode_0(7,10) : ingress
-B---I---------- L-L-L--AII------ --I---- ------------ --I -------------H- ---L----LI----- ---------^---- ---- -- tbl_txn_active_0(7,10) : ingress
-B-------------- E-E-E--AGG------ ------- -----A------ --A -------------A- ---------A----- ----------^--- ---- -- cond-109(6,10) : ingress
---------------- ---------------- ------- -----E------ --L -------------F- ---L----LL----- ----------C^-- ---- -- tbl_defense4_timing3638(7,10) : ingress
---------------- ---------------- ------- ------------ --L -------------F- ---L----LL----- -----------D^- ---- -- tbl_defense4_timing3639(7,10) : ingress
---------------- E-E-E---EE------ ------- ------------ --L -------------F- ---L----LL----- ----------D--^ ---- -- tbl_defense4_timing3645(7,10) : ingress
#stage 8
-B-------------- -------------LLL II-I--- ----------I- -I- ----------LLIP- ----------LLLI- -----LAPP----- ^--- -- tbl_hold_ok_0(7,10) : ingress
-K-AAI-----A---- -------AAAAA---- AAN--A- -----A-----A -AI ------------AI- ---------A----- ---A--AIAA--AA A^-- -- tbl_case4_expiry_decide_0(8,11) : ingress
-E-------------- ---------------- --L---- -----L------ --L -------------L- --------------- -------LLL---- -D^- -- tbl_case4_held_release_0(8,11) : ingress
---------------- ---------------- --E---- ------------ --- --------------- --------------- -------------- --D^ -- tbl_finish_held_native(8,11) : ingress
#stage 9
F--QML---LLL---- R-L-L---LLF--LLR LLE--Q- -----L-----E -LM ---------STTTL- ---E----EE----- LLLLQSQ-LL-LLL L--D ^- tbl_decide_fresh_0(8,11) : ingress
F--R-L---------- ----------FL-LLL LL---L- -----L------ -LL ---------L---L- --------------- -------LL----- L--- D^ tbl_decide_deq_0(8,11) : ingress
#dependencies
A :  ANTI_NEXT_TABLE_DATA
B :  CONTROL_DEFAULT_NEXT_TABLE
C :  CONTROL_COND_TRUE
D :  CONTROL_COND_FALSE
E :  ACTION_READ
F :  OUTPUT
G :  ACTION_READ ANTI_NEXT_TABLE_DATA
H :  OUTPUT ANTI_NEXT_TABLE_DATA
I :  IXBAR_READ ANTI_NEXT_TABLE_DATA
J :  CONTROL_DEFAULT_NEXT_TABLE ACTION_READ
K :  CONTROL_DEFAULT_NEXT_TABLE IXBAR_READ
L :  IXBAR_READ
M :  IXBAR_READ ACTION_READ
N :  IXBAR_READ ACTION_READ ANTI_NEXT_TABLE_DATA
O :  IXBAR_READ OUTPUT ANTI_NEXT_TABLE_DATA
P :  ANTI_ACTION_READ ANTI_NEXT_TABLE_DATA
Q :  ANTI_ACTION_READ
R :  IXBAR_READ ANTI_ACTION_READ
S :  ANTI_TABLE_READ ANTI_ACTION_READ
T :  IXBAR_READ ACTION_READ ANTI_TABLE_READ ANTI_ACTION_READ

*** Table dependency chains (of minimum length 8) ***
#pipeline pipe
#stage 0
^--------------- ---------------- ------- ------------ --- --------------- --------------- -------------- ---- -- tbl_defense4_timing3374(0,3) : ingress
A^-------------- ---------------- ------- ------------ --- --------------- --------------- -------------- ---- -- tbl_case4_expiry_params_0(0,3) : ingress
-B^------------- ---------------- ------- ------------ --- --------------- --------------- -------------- ---- -- tbl_session_0(0,4) : ingress
-B-^------------ ---------------- ------- ------------ --- --------------- --------------- -------------- ---- -- tbl_defense4_timing3386(0,3) : ingress
-B--^----------- ---------------- ------- ------------ --- --------------- --------------- -------------- ---- -- tbl_params_0(0,4) : ingress
-B---^---------- ---------------- ------- ------------ --- --------------- --------------- -------------- ---- -- tbl_read_release_params_0(0,4) : ingress
-B----^--------- ---------------- ------- ------------ --- --------------- --------------- -------------- ---- -- tbl_defense4_timing3536_0(0,5) : ingress
-B-----^-------- ---------------- ------- ------------ --- --------------- --------------- -------------- ---- -- tbl_build_exp_ack_0(0,5) : ingress
-B------^------- ---------------- ------- ------------ --- --------------- --------------- -------------- ---- -- cond-70(0,5) : ingress
--------C^------ ---------------- ------- ------------ --- --------------- --------------- -------------- ---- -- tbl_defense4_timing3425(0,5) : ingress
---------D^----- ---------------- ------- ------------ --- --------------- --------------- -------------- ---- -- tbl_defense4_timing3426(0,5) : ingress
----------D^---- ---------------- ------- ------------ --- --------------- --------------- -------------- ---- -- tbl_defense4_timing3427(0,5) : ingress
-B----------^--- ---------------- ------- ------------ --- --------------- --------------- -------------- ---- -- tbl_defense4_timing3380(0,6) : ingress
-B-----------^-- ---------------- ------- ------------ --- --------------- --------------- -------------- ---- -- tbl_defense4_timing3438(0,6) : ingress
-B------------^- ---------------- ------- ------------ --- --------------- --------------- -------------- ---- -- tbl_bor_params_0(0,6) : ingress
-BA------------^ ---------------- ------- ------------ --- --------------- --------------- -------------- ---- -- cond-81(0,6) : ingress
#stage 1
---------------D ^--------------- ------- ------------ --- --------------- --------------- -------------- ---- -- tbl_defense4_timing3496(0,6) : ingress
---------------C -^-------------- ------- ------------ --- --------------- --------------- -------------- ---- -- tbl_defense4_timing3472(0,6) : ingress
--E------------- -D^------------- ------- ------------ --- --------------- --------------- -------------- ---- -- tbl_defense4_timing3474(1,6) : ingress
---------------- D--^------------ ------- ------------ --- --------------- --------------- -------------- ---- -- tbl_defense4_timing3507(0,6) : ingress
--E------------- --D-^----------- ------- ------------ --- --------------- --------------- -------------- ---- -- tbl_defense4_timing3477(1,6) : ingress
---------------- ---D-^---------- ------- ------------ --- --------------- --------------- -------------- ---- -- cond-89(0,6) : ingress
-E-------------- -----C^--------- ------- ------------ --- --------------- --------------- -------------- ---- -- tbl_defense4_timing3515(1,6) : ingress
---------------- ------D^-------- ------- ------------ --- --------------- --------------- -------------- ---- -- tbl_defense4_timing3516(1,6) : ingress
--E------------- ----D---^------- ------- ------------ --- --------------- --------------- -------------- ---- -- tbl_defense4_timing3480(1,6) : ingress
-E-------------- ---B-----^------ ------- ------------ --- --------------- --------------- -------------- ---- -- tbl_defense4_timing3503(1,6) : ingress
FBG-H--------IH- ----------^----- ------- ------------ --- --------------- --------------- -------------- ---- -- tbl_random_deadlines_0(1,7) : ingress
-J-H------------ -----------^---- ------- ------------ --- --------------- --------------- -------------- ---- -- tbl_defense4_timing3394(1,4) : ingress
-BA--------A---- ------------^--- ------- ------------ --- --------------- --------------- -------------- ---- -- cond-74(0,6) : ingress
---------EEE---- ------------C^-- ------- ------------ --- --------------- --------------- -------------- ---- -- tbl_defense4_timing3431(1,6) : ingress
--E------------- -------------D^- ------- ------------ --- --------------- --------------- -------------- ---- -- tbl_defense4_timing3432(1,6) : ingress
---------------- ------------D--^ ------- ------------ --- --------------- --------------- -------------- ---- -- tbl_defense4_timing3435(0,6) : ingress
#stage 2
---------------- ---------------D ^------ ------------ --- --------------- --------------- -------------- ---- -- tbl_defense4_timing3436(0,6) : ingress
--E------------- --------------D- -^----- ------------ --- --------------- --------------- -------------- ---- -- tbl_defense4_timing3433(1,6) : ingress
-KIIII---------- -----------I---- --^---- ------------ --- --------------- --------------- -------------- ---- -- tbl_owner_admission_0(2,5) : ingress
-B----------G--- ---------------- ---^--- ------------ --- --------------- --------------- -------------- ---- -- tbl_build_now_0(1,7) : ingress
-B-----------I-- ---------------- ----^-- ------------ --- --------------- --------------- -------------- ---- -- tbl_bor_codebook_0(1,8) : ingress
-B-------------- ---------------- -----^- ------------ --- --------------- --------------- -------------- ---- -- tbl_defense4_timing3389(0,10) : ingress
FC-------------- ---------------- ------^ ------------ --- --------------- --------------- -------------- ---- -- tbl_finish_path(1,11) : ingress
#stage 3
-BI--II--------- ---------------- --I---- ^----------- --- --------------- --------------- -------------- ---- -- tbl_guarded_app_0(3,6) : ingress
-BI--I-I-------- ---------------- --I---- -^---------- --- --------------- --------------- -------------- ---- -- tbl_guarded_ack_0(3,6) : ingress
-B---I---------- ---------------- --I---- --^--------- --- --------------- --------------- -------------- ---- -- tbl_tracker_admission_0(3,6) : ingress
-BI--I---------- ---------------- --I---- ---^-------- --- --------------- --------------- -------------- ---- -- tbl_guarded_sport_0(3,7) : ingress
-BI--I---------- ---------------- --I---- ----^------- --- --------------- --------------- -------------- ---- -- tbl_guarded_seq_0(3,7) : ingress
-B---I---------- ---------------- --I---- -----^------ --- --------------- --------------- -------------- ---- -- tbl_owner_valid_0(3,7) : ingress
-B-------------- -F-F--FHAA------ --G---- ------^----- --- --------------- --------------- -------------- ---- -- tbl_defense4_timing3540(3,7) : ingress
-B--GG---------- ----------G----- ---G--- -------^---- --- --------------- --------------- -------------- ---- -- tbl_build_cand_resp_0(2,8) : ingress
-B--G----------- ----------G----- ---G--- --------^--- --- --------------- --------------- -------------- ---- -- tbl_build_cand_0(2,8) : ingress
-B------------G- ----------G----- ---G--- ---------^-- --- --------------- --------------- -------------- ---- -- tbl_defense4_timing3447(2,8) : ingress
-B-------------- ---------------- ---GG-- ----------^- --- --------------- --------------- -------------- ---- -- tbl_defense4_timing3667(2,9) : ingress
-B-------------- ---------------- --G---- -----------^ --- --------------- --------------- -------------- ---- -- tbl_defense4_timing3529(3,10) : ingress
#stage 4
-B---I---------- L-L-L--AII------ ------- IH---------- ^-- --------------- --------------- -------------- ---- -- tbl_app_association_0(4,7) : ingress
-B---G---------- E-E-E--AGG---FFF HH----- --G--------- -^- --------------- --------------- -------------- ---- -- tbl_case4_bor_admission_0(4,7) : ingress
-J---G---------- E-E-E--AGG------ ---I--- --G--------- --^ --------------- --------------- -------------- ---- -- tbl_ready_expiry_0(4,8) : ingress
#stage 5
-B-AAA---------- MFMFM-FHNN-A---- ------- -IAIIAH----- I-- ^-------------- --------------- -------------- ---- -- tbl_resp_authorise_0(5,8) : ingress
---------------- -F-F--FF-------- ------- -----EF----- --- D^------------- --------------- -------------- ---- -- tbl_defense4_timing3552(5,8) : ingress
---------------- E-E-E---EE------ ------- ------------ --- -D^------------ --------------- -------------- ---- -- cond-94(5,8) : ingress
----E----------- -F-F--FF-------- ------- ------F----- --- --C^----------- --------------- -------------- ---- -- tbl_defense4_timing3558(5,8) : ingress
-----E---------- -F-F--FF-------- ------- ------F----- --- ---D^---------- --------------- -------------- ---- -- tbl_defense4_timing3563(5,8) : ingress
---------------- -F-F--FF-------- ------- --E---F----- --- ----C^--------- --------------- -------------- ---- -- tbl_defense4_timing3560(5,8) : ingress
---------------- -F-F--FF-------- ------- ------F----- --- -----D^-------- --------------- -------------- ---- -- tbl_defense4_timing3561(5,8) : ingress
---E------------ E-E-E---EE-E---- ------- ------------ --- --D----^------- --------------- -------------- ---- -- cond-98(5,9) : ingress
-----E---------- ---------------- ------- ------------ --- -------C^------ --------------- -------------- ---- -- tbl_defense4_timing3566(5,9) : ingress
-B-I------------ -----------I-EEE GG----- ------------ -G- ---------^----- --------------- -------------- ---- -- tbl_defense4_timing3656(5,8) : ingress
---L------------ -----------L-EEE EE----- ------------ -E- ---------D^---- --------------- -------------- ---- -- tbl_defense4_timing3657(5,8) : ingress
---L------------ -----------L-EEE EE----- ------------ -E- ----------D^--- --------------- -------------- ---- -- tbl_defense4_timing3658(5,8) : ingress
---L------------ -----------L---- ------- ------------ --- -----------D^-- --------------- -------------- ---- -- tbl_defense4_timing3659(5,8) : ingress
-B-------------- -------------EEE GG----- -------GGG-- -G- -------------^- --------------- -------------- ---- -- tbl_select_deadlines_0(5,9) : ingress
-B--AA---------- -------AAA---EEE GG----- --A--AA----- -GA ------A-A-----^ --------------- -------------- ---- -- cond-100(5,9) : ingress
#stage 6
---------------- -L-L--LL-------- ------- -----EL----- --F LL-LLLL-------C ^-------------- -------------- ---- -- tbl_defense4_timing3586(6,9) : ingress
----E----------- E-E-E---EE------ ------- ------------ --- --------------- D^------------- -------------- ---- -- cond-102(6,9) : ingress
---------------- ELELE-LLEE------ ------- ------L----- --F LL-LLLL-------- -D^------------ -------------- ---- -- tbl_defense4_timing3599(6,9) : ingress
-E-------------- ELELE-LLEE------ ------- ------L----- --F LL-LLLL-------- --D^----------- -------------- ---- -- tbl_defense4_timing3606(6,9) : ingress
---------------- ELELE-LLEE------ ------- ------L----- --F LL-LLLL-------- ---D^---------- -------------- ---- -- tbl_defense4_timing3622(6,9) : ingress
-----E---------- -L-L--LL-------- ------- --E---L----- --F LL-LLLL-------- -C---^--------- -------------- ---- -- tbl_defense4_timing3590(6,9) : ingress
-----E---------- -L-L--LL-------- ------- ------L----- --F LL-LLLL-------- -----D^-------- -------------- ---- -- tbl_defense4_timing3593(6,9) : ingress
---------------- -L-L--LL-------- ------- ------L----- --F LL-LLLL-------- ------D^------- -------------- ---- -- tbl_defense4_timing3595(6,9) : ingress
----E----------- -L-L--LL-------- ------- ------L----- --F LL-LLLL-------- ----C---^------ -------------- ---- -- tbl_defense4_timing3617(6,9) : ingress
---------------- -L-L--LL-------- ------- ------L----- --F LL-LLLL-------- --------D^----- -------------- ---- -- tbl_defense4_timing3619(6,9) : ingress
-B-------------- -------------EEE GG----- ------------ -G- --------------- ----------^---- -------------- ---- -- tbl_defense4_timing3660(5,9) : ingress
---------------- -------------EEE EE----- ------------ -E- --------------- ----------D^--- -------------- ---- -- tbl_defense4_timing3661(5,9) : ingress
---------------- -------------EEE EE----- ------------ -E- --------------- -----------D^-- -------------- ---- -- tbl_defense4_timing3662(5,9) : ingress
---------------- ---------------- ------- ------------ --- --------------- ------------D^- -------------- ---- -- tbl_defense4_timing3666(5,9) : ingress
-B-------------- -------------EEE GG----- ------------ -G- --------------- -------------A^ -------------- ---- -- cond-121(5,10) : ingress
#stage 7
---------------- ---------------- ------- ------------ --- --------------- ----------EEEEC ^------------- ---- -- tbl_defense4_timing3675(6,10) : ingress
---------------- ---------------- ------- ------------ --- --------------- ----------EEEE- D^------------ ---- -- tbl_defense4_timing3676(6,10) : ingress
---------------- ---------------- ------- ------------ --- --------------- ----------EEEE- -D^----------- ---- -- tbl_defense4_timing3677(6,10) : ingress
---------------- ---------------- ------- ------------ --- --------------- --------------- --D^---------- ---- -- tbl_defense4_timing3678(6,10) : ingress
-B-------------- -------------EEE GG----- ------------ -G- ---------ELLI-- --------------- ----^--------- ---- -- tbl_defense4_timing3669(6,9) : ingress
---------------- -------------EEE EE----- ------------ -E- ----------LLL-- --------------- ----D^-------- ---- -- tbl_defense4_timing3670(6,9) : ingress
---------------- -------------EEE EE----- ------------ -E- ----------LLL-- --------------- -----D^------- ---- -- tbl_defense4_timing3671(6,10) : ingress
-B--II--------I- L-L-L--AII---LLL IIII--- -I-II------- III -------------O- L-L-LLLI-A----- -------^------ ---- -- tbl_resp_deadline_0(7,10) : ingress
-B------------I- L-L-L--AII---LLL II-I--- -I-II------- IIO -------------O- L-L-LLLI-A----- --------^----- ---- -- tbl_state_decode_0(7,10) : ingress
-B---I---------- L-L-L--AII------ --I---- ------------ --I -------------H- ---L----LI----- ---------^---- ---- -- tbl_txn_active_0(7,10) : ingress
-B-------------- E-E-E--AGG------ ------- -----A------ --A -------------A- ---------A----- ----------^--- ---- -- cond-109(6,10) : ingress
---------------- ---------------- ------- -----E------ --L -------------F- ---L----LL----- ----------C^-- ---- -- tbl_defense4_timing3638(7,10) : ingress
---------------- ---------------- ------- ------------ --L -------------F- ---L----LL----- -----------D^- ---- -- tbl_defense4_timing3639(7,10) : ingress
---------------- E-E-E---EE------ ------- ------------ --L -------------F- ---L----LL----- ----------D--^ ---- -- tbl_defense4_timing3645(7,10) : ingress
#stage 8
-B-------------- -------------LLL II-I--- ----------I- -I- ----------LLIP- ----------LLLI- -----LAPP----- ^--- -- tbl_hold_ok_0(7,10) : ingress
-K-AAI-----A---- -------AAAAA---- AAN--A- -----A-----A -AI ------------AI- ---------A----- ---A--AIAA--AA A^-- -- tbl_case4_expiry_decide_0(8,11) : ingress
-E-------------- ---------------- --L---- -----L------ --L -------------L- --------------- -------LLL---- -D^- -- tbl_case4_held_release_0(8,11) : ingress
---------------- ---------------- --E---- ------------ --- --------------- --------------- -------------- --D^ -- tbl_finish_held_native(8,11) : ingress
#stage 9
F--QML---LLL---- R-L-L---LLF--LLR LLE--Q- -----L-----E -LM ---------STTTL- ---E----EE----- LLLLQSQ-LL-LLL L--D ^- tbl_decide_fresh_0(8,11) : ingress
F--R-L---------- ----------FL-LLL LL---L- -----L------ -LL ---------L---L- --------------- -------LL----- L--- D^ tbl_decide_deq_0(8,11) : ingress
#dependencies
A :  ANTI_NEXT_TABLE_DATA
B :  CONTROL_DEFAULT_NEXT_TABLE
C :  CONTROL_COND_TRUE
D :  CONTROL_COND_FALSE
E :  ACTION_READ
F :  OUTPUT
G :  ACTION_READ ANTI_NEXT_TABLE_DATA
H :  OUTPUT ANTI_NEXT_TABLE_DATA
I :  IXBAR_READ ANTI_NEXT_TABLE_DATA
J :  CONTROL_DEFAULT_NEXT_TABLE ACTION_READ
K :  CONTROL_DEFAULT_NEXT_TABLE IXBAR_READ
L :  IXBAR_READ
M :  IXBAR_READ ACTION_READ
N :  IXBAR_READ ACTION_READ ANTI_NEXT_TABLE_DATA
O :  IXBAR_READ OUTPUT ANTI_NEXT_TABLE_DATA
P :  ANTI_ACTION_READ ANTI_NEXT_TABLE_DATA
Q :  ANTI_ACTION_READ
R :  IXBAR_READ ANTI_ACTION_READ
S :  ANTI_TABLE_READ ANTI_ACTION_READ
T :  IXBAR_READ ACTION_READ ANTI_TABLE_READ ANTI_ACTION_READ

*** Table dependency chains (of minimum length 8) ***
