/home/philip/Projects/DNP3/defense4/timing/case4_architecture/integration/assembly_passes/evidence/byte_worker_01/source/byte_worker.p4(15): [--Wwarn=uninitialized_out_param] warning: out parameter 'm' may be uninitialized when 'IgParser' terminates
parser IgParser(packet_in pkt,out headers_t hdr,out meta_t m,out ingress_intrinsic_metadata_t ig){Checksum() ic;Checksum() tc;
                                                           ^
/home/philip/Projects/DNP3/defense4/timing/case4_architecture/integration/assembly_passes/evidence/byte_worker_01/source/byte_worker.p4(15)
parser IgParser(packet_in pkt,out headers_t hdr,out meta_t m,out ingress_intrinsic_metadata_t ig){Checksum() ic;Checksum() tc;
       ^^^^^^^^
/home/philip/Projects/DNP3/defense4/timing/case4_architecture/integration/assembly_passes/evidence/byte_worker_01/source/byte_worker.p4(744): [--Wwarn=uninitialized_out_param] warning: out parameter 'm' may be uninitialized when 'EgParser' terminates
parser EgParser(packet_in pkt,out headers_t hdr,out meta_t m,out egress_intrinsic_metadata_t eg){state start{pkt.extract(eg);transition accept;}}
                                                           ^
/home/philip/Projects/DNP3/defense4/timing/case4_architecture/integration/assembly_passes/evidence/byte_worker_01/source/byte_worker.p4(744)
parser EgParser(packet_in pkt,out headers_t hdr,out meta_t m,out egress_intrinsic_metadata_t eg){state start{pkt.extract(eg);transition accept;}}
       ^^^^^^^^
warning: checksum.get() will deprecate in future versions. Please use void subtract_all_and_deposit(bit<16>) instead
warning: checksum.get() will deprecate in future versions. Please use void subtract_all_and_deposit(bit<16>) instead
warning: checksum.get() will deprecate in future versions. Please use void subtract_all_and_deposit(bit<16>) instead
warning: checksum.get() will deprecate in future versions. Please use void subtract_all_and_deposit(bit<16>) instead
warning: checksum.get() will deprecate in future versions. Please use void subtract_all_and_deposit(bit<16>) instead
warning: checksum.get() will deprecate in future versions. Please use void subtract_all_and_deposit(bit<16>) instead
warning: checksum.get() will deprecate in future versions. Please use void subtract_all_and_deposit(bit<16>) instead
warning: checksum.get() will deprecate in future versions. Please use void subtract_all_and_deposit(bit<16>) instead
warning: checksum.get() will deprecate in future versions. Please use void subtract_all_and_deposit(bit<16>) instead
warning: checksum.get() will deprecate in future versions. Please use void subtract_all_and_deposit(bit<16>) instead
warning: checksum.get() will deprecate in future versions. Please use void subtract_all_and_deposit(bit<16>) instead
warning: checksum.get() will deprecate in future versions. Please use void subtract_all_and_deposit(bit<16>) instead
warning: checksum.get() will deprecate in future versions. Please use void subtract_all_and_deposit(bit<16>) instead
warning: checksum.get() will deprecate in future versions. Please use void subtract_all_and_deposit(bit<16>) instead
warning: checksum.get() will deprecate in future versions. Please use void subtract_all_and_deposit(bit<16>) instead
warning: checksum.get() will deprecate in future versions. Please use void subtract_all_and_deposit(bit<16>) instead
warning: checksum.get() will deprecate in future versions. Please use void subtract_all_and_deposit(bit<16>) instead
warning: checksum.get() will deprecate in future versions. Please use void subtract_all_and_deposit(bit<16>) instead
warning: checksum.get() will deprecate in future versions. Please use void subtract_all_and_deposit(bit<16>) instead
warning: checksum.get() will deprecate in future versions. Please use void subtract_all_and_deposit(bit<16>) instead
warning: checksum.get() will deprecate in future versions. Please use void subtract_all_and_deposit(bit<16>) instead
warning: checksum.get() will deprecate in future versions. Please use void subtract_all_and_deposit(bit<16>) instead
warning: checksum.get() will deprecate in future versions. Please use void subtract_all_and_deposit(bit<16>) instead
warning: checksum.get() will deprecate in future versions. Please use void subtract_all_and_deposit(bit<16>) instead
warning: checksum.get() will deprecate in future versions. Please use void subtract_all_and_deposit(bit<16>) instead
warning: checksum.get() will deprecate in future versions. Please use void subtract_all_and_deposit(bit<16>) instead
warning: checksum.get() will deprecate in future versions. Please use void subtract_all_and_deposit(bit<16>) instead
warning: checksum.get() will deprecate in future versions. Please use void subtract_all_and_deposit(bit<16>) instead
warning: checksum.get() will deprecate in future versions. Please use void subtract_all_and_deposit(bit<16>) instead
warning: checksum.get() will deprecate in future versions. Please use void subtract_all_and_deposit(bit<16>) instead
warning: checksum.get() will deprecate in future versions. Please use void subtract_all_and_deposit(bit<16>) instead
warning: checksum.get() will deprecate in future versions. Please use void subtract_all_and_deposit(bit<16>) instead
warning: checksum.get() will deprecate in future versions. Please use void subtract_all_and_deposit(bit<16>) instead
warning: checksum.get() will deprecate in future versions. Please use void subtract_all_and_deposit(bit<16>) instead
warning: checksum.get() will deprecate in future versions. Please use void subtract_all_and_deposit(bit<16>) instead
warning: Parser state min_parse_depth_accept_loop will be unrolled up to 4 times due to @pragma max_loop_depth.
warning: checksum.get() will deprecate in future versions. Please use void subtract_all_and_deposit(bit<16>) instead
warning: checksum.get() will deprecate in future versions. Please use void subtract_all_and_deposit(bit<16>) instead
warning: checksum.get() will deprecate in future versions. Please use void subtract_all_and_deposit(bit<16>) instead
warning: checksum.get() will deprecate in future versions. Please use void subtract_all_and_deposit(bit<16>) instead
warning: checksum.get() will deprecate in future versions. Please use void subtract_all_and_deposit(bit<16>) instead
warning: checksum.get() will deprecate in future versions. Please use void subtract_all_and_deposit(bit<16>) instead
warning: checksum.get() will deprecate in future versions. Please use void subtract_all_and_deposit(bit<16>) instead
warning: checksum.get() will deprecate in future versions. Please use void subtract_all_and_deposit(bit<16>) instead
warning: checksum.get() will deprecate in future versions. Please use void subtract_all_and_deposit(bit<16>) instead
warning: checksum.get() will deprecate in future versions. Please use void subtract_all_and_deposit(bit<16>) instead
warning: checksum.get() will deprecate in future versions. Please use void subtract_all_and_deposit(bit<16>) instead
warning: checksum.get() will deprecate in future versions. Please use void subtract_all_and_deposit(bit<16>) instead
warning: checksum.get() will deprecate in future versions. Please use void subtract_all_and_deposit(bit<16>) instead
warning: checksum.get() will deprecate in future versions. Please use void subtract_all_and_deposit(bit<16>) instead
warning: checksum.get() will deprecate in future versions. Please use void subtract_all_and_deposit(bit<16>) instead
warning: checksum.get() will deprecate in future versions. Please use void subtract_all_and_deposit(bit<16>) instead
warning: checksum.get() will deprecate in future versions. Please use void subtract_all_and_deposit(bit<16>) instead
warning: checksum.get() will deprecate in future versions. Please use void subtract_all_and_deposit(bit<16>) instead
warning: checksum.get() will deprecate in future versions. Please use void subtract_all_and_deposit(bit<16>) instead
warning: checksum.get() will deprecate in future versions. Please use void subtract_all_and_deposit(bit<16>) instead
warning: checksum.get() will deprecate in future versions. Please use void subtract_all_and_deposit(bit<16>) instead
warning: checksum.get() will deprecate in future versions. Please use void subtract_all_and_deposit(bit<16>) instead
warning: checksum.get() will deprecate in future versions. Please use void subtract_all_and_deposit(bit<16>) instead
warning: checksum.get() will deprecate in future versions. Please use void subtract_all_and_deposit(bit<16>) instead
warning: checksum.get() will deprecate in future versions. Please use void subtract_all_and_deposit(bit<16>) instead
warning: checksum.get() will deprecate in future versions. Please use void subtract_all_and_deposit(bit<16>) instead
warning: checksum.get() will deprecate in future versions. Please use void subtract_all_and_deposit(bit<16>) instead
warning: checksum.get() will deprecate in future versions. Please use void subtract_all_and_deposit(bit<16>) instead
warning: checksum.get() will deprecate in future versions. Please use void subtract_all_and_deposit(bit<16>) instead
warning: checksum.get() will deprecate in future versions. Please use void subtract_all_and_deposit(bit<16>) instead
warning: checksum.get() will deprecate in future versions. Please use void subtract_all_and_deposit(bit<16>) instead
warning: checksum.get() will deprecate in future versions. Please use void subtract_all_and_deposit(bit<16>) instead
warning: checksum.get() will deprecate in future versions. Please use void subtract_all_and_deposit(bit<16>) instead
warning: checksum.get() will deprecate in future versions. Please use void subtract_all_and_deposit(bit<16>) instead
warning: checksum.get() will deprecate in future versions. Please use void subtract_all_and_deposit(bit<16>) instead
warning: Parser state min_parse_depth_accept_loop will be unrolled up to 4 times due to @pragma max_loop_depth.
error: PHV allocation was not successful
140 field slices remain unallocated

The following fields were not allocated: 
    ingress::hdr.candidate.data0_0<8b>
    ingress::m.byte_diff0_1<8b>
    ingress::hdr.expected.data0_1<8b>
    ingress::hdr.b1.data<8b>
    ingress::m.byte_diff0_0<8b>
    ingress::hdr.expected.data0_0<8b>
    ingress::hdr.b0.data<8b>
    ingress::m.byte_diff0_2<8b>
    ingress::hdr.expected.data0_2<8b>
    ingress::hdr.b2.data<8b>
    ingress::m.byte_diff1_0<8b>
    ingress::hdr.expected.data1_0<8b>
    ingress::hdr.b3.data<8b>
    ingress::m.byte_diff1_1<8b>
    ingress::hdr.expected.data1_1<8b>
    ingress::hdr.b4.data<8b>
    ingress::m.byte_diff1_2<8b>
    ingress::hdr.expected.data1_2<8b>
    ingress::hdr.b5.data<8b>
    ingress::m.byte_diff2_0<8b>
    ingress::hdr.expected.data2_0<8b>
    ingress::hdr.b6.data<8b>
    ingress::m.byte_diff2_1<8b>
    ingress::hdr.expected.data2_1<8b>
    ingress::hdr.b7.data<8b>
    ingress::m.byte_diff2_2<8b>
    ingress::hdr.expected.data2_2<8b>
    ingress::hdr.b8.data<8b>
    ingress::m.byte_diff3_0<8b>
    ingress::hdr.expected.data3_0<8b>
    ingress::hdr.b9.data<8b>
    ingress::m.byte_diff3_1<8b>
    ingress::hdr.expected.data3_1<8b>
    ingress::hdr.b10.data<8b>
    ingress::m.byte_diff3_2<8b>
    ingress::hdr.expected.data3_2<8b>
    ingress::hdr.b11.data<8b>
    ingress::m.byte_diff4_0<8b>
    ingress::hdr.expected.data4_0<8b>
    ingress::hdr.b12.data<8b>
    ingress::m.byte_diff4_1<8b>
    ingress::hdr.expected.data4_1<8b>
    ingress::hdr.b13.data<8b>
    ingress::m.byte_diff4_2<8b>
    ingress::hdr.expected.data4_2<8b>
    ingress::hdr.b14.data<8b>
    ingress::m.byte_diff5_0<8b>
    ingress::hdr.expected.data5_0<8b>
    ingress::hdr.b15.data<8b>
    ingress::m.byte_diff5_1<8b>
    ingress::hdr.expected.data5_1<8b>
    ingress::hdr.b16.data<8b>
    ingress::m.byte_diff5_2<8b>
    ingress::hdr.expected.data5_2<8b>
    ingress::hdr.b17.data<8b>
    ingress::m.byte_diff6_0<8b>
    ingress::hdr.expected.data6_0<8b>
    ingress::hdr.b18.data<8b>
    ingress::m.byte_diff6_1<8b>
    ingress::hdr.expected.data6_1<8b>
    ingress::hdr.b19.data<8b>
    ingress::m.byte_diff6_2<8b>
    ingress::hdr.expected.data6_2<8b>
    ingress::hdr.b20.data<8b>
    ingress::m.byte_diff7_0<8b>
    ingress::hdr.expected.data7_0<8b>
    ingress::hdr.b21.data<8b>
    ingress::m.byte_diff7_1<8b>
    ingress::hdr.expected.data7_1<8b>
    ingress::hdr.b22.data<8b>
    ingress::m.byte_diff7_2<8b>
    ingress::hdr.expected.data7_2<8b>
    ingress::hdr.b23.data<8b>
    ingress::m.byte_diff8_0<8b>
    ingress::hdr.expected.data8_0<8b>
    ingress::hdr.b24.data<8b>
    ingress::m.byte_diff8_1<8b>
    ingress::hdr.expected.data8_1<8b>
    ingress::hdr.b25.data<8b>
    ingress::m.byte_diff8_2<8b>
    ingress::hdr.expected.data8_2<8b>
    ingress::hdr.b26.data<8b>
    ingress::m.byte_diff9_0<8b>
    ingress::hdr.expected.data9_0<8b>
    ingress::hdr.b27.data<8b>
    ingress::m.byte_diff9_1<8b>
    ingress::hdr.expected.data9_1<8b>
    ingress::hdr.b28.data<8b>
    ingress::m.byte_diff9_2<8b>
    ingress::hdr.expected.data9_2<8b>
    ingress::hdr.b29.data<8b>
    ingress::m.byte_diff10_0<8b>
    ingress::hdr.expected.data10_0<8b>
    ingress::hdr.b30.data<8b>
    ingress::m.byte_diff10_1<8b>
    ingress::hdr.expected.data10_1<8b>
    ingress::hdr.b31.data<8b>
    ingress::m.byte_diff10_2<8b>
    ingress::hdr.expected.data10_2<8b>
    ingress::hdr.b32.data<8b>
    ingress::m.byte_diff11_0<8b>
    ingress::hdr.expected.data11_0<8b>
    ingress::hdr.b33.data<8b>
    ingress::m.byte_diff11_1<8b>
    ingress::hdr.expected.data11_1<8b>
    ingress::hdr.b34.data<8b>
    ingress::hdr.candidate.data0_1<8b>
    ingress::hdr.candidate.data0_2<8b>
    ingress::hdr.candidate.data1_0<8b>
    ingress::hdr.candidate.data1_1<8b>
    ingress::hdr.candidate.data1_2<8b>
    ingress::hdr.candidate.data2_0<8b>
    ingress::hdr.candidate.data2_1<8b>
    ingress::hdr.candidate.data2_2<8b>
    ingress::hdr.candidate.data3_0<8b>
    ingress::hdr.candidate.data3_1<8b>
    ingress::hdr.candidate.data3_2<8b>
    ingress::hdr.candidate.data4_0<8b>
    ingress::hdr.candidate.data4_1<8b>
    ingress::hdr.candidate.data4_2<8b>
    ingress::hdr.candidate.data5_0<8b>
    ingress::hdr.candidate.data5_1<8b>
    ingress::hdr.candidate.data5_2<8b>
    ingress::hdr.candidate.data6_0<8b>
    ingress::hdr.candidate.data6_1<8b>
    ingress::hdr.candidate.data6_2<8b>
    ingress::hdr.candidate.data7_0<8b>
    ingress::hdr.candidate.data7_1<8b>
    ingress::hdr.candidate.data7_2<8b>
    ingress::hdr.candidate.data8_0<8b>
    ingress::hdr.candidate.data8_1<8b>
    ingress::hdr.candidate.data8_2<8b>
    ingress::hdr.candidate.data9_0<8b>
    ingress::hdr.candidate.data9_1<8b>
    ingress::hdr.candidate.data9_2<8b>
    ingress::hdr.candidate.data10_0<8b>
    ingress::hdr.candidate.data10_1<8b>
    ingress::hdr.candidate.data10_2<8b>
    ingress::hdr.candidate.data11_0<8b>
    ingress::hdr.candidate.data11_1<8b>



1 error, 74 warnings generated.

Skipping assembler, assembly file is empty
