Subscribe attempt #1
Subscribe response received 0
Binding with p4_name nt
Binding with p4_name nt successful!!
Received nt on GetForwarding on client 1, device 0
PASS N-to-T-close-13-17-0               expected=one original, credits and Work unchanged observed={9: [], 64: [b'\x00\x11"3DU\xaa\xbb\xcc\xdd\xee\xff\x08\x00E\x00\x00(\x00\x01@\x00@\x06&\xcd\n\x00\x00\x01\n\x00\x00\x02u1N \x00\x00\x03\xfc\x00\x00\x07\xd0P\x11\x10\x00\xbc\xb3\x00\x00']}
PASS N-to-T-close-13-17-1               expected=one original, credits and Work unchanged observed={9: [b'\x00\x11"3DU\xaa\xbb\xcc\xdd\xee\xff\x08\x00E\x00\x00(\x00\x01@\x00@\x06&\xcd\n\x00\x00\x02\n\x00\x00\x01N u1\x00\x00\x07\xd0\x00\x00\x03\xfcP\x11\x10\x00\xbc\xb3\x00\x00'], 64: []}
PASS N-to-T-close-13-20-0               expected=one original, credits and Work unchanged observed={9: [], 64: [b'\x00\x11"3DU\xaa\xbb\xcc\xdd\xee\xff\x08\x00E\x00\x00(\x00\x01@\x00@\x06&\xcd\n\x00\x00\x01\n\x00\x00\x02u1N \x00\x00\x03\xfc\x00\x00\x07\xd0P\x14\x10\x00\xbc\xb0\x00\x00']}
PASS N-to-T-close-13-20-1               expected=one original, credits and Work unchanged observed={9: [b'\x00\x11"3DU\xaa\xbb\xcc\xdd\xee\xff\x08\x00E\x00\x00(\x00\x01@\x00@\x06&\xcd\n\x00\x00\x02\n\x00\x00\x01N u1\x00\x00\x07\xd0\x00\x00\x03\xfcP\x14\x10\x00\xbc\xb0\x00\x00'], 64: []}
PASS N-to-T-close-13-4-0                expected=one original, credits and Work unchanged observed={9: [], 64: [b'\x00\x11"3DU\xaa\xbb\xcc\xdd\xee\xff\x08\x00E\x00\x00(\x00\x01@\x00@\x06&\xcd\n\x00\x00\x01\n\x00\x00\x02u1N \x00\x00\x03\xfc\x00\x00\x07\xd0P\x04\x10\x00\xbc\xc0\x00\x00']}
PASS N-to-T-close-13-4-1                expected=one original, credits and Work unchanged observed={9: [b'\x00\x11"3DU\xaa\xbb\xcc\xdd\xee\xff\x08\x00E\x00\x00(\x00\x01@\x00@\x06&\xcd\n\x00\x00\x02\n\x00\x00\x01N u1\x00\x00\x07\xd0\x00\x00\x03\xfcP\x04\x10\x00\xbc\xc0\x00\x00'], 64: []}
PASS N-to-T-close-14-17-0               expected=one original, credits and Work unchanged observed={9: [], 64: [b'\x00\x11"3DU\xaa\xbb\xcc\xdd\xee\xff\x08\x00E\x00\x00(\x00\x01@\x00@\x06&\xcd\n\x00\x00\x01\n\x00\x00\x02u1N \x00\x00\x03\xfc\x00\x00\x07\xd0P\x11\x10\x00\xbc\xb3\x00\x00']}
PASS N-to-T-close-14-17-1               expected=one original, credits and Work unchanged observed={9: [b'\x00\x11"3DU\xaa\xbb\xcc\xdd\xee\xff\x08\x00E\x00\x00(\x00\x01@\x00@\x06&\xcd\n\x00\x00\x02\n\x00\x00\x01N u1\x00\x00\x07\xd0\x00\x00\x03\xfcP\x11\x10\x00\xbc\xb3\x00\x00'], 64: []}
PASS N-to-T-close-14-20-0               expected=one original, credits and Work unchanged observed={9: [], 64: [b'\x00\x11"3DU\xaa\xbb\xcc\xdd\xee\xff\x08\x00E\x00\x00(\x00\x01@\x00@\x06&\xcd\n\x00\x00\x01\n\x00\x00\x02u1N \x00\x00\x03\xfc\x00\x00\x07\xd0P\x14\x10\x00\xbc\xb0\x00\x00']}
PASS N-to-T-close-14-20-1               expected=one original, credits and Work unchanged observed={9: [b'\x00\x11"3DU\xaa\xbb\xcc\xdd\xee\xff\x08\x00E\x00\x00(\x00\x01@\x00@\x06&\xcd\n\x00\x00\x02\n\x00\x00\x01N u1\x00\x00\x07\xd0\x00\x00\x03\xfcP\x14\x10\x00\xbc\xb0\x00\x00'], 64: []}
PASS N-to-T-close-14-4-0                expected=one original, credits and Work unchanged observed={9: [], 64: [b'\x00\x11"3DU\xaa\xbb\xcc\xdd\xee\xff\x08\x00E\x00\x00(\x00\x01@\x00@\x06&\xcd\n\x00\x00\x01\n\x00\x00\x02u1N \x00\x00\x03\xfc\x00\x00\x07\xd0P\x04\x10\x00\xbc\xc0\x00\x00']}
PASS N-to-T-close-14-4-1                expected=one original, credits and Work unchanged observed={9: [b'\x00\x11"3DU\xaa\xbb\xcc\xdd\xee\xff\x08\x00E\x00\x00(\x00\x01@\x00@\x06&\xcd\n\x00\x00\x02\n\x00\x00\x01N u1\x00\x00\x07\xd0\x00\x00\x03\xfcP\x04\x10\x00\xbc\xc0\x00\x00'], 64: []}
PASS N-to-T-close-15-17-0               expected=one original, credits and Work unchanged observed={9: [], 64: [b'\x00\x11"3DU\xaa\xbb\xcc\xdd\xee\xff\x08\x00E\x00\x00(\x00\x01@\x00@\x06&\xcd\n\x00\x00\x01\n\x00\x00\x02u1N \x00\x00\x03\xfc\x00\x00\x07\xd0P\x11\x10\x00\xbc\xb3\x00\x00']}
PASS N-to-T-close-15-17-1               expected=one original, credits and Work unchanged observed={9: [b'\x00\x11"3DU\xaa\xbb\xcc\xdd\xee\xff\x08\x00E\x00\x00(\x00\x01@\x00@\x06&\xcd\n\x00\x00\x02\n\x00\x00\x01N u1\x00\x00\x07\xd0\x00\x00\x03\xfcP\x11\x10\x00\xbc\xb3\x00\x00'], 64: []}
PASS N-to-T-close-15-20-0               expected=one original, credits and Work unchanged observed={9: [], 64: [b'\x00\x11"3DU\xaa\xbb\xcc\xdd\xee\xff\x08\x00E\x00\x00(\x00\x01@\x00@\x06&\xcd\n\x00\x00\x01\n\x00\x00\x02u1N \x00\x00\x03\xfc\x00\x00\x07\xd0P\x14\x10\x00\xbc\xb0\x00\x00']}
PASS N-to-T-close-15-20-1               expected=one original, credits and Work unchanged observed={9: [b'\x00\x11"3DU\xaa\xbb\xcc\xdd\xee\xff\x08\x00E\x00\x00(\x00\x01@\x00@\x06&\xcd\n\x00\x00\x02\n\x00\x00\x01N u1\x00\x00\x07\xd0\x00\x00\x03\xfcP\x14\x10\x00\xbc\xb0\x00\x00'], 64: []}
PASS N-to-T-close-15-4-0                expected=one original, credits and Work unchanged observed={9: [], 64: [b'\x00\x11"3DU\xaa\xbb\xcc\xdd\xee\xff\x08\x00E\x00\x00(\x00\x01@\x00@\x06&\xcd\n\x00\x00\x01\n\x00\x00\x02u1N \x00\x00\x03\xfc\x00\x00\x07\xd0P\x04\x10\x00\xbc\xc0\x00\x00']}
PASS N-to-T-close-15-4-1                expected=one original, credits and Work unchanged observed={9: [b'\x00\x11"3DU\xaa\xbb\xcc\xdd\xee\xff\x08\x00E\x00\x00(\x00\x01@\x00@\x06&\xcd\n\x00\x00\x02\n\x00\x00\x01N u1\x00\x00\x07\xd0\x00\x00\x03\xfcP\x04\x10\x00\xbc\xc0\x00\x00'], 64: []}
PASS legacy-synthetic-reset             expected=consumed   observed={9: [], 64: []}
PASS READ-request-admission             expected=request once + cookie1 observed={9: [], 64: [b'\x00\x11"3DU\xaa\xbb\xcc\xdd\xee\xff\x08\x00\x00\x01\x02\x03\x04\x05\x06\x07\x08\t\n\x0b\x0c\r\x0e\x0f\x10\x11\x12\x13\x14\x15\x16\x17\x18\x19\x1a\x1b\x1c\x1d\x1e\x1f !"#$%&\'()*+,-']}
PASS partial-counter-reset              expected=counted refusal, tagged cells unchanged observed={9: [], 64: [b'\x00\x11"3DU\xaa\xbb\xcc\xdd\xee\xff\x08\x00\x00\x01\x02\x03\x04\x05\x06\x07\x08\t\n\x0b\x0c\r\x0e\x0f\x10\x11\x12\x13\x14\x15\x16\x17\x18\x19\x1a\x1b\x1c\x1d\x1e\x1f !"#$%&\'()*+,-']}
PASS last-cookie65535                   expected=last admitted cookie65535 observed={9: [], 64: [b'\x00\x11"3DU\xaa\xbb\xcc\xdd\xee\xff\x08\x00\x00\x01\x02\x03\x04\x05\x06\x07\x08\t\n\x0b\x0c\r\x0e\x0f\x10\x11\x12\x13\x14\x15\x16\x17\x18\x19\x1a\x1b\x1c\x1d\x1e\x1f !"#$%&\'()*+,-']}
PASS saturation-refusal1                expected=persistent counted refusal observed={9: [], 64: [b'\x00\x11"3DU\xaa\xbb\xcc\xdd\xee\xff\x08\x00\x00\x01\x02\x03\x04\x05\x06\x07\x08\t\n\x0b\x0c\r\x0e\x0f\x10\x11\x12\x13\x14\x15\x16\x17\x18\x19\x1a\x1b\x1c\x1d\x1e\x1f !"#$%&\'()*+,-']}
PASS saturation-refusal2                expected=persistent counted refusal observed={9: [], 64: [b'\x00\x11"3DU\xaa\xbb\xcc\xdd\xee\xff\x08\x00\x00\x01\x02\x03\x04\x05\x06\x07\x08\t\n\x0b\x0c\r\x0e\x0f\x10\x11\x12\x13\x14\x15\x16\x17\x18\x19\x1a\x1b\x1c\x1d\x1e\x1f !"#$%&\'()*+,-']}
PASS ordinary-policy-off-kind9          expected=original once observed={9: [], 64: [b'\x00\x11"3DU\xaa\xbb\xcc\xdd\xee\xff\x08\x00\x00\x01\x02\x03\x04\x05\x06\x07\x08\t\n\x0b\x0c\r\x0e\x0f\x10\x11\x12\x13\x14\x15\x16\x17\x18\x19\x1a\x1b\x1c\x1d\x1e\x1f !"#$%&\'()*+,-']}
PASS ordinary-policy-off-kind10         expected=original once observed={9: [b'\x00\x11"3DU\xaa\xbb\xcc\xdd\xee\xff\x08\x00E\x00\x00(\x00\x01@\x00@\x06&\xcd\n\x00\x00\x01\n\x00\x00\x02u1N \x00\x00\x03\xe8\x00\x00\x07\xd0P\x10\x10\x00\xbc\xc8\x00\x00'], 64: []}
PASS ordinary-policy-off-kind11         expected=original once observed={9: [b'\x00\x11"3DU\xaa\xbb\xcc\xdd\xee\xff\x08\x00defghijklmnopqrstuvwxyz{\x00\x00\x00\x00\x00\x00'], 64: []}
PASS off-terminal-kind1                 expected=one terminal debit; abort unsent OP observed={9: [b'\x00\x11"3DU\xaa\xbb\xcc\xdd\xee\xff\x08\x00E\x00\x00(\x00\x01@\x00@\x06&\xcd\n\x00\x00\x01\n\x00\x00\x02u1N \x00\x00\x03\xe8\x00\x00\x07\xd0P\x10\x10\x00\xbc\xc8\x00\x00'], 64: []}
PASS duplicate-terminal-kind1           expected=no second original/debit observed={9: [], 64: []}
PASS off-terminal-kind2                 expected=one terminal debit; abort unsent OP observed={9: [b'\x00\x11"3DU\xaa\xbb\xcc\xdd\xee\xff\x08\x00defghijklmnopqrstuvwxyz{\x00\x00'], 64: []}
PASS duplicate-terminal-kind2           expected=no second original/debit observed={9: [], 64: []}
PASS off-terminal-kind3                 expected=one terminal debit; abort unsent OP observed={9: [], 64: []}
PASS duplicate-terminal-kind3           expected=no second original/debit observed={9: [], 64: []}
PASS request-cancel-p1-reset            expected=no post-cancel publication; original once; cookie/debt conserved observed={9: [], 64: [b'\x00\x11"3DU\xaa\xbb\xcc\xdd\xee\xff\x08\x00\x00\x01\x02\x03\x04\x05\x06\x07\x08\t\n\x0b\x0c\r\x0e\x0f\x10\x11\x12\x13\x14\x15\x16\x17\x18\x19\x1a\x1b\x1c\x1d\x1e\x1f !"#$%&\'()*+,-']}
PASS duplicate-cancel-p1-reset          expected=no repeated original/cookie/debit observed={9: [], 64: []}
PASS request-cancel-p1-policy           expected=no post-cancel publication; original once; cookie/debt conserved observed={9: [], 64: [b'\x00\x11"3DU\xaa\xbb\xcc\xdd\xee\xff\x08\x00\x00\x01\x02\x03\x04\x05\x06\x07\x08\t\n\x0b\x0c\r\x0e\x0f\x10\x11\x12\x13\x14\x15\x16\x17\x18\x19\x1a\x1b\x1c\x1d\x1e\x1f !"#$%&\'()*+,-']}
PASS duplicate-cancel-p1-policy         expected=no repeated original/cookie/debit observed={9: [], 64: []}
PASS request-cancel-p1-foreign-reset    expected=no post-cancel publication; original once; cookie/debt conserved observed={9: [], 64: [b'\x00\x11"3DU\xaa\xbb\xcc\xdd\xee\xff\x08\x00\x00\x01\x02\x03\x04\x05\x06\x07\x08\t\n\x0b\x0c\r\x0e\x0f\x10\x11\x12\x13\x14\x15\x16\x17\x18\x19\x1a\x1b\x1c\x1d\x1e\x1f !"#$%&\'()*+,-']}
PASS request-cancel-p2-reset            expected=no post-cancel publication; original once; cookie/debt conserved observed={9: [], 64: [b'\x00\x11"3DU\xaa\xbb\xcc\xdd\xee\xff\x08\x00\x00\x01\x02\x03\x04\x05\x06\x07\x08\t\n\x0b\x0c\r\x0e\x0f\x10\x11\x12\x13\x14\x15\x16\x17\x18\x19\x1a\x1b\x1c\x1d\x1e\x1f !"#$%&\'()*+,-']}
PASS duplicate-cancel-p2-reset          expected=no repeated original/cookie/debit observed={9: [], 64: []}
PASS request-cancel-p2-policy           expected=no post-cancel publication; original once; cookie/debt conserved observed={9: [], 64: [b'\x00\x11"3DU\xaa\xbb\xcc\xdd\xee\xff\x08\x00\x00\x01\x02\x03\x04\x05\x06\x07\x08\t\n\x0b\x0c\r\x0e\x0f\x10\x11\x12\x13\x14\x15\x16\x17\x18\x19\x1a\x1b\x1c\x1d\x1e\x1f !"#$%&\'()*+,-']}
PASS duplicate-cancel-p2-policy         expected=no repeated original/cookie/debit observed={9: [], 64: []}
PASS request-cancel-p2-foreign-reset    expected=no post-cancel publication; original once; cookie/debt conserved observed={9: [], 64: [b'\x00\x11"3DU\xaa\xbb\xcc\xdd\xee\xff\x08\x00\x00\x01\x02\x03\x04\x05\x06\x07\x08\t\n\x0b\x0c\r\x0e\x0f\x10\x11\x12\x13\x14\x15\x16\x17\x18\x19\x1a\x1b\x1c\x1d\x1e\x1f !"#$%&\'()*+,-']}
PASS request-cancel-p3-reset            expected=no post-cancel publication; original once; cookie/debt conserved observed={9: [], 64: [b'\x00\x11"3DU\xaa\xbb\xcc\xdd\xee\xff\x08\x00\x00\x01\x02\x03\x04\x05\x06\x07\x08\t\n\x0b\x0c\r\x0e\x0f\x10\x11\x12\x13\x14\x15\x16\x17\x18\x19\x1a\x1b\x1c\x1d\x1e\x1f !"#$%&\'()*+,-']}
PASS duplicate-cancel-p3-reset          expected=no repeated original/cookie/debit observed={9: [], 64: []}
PASS request-cancel-p3-policy           expected=no post-cancel publication; original once; cookie/debt conserved observed={9: [], 64: [b'\x00\x11"3DU\xaa\xbb\xcc\xdd\xee\xff\x08\x00\x00\x01\x02\x03\x04\x05\x06\x07\x08\t\n\x0b\x0c\r\x0e\x0f\x10\x11\x12\x13\x14\x15\x16\x17\x18\x19\x1a\x1b\x1c\x1d\x1e\x1f !"#$%&\'()*+,-']}
PASS duplicate-cancel-p3-policy         expected=no repeated original/cookie/debit observed={9: [], 64: []}
PASS request-cancel-p3-foreign-reset    expected=no post-cancel publication; original once; cookie/debt conserved observed={9: [], 64: [b'\x00\x11"3DU\xaa\xbb\xcc\xdd\xee\xff\x08\x00\x00\x01\x02\x03\x04\x05\x06\x07\x08\t\n\x0b\x0c\r\x0e\x0f\x10\x11\x12\x13\x14\x15\x16\x17\x18\x19\x1a\x1b\x1c\x1d\x1e\x1f !"#$%&\'()*+,-']}
PASS independent-heartbeat              expected=real packet-generator report observed={9: [b'\x00\x11"3DU\xaa\xbb\xcc\xdd\xee\xff\x08\x00\x00\x00\x00\x00\x00\x00\x00\x00\x00\x00\x00\x00\x91to\x00\x00\x00\x00\x00\x00\x00\x00\x00\x00\x00\x00\x00\x00\x00\x00\x00\x00\x00\x00\x00\x00\x00\x00\x00\x00\x00\x00\x00\x00\x00\x00\x00\x00\x00\x00\x00\x00\x00\x00\x00\x00\x00\x00\x00\x00\x00\x00\x00\x00\x00'], 64: []}
PASS holding-normal-ACK-response        expected=ACK then response, each once, zero debt observed=[b'\x00\x11"3DU\xaa\xbb\xcc\xdd\xee\xff\x08\x00E\x00\x00(\x00\x01@\x00@\x06&\xcd\n\x00\x00\x01\n\x00\x00\x02u1N \x00\x00\x03\xe8\x00\x00\x07\xd0P\x10\x10\x00\xbc\xc8\x00\x00', b'\x00\x11"3DU\xaa\xbb\xcc\xdd\xee\xff\x08\x00defghijklmnopqrstuvwxyz{\x00\x00\x00\x00\x00\x00']
SUMMARY {'total': 50, 'passed': 50, 'failed': []}
driver exit code 0
hugepages free after run: HugePages_Free: 196
