[21:57:01] acquired /tmp/fq_oracle.lock (pid 1334892)
[21:57:01] mode=restore-only dryrun=0 stub_restore=0
{
  "n_bf_switchd": 1,
  "pid": "483977",
  "conf": "/home/decps/d3/d3_synth_abs.conf",
  "p4_name": "case_a_defense3_fixed_ack_delay",
  "snapshot_utc": "2026-07-29T21:57:02Z",
  "note": "state observed BEFORE this run touched anything; the p4_name is parsed from the --conf-file the running bf_switchd was launched with, not from any setup script's belief"
}
[21:57:02] snapshot -> /home/philip/Projects/DNP3/research/case_a_read_anchored_dual_release/evidence/four_queue_oracle/switch_state_snapshot_20260729T215701Z.json
[21:57:02] restore-only: re-asserting and verifying the known-good Defense 2 state
[21:57:02] =========== RESTORING DEFENSE 2 (dnp3_timing_normalizer_pktgen) ===========
[21:57:03] pre-restore state: n_bf_switchd=1 p4_name='case_a_defense3_fixed_ack_delay'
[21:57:03] switch is NOT in the known-good state (n=1 prog='case_a_defense3_fixed_ack_delay') — full relaunch.
[21:57:03] stopping bf_switchd
[21:57:08] relaunching /home/decps/defense2_pktgen_compile/launch_pktgen.sh
[21:57:10] waiting for bf_switchd + bfrt gRPC (:50052)
[21:57:16] re-running the Defense 2 control plane: --config --mode native
[21:57:18] restoring dp8 scheduling (port shaper disarmed, original rate/speed)

RESTORE VERIFICATION
  RES    FACT                             OBSERVED
  ------ -------------------------------- ----------------
  PASS   p4_name                          dnp3_timing_normalizer_pktgen
  PASS   strict_priority_verified         true
  PASS   app_enable                       false
  PASS   exactly one bf_switchd           1
  PASS   dp8 shaping restored             true

[21:57:19] RESTORE VERIFIED — switch is running dnp3_timing_normalizer_pktgen in native mode.
[21:57:19] on_exit: rc=0 — running restoration
[21:57:19] restore already performed this run; not repeating
[21:57:19] exit 0
