/home/philip/Projects/DNP3/defense4/timing/case4_architecture/protocol/egress/evidence/shared_01/source/shared_egress.p4(61): [--Wwarn=unused] warning: Table crc_gate is not used; removing
 table crc_gate{key={m.badh:exact;m.badb:exact;m.badt:exact;}actions={NoAction;}size=1;const default_action=NoAction();}
       ^^^^^^^^
/home/philip/Projects/DNP3/defense4/timing/case4_architecture/protocol/egress/evidence/shared_01/source/shared_egress.p4(17): [--Wwarn=uninitialized_out_param] warning: out parameter 'm' may be uninitialized when 'IgParser' terminates
parser IgParser(packet_in pkt,out headers_t hdr,out meta_t m,out ingress_intrinsic_metadata_t ig){Checksum() ic;Checksum() tc;
                                                           ^
/home/philip/Projects/DNP3/defense4/timing/case4_architecture/protocol/egress/evidence/shared_01/source/shared_egress.p4(17)
parser IgParser(packet_in pkt,out headers_t hdr,out meta_t m,out ingress_intrinsic_metadata_t ig){Checksum() ic;Checksum() tc;
       ^^^^^^^^
/home/philip/Projects/DNP3/defense4/timing/case4_architecture/protocol/egress/evidence/shared_01/source/shared_egress.p4(74): [--Wwarn=uninitialized_out_param] warning: out parameter 'm' may be uninitialized when 'EgParser' terminates
parser EgParser(packet_in pkt,out headers_t hdr,out meta_t m,out egress_intrinsic_metadata_t eg){
                                                           ^
/home/philip/Projects/DNP3/defense4/timing/case4_architecture/protocol/egress/evidence/shared_01/source/shared_egress.p4(74)
parser EgParser(packet_in pkt,out headers_t hdr,out meta_t m,out egress_intrinsic_metadata_t eg){
       ^^^^^^^^
[--Wwarn=mismatch] warning: 1w253: value does not fit in 1 bits
warning: checksum.get() will deprecate in future versions. Please use void subtract_all_and_deposit(bit<16>) instead
warning: checksum.get() will deprecate in future versions. Please use void subtract_all_and_deposit(bit<16>) instead
warning: checksum.get() will deprecate in future versions. Please use void subtract_all_and_deposit(bit<16>) instead
warning: checksum.get() will deprecate in future versions. Please use void subtract_all_and_deposit(bit<16>) instead
error: PHV allocation was not successful
7 field slices remain unallocated

The following fields were not allocated: 
    ingress::hdr.descriptor.pad<7b>
    ingress::hdr.descriptor.slot<1b>
    ingress::m.slot<1b>
    ingress::hdr.native.func<8b>[0:0]
    ingress::hdr.descriptor.operation<8b>
    ingress::hdr.native.group<8b>
    ingress::hdr.native.func<8b>[7:1]



1 error, 8 warnings generated.

Skipping assembler, assembly file is empty
