### part4_salted placement-thrash excerpt from table_placement_7.log
3032409:    too many tables total
3032419:    too many tables total
3032440:    too many tables total
3032450:    too many tables total
3032474:    too many tables total
3032484:    too many tables total
3032505:    too many tables total
3032515:    too many tables total
3034727:    too many tables total
3034737:    too many tables total
3034758:    too many tables total
3034768:    too many tables total
3034792:    too many tables total
3034802:    too many tables total
3034823:    too many tables total
3034833:    too many tables total
3034856:    too many tables total
3034866:    too many tables total
3034887:    too many tables total
3034897:    too many tables total
--- final alloc block (table_summary) ---
466:  Number of stages for egress table allocation: 3
467:Critical path length through the table dependency graph: 11
469:Number of tables allocated: 140
617:Table allocation done 5 time(s), state = REDO_PHV2
619:  Number of stages for ingress table allocation: 13
620:  Number of stages for egress table allocation: 3
621:Critical path length through the table dependency graph: 11
622:Number of tables allocated: 140
