{
  "artifact_sha256": {},
  "command": [
    "/home/decps/Downloads/bf-sde-9.13.2/install/bin/bf-p4c",
    "--target",
    "tofino",
    "--arch",
    "tna",
    "-g",
    "-o",
    "/tmp/case4_compile_ekt7psyJ/evidence/out",
    "/tmp/case4_compile_ekt7psyJ/evidence/source/m3.p4"
  ],
  "compile_log_sha256": "42d55ea0976caf080272f6fa429812a6f4217f6564e0cc1f7c2b48b55f15cc07",
  "compiler": "p4c 9.13.2 (SHA: 1baf055)",
  "compiler_path": "/home/decps/Downloads/bf-sde-9.13.2/install/bin/bf-p4c",
  "compiler_sha256": "787631a6498d593be3d9dd4ca1c69f93e3e0ec5b11562859789275d550059c14",
  "elapsed_seconds": 18.184,
  "exit_code": 3,
  "full_target": false,
  "milestone": "compile_failed",
  "source": "/tmp/case4_compile_ekt7psyJ/inputs/m3.p4",
  "source_files": {
    "m3.p4": "1eeffa8394dd1cbe341b34495671f30899216570e477e3e23e85ad984057a32d"
  },
  "source_sha256": "1eeffa8394dd1cbe341b34495671f30899216570e477e3e23e85ad984057a32d",
  "timeout_seconds": 300
}
