START random_pilot_20260926T181059Z_r00_da12_gap4_joint_amp0p5
Subscribe attempt #1
Subscribe response received 0
Binding with p4_name defense4_timing
Binding with p4_name defense4_timing successful!!
Received defense4_timing on GetForwarding on client 0, device 0
Subscribe attempt #1
Subscribe response received 0
Binding with p4_name defense4_timing
Binding with p4_name defense4_timing successful!!
Received defense4_timing on GetForwarding on client 0, device 0
CAPTURED random_pilot_20260926T181059Z_r00_da12_gap4_joint_amp0p5
START random_pilot_20260926T181059Z_r00_off_ref_00
Subscribe attempt #1
Subscribe response received 0
Binding with p4_name defense4_timing
Binding with p4_name defense4_timing successful!!
Received defense4_timing on GetForwarding on client 0, device 0
Subscribe attempt #1
Subscribe response received 0
Binding with p4_name defense4_timing
Binding with p4_name defense4_timing successful!!
Received defense4_timing on GetForwarding on client 0, device 0
CAPTURED random_pilot_20260926T181059Z_r00_off_ref_00
Subscribe attempt #1
Subscribe response received 0
Binding with p4_name defense4_timing
Binding with p4_name defense4_timing successful!!
Received defense4_timing on GetForwarding on client 0, device 0
Subscribe attempt #1
Subscribe response received 0
Binding with p4_name defense4_timing
Binding with p4_name defense4_timing successful!!
Received defense4_timing on GetForwarding on client 0, device 0
