/home/philip/Projects/DNP3/defense4/timing/response_ready/evidence/case4_recovery_core_build_10/defense4_timing.p4(2228): [--Wwarn=unused] warning: Table tbl_expected_ack is not used; removing
    table tbl_expected_ack {
          ^^^^^^^^^^^^^^^^
/home/philip/Projects/DNP3/defense4/timing/response_ready/evidence/case4_recovery_core_build_10/defense4_timing.p4(2413): [--Wwarn=unused] warning: ts_first_block_w: unused instance
    RegisterAction<bit<32>, bit<1>, bit<32>>(reg_ts_first_block) ts_first_block_w = {
                                                                 ^^^^^^^^^^^^^^^^
/home/philip/Projects/DNP3/defense4/timing/response_ready/evidence/case4_recovery_core_build_10/defense4_timing.p4(2417): [--Wwarn=unused] warning: ts_ack_arm_w: unused instance
    RegisterAction<bit<32>, bit<1>, bit<32>>(reg_ts_ack_arm) ts_ack_arm_w = {
                                                             ^^^^^^^^^^^^
/home/philip/Projects/DNP3/defense4/timing/response_ready/evidence/case4_recovery_core_build_10/defense4_timing.p4(2421): [--Wwarn=unused] warning: ts_block_term_w: unused instance
    RegisterAction<bit<32>, bit<1>, bit<32>>(reg_ts_block_term) ts_block_term_w = {
                                                                ^^^^^^^^^^^^^^^
/home/philip/Projects/DNP3/defense4/timing/response_ready/evidence/case4_recovery_core_build_10/defense4_timing.p4(2429): [--Wwarn=unused] warning: ts_ack_release_w: unused instance
    RegisterAction<bit<32>, bit<1>, bit<32>>(reg_ts_ack_release) ts_ack_release_w = {
                                                                 ^^^^^^^^^^^^^^^^
/home/philip/Projects/DNP3/defense4/timing/response_ready/evidence/case4_recovery_core_build_10/defense4_timing.p4(2540): [--Wwarn=unused] warning: ctr_fresh: unused instance
    Counter<bit<64>, bit<8>>(32, CounterType_t.PACKETS) ctr_fresh; /* CF_* slots */
                                                        ^^^^^^^^^
/home/philip/Projects/DNP3/defense4/timing/response_ready/evidence/case4_recovery_core_build_10/defense4_timing.p4(2541): [--Wwarn=unused] warning: ctr_deq: unused instance
    Counter<bit<64>, bit<8>>(16, CounterType_t.PACKETS) ctr_deq; /* CD_* slots */
                                                        ^^^^^^^
/home/philip/Projects/DNP3/defense4/timing/response_ready/evidence/case4_recovery_core_build_10/defense4_timing.p4(2699): [--Wwarn=unused] warning: Table tbl_held_owner is not used; removing
    table tbl_held_owner {
          ^^^^^^^^^^^^^^
/home/philip/Projects/DNP3/defense4/timing/response_ready/evidence/case4_recovery_core_build_10/defense4_timing.p4(2713): [--Wwarn=unused] warning: Table tbl_commit is not used; removing
    table tbl_commit {
          ^^^^^^^^^^
/home/philip/Projects/DNP3/defense4/timing/response_ready/evidence/case4_recovery_core_build_10/defense4_timing.p4(945): [--Wwarn=uninitialized_out_param] warning: out parameter 'meta' may be uninitialized when 'IgParser' terminates
                out ig_meta_t meta,
                              ^^^^
/home/philip/Projects/DNP3/defense4/timing/response_ready/evidence/case4_recovery_core_build_10/defense4_timing.p4(943)
parser IgParser(packet_in pkt,
       ^^^^^^^^
warning: Parser state min_parse_depth_accept_loop will be unrolled up to 3 times due to @pragma max_loop_depth.
warning: Parser state min_parse_depth_accept_loop will be unrolled up to 3 times due to @pragma max_loop_depth.
[--Wwarn=target-error] warning: Tofino does not support clear-on-write semantic on re-assignment to field ingress::meta.generated_cookie in parser state ingress::parse_generated_token. Try to use advance() to skip over there-assigned values and only extract them once.
/home/philip/Projects/DNP3/defense4/timing/response_ready/evidence/case4_recovery_core_build_10/defense4_timing.p4(1335): [--Wwarn=target-error] warning: ingress::meta.generated_cookie[15:0] is assigned in state ingress::parse_generated_token but has also previous assignment. See the following errors for the list of previous assignments. This re-assignment is not supported by Tofino.
        meta.generated_cookie = 16w0x8000 ++ hdr.pgen.trigger_cookie;
        ^^^^^^^^^^^^^^^^^^^^^
/home/philip/Projects/DNP3/defense4/timing/response_ready/evidence/case4_recovery_core_build_10/defense4_timing.p4(1335): warning: ingress::meta.generated_cookie[31:16] previously assigned in state ingress::parse_generated_token.
        meta.generated_cookie = 16w0x8000 ++ hdr.pgen.trigger_cookie;
        ^^^^^^^^^^^^^^^^^^^^^
error: This program violates action constraints imposed by Tofino.

/home/philip/Projects/DNP3/defense4/timing/response_ready/evidence/case4_recovery_core_build_10/defense4_timing.p4(3477):
    action finish_drain_scan() { hdr.expiry.cookie_word = meta.owner;
           ^^^^^^^^^^^^^^^^^

  PHV allocation requires the following field slices to be packed together, because of the structure of header ingress::hdr.expiry
	ingress::hdr.expiry.phase
	ingress::hdr.expiry.cookie_word[0:0]
	ingress::hdr.expiry.cookie_word[13:1]
	ingress::hdr.expiry.cookie_word[15:14]
	ingress::hdr.expiry.cookie_word[16:16]
	ingress::hdr.expiry.cookie_word[29:17]
	ingress::hdr.expiry.cookie_word[31:30]

  Action Ingress.finish_drain_scan must be rewritten, because it requires too many sources.
	Source 1 is action data/constant, which write(s) the following field slices:
	  ingress::hdr.expiry.phase, written by constant 0x2
	Source 2 contains the following fields:
	  ingress::meta.owner[0:0] @ bits 0-0
	  ingress::meta.owner[13:1] @ bits 1-13
	  ingress::meta.owner[15:14] @ bits 14-15
	  ingress::meta.owner[16:16] @ bits 16-16
	  ingress::meta.owner[29:17] @ bits 17-29
	  ingress::meta.owner[31:30] @ bits 30-31
  Slices of source 2 are not allocated at the same offsets within the container as the destination slices.
  Tofino does not support action data/constant with rotated PHV source at the same time.

  However, Tofino supports only one PHV source, when action data/constant is present.
  Rewrite action Ingress.finish_drain_scan to use at most 2 PHV sources (and no action data/constant source) or 1 PHV source (if action data/constant is necessary).

/home/philip/Projects/DNP3/defense4/timing/response_ready/evidence/case4_recovery_core_build_10/defense4_timing.p4(3432):
    action finish_expiry_loop() {
           ^^^^^^^^^^^^^^^^^^

  PHV allocation requires the following field slices to be packed together, because of the structure of header ingress::hdr.expiry
	ingress::hdr.expiry.phase
	ingress::hdr.expiry.cookie_word[0:0]
	ingress::hdr.expiry.cookie_word[13:1]
	ingress::hdr.expiry.cookie_word[15:14]
	ingress::hdr.expiry.cookie_word[16:16]
	ingress::hdr.expiry.cookie_word[29:17]
	ingress::hdr.expiry.cookie_word[31:30]

  Action Ingress.finish_expiry_loop must be rewritten, because it requires too many sources.
	Source 1 is action data/constant, which write(s) the following field slices:
	  ingress::hdr.expiry.phase, written by constant 0x1
	Source 2 contains the following fields:
	  ingress::meta.owner[0:0] @ bits 0-0
	  ingress::meta.owner[13:1] @ bits 1-13
	  ingress::meta.owner[15:14] @ bits 14-15
	  ingress::meta.owner[16:16] @ bits 16-16
	  ingress::meta.owner[29:17] @ bits 17-29
	  ingress::meta.owner[31:30] @ bits 30-31
  Slices of source 2 are not allocated at the same offsets within the container as the destination slices.
  Tofino does not support action data/constant with rotated PHV source at the same time.

  However, Tofino supports only one PHV source, when action data/constant is present.
  Rewrite action Ingress.finish_expiry_loop to use at most 2 PHV sources (and no action data/constant source) or 1 PHV source (if action data/constant is necessary).

/home/philip/Projects/DNP3/defense4/timing/response_ready/evidence/case4_recovery_core_build_10/defense4_timing.p4(3956):
                    hdr.held_owner.setValid(); hdr.held_owner.cookie_word = 16w0x8000 ++ meta.next_cookie;
                                               ^

  Action defense4_timing3956_0 must be rewritten.This program violates action constraints imposed by Tofino.

  The following field slices must be allocated in the same container as they are present within the same byte of header ingress::hdr.held_owner:
	ingress::hdr.held_owner.cookie_word[0:0]
	ingress::hdr.held_owner.cookie_word[13:1]
	ingress::hdr.held_owner.cookie_word[15:14]
	ingress::hdr.held_owner.cookie_word[16:16]
	ingress::hdr.held_owner.cookie_word[29:17]
	ingress::hdr.held_owner.cookie_word[31:30]

  However, the following fields slice(s) are written in action defense4_timing3956_0 by the add instruction, which operates on the entire container:
	ingress::hdr.held_owner.cookie_word[0:0]
	ingress::hdr.held_owner.cookie_word[13:1]
	ingress::hdr.held_owner.cookie_word[15:14]

  As a result, the following field slice(s) not written in action defense4_timing3956_0 will be overwritten illegally:
	ingress::hdr.held_owner.cookie_word[16:16]
	ingress::hdr.held_owner.cookie_word[29:17]
	ingress::hdr.held_owner.cookie_word[31:30]

Therefore, the program requires an action impossible to synthesize for Tofino ALU.
/home/philip/Projects/DNP3/defense4/timing/response_ready/evidence/case4_recovery_core_build_10/defense4_timing.p4(3602):
            if (meta.is_pktgen == 8w1) { meta.cookie_in = meta.generated_cookie; }
                                                        ^

  PHV allocation requires the following field slices to be packed together, because of the structure of header ingress::meta
	ingress::meta.cookie_in[0:0]
	ingress::meta.cookie_in[13:1]
	ingress::meta.cookie_in[15:14]
	ingress::meta.cookie_in[16:16]
	ingress::meta.cookie_in[29:17]
	ingress::meta.cookie_in[31:30]

  Action defense4_timing3602 must be rewritten, because it requires too many sources.
	Source 1 contains the following fields:
	  ingress::meta.generated_cookie[0:0] @ bits 0-0
	Source 2 contains the following fields:
	  ingress::meta.generated_cookie[13:1] @ bits 1-13
	Source 3 contains the following fields:
	  ingress::meta.generated_cookie[15:14] @ bits 14-15
	Source 4 contains the following fields:
	  ingress::meta.generated_cookie[16:16] @ bits 16-16
	Source 5 contains the following fields:
	  ingress::meta.generated_cookie[29:17] @ bits 17-29
	Source 6 contains the following fields:
	  ingress::meta.generated_cookie[31:30] @ bits 30-31
  However, Tofino supports only two PHV sources.
  Rewrite action defense4_timing3602 to use at most 2 PHV sources (and no action data/constant source) or 1 PHV source (if action data/constant is necessary).

/home/philip/Projects/DNP3/defense4/timing/response_ready/evidence/case4_recovery_core_build_10/defense4_timing.p4(3963):
                    meta.drain_key = meta.next_cookie ++ 16w0;
                    ^^^^^^^^^^^^^^

  Action defense4_timing3963 must be rewritten.This program violates action constraints imposed by Tofino.

  The following field slices must be allocated in the same container as they are present within the same byte of header ingress::meta:
	ingress::meta.drain_key[0:0]
	ingress::meta.drain_key[13:1]
	ingress::meta.drain_key[15:14]
	ingress::meta.drain_key[16:16]
	ingress::meta.drain_key[29:17]
	ingress::meta.drain_key[31:30]

  However, the following fields slice(s) are written in action defense4_timing3963 by the add instruction, which operates on the entire container:
	ingress::meta.drain_key[16:16]
	ingress::meta.drain_key[29:17]
	ingress::meta.drain_key[31:30]

  As a result, the following field slice(s) not written in action defense4_timing3963 will be overwritten illegally:
	ingress::meta.drain_key[0:0]
	ingress::meta.drain_key[13:1]
	ingress::meta.drain_key[15:14]

Therefore, the program requires an action impossible to synthesize for Tofino ALU.
/home/philip/Projects/DNP3/defense4/timing/response_ready/evidence/case4_recovery_core_build_10/defense4_timing.p4(3355):
    action finish_path_10(bit<16> o) { meta.outcome = o; { ig_tm_md.ucast_egress_port = meta.fwd_port; ig_tm_md.qid = 5w0; ig_tm_md.bypass_egress = 1w0; } ig_dprsr_md.mirror_type = MIRROR_TYPE_CLONE; meta.clone_ses = CLONE_SESSION_ID; meta.clone_tag = CLONE_TAG_MARKER_3K | (bit<32>)meta.next_cookie; ctr_outcome.count(o); }
           ^^^^^^^^^^^^^^

  PHV allocation requires the following field slices to be packed together, because of the structure of header ingress::meta
	ingress::meta.clone_tag[0:0]
	ingress::meta.clone_tag[13:1]
	ingress::meta.clone_tag[15:14]
	ingress::meta.clone_tag[31:16]

  Action Ingress.finish_path_10 must be rewritten, because it requires too many sources.
	Source 1 is action data/constant, which write(s) the following field slices:
	  ingress::meta.clone_tag[31:16], written by constant 0xe101
	Source 2 contains the following fields:
	  ingress::meta.next_cookie[0:0] @ bits 0-0
	Source 3 contains the following fields:
	  ingress::meta.next_cookie[13:1] @ bits 1-13
	Source 4 contains the following fields:
	  ingress::meta.next_cookie[15:14] @ bits 14-15
  However, Tofino supports only one PHV source, when action data/constant is present.
  Rewrite action Ingress.finish_path_10 to use at most 2 PHV sources (and no action data/constant source) or 1 PHV source (if action data/constant is necessary).


error: Unable to slice the following group of fields due to unsatisfiable constraints: ingress::hdr.expiry.phase, ingress::hdr.held_owner.cookie_word, ingress::meta.cookie_in, ingress::meta.next_cookie, ingress::meta.owner, ingress::meta.drain_key, ingress::meta.drain_key, ingress::meta.owner, ingress::hdr.held_owner.cookie_word, ingress::meta.cookie_in, ingress::meta.drain_pending, ingress::meta.drain_word, ingress::meta.drain_word, ingress::meta.generated_cookie, ingress::meta.generated_cookie, ingress::hdr.expiry.cookie_word, ingress::hdr.expiry.cookie_word, ingress::meta.clone_tag, ingress::hdr.ib.cookie_word, ingress::hdr.ib.cookie_word, ingress::hdr.held_owner.cookie_word, ingress::meta.cookie_in, ingress::meta.next_cookie, ingress::meta.owner, ingress::meta.drain_key, ingress::meta.drain_key, ingress::meta.owner, ingress::hdr.held_owner.cookie_word, ingress::meta.cookie_in, ingress::meta.drain_pending, ingress::meta.drain_word, ingress::meta.drain_word, ingress::meta.generated_cookie, ingress::meta.generated_cookie, ingress::hdr.expiry.cookie_word, ingress::hdr.expiry.cookie_word, ingress::meta.clone_tag, ingress::hdr.ib.cookie_word, ingress::hdr.ib.cookie_word, ingress::hdr.held_owner.cookie_word, ingress::meta.cookie_in, ingress::meta.next_cookie, ingress::meta.owner, ingress::meta.drain_key, ingress::meta.drain_key, ingress::meta.owner, ingress::hdr.held_owner.cookie_word, ingress::meta.cookie_in, ingress::meta.drain_pending, ingress::meta.drain_word, ingress::meta.drain_word, ingress::meta.generated_cookie, ingress::meta.generated_cookie, ingress::hdr.expiry.cookie_word, ingress::hdr.expiry.cookie_word, ingress::meta.clone_tag, ingress::hdr.ib.cookie_word, ingress::hdr.ib.cookie_word, ingress::meta.clone_tag

Number of errors exceeded set maximum of 1


2 errors, 15 warnings generated.

