/home/philip/Projects/DNP3/defense4/timing/case4_architecture/integration/evidence/handshake_01/source/handshake.p4(24): [--Wwarn=uninitialized_out_param] warning: out parameter 'm' may be uninitialized when 'IgParser' terminates
parser IgParser(packet_in pkt,out headers_t hdr,out meta_t m,
                                                           ^
/home/philip/Projects/DNP3/defense4/timing/case4_architecture/integration/evidence/handshake_01/source/handshake.p4(24)
parser IgParser(packet_in pkt,out headers_t hdr,out meta_t m,
       ^^^^^^^^
/home/philip/Projects/DNP3/defense4/timing/case4_architecture/integration/evidence/handshake_01/source/handshake.p4(167): [--Wwarn=uninitialized_out_param] warning: out parameter 'm' may be uninitialized when 'EgParser' terminates
parser EgParser(packet_in pkt,out headers_t hdr,out meta_t m,
                                                           ^
/home/philip/Projects/DNP3/defense4/timing/case4_architecture/integration/evidence/handshake_01/source/handshake.p4(167)
parser EgParser(packet_in pkt,out headers_t hdr,out meta_t m,
       ^^^^^^^^
warning: checksum.get() will deprecate in future versions. Please use void subtract_all_and_deposit(bit<16>) instead
warning: checksum.get() will deprecate in future versions. Please use void subtract_all_and_deposit(bit<16>) instead
warning: Parser state min_parse_depth_accept_loop will be unrolled up to 4 times due to @pragma max_loop_depth.
warning: checksum.get() will deprecate in future versions. Please use void subtract_all_and_deposit(bit<16>) instead
warning: checksum.get() will deprecate in future versions. Please use void subtract_all_and_deposit(bit<16>) instead
warning: Parser state min_parse_depth_accept_loop will be unrolled up to 4 times due to @pragma max_loop_depth.
/home/philip/Projects/DNP3/defense4/timing/case4_architecture/integration/evidence/handshake_01/source/handshake.p4(105): [--Werror=target-error] error: table Ingress.transition_owner_t is applied in multiple places, and the next-table information cannot correctly propagate through this multiple application
 table transition_owner_t {actions={transition_owner;}size=1;
       ^^^^^^^^^^^^^^^^^^

1 error, 8 warnings generated.

Skipping assembler, assembly file is empty
