-- The C compiler identification is GNU 9.4.0
-- The CXX compiler identification is GNU 9.4.0
-- Check for working C compiler: /usr/bin/cc
-- Check for working C compiler: /usr/bin/cc -- works
-- Detecting C compiler ABI info
-- Detecting C compiler ABI info - done
-- Detecting C compile features
-- Detecting C compile features - done
-- Check for working CXX compiler: /usr/bin/c++
-- Check for working CXX compiler: /usr/bin/c++ -- works
-- Detecting CXX compiler ABI info
-- Detecting CXX compiler ABI info - done
-- Detecting CXX compile features
-- Detecting CXX compile features - done
-- clang-format not found
-- clang-tidy not found
-- Looking for pthread.h
-- Looking for pthread.h - found
-- Performing Test CMAKE_HAVE_LIBC_PTHREAD
-- Performing Test CMAKE_HAVE_LIBC_PTHREAD - Failed
-- Looking for pthread_create in pthreads
-- Looking for pthread_create in pthreads - not found
-- Looking for pthread_create in pthread
-- Looking for pthread_create in pthread - found
-- Found Threads: TRUE  
-- Configuring done
-- Generating done
-- Build files have been written to: /tmp/native_parity.DJflRe/opendnp3-iso/build-np
Scanning dependencies of target opendnp3
[  0%] Building CXX object cpp/lib/CMakeFiles/opendnp3.dir/src/ConsoleLogger.cpp.o
[  1%] Building CXX object cpp/lib/CMakeFiles/opendnp3.dir/src/DNP3Manager.cpp.o
[  1%] Building CXX object cpp/lib/CMakeFiles/opendnp3.dir/src/DNP3ManagerImpl.cpp.o
[  2%] Building CXX object cpp/lib/CMakeFiles/opendnp3.dir/src/app/APDUBuilders.cpp.o
[  2%] Building CXX object cpp/lib/CMakeFiles/opendnp3.dir/src/app/ControlRelayOutputBlock.cpp.o
[  2%] Building CXX object cpp/lib/CMakeFiles/opendnp3.dir/src/app/APDUHeader.cpp.o
[  2%] Building CXX object cpp/lib/CMakeFiles/opendnp3.dir/src/app/APDULogging.cpp.o
[  3%] Building CXX object cpp/lib/CMakeFiles/opendnp3.dir/src/app/EventTriggers.cpp.o
[  3%] Building CXX object cpp/lib/CMakeFiles/opendnp3.dir/src/app/ClassField.cpp.o
[  3%] Building CXX object cpp/lib/CMakeFiles/opendnp3.dir/src/app/Functions.cpp.o
[  5%] Building CXX object cpp/lib/CMakeFiles/opendnp3.dir/src/app/AnalogCommandEvent.cpp.o
[  5%] Building CXX object cpp/lib/CMakeFiles/opendnp3.dir/src/app/AnalogOutput.cpp.o
[  6%] Building CXX object cpp/lib/CMakeFiles/opendnp3.dir/src/app/AppControlField.cpp.o
[  6%] Building CXX object cpp/lib/CMakeFiles/opendnp3.dir/src/app/APDURequest.cpp.o
[  6%] Building CXX object cpp/lib/CMakeFiles/opendnp3.dir/src/app/APDUResponse.cpp.o
[  6%] Building CXX object cpp/lib/CMakeFiles/opendnp3.dir/src/ResourceManager.cpp.o
[  6%] Building CXX object cpp/lib/CMakeFiles/opendnp3.dir/src/app/IINField.cpp.o
[ 10%] Building CXX object cpp/lib/CMakeFiles/opendnp3.dir/src/app/OctetData.cpp.o
[  9%] Building CXX object cpp/lib/CMakeFiles/opendnp3.dir/src/app/BinaryCommandEvent.cpp.o
[  9%] Building CXX object cpp/lib/CMakeFiles/opendnp3.dir/src/app/APDUWrapper.cpp.o
[ 10%] Building CXX object cpp/lib/CMakeFiles/opendnp3.dir/src/app/HeaderWriter.cpp.o
[ 10%] Building CXX object cpp/lib/CMakeFiles/opendnp3.dir/src/app/QualityFlags.cpp.o
[ 10%] Building CXX object cpp/lib/CMakeFiles/opendnp3.dir/src/app/MeasurementInfo.cpp.o
[ 10%] Building CXX object cpp/lib/CMakeFiles/opendnp3.dir/src/app/parsing/CountIndexParser.cpp.o
[ 10%] Building CXX object cpp/lib/CMakeFiles/opendnp3.dir/src/app/GroupVariationRecord.cpp.o
[ 10%] Building CXX object cpp/lib/CMakeFiles/opendnp3.dir/src/app/MeasurementTypes.cpp.o
[ 11%] Building CXX object cpp/lib/CMakeFiles/opendnp3.dir/src/app/parsing/APDUHeaderParser.cpp.o
[ 11%] Building CXX object cpp/lib/CMakeFiles/opendnp3.dir/src/app/parsing/APDUParser.cpp.o
[ 11%] Building CXX object cpp/lib/CMakeFiles/opendnp3.dir/src/app/parsing/BitReader.cpp.o
[ 12%] Building CXX object cpp/lib/CMakeFiles/opendnp3.dir/src/app/parsing/CountParser.cpp.o
[ 12%] Building CXX object cpp/lib/CMakeFiles/opendnp3.dir/src/app/parsing/IAPDUHandler.cpp.o
[ 12%] Building CXX object cpp/lib/CMakeFiles/opendnp3.dir/src/app/parsing/NumParser.cpp.o
[ 14%] Building CXX object cpp/lib/CMakeFiles/opendnp3.dir/src/app/parsing/ObjectHeaderParser.cpp.o
[ 14%] Building CXX object cpp/lib/CMakeFiles/opendnp3.dir/src/app/parsing/RangeParser.cpp.o
[ 15%] Building CXX object cpp/lib/CMakeFiles/opendnp3.dir/src/channel/ChannelRetry.cpp.o
[ 15%] Building CXX object cpp/lib/CMakeFiles/opendnp3.dir/src/channel/DNP3Channel.cpp.o
[ 15%] Building CXX object cpp/lib/CMakeFiles/opendnp3.dir/src/channel/IOHandler.cpp.o
[ 15%] Building CXX object cpp/lib/CMakeFiles/opendnp3.dir/src/channel/ASIOSerialHelpers.cpp.o
[ 16%] Building CXX object cpp/lib/CMakeFiles/opendnp3.dir/src/channel/IOpenDelayStrategy.cpp.o
[ 16%] Building CXX object cpp/lib/CMakeFiles/opendnp3.dir/src/channel/IPEndpointsList.cpp.o
[ 16%] Building CXX object cpp/lib/CMakeFiles/opendnp3.dir/src/channel/SerialChannel.cpp.o
[ 16%] Building CXX object cpp/lib/CMakeFiles/opendnp3.dir/src/channel/TCPClient.cpp.o
[ 18%] Building CXX object cpp/lib/CMakeFiles/opendnp3.dir/src/channel/SerialIOHandler.cpp.o
[ 18%] Building CXX object cpp/lib/CMakeFiles/opendnp3.dir/src/channel/TCPClientIOHandler.cpp.o
[ 19%] Building CXX object cpp/lib/CMakeFiles/opendnp3.dir/src/channel/TCPServer.cpp.o
[ 19%] Building CXX object cpp/lib/CMakeFiles/opendnp3.dir/src/channel/TCPServerIOHandler.cpp.o
[ 19%] Building CXX object cpp/lib/CMakeFiles/opendnp3.dir/src/channel/TCPSocketChannel.cpp.o
[ 19%] Building CXX object cpp/lib/CMakeFiles/opendnp3.dir/src/channel/UDPClientIOHandler.cpp.o
[ 20%] Building CXX object cpp/lib/CMakeFiles/opendnp3.dir/src/channel/UDPClient.cpp.o
[ 20%] Building CXX object cpp/lib/CMakeFiles/opendnp3.dir/src/channel/UDPSocketChannel.cpp.o
[ 22%] Building CXX object cpp/lib/CMakeFiles/opendnp3.dir/src/decoder/Decoder.cpp.o
[ 22%] Building CXX object cpp/lib/CMakeFiles/opendnp3.dir/src/decoder/DecoderImpl.cpp.o
[ 22%] Building CXX object cpp/lib/CMakeFiles/opendnp3.dir/src/decoder/LoggingHandler.cpp.o
[ 23%] Building CXX object cpp/lib/CMakeFiles/opendnp3.dir/src/gen/AnalogQuality.cpp.o
[ 23%] Building CXX object cpp/lib/CMakeFiles/opendnp3.dir/src/gen/AnalogOutputStatusQuality.cpp.o
[ 23%] Building CXX object cpp/lib/CMakeFiles/opendnp3.dir/src/gen/AssignClassType.cpp.o
[ 23%] Building CXX object cpp/lib/CMakeFiles/opendnp3.dir/src/gen/Attributes.cpp.o
[ 24%] Building CXX object cpp/lib/CMakeFiles/opendnp3.dir/src/gen/BinaryOutputStatusQuality.cpp.o
[ 24%] Building CXX object cpp/lib/CMakeFiles/opendnp3.dir/src/gen/BinaryQuality.cpp.o
[ 24%] Building CXX object cpp/lib/CMakeFiles/opendnp3.dir/src/gen/ChannelState.cpp.o
[ 25%] Building CXX object cpp/lib/CMakeFiles/opendnp3.dir/src/gen/CommandPointState.cpp.o
[ 25%] Building CXX object cpp/lib/CMakeFiles/opendnp3.dir/src/gen/CommandStatus.cpp.o
[ 25%] Building CXX object cpp/lib/CMakeFiles/opendnp3.dir/src/gen/CounterQuality.cpp.o
[ 27%] Building CXX object cpp/lib/CMakeFiles/opendnp3.dir/src/gen/DoubleBit.cpp.o
[ 27%] Building CXX object cpp/lib/CMakeFiles/opendnp3.dir/src/gen/DoubleBitBinaryQuality.cpp.o
[ 27%] Building CXX object cpp/lib/CMakeFiles/opendnp3.dir/src/gen/EventAnalogOutputStatusVariation.cpp.o
[ 27%] Building CXX object cpp/lib/CMakeFiles/opendnp3.dir/src/gen/EventBinaryOutputStatusVariation.cpp.o
[ 28%] Building CXX object cpp/lib/CMakeFiles/opendnp3.dir/src/gen/EventAnalogVariation.cpp.o
[ 29%] Building CXX object cpp/lib/CMakeFiles/opendnp3.dir/src/gen/EventCounterVariation.cpp.o
[ 29%] Building CXX object cpp/lib/CMakeFiles/opendnp3.dir/src/gen/EventBinaryVariation.cpp.o
[ 29%] Building CXX object cpp/lib/CMakeFiles/opendnp3.dir/src/gen/EventDoubleBinaryVariation.cpp.o
[ 29%] Building CXX object cpp/lib/CMakeFiles/opendnp3.dir/src/gen/EventFrozenCounterVariation.cpp.o
[ 31%] Building CXX object cpp/lib/CMakeFiles/opendnp3.dir/src/gen/EventMode.cpp.o
[ 31%] Building CXX object cpp/lib/CMakeFiles/opendnp3.dir/src/gen/EventOctetStringVariation.cpp.o
[ 31%] Building CXX object cpp/lib/CMakeFiles/opendnp3.dir/src/gen/FlagsType.cpp.o
[ 32%] Building CXX object cpp/lib/CMakeFiles/opendnp3.dir/src/gen/FlowControl.cpp.o
[ 32%] Building CXX object cpp/lib/CMakeFiles/opendnp3.dir/src/gen/FrozenCounterQuality.cpp.o
[ 32%] Building CXX object cpp/lib/CMakeFiles/opendnp3.dir/src/gen/FunctionCode.cpp.o
[ 33%] Building CXX object cpp/lib/CMakeFiles/opendnp3.dir/src/gen/GroupVariation.cpp.o
[ 33%] Building CXX object cpp/lib/CMakeFiles/opendnp3.dir/src/gen/IndexQualifierMode.cpp.o
[ 33%] Building CXX object cpp/lib/CMakeFiles/opendnp3.dir/src/gen/IntervalUnits.cpp.o
[ 35%] Building CXX object cpp/lib/CMakeFiles/opendnp3.dir/src/gen/LinkFunction.cpp.o
[ 35%] Building CXX object cpp/lib/CMakeFiles/opendnp3.dir/src/gen/LinkStatus.cpp.o
[ 35%] Building CXX object cpp/lib/CMakeFiles/opendnp3.dir/src/gen/MasterTaskType.cpp.o
[ 35%] Building CXX object cpp/lib/CMakeFiles/opendnp3.dir/src/gen/OperateType.cpp.o
[ 36%] Building CXX object cpp/lib/CMakeFiles/opendnp3.dir/src/gen/OperationType.cpp.o
[ 36%] Building CXX object cpp/lib/CMakeFiles/opendnp3.dir/src/gen/Parity.cpp.o
[ 37%] Building CXX object cpp/lib/CMakeFiles/opendnp3.dir/src/gen/QualifierCode.cpp.o
[ 37%] Building CXX object cpp/lib/CMakeFiles/opendnp3.dir/src/gen/PointClass.cpp.o
[ 37%] Building CXX object cpp/lib/CMakeFiles/opendnp3.dir/src/gen/RestartMode.cpp.o
[ 37%] Building CXX object cpp/lib/CMakeFiles/opendnp3.dir/src/gen/RestartType.cpp.o
[ 38%] Building CXX object cpp/lib/CMakeFiles/opendnp3.dir/src/gen/ServerAcceptMode.cpp.o
[ 38%] Building CXX object cpp/lib/CMakeFiles/opendnp3.dir/src/gen/StaticAnalogOutputStatusVariation.cpp.o
[ 38%] Building CXX object cpp/lib/CMakeFiles/opendnp3.dir/src/gen/StaticAnalogVariation.cpp.o
[ 40%] Building CXX object cpp/lib/CMakeFiles/opendnp3.dir/src/gen/StaticBinaryOutputStatusVariation.cpp.o
[ 40%] Building CXX object cpp/lib/CMakeFiles/opendnp3.dir/src/gen/StaticBinaryVariation.cpp.o
[ 40%] Building CXX object cpp/lib/CMakeFiles/opendnp3.dir/src/gen/StaticCounterVariation.cpp.o
[ 40%] Building CXX object cpp/lib/CMakeFiles/opendnp3.dir/src/gen/StaticFrozenCounterVariation.cpp.o
[ 41%] Building CXX object cpp/lib/CMakeFiles/opendnp3.dir/src/gen/StaticDoubleBinaryVariation.cpp.o
[ 42%] Building CXX object cpp/lib/CMakeFiles/opendnp3.dir/src/gen/StaticTimeAndIntervalVariation.cpp.o
[ 42%] Building CXX object cpp/lib/CMakeFiles/opendnp3.dir/src/gen/StaticOctetStringVariation.cpp.o
[ 42%] Building CXX object cpp/lib/CMakeFiles/opendnp3.dir/src/gen/StaticTypeBitmask.cpp.o
[ 42%] Building CXX object cpp/lib/CMakeFiles/opendnp3.dir/src/gen/StopBits.cpp.o
[ 44%] Building CXX object cpp/lib/CMakeFiles/opendnp3.dir/src/gen/TaskCompletion.cpp.o
[ 44%] Building CXX object cpp/lib/CMakeFiles/opendnp3.dir/src/gen/TimestampQuality.cpp.o
[ 44%] Building CXX object cpp/lib/CMakeFiles/opendnp3.dir/src/gen/TimeSyncMode.cpp.o
[ 45%] Building CXX object cpp/lib/CMakeFiles/opendnp3.dir/src/gen/TripCloseCode.cpp.o
[ 45%] Building CXX object cpp/lib/CMakeFiles/opendnp3.dir/src/gen/objects/Group1.cpp.o
[ 45%] Building CXX object cpp/lib/CMakeFiles/opendnp3.dir/src/gen/objects/Group2.cpp.o
[ 46%] Building CXX object cpp/lib/CMakeFiles/opendnp3.dir/src/gen/objects/Group3.cpp.o
[ 46%] Building CXX object cpp/lib/CMakeFiles/opendnp3.dir/src/gen/objects/Group4.cpp.o
[ 46%] Building CXX object cpp/lib/CMakeFiles/opendnp3.dir/src/gen/objects/Group10.cpp.o
[ 48%] Building CXX object cpp/lib/CMakeFiles/opendnp3.dir/src/gen/objects/Group11.cpp.o
[ 48%] Building CXX object cpp/lib/CMakeFiles/opendnp3.dir/src/gen/objects/Group12.cpp.o
[ 48%] Building CXX object cpp/lib/CMakeFiles/opendnp3.dir/src/gen/objects/Group13.cpp.o
[ 48%] Building CXX object cpp/lib/CMakeFiles/opendnp3.dir/src/gen/objects/Group20.cpp.o
[ 49%] Building CXX object cpp/lib/CMakeFiles/opendnp3.dir/src/gen/objects/Group21.cpp.o
[ 50%] Building CXX object cpp/lib/CMakeFiles/opendnp3.dir/src/gen/objects/Group23.cpp.o
[ 50%] Building CXX object cpp/lib/CMakeFiles/opendnp3.dir/src/gen/objects/Group30.cpp.o
[ 50%] Building CXX object cpp/lib/CMakeFiles/opendnp3.dir/src/gen/objects/Group22.cpp.o
[ 50%] Building CXX object cpp/lib/CMakeFiles/opendnp3.dir/src/gen/objects/Group32.cpp.o
[ 50%] Building CXX object cpp/lib/CMakeFiles/opendnp3.dir/src/gen/objects/Group40.cpp.o
[ 51%] Building CXX object cpp/lib/CMakeFiles/opendnp3.dir/src/gen/objects/Group41.cpp.o
[ 51%] Building CXX object cpp/lib/CMakeFiles/opendnp3.dir/src/gen/objects/Group42.cpp.o
[ 51%] Building CXX object cpp/lib/CMakeFiles/opendnp3.dir/src/gen/objects/Group43.cpp.o
[ 53%] Building CXX object cpp/lib/CMakeFiles/opendnp3.dir/src/gen/objects/Group50.cpp.o
[ 53%] Building CXX object cpp/lib/CMakeFiles/opendnp3.dir/src/gen/objects/Group51.cpp.o
[ 53%] Building CXX object cpp/lib/CMakeFiles/opendnp3.dir/src/gen/objects/Group52.cpp.o
[ 54%] Building CXX object cpp/lib/CMakeFiles/opendnp3.dir/src/link/Addresses.cpp.o
[ 54%] Building CXX object cpp/lib/CMakeFiles/opendnp3.dir/src/link/CRC.cpp.o
[ 54%] Building CXX object cpp/lib/CMakeFiles/opendnp3.dir/src/link/LinkContext.cpp.o
[ 55%] Building CXX object cpp/lib/CMakeFiles/opendnp3.dir/src/link/LinkFrame.cpp.o
[ 55%] Building CXX object cpp/lib/CMakeFiles/opendnp3.dir/src/link/LinkHeader.cpp.o
[ 55%] Building CXX object cpp/lib/CMakeFiles/opendnp3.dir/src/link/LinkHeaderFields.cpp.o
[ 57%] Building CXX object cpp/lib/CMakeFiles/opendnp3.dir/src/link/LinkLayer.cpp.o
[ 57%] Building CXX object cpp/lib/CMakeFiles/opendnp3.dir/src/link/LinkLayerParser.cpp.o
[ 57%] Building CXX object cpp/lib/CMakeFiles/opendnp3.dir/src/link/LinkSession.cpp.o
[ 58%] Building CXX object cpp/lib/CMakeFiles/opendnp3.dir/src/link/PriLinkLayerStates.cpp.o
[ 58%] Building CXX object cpp/lib/CMakeFiles/opendnp3.dir/src/link/SecLinkLayerStates.cpp.o
[ 58%] Building CXX object cpp/lib/CMakeFiles/opendnp3.dir/src/link/ShiftableBuffer.cpp.o
[ 59%] Building CXX object cpp/lib/CMakeFiles/opendnp3.dir/src/logging/LogLevels.cpp.o
[ 59%] Building CXX object cpp/lib/CMakeFiles/opendnp3.dir/src/master/AssignClassTask.cpp.o
[ 61%] Building CXX object cpp/lib/CMakeFiles/opendnp3.dir/src/master/CommandSet.cpp.o
[ 61%] Building CXX object cpp/lib/CMakeFiles/opendnp3.dir/src/master/ClearRestartTask.cpp.o
[ 61%] Building CXX object cpp/lib/CMakeFiles/opendnp3.dir/src/master/CommandSetOps.cpp.o
[ 61%] Building CXX object cpp/lib/CMakeFiles/opendnp3.dir/src/master/CommandTask.cpp.o
[ 61%] Building CXX object cpp/lib/CMakeFiles/opendnp3.dir/src/master/CommandTaskResult.cpp.o
[ 62%] Building CXX object cpp/lib/CMakeFiles/opendnp3.dir/src/master/DefaultListenCallbacks.cpp.o
[ 62%] Building CXX object cpp/lib/CMakeFiles/opendnp3.dir/src/master/DefaultMasterApplication.cpp.o
[ 62%] Building CXX object cpp/lib/CMakeFiles/opendnp3.dir/src/master/DisableUnsolicitedTask.cpp.o
[ 63%] Building CXX object cpp/lib/CMakeFiles/opendnp3.dir/src/master/EmptyResponseTask.cpp.o
[ 63%] Building CXX object cpp/lib/CMakeFiles/opendnp3.dir/src/master/EnableUnsolicitedTask.cpp.o
[ 63%] Building CXX object cpp/lib/CMakeFiles/opendnp3.dir/src/master/EventScanTask.cpp.o
[ 64%] Building CXX object cpp/lib/CMakeFiles/opendnp3.dir/src/master/HeaderConversions.cpp.o
[ 64%] Building CXX object cpp/lib/CMakeFiles/opendnp3.dir/src/master/HeaderTypes.cpp.o
[ 64%] Building CXX object cpp/lib/CMakeFiles/opendnp3.dir/src/master/IMasterTask.cpp.o
[ 66%] Building CXX object cpp/lib/CMakeFiles/opendnp3.dir/src/master/LANTimeSyncTask.cpp.o
[ 66%] Building CXX object cpp/lib/CMakeFiles/opendnp3.dir/src/master/MasterContext.cpp.o
[ 66%] Building CXX object cpp/lib/CMakeFiles/opendnp3.dir/src/master/MasterScan.cpp.o
[ 67%] Building CXX object cpp/lib/CMakeFiles/opendnp3.dir/src/master/MasterSchedulerBackend.cpp.o
[ 67%] Building CXX object cpp/lib/CMakeFiles/opendnp3.dir/src/master/MasterSessionStack.cpp.o
[ 67%] Building CXX object cpp/lib/CMakeFiles/opendnp3.dir/src/master/MasterStack.cpp.o
[ 68%] Building CXX object cpp/lib/CMakeFiles/opendnp3.dir/src/master/MasterTasks.cpp.o
[ 68%] Building CXX object cpp/lib/CMakeFiles/opendnp3.dir/src/master/MasterTCPServer.cpp.o
[ 68%] Building CXX object cpp/lib/CMakeFiles/opendnp3.dir/src/master/MeasurementHandler.cpp.o
[ 70%] Building CXX object cpp/lib/CMakeFiles/opendnp3.dir/src/master/PollTaskBase.cpp.o
[ 70%] Building CXX object cpp/lib/CMakeFiles/opendnp3.dir/src/master/PrintingCommandResultCallback.cpp.o
[ 70%] Building CXX object cpp/lib/CMakeFiles/opendnp3.dir/src/master/PrintingSOEHandler.cpp.o
[ 71%] Building CXX object cpp/lib/CMakeFiles/opendnp3.dir/src/master/RestartOperationTask.cpp.o
[ 71%] Building CXX object cpp/lib/CMakeFiles/opendnp3.dir/src/master/SerialTimeSyncTask.cpp.o
[ 71%] Building CXX object cpp/lib/CMakeFiles/opendnp3.dir/src/master/StartupIntegrityPoll.cpp.o
[ 71%] Building CXX object cpp/lib/CMakeFiles/opendnp3.dir/src/master/TaskContext.cpp.o
[ 72%] Building CXX object cpp/lib/CMakeFiles/opendnp3.dir/src/master/TaskBehavior.cpp.o
[ 72%] Building CXX object cpp/lib/CMakeFiles/opendnp3.dir/src/master/UserPollTask.cpp.o
[ 74%] Building CXX object cpp/lib/CMakeFiles/opendnp3.dir/src/outstation/ApplicationIIN.cpp.o
[ 74%] Building CXX object cpp/lib/CMakeFiles/opendnp3.dir/src/outstation/AssignClassHandler.cpp.o
[ 74%] Building CXX object cpp/lib/CMakeFiles/opendnp3.dir/src/outstation/CommandActionAdapter.cpp.o
[ 74%] Building CXX object cpp/lib/CMakeFiles/opendnp3.dir/src/outstation/ClassBasedRequestHandler.cpp.o
[ 75%] Building CXX object cpp/lib/CMakeFiles/opendnp3.dir/src/outstation/CommandResponseHandler.cpp.o
[ 75%] Building CXX object cpp/lib/CMakeFiles/opendnp3.dir/src/outstation/Database.cpp.o
[ 75%] Building CXX object cpp/lib/CMakeFiles/opendnp3.dir/src/outstation/DatabaseConfig.cpp.o
[ 76%] Building CXX object cpp/lib/CMakeFiles/opendnp3.dir/src/outstation/DefaultOutstationApplication.cpp.o
[ 76%] Building CXX object cpp/lib/CMakeFiles/opendnp3.dir/src/outstation/DeferredRequest.cpp.o
[ 76%] Building CXX object cpp/lib/CMakeFiles/opendnp3.dir/src/outstation/EventBufferConfig.cpp.o
[ 77%] Building CXX object cpp/lib/CMakeFiles/opendnp3.dir/src/outstation/FreezeRequestHandler.cpp.o
[ 77%] Building CXX object cpp/lib/CMakeFiles/opendnp3.dir/src/outstation/IINHelpers.cpp.o
[ 77%] Building CXX object cpp/lib/CMakeFiles/opendnp3.dir/src/outstation/IOutstationApplication.cpp.o
[ 79%] Building CXX object cpp/lib/CMakeFiles/opendnp3.dir/src/outstation/NumRetries.cpp.o
[ 79%] Building CXX object cpp/lib/CMakeFiles/opendnp3.dir/src/outstation/OctetStringSerializer.cpp.o
[ 79%] Building CXX object cpp/lib/CMakeFiles/opendnp3.dir/src/outstation/OutstationContext.cpp.o
[ 80%] Building CXX object cpp/lib/CMakeFiles/opendnp3.dir/src/outstation/OutstationStack.cpp.o
[ 80%] Building CXX object cpp/lib/CMakeFiles/opendnp3.dir/src/outstation/OutstationStates.cpp.o
[ 80%] Building CXX object cpp/lib/CMakeFiles/opendnp3.dir/src/outstation/ReadHandler.cpp.o
[ 81%] Building CXX object cpp/lib/CMakeFiles/opendnp3.dir/src/outstation/RequestHistory.cpp.o
[ 81%] Building CXX object cpp/lib/CMakeFiles/opendnp3.dir/src/outstation/ResponseContext.cpp.o
[ 81%] Building CXX object cpp/lib/CMakeFiles/opendnp3.dir/src/outstation/SimpleCommandHandler.cpp.o
[ 83%] Building CXX object cpp/lib/CMakeFiles/opendnp3.dir/src/outstation/StaticDataMap.cpp.o
[ 83%] Building CXX object cpp/lib/CMakeFiles/opendnp3.dir/src/outstation/StaticWriters.cpp.o
[ 83%] Building CXX object cpp/lib/CMakeFiles/opendnp3.dir/src/outstation/UpdateBuilder.cpp.o
[ 84%] Building CXX object cpp/lib/CMakeFiles/opendnp3.dir/src/outstation/WriteHandler.cpp.o
[ 84%] Building CXX object cpp/lib/CMakeFiles/opendnp3.dir/src/outstation/event/ASDUEventWriteHandler.cpp.o
[ 85%] Building CXX object cpp/lib/CMakeFiles/opendnp3.dir/src/outstation/event/EventLists.cpp.o
[ 85%] Building CXX object cpp/lib/CMakeFiles/opendnp3.dir/src/outstation/event/EventBuffer.cpp.o
[ 85%] Building CXX object cpp/lib/CMakeFiles/opendnp3.dir/src/outstation/event/EventRecord.cpp.o
[ 85%] Building CXX object cpp/lib/CMakeFiles/opendnp3.dir/src/outstation/event/EventSelection.cpp.o
[ 87%] Building CXX object cpp/lib/CMakeFiles/opendnp3.dir/src/outstation/event/EventStorage.cpp.o
[ 87%] Building CXX object cpp/lib/CMakeFiles/opendnp3.dir/src/outstation/event/EventWriters.cpp.o
[ 87%] Building CXX object cpp/lib/CMakeFiles/opendnp3.dir/src/outstation/event/EventWriting.cpp.o
[ 87%] Building CXX object cpp/lib/CMakeFiles/opendnp3.dir/src/transport/TransportHeader.cpp.o
[ 88%] Building CXX object cpp/lib/CMakeFiles/opendnp3.dir/src/transport/TransportLayer.cpp.o
[ 88%] Building CXX object cpp/lib/CMakeFiles/opendnp3.dir/src/transport/TransportRx.cpp.o
[ 88%] Building CXX object cpp/lib/CMakeFiles/opendnp3.dir/src/transport/TransportStack.cpp.o
[ 89%] Building CXX object cpp/lib/CMakeFiles/opendnp3.dir/src/transport/TransportTx.cpp.o
[ 89%] Building CXX object cpp/lib/CMakeFiles/opendnp3.dir/src/util/TimeDuration.cpp.o
[ 89%] Building CXX object cpp/lib/CMakeFiles/opendnp3.dir/src/util/Timestamp.cpp.o
[ 90%] Linking CXX shared library libopendnp3.so
[ 90%] Built target opendnp3
Scanning dependencies of target dnp3mocks
[ 90%] Building CXX object cpp/tests/dnp3mocks/CMakeFiles/dnp3mocks.dir/src/DataSink.cpp.o
[ 92%] Building CXX object cpp/tests/dnp3mocks/CMakeFiles/dnp3mocks.dir/src/MockLogHandler.cpp.o
[ 92%] Building CXX object cpp/tests/dnp3mocks/CMakeFiles/dnp3mocks.dir/src/MockFrameSink.cpp.o
[ 92%] Building CXX object cpp/tests/dnp3mocks/CMakeFiles/dnp3mocks.dir/src/MockLowerLayer.cpp.o
[ 92%] Building CXX object cpp/tests/dnp3mocks/CMakeFiles/dnp3mocks.dir/src/DatabaseHelpers.cpp.o
[ 93%] Building CXX object cpp/tests/dnp3mocks/CMakeFiles/dnp3mocks.dir/src/MockUpperLayer.cpp.o
[ 93%] Building CXX object cpp/tests/dnp3mocks/CMakeFiles/dnp3mocks.dir/src/MockTransportLayer.cpp.o
[ 93%] Linking CXX shared library libdnp3mocks.so
[ 93%] Built target dnp3mocks
Scanning dependencies of target native_parity
[ 94%] Building CXX object cpp/tests/unit/CMakeFiles/native_parity.dir/utils/CopyableBuffer.cpp.o
[ 94%] Building CXX object cpp/tests/unit/CMakeFiles/native_parity.dir/utils/BufferHelpers.cpp.o
[ 94%] Building CXX object cpp/tests/unit/CMakeFiles/native_parity.dir/utils/APDUHexBuilders.cpp.o
[ 94%] Building CXX object cpp/tests/unit/CMakeFiles/native_parity.dir/utils/APDUHelpers.cpp.o
[ 94%] Building CXX object cpp/tests/unit/CMakeFiles/native_parity.dir/main.cpp.o
[ 94%] Building CXX object cpp/tests/unit/CMakeFiles/native_parity.dir/utils/LinkLayerTest.cpp.o
[ 96%] Building CXX object cpp/tests/unit/CMakeFiles/native_parity.dir/utils/DNPHelpers.cpp.o
[ 96%] Building CXX object cpp/tests/unit/CMakeFiles/native_parity.dir/utils/LinkHex.cpp.o
[ 97%] Building CXX object cpp/tests/unit/CMakeFiles/native_parity.dir/utils/MockTransportSegment.cpp.o
[ 97%] Building CXX object cpp/tests/unit/CMakeFiles/native_parity.dir/utils/ProtocolUtil.cpp.o
[ 97%] Building CXX object cpp/tests/unit/CMakeFiles/native_parity.dir/utils/OutstationTestObject.cpp.o
[ 97%] Building CXX object cpp/tests/unit/CMakeFiles/native_parity.dir/TestNativeParitySemantics.cpp.o
[ 97%] Building CXX object cpp/tests/unit/CMakeFiles/native_parity.dir/utils/MasterTestFixture.cpp.o
[ 97%] Building CXX object cpp/tests/unit/CMakeFiles/native_parity.dir/TestNativeParitySBO.cpp.o
[100%] Building CXX object cpp/tests/unit/CMakeFiles/native_parity.dir/TestNativeParityReadSize.cpp.o
[100%] Building CXX object cpp/tests/unit/CMakeFiles/native_parity.dir/utils/TransportTestObject.cpp.o
[100%] Linking CXX executable native_parity
[100%] Built target native_parity
