START random_pilot_20260926T181259Z_r00_da5_gap1_gap_amp0p5
Subscribe attempt #1
Subscribe response received 0
Binding with p4_name defense4_timing
Binding with p4_name defense4_timing successful!!
Received defense4_timing on GetForwarding on client 0, device 0
Subscribe attempt #1
Subscribe response received 0
Binding with p4_name defense4_timing
Binding with p4_name defense4_timing successful!!
Received defense4_timing on GetForwarding on client 0, device 0
CAPTURED random_pilot_20260926T181259Z_r00_da5_gap1_gap_amp0p5
START random_pilot_20260926T181259Z_r00_da8_gap4_joint_amp2
Subscribe attempt #1
Subscribe response received 0
Binding with p4_name defense4_timing
Binding with p4_name defense4_timing successful!!
Received defense4_timing on GetForwarding on client 0, device 0
Subscribe attempt #1
Subscribe response received 0
Binding with p4_name defense4_timing
Binding with p4_name defense4_timing successful!!
Received defense4_timing on GetForwarding on client 0, device 0
CAPTURED random_pilot_20260926T181259Z_r00_da8_gap4_joint_amp2
START random_pilot_20260926T181259Z_r00_off_ref_00
Subscribe attempt #1
Subscribe response received 0
Binding with p4_name defense4_timing
Binding with p4_name defense4_timing successful!!
Received defense4_timing on GetForwarding on client 0, device 0
Subscribe attempt #1
Subscribe response received 0
Binding with p4_name defense4_timing
Binding with p4_name defense4_timing successful!!
Received defense4_timing on GetForwarding on client 0, device 0
CAPTURED random_pilot_20260926T181259Z_r00_off_ref_00
START random_pilot_20260926T181259Z_r00_da4_gap4_gap_amp2
Subscribe attempt #1
Subscribe response received 0
Binding with p4_name defense4_timing
Binding with p4_name defense4_timing successful!!
Received defense4_timing on GetForwarding on client 0, device 0
Subscribe attempt #1
Subscribe response received 0
Binding with p4_name defense4_timing
Binding with p4_name defense4_timing successful!!
Received defense4_timing on GetForwarding on client 0, device 0
CAPTURED random_pilot_20260926T181259Z_r00_da4_gap4_gap_amp2
START random_pilot_20260926T181259Z_r00_da5_gap8_gap_amp4
Subscribe attempt #1
Subscribe response received 0
Binding with p4_name defense4_timing
Binding with p4_name defense4_timing successful!!
Received defense4_timing on GetForwarding on client 0, device 0
Subscribe attempt #1
Subscribe response received 0
Binding with p4_name defense4_timing
Binding with p4_name defense4_timing successful!!
Received defense4_timing on GetForwarding on client 0, device 0
CAPTURED random_pilot_20260926T181259Z_r00_da5_gap8_gap_amp4
START random_pilot_20260926T181259Z_r00_off_ref_01
Subscribe attempt #1
Subscribe response received 0
Binding with p4_name defense4_timing
Binding with p4_name defense4_timing successful!!
Received defense4_timing on GetForwarding on client 0, device 0
Subscribe attempt #1
Subscribe response received 0
Binding with p4_name defense4_timing
Binding with p4_name defense4_timing successful!!
Received defense4_timing on GetForwarding on client 0, device 0
CAPTURED random_pilot_20260926T181259Z_r00_off_ref_01
START random_pilot_20260926T181259Z_r00_da5_gap1_gap_amp0
Subscribe attempt #1
Subscribe response received 0
Binding with p4_name defense4_timing
Binding with p4_name defense4_timing successful!!
Received defense4_timing on GetForwarding on client 0, device 0
Subscribe attempt #1
Subscribe response received 0
Binding with p4_name defense4_timing
Binding with p4_name defense4_timing successful!!
Received defense4_timing on GetForwarding on client 0, device 0
CAPTURED random_pilot_20260926T181259Z_r00_da5_gap1_gap_amp0
START random_pilot_20260926T181259Z_r00_da5_gap1_joint_amp0p5
Subscribe attempt #1
Subscribe response received 0
Binding with p4_name defense4_timing
Binding with p4_name defense4_timing successful!!
Received defense4_timing on GetForwarding on client 0, device 0
Subscribe attempt #1
Subscribe response received 0
Binding with p4_name defense4_timing
Binding with p4_name defense4_timing successful!!
Received defense4_timing on GetForwarding on client 0, device 0
CAPTURED random_pilot_20260926T181259Z_r00_da5_gap1_joint_amp0p5
START random_pilot_20260926T181259Z_r00_off_ref_02
Subscribe attempt #1
Subscribe response received 0
Binding with p4_name defense4_timing
Binding with p4_name defense4_timing successful!!
Received defense4_timing on GetForwarding on client 0, device 0
Subscribe attempt #1
Subscribe response received 0
Binding with p4_name defense4_timing
Binding with p4_name defense4_timing successful!!
Received defense4_timing on GetForwarding on client 0, device 0
CAPTURED random_pilot_20260926T181259Z_r00_off_ref_02
Subscribe attempt #1
Subscribe response received 0
Binding with p4_name defense4_timing
Binding with p4_name defense4_timing successful!!
Received defense4_timing on GetForwarding on client 0, device 0
Subscribe attempt #1
Subscribe response received 0
Binding with p4_name defense4_timing
Binding with p4_name defense4_timing successful!!
Received defense4_timing on GetForwarding on client 0, device 0
