/home/philip/Projects/DNP3/defense4/timing/case4_architecture/ownership/evidence/owner_cas_01/source/owner_cas_probe.p4(8): [--Wwarn=uninitialized_out_param] warning: out parameter 'md' may be uninitialized when 'IngressParser' terminates
parser IngressParser(packet_in pkt, out header_t hdr, out metadata_t md,
                                                                     ^^
/home/philip/Projects/DNP3/defense4/timing/case4_architecture/ownership/evidence/owner_cas_01/source/owner_cas_probe.p4(8)
parser IngressParser(packet_in pkt, out header_t hdr, out metadata_t md,
       ^^^^^^^^^^^^^
/home/philip/Projects/DNP3/defense4/timing/case4_architecture/ownership/evidence/owner_cas_01/source/probe_shell.p4(4): [--Wwarn=uninitialized_out_param] warning: out parameter 'md' may be uninitialized when 'EmptyEgressParser' terminates
parser EmptyEgressParser(packet_in pkt, out header_t hdr, out metadata_t md,
                                                                         ^^
/home/philip/Projects/DNP3/defense4/timing/case4_architecture/ownership/evidence/owner_cas_01/source/probe_shell.p4(4)
parser EmptyEgressParser(packet_in pkt, out header_t hdr, out metadata_t md,
       ^^^^^^^^^^^^^^^^^
warning: Parser state min_parse_depth_accept_loop will be unrolled up to 4 times due to @pragma max_loop_depth.
warning: Parser state min_parse_depth_accept_loop will be unrolled up to 4 times due to @pragma max_loop_depth.
/home/philip/Projects/DNP3/defense4/timing/case4_architecture/ownership/evidence/owner_cas_01/source/owner_cell.p4(48): error: : condition too complex, limit of 4 bytes + 12 bits of PHV input exceeded
        if (command.operation == 1 && result.observed < 32w65535) {
            ^^^^^^^^^^^^^^^^^^^^^^^^^^^^^^^^^^^^^^^^^^^^^^^^^^^^
/home/philip/Projects/DNP3/defense4/timing/case4_architecture/ownership/evidence/owner_cas_01/source/owner_cell.p4(50): error: : condition too complex, limit of 4 bytes + 12 bits of PHV input exceeded
        } else if (command.operation == 2 && result.observed == command.expected) {
                   ^^^^^^^^^^^^^^^^^^^^^^^^^^^^^^^^^^^^^^^^^^^^^^^^^^^^^^^^^^^^^
Number of errors exceeded set maximum of 1


2 errors, 4 warnings generated.

