Subscribe attempt #1
Subscribe response received 0
Binding with p4_name case4_response_path
Binding with p4_name case4_response_path successful!!
Received case4_response_path on GetForwarding on client 1, device 0
PASS ports_enabled                      expected={}         observed={}
PASS master_SYN                         expected=frame      observed=frame
PASS master_SYN_outcome                 expected={12: 1}    observed={12: 1}
PASS outstation_SYNACK_mss_only_arms    expected=frame      observed=frame
PASS outstation_SYNACK_mss_only_arms_outcome expected={13: 1}    observed={13: 1}
FAIL master_handshake_ACK               expected=frame      observed=mismatch
PASS master_handshake_ACK_outcome       expected={9: 1}     observed={9: 1}
FAIL request_0                          expected=frame      observed=mismatch
PASS request_0_outcome                  expected={9: 1}     observed={9: 1}
FAIL response_0                         expected=frame      observed=mismatch
PASS response_0_outcome                 expected={1: 1}     observed={1: 1}
FAIL spurious_rto_0                     expected=frame      observed=mismatch
PASS spurious_rto_0_outcome             expected={4: 1}     observed={4: 1}
FAIL request_1                          expected=frame      observed=mismatch
PASS request_1_outcome                  expected={9: 1}     observed={9: 1}
FAIL response_1                         expected=frame      observed=mismatch
PASS response_1_outcome                 expected={1: 1}     observed={1: 1}
FAIL spurious_rto_1                     expected=frame      observed=mismatch
PASS spurious_rto_1_outcome             expected={4: 1}     observed={4: 1}
FAIL request_2                          expected=frame      observed=mismatch
PASS request_2_outcome                  expected={9: 1}     observed={9: 1}
FAIL response_2                         expected=frame      observed=mismatch
PASS response_2_outcome                 expected={1: 1}     observed={1: 1}
FAIL spurious_rto_2                     expected=frame      observed=mismatch
PASS spurious_rto_2_outcome             expected={4: 1}     observed={4: 1}
FAIL request_3                          expected=frame      observed=mismatch
PASS request_3_outcome                  expected={9: 1}     observed={9: 1}
PASS response_3                         expected=frame      observed=frame
PASS response_3_outcome                 expected={1: 1}     observed={1: 1}
PASS spurious_rto_3                     expected=frame      observed=frame
PASS spurious_rto_3_outcome             expected={4: 1}     observed={4: 1}
FAIL request_4                          expected=frame      observed=mismatch
PASS request_4_outcome                  expected={9: 1}     observed={9: 1}
PASS response_4                         expected=frame      observed=frame
PASS response_4_outcome                 expected={1: 1}     observed={1: 1}
PASS spurious_rto_4                     expected=frame      observed=frame
PASS spurious_rto_4_outcome             expected={4: 1}     observed={4: 1}
FAIL request_5                          expected=frame      observed=mismatch
PASS request_5_outcome                  expected={9: 1}     observed={9: 1}
FAIL response_5                         expected=frame      observed=mismatch
PASS response_5_outcome                 expected={1: 1}     observed={1: 1}
FAIL spurious_rto_5                     expected=frame      observed=mismatch
PASS spurious_rto_5_outcome             expected={4: 1}     observed={4: 1}
PASS P1_exactly_once_commits            expected=['commit', 'commit', 'commit', 'commit', 'commit', 'commit'] observed=['commit', 'commit', 'commit', 'commit', 'commit', 'commit']
PASS P2_spurious_copies_replay_at_committed_seq expected=[(4294967169, True), (4294967227, True), (4294967285, True), (47, True), (105, True), (163, True)] observed=[(4294967169, True), (4294967227, True), (4294967285, True), (47, True), (105, True), (163, True)]
FAIL ack_all_1                          expected=frame      observed=mismatch
PASS ack_all_1_outcome                  expected={9: 1}     observed={9: 1}
FAIL request_6                          expected=frame      observed=mismatch
PASS request_6_outcome                  expected={9: 1}     observed={9: 1}
FAIL response_6_lost                    expected=frame      observed=mismatch
PASS response_6_lost_outcome            expected={1: 1}     observed={1: 1}
FAIL dup_ack_at_image_start             expected=frame      observed=mismatch
PASS dup_ack_at_image_start_outcome     expected={10: 1}    observed={10: 1}
FAIL rto_after_loss                     expected=frame      observed=mismatch
PASS rto_after_loss_outcome             expected={4: 1}     observed={4: 1}
PASS P2_lost_image_replayed_identically expected=[(221, True, 'replay')] observed=[(221, True, 'replay')]
FAIL ack_after_replay                   expected=frame      observed=mismatch
PASS ack_after_replay_outcome           expected={9: 1}     observed={9: 1}
FAIL request_read_partial_30            expected=frame      observed=mismatch
PASS request_read_partial_30_outcome    expected={9: 1}     observed={9: 1}
FAIL read_partial_30                    expected=frame      observed=mismatch
PASS read_partial_30_outcome            expected={1: 1}     observed={1: 1}
FAIL read_partial_30_ack_zero_window    expected=frame      observed=mismatch
PASS read_partial_30_ack_zero_window_outcome expected={10: 1}    observed={10: 1}
FAIL read_partial_30_ack_window_65535   expected=frame      observed=mismatch
PASS read_partial_30_ack_window_65535_outcome expected={10: 1}    observed={10: 1}
FAIL read_partial_30_rto                expected=frame      observed=mismatch
PASS read_partial_30_rto_outcome        expected={4: 1}     observed={4: 1}
FAIL read_partial_30_final_ack          expected=frame      observed=mismatch
PASS read_partial_30_final_ack_outcome  expected={9: 1}     observed={9: 1}
PASS P3_read_partial_30_not_stranded    expected=['withhold', 'withhold', 'replay', 'translate', True] observed=['withhold', 'withhold', 'replay', 'translate', True]
FAIL request_control_partial_tail_45    expected=frame      observed=mismatch
PASS request_control_partial_tail_45_outcome expected={9: 1}     observed={9: 1}
PASS control_partial_tail_45            expected=frame      observed=frame
PASS control_partial_tail_45_outcome    expected={1: 1}     observed={1: 1}
FAIL control_partial_tail_45_ack_zero_window expected=frame      observed=mismatch
PASS control_partial_tail_45_ack_zero_window_outcome expected={10: 1}    observed={10: 1}
FAIL control_partial_tail_45_ack_window_65535 expected=frame      observed=mismatch
PASS control_partial_tail_45_ack_window_65535_outcome expected={10: 1}    observed={10: 1}
PASS control_partial_tail_45_rto        expected=frame      observed=frame
PASS control_partial_tail_45_rto_outcome expected={4: 1}     observed={4: 1}
FAIL control_partial_tail_45_final_ack  expected=frame      observed=mismatch
PASS control_partial_tail_45_final_ack_outcome expected={9: 1}     observed={9: 1}
PASS P3_control_partial_tail_45_not_stranded expected=['withhold', 'withhold', 'replay', 'translate', True] observed=['withhold', 'withhold', 'replay', 'translate', True]
FAIL request_9                          expected=frame      observed=mismatch
PASS request_9_outcome                  expected={9: 1}     observed={9: 1}
FAIL response_9_commit                  expected=frame      observed=mismatch
PASS response_9_commit_outcome          expected={1: 1}     observed={1: 1}
FAIL response_10_refused                expected=frame      observed=mismatch
PASS response_10_refused_outcome        expected={2: 1}     observed={2: 1}
PASS refused_response_is_native         expected=translate  observed=translate
FAIL ack_both                           expected=frame      observed=mismatch
PASS ack_both_outcome                   expected={9: 1}     observed={9: 1}
FAIL request_11                         expected=frame      observed=mismatch
PASS request_11_outcome                 expected={9: 1}     observed={9: 1}
PASS response_11_commit_lost            expected=frame      observed=frame
PASS response_11_commit_lost_outcome    expected={1: 1}     observed={1: 1}
FAIL response_12_refused_lost           expected=frame      observed=mismatch
PASS response_12_refused_lost_outcome   expected={2: 1}     observed={2: 1}
FAIL dup_ack_before_merge               expected=frame      observed=mismatch
PASS dup_ack_before_merge_outcome       expected={10: 1}    observed={10: 1}
FAIL merged_rto                         expected=frame      observed=mismatch
PASS merged_rto_outcome                 expected={4: 1}     observed={4: 1}
PASS merged_retransmission_replays_image_plus_native_suffix expected=[('replay', True)] observed=[('replay', True)]
FAIL ack_after_merge                    expected=frame      observed=mismatch
PASS ack_after_merge_outcome            expected={9: 1}     observed={9: 1}
FAIL request_13                         expected=frame      observed=mismatch
PASS request_13_outcome                 expected={9: 1}     observed={9: 1}
FAIL response_13_commit_lost            expected=frame      observed=mismatch
PASS response_13_commit_lost_outcome    expected={1: 1}     observed={1: 1}
FAIL dup_ack_before_fin                 expected=frame      observed=mismatch
PASS dup_ack_before_fin_outcome         expected={10: 1}    observed={10: 1}
FAIL fin_whole_frame_rto                expected=frame      observed=mismatch
PASS fin_whole_frame_rto_outcome        expected={4: 1}     observed={4: 1}
PASS fin_whole_frame_retransmission_replays expected=[('replay', True)] observed=[('replay', True)]
FAIL ack_after_fin_copy                 expected=frame      observed=mismatch
PASS ack_after_fin_copy_outcome         expected={9: 1}     observed={9: 1}
FAIL request_14                         expected=frame      observed=mismatch
PASS request_14_outcome                 expected={9: 1}     observed={9: 1}
FAIL crc_invalid_response_native        expected=frame      observed=mismatch
PASS crc_invalid_response_native_outcome expected={2: 1}     observed={2: 1}
PASS crc_invalid_never_committed        expected=('translate', False) observed=('translate', False)
FAIL ack_crc_invalid                    expected=frame      observed=mismatch
PASS ack_crc_invalid_outcome            expected={9: 1}     observed={9: 1}
FAIL request_15                         expected=frame      observed=mismatch
PASS request_15_outcome                 expected={9: 1}     observed={9: 1}
FAIL response_15_commit_lost            expected=frame      observed=mismatch
PASS response_15_commit_lost_outcome    expected={1: 1}     observed={1: 1}
PASS crc_invalid_replay_dropped         expected=dropped    observed=dropped
PASS crc_invalid_replay_dropped_outcome expected={6: 1}     observed={6: 1}
PASS crc_invalid_replay_dropped         expected=drop_overlap observed=drop_overlap
FAIL response_15_rto                    expected=frame      observed=mismatch
PASS response_15_rto_outcome            expected={4: 1}     observed={4: 1}
PASS good_replay_after_corrupt_copy     expected=[(716, True)] observed=[(716, True)]
FAIL ack_after_15                       expected=frame      observed=mismatch
PASS ack_after_15_outcome               expected={9: 1}     observed={9: 1}
PASS tcp_offset6_on_mapped_drop         expected=dropped    observed=dropped
PASS tcp_offset6_on_mapped_drop_outcome expected={8: 1}     observed={8: 1}
PASS unconfigured_flow_eligible_frame_untouched expected=frame      observed=frame
PASS unconfigured_flow_eligible_frame_untouched_outcome expected={0: 1}     observed={0: 1}
FAIL keepalive_zero                     expected=frame      observed=mismatch
PASS keepalive_zero_outcome             expected={3: 1}     observed={3: 1}
PASS overlap_drop                       expected=dropped    observed=dropped
PASS overlap_drop_outcome               expected={6: 1}     observed={6: 1}
PASS ahead_drop                         expected=dropped    observed=dropped
PASS ahead_drop_outcome                 expected={7: 1}     observed={7: 1}
PASS tcp_options_on_mapped_drop         expected=dropped    observed=dropped
PASS tcp_options_on_mapped_drop_outcome expected={8: 1}     observed={8: 1}
PASS stale_ack_drop                     expected=dropped    observed=dropped
PASS stale_ack_drop_outcome             expected={11: 1}    observed={11: 1}
FAIL fin_translated                     expected=frame      observed=mismatch
PASS fin_translated_outcome             expected={2: 1}     observed={2: 1}
PASS registers_match_software_model     expected={'mode': 1, 'front': 610, 'acct.lo': 775, 'acct.hi': 201, 'img_end': 609, 'img_start': 560, 'img_wend': 774} observed={'mode': 1, 'front': 610, 'acct.lo': 775, 'acct.hi': 201, 'img_end': 609, 'img_start': 560, 'img_wend': 774}
PASS SYNACK_with_wscale_stays_native    expected=frame      observed=frame
PASS SYNACK_with_wscale_stays_native_outcome expected={14: 1}    observed={14: 1}
PASS native_mode_eligible_response_untouched expected=frame      observed=frame
PASS native_mode_eligible_response_untouched_outcome expected={12: 1}    observed={12: 1}
PASS native_mode_never_pads             expected=('passthrough', False) observed=('passthrough', False)
SUMMARY {'total': 158, 'passed': 104, 'failed': ['master_handshake_ACK', 'request_0', 'response_0', 'spurious_rto_0', 'request_1', 'response_1', 'spurious_rto_1', 'request_2', 'response_2', 'spurious_rto_2', 'request_3', 'request_4', 'request_5', 'response_5', 'spurious_rto_5', 'ack_all_1', 'request_6', 'response_6_lost', 'dup_ack_at_image_start', 'rto_after_loss', 'ack_after_replay', 'request_read_partial_30', 'read_partial_30', 'read_partial_30_ack_zero_window', 'read_partial_30_ack_window_65535', 'read_partial_30_rto', 'read_partial_30_final_ack', 'request_control_partial_tail_45', 'control_partial_tail_45_ack_zero_window', 'control_partial_tail_45_ack_window_65535', 'control_partial_tail_45_final_ack', 'request_9', 'response_9_commit', 'response_10_refused', 'ack_both', 'request_11', 'response_12_refused_lost', 'dup_ack_before_merge', 'merged_rto', 'ack_after_merge', 'request_13', 'response_13_commit_lost', 'dup_ack_before_fin', 'fin_whole_frame_rto', 'ack_after_fin_copy', 'request_14', 'crc_invalid_response_native', 'ack_crc_invalid', 'request_15', 'response_15_commit_lost', 'response_15_rto', 'ack_after_15', 'keepalive_zero', 'fin_translated']}
driver exit code 1
hugepages free after run: HugePages_Free: 196
