Stage advance for pipe pipe INITIAL not ignoring container conflicts
Stage 0
  exact ixbar groups                  ternary ixbar groups
  A0C0B0D1D0......................  .......... .. ..........
  ................................  .......... .. ..........
  ................................  .......... .. ..........
  ................................  .......... .. ..........
  ................................  .......... .. ..........
  ................................  .......... .. ..........
  ................................
  ................................
     A B5 (tbl_drop_pkt$gw)
     B B6 (tbl_four_queue_dequeue_oracle504$gw)
     C B7 (tbl_drop_pkt_0$gw)
     D H2 (tbl_role_0)
  hash select bits  Groups  hd  /- hash dist bits --- (Groups: -1 -1)
  AAAA ............  A0001  ... ................................................
  .... ............  .0000  ... ................................................
  .... ............  .0000  ... ................................................
  .... ............  .0000  ... ................................................
  .... ............  .0000  ... ................................................
  .... ............  .0000  ... ................................................
  .... ............  .0000  ... ................................................
  .... ............  .0000  ... ................................................
  .... ............         ... ................................................
  .... ............         ... ................................................
  .... ............         ... ................................................
  .... ............         ... ................................................
  .... ............         ... ................................................
  .... ............         ... ................................................
  .... ............         ... ................................................
  .... ............         ... ................................................
     A tbl_role_0
  
  tc  sb  rb  tib ab  st  srams       mapram  ov  gw pay 2p
  ..  ..  ..  HE  ..  ..  ..........  ......  ..  CA  ..  .
  ..  ..  ..  KD  ..  ..  ..........  ......  ..  ..  ..  .
  ..  ..  ..  BF  ..  ..  ..........  ......  ..  ..  ..  .
  ..  ..  ..  ..  ..  ..  ..........  ......  ..  ..  ..  .
  ..  ..  ..  ..  ..  ..  ..........  ......  ..  ..  ..  .
  ..  ..  ..  ..  ..  ..  ..........  ......  ..  ..  ..  .
  ..  ..  ..  ..  ..  ..  ....GG....  GG....  ..  ..  ..  .
  ..  L.  ..  ..  ..  ..  LLLLJJ....  JJ....  ..  I.  ..  .
  ..                                                      
  ..                                                      
  ..                                                      
  ..                                                      
     A tbl_drop_pkt$gw
     B tbl_drop_pkt$tind
     C tbl_drop_pkt_0$gw
     D tbl_drop_pkt_0$tind
     E tbl_drop_pkt_1$tind
     F tbl_four_queue_dequeue_oracle488$tind
     G tbl_four_queue_dequeue_oracle493$stats.Ingress.ctr_oracle
     H tbl_four_queue_dequeue_oracle493$tind
     I tbl_four_queue_dequeue_oracle504$gw
     J tbl_four_queue_dequeue_oracle504$salu.Ingress.reg_total_dequeues
     K tbl_four_queue_dequeue_oracle504$tind
     L tbl_role_0
  
can't place tbl_four_queue_dequeue_oracle514 in stage 0 : dependency on table tbl_four_queue_dequeue_oracle504
Stage 1
  exact ixbar groups                  ternary ixbar groups
  ..A1A2A3........................  .......... .. ..........
  ................................  .......... .. ..........
  ................................  .......... .. ..........
  ................................  .......... .. ..........
  ................................  .......... .. ..........
  ................................  .......... .. ..........
  ................................
  ................................
     A W2 (tbl_four_queue_dequeue_oracle514$gw)
  hash select bits  Groups  hd  /- hash dist bits --- (Groups: -1 -1)
  .... ............  .0000  ... ................................................
  .... ............  .0000  ... ................................................
  .... ............  .0000  ... ................................................
  .... ............  .0000  ... ................................................
  .... ............  .0000  ... ................................................
  .... ............  .0000  ... ................................................
  .... ............  .0000  ... ................................................
  .... ............  .0000  ... ................................................
  .... ............         ... ................................................
  .... ............         ... ................................................
  .... ............         ... ................................................
  .... ............         ... ................................................
  .... ............         ... ................................................
  .... ............         ... ................................................
  .... ............         ... ................................................
  .... ............         ... ................................................
  
  tc  sb  rb  tib ab  st  srams       mapram  ov  gw pay 2p
  ..  ..  ..  B.  ..  ..  ..........  ......  ..  A.  ..  .
  ..  ..  ..  ..  ..  ..  ..........  ......  ..  ..  ..  .
  ..  ..  ..  ..  ..  ..  ..........  ......  ..  ..  ..  .
  ..  ..  ..  ..  ..  ..  ..........  ......  ..  ..  ..  .
  ..  ..  ..  ..  ..  ..  ..........  ......  ..  ..  ..  .
  ..  ..  ..  ..  ..  ..  ..........  ......  ..  ..  ..  .
  ..  ..  ..  ..  ..  ..  ..........  ......  ..  ..  ..  .
  ..  ..  ..  ..  ..  ..  ..........  ......  ..  ..  ..  .
  ..                                                      
  ..                                                      
  ..                                                      
  ..                                                      
     A tbl_four_queue_dequeue_oracle514$gw
     B tbl_four_queue_dequeue_oracle514$tind
  
can't place tbl_four_queue_dequeue_oracle519 in stage 1 : dependency on table tbl_four_queue_dequeue_oracle514
can't place tbl_four_queue_dequeue_oracle520 in stage 1 : dependency on table tbl_four_queue_dequeue_oracle514
can't place tbl_four_queue_dequeue_oracle521 in stage 1 : dependency on table tbl_four_queue_dequeue_oracle514
can't place tbl_four_queue_dequeue_oracle522 in stage 1 : dependency on table tbl_four_queue_dequeue_oracle514
can't place tbl_four_queue_dequeue_oracle531 in stage 1 : dependency on table tbl_four_queue_dequeue_oracle514
can't place tbl_four_queue_dequeue_oracle532 in stage 1 : dependency on table tbl_four_queue_dequeue_oracle514
can't place tbl_four_queue_dequeue_oracle528 in stage 1 : dependency on table tbl_four_queue_dequeue_oracle514
can't place tbl_four_queue_dequeue_oracle529 in stage 1 : dependency on table tbl_four_queue_dequeue_oracle514
Stage 2
  exact ixbar groups                  ternary ixbar groups
  F0F1............E0E1E2E3B0......  .......... .. ..........
  ................C0C1............  .......... .. ..........
  ................A0..............  .......... .. ..........
  ................D0D1............  .......... .. ..........
  ................................  .......... .. ..........
  ................................  .......... .. ..........
  ................................
  ................................
     A B3 (tbl_four_queue_dequeue_oracle520$salu)
     B B8 (tbl_four_queue_dequeue_oracle519$gw, tbl_four_queue_dequeue_oracle520$gw, tbl_four_queue_dequeue_oracle521$gw, tbl_four_queue_dequeue_oracle522$gw, tbl_four_queue_dequeue_oracle529$gw)
     C H3 (tbl_four_queue_dequeue_oracle521$salu)
     D H4 (tbl_four_queue_dequeue_oracle519$salu)
     E W1 (tbl_four_queue_dequeue_oracle522$salu)
     F W2 (tbl_four_queue_dequeue_oracle519$hash_dist0, tbl_four_queue_dequeue_oracle520$hash_dist0, tbl_four_queue_dequeue_oracle521$hash_dist0, tbl_four_queue_dequeue_oracle522$hash_dist0)
  hash select bits  Groups  hd  /- hash dist bits --- (Groups: 0 -1)
  .... ............  C0001  ... CCCCCCCCC.......BBBBBBBBB.......AAAAAAAAA.......
  .... ............  .0000  ... ................................................
  .... ............  .0000  ... ................................................
  .... ............  .0000  ... ................................................
  .... ............  .0000  ... ................................................
  .... ............  .0000  ... ................................................
  .... ............  .0000  ... ................................................
  .... ............  .0000  ... ................................................
  .... ............         ... ................................................
  .... ............         ... ................................................
  .... ............         ... ................................................
  .... ............         ... ................................................
  .... ............         ... ................................................
  .... ............         ... ................................................
  .... ............         ... ................................................
  .... ............         ... ................................................
     A tbl_four_queue_dequeue_oracle520$hash_dist
     B tbl_four_queue_dequeue_oracle521$hash_dist
     C tbl_four_queue_dequeue_oracle522$hash_dist
  
  tc  sb  rb  tib ab  st  srams       mapram  ov  gw pay 2p
  ..  AD  ..  ..  ..  ..  ..........  ......  ..  BE  BE  .
  ..  GJ  ..  ..  ..  ..  ....LL....  LL....  ..  HK  HK  .
  ..  ..  ..  OP  ..  ..  ..........  ......  ..  M.  ..  .
  ..  ..  ..  ..  ..  ..  ....II....  II....  ..  ..  ..  .
  ..  ..  ..  ..  ..  ..  ..........  ......  ..  ..  ..  .
  ..  ..  ..  ..  ..  ..  ....FF....  FF....  ..  ..  ..  .
  ..  ..  ..  ..  ..  ..  ....NN....  NN....  ..  ..  ..  .
  ..  ..  ..  ..  ..  ..  ....CC....  CC....  ..  ..  ..  .
  ..                                                      
  ..                                                      
  ..                                                      
  ..                                                      
     A tbl_four_queue_dequeue_oracle519
     B tbl_four_queue_dequeue_oracle519$gw
     C tbl_four_queue_dequeue_oracle519$salu.Ingress.trace_trial
     D tbl_four_queue_dequeue_oracle520
     E tbl_four_queue_dequeue_oracle520$gw
     F tbl_four_queue_dequeue_oracle520$salu.Ingress.trace_role
     G tbl_four_queue_dequeue_oracle521
     H tbl_four_queue_dequeue_oracle521$gw
     I tbl_four_queue_dequeue_oracle521$salu.Ingress.trace_pktid
     J tbl_four_queue_dequeue_oracle522
     K tbl_four_queue_dequeue_oracle522$gw
     L tbl_four_queue_dequeue_oracle522$salu.Ingress.trace_ts
     M tbl_four_queue_dequeue_oracle529$gw
     N tbl_four_queue_dequeue_oracle529$stats.Ingress.ctr_oracle
     O tbl_four_queue_dequeue_oracle529$tind
     P tbl_four_queue_dequeue_oracle532$tind
  
can't place tbl_four_queue_dequeue_oracle528 in stage 2 : ran out of memories: too many meter alu users
can't place tbl_four_queue_dequeue_oracle531 in stage 2 : ran out of memories: too many meter alu users
Stage 3
  exact ixbar groups                  ternary ixbar groups
  ................................  .......... .. ..........
  ................................  .......... .. ..........
  ................................  .......... .. ..........
  ................................  .......... .. ..........
  ................................  .......... .. ..........
  ................................  .......... .. ..........
  ................................
  ................................
  hash select bits  Groups  hd  /- hash dist bits --- (Groups: -1 -1)
  .... ............  .0000  ... ................................................
  .... ............  .0000  ... ................................................
  .... ............  .0000  ... ................................................
  .... ............  .0000  ... ................................................
  .... ............  .0000  ... ................................................
  .... ............  .0000  ... ................................................
  .... ............  .0000  ... ................................................
  .... ............  .0000  ... ................................................
  .... ............         ... ................................................
  .... ............         ... ................................................
  .... ............         ... ................................................
  .... ............         ... ................................................
  .... ............         ... ................................................
  .... ............         ... ................................................
  .... ............         ... ................................................
  .... ............         ... ................................................
  
  tc  sb  rb  tib ab  st  srams       mapram  ov  gw pay 2p
  ..  ..  ..  DB  ..  ..  ..........  ......  ..  ..  ..  .
  ..  ..  ..  ..  ..  ..  ..........  ......  ..  ..  ..  .
  ..  ..  ..  ..  ..  ..  ..........  ......  ..  ..  ..  .
  ..  ..  ..  ..  ..  ..  ..........  ......  ..  ..  ..  .
  ..  ..  ..  ..  ..  ..  ..........  ......  ..  ..  ..  .
  ..  ..  ..  ..  ..  ..  ....AA....  AA....  ..  ..  ..  .
  ..  ..  ..  ..  ..  ..  ..........  ......  ..  ..  ..  .
  ..  ..  ..  ..  ..  ..  ....CC....  CC....  ..  ..  ..  .
  ..                                                      
  ..                                                      
  ..                                                      
  ..                                                      
     A tbl_four_queue_dequeue_oracle528$salu.Ingress.reg_written
     B tbl_four_queue_dequeue_oracle528$tind
     C tbl_four_queue_dequeue_oracle531$salu.Ingress.reg_overflow
     D tbl_four_queue_dequeue_oracle531$tind
  
Table tbl_four_queue_dequeue_oracle531 delayed to stage 3 from stage 2
  stage 2: dependency (CONTROL_COND_FALSE) on tbl_four_queue_dequeue_oracle529 in stage 2
  - preferred tbl_four_queue_dequeue_oracle519(direct control dependency difference) over 1 of tbl_four_queue_dequeue_oracle531 in stage 2
  - preferred tbl_four_queue_dequeue_oracle520(direct control dependency difference) over 1 of tbl_four_queue_dequeue_oracle531 in stage 2
  - preferred tbl_four_queue_dequeue_oracle521(direct control dependency difference) over 1 of tbl_four_queue_dequeue_oracle531 in stage 2
  - preferred tbl_four_queue_dequeue_oracle522(direct control dependency difference) over 1 of tbl_four_queue_dequeue_oracle531 in stage 2
Table tbl_four_queue_dequeue_oracle528 delayed to stage 3 from stage 2
  stage 2: dependency (CONTROL_COND_TRUE) on tbl_four_queue_dequeue_oracle529 in stage 2
  - preferred tbl_four_queue_dequeue_oracle519(direct control dependency difference) over 1 of tbl_four_queue_dequeue_oracle528 in stage 2
  - preferred tbl_four_queue_dequeue_oracle520(direct control dependency difference) over 1 of tbl_four_queue_dequeue_oracle528 in stage 2
  - preferred tbl_four_queue_dequeue_oracle521(direct control dependency difference) over 1 of tbl_four_queue_dequeue_oracle528 in stage 2
  - preferred tbl_four_queue_dequeue_oracle522(direct control dependency difference) over 1 of tbl_four_queue_dequeue_oracle528 in stage 2
