source/v5_stub_port0.p4(150): [--Wwarn=unused] warning: 'cap' is unused
    action set_params(bit<32> da, bit<32> readiness, bit<32> cap, bit<32> gap, bit<32> op_j,
                                                             ^^^
source/v5_stub_port0.p4(738): [--Wwarn=unused] warning: Table token_verdict is not used; removing
    table token_verdict {
          ^^^^^^^^^^^^^
source/v5_stub_port0.p4(93): [--Wwarn=uninitialized_out_param] warning: out parameter 'md' may be uninitialized when 'IngressParser' terminates
parser IngressParser(packet_in pkt, out header_t hdr, out metadata_t md,
                                                                     ^^
source/v5_stub_port0.p4(93)
parser IngressParser(packet_in pkt, out header_t hdr, out metadata_t md,
       ^^^^^^^^^^^^^
source/probe_shell.p4(4): [--Wwarn=uninitialized_out_param] warning: out parameter 'md' may be uninitialized when 'EmptyEgressParser' terminates
parser EmptyEgressParser(packet_in pkt, out header_t hdr, out metadata_t md,
                                                                         ^^
source/probe_shell.p4(4)
parser EmptyEgressParser(packet_in pkt, out header_t hdr, out metadata_t md,
       ^^^^^^^^^^^^^^^^^
warning: Parser state min_parse_depth_accept_loop will be unrolled up to 4 times due to @pragma max_loop_depth.
warning: Parser state min_parse_depth_accept_loop will be unrolled up to 4 times due to @pragma max_loop_depth.
error: Table placement was not able to allocate tbl_read_gap_delta, tbl_mark_ack_commit_at in the same stage along with Register Ingress.ack_commit_at_reg

error: Table placement was not able to allocate tbl_read_commit_gen, tbl_mark_ack_commit_gen in the same stage along with Register Ingress.ack_commit_gen_reg

Number of errors exceeded set maximum of 1


2 errors, 6 warnings generated.

