/home/philip/Projects/DNP3/defense4/timing/case4_architecture/integration/evidence/selected_10/source/selected.p4(25): [--Wwarn=uninitialized_out_param] warning: out parameter 'm' may be uninitialized when 'IgParser' terminates
parser IgParser(packet_in pkt,out headers_t hdr,out meta_t m,out ingress_intrinsic_metadata_t ig){Checksum() ic;Checksum() tc;
                                                           ^
/home/philip/Projects/DNP3/defense4/timing/case4_architecture/integration/evidence/selected_10/source/selected.p4(25)
parser IgParser(packet_in pkt,out headers_t hdr,out meta_t m,out ingress_intrinsic_metadata_t ig){Checksum() ic;Checksum() tc;
       ^^^^^^^^
/home/philip/Projects/DNP3/defense4/timing/case4_architecture/integration/evidence/selected_10/source/selected.p4(227): [--Wwarn=uninitialized_out_param] warning: out parameter 'm' may be uninitialized when 'EgParser' terminates
parser EgParser(packet_in pkt,out headers_t hdr,out meta_t m,out egress_intrinsic_metadata_t eg){state start{pkt.extract(eg);transition accept;}}
                                                           ^
/home/philip/Projects/DNP3/defense4/timing/case4_architecture/integration/evidence/selected_10/source/selected.p4(227)
parser EgParser(packet_in pkt,out headers_t hdr,out meta_t m,out egress_intrinsic_metadata_t eg){state start{pkt.extract(eg);transition accept;}}
       ^^^^^^^^
warning: checksum.get() will deprecate in future versions. Please use void subtract_all_and_deposit(bit<16>) instead
warning: checksum.get() will deprecate in future versions. Please use void subtract_all_and_deposit(bit<16>) instead
warning: Parser state min_parse_depth_accept_loop will be unrolled up to 4 times due to @pragma max_loop_depth.
warning: checksum.get() will deprecate in future versions. Please use void subtract_all_and_deposit(bit<16>) instead
warning: checksum.get() will deprecate in future versions. Please use void subtract_all_and_deposit(bit<16>) instead
warning: Parser state min_parse_depth_accept_loop will be unrolled up to 4 times due to @pragma max_loop_depth.
/home/philip/Projects/DNP3/defense4/timing/case4_architecture/integration/evidence/selected_10/source/selected.p4(215): error: : condition too complex, limit of 4 bytes + 12 bits of PHV input exceeded
 if(m.stage==8w0&&m.work_op==8w0&&m.work_phase==32w4&&m.context_generation!=32w0){object_match.apply();accepted_t.apply();accepted_difference_t.apply();if(m.response==8w0){operate_qualified_t.apply();}}
    ^^^^^^^^^^^^^^^^^^^^^^^^^^^^^^^^^^^^^^^^^^^^^^^^^^^^^^^^^^^^^^^^^^^^^^^^^^^^

1 error, 8 warnings generated.

Skipping assembler, assembly file is empty
