#pipeline pipe
#stage 0
^----------- ---------------- ------- --------- ------- -------------- -- -- ------- --- ------------ --- - ---- --------- - tbl_defense4_rrc_bor_unified12l2756(0,0) : ingress
A^---------- ---------------- ------- --------- ------- -------------- -- -- ------- --- ------------ --- - ---- --------- - cond-75(0,0) : ingress
-B^--------- ---------------- ------- --------- ------- -------------- -- -- ------- --- ------------ --- - ---- --------- - tbl_defense4_rrc_bor_unified12l2795(0,0) : ingress
--C^-------- ---------------- ------- --------- ------- -------------- -- -- ------- --- ------------ --- - ---- --------- - tbl_defense4_rrc_bor_unified12l2796(0,0) : ingress
---C^------- ---------------- ------- --------- ------- -------------- -- -- ------- --- ------------ --- - ---- --------- - tbl_defense4_rrc_bor_unified12l2797(0,0) : ingress
A----^------ ---------------- ------- --------- ------- -------------- -- -- ------- --- ------------ --- - ---- --------- - tbl_params_0(0,1) : ingress
A-----^----- ---------------- ------- --------- ------- -------------- -- -- ------- --- ------------ --- - ---- --------- - tbl_session_0(0,1) : ingress
A------^---- ---------------- ------- --------- ------- -------------- -- -- ------- --- ------------ --- - ---- --------- - tbl_defense4_rrc_bor_unified12l2762(0,1) : ingress
A---D---^--- ---------------- ------- --------- ------- -------------- -- -- ------- --- ------------ --- - ---- --------- - cond-79(0,1) : ingress
--------C^-- ---------------- ------- --------- ------- -------------- -- -- ------- --- ------------ --- - ---- --------- - tbl_defense4_rrc_bor_unified12l2805(0,1) : ingress
---------C^- ---------------- ------- --------- ------- -------------- -- -- ------- --- ------------ --- - ---- --------- - tbl_defense4_rrc_bor_unified12l2806(0,1) : ingress
B----------^ ---------------- ------- --------- ------- -------------- -- -- ------- --- ------------ --- - ---- --------- - tbl_defense4_rrc_bor_unified12l2753(0,10) : ingress
#stage 1
--EEE---B--- ^--------------- ------- --------- ------- -------------- -- -- ------- --- ------------ --- - ---- --------- - tbl_defense4_rrc_bor_unified12l2801(1,1) : ingress
------------ C^-------------- ------- --------- ------- -------------- -- -- ------- --- ------------ --- - ---- --------- - tbl_defense4_rrc_bor_unified12l2802(1,1) : ingress
------------ -C^------------- ------- --------- ------- -------------- -- -- ------- --- ------------ --- - ---- --------- - tbl_defense4_rrc_bor_unified12l2803(1,1) : ingress
F----------- ---^------------ ------- --------- ------- -------------- -- -- ------- --- ------------ --- - ---- --------- - tbl_build_now_0(1,1) : ingress
A----------- ----^----------- ------- --------- ------- -------------- -- -- ------- --- ------------ --- - ---- --------- - tbl_build_exp_ack_0(0,2) : ingress
A-----D----- -----^---------- ------- --------- ------- -------------- -- -- ------- --- ------------ --- - ---- --------- - cond-86(0,2) : ingress
------------ -----B^--------- ------- --------- ------- -------------- -- -- ------- --- ------------ --- - ---- --------- - tbl_defense4_rrc_bor_unified12l2837(0,2) : ingress
------E----- ------C^-------- ------- --------- ------- -------------- -- -- ------- --- ------------ --- - ---- --------- - tbl_defense4_rrc_bor_unified12l2839(1,2) : ingress
------------ -----C--^------- ------- --------- ------- -------------- -- -- ------- --- ------------ --- - ---- --------- - tbl_defense4_rrc_bor_unified12l2851(0,2) : ingress
------E----- -------C-^------ ------- --------- ------- -------------- -- -- ------- --- ------------ --- - ---- --------- - tbl_defense4_rrc_bor_unified12l2842(1,2) : ingress
------------ --------C-^----- ------- --------- ------- -------------- -- -- ------- --- ------------ --- - ---- --------- - tbl_defense4_rrc_bor_unified12l2857(0,2) : ingress
------E----- ---------C-^---- ------- --------- ------- -------------- -- -- ------- --- ------------ --- - ---- --------- - tbl_defense4_rrc_bor_unified12l2845(1,2) : ingress
------------ ----------C-^--- ------- --------- ------- -------------- -- -- ------- --- ------------ --- - ---- --------- - tbl_defense4_rrc_bor_unified12l2868(0,2) : ingress
A----------- -------------^-- ------- --------- ------- -------------- -- -- ------- --- ------------ --- - ---- --------- - tbl_defense4_rrc_bor_unified12l2812(0,3) : ingress
A-----G----- --------------^- ------- --------- ------- -------------- -- -- ------- --- ------------ --- - ---- --------- - tbl_defense4_rrc_bor_unified12l2902(1,3) : ingress
------H----- --------------C^ ------- --------- ------- -------------- -- -- ------- --- ------------ --- - ---- --------- - tbl_defense4_rrc_bor_unified12l2903(1,3) : ingress
#stage 2
A----I------ ---I------------ ^------ --------- ------- -------------- -- -- ------- --- ------------ --- - ---- --------- - tbl_build_cand_resp_0(2,2) : ingress
A------I-EI- EEI------------- -^----- --------- ------- -------------- -- -- ------- --- ------------ --- - ---- --------- - tbl_defense4_rrc_bor_unified12l2811(2,2) : ingress
A-----J----- ---------------- --^---- --------- ------- -------------- -- -- ------- --- ------------ --- - ---- --------- - tbl_defense4_rrc_bor_unified12l2904(1,3) : ingress
A----I------ ---------------- ---^--- --------- ------- -------------- -- -- ------- --- ------------ --- - ---- --------- - tbl_build_do_shape_0(1,9) : ingress
A----------- ----J--EEEEID--- ----^-- --------- ------- -------------- -- -- ------- --- ------------ --- - ---- --------- - tbl_defense4_rrc_bor_unified12l2906(2,3) : ingress
------------ ----H----------- ----C^- --------- ------- -------------- -- -- ------- --- ------------ --- - ---- --------- - tbl_defense4_rrc_bor_unified12l2908(2,3) : ingress
A----D-D---- -------EEEEID--- ------^ --------- ------- -------------- -- -- ------- --- ------------ --- - ---- --------- - cond-94(2,3) : ingress
#stage 3
-----E------ ------K---K-K--- ------B ^-------- ------- -------------- -- -- ------- --- ------------ --- - ---- --------- - tbl_defense4_rrc_bor_unified12l2881(2,3) : ingress
------------ ------K---K-K--- ------- C^------- ------- -------------- -- -- ------- --- ------------ --- - ---- --------- - tbl_defense4_rrc_bor_unified12l2883(2,3) : ingress
-------E---- -------EEEEE---- ------C --^------ ------- -------------- -- -- ------- --- ------------ --- - ---- --------- - tbl_defense4_rrc_bor_unified12l2886(2,11) : ingress
A----I------ ---I------------ ------- ---^----- ------- -------------- -- -- ------- --- ------------ --- - ---- --------- - tbl_build_cand_0(2,5) : ingress
A--------EI- EEI------------- LJ----- ----^---- ------- -------------- -- -- ------- --- ------------ --- - ---- --------- - tbl_defense4_rrc_bor_unified12l3007(3,3) : ingress
---------EE- EEE------------- KH----- ----C^--- ------- -------------- -- -- ------- --- ------------ --- - ---- --------- - tbl_defense4_rrc_bor_unified12l3008(3,3) : ingress
------------ ---------------- KH----- -----C^-- ------- -------------- -- -- ------- --- ------------ --- - ---- --------- - tbl_defense4_rrc_bor_unified12l3009(3,3) : ingress
A----------- -------------J-- ------- -------^- ------- -------------- -- -- ------- --- ------------ --- - ---- --------- - tbl_bor_codebook_0(1,4) : ingress
A--------EI- EEI------------- ------- ------D-^ ------- -------------- -- -- ------- --- ------------ --- - ---- --------- - cond-112(3,4) : ingress
#stage 4
------------ ---------------- ------- ----EEE-B ^------ -------------- -- -- ------- --- ------------ --- - ---- --------- - tbl_defense4_rrc_bor_unified12l3016(4,4) : ingress
A----------- ------KHHHMJL-HJ --J-HJ- KL------- -^----- -------------- -- -- ------- --- ------------ --- - ---- --------- - tbl_resp_authorise_0(3,4) : ingress
A----------- ---I------------ ------- -------I- --^---- -------------- -- -- ------- --- ------------ --- - ---- --------- - tbl_defense4_rrc_bor_unified12l3013(2,5) : ingress
A--------EI- EEI------------- ------- --------- ---^--- -------------- -- -- ------- --- ------------ --- - ---- --------- - tbl_defense4_rrc_bor_unified12l3010(2,5) : ingress
---------EE- EEE------------- ------- --------- ---C^-- -------------- -- -- ------- --- ------------ --- - ---- --------- - tbl_defense4_rrc_bor_unified12l3011(2,5) : ingress
------------ ---------------- ------- --------- ----C^- -------------- -- -- ------- --- ------------ --- - ---- --------- - tbl_defense4_rrc_bor_unified12l3012(2,5) : ingress
A----------- ---------------- ------- --------- ------^ -------------- -- -- ------- --- ------------ --- - ---- --------- - tbl_defense4_rrc_bor_unified12l2765(0,9) : ingress
#stage 5
A----I------ ------HEEENIJ--- ------- HJ------- -O----- ^------------- -- -- ------- --- ------------ --- - ---- --------- - tbl_defense4_rrc_bor_unified12l2925(4,5) : ingress
------------ ------HEEENEH--- ------- HH------- -M----- C^------------ -- -- ------- --- ------------ --- - ---- --------- - tbl_defense4_rrc_bor_unified12l2929(4,5) : ingress
------------ ------HEEENEH--- ------- HH------- -M----- -C^----------- -- -- ------- --- ------------ --- - ---- --------- - tbl_defense4_rrc_bor_unified12l2935(4,5) : ingress
------------ ------HEEENEH--- ------- HH------- -M----- --C^---------- -- -- ------- --- ------------ --- - ---- --------- - tbl_defense4_rrc_bor_unified12l2951(4,5) : ingress
-----E------ ------H---H-H--- ------- HH------- -M----- ---B^--------- -- -- ------- --- ------------ --- - ---- --------- - tbl_defense4_rrc_bor_unified12l2946(4,5) : ingress
------------ ------H---H-H--- ------- HH------- -M----- ----C^-------- -- -- ------- --- ------------ --- - ---- --------- - tbl_defense4_rrc_bor_unified12l2948(4,5) : ingress
A--------EI- EEI------------- ------- ----HHJ-- I------ ------^------- -- -- ------- --- ------------ --- - ---- --------- - tbl_defense4_rrc_bor_unified12l3017(5,5) : ingress
---------EE- EEE------------- ------- ----HHH-- ------- ------C^------ -- -- ------- --- ------------ --- - ---- --------- - tbl_defense4_rrc_bor_unified12l3018(5,5) : ingress
---------EE- EEE------------- ------- ----HHH-- ------- -------C^----- -- -- ------- --- ------------ --- - ---- --------- - tbl_defense4_rrc_bor_unified12l3019(5,6) : ingress
A--------EI- EEI------------- ------- ------D-- --D--D- --------D^---- -- -- ------- --- ------------ --- - ---- --------- - cond-117(5,6) : ingress
------------ ---------------- ------- --------- ---EEE- ---------B^--- -- -- ------- --- ------------ --- - ---- --------- - tbl_defense4_rrc_bor_unified12l3027(5,6) : ingress
------------ ---------------- ------- --------- ---EEE- ----------C^-- -- -- ------- --- ------------ --- - ---- --------- - tbl_defense4_rrc_bor_unified12l3028(5,6) : ingress
------------ ---------------- ------- --------- ------- -----------C^- -- -- ------- --- ------------ --- - ---- --------- - tbl_defense4_rrc_bor_unified12l3029(5,6) : ingress
------------ ---------------- ------- ----EEE-- --K---- ---------B---^ -- -- ------- --- ------------ --- - ---- --------- - tbl_defense4_rrc_bor_unified12l3024(5,6) : ingress
#stage 6
------------ ---------------- ------- ----EEE-- --K---- -------E-----A ^- -- ------- --- ------------ --- - ---- --------- - tbl_defense4_rrc_bor_unified12l3025(6,6) : ingress
A----------- ---------------- ------- --------- -J----- --H-HJ-------- -^ -- ------- --- ------------ --- - ---- --------- - tbl_txn_active_0(5,6) : ingress
#stage 7
A----------- ------KHHHMJL-HJ I-J-HJ- KL-I----- -P----- QQRQRS-------- -- ^- ------- --- ------------ --- - ---- --------- - tbl_state_decode_0(5,6) : ingress
A----------- ---------------- ------- --------- --T---- ----------EEIE I- -^ ------- --- ------------ --- - ---- --------- - tbl_hold_ok_0(7,7) : ingress
#stage 8
A----------- ---J------------ --L---- --------- -L----- -------------- -L G- ^------ --- ------------ --- - ---- --------- - tbl_defense4_rrc_bor_unified12l2981(6,7) : ingress
------------ ---H------------ ------- --------- ------- -------------- -- H- B^----- --- ------------ --- - ---- --------- - tbl_defense4_rrc_bor_unified12l2979(6,8) : ingress
A----------- ---J------------ ------- --------- ------- -------------- -L G- --^---- --- ------------ --- - ---- --------- - tbl_defense4_rrc_bor_unified12l2972(6,8) : ingress
------------ ---H------------ ------- --------- ------- -------------- -K H- --B^--- --- ------------ --- - ---- --------- - tbl_defense4_rrc_bor_unified12l2970(6,8) : ingress
A--------EI- EEIJ------------ ------- --------- --J---- -------------- -- -J ----^-- --- ------------ --- - ---- --------- - tbl_defense4_rrc_bor_unified12l3033(8,8) : ingress
A----------- ------HEEENIJ--- ------- HJ------- -O----- KKHKHJ-------- -- U- -----^- --- ------------ --- - ---- --------- - tbl_defense4_rrc_bor_unified12l2991(6,9) : ingress
------------ ------HEEENEH--- ------- HH------- -M----- KKHKHH-------- -- V- -----C^ --- ------------ --- - ---- --------- - tbl_defense4_rrc_bor_unified12l2997(6,9) : ingress
#stage 9
A----------- ---------------- --I---- --------- -I----- -------------- -I -- ED----- ^-- ------------ --- - ---- --------- - tbl_tresp_expiry_0(7,8) : ingress
A----------- ---------------- ------- --------- ------- -------------- -I -- --ED--- -^- ------------ --- - ---- --------- - tbl_deadline_expiry_0(7,9) : ingress
A----------- ---------------- ------- --------- ------- -------------- -I -- ---I--- --^ ------------ --- - ---- --------- - tbl_defense4_rrc_bor_unified12l3059(7,9) : ingress
#stage 10
A----------- ---------------- ------- --------- ------- -------------- -- -- ----I-- L-- ^----------- --- - ---- --------- - tbl_topj_expiry_0(9,9) : ingress
A---DD-D-EI- EEI--------DD--- ---D--- ------D-- DD----D -----D------D- -D DD ------D DDD D^---------- --- - ---- --------- - cond-124(9,10) : ingress
------------ ---------------- ------- --------- ------- ----------EEE- -- -- ------- --- -B^--------- --- - ---- --------- - tbl_defense4_rrc_bor_unified12l3067(9,10) : ingress
------------ ---------------- ------- --------- ------- ----------EEE- -- -E ------- --- --C^-------- --- - ---- --------- - tbl_defense4_rrc_bor_unified12l3068(9,10) : ingress
---------EE- EEE------------- ------- --------- ------- -------------- -- -- ------- --- -C--^------- --- - ---- --------- - cond-127(9,10) : ingress
---------EE- EEE------------- ------- --------- ------- -------------- -- -- ------- --- ----C^------ --- - ---- --------- - tbl_defense4_rrc_bor_unified12l3076(9,10) : ingress
---------EE- EEE------------- ------- --------- ------- -------------- -- -- ------- --- -----C^----- --- - ---- --------- - cond-132(9,10) : ingress
-------V---- ---------------- ---H--- --------- ------H -------------- -- H- ------- HH- ------C^---- --- - ---- --------- - tbl_decide_deq_0(9,10) : ingress
--HHHN-W-W-- -------HHHHH---- ---H--- ----XXX-- WN----W HHEHEE-------- -H H- -----HH --H ---C---B^--- --- - ---- --------- - tbl_decide_fresh_0(9,10) : ingress
-----E-W-W-- ---------------- ------- ----RRR-- W-----W -------------- -- -- ------- --- ------B--^-- --- - ---- --------- - tbl_defense4_rrc_bor_unified12l3079(9,10) : ingress
------------ ---------------- ------- --------- ------- -------------- -- -- ------- --- ---------C^- --- - ---- --------- - tbl_defense4_rrc_bor_unified12l3082(9,10) : ingress
------------ ---------------- ------- --------- E------ -------------- -- -- ------- --- ----B------^ --- - ---- --------- - tbl_defense4_rrc_bor_unified12l3071(9,10) : ingress
#stage 11
------------ ---------------- ------- --------- ------- -------------- -- -- ------- E-- E----------C ^-- - ---- --------- - tbl_defense4_rrc_bor_unified12l3072(10,10) : ingress
-------E---- ---------------- ------- --------- ------- -------------- -- -- ------- --- ------------ C^- - ---- --------- - tbl_defense4_rrc_bor_unified12l3073(10,10) : ingress
-------W---- ---------------- ------- --------- ------- -------------- -- -- ------- --- ------------ -C^ - ---- --------- - tbl_defense4_rrc_bor_unified12l3074(10,10) : ingress
#stage 12
-----------J ---------------- ------- --------- ------- -------------- -- -- ------- --- --HH-H-HJHJH HHJ ^ ---- --------- - tbl_commit_0(11,11) : ingress
#stage 0
------------ ---------------- ------- --------- ------- -------------- -- -- ------- --- ------------ --- - ^--- --------- - cond-135(0,10) : egress
------------ ---------------- ------- --------- ------- -------------- -- -- ------- --- ------------ --- - B^-- --------- - tbl_defense4_rrc_bor_unified12l3244(0,10) : egress
------------ ---------------- ------- --------- ------- -------------- -- -- ------- --- ------------ --- - C-^- --------- - cond-137(0,10) : egress
------------ ---------------- ------- --------- ------- -------------- -- -- ------- --- ------------ --- - --B^ --------- - tbl_defense4_rrc_bor_unified12l3255(0,10) : egress
#stage 2
------------ ---------------- ------- --------- ------- -------------- -- -- ------- --- ------------ --- - ---C ^-------- - tbl_defense4_rrc_bor_unified12l3261(0,11) : egress
------------ ---------------- ------- --------- ------- -------------- -- -- ------- --- ------------ --- - --C- -^------- - tbl_defense4_rrc_bor_unified12l3264(0,11) : egress
------------ ---------------- ------- --------- ------- -------------- -- -- ------- --- ------------ --- - -C-- --^------ - tbl_defense4_rrc_bor_unified12l3250(0,11) : egress
------------ ---------------- ------- --------- ------- -------------- -- -- ------- --- ------------ --- - ---E D--^----- - egress_reset_invalidated_checksum_fields_3(1,11) : egress
------------ ---------------- ------- --------- ------- -------------- -- -- ------- --- ------------ --- - ---E D---^---- - egress_reset_invalidated_checksum_fields_2(1,11) : egress
------------ ---------------- ------- --------- ------- -------------- -- -- ------- --- ------------ --- - -E-- --D--^--- - egress_reset_invalidated_checksum_fields_1(1,11) : egress
------------ ---------------- ------- --------- ------- -------------- -- -- ------- --- ------------ --- - -E-- --D---^-- - egress_reset_invalidated_checksum_fields_0(1,11) : egress
------------ ---------------- ------- --------- ------- -------------- -- -- ------- --- ------------ --- - -E-E D-D----^- - tbl_defense4_rrc_bor_unified12l3269(1,11) : egress
------------ ---------------- ------- --------- ------- -------------- -- -- ------- --- ------------ --- - -H-H D-D-----^ - egresshdr.ipv4.hdr_checksum_encode_update_condition_2(1,11) : egress
#stage 3
------------ ---------------- ------- --------- ------- -------------- -- -- ------- --- ------------ --- - -H-H D-D------ ^ egresshdr.tcp.checksum_encode_update_condition_3(1,11) : egress
#dependencies
A :  CONTROL_DEFAULT_NEXT_TABLE
B :  CONTROL_COND_TRUE
C :  CONTROL_COND_FALSE
D :  ANTI_NEXT_TABLE_DATA
E :  ACTION_READ
F :  CONTROL_DEFAULT_NEXT_TABLE ACTION_READ
G :  IXBAR_READ ACTION_READ ANTI_NEXT_TABLE_DATA
H :  IXBAR_READ
I :  ACTION_READ ANTI_NEXT_TABLE_DATA
J :  IXBAR_READ ANTI_NEXT_TABLE_DATA
K :  OUTPUT
L :  OUTPUT ANTI_NEXT_TABLE_DATA
M :  IXBAR_READ OUTPUT
N :  IXBAR_READ ACTION_READ
O :  IXBAR_READ OUTPUT ANTI_NEXT_TABLE_DATA
P :  IXBAR_READ ACTION_READ OUTPUT ANTI_NEXT_TABLE_DATA
Q :  IXBAR_READ ANTI_TABLE_READ ANTI_ACTION_READ
R :  ACTION_READ ANTI_TABLE_READ ANTI_ACTION_READ
S :  ACTION_READ ANTI_TABLE_READ ANTI_ACTION_READ ANTI_NEXT_TABLE_DATA
T :  ACTION_READ OUTPUT ANTI_NEXT_TABLE_DATA
U :  IXBAR_READ ANTI_ACTION_READ ANTI_NEXT_TABLE_DATA
V :  IXBAR_READ ANTI_ACTION_READ
W :  ANTI_ACTION_READ
X :  ANTI_TABLE_READ ANTI_ACTION_READ

*** Table dependency chains (of minimum length 8) ***

1. tbl_defense4_rrc_bor_unified12l2756(0) -> tbl_build_now_0(1) -> tbl_build_cand_resp_0(2) -> tbl_defense4_rrc_bor_unified12l3007(3) -> tbl_defense4_rrc_bor_unified12l3016(4) -> tbl_defense4_rrc_bor_unified12l3017(5) -> tbl_defense4_rrc_bor_unified12l3018(5) -> tbl_defense4_rrc_bor_unified12l3025(6) -> tbl_hold_ok_0(7) -> tbl_defense4_rrc_bor_unified12l3033(8) -> tbl_topj_expiry_0(9) -> tbl_defense4_rrc_bor_unified12l3072(10) -> tbl_commit_0(11) (ingress)

2. tbl_build_now_0(1) -> tbl_build_cand_resp_0(2) -> tbl_defense4_rrc_bor_unified12l3007(3) -> tbl_defense4_rrc_bor_unified12l3016(4) -> tbl_defense4_rrc_bor_unified12l3017(5) -> tbl_defense4_rrc_bor_unified12l3018(5) -> tbl_defense4_rrc_bor_unified12l3025(6) -> tbl_hold_ok_0(7) -> tbl_defense4_rrc_bor_unified12l3033(8) -> tbl_topj_expiry_0(9) -> tbl_defense4_rrc_bor_unified12l3072(10) -> tbl_commit_0(11) (ingress)

3. tbl_build_cand_resp_0(2) -> tbl_defense4_rrc_bor_unified12l3007(3) -> tbl_defense4_rrc_bor_unified12l3016(4) -> tbl_defense4_rrc_bor_unified12l3017(5) -> tbl_defense4_rrc_bor_unified12l3018(5) -> tbl_defense4_rrc_bor_unified12l3025(6) -> tbl_hold_ok_0(7) -> tbl_defense4_rrc_bor_unified12l3033(8) -> tbl_topj_expiry_0(9) -> tbl_defense4_rrc_bor_unified12l3072(10) -> tbl_commit_0(11) (ingress)

4. tbl_defense4_rrc_bor_unified12l2756(0) -> cond-75(0) -> tbl_defense4_rrc_bor_unified12l2795(0) -> tbl_defense4_rrc_bor_unified12l2801(1) -> tbl_defense4_rrc_bor_unified12l2811(2) -> tbl_defense4_rrc_bor_unified12l3007(3) -> tbl_defense4_rrc_bor_unified12l3016(4) -> tbl_defense4_rrc_bor_unified12l3017(5) -> tbl_defense4_rrc_bor_unified12l3018(5) -> tbl_defense4_rrc_bor_unified12l3025(6) -> tbl_hold_ok_0(7) -> tbl_defense4_rrc_bor_unified12l3033(8) -> tbl_topj_expiry_0(9) -> tbl_defense4_rrc_bor_unified12l3072(10) -> tbl_commit_0(11) (ingress)

5. cond-75(0) -> tbl_defense4_rrc_bor_unified12l2795(0) -> tbl_defense4_rrc_bor_unified12l2801(1) -> tbl_defense4_rrc_bor_unified12l2811(2) -> tbl_defense4_rrc_bor_unified12l3007(3) -> tbl_defense4_rrc_bor_unified12l3016(4) -> tbl_defense4_rrc_bor_unified12l3017(5) -> tbl_defense4_rrc_bor_unified12l3018(5) -> tbl_defense4_rrc_bor_unified12l3025(6) -> tbl_hold_ok_0(7) -> tbl_defense4_rrc_bor_unified12l3033(8) -> tbl_topj_expiry_0(9) -> tbl_defense4_rrc_bor_unified12l3072(10) -> tbl_commit_0(11) (ingress)

6. tbl_defense4_rrc_bor_unified12l2795(0) -> tbl_defense4_rrc_bor_unified12l2801(1) -> tbl_defense4_rrc_bor_unified12l2811(2) -> tbl_defense4_rrc_bor_unified12l3007(3) -> tbl_defense4_rrc_bor_unified12l3016(4) -> tbl_defense4_rrc_bor_unified12l3017(5) -> tbl_defense4_rrc_bor_unified12l3018(5) -> tbl_defense4_rrc_bor_unified12l3025(6) -> tbl_hold_ok_0(7) -> tbl_defense4_rrc_bor_unified12l3033(8) -> tbl_topj_expiry_0(9) -> tbl_defense4_rrc_bor_unified12l3072(10) -> tbl_commit_0(11) (ingress)

7. tbl_defense4_rrc_bor_unified12l2795(0) -> tbl_defense4_rrc_bor_unified12l2796(0) -> tbl_defense4_rrc_bor_unified12l2801(1) -> tbl_defense4_rrc_bor_unified12l2811(2) -> tbl_defense4_rrc_bor_unified12l3007(3) -> tbl_defense4_rrc_bor_unified12l3016(4) -> tbl_defense4_rrc_bor_unified12l3017(5) -> tbl_defense4_rrc_bor_unified12l3018(5) -> tbl_defense4_rrc_bor_unified12l3025(6) -> tbl_hold_ok_0(7) -> tbl_defense4_rrc_bor_unified12l3033(8) -> tbl_topj_expiry_0(9) -> tbl_defense4_rrc_bor_unified12l3072(10) -> tbl_commit_0(11) (ingress)

8. tbl_defense4_rrc_bor_unified12l2796(0) -> tbl_defense4_rrc_bor_unified12l2801(1) -> tbl_defense4_rrc_bor_unified12l2811(2) -> tbl_defense4_rrc_bor_unified12l3007(3) -> tbl_defense4_rrc_bor_unified12l3016(4) -> tbl_defense4_rrc_bor_unified12l3017(5) -> tbl_defense4_rrc_bor_unified12l3018(5) -> tbl_defense4_rrc_bor_unified12l3025(6) -> tbl_hold_ok_0(7) -> tbl_defense4_rrc_bor_unified12l3033(8) -> tbl_topj_expiry_0(9) -> tbl_defense4_rrc_bor_unified12l3072(10) -> tbl_commit_0(11) (ingress)

9. tbl_defense4_rrc_bor_unified12l2796(0) -> tbl_defense4_rrc_bor_unified12l2797(0) -> tbl_defense4_rrc_bor_unified12l2801(1) -> tbl_defense4_rrc_bor_unified12l2811(2) -> tbl_defense4_rrc_bor_unified12l3007(3) -> tbl_defense4_rrc_bor_unified12l3016(4) -> tbl_defense4_rrc_bor_unified12l3017(5) -> tbl_defense4_rrc_bor_unified12l3018(5) -> tbl_defense4_rrc_bor_unified12l3025(6) -> tbl_hold_ok_0(7) -> tbl_defense4_rrc_bor_unified12l3033(8) -> tbl_topj_expiry_0(9) -> tbl_defense4_rrc_bor_unified12l3072(10) -> tbl_commit_0(11) (ingress)

10. tbl_defense4_rrc_bor_unified12l2797(0) -> tbl_defense4_rrc_bor_unified12l2801(1) -> tbl_defense4_rrc_bor_unified12l2811(2) -> tbl_defense4_rrc_bor_unified12l3007(3) -> tbl_defense4_rrc_bor_unified12l3016(4) -> tbl_defense4_rrc_bor_unified12l3017(5) -> tbl_defense4_rrc_bor_unified12l3018(5) -> tbl_defense4_rrc_bor_unified12l3025(6) -> tbl_hold_ok_0(7) -> tbl_defense4_rrc_bor_unified12l3033(8) -> tbl_topj_expiry_0(9) -> tbl_defense4_rrc_bor_unified12l3072(10) -> tbl_commit_0(11) (ingress)

11. tbl_defense4_rrc_bor_unified12l2801(1) -> tbl_defense4_rrc_bor_unified12l2811(2) -> tbl_defense4_rrc_bor_unified12l3007(3) -> tbl_defense4_rrc_bor_unified12l3016(4) -> tbl_defense4_rrc_bor_unified12l3017(5) -> tbl_defense4_rrc_bor_unified12l3018(5) -> tbl_defense4_rrc_bor_unified12l3025(6) -> tbl_hold_ok_0(7) -> tbl_defense4_rrc_bor_unified12l3033(8) -> tbl_topj_expiry_0(9) -> tbl_defense4_rrc_bor_unified12l3072(10) -> tbl_commit_0(11) (ingress)

12. tbl_defense4_rrc_bor_unified12l2801(1) -> tbl_defense4_rrc_bor_unified12l2802(1) -> tbl_defense4_rrc_bor_unified12l2811(2) -> tbl_defense4_rrc_bor_unified12l3007(3) -> tbl_defense4_rrc_bor_unified12l3016(4) -> tbl_defense4_rrc_bor_unified12l3017(5) -> tbl_defense4_rrc_bor_unified12l3018(5) -> tbl_defense4_rrc_bor_unified12l3025(6) -> tbl_hold_ok_0(7) -> tbl_defense4_rrc_bor_unified12l3033(8) -> tbl_topj_expiry_0(9) -> tbl_defense4_rrc_bor_unified12l3072(10) -> tbl_commit_0(11) (ingress)

13. tbl_defense4_rrc_bor_unified12l2802(1) -> tbl_defense4_rrc_bor_unified12l2811(2) -> tbl_defense4_rrc_bor_unified12l3007(3) -> tbl_defense4_rrc_bor_unified12l3016(4) -> tbl_defense4_rrc_bor_unified12l3017(5) -> tbl_defense4_rrc_bor_unified12l3018(5) -> tbl_defense4_rrc_bor_unified12l3025(6) -> tbl_hold_ok_0(7) -> tbl_defense4_rrc_bor_unified12l3033(8) -> tbl_topj_expiry_0(9) -> tbl_defense4_rrc_bor_unified12l3072(10) -> tbl_commit_0(11) (ingress)

14. tbl_defense4_rrc_bor_unified12l2802(1) -> tbl_defense4_rrc_bor_unified12l2803(1) -> tbl_defense4_rrc_bor_unified12l2811(2) -> tbl_defense4_rrc_bor_unified12l3007(3) -> tbl_defense4_rrc_bor_unified12l3016(4) -> tbl_defense4_rrc_bor_unified12l3017(5) -> tbl_defense4_rrc_bor_unified12l3018(5) -> tbl_defense4_rrc_bor_unified12l3025(6) -> tbl_hold_ok_0(7) -> tbl_defense4_rrc_bor_unified12l3033(8) -> tbl_topj_expiry_0(9) -> tbl_defense4_rrc_bor_unified12l3072(10) -> tbl_commit_0(11) (ingress)

15. tbl_defense4_rrc_bor_unified12l2803(1) -> tbl_defense4_rrc_bor_unified12l2811(2) -> tbl_defense4_rrc_bor_unified12l3007(3) -> tbl_defense4_rrc_bor_unified12l3016(4) -> tbl_defense4_rrc_bor_unified12l3017(5) -> tbl_defense4_rrc_bor_unified12l3018(5) -> tbl_defense4_rrc_bor_unified12l3025(6) -> tbl_hold_ok_0(7) -> tbl_defense4_rrc_bor_unified12l3033(8) -> tbl_topj_expiry_0(9) -> tbl_defense4_rrc_bor_unified12l3072(10) -> tbl_commit_0(11) (ingress)

16. tbl_defense4_rrc_bor_unified12l2811(2) -> tbl_defense4_rrc_bor_unified12l3007(3) -> tbl_defense4_rrc_bor_unified12l3016(4) -> tbl_defense4_rrc_bor_unified12l3017(5) -> tbl_defense4_rrc_bor_unified12l3018(5) -> tbl_defense4_rrc_bor_unified12l3025(6) -> tbl_hold_ok_0(7) -> tbl_defense4_rrc_bor_unified12l3033(8) -> tbl_topj_expiry_0(9) -> tbl_defense4_rrc_bor_unified12l3072(10) -> tbl_commit_0(11) (ingress)

17. tbl_build_cand_resp_0(2) -> tbl_defense4_rrc_bor_unified12l3008(3) -> tbl_defense4_rrc_bor_unified12l3016(4) -> tbl_defense4_rrc_bor_unified12l3017(5) -> tbl_defense4_rrc_bor_unified12l3018(5) -> tbl_defense4_rrc_bor_unified12l3025(6) -> tbl_hold_ok_0(7) -> tbl_defense4_rrc_bor_unified12l3033(8) -> tbl_topj_expiry_0(9) -> tbl_defense4_rrc_bor_unified12l3072(10) -> tbl_commit_0(11) (ingress)

18. tbl_defense4_rrc_bor_unified12l2811(2) -> tbl_defense4_rrc_bor_unified12l3008(3) -> tbl_defense4_rrc_bor_unified12l3016(4) -> tbl_defense4_rrc_bor_unified12l3017(5) -> tbl_defense4_rrc_bor_unified12l3018(5) -> tbl_defense4_rrc_bor_unified12l3025(6) -> tbl_hold_ok_0(7) -> tbl_defense4_rrc_bor_unified12l3033(8) -> tbl_topj_expiry_0(9) -> tbl_defense4_rrc_bor_unified12l3072(10) -> tbl_commit_0(11) (ingress)

19. tbl_build_cand_resp_0(2) -> tbl_defense4_rrc_bor_unified12l3009(3) -> tbl_defense4_rrc_bor_unified12l3016(4) -> tbl_defense4_rrc_bor_unified12l3017(5) -> tbl_defense4_rrc_bor_unified12l3018(5) -> tbl_defense4_rrc_bor_unified12l3025(6) -> tbl_hold_ok_0(7) -> tbl_defense4_rrc_bor_unified12l3033(8) -> tbl_topj_expiry_0(9) -> tbl_defense4_rrc_bor_unified12l3072(10) -> tbl_commit_0(11) (ingress)

20. tbl_defense4_rrc_bor_unified12l2811(2) -> tbl_defense4_rrc_bor_unified12l3009(3) -> tbl_defense4_rrc_bor_unified12l3016(4) -> tbl_defense4_rrc_bor_unified12l3017(5) -> tbl_defense4_rrc_bor_unified12l3018(5) -> tbl_defense4_rrc_bor_unified12l3025(6) -> tbl_hold_ok_0(7) -> tbl_defense4_rrc_bor_unified12l3033(8) -> tbl_topj_expiry_0(9) -> tbl_defense4_rrc_bor_unified12l3072(10) -> tbl_commit_0(11) (ingress)
#pipeline pipe
#stage 0
^----------- ---------------- ---------------- ------ ------- ---------- ------- ---- - ------------ --- - ---- ---------- tbl_defense4_rrc_bor_unified12l2756(0,0) : ingress
A^---------- ---------------- ---------------- ------ ------- ---------- ------- ---- - ------------ --- - ---- ---------- cond-75(0,0) : ingress
-B^--------- ---------------- ---------------- ------ ------- ---------- ------- ---- - ------------ --- - ---- ---------- tbl_defense4_rrc_bor_unified12l2795(0,0) : ingress
--C^-------- ---------------- ---------------- ------ ------- ---------- ------- ---- - ------------ --- - ---- ---------- tbl_defense4_rrc_bor_unified12l2796(0,0) : ingress
---C^------- ---------------- ---------------- ------ ------- ---------- ------- ---- - ------------ --- - ---- ---------- tbl_defense4_rrc_bor_unified12l2797(0,0) : ingress
A----^------ ---------------- ---------------- ------ ------- ---------- ------- ---- - ------------ --- - ---- ---------- tbl_params_0(0,1) : ingress
A-----^----- ---------------- ---------------- ------ ------- ---------- ------- ---- - ------------ --- - ---- ---------- tbl_session_0(0,1) : ingress
A------^---- ---------------- ---------------- ------ ------- ---------- ------- ---- - ------------ --- - ---- ---------- tbl_defense4_rrc_bor_unified12l2762(0,1) : ingress
A---D---^--- ---------------- ---------------- ------ ------- ---------- ------- ---- - ------------ --- - ---- ---------- cond-79(0,1) : ingress
--------C^-- ---------------- ---------------- ------ ------- ---------- ------- ---- - ------------ --- - ---- ---------- tbl_defense4_rrc_bor_unified12l2805(0,1) : ingress
---------C^- ---------------- ---------------- ------ ------- ---------- ------- ---- - ------------ --- - ---- ---------- tbl_defense4_rrc_bor_unified12l2806(0,1) : ingress
B----------^ ---------------- ---------------- ------ ------- ---------- ------- ---- - ------------ --- - ---- ---------- tbl_defense4_rrc_bor_unified12l2753(0,10) : ingress
#stage 1
--EEE---B--- ^--------------- ---------------- ------ ------- ---------- ------- ---- - ------------ --- - ---- ---------- tbl_defense4_rrc_bor_unified12l2801(1,1) : ingress
------------ C^-------------- ---------------- ------ ------- ---------- ------- ---- - ------------ --- - ---- ---------- tbl_defense4_rrc_bor_unified12l2802(1,1) : ingress
------------ -C^------------- ---------------- ------ ------- ---------- ------- ---- - ------------ --- - ---- ---------- tbl_defense4_rrc_bor_unified12l2803(1,1) : ingress
F----------- ---^------------ ---------------- ------ ------- ---------- ------- ---- - ------------ --- - ---- ---------- tbl_build_now_0(1,1) : ingress
A----------- ----^----------- ---------------- ------ ------- ---------- ------- ---- - ------------ --- - ---- ---------- tbl_build_exp_ack_0(0,2) : ingress
A-----D----- -----^---------- ---------------- ------ ------- ---------- ------- ---- - ------------ --- - ---- ---------- cond-86(0,2) : ingress
------------ -----B^--------- ---------------- ------ ------- ---------- ------- ---- - ------------ --- - ---- ---------- tbl_defense4_rrc_bor_unified12l2837(0,2) : ingress
------E----- ------C^-------- ---------------- ------ ------- ---------- ------- ---- - ------------ --- - ---- ---------- tbl_defense4_rrc_bor_unified12l2839(1,2) : ingress
------------ -----C--^------- ---------------- ------ ------- ---------- ------- ---- - ------------ --- - ---- ---------- tbl_defense4_rrc_bor_unified12l2851(0,2) : ingress
------E----- -------C-^------ ---------------- ------ ------- ---------- ------- ---- - ------------ --- - ---- ---------- tbl_defense4_rrc_bor_unified12l2842(1,2) : ingress
------------ --------C-^----- ---------------- ------ ------- ---------- ------- ---- - ------------ --- - ---- ---------- tbl_defense4_rrc_bor_unified12l2857(0,2) : ingress
------E----- ---------C-^---- ---------------- ------ ------- ---------- ------- ---- - ------------ --- - ---- ---------- tbl_defense4_rrc_bor_unified12l2845(1,2) : ingress
------------ ----------C-^--- ---------------- ------ ------- ---------- ------- ---- - ------------ --- - ---- ---------- tbl_defense4_rrc_bor_unified12l2868(0,2) : ingress
A-----G----- -------------^-- ---------------- ------ ------- ---------- ------- ---- - ------------ --- - ---- ---------- tbl_defense4_rrc_bor_unified12l2904(1,3) : ingress
A----------- --------------^- ---------------- ------ ------- ---------- ------- ---- - ------------ --- - ---- ---------- tbl_defense4_rrc_bor_unified12l2812(0,3) : ingress
A-----H----- ---------------^ ---------------- ------ ------- ---------- ------- ---- - ------------ --- - ---- ---------- tbl_defense4_rrc_bor_unified12l2902(1,3) : ingress
#stage 2
------I----- ---------------C ^--------------- ------ ------- ---------- ------- ---- - ------------ --- - ---- ---------- tbl_defense4_rrc_bor_unified12l2903(1,3) : ingress
A----J------ ---J------------ -^-------------- ------ ------- ---------- ------- ---- - ------------ --- - ---- ---------- tbl_build_cand_resp_0(2,2) : ingress
A------J-EJ- EEJ------------- --^------------- ------ ------- ---------- ------- ---- - ------------ --- - ---- ---------- tbl_defense4_rrc_bor_unified12l2811(2,2) : ingress
A----------- ----G--EEEEJD--- ---^------------ ------ ------- ---------- ------- ---- - ------------ --- - ---- ---------- tbl_defense4_rrc_bor_unified12l2906(2,3) : ingress
------------ ----I----------- ---C^----------- ------ ------- ---------- ------- ---- - ------------ --- - ---- ---------- tbl_defense4_rrc_bor_unified12l2908(2,3) : ingress
A----D-D---- -------EEEEJD--- -----^---------- ------ ------- ---------- ------- ---- - ------------ --- - ---- ---------- cond-94(2,3) : ingress
-----E------ ------K---K-K--- -----B^--------- ------ ------- ---------- ------- ---- - ------------ --- - ---- ---------- tbl_defense4_rrc_bor_unified12l2881(2,3) : ingress
------------ ------K---K-K--- ------C^-------- ------ ------- ---------- ------- ---- - ------------ --- - ---- ---------- tbl_defense4_rrc_bor_unified12l2883(2,3) : ingress
-------E---- -------EEEEE---- -----C--^------- ------ ------- ---------- ------- ---- - ------------ --- - ---- ---------- tbl_defense4_rrc_bor_unified12l2886(2,11) : ingress
A----------- --------------G- ---------^------ ------ ------- ---------- ------- ---- - ------------ --- - ---- ---------- tbl_bor_codebook_0(1,4) : ingress
A----J------ ---J------------ ----------^----- ------ ------- ---------- ------- ---- - ------------ --- - ---- ---------- tbl_build_cand_0(2,5) : ingress
A----J------ ---------------- -----------^---- ------ ------- ---------- ------- ---- - ------------ --- - ---- ---------- tbl_build_do_shape_0(1,9) : ingress
A--------EJ- EEJ------------- ------------^--- ------ ------- ---------- ------- ---- - ------------ --- - ---- ---------- tbl_defense4_rrc_bor_unified12l3010(2,5) : ingress
---------EE- EEE------------- ------------C^-- ------ ------- ---------- ------- ---- - ------------ --- - ---- ---------- tbl_defense4_rrc_bor_unified12l3011(2,5) : ingress
------------ ---------------- -------------C^- ------ ------- ---------- ------- ---- - ------------ --- - ---- ---------- tbl_defense4_rrc_bor_unified12l3012(2,5) : ingress
A----------- ---------------- ---------------^ ------ ------- ---------- ------- ---- - ------------ --- - ---- ---------- tbl_defense4_rrc_bor_unified12l2765(0,9) : ingress
#stage 3
A----------- ---J------------ ---------J------ ^----- ------- ---------- ------- ---- - ------------ --- - ---- ---------- tbl_defense4_rrc_bor_unified12l3013(2,5) : ingress
A--------EJ- EEJ------------- -LG------------- -^---- ------- ---------- ------- ---- - ------------ --- - ---- ---------- tbl_defense4_rrc_bor_unified12l3007(3,3) : ingress
---------EE- EEE------------- -KI------------- -C^--- ------- ---------- ------- ---- - ------------ --- - ---- ---------- tbl_defense4_rrc_bor_unified12l3008(3,3) : ingress
------------ ---------------- -KI------------- --C^-- ------- ---------- ------- ---- - ------------ --- - ---- ---------- tbl_defense4_rrc_bor_unified12l3009(3,3) : ingress
A----------- ------KIIIMGLG-I G--IG-KL-------- ----^- ------- ---------- ------- ---- - ------------ --- - ---- ---------- tbl_resp_authorise_0(3,4) : ingress
A--------EJ- EEJ------------- ---------------- ---D-^ ------- ---------- ------- ---- - ------------ --- - ---- ---------- cond-112(3,4) : ingress
#stage 4
------------ ---------------- ---------------- -EEE-B ^------ ---------- ------- ---- - ------------ --- - ---- ---------- tbl_defense4_rrc_bor_unified12l3016(4,4) : ingress
A----J------ ------IEEENJG--- ------IG-------- ----O- -^----- ---------- ------- ---- - ------------ --- - ---- ---------- tbl_defense4_rrc_bor_unified12l2925(4,5) : ingress
------------ ------IEEENEI--- ------II-------- ----M- -C^---- ---------- ------- ---- - ------------ --- - ---- ---------- tbl_defense4_rrc_bor_unified12l2929(4,5) : ingress
------------ ------IEEENEI--- ------II-------- ----M- --C^--- ---------- ------- ---- - ------------ --- - ---- ---------- tbl_defense4_rrc_bor_unified12l2935(4,5) : ingress
------------ ------IEEENEI--- ------II-------- ----M- ---C^-- ---------- ------- ---- - ------------ --- - ---- ---------- tbl_defense4_rrc_bor_unified12l2951(4,5) : ingress
-----E------ ------I---I-I--- ------II-------- ----M- ----B^- ---------- ------- ---- - ------------ --- - ---- ---------- tbl_defense4_rrc_bor_unified12l2946(4,5) : ingress
------------ ------I---I-I--- ------II-------- ----M- -----C^ ---------- ------- ---- - ------------ --- - ---- ---------- tbl_defense4_rrc_bor_unified12l2948(4,5) : ingress
#stage 5
A--------EJ- EEJ------------- ---------------- -IIG-- J------ ^--------- ------- ---- - ------------ --- - ---- ---------- tbl_defense4_rrc_bor_unified12l3017(5,5) : ingress
---------EE- EEE------------- ---------------- -III-- ------- C^-------- ------- ---- - ------------ --- - ---- ---------- tbl_defense4_rrc_bor_unified12l3018(5,5) : ingress
---------EE- EEE------------- ---------------- -III-- ------- -C^------- ------- ---- - ------------ --- - ---- ---------- tbl_defense4_rrc_bor_unified12l3019(5,6) : ingress
A----------- ------KIIIMGLG-I GJ-IG-KL--J----- ----P- -QQRQRS ---^------ ------- ---- - ------------ --- - ---- ---------- tbl_state_decode_0(5,6) : ingress
A----------- ---------------- ---------------- ----G- ---I-IG ----^----- ------- ---- - ------------ --- - ---- ---------- tbl_txn_active_0(5,6) : ingress
A--------EJ- EEJ------------- --------------D- D--D-- ------- --D--^---- ------- ---- - ------------ --- - ---- ---------- cond-117(5,6) : ingress
------------ ---------------- ------------EEE- ------ ------- -----B^--- ------- ---- - ------------ --- - ---- ---------- tbl_defense4_rrc_bor_unified12l3027(5,6) : ingress
------------ ---------------- ------------EEE- ------ ------- ------C^-- ------- ---- - ------------ --- - ---- ---------- tbl_defense4_rrc_bor_unified12l3028(5,6) : ingress
------------ ---------------- ---------------- ------ ------- -------C^- ------- ---- - ------------ --- - ---- ---------- tbl_defense4_rrc_bor_unified12l3029(5,6) : ingress
------------ ---------------- ---------------- KEEE-- ------- -----B---^ ------- ---- - ------------ --- - ---- ---------- tbl_defense4_rrc_bor_unified12l3024(5,6) : ingress
#stage 6
------------ ---------------- ---------------- KEEE-- ------- -E-------A ^------ ---- - ------------ --- - ---- ---------- tbl_defense4_rrc_bor_unified12l3025(6,6) : ingress
A----------- ---G---------L-- ---------------- ----L- ------- ---HL----- -^----- ---- - ------------ --- - ---- ---------- tbl_defense4_rrc_bor_unified12l2981(6,7) : ingress
------------ ---I------------ ---------------- ------ ------- ---I------ -B^---- ---- - ------------ --- - ---- ---------- tbl_defense4_rrc_bor_unified12l2979(6,8) : ingress
A----------- ---G------------ ---------------- ------ ------- ---HL----- ---^--- ---- - ------------ --- - ---- ---------- tbl_defense4_rrc_bor_unified12l2972(6,8) : ingress
------------ ---I------------ ---------------- ------ ------- ---IK----- ---B^-- ---- - ------------ --- - ---- ---------- tbl_defense4_rrc_bor_unified12l2970(6,8) : ingress
A----------- ------IEEENJG--- ------IG-------- ----O- -KKIKIG ---T------ -----^- ---- - ------------ --- - ---- ---------- tbl_defense4_rrc_bor_unified12l2991(6,9) : ingress
------------ ------IEEENEI--- ------II-------- ----M- -KKIKII ---U------ -----C^ ---- - ------------ --- - ---- ---------- tbl_defense4_rrc_bor_unified12l2997(6,9) : ingress
#stage 7
A----------- ---------------- ---------------- V----- ------- ------EEJE J------ ^--- - ------------ --- - ---- ---------- tbl_hold_ok_0(7,7) : ingress
A----------- -------------J-- ---------------- ----J- ------- ----J----- -ED---- -^-- - ------------ --- - ---- ---------- tbl_tresp_expiry_0(7,8) : ingress
A----------- ---------------- ---------------- ------ ------- ----J----- ---ED-- --^- - ------------ --- - ---- ---------- tbl_deadline_expiry_0(7,9) : ingress
A----------- ---------------- ---------------- ------ ------- ----J----- ----J-- ---^ - ------------ --- - ---- ---------- tbl_defense4_rrc_bor_unified12l3059(7,9) : ingress
#stage 8
A--------EJ- EEJG------------ ---------------- G----- ------- ---------- ------- G--- ^ ------------ --- - ---- ---------- tbl_defense4_rrc_bor_unified12l3033(8,8) : ingress
#stage 9
A----------- ---------------- ---------------- ------ ------- ---------- ------- -L-- J ^----------- --- - ---- ---------- tbl_topj_expiry_0(9,9) : ingress
A---DD-D-EJ- EEJ--------DD--- -----------D---D ---DD- D-----D ---DD---D- ------D DDDD - D^---------- --- - ---- ---------- cond-124(9,10) : ingress
------------ ---------------- ---------------- ------ ------- ------EEE- ------- ---- - -B^--------- --- - ---- ---------- tbl_defense4_rrc_bor_unified12l3067(9,10) : ingress
------------ ---------------- ---------------- ------ ------- ------EEE- ------- E--- - --C^-------- --- - ---- ---------- tbl_defense4_rrc_bor_unified12l3068(9,10) : ingress
---------EE- EEE------------- ---------------- ------ ------- ---------- ------- ---- - -C--^------- --- - ---- ---------- cond-127(9,10) : ingress
---------EE- EEE------------- ---------------- ------ ------- ---------- ------- ---- - ----C^------ --- - ---- ---------- tbl_defense4_rrc_bor_unified12l3076(9,10) : ingress
---------EE- EEE------------- ---------------- ------ ------- ---------- ------- ---- - -----C^----- --- - ---- ---------- cond-132(9,10) : ingress
-------U---- ---------------- -----------I---I ------ ------- ---I------ ------- -II- - ------C^---- --- - ---- ---------- tbl_decide_deq_0(9,10) : ingress
--IIIN-W-W-- -------IIIII---- -----------I---W -XXXN- WIIEIEE ---II----- -----II ---I - ---C---B^--- --- - ---- ---------- tbl_decide_fresh_0(9,10) : ingress
-----E-W-W-- ---------------- ---------------W -RRR-- W------ ---------- ------- ---- - ------B--^-- --- - ---- ---------- tbl_defense4_rrc_bor_unified12l3079(9,10) : ingress
------------ ---------------- ---------------- ------ ------- ---------- ------- ---- - ---------C^- --- - ---- ---------- tbl_defense4_rrc_bor_unified12l3082(9,10) : ingress
------------ ---------------- ---------------- ------ E------ ---------- ------- ---- - ----B------^ --- - ---- ---------- tbl_defense4_rrc_bor_unified12l3071(9,10) : ingress
#stage 10
------------ ---------------- ---------------- ------ ------- ---------- ------- -E-- - E----------C ^-- - ---- ---------- tbl_defense4_rrc_bor_unified12l3072(10,10) : ingress
-------E---- ---------------- ---------------- ------ ------- ---------- ------- ---- - ------------ C^- - ---- ---------- tbl_defense4_rrc_bor_unified12l3073(10,10) : ingress
-------W---- ---------------- ---------------- ------ ------- ---------- ------- ---- - ------------ -C^ - ---- ---------- tbl_defense4_rrc_bor_unified12l3074(10,10) : ingress
#stage 11
-----------G ---------------- ---------------- ------ ------- ---------- ------- ---- - --II-I-IGIGI IIG ^ ---- ---------- tbl_commit_0(11,11) : ingress
#stage 0
------------ ---------------- ---------------- ------ ------- ---------- ------- ---- - ------------ --- - ^--- ---------- cond-135(0,10) : egress
------------ ---------------- ---------------- ------ ------- ---------- ------- ---- - ------------ --- - B^-- ---------- tbl_defense4_rrc_bor_unified12l3244(0,10) : egress
------------ ---------------- ---------------- ------ ------- ---------- ------- ---- - ------------ --- - C-^- ---------- cond-137(0,10) : egress
------------ ---------------- ---------------- ------ ------- ---------- ------- ---- - ------------ --- - --B^ ---------- tbl_defense4_rrc_bor_unified12l3255(0,10) : egress
#stage 3
------------ ---------------- ---------------- ------ ------- ---------- ------- ---- - ------------ --- - ---C ^--------- tbl_defense4_rrc_bor_unified12l3261(0,11) : egress
------------ ---------------- ---------------- ------ ------- ---------- ------- ---- - ------------ --- - --C- -^-------- tbl_defense4_rrc_bor_unified12l3264(0,11) : egress
------------ ---------------- ---------------- ------ ------- ---------- ------- ---- - ------------ --- - -C-- --^------- tbl_defense4_rrc_bor_unified12l3250(0,11) : egress
------------ ---------------- ---------------- ------ ------- ---------- ------- ---- - ------------ --- - ---E D--^------ egress_reset_invalidated_checksum_fields_3(1,11) : egress
------------ ---------------- ---------------- ------ ------- ---------- ------- ---- - ------------ --- - ---E D---^----- egress_reset_invalidated_checksum_fields_2(1,11) : egress
------------ ---------------- ---------------- ------ ------- ---------- ------- ---- - ------------ --- - -E-- --D--^---- egress_reset_invalidated_checksum_fields_1(1,11) : egress
------------ ---------------- ---------------- ------ ------- ---------- ------- ---- - ------------ --- - -E-- --D---^--- egress_reset_invalidated_checksum_fields_0(1,11) : egress
------------ ---------------- ---------------- ------ ------- ---------- ------- ---- - ------------ --- - -E-E D-D----^-- tbl_defense4_rrc_bor_unified12l3269(1,11) : egress
------------ ---------------- ---------------- ------ ------- ---------- ------- ---- - ------------ --- - -I-I D-D-----^- egresshdr.ipv4.hdr_checksum_encode_update_condition_2(1,11) : egress
------------ ---------------- ---------------- ------ ------- ---------- ------- ---- - ------------ --- - -I-I D-D------^ egresshdr.tcp.checksum_encode_update_condition_3(1,11) : egress
#dependencies
A :  CONTROL_DEFAULT_NEXT_TABLE
B :  CONTROL_COND_TRUE
C :  CONTROL_COND_FALSE
D :  ANTI_NEXT_TABLE_DATA
E :  ACTION_READ
F :  CONTROL_DEFAULT_NEXT_TABLE ACTION_READ
G :  IXBAR_READ ANTI_NEXT_TABLE_DATA
H :  IXBAR_READ ACTION_READ ANTI_NEXT_TABLE_DATA
I :  IXBAR_READ
J :  ACTION_READ ANTI_NEXT_TABLE_DATA
K :  OUTPUT
L :  OUTPUT ANTI_NEXT_TABLE_DATA
M :  IXBAR_READ OUTPUT
N :  IXBAR_READ ACTION_READ
O :  IXBAR_READ OUTPUT ANTI_NEXT_TABLE_DATA
P :  IXBAR_READ ACTION_READ OUTPUT ANTI_NEXT_TABLE_DATA
Q :  IXBAR_READ ANTI_TABLE_READ ANTI_ACTION_READ
R :  ACTION_READ ANTI_TABLE_READ ANTI_ACTION_READ
S :  ACTION_READ ANTI_TABLE_READ ANTI_ACTION_READ ANTI_NEXT_TABLE_DATA
T :  IXBAR_READ ANTI_ACTION_READ ANTI_NEXT_TABLE_DATA
U :  IXBAR_READ ANTI_ACTION_READ
V :  ACTION_READ OUTPUT ANTI_NEXT_TABLE_DATA
W :  ANTI_ACTION_READ
X :  ANTI_TABLE_READ ANTI_ACTION_READ

*** Table dependency chains (of minimum length 8) ***

1. tbl_defense4_rrc_bor_unified12l2756(0) -> tbl_build_now_0(1) -> tbl_build_cand_resp_0(2) -> tbl_defense4_rrc_bor_unified12l3007(3) -> tbl_defense4_rrc_bor_unified12l3016(4) -> tbl_defense4_rrc_bor_unified12l3017(5) -> tbl_defense4_rrc_bor_unified12l3018(5) -> tbl_defense4_rrc_bor_unified12l3025(6) -> tbl_hold_ok_0(7) -> tbl_defense4_rrc_bor_unified12l3033(8) -> tbl_topj_expiry_0(9) -> tbl_defense4_rrc_bor_unified12l3072(10) -> tbl_commit_0(11) (ingress)

2. tbl_build_now_0(1) -> tbl_build_cand_resp_0(2) -> tbl_defense4_rrc_bor_unified12l3007(3) -> tbl_defense4_rrc_bor_unified12l3016(4) -> tbl_defense4_rrc_bor_unified12l3017(5) -> tbl_defense4_rrc_bor_unified12l3018(5) -> tbl_defense4_rrc_bor_unified12l3025(6) -> tbl_hold_ok_0(7) -> tbl_defense4_rrc_bor_unified12l3033(8) -> tbl_topj_expiry_0(9) -> tbl_defense4_rrc_bor_unified12l3072(10) -> tbl_commit_0(11) (ingress)

3. tbl_build_cand_resp_0(2) -> tbl_defense4_rrc_bor_unified12l3007(3) -> tbl_defense4_rrc_bor_unified12l3016(4) -> tbl_defense4_rrc_bor_unified12l3017(5) -> tbl_defense4_rrc_bor_unified12l3018(5) -> tbl_defense4_rrc_bor_unified12l3025(6) -> tbl_hold_ok_0(7) -> tbl_defense4_rrc_bor_unified12l3033(8) -> tbl_topj_expiry_0(9) -> tbl_defense4_rrc_bor_unified12l3072(10) -> tbl_commit_0(11) (ingress)

4. tbl_defense4_rrc_bor_unified12l2756(0) -> cond-75(0) -> tbl_defense4_rrc_bor_unified12l2795(0) -> tbl_defense4_rrc_bor_unified12l2801(1) -> tbl_defense4_rrc_bor_unified12l2811(2) -> tbl_defense4_rrc_bor_unified12l3007(3) -> tbl_defense4_rrc_bor_unified12l3016(4) -> tbl_defense4_rrc_bor_unified12l3017(5) -> tbl_defense4_rrc_bor_unified12l3018(5) -> tbl_defense4_rrc_bor_unified12l3025(6) -> tbl_hold_ok_0(7) -> tbl_defense4_rrc_bor_unified12l3033(8) -> tbl_topj_expiry_0(9) -> tbl_defense4_rrc_bor_unified12l3072(10) -> tbl_commit_0(11) (ingress)

5. cond-75(0) -> tbl_defense4_rrc_bor_unified12l2795(0) -> tbl_defense4_rrc_bor_unified12l2801(1) -> tbl_defense4_rrc_bor_unified12l2811(2) -> tbl_defense4_rrc_bor_unified12l3007(3) -> tbl_defense4_rrc_bor_unified12l3016(4) -> tbl_defense4_rrc_bor_unified12l3017(5) -> tbl_defense4_rrc_bor_unified12l3018(5) -> tbl_defense4_rrc_bor_unified12l3025(6) -> tbl_hold_ok_0(7) -> tbl_defense4_rrc_bor_unified12l3033(8) -> tbl_topj_expiry_0(9) -> tbl_defense4_rrc_bor_unified12l3072(10) -> tbl_commit_0(11) (ingress)

6. tbl_defense4_rrc_bor_unified12l2795(0) -> tbl_defense4_rrc_bor_unified12l2801(1) -> tbl_defense4_rrc_bor_unified12l2811(2) -> tbl_defense4_rrc_bor_unified12l3007(3) -> tbl_defense4_rrc_bor_unified12l3016(4) -> tbl_defense4_rrc_bor_unified12l3017(5) -> tbl_defense4_rrc_bor_unified12l3018(5) -> tbl_defense4_rrc_bor_unified12l3025(6) -> tbl_hold_ok_0(7) -> tbl_defense4_rrc_bor_unified12l3033(8) -> tbl_topj_expiry_0(9) -> tbl_defense4_rrc_bor_unified12l3072(10) -> tbl_commit_0(11) (ingress)

7. tbl_defense4_rrc_bor_unified12l2795(0) -> tbl_defense4_rrc_bor_unified12l2796(0) -> tbl_defense4_rrc_bor_unified12l2801(1) -> tbl_defense4_rrc_bor_unified12l2811(2) -> tbl_defense4_rrc_bor_unified12l3007(3) -> tbl_defense4_rrc_bor_unified12l3016(4) -> tbl_defense4_rrc_bor_unified12l3017(5) -> tbl_defense4_rrc_bor_unified12l3018(5) -> tbl_defense4_rrc_bor_unified12l3025(6) -> tbl_hold_ok_0(7) -> tbl_defense4_rrc_bor_unified12l3033(8) -> tbl_topj_expiry_0(9) -> tbl_defense4_rrc_bor_unified12l3072(10) -> tbl_commit_0(11) (ingress)

8. tbl_defense4_rrc_bor_unified12l2796(0) -> tbl_defense4_rrc_bor_unified12l2801(1) -> tbl_defense4_rrc_bor_unified12l2811(2) -> tbl_defense4_rrc_bor_unified12l3007(3) -> tbl_defense4_rrc_bor_unified12l3016(4) -> tbl_defense4_rrc_bor_unified12l3017(5) -> tbl_defense4_rrc_bor_unified12l3018(5) -> tbl_defense4_rrc_bor_unified12l3025(6) -> tbl_hold_ok_0(7) -> tbl_defense4_rrc_bor_unified12l3033(8) -> tbl_topj_expiry_0(9) -> tbl_defense4_rrc_bor_unified12l3072(10) -> tbl_commit_0(11) (ingress)

9. tbl_defense4_rrc_bor_unified12l2796(0) -> tbl_defense4_rrc_bor_unified12l2797(0) -> tbl_defense4_rrc_bor_unified12l2801(1) -> tbl_defense4_rrc_bor_unified12l2811(2) -> tbl_defense4_rrc_bor_unified12l3007(3) -> tbl_defense4_rrc_bor_unified12l3016(4) -> tbl_defense4_rrc_bor_unified12l3017(5) -> tbl_defense4_rrc_bor_unified12l3018(5) -> tbl_defense4_rrc_bor_unified12l3025(6) -> tbl_hold_ok_0(7) -> tbl_defense4_rrc_bor_unified12l3033(8) -> tbl_topj_expiry_0(9) -> tbl_defense4_rrc_bor_unified12l3072(10) -> tbl_commit_0(11) (ingress)

10. tbl_defense4_rrc_bor_unified12l2797(0) -> tbl_defense4_rrc_bor_unified12l2801(1) -> tbl_defense4_rrc_bor_unified12l2811(2) -> tbl_defense4_rrc_bor_unified12l3007(3) -> tbl_defense4_rrc_bor_unified12l3016(4) -> tbl_defense4_rrc_bor_unified12l3017(5) -> tbl_defense4_rrc_bor_unified12l3018(5) -> tbl_defense4_rrc_bor_unified12l3025(6) -> tbl_hold_ok_0(7) -> tbl_defense4_rrc_bor_unified12l3033(8) -> tbl_topj_expiry_0(9) -> tbl_defense4_rrc_bor_unified12l3072(10) -> tbl_commit_0(11) (ingress)

11. tbl_defense4_rrc_bor_unified12l2801(1) -> tbl_defense4_rrc_bor_unified12l2811(2) -> tbl_defense4_rrc_bor_unified12l3007(3) -> tbl_defense4_rrc_bor_unified12l3016(4) -> tbl_defense4_rrc_bor_unified12l3017(5) -> tbl_defense4_rrc_bor_unified12l3018(5) -> tbl_defense4_rrc_bor_unified12l3025(6) -> tbl_hold_ok_0(7) -> tbl_defense4_rrc_bor_unified12l3033(8) -> tbl_topj_expiry_0(9) -> tbl_defense4_rrc_bor_unified12l3072(10) -> tbl_commit_0(11) (ingress)

12. tbl_defense4_rrc_bor_unified12l2801(1) -> tbl_defense4_rrc_bor_unified12l2802(1) -> tbl_defense4_rrc_bor_unified12l2811(2) -> tbl_defense4_rrc_bor_unified12l3007(3) -> tbl_defense4_rrc_bor_unified12l3016(4) -> tbl_defense4_rrc_bor_unified12l3017(5) -> tbl_defense4_rrc_bor_unified12l3018(5) -> tbl_defense4_rrc_bor_unified12l3025(6) -> tbl_hold_ok_0(7) -> tbl_defense4_rrc_bor_unified12l3033(8) -> tbl_topj_expiry_0(9) -> tbl_defense4_rrc_bor_unified12l3072(10) -> tbl_commit_0(11) (ingress)

13. tbl_defense4_rrc_bor_unified12l2802(1) -> tbl_defense4_rrc_bor_unified12l2811(2) -> tbl_defense4_rrc_bor_unified12l3007(3) -> tbl_defense4_rrc_bor_unified12l3016(4) -> tbl_defense4_rrc_bor_unified12l3017(5) -> tbl_defense4_rrc_bor_unified12l3018(5) -> tbl_defense4_rrc_bor_unified12l3025(6) -> tbl_hold_ok_0(7) -> tbl_defense4_rrc_bor_unified12l3033(8) -> tbl_topj_expiry_0(9) -> tbl_defense4_rrc_bor_unified12l3072(10) -> tbl_commit_0(11) (ingress)

14. tbl_defense4_rrc_bor_unified12l2802(1) -> tbl_defense4_rrc_bor_unified12l2803(1) -> tbl_defense4_rrc_bor_unified12l2811(2) -> tbl_defense4_rrc_bor_unified12l3007(3) -> tbl_defense4_rrc_bor_unified12l3016(4) -> tbl_defense4_rrc_bor_unified12l3017(5) -> tbl_defense4_rrc_bor_unified12l3018(5) -> tbl_defense4_rrc_bor_unified12l3025(6) -> tbl_hold_ok_0(7) -> tbl_defense4_rrc_bor_unified12l3033(8) -> tbl_topj_expiry_0(9) -> tbl_defense4_rrc_bor_unified12l3072(10) -> tbl_commit_0(11) (ingress)

15. tbl_defense4_rrc_bor_unified12l2803(1) -> tbl_defense4_rrc_bor_unified12l2811(2) -> tbl_defense4_rrc_bor_unified12l3007(3) -> tbl_defense4_rrc_bor_unified12l3016(4) -> tbl_defense4_rrc_bor_unified12l3017(5) -> tbl_defense4_rrc_bor_unified12l3018(5) -> tbl_defense4_rrc_bor_unified12l3025(6) -> tbl_hold_ok_0(7) -> tbl_defense4_rrc_bor_unified12l3033(8) -> tbl_topj_expiry_0(9) -> tbl_defense4_rrc_bor_unified12l3072(10) -> tbl_commit_0(11) (ingress)

16. tbl_defense4_rrc_bor_unified12l2811(2) -> tbl_defense4_rrc_bor_unified12l3007(3) -> tbl_defense4_rrc_bor_unified12l3016(4) -> tbl_defense4_rrc_bor_unified12l3017(5) -> tbl_defense4_rrc_bor_unified12l3018(5) -> tbl_defense4_rrc_bor_unified12l3025(6) -> tbl_hold_ok_0(7) -> tbl_defense4_rrc_bor_unified12l3033(8) -> tbl_topj_expiry_0(9) -> tbl_defense4_rrc_bor_unified12l3072(10) -> tbl_commit_0(11) (ingress)

17. tbl_build_cand_resp_0(2) -> tbl_defense4_rrc_bor_unified12l3008(3) -> tbl_defense4_rrc_bor_unified12l3016(4) -> tbl_defense4_rrc_bor_unified12l3017(5) -> tbl_defense4_rrc_bor_unified12l3018(5) -> tbl_defense4_rrc_bor_unified12l3025(6) -> tbl_hold_ok_0(7) -> tbl_defense4_rrc_bor_unified12l3033(8) -> tbl_topj_expiry_0(9) -> tbl_defense4_rrc_bor_unified12l3072(10) -> tbl_commit_0(11) (ingress)

18. tbl_defense4_rrc_bor_unified12l2811(2) -> tbl_defense4_rrc_bor_unified12l3008(3) -> tbl_defense4_rrc_bor_unified12l3016(4) -> tbl_defense4_rrc_bor_unified12l3017(5) -> tbl_defense4_rrc_bor_unified12l3018(5) -> tbl_defense4_rrc_bor_unified12l3025(6) -> tbl_hold_ok_0(7) -> tbl_defense4_rrc_bor_unified12l3033(8) -> tbl_topj_expiry_0(9) -> tbl_defense4_rrc_bor_unified12l3072(10) -> tbl_commit_0(11) (ingress)

19. tbl_build_cand_resp_0(2) -> tbl_defense4_rrc_bor_unified12l3009(3) -> tbl_defense4_rrc_bor_unified12l3016(4) -> tbl_defense4_rrc_bor_unified12l3017(5) -> tbl_defense4_rrc_bor_unified12l3018(5) -> tbl_defense4_rrc_bor_unified12l3025(6) -> tbl_hold_ok_0(7) -> tbl_defense4_rrc_bor_unified12l3033(8) -> tbl_topj_expiry_0(9) -> tbl_defense4_rrc_bor_unified12l3072(10) -> tbl_commit_0(11) (ingress)

20. tbl_defense4_rrc_bor_unified12l2811(2) -> tbl_defense4_rrc_bor_unified12l3009(3) -> tbl_defense4_rrc_bor_unified12l3016(4) -> tbl_defense4_rrc_bor_unified12l3017(5) -> tbl_defense4_rrc_bor_unified12l3018(5) -> tbl_defense4_rrc_bor_unified12l3025(6) -> tbl_hold_ok_0(7) -> tbl_defense4_rrc_bor_unified12l3033(8) -> tbl_topj_expiry_0(9) -> tbl_defense4_rrc_bor_unified12l3072(10) -> tbl_commit_0(11) (ingress)
#pipeline pipe
#stage 0
^---------- ---------------- --------------- -------- ------- ---------- ------- --- -- ------------ --- - ----- - -------- tbl_build_exp_ack_0(0,0) : ingress
A^--------- ---------------- --------------- -------- ------- ---------- ------- --- -- ------------ --- - ----- - -------- cond-75(0,0) : ingress
-B^-------- ---------------- --------------- -------- ------- ---------- ------- --- -- ------------ --- - ----- - -------- tbl_defense4_rrc_bor_unified12l2795(0,0) : ingress
--C^------- ---------------- --------------- -------- ------- ---------- ------- --- -- ------------ --- - ----- - -------- tbl_defense4_rrc_bor_unified12l2796(0,0) : ingress
---C^------ ---------------- --------------- -------- ------- ---------- ------- --- -- ------------ --- - ----- - -------- tbl_defense4_rrc_bor_unified12l2797(0,0) : ingress
A----^----- ---------------- --------------- -------- ------- ---------- ------- --- -- ------------ --- - ----- - -------- tbl_session_0(0,1) : ingress
A-----^---- ---------------- --------------- -------- ------- ---------- ------- --- -- ------------ --- - ----- - -------- tbl_defense4_rrc_bor_unified12l2762(0,1) : ingress
A---D--^--- ---------------- --------------- -------- ------- ---------- ------- --- -- ------------ --- - ----- - -------- cond-79(0,1) : ingress
-------C^-- ---------------- --------------- -------- ------- ---------- ------- --- -- ------------ --- - ----- - -------- tbl_defense4_rrc_bor_unified12l2805(0,1) : ingress
--------C^- ---------------- --------------- -------- ------- ---------- ------- --- -- ------------ --- - ----- - -------- tbl_defense4_rrc_bor_unified12l2806(0,1) : ingress
B---------^ ---------------- --------------- -------- ------- ---------- ------- --- -- ------------ --- - ----- - -------- tbl_defense4_rrc_bor_unified12l2753(0,10) : ingress
#stage 1
--EEE--B--- ^--------------- --------------- -------- ------- ---------- ------- --- -- ------------ --- - ----- - -------- tbl_defense4_rrc_bor_unified12l2801(1,1) : ingress
----------- C^-------------- --------------- -------- ------- ---------- ------- --- -- ------------ --- - ----- - -------- tbl_defense4_rrc_bor_unified12l2802(1,1) : ingress
----------- -C^------------- --------------- -------- ------- ---------- ------- --- -- ------------ --- - ----- - -------- tbl_defense4_rrc_bor_unified12l2803(1,1) : ingress
A---------- ---^------------ --------------- -------- ------- ---------- ------- --- -- ------------ --- - ----- - -------- tbl_params_0(0,2) : ingress
A----D----- ----^----------- --------------- -------- ------- ---------- ------- --- -- ------------ --- - ----- - -------- cond-86(0,2) : ingress
----------- ----B^---------- --------------- -------- ------- ---------- ------- --- -- ------------ --- - ----- - -------- tbl_defense4_rrc_bor_unified12l2837(0,2) : ingress
-----E----- -----C^--------- --------------- -------- ------- ---------- ------- --- -- ------------ --- - ----- - -------- tbl_defense4_rrc_bor_unified12l2839(1,2) : ingress
----------- ----C--^-------- --------------- -------- ------- ---------- ------- --- -- ------------ --- - ----- - -------- tbl_defense4_rrc_bor_unified12l2851(0,2) : ingress
-----E----- ------C-^------- --------------- -------- ------- ---------- ------- --- -- ------------ --- - ----- - -------- tbl_defense4_rrc_bor_unified12l2842(1,2) : ingress
----------- -------C-^------ --------------- -------- ------- ---------- ------- --- -- ------------ --- - ----- - -------- tbl_defense4_rrc_bor_unified12l2857(0,2) : ingress
-----E----- --------C-^----- --------------- -------- ------- ---------- ------- --- -- ------------ --- - ----- - -------- tbl_defense4_rrc_bor_unified12l2845(1,2) : ingress
----------- ---------C-^---- --------------- -------- ------- ---------- ------- --- -- ------------ --- - ----- - -------- tbl_defense4_rrc_bor_unified12l2868(0,2) : ingress
A---------- ------------^--- --------------- -------- ------- ---------- ------- --- -- ------------ --- - ----- - -------- tbl_defense4_rrc_bor_unified12l2756(0,3) : ingress
A----F----- -------------^-- --------------- -------- ------- ---------- ------- --- -- ------------ --- - ----- - -------- tbl_defense4_rrc_bor_unified12l2904(1,3) : ingress
A---------- --------------^- --------------- -------- ------- ---------- ------- --- -- ------------ --- - ----- - -------- tbl_defense4_rrc_bor_unified12l2812(0,3) : ingress
A----G----- ---------------^ --------------- -------- ------- ---------- ------- --- -- ------------ --- - ----- - -------- tbl_defense4_rrc_bor_unified12l2902(1,3) : ingress
#stage 2
-----H----- ---------------C ^-------------- -------- ------- ---------- ------- --- -- ------------ --- - ----- - -------- tbl_defense4_rrc_bor_unified12l2903(1,3) : ingress
A-----I-EI- EEI------------- -^------------- -------- ------- ---------- ------- --- -- ------------ --- - ----- - -------- tbl_defense4_rrc_bor_unified12l2811(2,2) : ingress
J---------- ------EEEEID---- --^------------ -------- ------- ---------- ------- --- -- ------------ --- - ----- - -------- tbl_defense4_rrc_bor_unified12l2906(2,3) : ingress
H---------- ---------------- --C^----------- -------- ------- ---------- ------- --- -- ------------ --- - ----- - -------- tbl_defense4_rrc_bor_unified12l2908(2,3) : ingress
A-----D---- ---D--EEEEID---- ----^---------- -------- ------- ---------- ------- --- -- ------------ --- - ----- - -------- cond-94(2,3) : ingress
----------- ---E-K---K-K---- ----B^--------- -------- ------- ---------- ------- --- -- ------------ --- - ----- - -------- tbl_defense4_rrc_bor_unified12l2881(2,3) : ingress
----------- -----K---K-K---- -----C^-------- -------- ------- ---------- ------- --- -- ------------ --- - ----- - -------- tbl_defense4_rrc_bor_unified12l2883(2,3) : ingress
------E---- ------EEEEE----- ----C--^------- -------- ------- ---------- ------- --- -- ------------ --- - ----- - -------- tbl_defense4_rrc_bor_unified12l2886(2,11) : ingress
A---------- ------------I--- --------^------ -------- ------- ---------- ------- --- -- ------------ --- - ----- - -------- tbl_build_now_0(1,4) : ingress
A---------- --------------F- ---------^----- -------- ------- ---------- ------- --- -- ------------ --- - ----- - -------- tbl_bor_codebook_0(1,4) : ingress
A-------EI- EEI------------- ----------^---- -------- ------- ---------- ------- --- -- ------------ --- - ----- - -------- tbl_defense4_rrc_bor_unified12l3010(2,5) : ingress
--------EE- EEE------------- ----------C^--- -------- ------- ---------- ------- --- -- ------------ --- - ----- - -------- tbl_defense4_rrc_bor_unified12l3011(2,5) : ingress
----------- ---------------- -----------C^-- -------- ------- ---------- ------- --- -- ------------ --- - ----- - -------- tbl_defense4_rrc_bor_unified12l3012(2,5) : ingress
A---------- ---I------------ -------------^- -------- ------- ---------- ------- --- -- ------------ --- - ----- - -------- tbl_build_do_shape_0(1,9) : ingress
A---------- ---------------- --------------^ -------- ------- ---------- ------- --- -- ------------ --- - ----- - -------- tbl_defense4_rrc_bor_unified12l2765(0,9) : ingress
#stage 3
A---------- ---I------------ --------I------ ^------- ------- ---------- ------- --- -- ------------ --- - ----- - -------- tbl_build_cand_0(2,5) : ingress
A---------- ---I------------ --------I------ -^------ ------- ---------- ------- --- -- ------------ --- - ----- - -------- tbl_build_cand_resp_0(2,5) : ingress
A-------EI- EEI------------- -F------------- --^----- ------- ---------- ------- --- -- ------------ --- - ----- - -------- tbl_defense4_rrc_bor_unified12l3007(3,3) : ingress
--------EE- EEE------------- -H------------- --C^---- ------- ---------- ------- --- -- ------------ --- - ----- - -------- tbl_defense4_rrc_bor_unified12l3008(3,3) : ingress
----------- ---------------- -H------------- ---C^--- ------- ---------- ------- --- -- ------------ --- - ----- - -------- tbl_defense4_rrc_bor_unified12l3009(3,3) : ingress
A---------- -----KHHHLFM-F-H F-HF-KM-------- -----^-- ------- ---------- ------- --- -- ------------ --- - ----- - -------- tbl_resp_authorise_0(3,4) : ingress
A---------- ---------------- --------II----- ------^- ------- ---------- ------- --- -- ------------ --- - ----- - -------- tbl_defense4_rrc_bor_unified12l3013(2,5) : ingress
A-------EI- EEI------------- --------------- ----D--^ ------- ---------- ------- --- -- ------------ --- - ----- - -------- cond-112(3,4) : ingress
#stage 4
----------- ---------------- --------------- --EEE--B ^------ ---------- ------- --- -- ------------ --- - ----- - -------- tbl_defense4_rrc_bor_unified12l3016(4,4) : ingress
A---------- ---I-HEEENIF---- -----HF-------- -----O-- -^----- ---------- ------- --- -- ------------ --- - ----- - -------- tbl_defense4_rrc_bor_unified12l2925(4,5) : ingress
----------- -----HEEENEH---- -----HH-------- -----L-- -C^---- ---------- ------- --- -- ------------ --- - ----- - -------- tbl_defense4_rrc_bor_unified12l2929(4,5) : ingress
----------- -----HEEENEH---- -----HH-------- -----L-- --C^--- ---------- ------- --- -- ------------ --- - ----- - -------- tbl_defense4_rrc_bor_unified12l2935(4,5) : ingress
----------- -----HEEENEH---- -----HH-------- -----L-- ---C^-- ---------- ------- --- -- ------------ --- - ----- - -------- tbl_defense4_rrc_bor_unified12l2951(4,5) : ingress
----------- ---E-H---H-H---- -----HH-------- -----L-- ----B^- ---------- ------- --- -- ------------ --- - ----- - -------- tbl_defense4_rrc_bor_unified12l2946(4,5) : ingress
----------- -----H---H-H---- -----HH-------- -----L-- -----C^ ---------- ------- --- -- ------------ --- - ----- - -------- tbl_defense4_rrc_bor_unified12l2948(4,5) : ingress
#stage 5
A-------EI- EEI------------- --------------- --HHF--- I------ ^--------- ------- --- -- ------------ --- - ----- - -------- tbl_defense4_rrc_bor_unified12l3017(5,5) : ingress
--------EE- EEE------------- --------------- --HHH--- ------- C^-------- ------- --- -- ------------ --- - ----- - -------- tbl_defense4_rrc_bor_unified12l3018(5,5) : ingress
--------EE- EEE------------- --------------- --HHH--- ------- -C^------- ------- --- -- ------------ --- - ----- - -------- tbl_defense4_rrc_bor_unified12l3019(5,6) : ingress
A---------- -----KHHHLFM-F-H F-HF-KM-------- II---P-- -QQRQRS ---^------ ------- --- -- ------------ --- - ----- - -------- tbl_state_decode_0(5,6) : ingress
A---------- ---------------- --------------- -----F-- ---H-HF ----^----- ------- --- -- ------------ --- - ----- - -------- tbl_txn_active_0(5,6) : ingress
A-------EI- EEI------------- ------------D-- ----D-D- ------- --D--^---- ------- --- -- ------------ --- - ----- - -------- cond-117(5,6) : ingress
----------- ---------------- ----------EEE-- -------- ------- -----B^--- ------- --- -- ------------ --- - ----- - -------- tbl_defense4_rrc_bor_unified12l3027(5,6) : ingress
----------- ---------------- ----------EEE-- -------- ------- ------C^-- ------- --- -- ------------ --- - ----- - -------- tbl_defense4_rrc_bor_unified12l3028(5,6) : ingress
----------- ---------------- --------------- -------- ------- -------C^- ------- --- -- ------------ --- - ----- - -------- tbl_defense4_rrc_bor_unified12l3029(5,6) : ingress
----------- ---------------- --------------- --EEE--- ------- -----B---^ ------- --- -- ------------ --- - ----- - -------- tbl_defense4_rrc_bor_unified12l3024(5,6) : ingress
#stage 6
----------- ---------------- --------------- --EEE-K- ------- -E-------A ^------ --- -- ------------ --- - ----- - -------- tbl_defense4_rrc_bor_unified12l3025(6,6) : ingress
A---------- ---------------- --------F------ -------- ------- ---GM----- -^----- --- -- ------------ --- - ----- - -------- tbl_defense4_rrc_bor_unified12l2981(6,7) : ingress
----------- ---------------- --------H------ -------- ------- ---H------ -B^---- --- -- ------------ --- - ----- - -------- tbl_defense4_rrc_bor_unified12l2979(6,8) : ingress
A---------- ---------------- --------F------ -------- ------- ---GM----- ---^--- --- -- ------------ --- - ----- - -------- tbl_defense4_rrc_bor_unified12l2972(6,8) : ingress
----------- ---------------- --------H------ -------- ------- ---HK----- ---B^-- --- -- ------------ --- - ----- - -------- tbl_defense4_rrc_bor_unified12l2970(6,8) : ingress
A---------- -----HEEENIF---- -----HF-------- -----O-- -KKHKHF ---T------ -----^- --- -- ------------ --- - ----- - -------- tbl_defense4_rrc_bor_unified12l2991(6,9) : ingress
----------- -----HEEENEH---- -----HH-------- -----L-- -KKHKHH ---U------ -----C^ --- -- ------------ --- - ----- - -------- tbl_defense4_rrc_bor_unified12l2997(6,9) : ingress
#stage 7
A---------- ---------------- --------------- ------I- ------- ------EEIE I------ ^-- -- ------------ --- - ----- - -------- tbl_hold_ok_0(7,7) : ingress
A---------- ---------------- --------------- -------- ------- ----I----- -ED---- -^- -- ------------ --- - ----- - -------- tbl_tresp_expiry_0(7,8) : ingress
A---------- ---------------- --------------- -------- ------- ----I----- ---ED-- --^ -- ------------ --- - ----- - -------- tbl_deadline_expiry_0(7,9) : ingress
#stage 8
A-------EI- EEI------------- --------F------ -------- ------- ---------- ------- F-- ^- ------------ --- - ----- - -------- tbl_defense4_rrc_bor_unified12l3033(8,8) : ingress
A---------- ---------------- --------------- -------- ------- ----I----- ----I-- -M- -^ ------------ --- - ----- - -------- tbl_defense4_rrc_bor_unified12l3059(8,9) : ingress
#stage 9
A---------- ---------------- --------------- -------- ------- ---------- ------- --- I- ^----------- --- - ----- - -------- tbl_topj_expiry_0(9,9) : ingress
A---D-D-EI- EEID------DD---- -------------DD ----DD-- D-----D ---DD---D- ------D DDD -D D^---------- --- - ----- - -------- cond-124(9,10) : ingress
----------- ---------------- --------------- -------- ------- ------EEE- ------- --- -- -B^--------- --- - ----- - -------- tbl_defense4_rrc_bor_unified12l3067(9,10) : ingress
----------- ---------------- --------------- -------- ------- ------EEE- ------- E-- -- --C^-------- --- - ----- - -------- tbl_defense4_rrc_bor_unified12l3068(9,10) : ingress
--------EE- EEE------------- --------------- -------- ------- ---------- ------- --- -- -C--^------- --- - ----- - -------- cond-127(9,10) : ingress
--------EE- EEE------------- --------------- -------- ------- ---------- ------- --- -- ----C^------ --- - ----- - -------- tbl_defense4_rrc_bor_unified12l3076(9,10) : ingress
--------EE- EEE------------- --------------- -------- ------- ---------- ------- --- -- -----C^----- --- - ----- - -------- cond-132(9,10) : ingress
------U---- ---------------- -------------HH -------- ------- ---H------ ------- -HH -- ------C^---- --- - ----- - -------- tbl_decide_deq_0(9,10) : ingress
--HHH-V-V-- ---N--HHHHH----- -------------HV --WWWN-- VHHEHEE ---HH----- -----HH -H- -H ---C---B^--- --- - ----- - -------- tbl_decide_fresh_0(9,10) : ingress
------V-V-- ---E------------ --------------V --RRR--- V------ ---------- ------- --- -- ------B--^-- --- - ----- - -------- tbl_defense4_rrc_bor_unified12l3079(9,10) : ingress
----------- ---------------- --------------- -------- ------- ---------- ------- --- -- ---------C^- --- - ----- - -------- tbl_defense4_rrc_bor_unified12l3082(9,10) : ingress
----------- ---------------- --------------- -------- E------ ---------- ------- --- -- ----B------^ --- - ----- - -------- tbl_defense4_rrc_bor_unified12l3071(9,10) : ingress
#stage 10
----------- ---------------- --------------- -------- ------- ---------- ------- --- -- E----------C ^-- - ----- - -------- tbl_defense4_rrc_bor_unified12l3072(10,10) : ingress
------E---- ---------------- --------------- -------- ------- ---------- ------- --- -- ------------ C^- - ----- - -------- tbl_defense4_rrc_bor_unified12l3073(10,10) : ingress
------V---- ---------------- --------------- -------- ------- ---------- ------- --- -- ------------ -C^ - ----- - -------- tbl_defense4_rrc_bor_unified12l3074(10,10) : ingress
#stage 11
----------F ---------------- --------------- -------- ------- ---------- ------- --- -- --HH-H-HFHFH HHF ^ ----- - -------- tbl_commit_0(11,11) : ingress
#stage 0
----------- ---------------- --------------- -------- ------- ---------- ------- --- -- ------------ --- - ^---- - -------- cond-135(0,10) : egress
----------- ---------------- --------------- -------- ------- ---------- ------- --- -- ------------ --- - B^--- - -------- tbl_defense4_rrc_bor_unified12l3244(0,10) : egress
----------- ---------------- --------------- -------- ------- ---------- ------- --- -- ------------ --- - C-^-- - -------- cond-137(0,10) : egress
----------- ---------------- --------------- -------- ------- ---------- ------- --- -- ------------ --- - --B^- - -------- tbl_defense4_rrc_bor_unified12l3255(0,10) : egress
----------- ---------------- --------------- -------- ------- ---------- ------- --- -- ------------ --- - ---C^ - -------- tbl_defense4_rrc_bor_unified12l3261(0,11) : egress
#stage 2
----------- ---------------- --------------- -------- ------- ---------- ------- --- -- ------------ --- - --C-- ^ -------- tbl_defense4_rrc_bor_unified12l3264(0,11) : egress
#stage 3
----------- ---------------- --------------- -------- ------- ---------- ------- --- -- ------------ --- - -C--- - ^------- tbl_defense4_rrc_bor_unified12l3250(0,11) : egress
----------- ---------------- --------------- -------- ------- ---------- ------- --- -- ------------ --- - ---ED - -^------ egress_reset_invalidated_checksum_fields_3(1,11) : egress
----------- ---------------- --------------- -------- ------- ---------- ------- --- -- ------------ --- - ---ED - --^----- egress_reset_invalidated_checksum_fields_2(1,11) : egress
----------- ---------------- --------------- -------- ------- ---------- ------- --- -- ------------ --- - -E--- - D--^---- egress_reset_invalidated_checksum_fields_1(1,11) : egress
----------- ---------------- --------------- -------- ------- ---------- ------- --- -- ------------ --- - -E--- - D---^--- egress_reset_invalidated_checksum_fields_0(1,11) : egress
----------- ---------------- --------------- -------- ------- ---------- ------- --- -- ------------ --- - -E-ED - D----^-- tbl_defense4_rrc_bor_unified12l3269(1,11) : egress
----------- ---------------- --------------- -------- ------- ---------- ------- --- -- ------------ --- - -H-HD - D-----^- egresshdr.ipv4.hdr_checksum_encode_update_condition_2(1,11) : egress
----------- ---------------- --------------- -------- ------- ---------- ------- --- -- ------------ --- - -H-HD - D------^ egresshdr.tcp.checksum_encode_update_condition_3(1,11) : egress
#dependencies
A :  CONTROL_DEFAULT_NEXT_TABLE
B :  CONTROL_COND_TRUE
C :  CONTROL_COND_FALSE
D :  ANTI_NEXT_TABLE_DATA
E :  ACTION_READ
F :  IXBAR_READ ANTI_NEXT_TABLE_DATA
G :  IXBAR_READ ACTION_READ ANTI_NEXT_TABLE_DATA
H :  IXBAR_READ
I :  ACTION_READ ANTI_NEXT_TABLE_DATA
J :  CONTROL_DEFAULT_NEXT_TABLE IXBAR_READ
K :  OUTPUT
L :  IXBAR_READ OUTPUT
M :  OUTPUT ANTI_NEXT_TABLE_DATA
N :  IXBAR_READ ACTION_READ
O :  IXBAR_READ OUTPUT ANTI_NEXT_TABLE_DATA
P :  IXBAR_READ ACTION_READ OUTPUT ANTI_NEXT_TABLE_DATA
Q :  IXBAR_READ ANTI_TABLE_READ ANTI_ACTION_READ
R :  ACTION_READ ANTI_TABLE_READ ANTI_ACTION_READ
S :  ACTION_READ ANTI_TABLE_READ ANTI_ACTION_READ ANTI_NEXT_TABLE_DATA
T :  IXBAR_READ ANTI_ACTION_READ ANTI_NEXT_TABLE_DATA
U :  IXBAR_READ ANTI_ACTION_READ
V :  ANTI_ACTION_READ
W :  ANTI_TABLE_READ ANTI_ACTION_READ

*** Table dependency chains (of minimum length 8) ***

1. tbl_build_exp_ack_0(0) -> cond-75(0) -> tbl_defense4_rrc_bor_unified12l2795(0) -> tbl_defense4_rrc_bor_unified12l2801(1) -> tbl_defense4_rrc_bor_unified12l2811(2) -> tbl_defense4_rrc_bor_unified12l3007(3) -> tbl_defense4_rrc_bor_unified12l3016(4) -> tbl_defense4_rrc_bor_unified12l3017(5) -> tbl_defense4_rrc_bor_unified12l3018(5) -> tbl_defense4_rrc_bor_unified12l3025(6) -> tbl_hold_ok_0(7) -> tbl_defense4_rrc_bor_unified12l3033(8) -> tbl_topj_expiry_0(9) -> tbl_defense4_rrc_bor_unified12l3072(10) -> tbl_commit_0(11) (ingress)

2. cond-75(0) -> tbl_defense4_rrc_bor_unified12l2795(0) -> tbl_defense4_rrc_bor_unified12l2801(1) -> tbl_defense4_rrc_bor_unified12l2811(2) -> tbl_defense4_rrc_bor_unified12l3007(3) -> tbl_defense4_rrc_bor_unified12l3016(4) -> tbl_defense4_rrc_bor_unified12l3017(5) -> tbl_defense4_rrc_bor_unified12l3018(5) -> tbl_defense4_rrc_bor_unified12l3025(6) -> tbl_hold_ok_0(7) -> tbl_defense4_rrc_bor_unified12l3033(8) -> tbl_topj_expiry_0(9) -> tbl_defense4_rrc_bor_unified12l3072(10) -> tbl_commit_0(11) (ingress)

3. tbl_defense4_rrc_bor_unified12l2795(0) -> tbl_defense4_rrc_bor_unified12l2801(1) -> tbl_defense4_rrc_bor_unified12l2811(2) -> tbl_defense4_rrc_bor_unified12l3007(3) -> tbl_defense4_rrc_bor_unified12l3016(4) -> tbl_defense4_rrc_bor_unified12l3017(5) -> tbl_defense4_rrc_bor_unified12l3018(5) -> tbl_defense4_rrc_bor_unified12l3025(6) -> tbl_hold_ok_0(7) -> tbl_defense4_rrc_bor_unified12l3033(8) -> tbl_topj_expiry_0(9) -> tbl_defense4_rrc_bor_unified12l3072(10) -> tbl_commit_0(11) (ingress)

4. tbl_defense4_rrc_bor_unified12l2795(0) -> tbl_defense4_rrc_bor_unified12l2796(0) -> tbl_defense4_rrc_bor_unified12l2801(1) -> tbl_defense4_rrc_bor_unified12l2811(2) -> tbl_defense4_rrc_bor_unified12l3007(3) -> tbl_defense4_rrc_bor_unified12l3016(4) -> tbl_defense4_rrc_bor_unified12l3017(5) -> tbl_defense4_rrc_bor_unified12l3018(5) -> tbl_defense4_rrc_bor_unified12l3025(6) -> tbl_hold_ok_0(7) -> tbl_defense4_rrc_bor_unified12l3033(8) -> tbl_topj_expiry_0(9) -> tbl_defense4_rrc_bor_unified12l3072(10) -> tbl_commit_0(11) (ingress)

5. tbl_defense4_rrc_bor_unified12l2796(0) -> tbl_defense4_rrc_bor_unified12l2801(1) -> tbl_defense4_rrc_bor_unified12l2811(2) -> tbl_defense4_rrc_bor_unified12l3007(3) -> tbl_defense4_rrc_bor_unified12l3016(4) -> tbl_defense4_rrc_bor_unified12l3017(5) -> tbl_defense4_rrc_bor_unified12l3018(5) -> tbl_defense4_rrc_bor_unified12l3025(6) -> tbl_hold_ok_0(7) -> tbl_defense4_rrc_bor_unified12l3033(8) -> tbl_topj_expiry_0(9) -> tbl_defense4_rrc_bor_unified12l3072(10) -> tbl_commit_0(11) (ingress)

6. tbl_defense4_rrc_bor_unified12l2796(0) -> tbl_defense4_rrc_bor_unified12l2797(0) -> tbl_defense4_rrc_bor_unified12l2801(1) -> tbl_defense4_rrc_bor_unified12l2811(2) -> tbl_defense4_rrc_bor_unified12l3007(3) -> tbl_defense4_rrc_bor_unified12l3016(4) -> tbl_defense4_rrc_bor_unified12l3017(5) -> tbl_defense4_rrc_bor_unified12l3018(5) -> tbl_defense4_rrc_bor_unified12l3025(6) -> tbl_hold_ok_0(7) -> tbl_defense4_rrc_bor_unified12l3033(8) -> tbl_topj_expiry_0(9) -> tbl_defense4_rrc_bor_unified12l3072(10) -> tbl_commit_0(11) (ingress)

7. tbl_defense4_rrc_bor_unified12l2797(0) -> tbl_defense4_rrc_bor_unified12l2801(1) -> tbl_defense4_rrc_bor_unified12l2811(2) -> tbl_defense4_rrc_bor_unified12l3007(3) -> tbl_defense4_rrc_bor_unified12l3016(4) -> tbl_defense4_rrc_bor_unified12l3017(5) -> tbl_defense4_rrc_bor_unified12l3018(5) -> tbl_defense4_rrc_bor_unified12l3025(6) -> tbl_hold_ok_0(7) -> tbl_defense4_rrc_bor_unified12l3033(8) -> tbl_topj_expiry_0(9) -> tbl_defense4_rrc_bor_unified12l3072(10) -> tbl_commit_0(11) (ingress)

8. tbl_defense4_rrc_bor_unified12l2801(1) -> tbl_defense4_rrc_bor_unified12l2811(2) -> tbl_defense4_rrc_bor_unified12l3007(3) -> tbl_defense4_rrc_bor_unified12l3016(4) -> tbl_defense4_rrc_bor_unified12l3017(5) -> tbl_defense4_rrc_bor_unified12l3018(5) -> tbl_defense4_rrc_bor_unified12l3025(6) -> tbl_hold_ok_0(7) -> tbl_defense4_rrc_bor_unified12l3033(8) -> tbl_topj_expiry_0(9) -> tbl_defense4_rrc_bor_unified12l3072(10) -> tbl_commit_0(11) (ingress)

9. tbl_defense4_rrc_bor_unified12l2801(1) -> tbl_defense4_rrc_bor_unified12l2802(1) -> tbl_defense4_rrc_bor_unified12l2811(2) -> tbl_defense4_rrc_bor_unified12l3007(3) -> tbl_defense4_rrc_bor_unified12l3016(4) -> tbl_defense4_rrc_bor_unified12l3017(5) -> tbl_defense4_rrc_bor_unified12l3018(5) -> tbl_defense4_rrc_bor_unified12l3025(6) -> tbl_hold_ok_0(7) -> tbl_defense4_rrc_bor_unified12l3033(8) -> tbl_topj_expiry_0(9) -> tbl_defense4_rrc_bor_unified12l3072(10) -> tbl_commit_0(11) (ingress)

10. tbl_defense4_rrc_bor_unified12l2802(1) -> tbl_defense4_rrc_bor_unified12l2811(2) -> tbl_defense4_rrc_bor_unified12l3007(3) -> tbl_defense4_rrc_bor_unified12l3016(4) -> tbl_defense4_rrc_bor_unified12l3017(5) -> tbl_defense4_rrc_bor_unified12l3018(5) -> tbl_defense4_rrc_bor_unified12l3025(6) -> tbl_hold_ok_0(7) -> tbl_defense4_rrc_bor_unified12l3033(8) -> tbl_topj_expiry_0(9) -> tbl_defense4_rrc_bor_unified12l3072(10) -> tbl_commit_0(11) (ingress)

11. tbl_defense4_rrc_bor_unified12l2802(1) -> tbl_defense4_rrc_bor_unified12l2803(1) -> tbl_defense4_rrc_bor_unified12l2811(2) -> tbl_defense4_rrc_bor_unified12l3007(3) -> tbl_defense4_rrc_bor_unified12l3016(4) -> tbl_defense4_rrc_bor_unified12l3017(5) -> tbl_defense4_rrc_bor_unified12l3018(5) -> tbl_defense4_rrc_bor_unified12l3025(6) -> tbl_hold_ok_0(7) -> tbl_defense4_rrc_bor_unified12l3033(8) -> tbl_topj_expiry_0(9) -> tbl_defense4_rrc_bor_unified12l3072(10) -> tbl_commit_0(11) (ingress)

12. tbl_defense4_rrc_bor_unified12l2803(1) -> tbl_defense4_rrc_bor_unified12l2811(2) -> tbl_defense4_rrc_bor_unified12l3007(3) -> tbl_defense4_rrc_bor_unified12l3016(4) -> tbl_defense4_rrc_bor_unified12l3017(5) -> tbl_defense4_rrc_bor_unified12l3018(5) -> tbl_defense4_rrc_bor_unified12l3025(6) -> tbl_hold_ok_0(7) -> tbl_defense4_rrc_bor_unified12l3033(8) -> tbl_topj_expiry_0(9) -> tbl_defense4_rrc_bor_unified12l3072(10) -> tbl_commit_0(11) (ingress)

13. tbl_defense4_rrc_bor_unified12l2811(2) -> tbl_defense4_rrc_bor_unified12l3007(3) -> tbl_defense4_rrc_bor_unified12l3016(4) -> tbl_defense4_rrc_bor_unified12l3017(5) -> tbl_defense4_rrc_bor_unified12l3018(5) -> tbl_defense4_rrc_bor_unified12l3025(6) -> tbl_hold_ok_0(7) -> tbl_defense4_rrc_bor_unified12l3033(8) -> tbl_topj_expiry_0(9) -> tbl_defense4_rrc_bor_unified12l3072(10) -> tbl_commit_0(11) (ingress)

14. tbl_defense4_rrc_bor_unified12l2811(2) -> tbl_defense4_rrc_bor_unified12l3008(3) -> tbl_defense4_rrc_bor_unified12l3016(4) -> tbl_defense4_rrc_bor_unified12l3017(5) -> tbl_defense4_rrc_bor_unified12l3018(5) -> tbl_defense4_rrc_bor_unified12l3025(6) -> tbl_hold_ok_0(7) -> tbl_defense4_rrc_bor_unified12l3033(8) -> tbl_topj_expiry_0(9) -> tbl_defense4_rrc_bor_unified12l3072(10) -> tbl_commit_0(11) (ingress)

15. tbl_defense4_rrc_bor_unified12l2811(2) -> tbl_defense4_rrc_bor_unified12l3009(3) -> tbl_defense4_rrc_bor_unified12l3016(4) -> tbl_defense4_rrc_bor_unified12l3017(5) -> tbl_defense4_rrc_bor_unified12l3018(5) -> tbl_defense4_rrc_bor_unified12l3025(6) -> tbl_hold_ok_0(7) -> tbl_defense4_rrc_bor_unified12l3033(8) -> tbl_topj_expiry_0(9) -> tbl_defense4_rrc_bor_unified12l3072(10) -> tbl_commit_0(11) (ingress)

16. tbl_build_exp_ack_0(0) -> tbl_session_0(0) -> tbl_defense4_rrc_bor_unified12l2839(1) -> tbl_defense4_rrc_bor_unified12l2906(2) -> tbl_resp_authorise_0(3) -> tbl_defense4_rrc_bor_unified12l2925(4) -> tbl_state_decode_0(5) -> tbl_defense4_rrc_bor_unified12l2981(6) -> tbl_tresp_expiry_0(7) -> tbl_defense4_rrc_bor_unified12l3059(8) -> tbl_decide_fresh_0(9) (ingress)

17. tbl_session_0(0) -> tbl_defense4_rrc_bor_unified12l2839(1) -> tbl_defense4_rrc_bor_unified12l2906(2) -> tbl_resp_authorise_0(3) -> tbl_defense4_rrc_bor_unified12l2925(4) -> tbl_state_decode_0(5) -> tbl_defense4_rrc_bor_unified12l2981(6) -> tbl_tresp_expiry_0(7) -> tbl_defense4_rrc_bor_unified12l3059(8) -> tbl_decide_fresh_0(9) (ingress)

18. tbl_session_0(0) -> tbl_defense4_rrc_bor_unified12l2842(1) -> tbl_defense4_rrc_bor_unified12l2906(2) -> tbl_resp_authorise_0(3) -> tbl_defense4_rrc_bor_unified12l2925(4) -> tbl_state_decode_0(5) -> tbl_defense4_rrc_bor_unified12l2981(6) -> tbl_tresp_expiry_0(7) -> tbl_defense4_rrc_bor_unified12l3059(8) -> tbl_decide_fresh_0(9) (ingress)

19. tbl_session_0(0) -> tbl_defense4_rrc_bor_unified12l2845(1) -> tbl_defense4_rrc_bor_unified12l2906(2) -> tbl_resp_authorise_0(3) -> tbl_defense4_rrc_bor_unified12l2925(4) -> tbl_state_decode_0(5) -> tbl_defense4_rrc_bor_unified12l2981(6) -> tbl_tresp_expiry_0(7) -> tbl_defense4_rrc_bor_unified12l3059(8) -> tbl_decide_fresh_0(9) (ingress)
