/home/philip/Projects/DNP3/defense4/timing/case4_architecture/integration/evidence/route_ab_01/compose_t_response_01/compile_local/source/composed_t_response.p4(764): [--Wwarn=unused] warning: 'cap' is unused
    action set_params(bit<32> da, bit<32> readiness, bit<32> cap, bit<32> gap, bit<32> op_j,
                                                             ^^^
/home/philip/Projects/DNP3/defense4/timing/case4_architecture/integration/evidence/route_ab_01/compose_t_response_01/compile_local/source/composed_t_response.p4(142): [--Wwarn=uninitialized_out_param] warning: out parameter 'm' may be uninitialized when 'r_IgParser' terminates
parser r_IgParser(packet_in pkt, out r_headers_t hdr, out r_meta_t m, out ingress_intrinsic_metadata_t ig) {
                                                                   ^
/home/philip/Projects/DNP3/defense4/timing/case4_architecture/integration/evidence/route_ab_01/compose_t_response_01/compile_local/source/composed_t_response.p4(142)
parser r_IgParser(packet_in pkt, out r_headers_t hdr, out r_meta_t m, out ingress_intrinsic_metadata_t ig) {
       ^^^^^^^^^^
/home/philip/Projects/DNP3/defense4/timing/case4_architecture/integration/evidence/route_ab_01/compose_t_response_01/compile_local/source/composed_t_response.p4(158): [--Wwarn=uninitialized_out_param] warning: out parameter 'm' may be uninitialized when 'r_EgParser' terminates
parser r_EgParser(packet_in pkt, out r_headers_t hdr, out r_meta_t m, out egress_intrinsic_metadata_t eg) {
                                                                   ^
/home/philip/Projects/DNP3/defense4/timing/case4_architecture/integration/evidence/route_ab_01/compose_t_response_01/compile_local/source/composed_t_response.p4(158)
parser r_EgParser(packet_in pkt, out r_headers_t hdr, out r_meta_t m, out egress_intrinsic_metadata_t eg) {
       ^^^^^^^^^^
/home/philip/Projects/DNP3/defense4/timing/case4_architecture/integration/evidence/route_ab_01/compose_t_response_01/compile_local/source/composed_t_response.p4(707): [--Wwarn=uninitialized_out_param] warning: out parameter 'md' may be uninitialized when 't_IngressParser' terminates
parser t_IngressParser(packet_in pkt, out t_header_t hdr, out t_metadata_t md,
                                                                           ^^
/home/philip/Projects/DNP3/defense4/timing/case4_architecture/integration/evidence/route_ab_01/compose_t_response_01/compile_local/source/composed_t_response.p4(707)
parser t_IngressParser(packet_in pkt, out t_header_t hdr, out t_metadata_t md,
       ^^^^^^^^^^^^^^^
/home/philip/Projects/DNP3/defense4/timing/case4_architecture/integration/evidence/route_ab_01/compose_t_response_01/compile_local/source/composed_t_response.p4(1512): [--Wwarn=uninitialized_out_param] warning: out parameter 'md' may be uninitialized when 't_EmptyEgressParser' terminates
parser t_EmptyEgressParser(packet_in pkt, out t_header_t hdr, out t_metadata_t md,
                                                                               ^^
/home/philip/Projects/DNP3/defense4/timing/case4_architecture/integration/evidence/route_ab_01/compose_t_response_01/compile_local/source/composed_t_response.p4(1512)
parser t_EmptyEgressParser(packet_in pkt, out t_header_t hdr, out t_metadata_t md,
       ^^^^^^^^^^^^^^^^^^^
/home/philip/Projects/DNP3/defense4/timing/case4_architecture/integration/evidence/route_ab_01/compose_t_response_01/compile_local/source/composed_t_response.p4(231): warning: Expected single call to get for hash instance 'r_Egress.widen_len'.Control plane API is not generated for this hash call
    Hash<bit<32>>(HashAlgorithm_t.IDENTITY) widen_len;
                                            ^^^^^^^^^
/home/philip/Projects/DNP3/defense4/timing/case4_architecture/integration/evidence/route_ab_01/compose_t_response_01/compile_local/source/composed_t_response.p4(231): warning: Expected single call to get for hash instance 'r_Egress.widen_len'.Control plane API is not generated for this hash call
    Hash<bit<32>>(HashAlgorithm_t.IDENTITY) widen_len;
                                            ^^^^^^^^^
warning: Parser state min_parse_depth_accept_loop will be unrolled up to 3 times due to @pragma max_loop_depth.
warning: Parser state min_parse_depth_accept_loop will be unrolled up to 4 times due to @pragma max_loop_depth.
warning: Parser state min_parse_depth_accept_loop will be unrolled up to 4 times due to @pragma max_loop_depth.
warning: Parser state min_parse_depth_accept_loop will be unrolled up to 3 times due to @pragma max_loop_depth.
warning: Parser state min_parse_depth_accept_loop will be unrolled up to 4 times due to @pragma max_loop_depth.
warning: Parser state min_parse_depth_accept_loop will be unrolled up to 4 times due to @pragma max_loop_depth.
[--Wwarn=invalid] warning: "m.len_delta": No matching PHV field in the pipe `p1'. Ignoring pragma.
[--Wwarn=invalid] warning: "m.ack_inv": No matching PHV field in the pipe `p1'. Ignoring pragma.
[--Wwarn=invalid] warning: "hdr.dl.start": No matching PHV field in the pipe `p1'. Ignoring pragma.
[--Wwarn=invalid] warning: "hdr.dl.len": No matching PHV field in the pipe `p1'. Ignoring pragma.
[--Wwarn=invalid] warning: "hdr.dl.ctrl": No matching PHV field in the pipe `p1'. Ignoring pragma.
[--Wwarn=invalid] warning: "hdr.dl.dst": No matching PHV field in the pipe `p1'. Ignoring pragma.
[--Wwarn=invalid] warning: "hdr.dl.src": No matching PHV field in the pipe `p1'. Ignoring pragma.
[--Wwarn=invalid] warning: "hdr.dl.crc": No matching PHV field in the pipe `p1'. Ignoring pragma.
[--Wwarn=invalid] warning: "hdr.rb0.tpctrl": No matching PHV field in the pipe `p1'. Ignoring pragma.
[--Wwarn=invalid] warning: "hdr.rb0.appctrl": No matching PHV field in the pipe `p1'. Ignoring pragma.
[--Wwarn=invalid] warning: "hdr.rb0.func": No matching PHV field in the pipe `p1'. Ignoring pragma.
[--Wwarn=invalid] warning: "hdr.rb0.iin": No matching PHV field in the pipe `p1'. Ignoring pragma.
[--Wwarn=invalid] warning: "hdr.rb0.g_group": No matching PHV field in the pipe `p1'. Ignoring pragma.
[--Wwarn=invalid] warning: "hdr.rb0.g_var": No matching PHV field in the pipe `p1'. Ignoring pragma.
[--Wwarn=invalid] warning: "hdr.rb0.g_qual": No matching PHV field in the pipe `p1'. Ignoring pragma.
[--Wwarn=invalid] warning: "hdr.rb0.g_start": No matching PHV field in the pipe `p1'. Ignoring pragma.
[--Wwarn=invalid] warning: "hdr.rb0.g_stop": No matching PHV field in the pipe `p1'. Ignoring pragma.
[--Wwarn=invalid] warning: "hdr.rb0.data_mid": No matching PHV field in the pipe `p1'. Ignoring pragma.
[--Wwarn=invalid] warning: "hdr.rb0.crc0": No matching PHV field in the pipe `p1'. Ignoring pragma.
[--Wwarn=invalid] warning: "hdr.rb1.data": No matching PHV field in the pipe `p1'. Ignoring pragma.
[--Wwarn=invalid] warning: "hdr.rb1.crc1": No matching PHV field in the pipe `p1'. Ignoring pragma.
[--Wwarn=invalid] warning: "hdr.rtn.data_last": No matching PHV field in the pipe `p1'. Ignoring pragma.
[--Wwarn=invalid] warning: "hdr.rtn.crc2": No matching PHV field in the pipe `p1'. Ignoring pragma.
[--Wwarn=invalid] warning: "hdr.rtp.data_last": No matching PHV field in the pipe `p1'. Ignoring pragma.
[--Wwarn=invalid] warning: "hdr.rtp.filler": No matching PHV field in the pipe `p1'. Ignoring pragma.
[--Wwarn=invalid] warning: "hdr.rtp.crc2": No matching PHV field in the pipe `p1'. Ignoring pragma.
[--Wwarn=invalid] warning: "hdr.cb0.tpctrl": No matching PHV field in the pipe `p1'. Ignoring pragma.
[--Wwarn=invalid] warning: "hdr.cb0.appctrl": No matching PHV field in the pipe `p1'. Ignoring pragma.
[--Wwarn=invalid] warning: "hdr.cb0.func": No matching PHV field in the pipe `p1'. Ignoring pragma.
[--Wwarn=invalid] warning: "hdr.cb0.iin": No matching PHV field in the pipe `p1'. Ignoring pragma.
[--Wwarn=invalid] warning: "hdr.cb0.g_group": No matching PHV field in the pipe `p1'. Ignoring pragma.
[--Wwarn=invalid] warning: "hdr.cb0.g_var": No matching PHV field in the pipe `p1'. Ignoring pragma.
[--Wwarn=invalid] warning: "hdr.cb0.g_qual": No matching PHV field in the pipe `p1'. Ignoring pragma.
[--Wwarn=invalid] warning: "hdr.cb0.g_count": No matching PHV field in the pipe `p1'. Ignoring pragma.
[--Wwarn=invalid] warning: "hdr.cb0.index": No matching PHV field in the pipe `p1'. Ignoring pragma.
[--Wwarn=invalid] warning: "hdr.cb0.crob_code": No matching PHV field in the pipe `p1'. Ignoring pragma.
[--Wwarn=invalid] warning: "hdr.cb0.crob_count": No matching PHV field in the pipe `p1'. Ignoring pragma.
[--Wwarn=invalid] warning: "hdr.cb0.on_hi": No matching PHV field in the pipe `p1'. Ignoring pragma.
[--Wwarn=invalid] warning: "hdr.cb0.crc0": No matching PHV field in the pipe `p1'. Ignoring pragma.
[--Wwarn=invalid] warning: "hdr.ctn.on_lo": No matching PHV field in the pipe `p1'. Ignoring pragma.
[--Wwarn=invalid] warning: "hdr.ctn.off": No matching PHV field in the pipe `p1'. Ignoring pragma.
[--Wwarn=invalid] warning: "hdr.ctn.status": No matching PHV field in the pipe `p1'. Ignoring pragma.
[--Wwarn=invalid] warning: "hdr.ctn.crc1": No matching PHV field in the pipe `p1'. Ignoring pragma.
[--Wwarn=invalid] warning: "hdr.ctp1.on_lo": No matching PHV field in the pipe `p1'. Ignoring pragma.
[--Wwarn=invalid] warning: "hdr.ctp1.off": No matching PHV field in the pipe `p1'. Ignoring pragma.
[--Wwarn=invalid] warning: "hdr.ctp1.status": No matching PHV field in the pipe `p1'. Ignoring pragma.
[--Wwarn=invalid] warning: "hdr.ctp1.filler_a": No matching PHV field in the pipe `p1'. Ignoring pragma.
[--Wwarn=invalid] warning: "hdr.ctp1.crc1": No matching PHV field in the pipe `p1'. Ignoring pragma.
[--Wwarn=invalid] warning: "hdr.ctp2.filler_b": No matching PHV field in the pipe `p1'. Ignoring pragma.
[--Wwarn=invalid] warning: "hdr.ctp2.crc2": No matching PHV field in the pipe `p1'. Ignoring pragma.
[--Wwarn=invalid] warning: "m.read_shape": No matching PHV field in the pipe `p1'. Ignoring pragma.
[--Wwarn=invalid] warning: "m.ctl_shape": No matching PHV field in the pipe `p1'. Ignoring pragma.
[--Wwarn=invalid] warning: "m.badh": No matching PHV field in the pipe `p1'. Ignoring pragma.
[--Wwarn=invalid] warning: "m.rbad0": No matching PHV field in the pipe `p1'. Ignoring pragma.
[--Wwarn=invalid] warning: "m.rbad1": No matching PHV field in the pipe `p1'. Ignoring pragma.
[--Wwarn=invalid] warning: "m.rbadt": No matching PHV field in the pipe `p1'. Ignoring pragma.
[--Wwarn=invalid] warning: "m.cbad0": No matching PHV field in the pipe `p1'. Ignoring pragma.
[--Wwarn=invalid] warning: "m.cbadt": No matching PHV field in the pipe `p1'. Ignoring pragma.
[--Wwarn=invalid] warning: "m.len_delta": No matching PHV field in the pipe `p1'. Ignoring pragma.
[--Wwarn=invalid] warning: "m.ack_inv": No matching PHV field in the pipe `p1'. Ignoring pragma.
[--Wwarn=invalid] warning: "hdr.dl.start": No matching PHV field in the pipe `p1'. Ignoring pragma.
[--Wwarn=invalid] warning: "hdr.dl.len": No matching PHV field in the pipe `p1'. Ignoring pragma.
[--Wwarn=invalid] warning: "hdr.dl.ctrl": No matching PHV field in the pipe `p1'. Ignoring pragma.
[--Wwarn=invalid] warning: "hdr.dl.dst": No matching PHV field in the pipe `p1'. Ignoring pragma.
[--Wwarn=invalid] warning: "hdr.dl.src": No matching PHV field in the pipe `p1'. Ignoring pragma.
[--Wwarn=invalid] warning: "hdr.dl.crc": No matching PHV field in the pipe `p1'. Ignoring pragma.
[--Wwarn=invalid] warning: "hdr.rb0.tpctrl": No matching PHV field in the pipe `p1'. Ignoring pragma.
[--Wwarn=invalid] warning: "hdr.rb0.appctrl": No matching PHV field in the pipe `p1'. Ignoring pragma.
[--Wwarn=invalid] warning: "hdr.rb0.func": No matching PHV field in the pipe `p1'. Ignoring pragma.
[--Wwarn=invalid] warning: "hdr.rb0.iin": No matching PHV field in the pipe `p1'. Ignoring pragma.
[--Wwarn=invalid] warning: "hdr.rb0.g_group": No matching PHV field in the pipe `p1'. Ignoring pragma.
[--Wwarn=invalid] warning: "hdr.rb0.g_var": No matching PHV field in the pipe `p1'. Ignoring pragma.
[--Wwarn=invalid] warning: "hdr.rb0.g_qual": No matching PHV field in the pipe `p1'. Ignoring pragma.
[--Wwarn=invalid] warning: "hdr.rb0.g_start": No matching PHV field in the pipe `p1'. Ignoring pragma.
[--Wwarn=invalid] warning: "hdr.rb0.g_stop": No matching PHV field in the pipe `p1'. Ignoring pragma.
[--Wwarn=invalid] warning: "hdr.rb0.data_mid": No matching PHV field in the pipe `p1'. Ignoring pragma.
[--Wwarn=invalid] warning: "hdr.rb0.crc0": No matching PHV field in the pipe `p1'. Ignoring pragma.
[--Wwarn=invalid] warning: "hdr.rb1.data": No matching PHV field in the pipe `p1'. Ignoring pragma.
[--Wwarn=invalid] warning: "hdr.rb1.crc1": No matching PHV field in the pipe `p1'. Ignoring pragma.
[--Wwarn=invalid] warning: "hdr.rtn.data_last": No matching PHV field in the pipe `p1'. Ignoring pragma.
[--Wwarn=invalid] warning: "hdr.rtn.crc2": No matching PHV field in the pipe `p1'. Ignoring pragma.
[--Wwarn=invalid] warning: "hdr.rtp.data_last": No matching PHV field in the pipe `p1'. Ignoring pragma.
[--Wwarn=invalid] warning: "hdr.rtp.filler": No matching PHV field in the pipe `p1'. Ignoring pragma.
[--Wwarn=invalid] warning: "hdr.rtp.crc2": No matching PHV field in the pipe `p1'. Ignoring pragma.
[--Wwarn=invalid] warning: "hdr.cb0.tpctrl": No matching PHV field in the pipe `p1'. Ignoring pragma.
[--Wwarn=invalid] warning: "hdr.cb0.appctrl": No matching PHV field in the pipe `p1'. Ignoring pragma.
[--Wwarn=invalid] warning: "hdr.cb0.func": No matching PHV field in the pipe `p1'. Ignoring pragma.
[--Wwarn=invalid] warning: "hdr.cb0.iin": No matching PHV field in the pipe `p1'. Ignoring pragma.
[--Wwarn=invalid] warning: "hdr.cb0.g_group": No matching PHV field in the pipe `p1'. Ignoring pragma.
[--Wwarn=invalid] warning: "hdr.cb0.g_var": No matching PHV field in the pipe `p1'. Ignoring pragma.
[--Wwarn=invalid] warning: "hdr.cb0.g_qual": No matching PHV field in the pipe `p1'. Ignoring pragma.
[--Wwarn=invalid] warning: "hdr.cb0.g_count": No matching PHV field in the pipe `p1'. Ignoring pragma.
[--Wwarn=invalid] warning: "hdr.cb0.index": No matching PHV field in the pipe `p1'. Ignoring pragma.
[--Wwarn=invalid] warning: "hdr.cb0.crob_code": No matching PHV field in the pipe `p1'. Ignoring pragma.
[--Wwarn=invalid] warning: "hdr.cb0.crob_count": No matching PHV field in the pipe `p1'. Ignoring pragma.
[--Wwarn=invalid] warning: "hdr.cb0.on_hi": No matching PHV field in the pipe `p1'. Ignoring pragma.
[--Wwarn=invalid] warning: "hdr.cb0.crc0": No matching PHV field in the pipe `p1'. Ignoring pragma.
[--Wwarn=invalid] warning: "hdr.ctn.on_lo": No matching PHV field in the pipe `p1'. Ignoring pragma.
[--Wwarn=invalid] warning: "hdr.ctn.off": No matching PHV field in the pipe `p1'. Ignoring pragma.
[--Wwarn=invalid] warning: "hdr.ctn.status": No matching PHV field in the pipe `p1'. Ignoring pragma.
[--Wwarn=invalid] warning: "hdr.ctn.crc1": No matching PHV field in the pipe `p1'. Ignoring pragma.
[--Wwarn=invalid] warning: "hdr.ctp1.on_lo": No matching PHV field in the pipe `p1'. Ignoring pragma.
[--Wwarn=invalid] warning: "hdr.ctp1.off": No matching PHV field in the pipe `p1'. Ignoring pragma.
[--Wwarn=invalid] warning: "hdr.ctp1.status": No matching PHV field in the pipe `p1'. Ignoring pragma.
[--Wwarn=invalid] warning: "hdr.ctp1.filler_a": No matching PHV field in the pipe `p1'. Ignoring pragma.
[--Wwarn=invalid] warning: "hdr.ctp1.crc1": No matching PHV field in the pipe `p1'. Ignoring pragma.
[--Wwarn=invalid] warning: "hdr.ctp2.filler_b": No matching PHV field in the pipe `p1'. Ignoring pragma.
[--Wwarn=invalid] warning: "hdr.ctp2.crc2": No matching PHV field in the pipe `p1'. Ignoring pragma.
[--Wwarn=invalid] warning: "m.len_delta": No matching PHV field in the pipe `p2'. Ignoring pragma.
[--Wwarn=invalid] warning: "m.ack_inv": No matching PHV field in the pipe `p2'. Ignoring pragma.
[--Wwarn=invalid] warning: "hdr.dl.start": No matching PHV field in the pipe `p2'. Ignoring pragma.
[--Wwarn=invalid] warning: "hdr.dl.len": No matching PHV field in the pipe `p2'. Ignoring pragma.
[--Wwarn=invalid] warning: "hdr.dl.ctrl": No matching PHV field in the pipe `p2'. Ignoring pragma.
[--Wwarn=invalid] warning: "hdr.dl.dst": No matching PHV field in the pipe `p2'. Ignoring pragma.
[--Wwarn=invalid] warning: "hdr.dl.src": No matching PHV field in the pipe `p2'. Ignoring pragma.
[--Wwarn=invalid] warning: "hdr.dl.crc": No matching PHV field in the pipe `p2'. Ignoring pragma.
[--Wwarn=invalid] warning: "hdr.rb0.tpctrl": No matching PHV field in the pipe `p2'. Ignoring pragma.
[--Wwarn=invalid] warning: "hdr.rb0.appctrl": No matching PHV field in the pipe `p2'. Ignoring pragma.
[--Wwarn=invalid] warning: "hdr.rb0.func": No matching PHV field in the pipe `p2'. Ignoring pragma.
[--Wwarn=invalid] warning: "hdr.rb0.iin": No matching PHV field in the pipe `p2'. Ignoring pragma.
[--Wwarn=invalid] warning: "hdr.rb0.g_group": No matching PHV field in the pipe `p2'. Ignoring pragma.
[--Wwarn=invalid] warning: "hdr.rb0.g_var": No matching PHV field in the pipe `p2'. Ignoring pragma.
[--Wwarn=invalid] warning: "hdr.rb0.g_qual": No matching PHV field in the pipe `p2'. Ignoring pragma.
[--Wwarn=invalid] warning: "hdr.rb0.g_start": No matching PHV field in the pipe `p2'. Ignoring pragma.
[--Wwarn=invalid] warning: "hdr.rb0.g_stop": No matching PHV field in the pipe `p2'. Ignoring pragma.
[--Wwarn=invalid] warning: "hdr.rb0.data_mid": No matching PHV field in the pipe `p2'. Ignoring pragma.
[--Wwarn=invalid] warning: "hdr.rb0.crc0": No matching PHV field in the pipe `p2'. Ignoring pragma.
[--Wwarn=invalid] warning: "hdr.rb1.data": No matching PHV field in the pipe `p2'. Ignoring pragma.
[--Wwarn=invalid] warning: "hdr.rb1.crc1": No matching PHV field in the pipe `p2'. Ignoring pragma.
[--Wwarn=invalid] warning: "hdr.rtn.data_last": No matching PHV field in the pipe `p2'. Ignoring pragma.
[--Wwarn=invalid] warning: "hdr.rtn.crc2": No matching PHV field in the pipe `p2'. Ignoring pragma.
[--Wwarn=invalid] warning: "hdr.rtp.data_last": No matching PHV field in the pipe `p2'. Ignoring pragma.
[--Wwarn=invalid] warning: "hdr.rtp.filler": No matching PHV field in the pipe `p2'. Ignoring pragma.
[--Wwarn=invalid] warning: "hdr.rtp.crc2": No matching PHV field in the pipe `p2'. Ignoring pragma.
[--Wwarn=invalid] warning: "hdr.cb0.tpctrl": No matching PHV field in the pipe `p2'. Ignoring pragma.
[--Wwarn=invalid] warning: "hdr.cb0.appctrl": No matching PHV field in the pipe `p2'. Ignoring pragma.
[--Wwarn=invalid] warning: "hdr.cb0.func": No matching PHV field in the pipe `p2'. Ignoring pragma.
[--Wwarn=invalid] warning: "hdr.cb0.iin": No matching PHV field in the pipe `p2'. Ignoring pragma.
[--Wwarn=invalid] warning: "hdr.cb0.g_group": No matching PHV field in the pipe `p2'. Ignoring pragma.
[--Wwarn=invalid] warning: "hdr.cb0.g_var": No matching PHV field in the pipe `p2'. Ignoring pragma.
[--Wwarn=invalid] warning: "hdr.cb0.g_qual": No matching PHV field in the pipe `p2'. Ignoring pragma.
[--Wwarn=invalid] warning: "hdr.cb0.g_count": No matching PHV field in the pipe `p2'. Ignoring pragma.
[--Wwarn=invalid] warning: "hdr.cb0.index": No matching PHV field in the pipe `p2'. Ignoring pragma.
[--Wwarn=invalid] warning: "hdr.cb0.crob_code": No matching PHV field in the pipe `p2'. Ignoring pragma.
[--Wwarn=invalid] warning: "hdr.cb0.crob_count": No matching PHV field in the pipe `p2'. Ignoring pragma.
[--Wwarn=invalid] warning: "hdr.cb0.on_hi": No matching PHV field in the pipe `p2'. Ignoring pragma.
[--Wwarn=invalid] warning: "hdr.cb0.crc0": No matching PHV field in the pipe `p2'. Ignoring pragma.
[--Wwarn=invalid] warning: "hdr.ctn.on_lo": No matching PHV field in the pipe `p2'. Ignoring pragma.
[--Wwarn=invalid] warning: "hdr.ctn.off": No matching PHV field in the pipe `p2'. Ignoring pragma.
[--Wwarn=invalid] warning: "hdr.ctn.status": No matching PHV field in the pipe `p2'. Ignoring pragma.
[--Wwarn=invalid] warning: "hdr.ctn.crc1": No matching PHV field in the pipe `p2'. Ignoring pragma.
[--Wwarn=invalid] warning: "hdr.ctp1.on_lo": No matching PHV field in the pipe `p2'. Ignoring pragma.
[--Wwarn=invalid] warning: "hdr.ctp1.off": No matching PHV field in the pipe `p2'. Ignoring pragma.
[--Wwarn=invalid] warning: "hdr.ctp1.status": No matching PHV field in the pipe `p2'. Ignoring pragma.
[--Wwarn=invalid] warning: "hdr.ctp1.filler_a": No matching PHV field in the pipe `p2'. Ignoring pragma.
[--Wwarn=invalid] warning: "hdr.ctp1.crc1": No matching PHV field in the pipe `p2'. Ignoring pragma.
[--Wwarn=invalid] warning: "hdr.ctp2.filler_b": No matching PHV field in the pipe `p2'. Ignoring pragma.
[--Wwarn=invalid] warning: "hdr.ctp2.crc2": No matching PHV field in the pipe `p2'. Ignoring pragma.
[--Wwarn=invalid] warning: "m.read_shape": No matching PHV field in the pipe `p2'. Ignoring pragma.
[--Wwarn=invalid] warning: "m.ctl_shape": No matching PHV field in the pipe `p2'. Ignoring pragma.
[--Wwarn=invalid] warning: "m.badh": No matching PHV field in the pipe `p2'. Ignoring pragma.
[--Wwarn=invalid] warning: "m.rbad0": No matching PHV field in the pipe `p2'. Ignoring pragma.
[--Wwarn=invalid] warning: "m.rbad1": No matching PHV field in the pipe `p2'. Ignoring pragma.
[--Wwarn=invalid] warning: "m.rbadt": No matching PHV field in the pipe `p2'. Ignoring pragma.
[--Wwarn=invalid] warning: "m.cbad0": No matching PHV field in the pipe `p2'. Ignoring pragma.
[--Wwarn=invalid] warning: "m.cbadt": No matching PHV field in the pipe `p2'. Ignoring pragma.
[--Wwarn=invalid] warning: "m.len_delta": No matching PHV field in the pipe `p2'. Ignoring pragma.
[--Wwarn=invalid] warning: "m.ack_inv": No matching PHV field in the pipe `p2'. Ignoring pragma.
[--Wwarn=invalid] warning: "hdr.dl.start": No matching PHV field in the pipe `p2'. Ignoring pragma.
[--Wwarn=invalid] warning: "hdr.dl.len": No matching PHV field in the pipe `p2'. Ignoring pragma.
[--Wwarn=invalid] warning: "hdr.dl.ctrl": No matching PHV field in the pipe `p2'. Ignoring pragma.
[--Wwarn=invalid] warning: "hdr.dl.dst": No matching PHV field in the pipe `p2'. Ignoring pragma.
[--Wwarn=invalid] warning: "hdr.dl.src": No matching PHV field in the pipe `p2'. Ignoring pragma.
[--Wwarn=invalid] warning: "hdr.dl.crc": No matching PHV field in the pipe `p2'. Ignoring pragma.
[--Wwarn=invalid] warning: "hdr.rb0.tpctrl": No matching PHV field in the pipe `p2'. Ignoring pragma.
[--Wwarn=invalid] warning: "hdr.rb0.appctrl": No matching PHV field in the pipe `p2'. Ignoring pragma.
[--Wwarn=invalid] warning: "hdr.rb0.func": No matching PHV field in the pipe `p2'. Ignoring pragma.
[--Wwarn=invalid] warning: "hdr.rb0.iin": No matching PHV field in the pipe `p2'. Ignoring pragma.
[--Wwarn=invalid] warning: "hdr.rb0.g_group": No matching PHV field in the pipe `p2'. Ignoring pragma.
[--Wwarn=invalid] warning: "hdr.rb0.g_var": No matching PHV field in the pipe `p2'. Ignoring pragma.
[--Wwarn=invalid] warning: "hdr.rb0.g_qual": No matching PHV field in the pipe `p2'. Ignoring pragma.
[--Wwarn=invalid] warning: "hdr.rb0.g_start": No matching PHV field in the pipe `p2'. Ignoring pragma.
[--Wwarn=invalid] warning: "hdr.rb0.g_stop": No matching PHV field in the pipe `p2'. Ignoring pragma.
[--Wwarn=invalid] warning: "hdr.rb0.data_mid": No matching PHV field in the pipe `p2'. Ignoring pragma.
[--Wwarn=invalid] warning: "hdr.rb0.crc0": No matching PHV field in the pipe `p2'. Ignoring pragma.
[--Wwarn=invalid] warning: "hdr.rb1.data": No matching PHV field in the pipe `p2'. Ignoring pragma.
[--Wwarn=invalid] warning: "hdr.rb1.crc1": No matching PHV field in the pipe `p2'. Ignoring pragma.
[--Wwarn=invalid] warning: "hdr.rtn.data_last": No matching PHV field in the pipe `p2'. Ignoring pragma.
[--Wwarn=invalid] warning: "hdr.rtn.crc2": No matching PHV field in the pipe `p2'. Ignoring pragma.
[--Wwarn=invalid] warning: "hdr.rtp.data_last": No matching PHV field in the pipe `p2'. Ignoring pragma.
[--Wwarn=invalid] warning: "hdr.rtp.filler": No matching PHV field in the pipe `p2'. Ignoring pragma.
[--Wwarn=invalid] warning: "hdr.rtp.crc2": No matching PHV field in the pipe `p2'. Ignoring pragma.
[--Wwarn=invalid] warning: "hdr.cb0.tpctrl": No matching PHV field in the pipe `p2'. Ignoring pragma.
[--Wwarn=invalid] warning: "hdr.cb0.appctrl": No matching PHV field in the pipe `p2'. Ignoring pragma.
[--Wwarn=invalid] warning: "hdr.cb0.func": No matching PHV field in the pipe `p2'. Ignoring pragma.
[--Wwarn=invalid] warning: "hdr.cb0.iin": No matching PHV field in the pipe `p2'. Ignoring pragma.
[--Wwarn=invalid] warning: "hdr.cb0.g_group": No matching PHV field in the pipe `p2'. Ignoring pragma.
[--Wwarn=invalid] warning: "hdr.cb0.g_var": No matching PHV field in the pipe `p2'. Ignoring pragma.
[--Wwarn=invalid] warning: "hdr.cb0.g_qual": No matching PHV field in the pipe `p2'. Ignoring pragma.
[--Wwarn=invalid] warning: "hdr.cb0.g_count": No matching PHV field in the pipe `p2'. Ignoring pragma.
[--Wwarn=invalid] warning: "hdr.cb0.index": No matching PHV field in the pipe `p2'. Ignoring pragma.
[--Wwarn=invalid] warning: "hdr.cb0.crob_code": No matching PHV field in the pipe `p2'. Ignoring pragma.
[--Wwarn=invalid] warning: "hdr.cb0.crob_count": No matching PHV field in the pipe `p2'. Ignoring pragma.
[--Wwarn=invalid] warning: "hdr.cb0.on_hi": No matching PHV field in the pipe `p2'. Ignoring pragma.
[--Wwarn=invalid] warning: "hdr.cb0.crc0": No matching PHV field in the pipe `p2'. Ignoring pragma.
[--Wwarn=invalid] warning: "hdr.ctn.on_lo": No matching PHV field in the pipe `p2'. Ignoring pragma.
[--Wwarn=invalid] warning: "hdr.ctn.off": No matching PHV field in the pipe `p2'. Ignoring pragma.
[--Wwarn=invalid] warning: "hdr.ctn.status": No matching PHV field in the pipe `p2'. Ignoring pragma.
[--Wwarn=invalid] warning: "hdr.ctn.crc1": No matching PHV field in the pipe `p2'. Ignoring pragma.
[--Wwarn=invalid] warning: "hdr.ctp1.on_lo": No matching PHV field in the pipe `p2'. Ignoring pragma.
[--Wwarn=invalid] warning: "hdr.ctp1.off": No matching PHV field in the pipe `p2'. Ignoring pragma.
[--Wwarn=invalid] warning: "hdr.ctp1.status": No matching PHV field in the pipe `p2'. Ignoring pragma.
[--Wwarn=invalid] warning: "hdr.ctp1.filler_a": No matching PHV field in the pipe `p2'. Ignoring pragma.
[--Wwarn=invalid] warning: "hdr.ctp1.crc1": No matching PHV field in the pipe `p2'. Ignoring pragma.
[--Wwarn=invalid] warning: "hdr.ctp2.filler_b": No matching PHV field in the pipe `p2'. Ignoring pragma.
[--Wwarn=invalid] warning: "hdr.ctp2.crc2": No matching PHV field in the pipe `p2'. Ignoring pragma.

0 errors, 229 warnings generated.

