[03:29:04] === CAMPAIGN spec=defense4/timing/campaigns/d6_campaignB.spec out=defense4/timing/evidence/campaign_d6B_20260807T032904Z init=OFF keep_d4=1 ===
[03:29:07] preflight OK: defense4_caseA loaded, binary sha matches, relay reachable
[03:29:12] watchdog armed (deadline 2400s)
[03:29:12] --- initialize (mode OFF) ---
[03:29:13] --- block 1: B_D3_2_00 mode=D3 D_A=8ms D_R=0ms N=60 gap=0.4 seq0=0 ---
   verdict=clean hard=[] responded=60/60
[03:29:45] --- block 2: B_D2_1_01 mode=D2 D_A=0ms D_R=8ms N=60 gap=0.4 seq0=4 ---
   verdict=clean hard=[] responded=60/60
[03:30:17] --- block 3: B_OFF_2_02 mode=OFF D_A=0ms D_R=0ms N=60 gap=0.4 seq0=8 ---
   verdict=clean hard=[] responded=60/60
[03:30:49] --- block 4: B_D3_1_03 mode=D3 D_A=8ms D_R=0ms N=60 gap=0.4 seq0=12 ---
   verdict=clean hard=[] responded=60/60
[03:31:21] --- block 5: B_D1_1_04 mode=D1 D_A=3ms D_R=3ms N=60 gap=0.4 seq0=0 ---
   verdict=clean hard=[] responded=60/60
[03:31:53] --- block 6: B_D4_2_05 mode=D4 D_A=4ms D_R=8ms N=60 gap=0.4 seq0=4 ---
   verdict=clean hard=[] responded=60/60
[03:32:25] --- block 7: B_D1_2_06 mode=D1 D_A=3ms D_R=3ms N=60 gap=0.4 seq0=8 ---
   verdict=clean hard=[] responded=60/60
[03:32:57] --- block 8: B_D4_1_07 mode=D4 D_A=4ms D_R=8ms N=60 gap=0.4 seq0=12 ---
   verdict=clean hard=[] responded=60/60
[03:33:29] --- block 9: B_D2_2_08 mode=D2 D_A=0ms D_R=8ms N=60 gap=0.4 seq0=0 ---
   verdict=clean hard=[] responded=60/60
[03:34:01] --- block 10: B_OFF_1_09 mode=OFF D_A=0ms D_R=0ms N=60 gap=0.4 seq0=4 ---
   verdict=clean hard=[] responded=60/60
[03:34:33] --- collecting pcaps + manifest ---
[03:34:36] pcaps: 10
[03:34:36] === CAMPAIGN complete: 10 blocks -> defense4/timing/evidence/campaign_d6B_20260807T032904Z/blocks.jsonl ===
[03:34:38] success: leaving Defense 4 running (forwarding verified); standing watchdog down
