source/read_queue_timing.p4(150): [--Wwarn=unused] warning: 'cap' is unused
    action set_params(bit<32> da, bit<32> readiness, bit<32> cap, bit<32> gap, bit<32> op_j,
                                                             ^^^
source/read_queue_timing.p4(93): [--Wwarn=uninitialized_out_param] warning: out parameter 'md' may be uninitialized when 'IngressParser' terminates
parser IngressParser(packet_in pkt, out header_t hdr, out metadata_t md,
                                                                     ^^
source/read_queue_timing.p4(93)
parser IngressParser(packet_in pkt, out header_t hdr, out metadata_t md,
       ^^^^^^^^^^^^^
source/read_queue_timing.p4(532): [--Wwarn=invalid_header] warning: accessing a field of an invalid header hdr.timer
        hdr.ladder.generation = hdr.timer.batch_id; hdr.ladder.budget = md.budget_cap;
                                ^^^^^^^^^
source/read_queue_timing.p4(520): [--Wwarn=invalid_header] warning: accessing a field of an invalid header hdr.timer
        hdr.ladder.generation = hdr.timer.batch_id; hdr.ladder.budget = md.budget_cap;
                                ^^^^^^^^^
source/read_queue_timing.p4(526): [--Wwarn=invalid_header] warning: accessing a field of an invalid header hdr.timer
        hdr.ladder.generation = hdr.timer.batch_id; hdr.ladder.budget = md.budget_cap;
                                ^^^^^^^^^
source/probe_shell.p4(4): [--Wwarn=uninitialized_out_param] warning: out parameter 'md' may be uninitialized when 'EmptyEgressParser' terminates
parser EmptyEgressParser(packet_in pkt, out header_t hdr, out metadata_t md,
                                                                         ^^
source/probe_shell.p4(4)
parser EmptyEgressParser(packet_in pkt, out header_t hdr, out metadata_t md,
       ^^^^^^^^^^^^^^^^^
warning: Parser state min_parse_depth_accept_loop will be unrolled up to 4 times due to @pragma max_loop_depth.
warning: Parser state min_parse_depth_accept_loop will be unrolled up to 4 times due to @pragma max_loop_depth.
error: Table placement cannot make any more progress.  Though some tables have not yet been placed, dependency analysis has found that no more tables are placeable.


1 error, 8 warnings generated.

Skipping assembler, assembly file is empty
