+---------------------------------------------------------------------+
|  Log file: mau.resources.log                                        |
|  Compiler version: 9.13.1                                           |
|  Created on: Thu Aug 13 00:10:32 2026                               |
|  Run ID: e32234a9f7624509                                           |
+---------------------------------------------------------------------+


---------------------------------------------------------------------------------------------------------------------------------------------------------------------------------------------------------------------------------------------------------------------------------------------------------------------------------------------------------------
| Stage Number | Exact Match Input xbar | Ternary Match Input xbar | Hash Bit | Hash Dist Unit | Gateway | SRAM | Map RAM | TCAM | VLIW Instr | Meter ALU | Stats ALU | Stash | Exact Match Search Bus | Exact Match Result Bus | Tind Result Bus | Action Data Bus Bytes | 8-bit Action Slots | 16-bit Action Slots | 32-bit Action Slots | Logical TableID |
---------------------------------------------------------------------------------------------------------------------------------------------------------------------------------------------------------------------------------------------------------------------------------------------------------------------------------------------------------------
|      0       |           7            |            0             |    80    |       0        |    1    |  10  |    2    |  0   |     3      |     0     |     1     |   2   |           2            |           2            |        3        |           16          |         0          |          0          |          0          |        5        |
|      1       |           6            |            0             |    8     |       0        |    4    |  2   |    2    |  0   |     4      |     1     |     0     |   0   |           4            |           0            |        5        |           4           |         0          |          0          |          0          |        6        |
|      2       |           4            |            0             |    24    |       0        |    3    |  2   |    2    |  0   |     4      |     1     |     0     |   0   |           3            |           0            |        4        |           4           |         0          |          0          |          0          |        5        |
|      3       |           4            |            0             |    0     |       0        |    1    |  0   |    0    |  0   |     1      |     0     |     0     |   0   |           1            |           0            |        1        |           0           |         0          |          0          |          0          |        1        |
|      4       |           8            |            0             |    0     |       0        |    7    |  2   |    2    |  0   |     4      |     1     |     0     |   0   |           7            |           0            |        7        |           4           |         0          |          0          |          0          |        8        |
|      5       |           4            |            0             |    0     |       0        |    1    |  0   |    0    |  0   |     1      |     0     |     0     |   0   |           1            |           0            |        1        |           0           |         0          |          0          |          0          |        1        |
|      6       |           3            |            0             |    0     |       0        |    1    |  0   |    0    |  0   |     1      |     0     |     0     |   0   |           1            |           1            |        1        |           0           |         0          |          0          |          0          |        1        |
|      7       |           8            |            0             |    0     |       0        |    0    |  2   |    2    |  0   |     1      |     1     |     0     |   0   |           0            |           0            |        1        |           4           |         0          |          0          |          0          |        1        |
|      8       |           9            |            0             |    0     |       0        |    9    |  2   |    2    |  0   |     8      |     0     |     1     |   0   |           9            |           1            |        13       |           12          |         0          |          0          |          0          |        16       |
|      9       |           5            |            0             |    0     |       0        |    4    |  4   |    4    |  0   |     6      |     0     |     2     |   0   |           4            |           0            |        8        |           2           |         0          |          0          |          0          |        8        |
|      10      |           0            |            0             |    0     |       0        |    0    |  0   |    0    |  0   |     0      |     0     |     0     |   0   |           0            |           0            |        0        |           0           |         0          |          0          |          0          |        0        |
|      11      |           0            |            0             |    0     |       0        |    0    |  0   |    0    |  0   |     0      |     0     |     0     |   0   |           0            |           0            |        0        |           0           |         0          |          0          |          0          |        0        |
|              |                        |                          |          |                |         |      |         |      |            |           |           |       |                        |                        |                 |                       |                    |                     |                     |                 |
|    Totals    |           58           |            0             |   112    |       0        |    31   |  24  |    16   |  0   |     33     |     4     |     4     |   2   |           32           |           4            |        44       |           46          |         0          |          0          |          0          |        52       |
---------------------------------------------------------------------------------------------------------------------------------------------------------------------------------------------------------------------------------------------------------------------------------------------------------------------------------------------------------------


-------------------------------------------------------------------------------------------------------------------------------------------------------------------------------------------------------------------------------------------------------------------------------------------------------------------------------------------------------------------
| Stage Number | Exact Match Input xbar | Ternary Match Input xbar | Hash Bit | Hash Dist Unit | Gateway |  SRAM  | Map RAM |  TCAM | VLIW Instr | Meter ALU | Stats ALU | Stash  | Exact Match Search Bus | Exact Match Result Bus | Tind Result Bus | Action Data Bus Bytes | 8-bit Action Slots | 16-bit Action Slots | 32-bit Action Slots | Logical TableID |
-------------------------------------------------------------------------------------------------------------------------------------------------------------------------------------------------------------------------------------------------------------------------------------------------------------------------------------------------------------------
|      0       |         5.47%          |          0.00%           |  19.23%  |     0.00%      |  6.25%  | 12.50% |  4.17%  | 0.00% |   9.38%    |   0.00%   |   25.00%  | 12.50% |         12.50%         |         12.50%         |      18.75%     |         12.50%        |       0.00%        |        0.00%        |        0.00%        |      31.25%     |
|      1       |         4.69%          |          0.00%           |  1.92%   |     0.00%      |  25.00% | 2.50%  |  4.17%  | 0.00% |   12.50%   |   25.00%  |   0.00%   | 0.00%  |         25.00%         |         0.00%          |      31.25%     |         3.12%         |       0.00%        |        0.00%        |        0.00%        |      37.50%     |
|      2       |         3.12%          |          0.00%           |  5.77%   |     0.00%      |  18.75% | 2.50%  |  4.17%  | 0.00% |   12.50%   |   25.00%  |   0.00%   | 0.00%  |         18.75%         |         0.00%          |      25.00%     |         3.12%         |       0.00%        |        0.00%        |        0.00%        |      31.25%     |
|      3       |         3.12%          |          0.00%           |  0.00%   |     0.00%      |  6.25%  | 0.00%  |  0.00%  | 0.00% |   3.12%    |   0.00%   |   0.00%   | 0.00%  |         6.25%          |         0.00%          |      6.25%      |         0.00%         |       0.00%        |        0.00%        |        0.00%        |      6.25%      |
|      4       |         6.25%          |          0.00%           |  0.00%   |     0.00%      |  43.75% | 2.50%  |  4.17%  | 0.00% |   12.50%   |   25.00%  |   0.00%   | 0.00%  |         43.75%         |         0.00%          |      43.75%     |         3.12%         |       0.00%        |        0.00%        |        0.00%        |      50.00%     |
|      5       |         3.12%          |          0.00%           |  0.00%   |     0.00%      |  6.25%  | 0.00%  |  0.00%  | 0.00% |   3.12%    |   0.00%   |   0.00%   | 0.00%  |         6.25%          |         0.00%          |      6.25%      |         0.00%         |       0.00%        |        0.00%        |        0.00%        |      6.25%      |
|      6       |         2.34%          |          0.00%           |  0.00%   |     0.00%      |  6.25%  | 0.00%  |  0.00%  | 0.00% |   3.12%    |   0.00%   |   0.00%   | 0.00%  |         6.25%          |         6.25%          |      6.25%      |         0.00%         |       0.00%        |        0.00%        |        0.00%        |      6.25%      |
|      7       |         6.25%          |          0.00%           |  0.00%   |     0.00%      |  0.00%  | 2.50%  |  4.17%  | 0.00% |   3.12%    |   25.00%  |   0.00%   | 0.00%  |         0.00%          |         0.00%          |      6.25%      |         3.12%         |       0.00%        |        0.00%        |        0.00%        |      6.25%      |
|      8       |         7.03%          |          0.00%           |  0.00%   |     0.00%      |  56.25% | 2.50%  |  4.17%  | 0.00% |   25.00%   |   0.00%   |   25.00%  | 0.00%  |         56.25%         |         6.25%          |      81.25%     |         9.38%         |       0.00%        |        0.00%        |        0.00%        |     100.00%     |
|      9       |         3.91%          |          0.00%           |  0.00%   |     0.00%      |  25.00% | 5.00%  |  8.33%  | 0.00% |   18.75%   |   0.00%   |   50.00%  | 0.00%  |         25.00%         |         0.00%          |      50.00%     |         1.56%         |       0.00%        |        0.00%        |        0.00%        |      50.00%     |
|      10      |         0.00%          |          0.00%           |  0.00%   |     0.00%      |  0.00%  | 0.00%  |  0.00%  | 0.00% |   0.00%    |   0.00%   |   0.00%   | 0.00%  |         0.00%          |         0.00%          |      0.00%      |         0.00%         |       0.00%        |        0.00%        |        0.00%        |      0.00%      |
|      11      |         0.00%          |          0.00%           |  0.00%   |     0.00%      |  0.00%  | 0.00%  |  0.00%  | 0.00% |   0.00%    |   0.00%   |   0.00%   | 0.00%  |         0.00%          |         0.00%          |      0.00%      |         0.00%         |       0.00%        |        0.00%        |        0.00%        |      0.00%      |
|              |                        |                          |          |                |         |        |         |       |            |           |           |        |                        |                        |                 |                       |                    |                     |                     |                 |
|   Average    |         4.53%          |          0.00%           |  2.69%   |     0.00%      |  19.38% | 3.00%  |  3.33%  | 0.00% |   10.31%   |   10.00%  |   10.00%  | 1.25%  |         20.00%         |         2.50%          |      27.50%     |         3.59%         |       0.00%        |        0.00%        |        0.00%        |      32.50%     |
-------------------------------------------------------------------------------------------------------------------------------------------------------------------------------------------------------------------------------------------------------------------------------------------------------------------------------------------------------------------


Allocated Resource Usage
---------------------------------------------------------------------------------------------------------------------------------------------------------
|                    Table                     | Stage  | Crossbar | Hash | Gateways | RAMs | TCAMs | Map  | Action |  VLIW |  Exm   |  Exm   |  Tind  |
|                     Name                     | Number |  Bytes   | Bits |          |      |       | RAMs |  Data  | Slots | Search | Result | Result |
|                                              |        |          |      |          |      |       |      |  Bus   |       |  Bus   |  Bus   |  Bus   |
|                                              |        |          |      |          |      |       |      | Bytes  |       |        |        |        |
---------------------------------------------------------------------------------------------------------------------------------------------------------
|           IgParser.$PORT_METADATA            |   -1   |    0     |  0   |    0     |  0   |   0   |  0   |   0    |   0   |   0    |   0    |   0    |
|              Ingress.ctr_fresh               |   0    |    0     |  0   |    0     |  2   |   0   |  2   |   0    |   0   |   0    |   0    |   0    |
|           Ingress.tbl_bor_codebook           |   0    |    2     |  40  |    0     |  4   |   0   |  0   |   4    |   1   |   1    |   1    |   0    |
|             Ingress.tbl_classify             |   0    |    4     |  40  |    0     |  4   |   0   |  0   |   4    |   1   |   1    |   1    |   0    |
|              Ingress.tbl_params              |   0    |    0     |  0   |    0     |  0   |   0   |  0   |   4    |   1   |   0    |   0    |   1    |
|                   cond-30                    |   0    |    1     |  0   |    1     |  0   |   0   |  0   |   0    |   0   |   1    |   0    |   0    |
| tbl_defense4_twopipe_pipe1_faithful_probe484 |   0    |    0     |  0   |    0     |  0   |   0   |  0   |   0    |   1   |   0    |   0    |   1    |
| tbl_defense4_twopipe_pipe1_faithful_probe488 |   0    |    0     |  0   |    0     |  0   |   0   |  0   |   4    |   1   |   0    |   0    |   1    |
|               Ingress.reg_gen                |   1    |    1     |  8   |    0     |  2   |   0   |  2   |   0    |   0   |   0    |   0    |   0    |
|           Ingress.tbl_build_words            |   1    |    0     |  0   |    0     |  0   |   0   |  0   |   0    |   1   |   0    |   0    |   1    |
|                   cond-31                    |   1    |    1     |  0   |    1     |  0   |   0   |  0   |   0    |   0   |   1    |   0    |   0    |
|                   cond-32                    |   1    |    4     |  0   |    1     |  0   |   0   |  0   |   0    |   0   |   1    |   0    |   0    |
|                   cond-35                    |   1    |    1     |  0   |    1     |  0   |   0   |  0   |   0    |   0   |   1    |   0    |   0    |
|                   cond-36                    |   1    |    1     |  0   |    1     |  0   |   0   |  0   |   0    |   0   |   1    |   0    |   0    |
| tbl_defense4_twopipe_pipe1_faithful_probe496 |   1    |    0     |  0   |    0     |  0   |   0   |  0   |   0    |   1   |   0    |   0    |   1    |
| tbl_defense4_twopipe_pipe1_faithful_probe519 |   1    |    0     |  0   |    0     |  0   |   0   |  0   |   4    |   1   |   0    |   0    |   1    |
| tbl_defense4_twopipe_pipe1_faithful_probe521 |   1    |    0     |  0   |    0     |  0   |   0   |  0   |   4    |   1   |   0    |   0    |   1    |
| tbl_defense4_twopipe_pipe1_faithful_probe523 |   1    |    0     |  0   |    0     |  0   |   0   |  0   |   4    |   1   |   0    |   0    |   1    |
|              Ingress.reg_epoch               |   2    |    3     |  24  |    0     |  2   |   0   |  2   |   0    |   0   |   0    |   0    |   0    |
|                   cond-33                    |   2    |    1     |  0   |    1     |  0   |   0   |  0   |   0    |   0   |   1    |   0    |   0    |
|                   cond-34                    |   2    |    1     |  0   |    1     |  0   |   0   |  0   |   0    |   0   |   1    |   0    |   0    |
|                   cond-37                    |   2    |    1     |  0   |    1     |  0   |   0   |  0   |   0    |   0   |   1    |   0    |   0    |
| tbl_defense4_twopipe_pipe1_faithful_probe510 |   2    |    0     |  0   |    0     |  0   |   0   |  0   |   4    |   1   |   0    |   0    |   1    |
| tbl_defense4_twopipe_pipe1_faithful_probe512 |   2    |    0     |  0   |    0     |  0   |   0   |  0   |   4    |   1   |   0    |   0    |   1    |
| tbl_defense4_twopipe_pipe1_faithful_probe514 |   2    |    0     |  0   |    0     |  0   |   0   |  0   |   4    |   1   |   0    |   0    |   1    |
| tbl_defense4_twopipe_pipe1_faithful_probe527 |   2    |    0     |  0   |    0     |  0   |   0   |  0   |   0    |   1   |   0    |   0    |   1    |
|                   cond-38                    |   3    |    4     |  0   |    1     |  0   |   0   |  0   |   0    |   0   |   1    |   0    |   0    |
| tbl_defense4_twopipe_pipe1_faithful_probe538 |   3    |    0     |  0   |    0     |  0   |   0   |  0   |   0    |   1   |   0    |   0    |   1    |
|              Ingress.reg_ready               |   4    |    2     |  0   |    0     |  2   |   0   |  2   |   0    |   0   |   0    |   0    |   0    |
|                   cond-39                    |   4    |    2     |  0   |    1     |  0   |   0   |  0   |   0    |   0   |   1    |   0    |   0    |
|                   cond-40                    |   4    |    1     |  0   |    1     |  0   |   0   |  0   |   0    |   0   |   1    |   0    |   0    |
|                   cond-41                    |   4    |    1     |  0   |    1     |  0   |   0   |  0   |   0    |   0   |   1    |   0    |   0    |
|                   cond-42                    |   4    |    1     |  0   |    1     |  0   |   0   |  0   |   0    |   0   |   1    |   0    |   0    |
|                   cond-43                    |   4    |    4     |  0   |    1     |  0   |   0   |  0   |   0    |   0   |   1    |   0    |   0    |
|                   cond-45                    |   4    |    1     |  0   |    1     |  0   |   0   |  0   |   0    |   0   |   1    |   0    |   0    |
|                   cond-46                    |   4    |    2     |  0   |    1     |  0   |   0   |  0   |   0    |   0   |   1    |   0    |   0    |
| tbl_defense4_twopipe_pipe1_faithful_probe545 |   4    |    0     |  0   |    0     |  0   |   0   |  0   |   4    |   1   |   0    |   0    |   1    |
| tbl_defense4_twopipe_pipe1_faithful_probe547 |   4    |    0     |  0   |    0     |  0   |   0   |  0   |   4    |   1   |   0    |   0    |   1    |
| tbl_defense4_twopipe_pipe1_faithful_probe549 |   4    |    0     |  0   |    0     |  0   |   0   |  0   |   4    |   1   |   0    |   0    |   1    |
| tbl_defense4_twopipe_pipe1_faithful_probe557 |   4    |    0     |  0   |    0     |  0   |   0   |  0   |   0    |   1   |   0    |   0    |   1    |
| tbl_defense4_twopipe_pipe1_faithful_probe560 |   4    |    0     |  0   |    0     |  0   |   0   |  0   |   0    |   1   |   0    |   0    |   1    |
| tbl_defense4_twopipe_pipe1_faithful_probe562 |   4    |    0     |  0   |    0     |  0   |   0   |  0   |   0    |   1   |   0    |   0    |   1    |
| tbl_defense4_twopipe_pipe1_faithful_probe564 |   4    |    0     |  0   |    0     |  0   |   0   |  0   |   0    |   1   |   0    |   0    |   1    |
|                   cond-44                    |   5    |    4     |  0   |    1     |  0   |   0   |  0   |   0    |   0   |   1    |   0    |   0    |
| tbl_defense4_twopipe_pipe1_faithful_probe558 |   5    |    0     |  0   |    0     |  0   |   0   |  0   |   0    |   1   |   0    |   0    |   1    |
|             Ingress.tbl_hold_ok              |   6    |    0     |  0   |    0     |  0   |   0   |  0   |   0    |   2   |   0    |   1    |   0    |
|            tbl_hold_ok_0-gateway             |   6    |    3     |  0   |    1     |  0   |   0   |  0   |   0    |   0   |   1    |   0    |   1    |
|               Ingress.reg_topj               |   7    |    8     |  0   |    0     |  2   |   0   |  2   |   0    |   0   |   0    |   0    |   0    |
| tbl_defense4_twopipe_pipe1_faithful_probe573 |   7    |    0     |  0   |    0     |  0   |   0   |  0   |   4    |   1   |   0    |   0    |   1    |
|              Ingress.ctr_fresh               |   8    |    0     |  0   |    0     |  2   |   0   |  2   |   0    |   0   |   0    |   0    |   0    |
|           Ingress.tbl_topj_expiry            |   8    |    0     |  0   |    0     |  0   |   0   |  0   |   0    |   2   |   0    |   1    |   0    |
|                   cond-47                    |   8    |    1     |  0   |    1     |  0   |   0   |  0   |   0    |   0   |   1    |   0    |   0    |
|                   cond-48                    |   8    |    1     |  0   |    1     |  0   |   0   |  0   |   0    |   0   |   1    |   0    |   0    |
|                   cond-49                    |   8    |    1     |  0   |    1     |  0   |   0   |  0   |   0    |   0   |   1    |   0    |   0    |
|                   cond-50                    |   8    |    2     |  0   |    1     |  0   |   0   |  0   |   0    |   0   |   1    |   0    |   0    |
|                   cond-51                    |   8    |    1     |  0   |    1     |  0   |   0   |  0   |   0    |   0   |   1    |   0    |   0    |
|                   cond-52                    |   8    |    1     |  0   |    1     |  0   |   0   |  0   |   0    |   0   |   1    |   0    |   0    |
|                   cond-53                    |   8    |    2     |  0   |    1     |  0   |   0   |  0   |   0    |   0   |   1    |   0    |   0    |
|                   cond-54                    |   8    |    1     |  0   |    1     |  0   |   0   |  0   |   0    |   0   |   1    |   0    |   0    |
|                tbl_arm_clone                 |   8    |    0     |  0   |    0     |  0   |   0   |  0   |   4    |   1   |   0    |   0    |   1    |
| tbl_defense4_twopipe_pipe1_faithful_probe585 |   8    |    0     |  0   |    0     |  0   |   0   |  0   |   0    |   1   |   0    |   0    |   1    |
| tbl_defense4_twopipe_pipe1_faithful_probe591 |   8    |    0     |  0   |    0     |  0   |   0   |  0   |   0    |   1   |   0    |   0    |   1    |
| tbl_defense4_twopipe_pipe1_faithful_probe595 |   8    |    0     |  0   |    0     |  0   |   0   |  0   |   0    |   1   |   0    |   0    |   1    |
| tbl_defense4_twopipe_pipe1_faithful_probe597 |   8    |    0     |  0   |    0     |  0   |   0   |  0   |   0    |   1   |   0    |   0    |   1    |
| tbl_defense4_twopipe_pipe1_faithful_probe599 |   8    |    0     |  0   |    0     |  0   |   0   |  0   |   0    |   1   |   0    |   0    |   1    |
| tbl_defense4_twopipe_pipe1_faithful_probe606 |   8    |    0     |  0   |    0     |  0   |   0   |  0   |   0    |   1   |   0    |   0    |   1    |
| tbl_defense4_twopipe_pipe1_faithful_probe613 |   8    |    0     |  0   |    0     |  0   |   0   |  0   |   4    |   1   |   0    |   0    |   1    |
| tbl_defense4_twopipe_pipe1_faithful_probe618 |   8    |    0     |  0   |    0     |  0   |   0   |  0   |   0    |   1   |   0    |   0    |   1    |
| tbl_defense4_twopipe_pipe1_faithful_probe620 |   8    |    0     |  0   |    0     |  0   |   0   |  0   |   0    |   1   |   0    |   0    |   1    |
|               tbl_to_op_block                |   8    |    0     |  0   |    0     |  0   |   0   |  0   |   2    |   1   |   0    |   0    |   1    |
|                tbl_to_op_hold                |   8    |    0     |  0   |    0     |  0   |   0   |  0   |   2    |   1   |   0    |   0    |   1    |
|          tbl_topj_expiry_0-gateway           |   8    |    4     |  0   |    1     |  0   |   0   |  0   |   0    |   0   |   1    |   0    |   1    |
|               Ingress.ctr_deq                |   9    |    0     |  0   |    0     |  2   |   0   |  2   |   0    |   0   |   0    |   0    |   0    |
|              Ingress.ctr_fresh               |   9    |    0     |  0   |    0     |  2   |   0   |  2   |   0    |   0   |   0    |   0    |   0    |
|                   cond-55                    |   9    |    1     |  0   |    1     |  0   |   0   |  0   |   0    |   0   |   1    |   0    |   0    |
|                   cond-56                    |   9    |    2     |  0   |    1     |  0   |   0   |  0   |   0    |   0   |   1    |   0    |   0    |
|                   cond-57                    |   9    |    1     |  0   |    1     |  0   |   0   |  0   |   0    |   0   |   1    |   0    |   0    |
|                   cond-58                    |   9    |    1     |  0   |    1     |  0   |   0   |  0   |   0    |   0   |   1    |   0    |   0    |
| tbl_defense4_twopipe_pipe1_faithful_probe626 |   9    |    0     |  0   |    0     |  0   |   0   |  0   |   0    |   1   |   0    |   0    |   1    |
| tbl_defense4_twopipe_pipe1_faithful_probe630 |   9    |    0     |  0   |    0     |  0   |   0   |  0   |   0    |   1   |   0    |   0    |   1    |
| tbl_defense4_twopipe_pipe1_faithful_probe637 |   9    |    0     |  0   |    0     |  0   |   0   |  0   |   0    |   1   |   0    |   0    |   1    |
| tbl_defense4_twopipe_pipe1_faithful_probe641 |   9    |    0     |  0   |    0     |  0   |   0   |  0   |   0    |   1   |   0    |   0    |   1    |
| tbl_defense4_twopipe_pipe1_faithful_probe643 |   9    |    0     |  0   |    0     |  0   |   0   |  0   |   0    |   1   |   0    |   0    |   1    |
| tbl_defense4_twopipe_pipe1_faithful_probe649 |   9    |    0     |  0   |    0     |  0   |   0   |  0   |   0    |   1   |   0    |   0    |   1    |
| tbl_defense4_twopipe_pipe1_faithful_probe652 |   9    |    0     |  0   |    0     |  0   |   0   |  0   |   0    |   1   |   0    |   0    |   1    |
|              tbl_to_op_block_0               |   9    |    0     |  0   |    0     |  0   |   0   |  0   |   2    |   1   |   0    |   0    |   1    |
---------------------------------------------------------------------------------------------------------------------------------------------------------

