#pipeline pipe
#stage 0
^--------------- ---------------- ----------- ----------- ---------- --------------- ------- -- tbl_defense4_timing3110(0,5) : ingress
A^-------------- ---------------- ----------- ----------- ---------- --------------- ------- -- tbl_params_0(0,5) : ingress
-B^------------- ---------------- ----------- ----------- ---------- --------------- ------- -- tbl_session_0(0,5) : ingress
-B-^------------ ---------------- ----------- ----------- ---------- --------------- ------- -- tbl_read_release_params_0(0,5) : ingress
-B--^----------- ---------------- ----------- ----------- ---------- --------------- ------- -- tbl_defense4_timing3122(0,5) : ingress
-B---^---------- ---------------- ----------- ----------- ---------- --------------- ------- -- tbl_build_exp_ack_0(0,6) : ingress
-B----^--------- ---------------- ----------- ----------- ---------- --------------- ------- -- tbl_defense4_timing3116(0,6) : ingress
-B-----^-------- ---------------- ----------- ----------- ---------- --------------- ------- -- tbl_defense4_timing3171(0,6) : ingress
-B------^------- ---------------- ----------- ----------- ---------- --------------- ------- -- cond-60(0,6) : ingress
--------C^------ ---------------- ----------- ----------- ---------- --------------- ------- -- tbl_defense4_timing3158(0,6) : ingress
---------D^----- ---------------- ----------- ----------- ---------- --------------- ------- -- tbl_defense4_timing3159(0,6) : ingress
----------D^---- ---------------- ----------- ----------- ---------- --------------- ------- -- tbl_defense4_timing3160(0,6) : ingress
-BA---------^--- ---------------- ----------- ----------- ---------- --------------- ------- -- cond-71(0,7) : ingress
------------D^-- ---------------- ----------- ----------- ---------- --------------- ------- -- tbl_defense4_timing3229(0,7) : ingress
-------------D^- ---------------- ----------- ----------- ---------- --------------- ------- -- tbl_defense4_timing3235(0,7) : ingress
--------------D^ ---------------- ----------- ----------- ---------- --------------- ------- -- tbl_defense4_timing3245(0,7) : ingress
#stage 1
------------C--- ^--------------- ----------- ----------- ---------- --------------- ------- -- tbl_defense4_timing3205(0,7) : ingress
--E------------- D^-------------- ----------- ----------- ---------- --------------- ------- -- tbl_defense4_timing3207(1,7) : ingress
--E------------- -D^------------- ----------- ----------- ---------- --------------- ------- -- tbl_defense4_timing3210(1,7) : ingress
--E------------- --D^------------ ----------- ----------- ---------- --------------- ------- -- tbl_defense4_timing3213(1,7) : ingress
-FGGG----------- ----^----------- ----------- ----------- ---------- --------------- ------- -- tbl_owner_admission_0(1,6) : ingress
-B-------------- -----^---------- ----------- ----------- ---------- --------------- ------- -- tbl_bor_params_0(0,6) : ingress
-B----H--------- ------^--------- ----------- ----------- ---------- --------------- ------- -- tbl_build_now_0(1,7) : ingress
-B---------A---- -------^-------- ----------- ----------- ---------- --------------- ------- -- cond-64(0,7) : ingress
---------EEE---- -------C^------- ----------- ----------- ---------- --------------- ------- -- tbl_defense4_timing3164(1,7) : ingress
---------------- --------D^------ ----------- ----------- ---------- --------------- ------- -- tbl_defense4_timing3165(1,7) : ingress
---------------- -------D--^----- ----------- ----------- ---------- --------------- ------- -- tbl_defense4_timing3168(0,7) : ingress
---------------- ----------D^---- ----------- ----------- ---------- --------------- ------- -- tbl_defense4_timing3169(0,7) : ingress
---------------- ---------D--^--- ----------- ----------- ---------- --------------- ------- -- tbl_defense4_timing3166(1,7) : ingress
-B-----G-------- -------------^-- ----------- ----------- ---------- --------------- ------- -- tbl_bor_codebook_0(1,8) : ingress
-B-------------- --------------^- ----------- ----------- ---------- --------------- ------- -- tbl_defense4_timing3125(0,10) : ingress
IC-------------- ---------------^ ----------- ----------- ---------- --------------- ------- -- tbl_finish_path(1,11) : ingress
#stage 2
-BGG-G---------- ----G----------- ^---------- ----------- ---------- --------------- ------- -- tbl_guarded_ack_0(2,7) : ingress
-BGG------------ ----G----------- -^--------- ----------- ---------- --------------- ------- -- tbl_guarded_sport_0(2,7) : ingress
-BGG------------ ----G----------- --^-------- ----------- ---------- --------------- ------- -- tbl_guarded_seq_0(2,7) : ingress
-B-G------------ ----G----------- ---^------- ----------- ---------- --------------- ------- -- tbl_owner_valid_0(2,7) : ingress
IJH----G-------- -----K---------- ----^------ ----------- ---------- --------------- ------- -- tbl_random_deadlines_0(1,7) : ingress
-B--G----------- --------EEEHH--- -----^----- ----------- ---------- --------------- ------- -- tbl_defense4_timing3378(2,8) : ingress
----L----------- --------EEEEE--- -----D^---- ----------- ---------- --------------- ------- -- tbl_defense4_timing3379(2,8) : ingress
----L----------- --------EEEEE--- ------D^--- ----------- ---------- --------------- ------- -- tbl_defense4_timing3380(2,8) : ingress
----L----------- ---------------- -------D^-- ----------- ---------- --------------- ------- -- tbl_defense4_timing3381(2,8) : ingress
-B-------------- ------H------H-- ---------^- ----------- ---------- --------------- ------- -- tbl_defense4_timing3391(2,9) : ingress
-B-------------- ----H----------- ----------^ ----------- ---------- --------------- ------- -- tbl_defense4_timing3258(2,10) : ingress
#stage 3
-B-G------------ ----G----------- ----------- ^---------- ---------- --------------- ------- -- tbl_tracker_admission_0(2,7) : ingress
-M-H------------ ------H--------- ----H------ -^--------- ---------- --------------- ------- -- tbl_build_cand_resp_0(2,8) : ingress
-M-------------- ------H--------- ----H------ --^-------- ---------- --------------- ------- -- tbl_build_cand_0(2,8) : ingress
-B-------------- -----HH--------- ----H------ ---^------- ---------- --------------- ------- -- tbl_defense4_timing3180(2,8) : ingress
-B-AA--------NOK INNP------------ GGGA------- A---^------ ---------- --------------- ------- -- tbl_resp_authorise_0(3,8) : ingress
--------------II I--------------- ---E------- ----D^----- ---------- --------------- ------- -- tbl_defense4_timing3275(3,8) : ingress
-------------EE- -EEE------------ ----------- -----D^---- ---------- --------------- ------- -- cond-81(3,8) : ingress
-E------------II I--------------- ----------- ------C^--- ---------- --------------- ------- -- tbl_defense4_timing3281(3,8) : ingress
---E----------II I--------------- ----------- -------D^-- ---------- --------------- ------- -- tbl_defense4_timing3286(3,8) : ingress
----E--------EE- -EEE------------ ----------- ------D--^- ---------- --------------- ------- -- cond-85(3,9) : ingress
---E------------ ---------------- ----------- ---------C^ ---------- --------------- ------- -- tbl_defense4_timing3289(3,9) : ingress
#stage 4
--------------II I--------------- ----------- E-------C-- ^--------- --------------- ------- -- tbl_defense4_timing3283(3,8) : ingress
--------------II I--------------- ----------- ----------- D^-------- --------------- ------- -- tbl_defense4_timing3284(3,8) : ingress
-B-------------- --------EEEHH--- ----------- -HHH------- --^------- --------------- ------- -- tbl_select_deadlines_0(3,9) : ingress
-B-------------- --------EEEHH--- ----------- ----------- ---^------ --------------- ------- -- tbl_defense4_timing3382(2,9) : ingress
---------------- --------EEEEE--- ----------- ----------- ---D^----- --------------- ------- -- tbl_defense4_timing3383(2,9) : ingress
---------------- ---------------- ----------- ----------- ----D^---- --------------- ------- -- tbl_defense4_timing3390(2,9) : ingress
-B-------------- --------EEEHH--- -----ELLG-- ----------- ------^--- --------------- ------- -- tbl_defense4_timing3393(3,9) : ingress
---------------- --------EEEEE--- ------LLL-- ----------- ------D^-- --------------- ------- -- tbl_defense4_timing3394(3,9) : ingress
---------------- --------EEEEE--- ------LLL-- ----------- -------D^- --------------- ------- -- tbl_defense4_timing3395(3,10) : ingress
-B-A-----------A ---A--A-EEEHH--- ---A------- A---------A -A-------^ --------------- ------- -- cond-87(3,9) : ingress
#stage 5
--------------LL L--------------- ---E------- ----LL-LL-- LL-------C ^-------------- ------- -- tbl_defense4_timing3309(4,9) : ingress
-E-----------EE- -EEE------------ ----------- ----------- ---------- D^------------- ------- -- cond-89(4,9) : ingress
-------------ENL LEEE------------ ----------- ----LL-LL-- LL-------- -D^------------ ------- -- tbl_defense4_timing3322(4,9) : ingress
-------------ENL LEEE--I--------- ----------- ----LL-LL-- LL-------- --D^----------- ------- -- tbl_defense4_timing3328(4,9) : ingress
-------------ENL LEEE------------ ----------- ----LL-LL-- LL-------- ---D^---------- ------- -- tbl_defense4_timing3344(4,9) : ingress
---E----------LL L--------------- ----------- E---LL-LL-- LL-------- -C---^--------- ------- -- tbl_defense4_timing3313(4,9) : ingress
-E------------LL L-----I--------- ----------- ----LL-LL-- LL-------- ----C-^-------- ------- -- tbl_defense4_timing3339(4,9) : ingress
--------------LL L-----I--------- ----------- ----LL-LL-- LL-------- ------D^------- ------- -- tbl_defense4_timing3341(4,9) : ingress
---E----------LL L--------------- ----------- ----LL-LL-- LL-------- -----D--^------ ------- -- tbl_defense4_timing3316(4,9) : ingress
--------------LL L--------------- ----------- ----LL-LL-- LL-------- --------D^----- ------- -- tbl_defense4_timing3318(4,9) : ingress
-B-------------- --------EEEHH--- ----------- ----------- -----A---- ----------^---- ------- -- cond-107(2,10) : ingress
---------------- ---------------- ----------- ----------- ---EEE---- ----------C^--- ------- -- tbl_defense4_timing3399(3,10) : ingress
---------------- ---------------- ----------- ----------- ---EEE---- -----------D^-- ------- -- tbl_defense4_timing3400(3,10) : ingress
---------------- ---------------- ----------- ----------- ---------- ------------D^- ------- -- tbl_defense4_timing3401(3,10) : ingress
-B-----------EEA -EEH--A--------- ---A------- ----------- --A------- -------A------^ ------- -- cond-96(4,10) : ingress
#stage 6
---------------- ------L--------- ---E------- ----------- --I------- ---L--LL------C ^------ -- tbl_defense4_timing3360(5,10) : ingress
---------------- ------L--------- ----------- ----------- --I------- ---L--LL------- D^----- -- tbl_defense4_timing3361(5,10) : ingress
-------------EE- -EEE--L--------- ----------- ----------- --I------- ---L--LL------D --^---- -- tbl_defense4_timing3367(5,10) : ingress
-B-----------LLA -LLG-GG-LLLGG--- GGG-------- ----------- --Q------- L-L-LL-ALG----- ---^--- -- tbl_state_decode_0(5,10) : ingress
-B-G---------LLA -LLGG-G--------- ----------- ----------- --K------- ---L--LG------- ----^-- -- tbl_txn_active_0(5,10) : ingress
-B-G---------LLA -LLGGGG-LLLGG--- GGG-------- ----------- --Q------- L-L-LL-ALG----- -----^- -- tbl_resp_deadline_0(5,10) : ingress
-B-------------- ------G-LLLGG--- ------LLGG- ----------- --RLLG-LA- --------------- ---R-R^ -- tbl_hold_ok_0(5,10) : ingress
#stage 7
IS-GR----LLG-TLA -LLGH-H-LLTGG-R- ---GKUVVW-H ----------- --G---XUR- ---E--EH---LLG- LGGGGAG ^- tbl_decide_fresh_0(6,11) : ingress
I--LT----------- --------LLLLL-L- ---LIL----- ----------- --L------- --------------- ---L-LL D^ tbl_decide_deq_0(6,11) : ingress
#dependencies
A :  ANTI_NEXT_TABLE_DATA
B :  CONTROL_DEFAULT_NEXT_TABLE
C :  CONTROL_COND_TRUE
D :  CONTROL_COND_FALSE
E :  ACTION_READ
F :  CONTROL_DEFAULT_NEXT_TABLE IXBAR_READ
G :  IXBAR_READ ANTI_NEXT_TABLE_DATA
H :  ACTION_READ ANTI_NEXT_TABLE_DATA
I :  OUTPUT
J :  CONTROL_DEFAULT_NEXT_TABLE OUTPUT
K :  OUTPUT ANTI_NEXT_TABLE_DATA
L :  IXBAR_READ
M :  CONTROL_DEFAULT_NEXT_TABLE ACTION_READ
N :  IXBAR_READ ACTION_READ
O :  IXBAR_READ ACTION_READ OUTPUT
P :  IXBAR_READ ACTION_READ ANTI_NEXT_TABLE_DATA
Q :  IXBAR_READ OUTPUT ANTI_NEXT_TABLE_DATA
R :  ANTI_ACTION_READ ANTI_NEXT_TABLE_DATA
S :  CONTROL_DEFAULT_NEXT_TABLE IXBAR_READ ACTION_READ
T :  IXBAR_READ ANTI_ACTION_READ
U :  ANTI_TABLE_READ ANTI_ACTION_READ
V :  IXBAR_READ ACTION_READ ANTI_TABLE_READ ANTI_ACTION_READ
W :  IXBAR_READ ACTION_READ ANTI_TABLE_READ ANTI_ACTION_READ ANTI_NEXT_TABLE_DATA
X :  ANTI_ACTION_READ

*** Table dependency chains (of minimum length 8) ***
#pipeline pipe
#stage 0
^--------------- ---------------- --------------- ---------------- ---------------- ------- -- tbl_defense4_timing3110(0,5) : ingress
A^-------------- ---------------- --------------- ---------------- ---------------- ------- -- tbl_params_0(0,5) : ingress
-B^------------- ---------------- --------------- ---------------- ---------------- ------- -- tbl_session_0(0,5) : ingress
-B-^------------ ---------------- --------------- ---------------- ---------------- ------- -- tbl_read_release_params_0(0,5) : ingress
-B--^----------- ---------------- --------------- ---------------- ---------------- ------- -- tbl_defense4_timing3122(0,5) : ingress
-B---^---------- ---------------- --------------- ---------------- ---------------- ------- -- tbl_build_exp_ack_0(0,6) : ingress
-B----^--------- ---------------- --------------- ---------------- ---------------- ------- -- tbl_defense4_timing3116(0,6) : ingress
-B-----^-------- ---------------- --------------- ---------------- ---------------- ------- -- tbl_defense4_timing3171(0,6) : ingress
-B------^------- ---------------- --------------- ---------------- ---------------- ------- -- tbl_bor_params_0(0,6) : ingress
-B-------^------ ---------------- --------------- ---------------- ---------------- ------- -- cond-60(0,6) : ingress
---------C^----- ---------------- --------------- ---------------- ---------------- ------- -- tbl_defense4_timing3158(0,6) : ingress
----------D^---- ---------------- --------------- ---------------- ---------------- ------- -- tbl_defense4_timing3159(0,6) : ingress
-----------D^--- ---------------- --------------- ---------------- ---------------- ------- -- tbl_defense4_timing3160(0,6) : ingress
-BA----------^-- ---------------- --------------- ---------------- ---------------- ------- -- cond-71(0,7) : ingress
-------------D^- ---------------- --------------- ---------------- ---------------- ------- -- tbl_defense4_timing3229(0,7) : ingress
--------------D^ ---------------- --------------- ---------------- ---------------- ------- -- tbl_defense4_timing3235(0,7) : ingress
#stage 1
-------------C-- ^--------------- --------------- ---------------- ---------------- ------- -- tbl_defense4_timing3205(0,7) : ingress
--E------------- D^-------------- --------------- ---------------- ---------------- ------- -- tbl_defense4_timing3207(1,7) : ingress
--E------------- -D^------------- --------------- ---------------- ---------------- ------- -- tbl_defense4_timing3210(1,7) : ingress
--E------------- --D^------------ --------------- ---------------- ---------------- ------- -- tbl_defense4_timing3213(1,7) : ingress
---------------D ----^----------- --------------- ---------------- ---------------- ------- -- tbl_defense4_timing3245(0,7) : ingress
FGH----IJ------- -----^---------- --------------- ---------------- ---------------- ------- -- tbl_random_deadlines_0(1,7) : ingress
-KIII----------- ------^--------- --------------- ---------------- ---------------- ------- -- tbl_owner_admission_0(1,6) : ingress
-B----H--------- -------^-------- --------------- ---------------- ---------------- ------- -- tbl_build_now_0(1,7) : ingress
-B----------A--- --------^------- --------------- ---------------- ---------------- ------- -- cond-64(0,7) : ingress
----------EEE--- --------C^------ --------------- ---------------- ---------------- ------- -- tbl_defense4_timing3164(1,7) : ingress
---------------- ---------D^----- --------------- ---------------- ---------------- ------- -- tbl_defense4_timing3165(1,7) : ingress
---------------- --------D--^---- --------------- ---------------- ---------------- ------- -- tbl_defense4_timing3168(0,7) : ingress
---------------- -----------D^--- --------------- ---------------- ---------------- ------- -- tbl_defense4_timing3169(0,7) : ingress
---------------- ----------D--^-- --------------- ---------------- ---------------- ------- -- tbl_defense4_timing3166(1,7) : ingress
-B-----I-------- --------------^- --------------- ---------------- ---------------- ------- -- tbl_bor_codebook_0(1,8) : ingress
-B-------------- ---------------^ --------------- ---------------- ---------------- ------- -- tbl_defense4_timing3125(0,10) : ingress
#stage 2
-BII-I---------- ------I--------- ^-------------- ---------------- ---------------- ------- -- tbl_guarded_ack_0(2,7) : ingress
-BII------------ ------I--------- -^------------- ---------------- ---------------- ------- -- tbl_guarded_sport_0(2,7) : ingress
-BII------------ ------I--------- --^------------ ---------------- ---------------- ------- -- tbl_guarded_seq_0(2,7) : ingress
-B-I------------ ------I--------- ---^----------- ---------------- ---------------- ------- -- tbl_owner_valid_0(2,7) : ingress
-B-I------------ ------I--------- ----^---------- ---------------- ---------------- ------- -- tbl_tracker_admission_0(2,7) : ingress
-L-H------------ -----H-H-------- -----^--------- ---------------- ---------------- ------- -- tbl_build_cand_resp_0(2,8) : ingress
-L-------------- -----H-H-------- ------^-------- ---------------- ---------------- ------- -- tbl_build_cand_0(2,8) : ingress
-B------H------- -----H-H-------- -------^------- ---------------- ---------------- ------- -- tbl_defense4_timing3180(2,8) : ingress
-B--I----------- ---------EEEHH-- --------^------ ---------------- ---------------- ------- -- tbl_defense4_timing3378(2,8) : ingress
----M----------- ---------EEEEE-- --------D^----- ---------------- ---------------- ------- -- tbl_defense4_timing3379(2,8) : ingress
----M----------- ---------EEEEE-- ---------D^---- ---------------- ---------------- ------- -- tbl_defense4_timing3380(2,8) : ingress
----M----------- ---------------- ----------D^--- ---------------- ---------------- ------- -- tbl_defense4_timing3381(2,8) : ingress
-B-------------- -------H------H- ------------^-- ---------------- ---------------- ------- -- tbl_defense4_timing3391(2,9) : ingress
-B-------------- ------H--------- -------------^- ---------------- ---------------- ------- -- tbl_defense4_timing3258(2,10) : ingress
FC-------------- ---------------- --------------^ ---------------- ---------------- ------- -- tbl_finish_path(1,11) : ingress
#stage 3
-B-------------- ---------EEEHH-- -----HHH------- ^--------------- ---------------- ------- -- tbl_select_deadlines_0(3,9) : ingress
-B-AA---------NO FNNPJ----------- IIIAA---------- -^-------------- ---------------- ------- -- tbl_resp_authorise_0(3,8) : ingress
---------------F F---F----------- ---E----------- -D^------------- ---------------- ------- -- tbl_defense4_timing3275(3,8) : ingress
--------------EE -EEE------------ --------------- --D^------------ ---------------- ------- -- cond-81(3,8) : ingress
-E-------------F F---F----------- --------------- ---C^----------- ---------------- ------- -- tbl_defense4_timing3281(3,8) : ingress
---E-----------F F---F----------- --------------- ----D^---------- ---------------- ------- -- tbl_defense4_timing3286(3,8) : ingress
---------------F F---F----------- ----E---------- -----C^--------- ---------------- ------- -- tbl_defense4_timing3283(3,8) : ingress
---------------F F---F----------- --------------- ------D^-------- ---------------- ------- -- tbl_defense4_timing3284(3,8) : ingress
----E---------EE -EEE------------ --------------- ---D----^------- ---------------- ------- -- cond-85(3,9) : ingress
---E------------ ---------------- --------------- --------C^------ ---------------- ------- -- tbl_defense4_timing3289(3,9) : ingress
-B-------------- ---------EEEHH-- --------------- ----------^----- ---------------- ------- -- tbl_defense4_timing3382(2,9) : ingress
---------------- ---------EEEEE-- --------------- ----------D^---- ---------------- ------- -- tbl_defense4_timing3383(2,9) : ingress
---------------- ---------------- --------------- -----------D^--- ---------------- ------- -- tbl_defense4_timing3390(2,9) : ingress
-B-------------- ---------EEEHH-- --------EMMI--- -------------^-- ---------------- ------- -- tbl_defense4_timing3393(3,9) : ingress
---------------- ---------EEEEE-- ---------MMM--- -------------D^- ---------------- ------- -- tbl_defense4_timing3394(3,9) : ingress
---------------- ---------EEEEE-- ---------MMM--- --------------D^ ---------------- ------- -- tbl_defense4_timing3395(3,10) : ingress
#stage 4
-B-A------------ ---AA--A-EEEHH-- ---AA---------- -------A-A------ ^--------------- ------- -- cond-87(3,9) : ingress
---------------M M---M----------- ---E----------- -MM-MMMM-------- C^-------------- ------- -- tbl_defense4_timing3309(4,9) : ingress
-E------------EE -EEE------------ --------------- ---------------- -D^------------- ------- -- cond-89(4,9) : ingress
--------------EN MEEEM----------- --------------- -MM-MMMM-------- --D^------------ ------- -- tbl_defense4_timing3322(4,9) : ingress
--------------EN MEEEM--F-------- --------------- -MM-MMMM-------- ---D^----------- ------- -- tbl_defense4_timing3328(4,9) : ingress
--------------EN MEEEM----------- --------------- -MM-MMMM-------- ----D^---------- ------- -- tbl_defense4_timing3344(4,9) : ingress
---E-----------M M---M----------- ----E---------- -MM-MMMM-------- --C---^--------- ------- -- tbl_defense4_timing3313(4,9) : ingress
-E-------------M M---M--F-------- --------------- -MM-MMMM-------- -----C-^-------- ------- -- tbl_defense4_timing3339(4,9) : ingress
---------------M M---M--F-------- --------------- -MM-MMMM-------- -------D^------- ------- -- tbl_defense4_timing3341(4,9) : ingress
---E-----------M M---M----------- --------------- -MM-MMMM-------- ------D--^------ ------- -- tbl_defense4_timing3316(4,9) : ingress
---------------M M---M----------- --------------- -MM-MMMM-------- ---------D^----- ------- -- tbl_defense4_timing3318(4,9) : ingress
-B-------------- ---------EEEHH-- --------------- ------------A--- -----------^---- ------- -- cond-107(2,10) : ingress
---------------- ---------------- --------------- ----------EEE--- -----------C^--- ------- -- tbl_defense4_timing3399(3,10) : ingress
---------------- ---------------- --------------- ----------EEE--- ------------D^-- ------- -- tbl_defense4_timing3400(3,10) : ingress
---------------- ---------------- --------------- ---------------- -------------D^- ------- -- tbl_defense4_timing3401(3,10) : ingress
-B------------EE -EEHA--A-------- ---A----------- A--------------- --------A------^ ------- -- cond-96(4,10) : ingress
#stage 5
---------------- -------M-------- ---E----------- F--------------- ----M--MM------C ^------ -- tbl_defense4_timing3360(5,10) : ingress
---------------- -------M-------- --------------- F--------------- ----M--MM------- D^----- -- tbl_defense4_timing3361(5,10) : ingress
--------------EE -EEE---M-------- --------------- F--------------- ----M--MM------D --^---- -- tbl_defense4_timing3367(5,10) : ingress
-B------I-----MM -MMIA--I-MMMII-- III------------ Q--------------- -M-M-MM-AMI----- ---^--- -- tbl_state_decode_0(5,10) : ingress
-B-I----------MM -MMIA-II-------- --------------- J--------------- ----M--MI------- ----^-- -- tbl_txn_active_0(5,10) : ingress
-B-I----I-----MM -MMIA-II-MMMII-- III------------ Q--------------- -M-M-MM-AMI----- -----^- -- tbl_resp_deadline_0(5,10) : ingress
-B-------------- -------I-MMMII-- ---------MMII-- R---------MMI-MA ---------------- ---R-R^ -- tbl_hold_ok_0(5,10) : ingress
#stage 6
FS-IR-----MMI-TM -MMIAJHH-MMTII-R ---I----UVVW-H- I------------XUR ----E--EH---MMI- MIIIIAI ^- tbl_decide_fresh_0(6,11) : ingress
F--MT----------- -----F---MMMMM-M ---M----M------ M--------------- ---------------- ---M-MM D^ tbl_decide_deq_0(6,11) : ingress
#dependencies
A :  ANTI_NEXT_TABLE_DATA
B :  CONTROL_DEFAULT_NEXT_TABLE
C :  CONTROL_COND_TRUE
D :  CONTROL_COND_FALSE
E :  ACTION_READ
F :  OUTPUT
G :  CONTROL_DEFAULT_NEXT_TABLE OUTPUT
H :  ACTION_READ ANTI_NEXT_TABLE_DATA
I :  IXBAR_READ ANTI_NEXT_TABLE_DATA
J :  OUTPUT ANTI_NEXT_TABLE_DATA
K :  CONTROL_DEFAULT_NEXT_TABLE IXBAR_READ
L :  CONTROL_DEFAULT_NEXT_TABLE ACTION_READ
M :  IXBAR_READ
N :  IXBAR_READ ACTION_READ
O :  IXBAR_READ ACTION_READ OUTPUT
P :  IXBAR_READ ACTION_READ ANTI_NEXT_TABLE_DATA
Q :  IXBAR_READ OUTPUT ANTI_NEXT_TABLE_DATA
R :  ANTI_ACTION_READ ANTI_NEXT_TABLE_DATA
S :  CONTROL_DEFAULT_NEXT_TABLE IXBAR_READ ACTION_READ
T :  IXBAR_READ ANTI_ACTION_READ
U :  ANTI_TABLE_READ ANTI_ACTION_READ
V :  IXBAR_READ ACTION_READ ANTI_TABLE_READ ANTI_ACTION_READ
W :  IXBAR_READ ACTION_READ ANTI_TABLE_READ ANTI_ACTION_READ ANTI_NEXT_TABLE_DATA
X :  ANTI_ACTION_READ

*** Table dependency chains (of minimum length 8) ***
#pipeline pipe
#stage 0
^--------------- ---------------- --------------- ---------------- ---------------- ------- -- tbl_defense4_timing3110(0,5) : ingress
A^-------------- ---------------- --------------- ---------------- ---------------- ------- -- tbl_params_0(0,5) : ingress
-B^------------- ---------------- --------------- ---------------- ---------------- ------- -- tbl_session_0(0,5) : ingress
-B-^------------ ---------------- --------------- ---------------- ---------------- ------- -- tbl_read_release_params_0(0,5) : ingress
-B--^----------- ---------------- --------------- ---------------- ---------------- ------- -- tbl_defense4_timing3122(0,5) : ingress
-B---^---------- ---------------- --------------- ---------------- ---------------- ------- -- tbl_build_exp_ack_0(0,6) : ingress
-B----^--------- ---------------- --------------- ---------------- ---------------- ------- -- tbl_defense4_timing3116(0,6) : ingress
-B-----^-------- ---------------- --------------- ---------------- ---------------- ------- -- tbl_defense4_timing3171(0,6) : ingress
-B------^------- ---------------- --------------- ---------------- ---------------- ------- -- tbl_bor_params_0(0,6) : ingress
-B-------^------ ---------------- --------------- ---------------- ---------------- ------- -- cond-60(0,6) : ingress
---------C^----- ---------------- --------------- ---------------- ---------------- ------- -- tbl_defense4_timing3158(0,6) : ingress
----------D^---- ---------------- --------------- ---------------- ---------------- ------- -- tbl_defense4_timing3159(0,6) : ingress
-----------D^--- ---------------- --------------- ---------------- ---------------- ------- -- tbl_defense4_timing3160(0,6) : ingress
-BA----------^-- ---------------- --------------- ---------------- ---------------- ------- -- cond-71(0,7) : ingress
-------------D^- ---------------- --------------- ---------------- ---------------- ------- -- tbl_defense4_timing3229(0,7) : ingress
--------------D^ ---------------- --------------- ---------------- ---------------- ------- -- tbl_defense4_timing3235(0,7) : ingress
#stage 1
-------------C-- ^--------------- --------------- ---------------- ---------------- ------- -- tbl_defense4_timing3205(0,7) : ingress
--E------------- D^-------------- --------------- ---------------- ---------------- ------- -- tbl_defense4_timing3207(1,7) : ingress
--E------------- -D^------------- --------------- ---------------- ---------------- ------- -- tbl_defense4_timing3210(1,7) : ingress
--E------------- --D^------------ --------------- ---------------- ---------------- ------- -- tbl_defense4_timing3213(1,7) : ingress
---------------D ----^----------- --------------- ---------------- ---------------- ------- -- tbl_defense4_timing3245(0,7) : ingress
FGH----IJ------- -----^---------- --------------- ---------------- ---------------- ------- -- tbl_random_deadlines_0(1,7) : ingress
-KIII----------- ------^--------- --------------- ---------------- ---------------- ------- -- tbl_owner_admission_0(1,6) : ingress
-B----H--------- -------^-------- --------------- ---------------- ---------------- ------- -- tbl_build_now_0(1,7) : ingress
-B----------A--- --------^------- --------------- ---------------- ---------------- ------- -- cond-64(0,7) : ingress
----------EEE--- --------C^------ --------------- ---------------- ---------------- ------- -- tbl_defense4_timing3164(1,7) : ingress
---------------- ---------D^----- --------------- ---------------- ---------------- ------- -- tbl_defense4_timing3165(1,7) : ingress
---------------- --------D--^---- --------------- ---------------- ---------------- ------- -- tbl_defense4_timing3168(0,7) : ingress
---------------- -----------D^--- --------------- ---------------- ---------------- ------- -- tbl_defense4_timing3169(0,7) : ingress
---------------- ----------D--^-- --------------- ---------------- ---------------- ------- -- tbl_defense4_timing3166(1,7) : ingress
-B-----I-------- --------------^- --------------- ---------------- ---------------- ------- -- tbl_bor_codebook_0(1,8) : ingress
-B-------------- ---------------^ --------------- ---------------- ---------------- ------- -- tbl_defense4_timing3125(0,10) : ingress
#stage 2
-BII-I---------- ------I--------- ^-------------- ---------------- ---------------- ------- -- tbl_guarded_ack_0(2,7) : ingress
-BII------------ ------I--------- -^------------- ---------------- ---------------- ------- -- tbl_guarded_sport_0(2,7) : ingress
-BII------------ ------I--------- --^------------ ---------------- ---------------- ------- -- tbl_guarded_seq_0(2,7) : ingress
-B-I------------ ------I--------- ---^----------- ---------------- ---------------- ------- -- tbl_owner_valid_0(2,7) : ingress
-B-I------------ ------I--------- ----^---------- ---------------- ---------------- ------- -- tbl_tracker_admission_0(2,7) : ingress
-L-H------------ -----H-H-------- -----^--------- ---------------- ---------------- ------- -- tbl_build_cand_resp_0(2,8) : ingress
-L-------------- -----H-H-------- ------^-------- ---------------- ---------------- ------- -- tbl_build_cand_0(2,8) : ingress
-B------H------- -----H-H-------- -------^------- ---------------- ---------------- ------- -- tbl_defense4_timing3180(2,8) : ingress
-B--I----------- ---------EEEHH-- --------^------ ---------------- ---------------- ------- -- tbl_defense4_timing3378(2,8) : ingress
----M----------- ---------EEEEE-- --------D^----- ---------------- ---------------- ------- -- tbl_defense4_timing3379(2,8) : ingress
----M----------- ---------EEEEE-- ---------D^---- ---------------- ---------------- ------- -- tbl_defense4_timing3380(2,8) : ingress
----M----------- ---------------- ----------D^--- ---------------- ---------------- ------- -- tbl_defense4_timing3381(2,8) : ingress
-B-------------- -------H------H- ------------^-- ---------------- ---------------- ------- -- tbl_defense4_timing3391(2,9) : ingress
-B-------------- ------H--------- -------------^- ---------------- ---------------- ------- -- tbl_defense4_timing3258(2,10) : ingress
FC-------------- ---------------- --------------^ ---------------- ---------------- ------- -- tbl_finish_path(1,11) : ingress
#stage 3
-B-------------- ---------EEEHH-- -----HHH------- ^--------------- ---------------- ------- -- tbl_select_deadlines_0(3,9) : ingress
-B-AA---------NO FNNPJ----------- IIIAA---------- -^-------------- ---------------- ------- -- tbl_resp_authorise_0(3,8) : ingress
---------------F F---F----------- ---E----------- -D^------------- ---------------- ------- -- tbl_defense4_timing3275(3,8) : ingress
--------------EE -EEE------------ --------------- --D^------------ ---------------- ------- -- cond-81(3,8) : ingress
-E-------------F F---F----------- --------------- ---C^----------- ---------------- ------- -- tbl_defense4_timing3281(3,8) : ingress
---E-----------F F---F----------- --------------- ----D^---------- ---------------- ------- -- tbl_defense4_timing3286(3,8) : ingress
---------------F F---F----------- ----E---------- -----C^--------- ---------------- ------- -- tbl_defense4_timing3283(3,8) : ingress
---------------F F---F----------- --------------- ------D^-------- ---------------- ------- -- tbl_defense4_timing3284(3,8) : ingress
----E---------EE -EEE------------ --------------- ---D----^------- ---------------- ------- -- cond-85(3,9) : ingress
---E------------ ---------------- --------------- --------C^------ ---------------- ------- -- tbl_defense4_timing3289(3,9) : ingress
-B-------------- ---------EEEHH-- --------------- ----------^----- ---------------- ------- -- tbl_defense4_timing3382(2,9) : ingress
---------------- ---------EEEEE-- --------------- ----------D^---- ---------------- ------- -- tbl_defense4_timing3383(2,9) : ingress
---------------- ---------------- --------------- -----------D^--- ---------------- ------- -- tbl_defense4_timing3390(2,9) : ingress
-B-------------- ---------EEEHH-- --------EMMI--- -------------^-- ---------------- ------- -- tbl_defense4_timing3393(3,9) : ingress
---------------- ---------EEEEE-- ---------MMM--- -------------D^- ---------------- ------- -- tbl_defense4_timing3394(3,9) : ingress
---------------- ---------EEEEE-- ---------MMM--- --------------D^ ---------------- ------- -- tbl_defense4_timing3395(3,10) : ingress
#stage 4
-B-A------------ ---AA--A-EEEHH-- ---AA---------- -------A-A------ ^--------------- ------- -- cond-87(3,9) : ingress
---------------M M---M----------- ---E----------- -MM-MMMM-------- C^-------------- ------- -- tbl_defense4_timing3309(4,9) : ingress
-E------------EE -EEE------------ --------------- ---------------- -D^------------- ------- -- cond-89(4,9) : ingress
--------------EN MEEEM----------- --------------- -MM-MMMM-------- --D^------------ ------- -- tbl_defense4_timing3322(4,9) : ingress
--------------EN MEEEM--F-------- --------------- -MM-MMMM-------- ---D^----------- ------- -- tbl_defense4_timing3328(4,9) : ingress
--------------EN MEEEM----------- --------------- -MM-MMMM-------- ----D^---------- ------- -- tbl_defense4_timing3344(4,9) : ingress
---E-----------M M---M----------- ----E---------- -MM-MMMM-------- --C---^--------- ------- -- tbl_defense4_timing3313(4,9) : ingress
-E-------------M M---M--F-------- --------------- -MM-MMMM-------- -----C-^-------- ------- -- tbl_defense4_timing3339(4,9) : ingress
---------------M M---M--F-------- --------------- -MM-MMMM-------- -------D^------- ------- -- tbl_defense4_timing3341(4,9) : ingress
---E-----------M M---M----------- --------------- -MM-MMMM-------- ------D--^------ ------- -- tbl_defense4_timing3316(4,9) : ingress
---------------M M---M----------- --------------- -MM-MMMM-------- ---------D^----- ------- -- tbl_defense4_timing3318(4,9) : ingress
-B-------------- ---------EEEHH-- --------------- ------------A--- -----------^---- ------- -- cond-107(2,10) : ingress
---------------- ---------------- --------------- ----------EEE--- -----------C^--- ------- -- tbl_defense4_timing3399(3,10) : ingress
---------------- ---------------- --------------- ----------EEE--- ------------D^-- ------- -- tbl_defense4_timing3400(3,10) : ingress
---------------- ---------------- --------------- ---------------- -------------D^- ------- -- tbl_defense4_timing3401(3,10) : ingress
-B------------EE -EEHA--A-------- ---A----------- A--------------- --------A------^ ------- -- cond-96(4,10) : ingress
#stage 5
---------------- -------M-------- ---E----------- F--------------- ----M--MM------C ^------ -- tbl_defense4_timing3360(5,10) : ingress
---------------- -------M-------- --------------- F--------------- ----M--MM------- D^----- -- tbl_defense4_timing3361(5,10) : ingress
--------------EE -EEE---M-------- --------------- F--------------- ----M--MM------D --^---- -- tbl_defense4_timing3367(5,10) : ingress
-B------I-----MM -MMIA--I-MMMII-- III------------ Q--------------- -M-M-MM-AMI----- ---^--- -- tbl_state_decode_0(5,10) : ingress
-B-I----------MM -MMIA-II-------- --------------- J--------------- ----M--MI------- ----^-- -- tbl_txn_active_0(5,10) : ingress
-B-I----I-----MM -MMIA-II-MMMII-- III------------ Q--------------- -M-M-MM-AMI----- -----^- -- tbl_resp_deadline_0(5,10) : ingress
-B-------------- -------I-MMMII-- ---------MMII-- R---------MMI-MA ---------------- ---R-R^ -- tbl_hold_ok_0(5,10) : ingress
#stage 6
FS-IR-----MMI-TM -MMIAJHH-MMTII-R ---I----UVVW-H- I------------XUR ----E--EH---MMI- MIIIIAI ^- tbl_decide_fresh_0(6,11) : ingress
F--MT----------- -----F---MMMMM-M ---M----M------ M--------------- ---------------- ---M-MM D^ tbl_decide_deq_0(6,11) : ingress
#dependencies
A :  ANTI_NEXT_TABLE_DATA
B :  CONTROL_DEFAULT_NEXT_TABLE
C :  CONTROL_COND_TRUE
D :  CONTROL_COND_FALSE
E :  ACTION_READ
F :  OUTPUT
G :  CONTROL_DEFAULT_NEXT_TABLE OUTPUT
H :  ACTION_READ ANTI_NEXT_TABLE_DATA
I :  IXBAR_READ ANTI_NEXT_TABLE_DATA
J :  OUTPUT ANTI_NEXT_TABLE_DATA
K :  CONTROL_DEFAULT_NEXT_TABLE IXBAR_READ
L :  CONTROL_DEFAULT_NEXT_TABLE ACTION_READ
M :  IXBAR_READ
N :  IXBAR_READ ACTION_READ
O :  IXBAR_READ ACTION_READ OUTPUT
P :  IXBAR_READ ACTION_READ ANTI_NEXT_TABLE_DATA
Q :  IXBAR_READ OUTPUT ANTI_NEXT_TABLE_DATA
R :  ANTI_ACTION_READ ANTI_NEXT_TABLE_DATA
S :  CONTROL_DEFAULT_NEXT_TABLE IXBAR_READ ACTION_READ
T :  IXBAR_READ ANTI_ACTION_READ
U :  ANTI_TABLE_READ ANTI_ACTION_READ
V :  IXBAR_READ ACTION_READ ANTI_TABLE_READ ANTI_ACTION_READ
W :  IXBAR_READ ACTION_READ ANTI_TABLE_READ ANTI_ACTION_READ ANTI_NEXT_TABLE_DATA
X :  ANTI_ACTION_READ

*** Table dependency chains (of minimum length 8) ***
#pipeline pipe
#stage 0
^--------------- ---------------- --------------- ---------------- ---------------- ------- -- tbl_defense4_timing3110(0,5) : ingress
A^-------------- ---------------- --------------- ---------------- ---------------- ------- -- tbl_params_0(0,5) : ingress
-B^------------- ---------------- --------------- ---------------- ---------------- ------- -- tbl_session_0(0,5) : ingress
-B-^------------ ---------------- --------------- ---------------- ---------------- ------- -- tbl_read_release_params_0(0,5) : ingress
-B--^----------- ---------------- --------------- ---------------- ---------------- ------- -- tbl_defense4_timing3122(0,5) : ingress
-B---^---------- ---------------- --------------- ---------------- ---------------- ------- -- tbl_build_exp_ack_0(0,6) : ingress
-B----^--------- ---------------- --------------- ---------------- ---------------- ------- -- tbl_defense4_timing3116(0,6) : ingress
-B-----^-------- ---------------- --------------- ---------------- ---------------- ------- -- tbl_defense4_timing3171(0,6) : ingress
-B------^------- ---------------- --------------- ---------------- ---------------- ------- -- tbl_bor_params_0(0,6) : ingress
-B-------^------ ---------------- --------------- ---------------- ---------------- ------- -- cond-60(0,6) : ingress
---------C^----- ---------------- --------------- ---------------- ---------------- ------- -- tbl_defense4_timing3158(0,6) : ingress
----------D^---- ---------------- --------------- ---------------- ---------------- ------- -- tbl_defense4_timing3159(0,6) : ingress
-----------D^--- ---------------- --------------- ---------------- ---------------- ------- -- tbl_defense4_timing3160(0,6) : ingress
-BA----------^-- ---------------- --------------- ---------------- ---------------- ------- -- cond-71(0,7) : ingress
-------------D^- ---------------- --------------- ---------------- ---------------- ------- -- tbl_defense4_timing3229(0,7) : ingress
--------------D^ ---------------- --------------- ---------------- ---------------- ------- -- tbl_defense4_timing3235(0,7) : ingress
#stage 1
-------------C-- ^--------------- --------------- ---------------- ---------------- ------- -- tbl_defense4_timing3205(0,7) : ingress
--E------------- D^-------------- --------------- ---------------- ---------------- ------- -- tbl_defense4_timing3207(1,7) : ingress
--E------------- -D^------------- --------------- ---------------- ---------------- ------- -- tbl_defense4_timing3210(1,7) : ingress
--E------------- --D^------------ --------------- ---------------- ---------------- ------- -- tbl_defense4_timing3213(1,7) : ingress
---------------D ----^----------- --------------- ---------------- ---------------- ------- -- tbl_defense4_timing3245(0,7) : ingress
FGH----IJ------- -----^---------- --------------- ---------------- ---------------- ------- -- tbl_random_deadlines_0(1,7) : ingress
-KIII----------- ------^--------- --------------- ---------------- ---------------- ------- -- tbl_owner_admission_0(1,6) : ingress
-B----H--------- -------^-------- --------------- ---------------- ---------------- ------- -- tbl_build_now_0(1,7) : ingress
-B----------A--- --------^------- --------------- ---------------- ---------------- ------- -- cond-64(0,7) : ingress
----------EEE--- --------C^------ --------------- ---------------- ---------------- ------- -- tbl_defense4_timing3164(1,7) : ingress
---------------- ---------D^----- --------------- ---------------- ---------------- ------- -- tbl_defense4_timing3165(1,7) : ingress
---------------- --------D--^---- --------------- ---------------- ---------------- ------- -- tbl_defense4_timing3168(0,7) : ingress
---------------- -----------D^--- --------------- ---------------- ---------------- ------- -- tbl_defense4_timing3169(0,7) : ingress
---------------- ----------D--^-- --------------- ---------------- ---------------- ------- -- tbl_defense4_timing3166(1,7) : ingress
-B-----I-------- --------------^- --------------- ---------------- ---------------- ------- -- tbl_bor_codebook_0(1,8) : ingress
-B-------------- ---------------^ --------------- ---------------- ---------------- ------- -- tbl_defense4_timing3125(0,10) : ingress
#stage 2
-BII-I---------- ------I--------- ^-------------- ---------------- ---------------- ------- -- tbl_guarded_ack_0(2,7) : ingress
-BII------------ ------I--------- -^------------- ---------------- ---------------- ------- -- tbl_guarded_sport_0(2,7) : ingress
-BII------------ ------I--------- --^------------ ---------------- ---------------- ------- -- tbl_guarded_seq_0(2,7) : ingress
-B-I------------ ------I--------- ---^----------- ---------------- ---------------- ------- -- tbl_owner_valid_0(2,7) : ingress
-B-I------------ ------I--------- ----^---------- ---------------- ---------------- ------- -- tbl_tracker_admission_0(2,7) : ingress
-L-H------------ -----H-H-------- -----^--------- ---------------- ---------------- ------- -- tbl_build_cand_resp_0(2,8) : ingress
-L-------------- -----H-H-------- ------^-------- ---------------- ---------------- ------- -- tbl_build_cand_0(2,8) : ingress
-B------H------- -----H-H-------- -------^------- ---------------- ---------------- ------- -- tbl_defense4_timing3180(2,8) : ingress
-B--I----------- ---------EEEHH-- --------^------ ---------------- ---------------- ------- -- tbl_defense4_timing3378(2,8) : ingress
----M----------- ---------EEEEE-- --------D^----- ---------------- ---------------- ------- -- tbl_defense4_timing3379(2,8) : ingress
----M----------- ---------EEEEE-- ---------D^---- ---------------- ---------------- ------- -- tbl_defense4_timing3380(2,8) : ingress
----M----------- ---------------- ----------D^--- ---------------- ---------------- ------- -- tbl_defense4_timing3381(2,8) : ingress
-B-------------- -------H------H- ------------^-- ---------------- ---------------- ------- -- tbl_defense4_timing3391(2,9) : ingress
-B-------------- ------H--------- -------------^- ---------------- ---------------- ------- -- tbl_defense4_timing3258(2,10) : ingress
FC-------------- ---------------- --------------^ ---------------- ---------------- ------- -- tbl_finish_path(1,11) : ingress
#stage 3
-B-------------- ---------EEEHH-- -----HHH------- ^--------------- ---------------- ------- -- tbl_select_deadlines_0(3,9) : ingress
-B-AA---------NO FNNPJ----------- IIIAA---------- -^-------------- ---------------- ------- -- tbl_resp_authorise_0(3,8) : ingress
---------------F F---F----------- ---E----------- -D^------------- ---------------- ------- -- tbl_defense4_timing3275(3,8) : ingress
--------------EE -EEE------------ --------------- --D^------------ ---------------- ------- -- cond-81(3,8) : ingress
-E-------------F F---F----------- --------------- ---C^----------- ---------------- ------- -- tbl_defense4_timing3281(3,8) : ingress
---E-----------F F---F----------- --------------- ----D^---------- ---------------- ------- -- tbl_defense4_timing3286(3,8) : ingress
---------------F F---F----------- ----E---------- -----C^--------- ---------------- ------- -- tbl_defense4_timing3283(3,8) : ingress
---------------F F---F----------- --------------- ------D^-------- ---------------- ------- -- tbl_defense4_timing3284(3,8) : ingress
----E---------EE -EEE------------ --------------- ---D----^------- ---------------- ------- -- cond-85(3,9) : ingress
---E------------ ---------------- --------------- --------C^------ ---------------- ------- -- tbl_defense4_timing3289(3,9) : ingress
-B-------------- ---------EEEHH-- --------------- ----------^----- ---------------- ------- -- tbl_defense4_timing3382(2,9) : ingress
---------------- ---------EEEEE-- --------------- ----------D^---- ---------------- ------- -- tbl_defense4_timing3383(2,9) : ingress
---------------- ---------------- --------------- -----------D^--- ---------------- ------- -- tbl_defense4_timing3390(2,9) : ingress
-B-------------- ---------EEEHH-- --------EMMI--- -------------^-- ---------------- ------- -- tbl_defense4_timing3393(3,9) : ingress
---------------- ---------EEEEE-- ---------MMM--- -------------D^- ---------------- ------- -- tbl_defense4_timing3394(3,9) : ingress
---------------- ---------EEEEE-- ---------MMM--- --------------D^ ---------------- ------- -- tbl_defense4_timing3395(3,10) : ingress
#stage 4
-B-A------------ ---AA--A-EEEHH-- ---AA---------- -------A-A------ ^--------------- ------- -- cond-87(3,9) : ingress
---------------M M---M----------- ---E----------- -MM-MMMM-------- C^-------------- ------- -- tbl_defense4_timing3309(4,9) : ingress
-E------------EE -EEE------------ --------------- ---------------- -D^------------- ------- -- cond-89(4,9) : ingress
--------------EN MEEEM----------- --------------- -MM-MMMM-------- --D^------------ ------- -- tbl_defense4_timing3322(4,9) : ingress
--------------EN MEEEM--F-------- --------------- -MM-MMMM-------- ---D^----------- ------- -- tbl_defense4_timing3328(4,9) : ingress
--------------EN MEEEM----------- --------------- -MM-MMMM-------- ----D^---------- ------- -- tbl_defense4_timing3344(4,9) : ingress
---E-----------M M---M----------- ----E---------- -MM-MMMM-------- --C---^--------- ------- -- tbl_defense4_timing3313(4,9) : ingress
-E-------------M M---M--F-------- --------------- -MM-MMMM-------- -----C-^-------- ------- -- tbl_defense4_timing3339(4,9) : ingress
---------------M M---M--F-------- --------------- -MM-MMMM-------- -------D^------- ------- -- tbl_defense4_timing3341(4,9) : ingress
---E-----------M M---M----------- --------------- -MM-MMMM-------- ------D--^------ ------- -- tbl_defense4_timing3316(4,9) : ingress
---------------M M---M----------- --------------- -MM-MMMM-------- ---------D^----- ------- -- tbl_defense4_timing3318(4,9) : ingress
-B-------------- ---------EEEHH-- --------------- ------------A--- -----------^---- ------- -- cond-107(2,10) : ingress
---------------- ---------------- --------------- ----------EEE--- -----------C^--- ------- -- tbl_defense4_timing3399(3,10) : ingress
---------------- ---------------- --------------- ----------EEE--- ------------D^-- ------- -- tbl_defense4_timing3400(3,10) : ingress
---------------- ---------------- --------------- ---------------- -------------D^- ------- -- tbl_defense4_timing3401(3,10) : ingress
-B------------EE -EEHA--A-------- ---A----------- A--------------- --------A------^ ------- -- cond-96(4,10) : ingress
#stage 5
---------------- -------M-------- ---E----------- F--------------- ----M--MM------C ^------ -- tbl_defense4_timing3360(5,10) : ingress
---------------- -------M-------- --------------- F--------------- ----M--MM------- D^----- -- tbl_defense4_timing3361(5,10) : ingress
--------------EE -EEE---M-------- --------------- F--------------- ----M--MM------D --^---- -- tbl_defense4_timing3367(5,10) : ingress
-B------I-----MM -MMIA--I-MMMII-- III------------ Q--------------- -M-M-MM-AMI----- ---^--- -- tbl_state_decode_0(5,10) : ingress
-B-I----------MM -MMIA-II-------- --------------- J--------------- ----M--MI------- ----^-- -- tbl_txn_active_0(5,10) : ingress
-B-I----I-----MM -MMIA-II-MMMII-- III------------ Q--------------- -M-M-MM-AMI----- -----^- -- tbl_resp_deadline_0(5,10) : ingress
-B-------------- -------I-MMMII-- ---------MMII-- R---------MMI-MA ---------------- ---R-R^ -- tbl_hold_ok_0(5,10) : ingress
#stage 6
FS-IR-----MMI-TM -MMIAJHH-MMTII-R ---I----UVVW-H- I------------XUR ----E--EH---MMI- MIIIIAI ^- tbl_decide_fresh_0(6,11) : ingress
F--MT----------- -----F---MMMMM-M ---M----M------ M--------------- ---------------- ---M-MM D^ tbl_decide_deq_0(6,11) : ingress
#dependencies
A :  ANTI_NEXT_TABLE_DATA
B :  CONTROL_DEFAULT_NEXT_TABLE
C :  CONTROL_COND_TRUE
D :  CONTROL_COND_FALSE
E :  ACTION_READ
F :  OUTPUT
G :  CONTROL_DEFAULT_NEXT_TABLE OUTPUT
H :  ACTION_READ ANTI_NEXT_TABLE_DATA
I :  IXBAR_READ ANTI_NEXT_TABLE_DATA
J :  OUTPUT ANTI_NEXT_TABLE_DATA
K :  CONTROL_DEFAULT_NEXT_TABLE IXBAR_READ
L :  CONTROL_DEFAULT_NEXT_TABLE ACTION_READ
M :  IXBAR_READ
N :  IXBAR_READ ACTION_READ
O :  IXBAR_READ ACTION_READ OUTPUT
P :  IXBAR_READ ACTION_READ ANTI_NEXT_TABLE_DATA
Q :  IXBAR_READ OUTPUT ANTI_NEXT_TABLE_DATA
R :  ANTI_ACTION_READ ANTI_NEXT_TABLE_DATA
S :  CONTROL_DEFAULT_NEXT_TABLE IXBAR_READ ACTION_READ
T :  IXBAR_READ ANTI_ACTION_READ
U :  ANTI_TABLE_READ ANTI_ACTION_READ
V :  IXBAR_READ ACTION_READ ANTI_TABLE_READ ANTI_ACTION_READ
W :  IXBAR_READ ACTION_READ ANTI_TABLE_READ ANTI_ACTION_READ ANTI_NEXT_TABLE_DATA
X :  ANTI_ACTION_READ

*** Table dependency chains (of minimum length 8) ***
#pipeline pipe
#stage 0
^--------------- ---------------- --------------- ---------------- ---------------- ------- -- tbl_defense4_timing3110(0,5) : ingress
A^-------------- ---------------- --------------- ---------------- ---------------- ------- -- tbl_params_0(0,5) : ingress
-B^------------- ---------------- --------------- ---------------- ---------------- ------- -- tbl_session_0(0,5) : ingress
-B-^------------ ---------------- --------------- ---------------- ---------------- ------- -- tbl_read_release_params_0(0,5) : ingress
-B--^----------- ---------------- --------------- ---------------- ---------------- ------- -- tbl_defense4_timing3122(0,5) : ingress
-B---^---------- ---------------- --------------- ---------------- ---------------- ------- -- tbl_build_exp_ack_0(0,6) : ingress
-B----^--------- ---------------- --------------- ---------------- ---------------- ------- -- tbl_defense4_timing3116(0,6) : ingress
-B-----^-------- ---------------- --------------- ---------------- ---------------- ------- -- tbl_defense4_timing3171(0,6) : ingress
-B------^------- ---------------- --------------- ---------------- ---------------- ------- -- tbl_bor_params_0(0,6) : ingress
-B-------^------ ---------------- --------------- ---------------- ---------------- ------- -- cond-60(0,6) : ingress
---------C^----- ---------------- --------------- ---------------- ---------------- ------- -- tbl_defense4_timing3158(0,6) : ingress
----------D^---- ---------------- --------------- ---------------- ---------------- ------- -- tbl_defense4_timing3159(0,6) : ingress
-----------D^--- ---------------- --------------- ---------------- ---------------- ------- -- tbl_defense4_timing3160(0,6) : ingress
-BA----------^-- ---------------- --------------- ---------------- ---------------- ------- -- cond-71(0,7) : ingress
-------------D^- ---------------- --------------- ---------------- ---------------- ------- -- tbl_defense4_timing3229(0,7) : ingress
--------------D^ ---------------- --------------- ---------------- ---------------- ------- -- tbl_defense4_timing3235(0,7) : ingress
#stage 1
-------------C-- ^--------------- --------------- ---------------- ---------------- ------- -- tbl_defense4_timing3205(0,7) : ingress
--E------------- D^-------------- --------------- ---------------- ---------------- ------- -- tbl_defense4_timing3207(1,7) : ingress
--E------------- -D^------------- --------------- ---------------- ---------------- ------- -- tbl_defense4_timing3210(1,7) : ingress
--E------------- --D^------------ --------------- ---------------- ---------------- ------- -- tbl_defense4_timing3213(1,7) : ingress
---------------D ----^----------- --------------- ---------------- ---------------- ------- -- tbl_defense4_timing3245(0,7) : ingress
FGH----IJ------- -----^---------- --------------- ---------------- ---------------- ------- -- tbl_random_deadlines_0(1,7) : ingress
-KIII----------- ------^--------- --------------- ---------------- ---------------- ------- -- tbl_owner_admission_0(1,6) : ingress
-B----H--------- -------^-------- --------------- ---------------- ---------------- ------- -- tbl_build_now_0(1,7) : ingress
-B----------A--- --------^------- --------------- ---------------- ---------------- ------- -- cond-64(0,7) : ingress
----------EEE--- --------C^------ --------------- ---------------- ---------------- ------- -- tbl_defense4_timing3164(1,7) : ingress
---------------- ---------D^----- --------------- ---------------- ---------------- ------- -- tbl_defense4_timing3165(1,7) : ingress
---------------- --------D--^---- --------------- ---------------- ---------------- ------- -- tbl_defense4_timing3168(0,7) : ingress
---------------- -----------D^--- --------------- ---------------- ---------------- ------- -- tbl_defense4_timing3169(0,7) : ingress
---------------- ----------D--^-- --------------- ---------------- ---------------- ------- -- tbl_defense4_timing3166(1,7) : ingress
-B-----I-------- --------------^- --------------- ---------------- ---------------- ------- -- tbl_bor_codebook_0(1,8) : ingress
-B-------------- ---------------^ --------------- ---------------- ---------------- ------- -- tbl_defense4_timing3125(0,10) : ingress
#stage 2
-BII-I---------- ------I--------- ^-------------- ---------------- ---------------- ------- -- tbl_guarded_ack_0(2,7) : ingress
-BII------------ ------I--------- -^------------- ---------------- ---------------- ------- -- tbl_guarded_sport_0(2,7) : ingress
-BII------------ ------I--------- --^------------ ---------------- ---------------- ------- -- tbl_guarded_seq_0(2,7) : ingress
-B-I------------ ------I--------- ---^----------- ---------------- ---------------- ------- -- tbl_owner_valid_0(2,7) : ingress
-B-I------------ ------I--------- ----^---------- ---------------- ---------------- ------- -- tbl_tracker_admission_0(2,7) : ingress
-L-H------------ -----H-H-------- -----^--------- ---------------- ---------------- ------- -- tbl_build_cand_resp_0(2,8) : ingress
-L-------------- -----H-H-------- ------^-------- ---------------- ---------------- ------- -- tbl_build_cand_0(2,8) : ingress
-B------H------- -----H-H-------- -------^------- ---------------- ---------------- ------- -- tbl_defense4_timing3180(2,8) : ingress
-B--I----------- ---------EEEHH-- --------^------ ---------------- ---------------- ------- -- tbl_defense4_timing3378(2,8) : ingress
----M----------- ---------EEEEE-- --------D^----- ---------------- ---------------- ------- -- tbl_defense4_timing3379(2,8) : ingress
----M----------- ---------EEEEE-- ---------D^---- ---------------- ---------------- ------- -- tbl_defense4_timing3380(2,8) : ingress
----M----------- ---------------- ----------D^--- ---------------- ---------------- ------- -- tbl_defense4_timing3381(2,8) : ingress
-B-------------- -------H------H- ------------^-- ---------------- ---------------- ------- -- tbl_defense4_timing3391(2,9) : ingress
-B-------------- ------H--------- -------------^- ---------------- ---------------- ------- -- tbl_defense4_timing3258(2,10) : ingress
FC-------------- ---------------- --------------^ ---------------- ---------------- ------- -- tbl_finish_path(1,11) : ingress
#stage 3
-B-------------- ---------EEEHH-- -----HHH------- ^--------------- ---------------- ------- -- tbl_select_deadlines_0(3,9) : ingress
-B-AA---------NO FNNPJ----------- IIIAA---------- -^-------------- ---------------- ------- -- tbl_resp_authorise_0(3,8) : ingress
---------------F F---F----------- ---E----------- -D^------------- ---------------- ------- -- tbl_defense4_timing3275(3,8) : ingress
--------------EE -EEE------------ --------------- --D^------------ ---------------- ------- -- cond-81(3,8) : ingress
-E-------------F F---F----------- --------------- ---C^----------- ---------------- ------- -- tbl_defense4_timing3281(3,8) : ingress
---E-----------F F---F----------- --------------- ----D^---------- ---------------- ------- -- tbl_defense4_timing3286(3,8) : ingress
---------------F F---F----------- ----E---------- -----C^--------- ---------------- ------- -- tbl_defense4_timing3283(3,8) : ingress
---------------F F---F----------- --------------- ------D^-------- ---------------- ------- -- tbl_defense4_timing3284(3,8) : ingress
----E---------EE -EEE------------ --------------- ---D----^------- ---------------- ------- -- cond-85(3,9) : ingress
---E------------ ---------------- --------------- --------C^------ ---------------- ------- -- tbl_defense4_timing3289(3,9) : ingress
-B-------------- ---------EEEHH-- --------------- ----------^----- ---------------- ------- -- tbl_defense4_timing3382(2,9) : ingress
---------------- ---------EEEEE-- --------------- ----------D^---- ---------------- ------- -- tbl_defense4_timing3383(2,9) : ingress
---------------- ---------------- --------------- -----------D^--- ---------------- ------- -- tbl_defense4_timing3390(2,9) : ingress
-B-------------- ---------EEEHH-- --------EMMI--- -------------^-- ---------------- ------- -- tbl_defense4_timing3393(3,9) : ingress
---------------- ---------EEEEE-- ---------MMM--- -------------D^- ---------------- ------- -- tbl_defense4_timing3394(3,9) : ingress
---------------- ---------EEEEE-- ---------MMM--- --------------D^ ---------------- ------- -- tbl_defense4_timing3395(3,10) : ingress
#stage 4
-B-A------------ ---AA--A-EEEHH-- ---AA---------- -------A-A------ ^--------------- ------- -- cond-87(3,9) : ingress
---------------M M---M----------- ---E----------- -MM-MMMM-------- C^-------------- ------- -- tbl_defense4_timing3309(4,9) : ingress
-E------------EE -EEE------------ --------------- ---------------- -D^------------- ------- -- cond-89(4,9) : ingress
--------------EN MEEEM----------- --------------- -MM-MMMM-------- --D^------------ ------- -- tbl_defense4_timing3322(4,9) : ingress
--------------EN MEEEM--F-------- --------------- -MM-MMMM-------- ---D^----------- ------- -- tbl_defense4_timing3328(4,9) : ingress
--------------EN MEEEM----------- --------------- -MM-MMMM-------- ----D^---------- ------- -- tbl_defense4_timing3344(4,9) : ingress
---E-----------M M---M----------- ----E---------- -MM-MMMM-------- --C---^--------- ------- -- tbl_defense4_timing3313(4,9) : ingress
-E-------------M M---M--F-------- --------------- -MM-MMMM-------- -----C-^-------- ------- -- tbl_defense4_timing3339(4,9) : ingress
---------------M M---M--F-------- --------------- -MM-MMMM-------- -------D^------- ------- -- tbl_defense4_timing3341(4,9) : ingress
---E-----------M M---M----------- --------------- -MM-MMMM-------- ------D--^------ ------- -- tbl_defense4_timing3316(4,9) : ingress
---------------M M---M----------- --------------- -MM-MMMM-------- ---------D^----- ------- -- tbl_defense4_timing3318(4,9) : ingress
-B-------------- ---------EEEHH-- --------------- ------------A--- -----------^---- ------- -- cond-107(2,10) : ingress
---------------- ---------------- --------------- ----------EEE--- -----------C^--- ------- -- tbl_defense4_timing3399(3,10) : ingress
---------------- ---------------- --------------- ----------EEE--- ------------D^-- ------- -- tbl_defense4_timing3400(3,10) : ingress
---------------- ---------------- --------------- ---------------- -------------D^- ------- -- tbl_defense4_timing3401(3,10) : ingress
-B------------EE -EEHA--A-------- ---A----------- A--------------- --------A------^ ------- -- cond-96(4,10) : ingress
#stage 5
---------------- -------M-------- ---E----------- F--------------- ----M--MM------C ^------ -- tbl_defense4_timing3360(5,10) : ingress
---------------- -------M-------- --------------- F--------------- ----M--MM------- D^----- -- tbl_defense4_timing3361(5,10) : ingress
--------------EE -EEE---M-------- --------------- F--------------- ----M--MM------D --^---- -- tbl_defense4_timing3367(5,10) : ingress
-B------I-----MM -MMIA--I-MMMII-- III------------ Q--------------- -M-M-MM-AMI----- ---^--- -- tbl_state_decode_0(5,10) : ingress
-B-I----------MM -MMIA-II-------- --------------- J--------------- ----M--MI------- ----^-- -- tbl_txn_active_0(5,10) : ingress
-B-I----I-----MM -MMIA-II-MMMII-- III------------ Q--------------- -M-M-MM-AMI----- -----^- -- tbl_resp_deadline_0(5,10) : ingress
-B-------------- -------I-MMMII-- ---------MMII-- R---------MMI-MA ---------------- ---R-R^ -- tbl_hold_ok_0(5,10) : ingress
#stage 6
FS-IR-----MMI-TM -MMIAJHH-MMTII-R ---I----UVVW-H- I------------XUR ----E--EH---MMI- MIIIIAI ^- tbl_decide_fresh_0(6,11) : ingress
F--MT----------- -----F---MMMMM-M ---M----M------ M--------------- ---------------- ---M-MM D^ tbl_decide_deq_0(6,11) : ingress
#dependencies
A :  ANTI_NEXT_TABLE_DATA
B :  CONTROL_DEFAULT_NEXT_TABLE
C :  CONTROL_COND_TRUE
D :  CONTROL_COND_FALSE
E :  ACTION_READ
F :  OUTPUT
G :  CONTROL_DEFAULT_NEXT_TABLE OUTPUT
H :  ACTION_READ ANTI_NEXT_TABLE_DATA
I :  IXBAR_READ ANTI_NEXT_TABLE_DATA
J :  OUTPUT ANTI_NEXT_TABLE_DATA
K :  CONTROL_DEFAULT_NEXT_TABLE IXBAR_READ
L :  CONTROL_DEFAULT_NEXT_TABLE ACTION_READ
M :  IXBAR_READ
N :  IXBAR_READ ACTION_READ
O :  IXBAR_READ ACTION_READ OUTPUT
P :  IXBAR_READ ACTION_READ ANTI_NEXT_TABLE_DATA
Q :  IXBAR_READ OUTPUT ANTI_NEXT_TABLE_DATA
R :  ANTI_ACTION_READ ANTI_NEXT_TABLE_DATA
S :  CONTROL_DEFAULT_NEXT_TABLE IXBAR_READ ACTION_READ
T :  IXBAR_READ ANTI_ACTION_READ
U :  ANTI_TABLE_READ ANTI_ACTION_READ
V :  IXBAR_READ ACTION_READ ANTI_TABLE_READ ANTI_ACTION_READ
W :  IXBAR_READ ACTION_READ ANTI_TABLE_READ ANTI_ACTION_READ ANTI_NEXT_TABLE_DATA
X :  ANTI_ACTION_READ

*** Table dependency chains (of minimum length 8) ***
