./analysis.json: OK
./analyze.out: OK
./block_CA_D1_1.json: OK
./block_CA_D1_2.json: OK
./block_CA_D2_1.json: OK
./block_CA_D2_2.json: OK
./block_CA_D3_1.json: OK
./block_CA_D3_2.json: OK
./block_CA_D4_1.json: OK
./block_CA_D4_2.json: OK
./block_CA_OFF_1.json: OK
./block_CA_OFF_2.json: OK
./blocks.jsonl: OK
./clear_CA_D1_1.txt: OK
./clear_CA_D1_2.txt: OK
./clear_CA_D2_1.txt: OK
./clear_CA_D2_2.txt: OK
./clear_CA_D3_1.txt: OK
./clear_CA_D3_2.txt: OK
./clear_CA_D4_1.txt: OK
./clear_CA_D4_2.txt: OK
./clear_CA_OFF_1.txt: OK
./clear_CA_OFF_2.txt: OK
./driver.err: OK
./ev_post_CA_D1_1.json: OK
./ev_post_CA_D1_2.json: OK
./ev_post_CA_D2_1.json: OK
./ev_post_CA_D2_2.json: OK
./ev_post_CA_D3_1.json: OK
./ev_post_CA_D3_2.json: OK
./ev_post_CA_D4_1.json: OK
./ev_post_CA_D4_2.json: OK
./ev_post_CA_OFF_1.json: OK
./ev_post_CA_OFF_2.json: OK
./ev_pre_CA_D1_1.json: OK
./ev_pre_CA_D1_2.json: OK
./ev_pre_CA_D2_1.json: OK
./ev_pre_CA_D2_2.json: OK
./ev_pre_CA_D3_1.json: OK
./ev_pre_CA_D3_2.json: OK
./ev_pre_CA_D4_1.json: OK
./ev_pre_CA_D4_2.json: OK
./ev_pre_CA_OFF_1.json: OK
./ev_pre_CA_OFF_2.json: OK
./fig_clrt_ecdf.meta.json: OK
./fig_clrt_ecdf.pdf: OK
./fig_clrt_ecdf.png: OK
./meta/offload_master.txt: OK
./meta/provenance.txt: OK
./pcaps/blk_CA_D1_1.pcap: OK
./pcaps/blk_CA_D1_2.pcap: OK
./pcaps/blk_CA_D2_1.pcap: OK
./pcaps/blk_CA_D2_2.pcap: OK
./pcaps/blk_CA_D3_1.pcap: OK
./pcaps/blk_CA_D3_2.pcap: OK
./pcaps/blk_CA_D4_1.pcap: OK
./pcaps/blk_CA_D4_2.pcap: OK
./pcaps/blk_CA_OFF_1.pcap: OK
./pcaps/blk_CA_OFF_2.pcap: OK
./policy_CA_D1_1.txt: OK
./policy_CA_D1_2.txt: OK
./policy_CA_D2_1.txt: OK
./policy_CA_D2_2.txt: OK
./policy_CA_D3_1.txt: OK
./policy_CA_D3_2.txt: OK
./policy_CA_D4_1.txt: OK
./policy_CA_D4_2.txt: OK
./policy_CA_OFF_1.txt: OK
./policy_CA_OFF_2.txt: OK
./README.md: OK
./run.log: OK
./score2.err: OK
./score.err: OK
./spec.txt: OK
