PHV ALLOCATION SUCCESSFUL
PHV Allocation
+-----------+-------+-----------------+----------------------------------------------------------------+
|Container  |Gress  |Container Slice  |Field Slice                                                     |
+-----------+-------+-----------------+----------------------------------------------------------------+
|B0         |I-HW   |                 |ingress::hdr.outer.txn_tag                                      |
|           |       |                 |                                                                |
|B1         |I-HW   |                 |ingress::meta.clone_tag[7:0]                                    |
|           |       |                 |                                                                |
|B2         |I-HW   |                 |ingress::hdr.ib.gen                                             |
|           |       |                 |ingress::hdr.tcp.flags                                          |
|           |       |                 |                                                                |
|B3         |I-HW   |                 |ingress::hdr.outer.direction                                    |
|           |       |                 |                                                                |
|B4         |I-HW   |                 |ingress::hdr.outer.realfill                                     |
|           |       |                 |                                                                |
|B5         |I-HW   |                 |ingress::meta.cur_slot                                          |
|           |       |                 |ingress::meta.ack_ok                                            |
|           |       |                 |                                                                |
|B6         |I-HW   |                 |ingress::hdr.outer.slot_id                                      |
|           |       |                 |                                                                |
|B7         |I-HW   |                 |ingress::meta.exp_slot                                          |
|           |       |                 |ingress::meta.release                                           |
|           |       |                 |                                                                |
|B8         |I-HW   |                 |ingress::meta.slot_diff                                         |
|           |       |                 |                                                                |
|B9         |I-HW   |                 |ingress::meta.clone_tag[31:24]                                  |
|           |       |                 |                                                                |
|B10        |I-HW   |[2:0]            |ingress::ig_intr_md_for_dprsr.mirror_type                       |
|           |       |                 |                                                                |
|B11        |I-HW   |[4:0]            |ingress::ig_intr_md_for_tm.qid                                  |
|           |       |[7:5]            |ingress::ig_intr_md_for_dprsr.drop_ctl                          |
|           |       |                 |                                                                |
|B12        |I-HW   |[0]              |ingress::ig_intr_md_for_tm.bypass_egress                        |
|           |       |                 |                                                                |
|B13        |I-HW   |                 |ingress::hdr.ib.role                                            |
|           |       |                 |ingress::hdr.ipv4.protocol                                      |
|           |       |                 |                                                                |
|B14        |I-HW   |                 |ingress::meta.role                                              |
|           |       |                 |                                                                |
|B15        |I-HW   |                 |ingress::meta.port_ok                                           |
|           |       |                 |                                                                |
|B16        |E-HW   |[0]              |egress::hdr.min_parse_depth_padding_0.$stkvalid[0]              |
|           |       |[1]              |egress::hdr.min_parse_depth_padding_0.$stkvalid[1]              |
|           |       |[2]              |egress::hdr.min_parse_depth_padding_0.$stkvalid[2]              |
|           |       |                 |                                                                |
|B17        |E-HW   |[0]              |egress::hdr.eth.$valid                                          |
|           |       |                 |                                                                |
|...        |       |                 |                                                                |
|           |       |                 |                                                                |
|B32        |I      |                 |ingress::meta.epoch_rollover                                    |
|           |       |                 |                                                                |
|B33        |I      |                 |ingress::meta.mode                                              |
|           |       |                 |                                                                |
|B34        |I      |                 |ingress::meta.size_profile                                      |
|           |       |                 |                                                                |
|...        |       |                 |                                                                |
|           |       |                 |                                                                |
|H0         |I-HW   |                 |ingress::hdr.ipv4.total_len                                     |
|           |       |[9:0]            |ingress::hdr.ib.flow[9:0]                                       |
|           |       |[15:10]          |ingress::hdr.ib.flow[15:10]                                     |
|           |       |                 |                                                                |
|H1         |I-HW   |                 |ingress::hdr.outer.inner_len                                    |
|           |       |                 |                                                                |
|H2         |I-HW   |                 |ingress::hdr.tcp.src_port                                       |
|           |       |                 |                                                                |
|H3         |I-HW   |                 |ingress::hdr.tcp.dst_port                                       |
|           |       |                 |                                                                |
|H4         |I-HW   |                 |ingress::meta.pt_lo                                             |
|           |       |[7:0]            |ingress::meta.valid_cur                                         |
|           |       |[15:8]           |ingress::meta.phase_old                                         |
|           |       |                 |                                                                |
|H5         |I-HW   |                 |ingress::meta.pt_diff                                           |
|           |       |[7:0]            |ingress::meta.collision                                         |
|           |       |[15:8]           |ingress::meta.linkage_ok                                        |
|           |       |                 |                                                                |
|H6         |I-HW   |                 |ingress::meta.pt_hi                                             |
|           |       |[7:0]            |ingress::meta.tag_diff                                          |
|           |       |[15:8]           |ingress::meta.ack_released                                      |
|           |       |                 |                                                                |
|H7         |I-HW   |                 |ingress::meta.clone_tag[23:8]                                   |
|           |       |                 |                                                                |
|H8         |I-HW   |[9:0]            |ingress::meta.flow_wide[9:0]                                    |
|           |       |[15:10]          |ingress::meta.flow_wide[15:10]                                  |
|           |       |[7:0]            |ingress::meta.expired                                           |
|           |       |[15:8]           |ingress::meta.event_due                                         |
|           |       |                 |                                                                |
|H9         |I-HW   |[9:0]            |ingress::meta.flow_idx                                          |
|           |       |                 |                                                                |
|H10        |I-HW   |[8:0]            |ingress::ig_intr_md_for_tm.ucast_egress_port                    |
|           |       |                 |                                                                |
|H11        |I-HW   |[8:0]            |ingress::meta.fwd_port                                          |
|           |       |                 |                                                                |
|H12        |I-HW   |[9:0]            |ingress::meta.clone_ses                                         |
|           |       |                 |                                                                |
|H13        |I-HW   |[9:0]            |ingress::$tmp2                                                  |
|           |       |                 |                                                                |
|H14        |I-HW   |                 |ingress::hdr.outer.size_bytes                                   |
|           |       |                 |                                                                |
|H15        |I-HW   |[0]              |ingress::hdr.outer.$valid                                       |
|           |       |[1]              |ingress::hdr.eth.$valid                                         |
|           |       |[2]              |ingress::hdr.ib.$valid                                          |
|           |       |[3]              |ingress::hdr.ipv4.$valid                                        |
|           |       |[4]              |ingress::hdr.tcp.$valid                                         |
|           |       |[5]              |ingress::hdr.dnp3_dl.$valid                                     |
|           |       |[6]              |ingress::hdr.dnp3_tp.$valid                                     |
|           |       |[7]              |ingress::hdr.dnp3_app.$valid                                    |
|           |       |[8]              |ingress::hdr.tcp_opt4.$valid                                    |
|           |       |[9]              |ingress::hdr.tcp_opt8.$valid                                    |
|           |       |[10]             |ingress::hdr.tcp_opt12.$valid                                   |
|           |       |                 |                                                                |
|H16        |E-HW   |[8:0]            |egress::eg_intr_md.egress_port                                  |
|           |       |                 |                                                                |
|...        |       |                 |                                                                |
|           |       |                 |                                                                |
|W0         |I-HW   |                 |ingress::hdr.ipv4.src_addr                                      |
|           |       |                 |ingress::hdr.ib.seq                                             |
|           |       |                 |                                                                |
|W1         |I-HW   |                 |ingress::hdr.ipv4.dst_addr                                      |
|           |       |                 |                                                                |
|W2         |I-HW   |                 |ingress::meta.ip_lo                                             |
|           |       |                 |ingress::meta.dl_val                                            |
|           |       |                 |                                                                |
|W3         |I-HW   |                 |ingress::meta.ip_diff                                           |
|           |       |                 |ingress::meta.age                                               |
|           |       |                 |                                                                |
|W4         |I-HW   |                 |ingress::meta.ip_hi                                             |
|           |       |                 |ingress::meta.slot_hit                                          |
|           |       |                 |                                                                |
|W5         |I-HW   |                 |ingress::ig_intr_md.ingress_mac_tstamp[31:0]                    |
|           |       |                 |                                                                |
|W6         |I-HW   |                 |ingress::meta.dl_cand                                           |
|           |       |                 |                                                                |
|W7         |I-HW   |                 |ingress::meta.guard_ticks                                       |
|           |       |[7:0]            |ingress::meta.event_diff                                        |
|           |       |                 |                                                                |
|W8         |I-HW   |                 |ingress::meta.slot_off_ticks                                    |
|           |       |[7:0]            |ingress::meta.slot_ok                                           |
|           |       |                 |                                                                |
|W9         |I-HW   |                 |ingress::meta.ts_m                                              |
|           |       |                 |ingress::meta.slot_onehot                                       |
|           |       |                 |                                                                |
|W10        |I-HW   |                 |ingress::meta.now_word                                          |
|           |       |                 |                                                                |
|W11        |I-HW   |                 |ingress::meta.dl_cand_abs                                       |
|           |       |[7:0]            |ingress::meta.txn_active                                        |
|           |       |                 |                                                                |
|W12        |I-HW   |                 |ingress::meta.dl_cand_slot                                      |
|           |       |                 |                                                                |
|W13        |I-HW   |[15:0]           |ingress::meta.fp_cur                                            |
|           |       |[31:16]          |ingress::meta.fp_diff                                           |
|           |       |                 |                                                                |
|W14        |I-HW   |[7:0]            |ingress::meta.dequeued                                          |
|           |       |[15:8]           |ingress::meta.is_pktgen                                         |
|           |       |[23:16]          |ingress::meta.budget_zero                                       |
|           |       |[31:24]          |ingress::meta.pkt_class                                         |
|           |       |                 |                                                                |
|W15        |I-HW   |[7:0]            |ingress::meta.phase_next                                        |
|           |       |[15:8]           |ingress::meta.is_response                                       |
|           |       |[23:16]          |ingress::meta.cleanup_trig                                      |
|           |       |[31:24]          |ingress::meta.is_real                                           |
|           |       |                 |                                                                |
|...        |       |                 |                                                                |
|           |       |                 |                                                                |
|TB0        |I      |                 |ingress::hdr.ib.slot                                            |
|           |       |                 |ingress::hdr.dnp3_tp.tp_ctrl                                    |
|           |       |                 |                                                                |
|TH0        |I      |                 |ingress::hdr.tcp.window                                         |
|           |       |                 |                                                                |
|TW0        |I      |[12:0]           |ingress::hdr.ipv4.frag_offset                                   |
|           |       |[15:13]          |ingress::hdr.ipv4.flags                                         |
|           |       |[31:16]          |ingress::hdr.ipv4.identification                                |
|           |       |                 |                                                                |
|TB1        |I      |[3:0]            |ingress::hdr.tcp.res                                            |
|           |       |[7:4]            |ingress::hdr.tcp.data_offset                                    |
|           |       |                 |                                                                |
|TH1        |I      |                 |ingress::hdr.ipv4.hdr_checksum                                  |
|           |       |                 |                                                                |
|TW1        |I      |[15:0]           |ingress::hdr.dnp3_dl.dst_addr                                   |
|           |       |[23:16]          |ingress::hdr.dnp3_dl.ctrl                                       |
|           |       |[31:24]          |ingress::hdr.dnp3_dl.length                                     |
|           |       |                 |                                                                |
|TB2        |I      |                 |ingress::hdr.ipv4.ttl                                           |
|           |       |                 |                                                                |
|TH2        |I      |                 |ingress::hdr.eth.src[15:0]                                      |
|           |       |                 |                                                                |
|TW2        |I      |[15:0]           |ingress::hdr.tcp.urgent_ptr                                     |
|           |       |[31:16]          |ingress::hdr.tcp.checksum                                       |
|           |       |                 |                                                                |
|TB3        |I      |                 |ingress::hdr.eth.dst[39:32]                                     |
|           |       |                 |                                                                |
|TH3        |I      |                 |ingress::hdr.eth.src[31:16]                                     |
|           |       |                 |                                                                |
|TW3        |I      |[15:0]           |ingress::hdr.dnp3_dl.crc                                        |
|           |       |[31:16]          |ingress::hdr.dnp3_dl.src_addr                                   |
|           |       |                 |                                                                |
|TH4        |I      |                 |ingress::hdr.eth.dst[15:0]                                      |
|           |       |                 |                                                                |
|TH5        |I      |                 |ingress::hdr.eth.dst[31:16]                                     |
|           |       |                 |                                                                |
|TB4        |E      |                 |egress::hdr.min_parse_depth_padding_0[0].packet_payload[87:80]  |
|           |       |                 |                                                                |
|TW4        |E      |                 |egress::hdr.eth.src[31:0]                                       |
|           |       |                 |                                                                |
|TB5        |E      |                 |egress::hdr.min_parse_depth_padding_0[1].packet_payload[87:80]  |
|           |       |                 |                                                                |
|TW5        |E      |                 |egress::hdr.eth.dst[31:0]                                       |
|           |       |                 |                                                                |
|TB6        |E      |                 |egress::hdr.min_parse_depth_padding_0[2].packet_payload[87:80]  |
|           |       |                 |                                                                |
|TH6        |E      |                 |egress::hdr.min_parse_depth_padding_0[1].packet_payload[15:0]   |
|           |       |                 |                                                                |
|TW6        |E      |                 |egress::hdr.min_parse_depth_padding_0[0].packet_payload[31:0]   |
|           |       |                 |                                                                |
|...        |       |                 |                                                                |
|           |       |                 |                                                                |
|TH7        |E      |                 |egress::hdr.min_parse_depth_padding_0[1].packet_payload[31:16]  |
|           |       |                 |                                                                |
|TW7        |E      |                 |egress::hdr.min_parse_depth_padding_0[0].packet_payload[63:32]  |
|           |       |                 |                                                                |
|TH8        |E      |                 |egress::hdr.min_parse_depth_padding_0[1].packet_payload[47:32]  |
|           |       |                 |                                                                |
|TH9        |E      |                 |egress::hdr.min_parse_depth_padding_0[1].packet_payload[63:48]  |
|           |       |                 |                                                                |
|TH10       |E      |                 |egress::hdr.min_parse_depth_padding_0[2].packet_payload[15:0]   |
|           |       |                 |                                                                |
|TH11       |E      |                 |egress::hdr.min_parse_depth_padding_0[2].packet_payload[31:16]  |
|           |       |                 |                                                                |
|TB8        |I      |                 |ingress::hdr.eth.dst[47:40]                                     |
|           |       |                 |                                                                |
|TW8        |I      |                 |ingress::hdr.tcp.ack_no                                         |
|           |       |                 |                                                                |
|TB9        |I      |                 |ingress::hdr.dnp3_dl.start[7:0]                                 |
|           |       |                 |                                                                |
|TW9        |I      |                 |ingress::hdr.tcp.seq_no                                         |
|           |       |                 |                                                                |
|TB10       |I      |                 |ingress::hdr.dnp3_dl.start[15:8]                                |
|           |       |                 |                                                                |
|TW10       |I      |                 |ingress::hdr.tcp_opt4.data                                      |
|           |       |                 |ingress::hdr.tcp_opt8.data[31:0]                                |
|           |       |                 |ingress::hdr.tcp_opt12.data[31:0]                               |
|           |       |                 |                                                                |
|...        |       |                 |                                                                |
|           |       |                 |                                                                |
|TW11       |I      |                 |ingress::hdr.tcp_opt8.data[63:32]                               |
|           |       |                 |ingress::hdr.tcp_opt12.data[63:32]                              |
|           |       |                 |                                                                |
|TH12       |I      |                 |ingress::hdr.tcp_opt12.data[79:64]                              |
|           |       |                 |                                                                |
|TH13       |I      |                 |ingress::hdr.tcp_opt12.data[95:80]                              |
|           |       |                 |                                                                |
|TH14       |I      |[7:0]            |ingress::hdr.ipv4.diffserv                                      |
|           |       |[11:8]           |ingress::hdr.ipv4.ihl                                           |
|           |       |[15:12]          |ingress::hdr.ipv4.version                                       |
|           |       |                 |                                                                |
|TH15       |I      |[7:0]            |ingress::hdr.dnp3_app.func_code                                 |
|           |       |[15:8]           |ingress::hdr.dnp3_app.app_control                               |
|           |       |                 |                                                                |
|TH16       |I      |                 |ingress::hdr.eth.etype                                          |
|           |       |                 |                                                                |
|TH17       |I      |                 |ingress::hdr.eth.src[47:32]                                     |
|           |       |                 |                                                                |
|...        |       |                 |                                                                |
|           |       |                 |                                                                |
|TW12       |E      |                 |egress::hdr.min_parse_depth_padding_0[2].packet_payload[63:32]  |
|           |       |                 |                                                                |
|...        |       |                 |                                                                |
|           |       |                 |                                                                |
|TH18       |E      |                 |egress::hdr.eth.etype                                           |
|           |       |                 |                                                                |
|TH19       |E      |                 |egress::hdr.eth.src[47:32]                                      |
|           |       |                 |                                                                |
|TH20       |E      |                 |egress::hdr.eth.dst[47:32]                                      |
|           |       |                 |                                                                |
|TH21       |E      |                 |egress::hdr.min_parse_depth_padding_0[0].packet_payload[79:64]  |
|           |       |                 |                                                                |
|TH22       |E      |                 |egress::hdr.min_parse_depth_padding_0[1].packet_payload[79:64]  |
|           |       |                 |                                                                |
|TH23       |E      |                 |egress::hdr.min_parse_depth_padding_0[2].packet_payload[79:64]  |
|           |       |                 |                                                                |
|...        |       |                 |                                                                |
|           |       |                 |                                                                |
|TW16       |I      |[15:0]           |ingress::ig_intr_md.ingress_mac_tstamp[47:32]                   |
|           |       |                 |                                                                |
|...        |       |                 |                                                                |
|           |       |                 |                                                                |
+-----------+-------+-----------------+----------------------------------------------------------------+


POV Allocation (ingress):
+-----------+-----------------+-------------------------------+
|Container  |Container Slice  |Field Slice                    |
+-----------+-----------------+-------------------------------+
|H15        |[0]              |ingress::hdr.outer.$valid      |
|           |[1]              |ingress::hdr.eth.$valid        |
|           |[2]              |ingress::hdr.ib.$valid         |
|           |[3]              |ingress::hdr.ipv4.$valid       |
|           |[4]              |ingress::hdr.tcp.$valid        |
|           |[5]              |ingress::hdr.dnp3_dl.$valid    |
|           |[6]              |ingress::hdr.dnp3_tp.$valid    |
|           |[7]              |ingress::hdr.dnp3_app.$valid   |
|           |[8]              |ingress::hdr.tcp_opt4.$valid   |
|           |[9]              |ingress::hdr.tcp_opt8.$valid   |
|           |[10]             |ingress::hdr.tcp_opt12.$valid  |
+-----------+-----------------+-------------------------------+
|           |Total Bits Used  |11 / 256 (  4.3 %)             |
|           |Pack Density     |11 / 16 ( 68.8 %)              |
+-----------+-----------------+-------------------------------+

POV Allocation (egress):
+-----------+-----------------+----------------------------------------------------+
|Container  |Container Slice  |Field Slice                                         |
+-----------+-----------------+----------------------------------------------------+
|B16        |[0]              |egress::hdr.min_parse_depth_padding_0.$stkvalid[0]  |
|           |[1]              |egress::hdr.min_parse_depth_padding_0.$stkvalid[1]  |
|           |[2]              |egress::hdr.min_parse_depth_padding_0.$stkvalid[2]  |
+-----------+-----------------+----------------------------------------------------+
|B17        |[0]              |egress::hdr.eth.$valid                              |
+-----------+-----------------+----------------------------------------------------+
|           |Total Bits Used  |4 / 256 ( 1.56 %)                                   |
|           |Pack Density     |4 / 16 (  25  %)                                    |
+-----------+-----------------+----------------------------------------------------+

+----------------------------------------------------------------+------------+-----------+----------------+-----------------+
|Field Slice                                                     |Live Range  |Container  |Container Type  |Container Slice  |
+----------------------------------------------------------------+------------+-----------+----------------+-----------------+
|ingress::ig_intr_md.ingress_mac_tstamp[47:32]                   |[-1r, 11w]  |TW16       |TW              |[15:0]           |
|ingress::ig_intr_md.ingress_mac_tstamp[31:0]                    |[-1r, 11w]  |W5         |W               |                 |
|ingress::meta.role                                              |[-1r, 11w]  |B14        |B               |                 |
|ingress::meta.fwd_port                                          |[-1r, 11w]  |H11        |H               |[8:0]            |
|ingress::meta.port_ok                                           |[-1r, 11w]  |B15        |B               |                 |
|ingress::meta.dequeued                                          |[-1r, 11w]  |W14        |W               |[7:0]            |
|ingress::meta.is_pktgen                                         |[-1r, 11w]  |W14        |W               |[15:8]           |
|ingress::meta.budget_zero                                       |[-1r, 11w]  |W14        |W               |[23:16]          |
|ingress::meta.ip_diff                                           |[-1r, 11w]  |W3         |W               |                 |
|ingress::meta.pt_diff                                           |[-1r, 11w]  |H5         |H               |                 |
|ingress::meta.ip_lo                                             |[-1r, 11w]  |W2         |W               |                 |
|ingress::meta.ip_hi                                             |[-1r, 11w]  |W4         |W               |                 |
|ingress::meta.pt_lo                                             |[-1r, 11w]  |H4         |H               |                 |
|ingress::meta.pt_hi                                             |[-1r, 11w]  |H6         |H               |                 |
|ingress::meta.flow_idx                                          |[-1r, 11w]  |H9         |H               |[9:0]            |
|ingress::meta.flow_wide[9:0]                                    |[-1r, 11w]  |H8         |H               |[9:0]            |
|ingress::meta.flow_wide[15:10]                                  |[-1r, 11w]  |H8         |H               |[15:10]          |
|ingress::meta.fp_cur                                            |[-1r, 11w]  |W13        |W               |[15:0]           |
|ingress::meta.fp_diff                                           |[-1r, 11w]  |W13        |W               |[31:16]          |
|ingress::meta.collision                                         |[-1r, 11w]  |H5         |H               |[7:0]            |
|ingress::meta.valid_cur                                         |[-1r, 11w]  |H4         |H               |[7:0]            |
|ingress::meta.ts_m                                              |[-1r, 11w]  |W9         |W               |                 |
|ingress::meta.now_word                                          |[-1r, 11w]  |W10        |W               |                 |
|ingress::meta.guard_ticks                                       |[-1r, 11w]  |W7         |W               |                 |
|ingress::meta.pkt_class                                         |[-1r, 11w]  |W14        |W               |[31:24]          |
|ingress::meta.dl_cand_abs                                       |[-1r, 11w]  |W11        |W               |                 |
|ingress::meta.dl_cand_slot                                      |[-1r, 11w]  |W12        |W               |                 |
|ingress::meta.dl_cand                                           |[-1r, 11w]  |W6         |W               |                 |
|ingress::meta.tag_diff                                          |[-1r, 11w]  |H6         |H               |[7:0]            |
|ingress::meta.dl_val                                            |[-1r, 11w]  |W2         |W               |                 |
|ingress::meta.ack_ok                                            |[-1r, 11w]  |B5         |B               |                 |
|ingress::meta.age                                               |[-1r, 11w]  |W3         |W               |                 |
|ingress::meta.expired                                           |[-1r, 11w]  |H8         |H               |[7:0]            |
|ingress::meta.phase_old                                         |[-1r, 11w]  |H4         |H               |[15:8]           |
|ingress::meta.phase_next                                        |[-1r, 11w]  |W15        |W               |[7:0]            |
|ingress::meta.linkage_ok                                        |[-1r, 11w]  |H5         |H               |[15:8]           |
|ingress::meta.is_response                                       |[-1r, 11w]  |W15        |W               |[15:8]           |
|ingress::meta.ack_released                                      |[-1r, 11w]  |H6         |H               |[15:8]           |
|ingress::meta.mode                                              |[-1r, 11w]  |B33        |B               |                 |
|ingress::meta.slot_off_ticks                                    |[-1r, 11w]  |W8         |W               |                 |
|ingress::meta.event_diff                                        |[-1r, 11w]  |W7         |W               |[7:0]            |
|ingress::meta.event_due                                         |[-1r, 11w]  |H8         |H               |[15:8]           |
|ingress::meta.release                                           |[-1r, 11w]  |B7         |B               |                 |
|ingress::meta.cleanup_trig                                      |[-1r, 11w]  |W15        |W               |[23:16]          |
|ingress::meta.is_real                                           |[-1r, 11w]  |W15        |W               |[31:24]          |
|ingress::meta.cur_slot                                          |[-1r, 11w]  |B5         |B               |                 |
|ingress::meta.slot_onehot                                       |[-1r, 11w]  |W9         |W               |                 |
|ingress::meta.slot_hit                                          |[-1r, 11w]  |W4         |W               |                 |
|ingress::meta.exp_slot                                          |[-1r, 11w]  |B7         |B               |                 |
|ingress::meta.slot_diff                                         |[-1r, 11w]  |B8         |B               |                 |
|ingress::meta.slot_ok                                           |[-1r, 11w]  |W8         |W               |[7:0]            |
|ingress::meta.epoch_rollover                                    |[-1r, 11w]  |B32        |B               |                 |
|ingress::meta.size_profile                                      |[-1r, 11w]  |B34        |B               |                 |
|ingress::meta.txn_active                                        |[-1r, 11w]  |W11        |W               |[7:0]            |
|ingress::meta.clone_tag[7:0]                                    |[-1r, 11w]  |B1         |B               |                 |
|ingress::meta.clone_tag[31:24]                                  |[-1r, 11w]  |B9         |B               |                 |
|ingress::meta.clone_tag[23:8]                                   |[-1r, 11w]  |H7         |H               |                 |
|ingress::meta.clone_ses                                         |[-1r, 11w]  |H12        |H               |[9:0]            |
|ingress::hdr.outer.direction                                    |[-1r, 11w]  |B3         |B               |                 |
|ingress::hdr.outer.txn_tag                                      |[-1r, 11w]  |B0         |B               |                 |
|ingress::hdr.outer.slot_id                                      |[-1r, 11w]  |B6         |B               |                 |
|ingress::hdr.outer.realfill                                     |[-1r, 11w]  |B4         |B               |                 |
|ingress::hdr.outer.inner_len                                    |[-1r, 11w]  |H1         |H               |                 |
|ingress::hdr.outer.size_bytes                                   |[-1r, 11w]  |H14        |H               |                 |
|ingress::hdr.eth.dst[39:32]                                     |[-1r, 11w]  |TB3        |TB              |                 |
|ingress::hdr.eth.dst[47:40]                                     |[-1r, 11w]  |TB8        |TB              |                 |
|ingress::hdr.eth.dst[15:0]                                      |[-1r, 11w]  |TH4        |TH              |                 |
|ingress::hdr.eth.dst[31:16]                                     |[-1r, 11w]  |TH5        |TH              |                 |
|ingress::hdr.eth.src[15:0]                                      |[-1r, 11w]  |TH2        |TH              |                 |
|ingress::hdr.eth.src[31:16]                                     |[-1r, 11w]  |TH3        |TH              |                 |
|ingress::hdr.eth.src[47:32]                                     |[-1r, 11w]  |TH17       |TH              |                 |
|ingress::hdr.eth.etype                                          |[-1r, 11w]  |TH16       |TH              |                 |
|ingress::hdr.ib.role                                            |[-1r, 11w]  |B13        |B               |                 |
|ingress::hdr.ib.slot                                            |[-1r, 11w]  |TB0        |TB              |                 |
|ingress::hdr.ib.gen                                             |[-1r, 11w]  |B2         |B               |                 |
|ingress::hdr.ib.flow[9:0]                                       |[-1r, 11w]  |H0         |H               |[9:0]            |
|ingress::hdr.ib.flow[15:10]                                     |[-1r, 11w]  |H0         |H               |[15:10]          |
|ingress::hdr.ib.seq                                             |[-1r, 11w]  |W0         |W               |                 |
|ingress::hdr.ipv4.version                                       |[-1r, 11w]  |TH14       |TH              |[15:12]          |
|ingress::hdr.ipv4.ihl                                           |[-1r, 11w]  |TH14       |TH              |[11:8]           |
|ingress::hdr.ipv4.diffserv                                      |[-1r, 11w]  |TH14       |TH              |[7:0]            |
|ingress::hdr.ipv4.total_len                                     |[-1r, 11w]  |H0         |H               |                 |
|ingress::hdr.ipv4.identification                                |[-1r, 11w]  |TW0        |TW              |[31:16]          |
|ingress::hdr.ipv4.flags                                         |[-1r, 11w]  |TW0        |TW              |[15:13]          |
|ingress::hdr.ipv4.frag_offset                                   |[-1r, 11w]  |TW0        |TW              |[12:0]           |
|ingress::hdr.ipv4.ttl                                           |[-1r, 11w]  |TB2        |TB              |                 |
|ingress::hdr.ipv4.protocol                                      |[-1r, 11w]  |B13        |B               |                 |
|ingress::hdr.ipv4.hdr_checksum                                  |[-1r, 11w]  |TH1        |TH              |                 |
|ingress::hdr.ipv4.src_addr                                      |[-1r, 11w]  |W0         |W               |                 |
|ingress::hdr.ipv4.dst_addr                                      |[-1r, 11w]  |W1         |W               |                 |
|ingress::hdr.tcp.src_port                                       |[-1r, 11w]  |H2         |H               |                 |
|ingress::hdr.tcp.dst_port                                       |[-1r, 11w]  |H3         |H               |                 |
|ingress::hdr.tcp.seq_no                                         |[-1r, 11w]  |TW9        |TW              |                 |
|ingress::hdr.tcp.ack_no                                         |[-1r, 11w]  |TW8        |TW              |                 |
|ingress::hdr.tcp.data_offset                                    |[-1r, 11w]  |TB1        |TB              |[7:4]            |
|ingress::hdr.tcp.res                                            |[-1r, 11w]  |TB1        |TB              |[3:0]            |
|ingress::hdr.tcp.flags                                          |[-1r, 11w]  |B2         |B               |                 |
|ingress::hdr.tcp.window                                         |[-1r, 11w]  |TH0        |TH              |                 |
|ingress::hdr.tcp.checksum                                       |[-1r, 11w]  |TW2        |TW              |[31:16]          |
|ingress::hdr.tcp.urgent_ptr                                     |[-1r, 11w]  |TW2        |TW              |[15:0]           |
|ingress::hdr.dnp3_dl.start[7:0]                                 |[-1r, 11w]  |TB9        |TB              |                 |
|ingress::hdr.dnp3_dl.start[15:8]                                |[-1r, 11w]  |TB10       |TB              |                 |
|ingress::hdr.dnp3_dl.length                                     |[-1r, 11w]  |TW1        |TW              |[31:24]          |
|ingress::hdr.dnp3_dl.ctrl                                       |[-1r, 11w]  |TW1        |TW              |[23:16]          |
|ingress::hdr.dnp3_dl.dst_addr                                   |[-1r, 11w]  |TW1        |TW              |[15:0]           |
|ingress::hdr.dnp3_dl.src_addr                                   |[-1r, 11w]  |TW3        |TW              |[31:16]          |
|ingress::hdr.dnp3_dl.crc                                        |[-1r, 11w]  |TW3        |TW              |[15:0]           |
|ingress::hdr.dnp3_tp.tp_ctrl                                    |[-1r, 11w]  |TB0        |TB              |                 |
|ingress::hdr.dnp3_app.app_control                               |[-1r, 11w]  |TH15       |TH              |[15:8]           |
|ingress::hdr.dnp3_app.func_code                                 |[-1r, 11w]  |TH15       |TH              |[7:0]            |
|ingress::hdr.tcp_opt4.data                                      |[-1r, 11w]  |TW10       |TW              |                 |
|ingress::hdr.tcp_opt8.data[31:0]                                |[-1r, 11w]  |TW10       |TW              |                 |
|ingress::hdr.tcp_opt8.data[63:32]                               |[-1r, 11w]  |TW11       |TW              |                 |
|ingress::hdr.tcp_opt12.data[79:64]                              |[-1r, 11w]  |TH12       |TH              |                 |
|ingress::hdr.tcp_opt12.data[95:80]                              |[-1r, 11w]  |TH13       |TH              |                 |
|ingress::hdr.tcp_opt12.data[31:0]                               |[-1r, 11w]  |TW10       |TW              |                 |
|ingress::hdr.tcp_opt12.data[63:32]                              |[-1r, 11w]  |TW11       |TW              |                 |
|ingress::ig_intr_md_for_dprsr.drop_ctl                          |[-1r, 11w]  |B11        |B               |[7:5]            |
|ingress::ig_intr_md_for_dprsr.mirror_type                       |[-1r, 11w]  |B10        |B               |[2:0]            |
|ingress::ig_intr_md_for_tm.ucast_egress_port                    |[-1r, 11w]  |H10        |H               |[8:0]            |
|ingress::ig_intr_md_for_tm.bypass_egress                        |[-1r, 11w]  |B12        |B               |[0]              |
|ingress::ig_intr_md_for_tm.qid                                  |[-1r, 11w]  |B11        |B               |[4:0]            |
|ingress::$tmp2                                                  |[-1r, 11w]  |H13        |H               |[9:0]            |
|egress::eg_intr_md.egress_port                                  |[-1r, 11w]  |H16        |H               |[8:0]            |
|egress::hdr.eth.dst[47:32]                                      |[-1r, 11w]  |TH20       |TH              |                 |
|egress::hdr.eth.dst[31:0]                                       |[-1r, 11w]  |TW5        |TW              |                 |
|egress::hdr.eth.src[47:32]                                      |[-1r, 11w]  |TH19       |TH              |                 |
|egress::hdr.eth.src[31:0]                                       |[-1r, 11w]  |TW4        |TW              |                 |
|egress::hdr.eth.etype                                           |[-1r, 11w]  |TH18       |TH              |                 |
|egress::hdr.min_parse_depth_padding_0[0].packet_payload[87:80]  |[-1r, 11w]  |TB4        |TB              |                 |
|egress::hdr.min_parse_depth_padding_0[0].packet_payload[79:64]  |[-1r, 11w]  |TH21       |TH              |                 |
|egress::hdr.min_parse_depth_padding_0[0].packet_payload[31:0]   |[-1r, 11w]  |TW6        |TW              |                 |
|egress::hdr.min_parse_depth_padding_0[0].packet_payload[63:32]  |[-1r, 11w]  |TW7        |TW              |                 |
|egress::hdr.min_parse_depth_padding_0[1].packet_payload[87:80]  |[-1r, 11w]  |TB5        |TB              |                 |
|egress::hdr.min_parse_depth_padding_0[1].packet_payload[15:0]   |[-1r, 11w]  |TH6        |TH              |                 |
|egress::hdr.min_parse_depth_padding_0[1].packet_payload[31:16]  |[-1r, 11w]  |TH7        |TH              |                 |
|egress::hdr.min_parse_depth_padding_0[1].packet_payload[47:32]  |[-1r, 11w]  |TH8        |TH              |                 |
|egress::hdr.min_parse_depth_padding_0[1].packet_payload[63:48]  |[-1r, 11w]  |TH9        |TH              |                 |
|egress::hdr.min_parse_depth_padding_0[1].packet_payload[79:64]  |[-1r, 11w]  |TH22       |TH              |                 |
|egress::hdr.min_parse_depth_padding_0[2].packet_payload[87:80]  |[-1r, 11w]  |TB6        |TB              |                 |
|egress::hdr.min_parse_depth_padding_0[2].packet_payload[15:0]   |[-1r, 11w]  |TH10       |TH              |                 |
|egress::hdr.min_parse_depth_padding_0[2].packet_payload[31:16]  |[-1r, 11w]  |TH11       |TH              |                 |
|egress::hdr.min_parse_depth_padding_0[2].packet_payload[79:64]  |[-1r, 11w]  |TH23       |TH              |                 |
|egress::hdr.min_parse_depth_padding_0[2].packet_payload[63:32]  |[-1r, 11w]  |TW12       |TW              |                 |
|ingress::hdr.outer.$valid                                       |[-1r, 11w]  |H15        |H               |[0]              |
|ingress::hdr.eth.$valid                                         |[-1r, 11w]  |H15        |H               |[1]              |
|ingress::hdr.ib.$valid                                          |[-1r, 11w]  |H15        |H               |[2]              |
|ingress::hdr.ipv4.$valid                                        |[-1r, 11w]  |H15        |H               |[3]              |
|ingress::hdr.tcp.$valid                                         |[-1r, 11w]  |H15        |H               |[4]              |
|ingress::hdr.dnp3_dl.$valid                                     |[-1r, 11w]  |H15        |H               |[5]              |
|ingress::hdr.dnp3_tp.$valid                                     |[-1r, 11w]  |H15        |H               |[6]              |
|ingress::hdr.dnp3_app.$valid                                    |[-1r, 11w]  |H15        |H               |[7]              |
|ingress::hdr.tcp_opt4.$valid                                    |[-1r, 11w]  |H15        |H               |[8]              |
|ingress::hdr.tcp_opt8.$valid                                    |[-1r, 11w]  |H15        |H               |[9]              |
|ingress::hdr.tcp_opt12.$valid                                   |[-1r, 11w]  |H15        |H               |[10]             |
|egress::hdr.eth.$valid                                          |[-1r, 11w]  |B17        |B               |[0]              |
|egress::hdr.min_parse_depth_padding_0.$stkvalid[0]              |[-1r, 11w]  |B16        |B               |[0]              |
|egress::hdr.min_parse_depth_padding_0.$stkvalid[1]              |[-1r, 11w]  |B16        |B               |[1]              |
|egress::hdr.min_parse_depth_padding_0.$stkvalid[2]              |[-1r, 11w]  |B16        |B               |[2]              |
+----------------------------------------------------------------+------------+-----------+----------------+-----------------+





PHV Allocation State

MAU Groups:
+-------------------+-----------------+---------------+----------------------+---------------------+----------------+---------------------------+--------------------------+----------------+
|     MAU Group     | Containers Used |   Bits Used   | Bits Used on Ingress | Bits Used on Egress | Bits Allocated | Bits Allocated on Ingress | Bits Allocated on Egress | Available Bits |
+-------------------+-----------------+---------------+----------------------+---------------------+----------------+---------------------------+--------------------------+----------------+
|       B0-15       |  16 (  100 %)   | 116 ( 90.6 %) |    116 ( 90.6 %)     |     0 (   0  %)     | 148 (  116 %)  |       148 (  116 %)       |       0 (   0  %)        |      128       |
|      B16-31       |   2 ( 12.5 %)   |  4 ( 3.12 %)  |     0 (   0  %)      |     4 ( 3.12 %)     |  4 ( 3.12 %)   |        0 (   0  %)        |       4 ( 3.12 %)        |      128       |
|      B32-47       |   3 ( 18.8 %)   | 24 ( 18.8 %)  |     24 ( 18.8 %)     |     0 (   0  %)     |  24 ( 18.8 %)  |       24 ( 18.8 %)        |       0 (   0  %)        |      128       |
|      B48-63       |   0 (   0  %)   |  0 (   0  %)  |     0 (   0  %)      |     0 (   0  %)     |  0 (   0  %)   |        0 (   0  %)        |       0 (   0  %)        |      128       |
+-------------------+-----------------+---------------+----------------------+---------------------+----------------+---------------------------+--------------------------+----------------+
|       H0-15       |  16 (  100 %)   | 219 ( 85.5 %) |    219 ( 85.5 %)     |     0 (   0  %)     | 299 (  117 %)  |       299 (  117 %)       |       0 (   0  %)        |      256       |
|      H16-31       |   1 ( 6.25 %)   |  9 ( 3.52 %)  |     0 (   0  %)      |     9 ( 3.52 %)     |  9 ( 3.52 %)   |        0 (   0  %)        |       9 ( 3.52 %)        |      256       |
|      H32-47       |   0 (   0  %)   |  0 (   0  %)  |     0 (   0  %)      |     0 (   0  %)     |  0 (   0  %)   |        0 (   0  %)        |       0 (   0  %)        |      256       |
|      H48-63       |   0 (   0  %)   |  0 (   0  %)  |     0 (   0  %)      |     0 (   0  %)     |  0 (   0  %)   |        0 (   0  %)        |       0 (   0  %)        |      256       |
|      H64-79       |   0 (   0  %)   |  0 (   0  %)  |     0 (   0  %)      |     0 (   0  %)     |  0 (   0  %)   |        0 (   0  %)        |       0 (   0  %)        |      256       |
|      H80-95       |   0 (   0  %)   |  0 (   0  %)  |     0 (   0  %)      |     0 (   0  %)     |  0 (   0  %)   |        0 (   0  %)        |       0 (   0  %)        |      256       |
+-------------------+-----------------+---------------+----------------------+---------------------+----------------+---------------------------+--------------------------+----------------+
|       W0-15       |  16 (  100 %)   | 512 (  100 %) |    512 (  100 %)     |     0 (   0  %)     | 696 (  136 %)  |       696 (  136 %)       |       0 (   0  %)        |      512       |
|      W16-31       |   0 (   0  %)   |  0 (   0  %)  |     0 (   0  %)      |     0 (   0  %)     |  0 (   0  %)   |        0 (   0  %)        |       0 (   0  %)        |      512       |
|      W32-47       |   0 (   0  %)   |  0 (   0  %)  |     0 (   0  %)      |     0 (   0  %)     |  0 (   0  %)   |        0 (   0  %)        |       0 (   0  %)        |      512       |
|      W48-63       |   0 (   0  %)   |  0 (   0  %)  |     0 (   0  %)      |     0 (   0  %)     |  0 (   0  %)   |        0 (   0  %)        |       0 (   0  %)        |      512       |
+-------------------+-----------------+---------------+----------------------+---------------------+----------------+---------------------------+--------------------------+----------------+
|   Usage for 8b    |  21 ( 32.8 %)   | 144 ( 28.1 %) |    140 ( 27.3 %)     |     4 ( 0.781%)     | 176 ( 34.4 %)  |       172 ( 33.6 %)       |       4 ( 0.781%)        |      512       |
|   Usage for 16b   |  17 ( 17.7 %)   | 228 ( 14.8 %) |    219 ( 14.3 %)     |     9 ( 0.586%)     | 308 ( 20.1 %)  |       299 ( 19.5 %)       |       9 ( 0.586%)        |      1536      |
|   Usage for 32b   |  16 (  25  %)   | 512 (  25  %) |    512 (  25  %)     |     0 (   0  %)     | 696 (  34  %)  |       696 (  34  %)       |       0 (   0  %)        |      2048      |
+-------------------+-----------------+---------------+----------------------+---------------------+----------------+---------------------------+--------------------------+----------------+
| Overall PHV Usage |  54 ( 24.1 %)   | 884 ( 21.6 %) |    871 ( 21.3 %)     |    13 ( 0.317%)     | 1180 ( 28.8 %) |      1167 ( 28.5 %)       |       13 ( 0.317%)       |      4096      |
+-------------------+-----------------+---------------+----------------------+---------------------+----------------+---------------------------+--------------------------+----------------+


Tagalong Collections:
+------------+-------+--------------------+---------------------+---------------------+---------------+----------------+
|  Collection|  Gress|  8b Containers Used|  16b Containers Used|  32b Containers Used|      Bits Used|  Bits Allocated|
+------------+-------+--------------------+---------------------+---------------------+---------------+----------------+
|           0|      I|         4 (  100 %)|          6 (  100 %)|          4 (  100 %)|  256 (  100 %)|   264 (  103 %)|
|           1|      E|         3 (  75  %)|          6 (  100 %)|          4 (  100 %)|  248 ( 96.9 %)|   248 ( 96.9 %)|
|           2|      I|         3 (  75  %)|          6 (  100 %)|          4 (  100 %)|  248 ( 96.9 %)|   344 (  134 %)|
|           3|      E|         0 (   0  %)|          6 (  100 %)|          1 (  25  %)|  128 (  50  %)|   128 (  50  %)|
|           4|      I|         0 (   0  %)|          0 (   0  %)|          1 (  25  %)|   16 ( 6.25 %)|    16 ( 6.25 %)|
|           5|       |         0 (   0  %)|          0 (   0  %)|          0 (   0  %)|    0 (   0  %)|     0 (   0  %)|
|           6|       |         0 (   0  %)|          0 (   0  %)|          0 (   0  %)|    0 (   0  %)|     0 (   0  %)|
|           7|       |         0 (   0  %)|          0 (   0  %)|          0 (   0  %)|    0 (   0  %)|     0 (   0  %)|
+------------+-------+--------------------+---------------------+---------------------+---------------+----------------+
|       Total|       |        10 ( 31.2 %)|         24 (  50  %)|         14 ( 43.8 %)|  896 ( 43.8 %)|  1000 ( 48.8 %)|
+------------+-------+--------------------+---------------------+---------------------+---------------+----------------+



