{
  "artifact_sha256": {},
  "command": [
    "/home/philip/bf-sde-9.13.1/install/bin/bf-p4c",
    "--target",
    "tofino",
    "--arch",
    "tna",
    "-g",
    "-o",
    "/home/philip/Projects/DNP3/defense4/timing/case4_architecture/integration/evidence/route_ab_01/response_only_02/compile_local/out",
    "/home/philip/Projects/DNP3/defense4/timing/case4_architecture/integration/evidence/route_ab_01/response_only_02/compile_local/source/response_only.p4"
  ],
  "compile_log_sha256": "92d7661b161f2cc88e9f8e0d48d1f6bd56573c7f77aef06099dbb6dc9a4aea73",
  "compiler": "p4c 9.13.1 (SHA: e558d01)",
  "compiler_path": "/home/philip/bf-sde-9.13.1/install/bin/bf-p4c",
  "compiler_sha256": "e75d059fb5bba9cdf2bdda9a8430e31a997077e27dd3f156e5de34e38339ff41",
  "elapsed_seconds": 80.302,
  "exit_code": 6,
  "full_target": false,
  "milestone": "compile_failed",
  "source": "/home/philip/Projects/DNP3/defense4/timing/case4_architecture/integration/evidence/route_ab_01/response_only_02/source/response_only.p4",
  "source_files": {
    "response_only.p4": "ce0af13aaf8bd531af368491b33271c13c7b0763c9ebfa93daf9f2cd5d5ff803"
  },
  "source_sha256": "ce0af13aaf8bd531af368491b33271c13c7b0763c9ebfa93daf9f2cd5d5ff803",
  "timeout_seconds": 300
}
