+---------------------------------------------------------------------+
|  Log file: mau.resources.log                                        |
|  Compiler version: 9.13.1                                           |
|  Created on: Thu Aug 13 10:33:24 2026                               |
|  Run ID: 242c934c35354312                                           |
+---------------------------------------------------------------------+


---------------------------------------------------------------------------------------------------------------------------------------------------------------------------------------------------------------------------------------------------------------------------------------------------------------------------------------------------------------
| Stage Number | Exact Match Input xbar | Ternary Match Input xbar | Hash Bit | Hash Dist Unit | Gateway | SRAM | Map RAM | TCAM | VLIW Instr | Meter ALU | Stats ALU | Stash | Exact Match Search Bus | Exact Match Result Bus | Tind Result Bus | Action Data Bus Bytes | 8-bit Action Slots | 16-bit Action Slots | 32-bit Action Slots | Logical TableID |
---------------------------------------------------------------------------------------------------------------------------------------------------------------------------------------------------------------------------------------------------------------------------------------------------------------------------------------------------------------
|      0       |           9            |            12            |    10    |       0        |    12   |  9   |    4    |  3   |     7      |     0     |     2     |   1   |           12           |           1            |        12       |           36          |         0          |          0          |          0          |        16       |
|      1       |           19           |            0             |    42    |       0        |    11   |  5   |    4    |  0   |     6      |     2     |     0     |   1   |           11           |           1            |        15       |           13          |         0          |          0          |          0          |        16       |
|      2       |           20           |            0             |    10    |       0        |    5    |  7   |    6    |  0   |     3      |     3     |     0     |   1   |           5            |           1            |        7        |           7           |         0          |          0          |          0          |        9        |
|      3       |           0            |            11            |    0     |       0        |    0    |  1   |    0    |  3   |     3      |     0     |     0     |   0   |           0            |           0            |        3        |           0           |         0          |          0          |          0          |        3        |
|      4       |           5            |            0             |    16    |       0        |    5    |  2   |    2    |  0   |     4      |     1     |     0     |   0   |           5            |           0            |        6        |           2           |         0          |          0          |          0          |        6        |
|      5       |           0            |            13            |    0     |       0        |    0    |  2   |    0    |  4   |     9      |     0     |     0     |   0   |           0            |           0            |        2        |           4           |         0          |          0          |          0          |        2        |
|      6       |           20           |            0             |    16    |       0        |    4    |  6   |    6    |  0   |     4      |     3     |     0     |   0   |           4            |           0            |        6        |           10          |         0          |          0          |          0          |        6        |
|      7       |           22           |            0             |    0     |       0        |    16   |  2   |    2    |  0   |     6      |     0     |     1     |   0   |           16           |           2            |        10       |           1           |         0          |          0          |          0          |        16       |
|      8       |           5            |            0             |    0     |       0        |    9    |  2   |    2    |  0   |     8      |     0     |     1     |   0   |           9            |           0            |        15       |           1           |         0          |          0          |          0          |        16       |
|      9       |           6            |            0             |    0     |       0        |    5    |  4   |    4    |  0   |     7      |     0     |     2     |   0   |           5            |           0            |        16       |           1           |         0          |          0          |          0          |        16       |
|      10      |           8            |            0             |    0     |       0        |    9    |  4   |    4    |  0   |     7      |     0     |     2     |   0   |           9            |           0            |        16       |           1           |         0          |          0          |          0          |        16       |
|      11      |           15           |            0             |    0     |       0        |    3    |  6   |    6    |  0   |     1      |     3     |     0     |   0   |           3            |           0            |        3        |           0           |         0          |          0          |          0          |        3        |
|              |                        |                          |          |                |         |      |         |      |            |           |           |       |                        |                        |                 |                       |                    |                     |                     |                 |
|    Totals    |          129           |            36            |    94    |       0        |    79   |  50  |    40   |  10  |     65     |     12    |     8     |   3   |           79           |           5            |       111       |           76          |         0          |          0          |          0          |       125       |
---------------------------------------------------------------------------------------------------------------------------------------------------------------------------------------------------------------------------------------------------------------------------------------------------------------------------------------------------------------


-------------------------------------------------------------------------------------------------------------------------------------------------------------------------------------------------------------------------------------------------------------------------------------------------------------------------------------------------------------------
| Stage Number | Exact Match Input xbar | Ternary Match Input xbar | Hash Bit | Hash Dist Unit | Gateway |  SRAM  | Map RAM |  TCAM  | VLIW Instr | Meter ALU | Stats ALU | Stash | Exact Match Search Bus | Exact Match Result Bus | Tind Result Bus | Action Data Bus Bytes | 8-bit Action Slots | 16-bit Action Slots | 32-bit Action Slots | Logical TableID |
-------------------------------------------------------------------------------------------------------------------------------------------------------------------------------------------------------------------------------------------------------------------------------------------------------------------------------------------------------------------
|      0       |         7.03%          |          18.18%          |  2.40%   |     0.00%      |  75.00% | 11.25% |  8.33%  | 12.50% |   21.88%   |   0.00%   |   50.00%  | 6.25% |         75.00%         |         6.25%          |      75.00%     |         28.12%        |       0.00%        |        0.00%        |        0.00%        |     100.00%     |
|      1       |         14.84%         |          0.00%           |  10.10%  |     0.00%      |  68.75% | 6.25%  |  8.33%  | 0.00%  |   18.75%   |   50.00%  |   0.00%   | 6.25% |         68.75%         |         6.25%          |      93.75%     |         10.16%        |       0.00%        |        0.00%        |        0.00%        |     100.00%     |
|      2       |         15.62%         |          0.00%           |  2.40%   |     0.00%      |  31.25% | 8.75%  |  12.50% | 0.00%  |   9.38%    |   75.00%  |   0.00%   | 6.25% |         31.25%         |         6.25%          |      43.75%     |         5.47%         |       0.00%        |        0.00%        |        0.00%        |      56.25%     |
|      3       |         0.00%          |          16.67%          |  0.00%   |     0.00%      |  0.00%  | 1.25%  |  0.00%  | 12.50% |   9.38%    |   0.00%   |   0.00%   | 0.00% |         0.00%          |         0.00%          |      18.75%     |         0.00%         |       0.00%        |        0.00%        |        0.00%        |      18.75%     |
|      4       |         3.91%          |          0.00%           |  3.85%   |     0.00%      |  31.25% | 2.50%  |  4.17%  | 0.00%  |   12.50%   |   25.00%  |   0.00%   | 0.00% |         31.25%         |         0.00%          |      37.50%     |         1.56%         |       0.00%        |        0.00%        |        0.00%        |      37.50%     |
|      5       |         0.00%          |          19.70%          |  0.00%   |     0.00%      |  0.00%  | 2.50%  |  0.00%  | 16.67% |   28.12%   |   0.00%   |   0.00%   | 0.00% |         0.00%          |         0.00%          |      12.50%     |         3.12%         |       0.00%        |        0.00%        |        0.00%        |      12.50%     |
|      6       |         15.62%         |          0.00%           |  3.85%   |     0.00%      |  25.00% | 7.50%  |  12.50% | 0.00%  |   12.50%   |   75.00%  |   0.00%   | 0.00% |         25.00%         |         0.00%          |      37.50%     |         7.81%         |       0.00%        |        0.00%        |        0.00%        |      37.50%     |
|      7       |         17.19%         |          0.00%           |  0.00%   |     0.00%      | 100.00% | 2.50%  |  4.17%  | 0.00%  |   18.75%   |   0.00%   |   25.00%  | 0.00% |        100.00%         |         12.50%         |      62.50%     |         0.78%         |       0.00%        |        0.00%        |        0.00%        |     100.00%     |
|      8       |         3.91%          |          0.00%           |  0.00%   |     0.00%      |  56.25% | 2.50%  |  4.17%  | 0.00%  |   25.00%   |   0.00%   |   25.00%  | 0.00% |         56.25%         |         0.00%          |      93.75%     |         0.78%         |       0.00%        |        0.00%        |        0.00%        |     100.00%     |
|      9       |         4.69%          |          0.00%           |  0.00%   |     0.00%      |  31.25% | 5.00%  |  8.33%  | 0.00%  |   21.88%   |   0.00%   |   50.00%  | 0.00% |         31.25%         |         0.00%          |     100.00%     |         0.78%         |       0.00%        |        0.00%        |        0.00%        |     100.00%     |
|      10      |         6.25%          |          0.00%           |  0.00%   |     0.00%      |  56.25% | 5.00%  |  8.33%  | 0.00%  |   21.88%   |   0.00%   |   50.00%  | 0.00% |         56.25%         |         0.00%          |     100.00%     |         0.78%         |       0.00%        |        0.00%        |        0.00%        |     100.00%     |
|      11      |         11.72%         |          0.00%           |  0.00%   |     0.00%      |  18.75% | 7.50%  |  12.50% | 0.00%  |   3.12%    |   75.00%  |   0.00%   | 0.00% |         18.75%         |         0.00%          |      18.75%     |         0.00%         |       0.00%        |        0.00%        |        0.00%        |      18.75%     |
|              |                        |                          |          |                |         |        |         |        |            |           |           |       |                        |                        |                 |                       |                    |                     |                     |                 |
|   Average    |         8.40%          |          4.55%           |  1.88%   |     0.00%      |  41.15% | 5.21%  |  6.94%  | 3.47%  |   16.93%   |   25.00%  |   16.67%  | 1.56% |         41.15%         |         2.60%          |      57.81%     |         4.95%         |       0.00%        |        0.00%        |        0.00%        |      65.10%     |
-------------------------------------------------------------------------------------------------------------------------------------------------------------------------------------------------------------------------------------------------------------------------------------------------------------------------------------------------------------------


Allocated Resource Usage
-------------------------------------------------------------------------------------------------------------------------------------------------------------------------
|                            Table                             | Stage  | Crossbar | Hash | Gateways | RAMs | TCAMs | Map  | Action |  VLIW |  Exm   |  Exm   |  Tind  |
|                             Name                             | Number |  Bytes   | Bits |          |      |       | RAMs |  Data  | Slots | Search | Result | Result |
|                                                              |        |          |      |          |      |       |      |  Bus   |       |  Bus   |  Bus   |  Bus   |
|                                                              |        |          |      |          |      |       |      | Bytes  |       |        |        |        |
-------------------------------------------------------------------------------------------------------------------------------------------------------------------------
|                   IgParser.$PORT_METADATA                    |   -1   |    0     |  0   |    0     |  0   |   0   |  0   |   0    |   0   |   0    |   0    |   0    |
|                        Egress.ctr_rrc                        |   0    |    0     |  0   |    0     |  2   |   0   |  2   |   0    |   0   |   0    |   0    |   0    |
|                      Ingress.ctr_fresh                       |   0    |    0     |  0   |    0     |  2   |   0   |  2   |   0    |   0   |   0    |   0    |   0    |
|                  Ingress.tbl_build_exp_ack                   |   0    |    1     |  10  |    0     |  1   |   0   |  0   |   4    |   3   |   1    |   1    |   0    |
|                      Ingress.tbl_params                      |   0    |    0     |  0   |    0     |  0   |   0   |  0   |   15   |   1   |   0    |   0    |   1    |
|                  Ingress.tbl_params$action                   |   0    |    0     |  0   |    0     |  1   |   0   |  0   |   0    |   0   |   0    |   0    |   0    |
|                     Ingress.tbl_session                      |   0    |    12    |  0   |    0     |  1   |   3   |  0   |   0    |   3   |   0    |   0    |   1    |
|                           cond-141                           |   0    |    2     |  0   |    1     |  0   |   0   |  0   |   0    |   0   |   1    |   0    |   0    |
|                           cond-142                           |   0    |    1     |  0   |    1     |  0   |   0   |  0   |   0    |   0   |   1    |   0    |   0    |
|                           cond-143                           |   0    |    2     |  0   |    1     |  0   |   0   |  0   |   0    |   0   |   1    |   0    |   0    |
|                           cond-144                           |   0    |    1     |  0   |    1     |  0   |   0   |  0   |   0    |   0   |   1    |   0    |   0    |
|                           cond-145                           |   0    |    2     |  0   |    1     |  0   |   0   |  0   |   0    |   0   |   1    |   0    |   0    |
|                           cond-74                            |   0    |    1     |  0   |    1     |  0   |   0   |  0   |   0    |   0   |   1    |   0    |   0    |
|                           cond-77                            |   0    |    1     |  0   |    1     |  0   |   0   |  0   |   0    |   0   |   1    |   0    |   0    |
|                           cond-78                            |   0    |    1     |  0   |    1     |  0   |   0   |  0   |   0    |   0   |   1    |   0    |   0    |
|                           cond-79                            |   0    |    1     |  0   |    1     |  0   |   0   |  0   |   0    |   0   |   1    |   0    |   0    |
|                           cond-83                            |   0    |    1     |  0   |    1     |  0   |   0   |  0   |   0    |   0   |   1    |   0    |   0    |
|                           cond-84                            |   0    |    1     |  0   |    1     |  0   |   0   |  0   |   0    |   0   |   1    |   0    |   0    |
|                           cond-85                            |   0    |    1     |  0   |    1     |  0   |   0   |  0   |   0    |   0   |   1    |   0    |   0    |
|           tbl_defense4_rrc_stagerecovery_probe2394           |   0    |    0     |  0   |    0     |  0   |   0   |  0   |   0    |   1   |   0    |   0    |   1    |
|           tbl_defense4_rrc_stagerecovery_probe2449           |   0    |    0     |  0   |    0     |  0   |   0   |  0   |   0    |   1   |   0    |   0    |   1    |
|           tbl_defense4_rrc_stagerecovery_probe2463           |   0    |    0     |  0   |    0     |  0   |   0   |  0   |   0    |   1   |   0    |   0    |   1    |
|           tbl_defense4_rrc_stagerecovery_probe2469           |   0    |    0     |  0   |    0     |  0   |   0   |  0   |   0    |   1   |   0    |   0    |   1    |
|           tbl_defense4_rrc_stagerecovery_probe2480           |   0    |    0     |  0   |    0     |  0   |   0   |  0   |   0    |   1   |   0    |   0    |   1    |
|           tbl_defense4_rrc_stagerecovery_probe3175           |   0    |    0     |  0   |    0     |  0   |   0   |  0   |   7    |   1   |   0    |   0    |   1    |
|       tbl_defense4_rrc_stagerecovery_probe3175$action        |   0    |    0     |  0   |    0     |  1   |   0   |  0   |   0    |   0   |   0    |   0    |   0    |
|           tbl_defense4_rrc_stagerecovery_probe3181           |   0    |    0     |  0   |    0     |  0   |   0   |  0   |   0    |   1   |   0    |   0    |   1    |
|           tbl_defense4_rrc_stagerecovery_probe3186           |   0    |    0     |  0   |    0     |  0   |   0   |  0   |   10   |   1   |   0    |   0    |   1    |
|       tbl_defense4_rrc_stagerecovery_probe3186$action        |   0    |    0     |  0   |    0     |  1   |   0   |  0   |   0    |   0   |   0    |   0    |   0    |
|           tbl_defense4_rrc_stagerecovery_probe3192           |   0    |    0     |  0   |    0     |  0   |   0   |  0   |   0    |   1   |   0    |   0    |   1    |
|           tbl_defense4_rrc_stagerecovery_probe3195           |   0    |    0     |  0   |    0     |  0   |   0   |  0   |   0    |   1   |   0    |   0    |   1    |
|                  Ingress.reg_exp_relay_seq                   |   1    |    8     |  0   |    0     |  2   |   0   |  2   |   0    |   0   |   0    |   0    |   0    |
|                   Ingress.reg_session_port                   |   1    |    4     |  32  |    0     |  2   |   0   |  2   |   0    |   0   |   0    |   0    |   0    |
|                  Ingress.tbl_build_do_shape                  |   1    |    0     |  0   |    0     |  0   |   0   |  0   |   0    |   1   |   0    |   0    |   1    |
|                           cond-146                           |   1    |    1     |  0   |    1     |  0   |   0   |  0   |   0    |   0   |   1    |   0    |   0    |
|                           cond-75                            |   1    |    4     |  0   |    1     |  0   |   0   |  0   |   0    |   0   |   1    |   0    |   0    |
|                           cond-76                            |   1    |    1     |  0   |    1     |  0   |   0   |  0   |   0    |   0   |   1    |   0    |   0    |
|                           cond-80                            |   1    |    2     |  0   |    1     |  0   |   0   |  0   |   0    |   0   |   1    |   0    |   0    |
|                           cond-81                            |   1    |    3     |  0   |    1     |  0   |   0   |  0   |   0    |   0   |   1    |   0    |   0    |
|                           cond-82                            |   1    |    3     |  0   |    1     |  0   |   0   |  0   |   0    |   0   |   1    |   0    |   0    |
|                           cond-89                            |   1    |    1     |  0   |    1     |  0   |   0   |  0   |   0    |   0   |   1    |   0    |   0    |
|          egress_reset_invalidated_checksum_fields_0          |   1    |    0     |  0   |    0     |  0   |   0   |  0   |   0    |   1   |   0    |   0    |   1    |
|          egress_reset_invalidated_checksum_fields_1          |   1    |    0     |  0   |    0     |  0   |   0   |  0   |   0    |   1   |   0    |   0    |   1    |
|          egress_reset_invalidated_checksum_fields_2          |   1    |    0     |  0   |    0     |  0   |   0   |  0   |   0    |   1   |   0    |   0    |   1    |
|          egress_reset_invalidated_checksum_fields_3          |   1    |    0     |  0   |    0     |  0   |   0   |  0   |   0    |   1   |   0    |   0    |   1    |
|   egress_reset_invalidated_checksum_fields_cond_0-gateway    |   1    |    2     |  0   |    1     |  0   |   0   |  0   |   0    |   0   |   1    |   0    |   0    |
|   egress_reset_invalidated_checksum_fields_cond_1-gateway    |   1    |    2     |  0   |    1     |  0   |   0   |  0   |   0    |   0   |   1    |   0    |   0    |
|   egress_reset_invalidated_checksum_fields_cond_2-gateway    |   1    |    2     |  0   |    1     |  0   |   0   |  0   |   0    |   0   |   1    |   0    |   0    |
|   egress_reset_invalidated_checksum_fields_cond_3-gateway    |   1    |    2     |  0   |    1     |  0   |   0   |  0   |   0    |   0   |   1    |   0    |   0    |
| egresshdr.ipv4.hdr_checksum_encode_update_condition_2_egress |   1    |    2     |  10  |    0     |  1   |   0   |  0   |   1    |   2   |   1    |   1    |   0    |
|           tbl_defense4_rrc_stagerecovery_probe2398           |   1    |    0     |  0   |    0     |  0   |   0   |  0   |   4    |   1   |   0    |   0    |   1    |
|           tbl_defense4_rrc_stagerecovery_probe2404           |   1    |    0     |  0   |    0     |  0   |   0   |  0   |   0    |   1   |   0    |   0    |   1    |
|           tbl_defense4_rrc_stagerecovery_probe2407           |   1    |    0     |  0   |    0     |  0   |   0   |  0   |   0    |   1   |   0    |   0    |   1    |
|           tbl_defense4_rrc_stagerecovery_probe2451           |   1    |    0     |  0   |    0     |  0   |   0   |  0   |   0    |   1   |   0    |   0    |   1    |
|           tbl_defense4_rrc_stagerecovery_probe2454           |   1    |    0     |  0   |    0     |  0   |   0   |  0   |   0    |   1   |   0    |   0    |   1    |
|           tbl_defense4_rrc_stagerecovery_probe2457           |   1    |    0     |  0   |    0     |  0   |   0   |  0   |   0    |   1   |   0    |   0    |   1    |
|           tbl_defense4_rrc_stagerecovery_probe2514           |   1    |    0     |  0   |    0     |  0   |   0   |  0   |   4    |   1   |   0    |   0    |   1    |
|           tbl_defense4_rrc_stagerecovery_probe2515           |   1    |    0     |  0   |    0     |  0   |   0   |  0   |   4    |   1   |   0    |   0    |   1    |
|           tbl_defense4_rrc_stagerecovery_probe2516           |   1    |    0     |  0   |    0     |  0   |   0   |  0   |   2    |   1   |   0    |   0    |   1    |
|           tbl_defense4_rrc_stagerecovery_probe3200           |   1    |    0     |  0   |    0     |  0   |   0   |  0   |   2    |   1   |   0    |   0    |   1    |
|                     Ingress.reg_exp_ack                      |   2    |    8     |  0   |    0     |  2   |   0   |  2   |   0    |   0   |   0    |   0    |   0    |
|                     Ingress.reg_failopen                     |   2    |    1     |  0   |    0     |  2   |   0   |  2   |   0    |   0   |   0    |   0    |   0    |
|                  Ingress.reg_ts_ack_release                  |   2    |    4     |  0   |    0     |  2   |   0   |  2   |   0    |   0   |   0    |   0    |   0    |
|                    Ingress.tbl_build_now                     |   2    |    0     |  0   |    0     |  0   |   0   |  0   |   0    |   1   |   0    |   0    |   1    |
|                           cond-140                           |   2    |    2     |  0   |    1     |  0   |   0   |  0   |   0    |   0   |   1    |   0    |   0    |
|                           cond-86                            |   2    |    1     |  0   |    1     |  0   |   0   |  0   |   0    |   0   |   1    |   0    |   0    |
|                           cond-87                            |   2    |    1     |  0   |    1     |  0   |   0   |  0   |   0    |   0   |   1    |   0    |   0    |
|                           cond-88                            |   2    |    2     |  0   |    1     |  0   |   0   |  0   |   0    |   0   |   1    |   0    |   0    |
|                           cond-90                            |   2    |    1     |  0   |    1     |  0   |   0   |  0   |   0    |   0   |   1    |   0    |   0    |
|   egresshdr.tcp.checksum_encode_update_condition_3_egress    |   2    |    2     |  10  |    0     |  1   |   0   |  0   |   1    |   2   |   1    |   1    |   0    |
|           tbl_defense4_rrc_stagerecovery_probe2493           |   2    |    0     |  0   |    0     |  0   |   0   |  0   |   0    |   1   |   0    |   0    |   1    |
|           tbl_defense4_rrc_stagerecovery_probe2495           |   2    |    0     |  0   |    0     |  0   |   0   |  0   |   2    |   1   |   0    |   0    |   1    |
|           tbl_defense4_rrc_stagerecovery_probe2498           |   2    |    0     |  0   |    0     |  0   |   0   |  0   |   2    |   1   |   0    |   0    |   1    |
|           tbl_defense4_rrc_stagerecovery_probe2518           |   2    |    0     |  0   |    0     |  0   |   0   |  0   |   4    |   1   |   0    |   0    |   1    |
|           tbl_defense4_rrc_stagerecovery_probe2520           |   2    |    0     |  0   |    0     |  0   |   0   |  0   |   4    |   1   |   0    |   0    |   1    |
|           tbl_defense4_rrc_stagerecovery_probe2998           |   2    |    0     |  0   |    0     |  0   |   0   |  0   |   0    |   1   |   0    |   0    |   1    |
|                    Ingress.tbl_build_cand                    |   3    |    0     |  0   |    0     |  0   |   0   |  0   |   0    |   1   |   0    |   0    |   1    |
|                 Ingress.tbl_build_cand_resp                  |   3    |    0     |  0   |    0     |  0   |   0   |  0   |   0    |   1   |   0    |   0    |   1    |
|                  Ingress.tbl_resp_authorise                  |   3    |    11    |  0   |    0     |  1   |   3   |  0   |   0    |   3   |   0    |   0    |   1    |
|                       Ingress.reg_tag                        |   4    |    2     |  16  |    0     |  2   |   0   |  2   |   0    |   0   |   0    |   0    |   0    |
|                           cond-91                            |   4    |    2     |  0   |    1     |  0   |   0   |  0   |   0    |   0   |   1    |   0    |   0    |
|                           cond-92                            |   4    |    1     |  0   |    1     |  0   |   0   |  0   |   0    |   0   |   1    |   0    |   0    |
|                           cond-93                            |   4    |    2     |  0   |    1     |  0   |   0   |  0   |   0    |   0   |   1    |   0    |   0    |
|                           cond-94                            |   4    |    1     |  0   |    1     |  0   |   0   |  0   |   0    |   0   |   1    |   0    |   0    |
|                           cond-95                            |   4    |    1     |  0   |    1     |  0   |   0   |  0   |   0    |   0   |   1    |   0    |   0    |
|           tbl_defense4_rrc_stagerecovery_probe2537           |   4    |    0     |  0   |    0     |  0   |   0   |  0   |   2    |   1   |   0    |   0    |   1    |
|           tbl_defense4_rrc_stagerecovery_probe2541           |   4    |    0     |  0   |    0     |  0   |   0   |  0   |   2    |   1   |   0    |   0    |   1    |
|           tbl_defense4_rrc_stagerecovery_probe2547           |   4    |    0     |  0   |    0     |  0   |   0   |  0   |   2    |   1   |   0    |   0    |   1    |
|           tbl_defense4_rrc_stagerecovery_probe2558           |   4    |    0     |  0   |    0     |  0   |   0   |  0   |   2    |   1   |   0    |   0    |   1    |
|           tbl_defense4_rrc_stagerecovery_probe2560           |   4    |    0     |  0   |    0     |  0   |   0   |  0   |   2    |   1   |   0    |   0    |   1    |
|           tbl_defense4_rrc_stagerecovery_probe2563           |   4    |    0     |  0   |    0     |  0   |   0   |  0   |   2    |   1   |   0    |   0    |   1    |
|                   Ingress.tbl_state_decode                   |   5    |    12    |  0   |    0     |  1   |   3   |  0   |   4    |   11  |   0    |   0    |   1    |
|                    Ingress.tbl_txn_active                    |   5    |    1     |  0   |    0     |  1   |   1   |  0   |   0    |   3   |   0    |   0    |   1    |
|                     Ingress.reg_ack_rel                      |   6    |    2     |  16  |    0     |  2   |   0   |  2   |   0    |   0   |   0    |   0    |   0    |
|                     Ingress.reg_deadline                     |   6    |    8     |  0   |    0     |  2   |   0   |  2   |   0    |   0   |   0    |   0    |   0    |
|                      Ingress.reg_tresp                       |   6    |    8     |  0   |    0     |  2   |   0   |  2   |   0    |   0   |   0    |   0    |   0    |
|                           cond-96                            |   6    |    1     |  0   |    1     |  0   |   0   |  0   |   0    |   0   |   1    |   0    |   0    |
|                           cond-97                            |   6    |    1     |  0   |    1     |  0   |   0   |  0   |   0    |   0   |   1    |   0    |   0    |
|                           cond-98                            |   6    |    1     |  0   |    1     |  0   |   0   |  0   |   0    |   0   |   1    |   0    |   0    |
|                           cond-99                            |   6    |    1     |  0   |    1     |  0   |   0   |  0   |   0    |   0   |   1    |   0    |   0    |
|           tbl_defense4_rrc_stagerecovery_probe2582           |   6    |    0     |  0   |    0     |  0   |   0   |  0   |   4    |   1   |   0    |   0    |   1    |
|           tbl_defense4_rrc_stagerecovery_probe2584           |   6    |    0     |  0   |    0     |  0   |   0   |  0   |   4    |   1   |   0    |   0    |   1    |
|           tbl_defense4_rrc_stagerecovery_probe2591           |   6    |    0     |  0   |    0     |  0   |   0   |  0   |   4    |   1   |   0    |   0    |   1    |
|           tbl_defense4_rrc_stagerecovery_probe2593           |   6    |    0     |  0   |    0     |  0   |   0   |  0   |   4    |   1   |   0    |   0    |   1    |
|           tbl_defense4_rrc_stagerecovery_probe2603           |   6    |    0     |  0   |    0     |  0   |   0   |  0   |   2    |   1   |   0    |   0    |   1    |
|           tbl_defense4_rrc_stagerecovery_probe2609           |   6    |    0     |  0   |    0     |  0   |   0   |  0   |   2    |   1   |   0    |   0    |   1    |
|                      Ingress.ctr_fresh                       |   7    |    0     |  0   |    0     |  2   |   0   |  2   |   0    |   0   |   0    |   0    |   0    |
|                 Ingress.tbl_deadline_expiry                  |   7    |    0     |  0   |    0     |  0   |   0   |  0   |   0    |   2   |   0    |   1    |   0    |
|                   Ingress.tbl_tresp_expiry                   |   7    |    0     |  0   |    0     |  0   |   0   |  0   |   0    |   2   |   0    |   1    |   0    |
|                           cond-100                           |   7    |    1     |  0   |    1     |  0   |   0   |  0   |   0    |   0   |   1    |   0    |   0    |
|                           cond-101                           |   7    |    1     |  0   |    1     |  0   |   0   |  0   |   0    |   0   |   1    |   0    |   0    |
|                           cond-102                           |   7    |    1     |  0   |    1     |  0   |   0   |  0   |   0    |   0   |   1    |   0    |   0    |
|                           cond-103                           |   7    |    1     |  0   |    1     |  0   |   0   |  0   |   0    |   0   |   1    |   0    |   0    |
|                           cond-104                           |   7    |    3     |  0   |    1     |  0   |   0   |  0   |   0    |   0   |   1    |   0    |   0    |
|                           cond-105                           |   7    |    2     |  0   |    1     |  0   |   0   |  0   |   0    |   0   |   1    |   0    |   0    |
|                           cond-106                           |   7    |    1     |  0   |    1     |  0   |   0   |  0   |   0    |   0   |   1    |   0    |   0    |
|                           cond-107                           |   7    |    1     |  0   |    1     |  0   |   0   |  0   |   0    |   0   |   1    |   0    |   0    |
|                           cond-113                           |   7    |    1     |  0   |    1     |  0   |   0   |  0   |   0    |   0   |   1    |   0    |   0    |
|                           cond-114                           |   7    |    2     |  0   |    1     |  0   |   0   |  0   |   0    |   0   |   1    |   0    |   0    |
|                           cond-115                           |   7    |    1     |  0   |    1     |  0   |   0   |  0   |   0    |   0   |   1    |   0    |   0    |
|                           cond-116                           |   7    |    4     |  0   |    1     |  0   |   0   |  0   |   0    |   0   |   1    |   0    |   0    |
|                           cond-121                           |   7    |    2     |  0   |    1     |  0   |   0   |  0   |   0    |   0   |   1    |   0    |   0    |
|                           cond-125                           |   7    |    1     |  0   |    1     |  0   |   0   |  0   |   0    |   0   |   1    |   0    |   0    |
|                tbl_deadline_expiry_0-gateway                 |   7    |    4     |  0   |    1     |  0   |   0   |  0   |   0    |   0   |   1    |   0    |   1    |
|           tbl_defense4_rrc_stagerecovery_probe2624           |   7    |    0     |  0   |    0     |  0   |   0   |  0   |   0    |   1   |   0    |   0    |   1    |
|           tbl_defense4_rrc_stagerecovery_probe2639           |   7    |    0     |  0   |    0     |  0   |   0   |  0   |   0    |   1   |   0    |   0    |   1    |
|           tbl_defense4_rrc_stagerecovery_probe2648           |   7    |    0     |  0   |    0     |  0   |   0   |  0   |   0    |   1   |   0    |   0    |   1    |
|           tbl_defense4_rrc_stagerecovery_probe2657           |   7    |    0     |  0   |    0     |  0   |   0   |  0   |   0    |   1   |   0    |   0    |   1    |
|           tbl_defense4_rrc_stagerecovery_probe2691           |   7    |    0     |  0   |    0     |  0   |   0   |  0   |   0    |   1   |   0    |   0    |   1    |
|           tbl_defense4_rrc_stagerecovery_probe2797           |   7    |    0     |  0   |    0     |  0   |   0   |  0   |   0    |   1   |   0    |   0    |   1    |
|           tbl_defense4_rrc_stagerecovery_probe2803           |   7    |    0     |  0   |    0     |  0   |   0   |  0   |   0    |   1   |   0    |   0    |   1    |
|                         tbl_to_hold                          |   7    |    0     |  0   |    0     |  0   |   0   |  0   |   1    |   1   |   0    |   0    |   1    |
|                  tbl_tresp_expiry_0-gateway                  |   7    |    4     |  0   |    1     |  0   |   0   |  0   |   0    |   0   |   1    |   0    |   1    |
|                       Ingress.ctr_deq                        |   8    |    0     |  0   |    0     |  2   |   0   |  2   |   0    |   0   |   0    |   0    |   0    |
|                           cond-122                           |   8    |    1     |  0   |    1     |  0   |   0   |  0   |   0    |   0   |   1    |   0    |   0    |
|                           cond-123                           |   8    |    2     |  0   |    1     |  0   |   0   |  0   |   0    |   0   |   1    |   0    |   0    |
|                           cond-124                           |   8    |    1     |  0   |    1     |  0   |   0   |  0   |   0    |   0   |   1    |   0    |   0    |
|                           cond-126                           |   8    |    1     |  0   |    1     |  0   |   0   |  0   |   0    |   0   |   1    |   0    |   0    |
|                           cond-127                           |   8    |    1     |  0   |    1     |  0   |   0   |  0   |   0    |   0   |   1    |   0    |   0    |
|                           cond-128                           |   8    |    1     |  0   |    1     |  0   |   0   |  0   |   0    |   0   |   1    |   0    |   0    |
|                           cond-129                           |   8    |    1     |  0   |    1     |  0   |   0   |  0   |   0    |   0   |   1    |   0    |   0    |
|                           cond-130                           |   8    |    1     |  0   |    1     |  0   |   0   |  0   |   0    |   0   |   1    |   0    |   0    |
|                           cond-131                           |   8    |    1     |  0   |    1     |  0   |   0   |  0   |   0    |   0   |   1    |   0    |   0    |
|           tbl_defense4_rrc_stagerecovery_probe2872           |   8    |    0     |  0   |    0     |  0   |   0   |  0   |   0    |   1   |   0    |   0    |   1    |
|           tbl_defense4_rrc_stagerecovery_probe2881           |   8    |    0     |  0   |    0     |  0   |   0   |  0   |   0    |   1   |   0    |   0    |   1    |
|           tbl_defense4_rrc_stagerecovery_probe2885           |   8    |    0     |  0   |    0     |  0   |   0   |  0   |   0    |   1   |   0    |   0    |   1    |
|           tbl_defense4_rrc_stagerecovery_probe2889           |   8    |    0     |  0   |    0     |  0   |   0   |  0   |   0    |   1   |   0    |   0    |   1    |
|           tbl_defense4_rrc_stagerecovery_probe2891           |   8    |    0     |  0   |    0     |  0   |   0   |  0   |   0    |   1   |   0    |   0    |   1    |
|           tbl_defense4_rrc_stagerecovery_probe2904           |   8    |    0     |  0   |    0     |  0   |   0   |  0   |   0    |   1   |   0    |   0    |   1    |
|           tbl_defense4_rrc_stagerecovery_probe2910           |   8    |    0     |  0   |    0     |  0   |   0   |  0   |   0    |   1   |   0    |   0    |   1    |
|           tbl_defense4_rrc_stagerecovery_probe2914           |   8    |    0     |  0   |    0     |  0   |   0   |  0   |   0    |   1   |   0    |   0    |   1    |
|           tbl_defense4_rrc_stagerecovery_probe2920           |   8    |    0     |  0   |    0     |  0   |   0   |  0   |   0    |   1   |   0    |   0    |   1    |
|           tbl_defense4_rrc_stagerecovery_probe2923           |   8    |    0     |  0   |    0     |  0   |   0   |  0   |   0    |   1   |   0    |   0    |   1    |
|           tbl_defense4_rrc_stagerecovery_probe2927           |   8    |    0     |  0   |    0     |  0   |   0   |  0   |   0    |   1   |   0    |   0    |   1    |
|           tbl_defense4_rrc_stagerecovery_probe2932           |   8    |    0     |  0   |    0     |  0   |   0   |  0   |   0    |   1   |   0    |   0    |   1    |
|           tbl_defense4_rrc_stagerecovery_probe2934           |   8    |    0     |  0   |    0     |  0   |   0   |  0   |   0    |   1   |   0    |   0    |   1    |
|                        tbl_to_block_1                        |   8    |    0     |  0   |    0     |  0   |   0   |  0   |   0    |   1   |   0    |   0    |   1    |
|                     tbl_to_resp_block_0                      |   8    |    0     |  0   |    0     |  0   |   0   |  0   |   1    |   1   |   0    |   0    |   1    |
|                       Ingress.ctr_deq                        |   9    |    0     |  0   |    0     |  2   |   0   |  2   |   0    |   0   |   0    |   0    |   0    |
|                      Ingress.ctr_fresh                       |   9    |    0     |  0   |    0     |  2   |   0   |  2   |   0    |   0   |   0    |   0    |   0    |
|                           cond-132                           |   9    |    1     |  0   |    1     |  0   |   0   |  0   |   0    |   0   |   1    |   0    |   0    |
|                           cond-133                           |   9    |    2     |  0   |    1     |  0   |   0   |  0   |   0    |   0   |   1    |   0    |   0    |
|                           cond-134                           |   9    |    1     |  0   |    1     |  0   |   0   |  0   |   0    |   0   |   1    |   0    |   0    |
|                           cond-135                           |   9    |    2     |  0   |    1     |  0   |   0   |  0   |   0    |   0   |   1    |   0    |   0    |
|                           cond-136                           |   9    |    1     |  0   |    1     |  0   |   0   |  0   |   0    |   0   |   1    |   0    |   0    |
|           tbl_defense4_rrc_stagerecovery_probe2643           |   9    |    0     |  0   |    0     |  0   |   0   |  0   |   0    |   1   |   0    |   0    |   1    |
|           tbl_defense4_rrc_stagerecovery_probe2652           |   9    |    0     |  0   |    0     |  0   |   0   |  0   |   0    |   1   |   0    |   0    |   1    |
|           tbl_defense4_rrc_stagerecovery_probe2660           |   9    |    0     |  0   |    0     |  0   |   0   |  0   |   0    |   1   |   0    |   0    |   1    |
|           tbl_defense4_rrc_stagerecovery_probe2812           |   9    |    0     |  0   |    0     |  0   |   0   |  0   |   0    |   1   |   0    |   0    |   1    |
|           tbl_defense4_rrc_stagerecovery_probe2819           |   9    |    0     |  0   |    0     |  0   |   0   |  0   |   0    |   1   |   0    |   0    |   1    |
|           tbl_defense4_rrc_stagerecovery_probe2918           |   9    |    0     |  0   |    0     |  0   |   0   |  0   |   0    |   1   |   0    |   0    |   1    |
|           tbl_defense4_rrc_stagerecovery_probe2952           |   9    |    0     |  0   |    0     |  0   |   0   |  0   |   0    |   1   |   0    |   0    |   1    |
|           tbl_defense4_rrc_stagerecovery_probe2962           |   9    |    0     |  0   |    0     |  0   |   0   |  0   |   0    |   1   |   0    |   0    |   1    |
|           tbl_defense4_rrc_stagerecovery_probe2979           |   9    |    0     |  0   |    0     |  0   |   0   |  0   |   0    |   1   |   0    |   0    |   1    |
|          tbl_defense4_rrc_stagerecovery_probe2979_0          |   9    |    0     |  0   |    0     |  0   |   0   |  0   |   0    |   1   |   0    |   0    |   1    |
|           tbl_defense4_rrc_stagerecovery_probe2982           |   9    |    0     |  0   |    0     |  0   |   0   |  0   |   0    |   1   |   0    |   0    |   1    |
|           tbl_defense4_rrc_stagerecovery_probe2983           |   9    |    0     |  0   |    0     |  0   |   0   |  0   |   0    |   1   |   0    |   0    |   1    |
|           tbl_defense4_rrc_stagerecovery_probe2986           |   9    |    0     |  0   |    0     |  0   |   0   |  0   |   0    |   1   |   0    |   0    |   1    |
|                         tbl_to_block                         |   9    |    0     |  0   |    0     |  0   |   0   |  0   |   0    |   1   |   0    |   0    |   1    |
|                        tbl_to_block_0                        |   9    |    0     |  0   |    0     |  0   |   0   |  0   |   0    |   1   |   0    |   0    |   1    |
|                      tbl_to_resp_block                       |   9    |    0     |  0   |    0     |  0   |   0   |  0   |   1    |   1   |   0    |   0    |   1    |
|                       Ingress.ctr_deq                        |   10   |    0     |  0   |    0     |  2   |   0   |  2   |   0    |   0   |   0    |   0    |   0    |
|                      Ingress.ctr_fresh                       |   10   |    0     |  0   |    0     |  2   |   0   |  2   |   0    |   0   |   0    |   0    |   0    |
|                           cond-108                           |   10   |    3     |  0   |    1     |  0   |   0   |  0   |   0    |   0   |   1    |   0    |   0    |
|                           cond-109                           |   10   |    2     |  0   |    1     |  0   |   0   |  0   |   0    |   0   |   1    |   0    |   0    |
|                           cond-110                           |   10   |    1     |  0   |    1     |  0   |   0   |  0   |   0    |   0   |   1    |   0    |   0    |
|                           cond-111                           |   10   |    2     |  0   |    1     |  0   |   0   |  0   |   0    |   0   |   1    |   0    |   0    |
|                           cond-112                           |   10   |    2     |  0   |    1     |  0   |   0   |  0   |   0    |   0   |   1    |   0    |   0    |
|                           cond-117                           |   10   |    1     |  0   |    1     |  0   |   0   |  0   |   0    |   0   |   1    |   0    |   0    |
|                           cond-118                           |   10   |    2     |  0   |    1     |  0   |   0   |  0   |   0    |   0   |   1    |   0    |   0    |
|                           cond-119                           |   10   |    1     |  0   |    1     |  0   |   0   |  0   |   0    |   0   |   1    |   0    |   0    |
|                           cond-120                           |   10   |    1     |  0   |    1     |  0   |   0   |  0   |   0    |   0   |   1    |   0    |   0    |
|                        tbl_arm_clone                         |   10   |    0     |  0   |    0     |  0   |   0   |  0   |   0    |   1   |   0    |   0    |   1    |
|           tbl_defense4_rrc_stagerecovery_probe2728           |   10   |    0     |  0   |    0     |  0   |   0   |  0   |   0    |   1   |   0    |   0    |   1    |
|           tbl_defense4_rrc_stagerecovery_probe2743           |   10   |    0     |  0   |    0     |  0   |   0   |  0   |   0    |   1   |   0    |   0    |   1    |
|           tbl_defense4_rrc_stagerecovery_probe2744           |   10   |    0     |  0   |    0     |  0   |   0   |  0   |   0    |   1   |   0    |   0    |   1    |
|           tbl_defense4_rrc_stagerecovery_probe2778           |   10   |    0     |  0   |    0     |  0   |   0   |  0   |   0    |   1   |   0    |   0    |   1    |
|           tbl_defense4_rrc_stagerecovery_probe2788           |   10   |    0     |  0   |    0     |  0   |   0   |  0   |   0    |   1   |   0    |   0    |   1    |
|          tbl_defense4_rrc_stagerecovery_probe2788_0          |   10   |    0     |  0   |    0     |  0   |   0   |  0   |   0    |   1   |   0    |   0    |   1    |
|           tbl_defense4_rrc_stagerecovery_probe2789           |   10   |    0     |  0   |    0     |  0   |   0   |  0   |   0    |   1   |   0    |   0    |   1    |
|           tbl_defense4_rrc_stagerecovery_probe2827           |   10   |    0     |  0   |    0     |  0   |   0   |  0   |   0    |   1   |   0    |   0    |   1    |
|           tbl_defense4_rrc_stagerecovery_probe2833           |   10   |    0     |  0   |    0     |  0   |   0   |  0   |   0    |   1   |   0    |   0    |   1    |
|           tbl_defense4_rrc_stagerecovery_probe2835           |   10   |    0     |  0   |    0     |  0   |   0   |  0   |   0    |   1   |   0    |   0    |   1    |
|           tbl_defense4_rrc_stagerecovery_probe2843           |   10   |    0     |  0   |    0     |  0   |   0   |  0   |   0    |   1   |   0    |   0    |   1    |
|           tbl_defense4_rrc_stagerecovery_probe2850           |   10   |    0     |  0   |    0     |  0   |   0   |  0   |   0    |   1   |   0    |   0    |   1    |
|           tbl_defense4_rrc_stagerecovery_probe2854           |   10   |    0     |  0   |    0     |  0   |   0   |  0   |   0    |   1   |   0    |   0    |   1    |
|           tbl_defense4_rrc_stagerecovery_probe2964           |   10   |    0     |  0   |    0     |  0   |   0   |  0   |   0    |   1   |   0    |   0    |   1    |
|                       tbl_to_resp_hold                       |   10   |    0     |  0   |    0     |  0   |   0   |  0   |   1    |   1   |   0    |   0    |   1    |
|                    Ingress.reg_ts_ack_arm                    |   11   |    4     |  0   |    0     |  2   |   0   |  2   |   0    |   0   |   0    |   0    |   0    |
|                  Ingress.reg_ts_block_term                   |   11   |    4     |  0   |    0     |  2   |   0   |  2   |   0    |   0   |   0    |   0    |   0    |
|                  Ingress.reg_ts_first_block                  |   11   |    4     |  0   |    0     |  2   |   0   |  2   |   0    |   0   |   0    |   0    |   0    |
|                           cond-137                           |   11   |    1     |  0   |    1     |  0   |   0   |  0   |   0    |   0   |   1    |   0    |   0    |
|                           cond-138                           |   11   |    1     |  0   |    1     |  0   |   0   |  0   |   0    |   0   |   1    |   0    |   0    |
|                           cond-139                           |   11   |    1     |  0   |    1     |  0   |   0   |  0   |   0    |   0   |   1    |   0    |   0    |
|           tbl_defense4_rrc_stagerecovery_probe2995           |   11   |    0     |  0   |    0     |  0   |   0   |  0   |   0    |   1   |   0    |   0    |   1    |
|           tbl_defense4_rrc_stagerecovery_probe2996           |   11   |    0     |  0   |    0     |  0   |   0   |  0   |   0    |   1   |   0    |   0    |   1    |
|           tbl_defense4_rrc_stagerecovery_probe2997           |   11   |    0     |  0   |    0     |  0   |   0   |  0   |   0    |   1   |   0    |   0    |   1    |
-------------------------------------------------------------------------------------------------------------------------------------------------------------------------

