#pipeline pipe
#stage 0
^-------- ---------- ---- ------ - ------ -- ------ ---------------- ---------------- ---------------- ---------------- --- ------- ------ - tbl_build_exp_ack_0(0,2) : ingress
A^------- ---------- ---- ------ - ------ -- ------ ---------------- ---------------- ---------------- ---------------- --- ------- ------ - tbl_session_0(0,2) : ingress
A-^------ ---------- ---- ------ - ------ -- ------ ---------------- ---------------- ---------------- ---------------- --- ------- ------ - tbl_params_0(0,3) : ingress
AB-^----- ---------- ---- ------ - ------ -- ------ ---------------- ---------------- ---------------- ---------------- --- ------- ------ - cond-78(0,3) : ingress
---C^---- ---------- ---- ------ - ------ -- ------ ---------------- ---------------- ---------------- ---------------- --- ------- ------ - tbl_defense4_rrc_stagerecovery_probe2463(0,3) : ingress
----C^--- ---------- ---- ------ - ------ -- ------ ---------------- ---------------- ---------------- ---------------- --- ------- ------ - tbl_defense4_rrc_stagerecovery_probe2469(0,3) : ingress
-----C^-- ---------- ---- ------ - ------ -- ------ ---------------- ---------------- ---------------- ---------------- --- ------- ------ - tbl_defense4_rrc_stagerecovery_probe2480(0,3) : ingress
---D---^- ---------- ---- ------ - ------ -- ------ ---------------- ---------------- ---------------- ---------------- --- ------- ------ - tbl_defense4_rrc_stagerecovery_probe2449(0,3) : ingress
D-------^ ---------- ---- ------ - ------ -- ------ ---------------- ---------------- ---------------- ---------------- --- ------- ------ - tbl_defense4_rrc_stagerecovery_probe2394(0,11) : ingress
#stage 1
-E-----C- ^--------- ---- ------ - ------ -- ------ ---------------- ---------------- ---------------- ---------------- --- ------- ------ - tbl_defense4_rrc_stagerecovery_probe2451(1,3) : ingress
-E------- C^-------- ---- ------ - ------ -- ------ ---------------- ---------------- ---------------- ---------------- --- ------- ------ - tbl_defense4_rrc_stagerecovery_probe2454(1,3) : ingress
-E------- -C^------- ---- ------ - ------ -- ------ ---------------- ---------------- ---------------- ---------------- --- ------- ------ - tbl_defense4_rrc_stagerecovery_probe2457(1,3) : ingress
AF------- ---^------ ---- ------ - ------ -- ------ ---------------- ---------------- ---------------- ---------------- --- ------- ------ - tbl_defense4_rrc_stagerecovery_probe2516(1,4) : ingress
A-------- ----^----- ---- ------ - ------ -- ------ ---------------- ---------------- ---------------- ---------------- --- ------- ------ - tbl_defense4_rrc_stagerecovery_probe2398(0,4) : ingress
AG------- -----^---- ---- ------ - ------ -- ------ ---------------- ---------------- ---------------- ---------------- --- ------- ------ - tbl_defense4_rrc_stagerecovery_probe2514(1,4) : ingress
-H------- -----C^--- ---- ------ - ------ -- ------ ---------------- ---------------- ---------------- ---------------- --- ------- ------ - tbl_defense4_rrc_stagerecovery_probe2515(1,4) : ingress
A-------- -------^-- ---- ------ - ------ -- ------ ---------------- ---------------- ---------------- ---------------- --- ------- ------ - tbl_defense4_rrc_stagerecovery_probe2404(0,4) : ingress
A-I------ --------^- ---- ------ - ------ -- ------ ---------------- ---------------- ---------------- ---------------- --- ------- ------ - tbl_build_do_shape_0(1,10) : ingress
A-------- ---------^ ---- ------ - ------ -- ------ ---------------- ---------------- ---------------- ---------------- --- ------- ------ - tbl_defense4_rrc_stagerecovery_probe2407(0,9) : ingress
#stage 2
A-------- ----I----- ^--- ------ - ------ -- ------ ---------------- ---------------- ---------------- ---------------- --- ------- ------ - tbl_build_now_0(1,5) : ingress
J---EEB-- EEI------- -^-- ------ - ------ -- ------ ---------------- ---------------- ---------------- ---------------- --- ------- ------ - tbl_defense4_rrc_stagerecovery_probe2518(2,4) : ingress
H-------- ---------- -C^- ------ - ------ -- ------ ---------------- ---------------- ---------------- ---------------- --- ------- ------ - tbl_defense4_rrc_stagerecovery_probe2520(2,4) : ingress
A-B-EEB-- EEI----B-- ---^ ------ - ------ -- ------ ---------------- ---------------- ---------------- ---------------- --- ------- ------ - cond-86(2,4) : ingress
#stage 3
--E--KKK- ---------- ---D ^----- - ------ -- ------ ---------------- ---------------- ---------------- ---------------- --- ------- ------ - tbl_defense4_rrc_stagerecovery_probe2493(2,4) : ingress
-----KKK- ---------- ---- C^---- - ------ -- ------ ---------------- ---------------- ---------------- ---------------- --- ------- ------ - tbl_defense4_rrc_stagerecovery_probe2495(2,4) : ingress
----EE--- EEE----E-- ---C --^--- - ------ -- ------ ---------------- ---------------- ---------------- ---------------- --- ------- ------ - tbl_defense4_rrc_stagerecovery_probe2498(2,11) : ingress
A-I------ ---------- I--- ---^-- - ------ -- ------ ---------------- ---------------- ---------------- ---------------- --- ------- ------ - tbl_build_cand_0(2,6) : ingress
A-I------ ---------- I--- ----^- - ------ -- ------ ---------------- ---------------- ---------------- ---------------- --- ------- ------ - tbl_build_cand_resp_0(2,6) : ingress
A-------- ----F----- ---- -----^ - ------ -- ------ ---------------- ---------------- ---------------- ---------------- --- ------- ------ - tbl_defense4_rrc_stagerecovery_probe2998(1,11) : ingress
#stage 4
A---HLMK- HHFF-HF--- -HF- KM---- ^ ------ -- ------ ---------------- ---------------- ---------------- ---------------- --- ------- ------ - tbl_resp_authorise_0(3,5) : ingress
#stage 5
A-I-ENFH- EEI------- ---- HF---- O ^----- -- ------ ---------------- ---------------- ---------------- ---------------- --- ------- ------ - tbl_defense4_rrc_stagerecovery_probe2537(4,6) : ingress
----ENHH- EEE------- ---- HH---- L C^---- -- ------ ---------------- ---------------- ---------------- ---------------- --- ------- ------ - tbl_defense4_rrc_stagerecovery_probe2541(4,6) : ingress
----ENHH- EEE------- ---- HH---- L -C^--- -- ------ ---------------- ---------------- ---------------- ---------------- --- ------- ------ - tbl_defense4_rrc_stagerecovery_probe2547(4,6) : ingress
----ENHH- EEE------- ---- HH---- L --C^-- -- ------ ---------------- ---------------- ---------------- ---------------- --- ------- ------ - tbl_defense4_rrc_stagerecovery_probe2563(4,6) : ingress
--E--HHH- ---------- ---- HH---- L ---D^- -- ------ ---------------- ---------------- ---------------- ---------------- --- ------- ------ - tbl_defense4_rrc_stagerecovery_probe2558(4,6) : ingress
-----HHH- ---------- ---- HH---- L ----C^ -- ------ ---------------- ---------------- ---------------- ---------------- --- ------- ------ - tbl_defense4_rrc_stagerecovery_probe2560(4,6) : ingress
#stage 6
A---HLMK- HHFF-HF--- -HF- KM-IP- Q RRSRST ^- ------ ---------------- ---------------- ---------------- ---------------- --- ------- ------ - tbl_state_decode_0(5,7) : ingress
A-------- ---------- ---- ------ F --H-HF -^ ------ ---------------- ---------------- ---------------- ---------------- --- ------- ------ - tbl_txn_active_0(5,7) : ingress
#stage 7
A-------- ---------- F--- ----G- - ------ GM ^----- ---------------- ---------------- ---------------- ---------------- --- ------- ------ - tbl_defense4_rrc_stagerecovery_probe2593(6,8) : ingress
--------- ---------- H--- ----H- - ------ H- D^---- ---------------- ---------------- ---------------- ---------------- --- ------- ------ - tbl_defense4_rrc_stagerecovery_probe2591(6,9) : ingress
A-------- ---------- F--- ----G- - ------ GM --^--- ---------------- ---------------- ---------------- ---------------- --- ------- ------ - tbl_defense4_rrc_stagerecovery_probe2584(6,8) : ingress
--------- ---------- H--- ----H- - ------ HK --D^-- ---------------- ---------------- ---------------- ---------------- --- ------- ------ - tbl_defense4_rrc_stagerecovery_probe2582(6,9) : ingress
A---ENFH- EEI------- ---- HF---- O KKHKHF U- ----^- ---------------- ---------------- ---------------- ---------------- --- ------- ------ - tbl_defense4_rrc_stagerecovery_probe2603(6,10) : ingress
----ENHH- EEE------- ---- HH---- L KKHKHH V- ----C^ ---------------- ---------------- ---------------- ---------------- --- ------- ------ - tbl_defense4_rrc_stagerecovery_probe2609(6,10) : ingress
#stage 8
A-------- ---------- ---- ------ M ------ -I EB---- ^--------------- ---------------- ---------------- ---------------- --- ------- ------ - tbl_tresp_expiry_0(7,9) : ingress
A-------- ---------- ---- ------ M ------ -I --EB-- -^-------------- ---------------- ---------------- ---------------- --- ------- ------ - tbl_deadline_expiry_0(7,9) : ingress
A-B---B-- --B----BBB ---- ----B- B -----B BB ---B-B BB^------------- ---------------- ---------------- ---------------- --- ------- ------ - cond-100(7,10) : ingress
--------- ---------E ---- ------ - ------ -- ------ --C^------------ ---------------- ---------------- ---------------- --- ------- ------ - cond-121(7,10) : ingress
--------- ---------- ---- ------ - ------ -- ------ ---C^----------- ---------------- ---------------- ---------------- --- ------- ------ - cond-125(7,10) : ingress
--------- ---------- ---- ----E- - ------ E- ------ ----D^---------- ---------------- ---------------- ---------------- --- ------- ------ - tbl_defense4_rrc_stagerecovery_probe2904(7,10) : ingress
--E------ ---------- ---- ------ - ------ -- ------ -----C^--------- ---------------- ---------------- ---------------- --- ------- ------ - cond-127(7,10) : ingress
--------- ---------- ---- ----E- - ------ E- ------ ------D^-------- ---------------- ---------------- ---------------- --- ------- ------ - tbl_defense4_rrc_stagerecovery_probe2910(7,10) : ingress
--------- -------E-- ---- ------ - ------ -- ------ -------C^------- ---------------- ---------------- ---------------- --- ------- ------ - tbl_defense4_rrc_stagerecovery_probe2914(7,10) : ingress
--------- ---------- ---- ----E- - ------ E- ------ ---D-----^------ ---------------- ---------------- ---------------- --- ------- ------ - tbl_defense4_rrc_stagerecovery_probe2872(7,10) : ingress
--------- ---------- ---- ------ - ------ -- ------ --D-------^----- ---------------- ---------------- ---------------- --- ------- ------ - tbl_defense4_rrc_stagerecovery_probe2624(7,10) : ingress
--------- ---------- ---- ------ - ------ -- ------ ----------C^---- ---------------- ---------------- ---------------- --- ------- ------ - cond-102(7,10) : ingress
--------- ---------- ---- ------ - ------ -- ------ -----------D^--- ---------------- ---------------- ---------------- --- ------- ------ - tbl_defense4_rrc_stagerecovery_probe2691(7,10) : ingress
--------- ---------- ---- ------ - ------ -E ------ ------------D^-- ---------------- ---------------- ---------------- --- ------- ------ - tbl_defense4_rrc_stagerecovery_probe2639(7,10) : ingress
--------- ---------- ---- ------ - ------ -E ------ -------------C^- ---------------- ---------------- ---------------- --- ------- ------ - tbl_to_block(7,10) : ingress
--------- ---------- ---- ------ - ------ -E ------ --------------C^ ---------------- ---------------- ---------------- --- ------- ------ - tbl_to_resp_block(7,10) : ingress
#stage 9
--------- ---------- ---- ------ - ------ -- ------ K--------------A ^--------------- ---------------- ---------------- --- ------- ------ - tbl_defense4_rrc_stagerecovery_probe2657(8,10) : ingress
--------- ---------- ---- ------ - ------ -- ------ K-------------A- -^-------------- ---------------- ---------------- --- ------- ------ - tbl_defense4_rrc_stagerecovery_probe2648(8,10) : ingress
--------- ---------- ---- ----E- E ------ E- ------ E--------C------ --^------------- ---------------- ---------------- --- ------- ------ - tbl_defense4_rrc_stagerecovery_probe2881(8,10) : ingress
--------- ---------- ---- ------ E ------ -- ------ -E----C--------- ---^------------ ---------------- ---------------- --- ------- ------ - tbl_defense4_rrc_stagerecovery_probe2923(8,10) : ingress
--------- -------E-- ---- ------ - ------ -- ------ ---------------- ---C^----------- ---------------- ---------------- --- ------- ------ - tbl_defense4_rrc_stagerecovery_probe2927(8,10) : ingress
--------- -------E-- ---- ------ - ------ -- ------ ---------------- --C--^---------- ---------------- ---------------- --- ------- ------ - tbl_defense4_rrc_stagerecovery_probe2885(8,10) : ingress
----EE--- EEE------- ---- ------ - ------ -- ------ -----------C---- ------^--------- ---------------- ---------------- --- ------- ------ - cond-107(7,10) : ingress
----EE--- EEE------- ---- ------ - ------ -- ------ ---------------- ------C^-------- ---------------- ---------------- --- ------- ------ - cond-113(7,10) : ingress
--E------ ---------- ---- ----E- - ------ E- ------ ---------------- -------D^------- ---------------- ---------------- --- ------- ------ - tbl_defense4_rrc_stagerecovery_probe2797(7,10) : ingress
--------- ---------- ---- ----E- - ------ E- ------ ---------------- --------C^------ ---------------- ---------------- --- ------- ------ - tbl_to_hold(7,10) : ingress
--------- ---------- ---- ------ - ------ -E ---E-- K--------------- ---------A^----- ---------------- ---------------- --- ------- ------ - tbl_defense4_rrc_stagerecovery_probe2803(8,10) : ingress
--------- ---------- ---- ------ - ------ -- ------ ---------------- ----------C^---- ---------------- ---------------- --- ------- ------ - tbl_defense4_rrc_stagerecovery_probe2812(8,11) : ingress
--------- ---------- ---- ------ - ------ -- ------ ---------------- ---------C--^--- ---------------- ---------------- --- ------- ------ - tbl_defense4_rrc_stagerecovery_probe2819(7,11) : ingress
--------- ---------- ---- ------ - ------ -- ------ ---------------- -----C-------^-- ---------------- ---------------- --- ------- ------ - tbl_defense4_rrc_stagerecovery_probe2891(8,11) : ingress
--------- ---------- ---- ------ - ------ -- ------ ---------------- -----C--------^- ---------------- ---------------- --- ------- ------ - tbl_to_resp_block_0(8,11) : ingress
--------- -------W-- ---- ------ - ------ -- ------ ---------------- -----C---------^ ---------------- ---------------- --- ------- ------ - tbl_defense4_rrc_stagerecovery_probe2889(8,11) : ingress
#stage 10
--------- ---------- ---- ------ - ------ -- ------ ---------------- ----C----------- ^--------------- ---------------- --- ------- ------ - tbl_defense4_rrc_stagerecovery_probe2934(8,11) : ingress
--------- ---------- ---- ------ - ------ -- ------ ---------------- ----C----------- -^-------------- ---------------- --- ------- ------ - tbl_to_block_1(8,11) : ingress
--------- -------W-- ---- ------ - ------ -- ------ ---------------- ----C----------- --^------------- ---------------- --- ------- ------ - tbl_defense4_rrc_stagerecovery_probe2932(8,11) : ingress
--------- ---------- ---- ------ - ------ -- ------ ---------------C ---------------- ---^------------ ---------------- --- ------- ------ - tbl_defense4_rrc_stagerecovery_probe2660(7,11) : ingress
--E------ -------W-W ---- ------ E --E-EE -- ------ ---------------A ---------------- ----^----------- ---------------- --- ------- ------ - tbl_defense4_rrc_stagerecovery_probe2652(7,11) : ingress
--E------ -------W-W ---- ------ E --E-EE -- ------ --------------A- ---------------- -----^---------- ---------------- --- ------- ------ - tbl_defense4_rrc_stagerecovery_probe2643(7,11) : ingress
--------- ---------- ---- ------ - ------ -- ------ --------C------- ---------------- ------^--------- ---------------- --- ------- ------ - tbl_defense4_rrc_stagerecovery_probe2920(7,11) : ingress
--------- ---------- ---- ------ - ------ -- ------ --------C------- ---------------- -------^-------- ---------------- --- ------- ------ - tbl_to_block_0(7,11) : ingress
--------- -------W-- ---- ------ - ------ -- ------ --------C------- ---------------- --------^------- ---------------- --- ------- ------ - tbl_defense4_rrc_stagerecovery_probe2918(7,11) : ingress
----EE--- EEE------- ---- ------ - ------ -- ------ ---------------- -------C-------- ---------^------ ---------------- --- ------- ------ - tbl_defense4_rrc_stagerecovery_probe2827(7,11) : ingress
--------- ---------- ---- ------ - ------ -- ------ ---------------- ---------------- ---------C^----- ---------------- --- ------- ------ - tbl_defense4_rrc_stagerecovery_probe2850(7,11) : ingress
--------- ---------- ---- ------ - ------ -- ------ ---------------- ---------------- ----------C^---- ---------------- --- ------- ------ - tbl_defense4_rrc_stagerecovery_probe2854(7,11) : ingress
--E------ ---------- ---- ----E- - ------ E- ------ ---------------- ---------------- ---------A--^--- ---------------- --- ------- ------ - tbl_defense4_rrc_stagerecovery_probe2833(7,11) : ingress
--------- ---------- ---- ------ - ------ -- ------ ---------------- ---------------- ------------A^-- ---------------- --- ------- ------ - tbl_arm_clone(7,11) : ingress
--------- ---------- ---- ----E- - ------ E- ------ ---------------- ---------------- ------------C-^- ---------------- --- ------- ------ - tbl_defense4_rrc_stagerecovery_probe2835(7,11) : ingress
--------- ---------- ---- ------ - ------ -- ------ ---------------- ---------------- --------------C^ ---------------- --- ------- ------ - tbl_defense4_rrc_stagerecovery_probe2843(7,11) : ingress
#stage 11
--E------ ---------- ---- ----E- - ------ EE ------ ---------------- ------D--------- ---------------- ^--------------- --- ------- ------ - tbl_defense4_rrc_stagerecovery_probe2728(7,11) : ingress
--------- ---------- ---- ----E- - ------ EE ------ ---------------- ---------------- ---------------- C^-------------- --- ------- ------ - tbl_to_resp_hold(7,11) : ingress
--------- ---------- ---- ----E- - ------ EE ------ ---------------- ---------------- ---------------- -C^------------- --- ------- ------ - tbl_defense4_rrc_stagerecovery_probe2778(7,11) : ingress
--------- ---------- ---- ------ - ------ -- ------ ---------------- ---------------- ---------------- --C^------------ --- ------- ------ - tbl_defense4_rrc_stagerecovery_probe2789(7,11) : ingress
--------- --------E- ---- ------ - ------ -- ------ ---------------- ---------------- ---------------- --C-^----------- --- ------- ------ - tbl_defense4_rrc_stagerecovery_probe2788(7,11) : ingress
--------- ---------- ---- ------ - ------ -- ------ ---------------- ---------------- ---------------- ----C^---------- --- ------- ------ - tbl_defense4_rrc_stagerecovery_probe2788_0(7,11) : ingress
--------- ---------- ---- ------ E EE-E-- -- ----EE ---------------- ---------------- ---------------- -A----^--------- --- ------- ------ - tbl_defense4_rrc_stagerecovery_probe2743(7,11) : ingress
--------- ---------- ---- ------ - ------ -- ------ ---------------- ---------------- ---------------- ------C^-------- --- ------- ------ - tbl_defense4_rrc_stagerecovery_probe2744(7,11) : ingress
--------- ---------- ---- ------ - ------ -- ------ ----C----------- ---------------- ---------------- --------^------- --- ------- ------ - tbl_defense4_rrc_stagerecovery_probe2952(7,11) : ingress
--------- ---------- ---- ------ - ------ -- ------ ---------------- ---------------- ---------------- --------C^------ --- ------- ------ - tbl_defense4_rrc_stagerecovery_probe2986(7,11) : ingress
--------- ---------- ---- ------ E ------ -- ------ E--------------- ---------------- ---------------- ---------D^----- --- ------- ------ - tbl_defense4_rrc_stagerecovery_probe2982(8,11) : ingress
--------- ---------- ---- ------ - ------ -- ------ ---------------- ---------------- ---------------- ----------C^---- --- ------- ------ - tbl_defense4_rrc_stagerecovery_probe2983(8,11) : ingress
--------- --------E- ---- ------ - ------ -- ------ ---------------- ---------------- ---------------- ---------D--^--- --- ------- ------ - tbl_defense4_rrc_stagerecovery_probe2979(7,11) : ingress
--------- ---------- ---- ------ - ------ -- ------ ---------------- ---------------- ---------------- ------------C^-- --- ------- ------ - tbl_defense4_rrc_stagerecovery_probe2979_0(7,11) : ingress
--E------ ---------- ---- ------ - ------ -E ------ ---------------- ---------------- ---------------- --------A-----^- --- ------- ------ - tbl_defense4_rrc_stagerecovery_probe2962(7,11) : ingress
--------- ---------- ---- ------ - ------ -- ------ ---------------- ---------------- ---------------- --------------C^ --- ------- ------ - tbl_defense4_rrc_stagerecovery_probe2964(7,11) : ingress
#stage 12
A-------- ----F----- ---- ------ - ------ -- ------ -----E-EEE------ --EEEE-------BBB BBB---BBB------- ---------------- ^-- ------- ------ - tbl_defense4_rrc_stagerecovery_probe2997(9,11) : ingress
A-------- ----F----- ---- ------ - ------ -- ------ I--------------- ----------EB---- ---------------- ---------------- -^- ------- ------ - tbl_defense4_rrc_stagerecovery_probe2996(9,11) : ingress
A-------- ----F----- ---- ------ - ------ -- ------ I--------------- II-------------- ---------------- ---------------- --^ ------- ------ - tbl_defense4_rrc_stagerecovery_probe2995(9,11) : ingress
#stage 0
--------- ---------- ---- ------ - ------ -- ------ ---------------- ---------------- ---------------- ---------------- --- ^------ ------ - cond-141(0,10) : egress
--------- ---------- ---- ------ - ------ -- ------ ---------------- ---------------- ---------------- ---------------- --- D^----- ------ - tbl_defense4_rrc_stagerecovery_probe3175(0,10) : egress
--------- ---------- ---- ------ - ------ -- ------ ---------------- ---------------- ---------------- ---------------- --- C-^---- ------ - cond-143(0,10) : egress
--------- ---------- ---- ------ - ------ -- ------ ---------------- ---------------- ---------------- ---------------- --- --D^--- ------ - tbl_defense4_rrc_stagerecovery_probe3186(0,10) : egress
--------- ---------- ---- ------ - ------ -- ------ ---------------- ---------------- ---------------- ---------------- --- ---C^-- ------ - tbl_defense4_rrc_stagerecovery_probe3192(0,11) : egress
--------- ---------- ---- ------ - ------ -- ------ ---------------- ---------------- ---------------- ---------------- --- --C--^- ------ - tbl_defense4_rrc_stagerecovery_probe3195(0,11) : egress
--------- ---------- ---- ------ - ------ -- ------ ---------------- ---------------- ---------------- ---------------- --- -C----^ ------ - tbl_defense4_rrc_stagerecovery_probe3181(0,11) : egress
#stage 1
--------- ---------- ---- ------ - ------ -- ------ ---------------- ---------------- ---------------- ---------------- --- ---EB-- ^----- - egress_reset_invalidated_checksum_fields_3(1,11) : egress
--------- ---------- ---- ------ - ------ -- ------ ---------------- ---------------- ---------------- ---------------- --- ---EB-- -^---- - egress_reset_invalidated_checksum_fields_2(1,11) : egress
--------- ---------- ---- ------ - ------ -- ------ ---------------- ---------------- ---------------- ---------------- --- -E----B --^--- - egress_reset_invalidated_checksum_fields_1(1,11) : egress
--------- ---------- ---- ------ - ------ -- ------ ---------------- ---------------- ---------------- ---------------- --- -E----B ---^-- - egress_reset_invalidated_checksum_fields_0(1,11) : egress
--------- ---------- ---- ------ - ------ -- ------ ---------------- ---------------- ---------------- ---------------- --- -E-EB-B ----^- - tbl_defense4_rrc_stagerecovery_probe3200(1,11) : egress
--------- ---------- ---- ------ - ------ -- ------ ---------------- ---------------- ---------------- ---------------- --- -H-HB-B -----^ - egresshdr.ipv4.hdr_checksum_encode_update_condition_2(1,11) : egress
#stage 2
--------- ---------- ---- ------ - ------ -- ------ ---------------- ---------------- ---------------- ---------------- --- -H-HB-B ------ ^ egresshdr.tcp.checksum_encode_update_condition_3(1,11) : egress
#dependencies
A :  CONTROL_DEFAULT_NEXT_TABLE
B :  ANTI_NEXT_TABLE_DATA
C :  CONTROL_COND_FALSE
D :  CONTROL_COND_TRUE
E :  ACTION_READ
F :  IXBAR_READ ANTI_NEXT_TABLE_DATA
G :  IXBAR_READ ACTION_READ ANTI_NEXT_TABLE_DATA
H :  IXBAR_READ
I :  ACTION_READ ANTI_NEXT_TABLE_DATA
J :  CONTROL_DEFAULT_NEXT_TABLE IXBAR_READ
K :  OUTPUT
L :  IXBAR_READ OUTPUT
M :  OUTPUT ANTI_NEXT_TABLE_DATA
N :  IXBAR_READ ACTION_READ
O :  IXBAR_READ OUTPUT ANTI_NEXT_TABLE_DATA
P :  ACTION_READ OUTPUT ANTI_NEXT_TABLE_DATA
Q :  IXBAR_READ ACTION_READ OUTPUT ANTI_NEXT_TABLE_DATA
R :  IXBAR_READ ANTI_TABLE_READ ANTI_ACTION_READ
S :  ACTION_READ ANTI_TABLE_READ ANTI_ACTION_READ
T :  ACTION_READ ANTI_TABLE_READ ANTI_ACTION_READ ANTI_NEXT_TABLE_DATA
U :  IXBAR_READ ANTI_ACTION_READ ANTI_NEXT_TABLE_DATA
V :  IXBAR_READ ANTI_ACTION_READ
W :  ANTI_ACTION_READ

*** Table dependency chains (of minimum length 8) ***

1. tbl_build_exp_ack_0(0) -> tbl_session_0(0) -> tbl_defense4_rrc_stagerecovery_probe2451(1) -> tbl_defense4_rrc_stagerecovery_probe2518(2) -> tbl_resp_authorise_0(3) -> tbl_defense4_rrc_stagerecovery_probe2537(4) -> tbl_state_decode_0(5) -> tbl_defense4_rrc_stagerecovery_probe2593(6) -> tbl_tresp_expiry_0(7) -> tbl_defense4_rrc_stagerecovery_probe2881(8) -> tbl_defense4_rrc_stagerecovery_probe2997(9) (ingress)

2. tbl_session_0(0) -> tbl_defense4_rrc_stagerecovery_probe2451(1) -> tbl_defense4_rrc_stagerecovery_probe2518(2) -> tbl_resp_authorise_0(3) -> tbl_defense4_rrc_stagerecovery_probe2537(4) -> tbl_state_decode_0(5) -> tbl_defense4_rrc_stagerecovery_probe2593(6) -> tbl_tresp_expiry_0(7) -> tbl_defense4_rrc_stagerecovery_probe2881(8) -> tbl_defense4_rrc_stagerecovery_probe2997(9) (ingress)

3. tbl_session_0(0) -> tbl_defense4_rrc_stagerecovery_probe2454(1) -> tbl_defense4_rrc_stagerecovery_probe2518(2) -> tbl_resp_authorise_0(3) -> tbl_defense4_rrc_stagerecovery_probe2537(4) -> tbl_state_decode_0(5) -> tbl_defense4_rrc_stagerecovery_probe2593(6) -> tbl_tresp_expiry_0(7) -> tbl_defense4_rrc_stagerecovery_probe2881(8) -> tbl_defense4_rrc_stagerecovery_probe2997(9) (ingress)

4. tbl_session_0(0) -> tbl_defense4_rrc_stagerecovery_probe2457(1) -> tbl_defense4_rrc_stagerecovery_probe2518(2) -> tbl_resp_authorise_0(3) -> tbl_defense4_rrc_stagerecovery_probe2537(4) -> tbl_state_decode_0(5) -> tbl_defense4_rrc_stagerecovery_probe2593(6) -> tbl_tresp_expiry_0(7) -> tbl_defense4_rrc_stagerecovery_probe2881(8) -> tbl_defense4_rrc_stagerecovery_probe2997(9) (ingress)
#pipeline pipe
#stage 0
^-------- ---------- -------- --- ------ -- ------ ---------------- ---------------- ---------------- ---------------- --- ------- ------ - tbl_build_exp_ack_0(0,2) : ingress
A^------- ---------- -------- --- ------ -- ------ ---------------- ---------------- ---------------- ---------------- --- ------- ------ - tbl_session_0(0,2) : ingress
A-^------ ---------- -------- --- ------ -- ------ ---------------- ---------------- ---------------- ---------------- --- ------- ------ - tbl_params_0(0,3) : ingress
AB-^----- ---------- -------- --- ------ -- ------ ---------------- ---------------- ---------------- ---------------- --- ------- ------ - cond-78(0,3) : ingress
---C^---- ---------- -------- --- ------ -- ------ ---------------- ---------------- ---------------- ---------------- --- ------- ------ - tbl_defense4_rrc_stagerecovery_probe2463(0,3) : ingress
----C^--- ---------- -------- --- ------ -- ------ ---------------- ---------------- ---------------- ---------------- --- ------- ------ - tbl_defense4_rrc_stagerecovery_probe2469(0,3) : ingress
-----C^-- ---------- -------- --- ------ -- ------ ---------------- ---------------- ---------------- ---------------- --- ------- ------ - tbl_defense4_rrc_stagerecovery_probe2480(0,3) : ingress
---D---^- ---------- -------- --- ------ -- ------ ---------------- ---------------- ---------------- ---------------- --- ------- ------ - tbl_defense4_rrc_stagerecovery_probe2449(0,3) : ingress
D-------^ ---------- -------- --- ------ -- ------ ---------------- ---------------- ---------------- ---------------- --- ------- ------ - tbl_defense4_rrc_stagerecovery_probe2394(0,11) : ingress
#stage 1
-E-----C- ^--------- -------- --- ------ -- ------ ---------------- ---------------- ---------------- ---------------- --- ------- ------ - tbl_defense4_rrc_stagerecovery_probe2451(1,3) : ingress
-E------- C^-------- -------- --- ------ -- ------ ---------------- ---------------- ---------------- ---------------- --- ------- ------ - tbl_defense4_rrc_stagerecovery_probe2454(1,3) : ingress
-E------- -C^------- -------- --- ------ -- ------ ---------------- ---------------- ---------------- ---------------- --- ------- ------ - tbl_defense4_rrc_stagerecovery_probe2457(1,3) : ingress
AF------- ---^------ -------- --- ------ -- ------ ---------------- ---------------- ---------------- ---------------- --- ------- ------ - tbl_defense4_rrc_stagerecovery_probe2516(1,4) : ingress
A-------- ----^----- -------- --- ------ -- ------ ---------------- ---------------- ---------------- ---------------- --- ------- ------ - tbl_defense4_rrc_stagerecovery_probe2398(0,4) : ingress
AG------- -----^---- -------- --- ------ -- ------ ---------------- ---------------- ---------------- ---------------- --- ------- ------ - tbl_defense4_rrc_stagerecovery_probe2514(1,4) : ingress
-H------- -----C^--- -------- --- ------ -- ------ ---------------- ---------------- ---------------- ---------------- --- ------- ------ - tbl_defense4_rrc_stagerecovery_probe2515(1,4) : ingress
A-------- -------^-- -------- --- ------ -- ------ ---------------- ---------------- ---------------- ---------------- --- ------- ------ - tbl_defense4_rrc_stagerecovery_probe2404(0,4) : ingress
A-I------ --------^- -------- --- ------ -- ------ ---------------- ---------------- ---------------- ---------------- --- ------- ------ - tbl_build_do_shape_0(1,10) : ingress
A-------- ---------^ -------- --- ------ -- ------ ---------------- ---------------- ---------------- ---------------- --- ------- ------ - tbl_defense4_rrc_stagerecovery_probe2407(0,9) : ingress
#stage 2
J---EEB-- EEI------- ^------- --- ------ -- ------ ---------------- ---------------- ---------------- ---------------- --- ------- ------ - tbl_defense4_rrc_stagerecovery_probe2518(2,4) : ingress
H-------- ---------- C^------ --- ------ -- ------ ---------------- ---------------- ---------------- ---------------- --- ------- ------ - tbl_defense4_rrc_stagerecovery_probe2520(2,4) : ingress
A-B-EEB-- EEI----B-- --^----- --- ------ -- ------ ---------------- ---------------- ---------------- ---------------- --- ------- ------ - cond-86(2,4) : ingress
--E--KKK- ---------- --D^---- --- ------ -- ------ ---------------- ---------------- ---------------- ---------------- --- ------- ------ - tbl_defense4_rrc_stagerecovery_probe2493(2,4) : ingress
-----KKK- ---------- ---C^--- --- ------ -- ------ ---------------- ---------------- ---------------- ---------------- --- ------- ------ - tbl_defense4_rrc_stagerecovery_probe2495(2,4) : ingress
----EE--- EEE----E-- --C--^-- --- ------ -- ------ ---------------- ---------------- ---------------- ---------------- --- ------- ------ - tbl_defense4_rrc_stagerecovery_probe2498(2,11) : ingress
A-------- ----I----- ------^- --- ------ -- ------ ---------------- ---------------- ---------------- ---------------- --- ------- ------ - tbl_build_now_0(1,5) : ingress
A-------- ----F----- -------^ --- ------ -- ------ ---------------- ---------------- ---------------- ---------------- --- ------- ------ - tbl_defense4_rrc_stagerecovery_probe2998(1,11) : ingress
#stage 3
A---HLMK- HHFF-HF--- HF-KM--- ^-- ------ -- ------ ---------------- ---------------- ---------------- ---------------- --- ------- ------ - tbl_resp_authorise_0(3,5) : ingress
A-I------ ---------- ------I- -^- ------ -- ------ ---------------- ---------------- ---------------- ---------------- --- ------- ------ - tbl_build_cand_0(2,6) : ingress
A-I------ ---------- ------I- --^ ------ -- ------ ---------------- ---------------- ---------------- ---------------- --- ------- ------ - tbl_build_cand_resp_0(2,6) : ingress
#stage 4
A-I-ENFH- EEI------- ---HF--- O-- ^----- -- ------ ---------------- ---------------- ---------------- ---------------- --- ------- ------ - tbl_defense4_rrc_stagerecovery_probe2537(4,6) : ingress
----ENHH- EEE------- ---HH--- L-- C^---- -- ------ ---------------- ---------------- ---------------- ---------------- --- ------- ------ - tbl_defense4_rrc_stagerecovery_probe2541(4,6) : ingress
----ENHH- EEE------- ---HH--- L-- -C^--- -- ------ ---------------- ---------------- ---------------- ---------------- --- ------- ------ - tbl_defense4_rrc_stagerecovery_probe2547(4,6) : ingress
----ENHH- EEE------- ---HH--- L-- --C^-- -- ------ ---------------- ---------------- ---------------- ---------------- --- ------- ------ - tbl_defense4_rrc_stagerecovery_probe2563(4,6) : ingress
--E--HHH- ---------- ---HH--- L-- ---D^- -- ------ ---------------- ---------------- ---------------- ---------------- --- ------- ------ - tbl_defense4_rrc_stagerecovery_probe2558(4,6) : ingress
-----HHH- ---------- ---HH--- L-- ----C^ -- ------ ---------------- ---------------- ---------------- ---------------- --- ------- ------ - tbl_defense4_rrc_stagerecovery_probe2560(4,6) : ingress
#stage 5
A---HLMK- HHFF-HF--- HF-KM--- PIQ RRSRST ^- ------ ---------------- ---------------- ---------------- ---------------- --- ------- ------ - tbl_state_decode_0(5,7) : ingress
A-------- ---------- -------- F-- --H-HF -^ ------ ---------------- ---------------- ---------------- ---------------- --- ------- ------ - tbl_txn_active_0(5,7) : ingress
#stage 6
A-------- ---------- ------F- --G ------ GM ^----- ---------------- ---------------- ---------------- ---------------- --- ------- ------ - tbl_defense4_rrc_stagerecovery_probe2593(6,8) : ingress
--------- ---------- ------H- --H ------ H- D^---- ---------------- ---------------- ---------------- ---------------- --- ------- ------ - tbl_defense4_rrc_stagerecovery_probe2591(6,9) : ingress
A-------- ---------- ------F- --G ------ GM --^--- ---------------- ---------------- ---------------- ---------------- --- ------- ------ - tbl_defense4_rrc_stagerecovery_probe2584(6,8) : ingress
--------- ---------- ------H- --H ------ HK --D^-- ---------------- ---------------- ---------------- ---------------- --- ------- ------ - tbl_defense4_rrc_stagerecovery_probe2582(6,9) : ingress
A---ENFH- EEI------- ---HF--- O-- KKHKHF U- ----^- ---------------- ---------------- ---------------- ---------------- --- ------- ------ - tbl_defense4_rrc_stagerecovery_probe2603(6,10) : ingress
----ENHH- EEE------- ---HH--- L-- KKHKHH V- ----C^ ---------------- ---------------- ---------------- ---------------- --- ------- ------ - tbl_defense4_rrc_stagerecovery_probe2609(6,10) : ingress
#stage 7
A-------- ---------- -------- M-- ------ -I EB---- ^--------------- ---------------- ---------------- ---------------- --- ------- ------ - tbl_tresp_expiry_0(7,9) : ingress
A-------- ---------- -------- M-- ------ -I --EB-- -^-------------- ---------------- ---------------- ---------------- --- ------- ------ - tbl_deadline_expiry_0(7,9) : ingress
A-B---B-- --B----BBB -------- B-B -----B BB ---B-B BB^------------- ---------------- ---------------- ---------------- --- ------- ------ - cond-100(7,10) : ingress
--------- ---------E -------- --- ------ -- ------ --C^------------ ---------------- ---------------- ---------------- --- ------- ------ - cond-121(7,10) : ingress
--------- ---------- -------- --- ------ -- ------ ---C^----------- ---------------- ---------------- ---------------- --- ------- ------ - cond-125(7,10) : ingress
--------- ---------- -------- --E ------ E- ------ ----D^---------- ---------------- ---------------- ---------------- --- ------- ------ - tbl_defense4_rrc_stagerecovery_probe2904(7,10) : ingress
--E------ ---------- -------- --- ------ -- ------ -----C^--------- ---------------- ---------------- ---------------- --- ------- ------ - cond-127(7,10) : ingress
--------- ---------- -------- --E ------ E- ------ ------D^-------- ---------------- ---------------- ---------------- --- ------- ------ - tbl_defense4_rrc_stagerecovery_probe2910(7,10) : ingress
--------- -------E-- -------- --- ------ -- ------ -------C^------- ---------------- ---------------- ---------------- --- ------- ------ - tbl_defense4_rrc_stagerecovery_probe2914(7,10) : ingress
--------- ---------- -------- --E ------ E- ------ ---D-----^------ ---------------- ---------------- ---------------- --- ------- ------ - tbl_defense4_rrc_stagerecovery_probe2872(7,10) : ingress
--------- ---------- -------- --- ------ -- ------ --D-------^----- ---------------- ---------------- ---------------- --- ------- ------ - tbl_defense4_rrc_stagerecovery_probe2624(7,10) : ingress
--------- ---------- -------- --- ------ -- ------ ----------C^---- ---------------- ---------------- ---------------- --- ------- ------ - cond-102(7,10) : ingress
--------- ---------- -------- --- ------ -- ------ -----------D^--- ---------------- ---------------- ---------------- --- ------- ------ - tbl_defense4_rrc_stagerecovery_probe2691(7,10) : ingress
--------- ---------- -------- --- ------ -E ------ ------------D^-- ---------------- ---------------- ---------------- --- ------- ------ - tbl_defense4_rrc_stagerecovery_probe2639(7,10) : ingress
--------- ---------- -------- --- ------ -E ------ -------------C^- ---------------- ---------------- ---------------- --- ------- ------ - tbl_to_block(7,10) : ingress
--------- ---------- -------- --- ------ -E ------ --------------C^ ---------------- ---------------- ---------------- --- ------- ------ - tbl_to_resp_block(7,10) : ingress
#stage 8
--------- ---------- -------- --- ------ -- ------ K--------------A ^--------------- ---------------- ---------------- --- ------- ------ - tbl_defense4_rrc_stagerecovery_probe2657(8,10) : ingress
--------- ---------- -------- --- ------ -- ------ K-------------A- -^-------------- ---------------- ---------------- --- ------- ------ - tbl_defense4_rrc_stagerecovery_probe2648(8,10) : ingress
--------- ---------- -------- E-E ------ E- ------ E--------C------ --^------------- ---------------- ---------------- --- ------- ------ - tbl_defense4_rrc_stagerecovery_probe2881(8,10) : ingress
--------- ---------- -------- E-- ------ -- ------ -E----C--------- ---^------------ ---------------- ---------------- --- ------- ------ - tbl_defense4_rrc_stagerecovery_probe2923(8,10) : ingress
--------- -------E-- -------- --- ------ -- ------ ---------------- ---C^----------- ---------------- ---------------- --- ------- ------ - tbl_defense4_rrc_stagerecovery_probe2927(8,10) : ingress
--------- -------E-- -------- --- ------ -- ------ ---------------- --C--^---------- ---------------- ---------------- --- ------- ------ - tbl_defense4_rrc_stagerecovery_probe2885(8,10) : ingress
----EE--- EEE------- -------- --- ------ -- ------ -----------C---- ------^--------- ---------------- ---------------- --- ------- ------ - cond-107(7,10) : ingress
----EE--- EEE------- -------- --- ------ -- ------ ---------------- ------C^-------- ---------------- ---------------- --- ------- ------ - cond-113(7,10) : ingress
--E------ ---------- -------- --E ------ E- ------ ---------------- -------D^------- ---------------- ---------------- --- ------- ------ - tbl_defense4_rrc_stagerecovery_probe2797(7,10) : ingress
--------- ---------- -------- --E ------ E- ------ ---------------- --------C^------ ---------------- ---------------- --- ------- ------ - tbl_to_hold(7,10) : ingress
--------- ---------- -------- --- ------ -E ---E-- K--------------- ---------A^----- ---------------- ---------------- --- ------- ------ - tbl_defense4_rrc_stagerecovery_probe2803(8,10) : ingress
--------- ---------- -------- --- ------ -- ------ ---------------- ----------C^---- ---------------- ---------------- --- ------- ------ - tbl_defense4_rrc_stagerecovery_probe2812(8,11) : ingress
--------- ---------- -------- --- ------ -- ------ ---------------- ---------C--^--- ---------------- ---------------- --- ------- ------ - tbl_defense4_rrc_stagerecovery_probe2819(7,11) : ingress
--------- ---------- -------- --- ------ -- ------ ---------------- -----C-------^-- ---------------- ---------------- --- ------- ------ - tbl_defense4_rrc_stagerecovery_probe2891(8,11) : ingress
--------- ---------- -------- --- ------ -- ------ ---------------- -----C--------^- ---------------- ---------------- --- ------- ------ - tbl_to_resp_block_0(8,11) : ingress
--------- -------W-- -------- --- ------ -- ------ ---------------- -----C---------^ ---------------- ---------------- --- ------- ------ - tbl_defense4_rrc_stagerecovery_probe2889(8,11) : ingress
#stage 9
--------- ---------- -------- --- ------ -- ------ ---------------- ----C----------- ^--------------- ---------------- --- ------- ------ - tbl_defense4_rrc_stagerecovery_probe2934(8,11) : ingress
--------- ---------- -------- --- ------ -- ------ ---------------- ----C----------- -^-------------- ---------------- --- ------- ------ - tbl_to_block_1(8,11) : ingress
--------- -------W-- -------- --- ------ -- ------ ---------------- ----C----------- --^------------- ---------------- --- ------- ------ - tbl_defense4_rrc_stagerecovery_probe2932(8,11) : ingress
--------- ---------- -------- --- ------ -- ------ ---------------C ---------------- ---^------------ ---------------- --- ------- ------ - tbl_defense4_rrc_stagerecovery_probe2660(7,11) : ingress
--E------ -------W-W -------- E-- --E-EE -- ------ ---------------A ---------------- ----^----------- ---------------- --- ------- ------ - tbl_defense4_rrc_stagerecovery_probe2652(7,11) : ingress
--E------ -------W-W -------- E-- --E-EE -- ------ --------------A- ---------------- -----^---------- ---------------- --- ------- ------ - tbl_defense4_rrc_stagerecovery_probe2643(7,11) : ingress
--------- ---------- -------- --- ------ -- ------ --------C------- ---------------- ------^--------- ---------------- --- ------- ------ - tbl_defense4_rrc_stagerecovery_probe2920(7,11) : ingress
--------- ---------- -------- --- ------ -- ------ --------C------- ---------------- -------^-------- ---------------- --- ------- ------ - tbl_to_block_0(7,11) : ingress
--------- -------W-- -------- --- ------ -- ------ --------C------- ---------------- --------^------- ---------------- --- ------- ------ - tbl_defense4_rrc_stagerecovery_probe2918(7,11) : ingress
----EE--- EEE------- -------- --- ------ -- ------ ---------------- -------C-------- ---------^------ ---------------- --- ------- ------ - tbl_defense4_rrc_stagerecovery_probe2827(7,11) : ingress
--------- ---------- -------- --- ------ -- ------ ---------------- ---------------- ---------C^----- ---------------- --- ------- ------ - tbl_defense4_rrc_stagerecovery_probe2850(7,11) : ingress
--------- ---------- -------- --- ------ -- ------ ---------------- ---------------- ----------C^---- ---------------- --- ------- ------ - tbl_defense4_rrc_stagerecovery_probe2854(7,11) : ingress
--E------ ---------- -------- --E ------ E- ------ ---------------- ---------------- ---------A--^--- ---------------- --- ------- ------ - tbl_defense4_rrc_stagerecovery_probe2833(7,11) : ingress
--------- ---------- -------- --- ------ -- ------ ---------------- ---------------- ------------A^-- ---------------- --- ------- ------ - tbl_arm_clone(7,11) : ingress
--------- ---------- -------- --E ------ E- ------ ---------------- ---------------- ------------C-^- ---------------- --- ------- ------ - tbl_defense4_rrc_stagerecovery_probe2835(7,11) : ingress
--------- ---------- -------- --- ------ -- ------ ---------------- ---------------- --------------C^ ---------------- --- ------- ------ - tbl_defense4_rrc_stagerecovery_probe2843(7,11) : ingress
#stage 10
--E------ ---------- -------- --E ------ EE ------ ---------------- ------D--------- ---------------- ^--------------- --- ------- ------ - tbl_defense4_rrc_stagerecovery_probe2728(7,11) : ingress
--------- ---------- -------- --E ------ EE ------ ---------------- ---------------- ---------------- C^-------------- --- ------- ------ - tbl_to_resp_hold(7,11) : ingress
--------- ---------- -------- --E ------ EE ------ ---------------- ---------------- ---------------- -C^------------- --- ------- ------ - tbl_defense4_rrc_stagerecovery_probe2778(7,11) : ingress
--------- ---------- -------- --- ------ -- ------ ---------------- ---------------- ---------------- --C^------------ --- ------- ------ - tbl_defense4_rrc_stagerecovery_probe2789(7,11) : ingress
--------- --------E- -------- --- ------ -- ------ ---------------- ---------------- ---------------- --C-^----------- --- ------- ------ - tbl_defense4_rrc_stagerecovery_probe2788(7,11) : ingress
--------- ---------- -------- --- ------ -- ------ ---------------- ---------------- ---------------- ----C^---------- --- ------- ------ - tbl_defense4_rrc_stagerecovery_probe2788_0(7,11) : ingress
--------- ---------- -------- E-- EE-E-- -- ----EE ---------------- ---------------- ---------------- -A----^--------- --- ------- ------ - tbl_defense4_rrc_stagerecovery_probe2743(7,11) : ingress
--------- ---------- -------- --- ------ -- ------ ---------------- ---------------- ---------------- ------C^-------- --- ------- ------ - tbl_defense4_rrc_stagerecovery_probe2744(7,11) : ingress
--------- ---------- -------- --- ------ -- ------ ----C----------- ---------------- ---------------- --------^------- --- ------- ------ - tbl_defense4_rrc_stagerecovery_probe2952(7,11) : ingress
--------- ---------- -------- --- ------ -- ------ ---------------- ---------------- ---------------- --------C^------ --- ------- ------ - tbl_defense4_rrc_stagerecovery_probe2986(7,11) : ingress
--------- ---------- -------- E-- ------ -- ------ E--------------- ---------------- ---------------- ---------D^----- --- ------- ------ - tbl_defense4_rrc_stagerecovery_probe2982(8,11) : ingress
--------- ---------- -------- --- ------ -- ------ ---------------- ---------------- ---------------- ----------C^---- --- ------- ------ - tbl_defense4_rrc_stagerecovery_probe2983(8,11) : ingress
--------- --------E- -------- --- ------ -- ------ ---------------- ---------------- ---------------- ---------D--^--- --- ------- ------ - tbl_defense4_rrc_stagerecovery_probe2979(7,11) : ingress
--------- ---------- -------- --- ------ -- ------ ---------------- ---------------- ---------------- ------------C^-- --- ------- ------ - tbl_defense4_rrc_stagerecovery_probe2979_0(7,11) : ingress
--E------ ---------- -------- --- ------ -E ------ ---------------- ---------------- ---------------- --------A-----^- --- ------- ------ - tbl_defense4_rrc_stagerecovery_probe2962(7,11) : ingress
--------- ---------- -------- --- ------ -- ------ ---------------- ---------------- ---------------- --------------C^ --- ------- ------ - tbl_defense4_rrc_stagerecovery_probe2964(7,11) : ingress
#stage 11
A-------- ----F----- -------- --- ------ -- ------ -----E-EEE------ --EEEE-------BBB BBB---BBB------- ---------------- ^-- ------- ------ - tbl_defense4_rrc_stagerecovery_probe2997(9,11) : ingress
A-------- ----F----- -------- --- ------ -- ------ I--------------- ----------EB---- ---------------- ---------------- -^- ------- ------ - tbl_defense4_rrc_stagerecovery_probe2996(9,11) : ingress
A-------- ----F----- -------- --- ------ -- ------ I--------------- II-------------- ---------------- ---------------- --^ ------- ------ - tbl_defense4_rrc_stagerecovery_probe2995(9,11) : ingress
#stage 0
--------- ---------- -------- --- ------ -- ------ ---------------- ---------------- ---------------- ---------------- --- ^------ ------ - cond-141(0,10) : egress
--------- ---------- -------- --- ------ -- ------ ---------------- ---------------- ---------------- ---------------- --- D^----- ------ - tbl_defense4_rrc_stagerecovery_probe3175(0,10) : egress
--------- ---------- -------- --- ------ -- ------ ---------------- ---------------- ---------------- ---------------- --- C-^---- ------ - cond-143(0,10) : egress
--------- ---------- -------- --- ------ -- ------ ---------------- ---------------- ---------------- ---------------- --- --D^--- ------ - tbl_defense4_rrc_stagerecovery_probe3186(0,10) : egress
--------- ---------- -------- --- ------ -- ------ ---------------- ---------------- ---------------- ---------------- --- ---C^-- ------ - tbl_defense4_rrc_stagerecovery_probe3192(0,11) : egress
--------- ---------- -------- --- ------ -- ------ ---------------- ---------------- ---------------- ---------------- --- --C--^- ------ - tbl_defense4_rrc_stagerecovery_probe3195(0,11) : egress
--------- ---------- -------- --- ------ -- ------ ---------------- ---------------- ---------------- ---------------- --- -C----^ ------ - tbl_defense4_rrc_stagerecovery_probe3181(0,11) : egress
#stage 1
--------- ---------- -------- --- ------ -- ------ ---------------- ---------------- ---------------- ---------------- --- ---EB-- ^----- - egress_reset_invalidated_checksum_fields_3(1,11) : egress
--------- ---------- -------- --- ------ -- ------ ---------------- ---------------- ---------------- ---------------- --- ---EB-- -^---- - egress_reset_invalidated_checksum_fields_2(1,11) : egress
--------- ---------- -------- --- ------ -- ------ ---------------- ---------------- ---------------- ---------------- --- -E----B --^--- - egress_reset_invalidated_checksum_fields_1(1,11) : egress
--------- ---------- -------- --- ------ -- ------ ---------------- ---------------- ---------------- ---------------- --- -E----B ---^-- - egress_reset_invalidated_checksum_fields_0(1,11) : egress
--------- ---------- -------- --- ------ -- ------ ---------------- ---------------- ---------------- ---------------- --- -E-EB-B ----^- - tbl_defense4_rrc_stagerecovery_probe3200(1,11) : egress
--------- ---------- -------- --- ------ -- ------ ---------------- ---------------- ---------------- ---------------- --- -H-HB-B -----^ - egresshdr.ipv4.hdr_checksum_encode_update_condition_2(1,11) : egress
#stage 2
--------- ---------- -------- --- ------ -- ------ ---------------- ---------------- ---------------- ---------------- --- -H-HB-B ------ ^ egresshdr.tcp.checksum_encode_update_condition_3(1,11) : egress
#dependencies
A :  CONTROL_DEFAULT_NEXT_TABLE
B :  ANTI_NEXT_TABLE_DATA
C :  CONTROL_COND_FALSE
D :  CONTROL_COND_TRUE
E :  ACTION_READ
F :  IXBAR_READ ANTI_NEXT_TABLE_DATA
G :  IXBAR_READ ACTION_READ ANTI_NEXT_TABLE_DATA
H :  IXBAR_READ
I :  ACTION_READ ANTI_NEXT_TABLE_DATA
J :  CONTROL_DEFAULT_NEXT_TABLE IXBAR_READ
K :  OUTPUT
L :  IXBAR_READ OUTPUT
M :  OUTPUT ANTI_NEXT_TABLE_DATA
N :  IXBAR_READ ACTION_READ
O :  IXBAR_READ OUTPUT ANTI_NEXT_TABLE_DATA
P :  IXBAR_READ ACTION_READ OUTPUT ANTI_NEXT_TABLE_DATA
Q :  ACTION_READ OUTPUT ANTI_NEXT_TABLE_DATA
R :  IXBAR_READ ANTI_TABLE_READ ANTI_ACTION_READ
S :  ACTION_READ ANTI_TABLE_READ ANTI_ACTION_READ
T :  ACTION_READ ANTI_TABLE_READ ANTI_ACTION_READ ANTI_NEXT_TABLE_DATA
U :  IXBAR_READ ANTI_ACTION_READ ANTI_NEXT_TABLE_DATA
V :  IXBAR_READ ANTI_ACTION_READ
W :  ANTI_ACTION_READ

*** Table dependency chains (of minimum length 8) ***

1. tbl_build_exp_ack_0(0) -> tbl_session_0(0) -> tbl_defense4_rrc_stagerecovery_probe2451(1) -> tbl_defense4_rrc_stagerecovery_probe2518(2) -> tbl_resp_authorise_0(3) -> tbl_defense4_rrc_stagerecovery_probe2537(4) -> tbl_state_decode_0(5) -> tbl_defense4_rrc_stagerecovery_probe2593(6) -> tbl_tresp_expiry_0(7) -> tbl_defense4_rrc_stagerecovery_probe2881(8) -> tbl_defense4_rrc_stagerecovery_probe2997(9) (ingress)

2. tbl_session_0(0) -> tbl_defense4_rrc_stagerecovery_probe2451(1) -> tbl_defense4_rrc_stagerecovery_probe2518(2) -> tbl_resp_authorise_0(3) -> tbl_defense4_rrc_stagerecovery_probe2537(4) -> tbl_state_decode_0(5) -> tbl_defense4_rrc_stagerecovery_probe2593(6) -> tbl_tresp_expiry_0(7) -> tbl_defense4_rrc_stagerecovery_probe2881(8) -> tbl_defense4_rrc_stagerecovery_probe2997(9) (ingress)

3. tbl_session_0(0) -> tbl_defense4_rrc_stagerecovery_probe2454(1) -> tbl_defense4_rrc_stagerecovery_probe2518(2) -> tbl_resp_authorise_0(3) -> tbl_defense4_rrc_stagerecovery_probe2537(4) -> tbl_state_decode_0(5) -> tbl_defense4_rrc_stagerecovery_probe2593(6) -> tbl_tresp_expiry_0(7) -> tbl_defense4_rrc_stagerecovery_probe2881(8) -> tbl_defense4_rrc_stagerecovery_probe2997(9) (ingress)

4. tbl_session_0(0) -> tbl_defense4_rrc_stagerecovery_probe2457(1) -> tbl_defense4_rrc_stagerecovery_probe2518(2) -> tbl_resp_authorise_0(3) -> tbl_defense4_rrc_stagerecovery_probe2537(4) -> tbl_state_decode_0(5) -> tbl_defense4_rrc_stagerecovery_probe2593(6) -> tbl_tresp_expiry_0(7) -> tbl_defense4_rrc_stagerecovery_probe2881(8) -> tbl_defense4_rrc_stagerecovery_probe2997(9) (ingress)
#pipeline pipe
#stage 0
^-------- ---------- -------- --- ------ -- ------ ---------------- ---------------- ---------------- ---------------- --- ------- ------ - tbl_build_exp_ack_0(0,2) : ingress
A^------- ---------- -------- --- ------ -- ------ ---------------- ---------------- ---------------- ---------------- --- ------- ------ - tbl_session_0(0,2) : ingress
A-^------ ---------- -------- --- ------ -- ------ ---------------- ---------------- ---------------- ---------------- --- ------- ------ - tbl_params_0(0,3) : ingress
AB-^----- ---------- -------- --- ------ -- ------ ---------------- ---------------- ---------------- ---------------- --- ------- ------ - cond-78(0,3) : ingress
---C^---- ---------- -------- --- ------ -- ------ ---------------- ---------------- ---------------- ---------------- --- ------- ------ - tbl_defense4_rrc_stagerecovery_probe2463(0,3) : ingress
----C^--- ---------- -------- --- ------ -- ------ ---------------- ---------------- ---------------- ---------------- --- ------- ------ - tbl_defense4_rrc_stagerecovery_probe2469(0,3) : ingress
-----C^-- ---------- -------- --- ------ -- ------ ---------------- ---------------- ---------------- ---------------- --- ------- ------ - tbl_defense4_rrc_stagerecovery_probe2480(0,3) : ingress
---D---^- ---------- -------- --- ------ -- ------ ---------------- ---------------- ---------------- ---------------- --- ------- ------ - tbl_defense4_rrc_stagerecovery_probe2449(0,3) : ingress
D-------^ ---------- -------- --- ------ -- ------ ---------------- ---------------- ---------------- ---------------- --- ------- ------ - tbl_defense4_rrc_stagerecovery_probe2394(0,11) : ingress
#stage 1
-E-----C- ^--------- -------- --- ------ -- ------ ---------------- ---------------- ---------------- ---------------- --- ------- ------ - tbl_defense4_rrc_stagerecovery_probe2451(1,3) : ingress
-E------- C^-------- -------- --- ------ -- ------ ---------------- ---------------- ---------------- ---------------- --- ------- ------ - tbl_defense4_rrc_stagerecovery_probe2454(1,3) : ingress
-E------- -C^------- -------- --- ------ -- ------ ---------------- ---------------- ---------------- ---------------- --- ------- ------ - tbl_defense4_rrc_stagerecovery_probe2457(1,3) : ingress
A-------- ---^------ -------- --- ------ -- ------ ---------------- ---------------- ---------------- ---------------- --- ------- ------ - tbl_defense4_rrc_stagerecovery_probe2398(0,4) : ingress
A-F------ ----^----- -------- --- ------ -- ------ ---------------- ---------------- ---------------- ---------------- --- ------- ------ - tbl_build_do_shape_0(1,10) : ingress
AG------- -----^---- -------- --- ------ -- ------ ---------------- ---------------- ---------------- ---------------- --- ------- ------ - tbl_defense4_rrc_stagerecovery_probe2516(1,4) : ingress
AH------- ------^--- -------- --- ------ -- ------ ---------------- ---------------- ---------------- ---------------- --- ------- ------ - tbl_defense4_rrc_stagerecovery_probe2514(1,4) : ingress
-I------- ------C^-- -------- --- ------ -- ------ ---------------- ---------------- ---------------- ---------------- --- ------- ------ - tbl_defense4_rrc_stagerecovery_probe2515(1,4) : ingress
A-------- --------^- -------- --- ------ -- ------ ---------------- ---------------- ---------------- ---------------- --- ------- ------ - tbl_defense4_rrc_stagerecovery_probe2404(0,4) : ingress
A-------- ---------^ -------- --- ------ -- ------ ---------------- ---------------- ---------------- ---------------- --- ------- ------ - tbl_defense4_rrc_stagerecovery_probe2407(0,9) : ingress
#stage 2
J---EEB-- EEF------- ^------- --- ------ -- ------ ---------------- ---------------- ---------------- ---------------- --- ------- ------ - tbl_defense4_rrc_stagerecovery_probe2518(2,4) : ingress
I-------- ---------- C^------ --- ------ -- ------ ---------------- ---------------- ---------------- ---------------- --- ------- ------ - tbl_defense4_rrc_stagerecovery_probe2520(2,4) : ingress
A-B-EEB-- EEF-----B- --^----- --- ------ -- ------ ---------------- ---------------- ---------------- ---------------- --- ------- ------ - cond-86(2,4) : ingress
--E--KKK- ---------- --D^---- --- ------ -- ------ ---------------- ---------------- ---------------- ---------------- --- ------- ------ - tbl_defense4_rrc_stagerecovery_probe2493(2,4) : ingress
-----KKK- ---------- ---C^--- --- ------ -- ------ ---------------- ---------------- ---------------- ---------------- --- ------- ------ - tbl_defense4_rrc_stagerecovery_probe2495(2,4) : ingress
----EE--- EEE-----E- --C--^-- --- ------ -- ------ ---------------- ---------------- ---------------- ---------------- --- ------- ------ - tbl_defense4_rrc_stagerecovery_probe2498(2,11) : ingress
A-------- ---F------ ------^- --- ------ -- ------ ---------------- ---------------- ---------------- ---------------- --- ------- ------ - tbl_build_now_0(1,5) : ingress
A-------- ---G------ -------^ --- ------ -- ------ ---------------- ---------------- ---------------- ---------------- --- ------- ------ - tbl_defense4_rrc_stagerecovery_probe2998(1,11) : ingress
#stage 3
A---ILMK- IIG--GIG-- IG-KM--- ^-- ------ -- ------ ---------------- ---------------- ---------------- ---------------- --- ------- ------ - tbl_resp_authorise_0(3,5) : ingress
A-F------ ---------- ------F- -^- ------ -- ------ ---------------- ---------------- ---------------- ---------------- --- ------- ------ - tbl_build_cand_0(2,6) : ingress
A-F------ ---------- ------F- --^ ------ -- ------ ---------------- ---------------- ---------------- ---------------- --- ------- ------ - tbl_build_cand_resp_0(2,6) : ingress
#stage 4
A-F-ENGI- EEF--M---- ---IG--- G-- ^----- -- ------ ---------------- ---------------- ---------------- ---------------- --- ------- ------ - tbl_defense4_rrc_stagerecovery_probe2537(4,6) : ingress
----ENII- EEE--K---- ---II--- I-- C^---- -- ------ ---------------- ---------------- ---------------- ---------------- --- ------- ------ - tbl_defense4_rrc_stagerecovery_probe2541(4,6) : ingress
----ENII- EEE------- ---II--- L-- -C^--- -- ------ ---------------- ---------------- ---------------- ---------------- --- ------- ------ - tbl_defense4_rrc_stagerecovery_probe2547(4,6) : ingress
----ENII- EEE--K---- ---II--- I-- --C^-- -- ------ ---------------- ---------------- ---------------- ---------------- --- ------- ------ - tbl_defense4_rrc_stagerecovery_probe2563(4,6) : ingress
--E--III- ---------- ---II--- L-- ---D^- -- ------ ---------------- ---------------- ---------------- ---------------- --- ------- ------ - tbl_defense4_rrc_stagerecovery_probe2558(4,6) : ingress
-----III- ---------- ---II--- L-- ----C^ -- ------ ---------------- ---------------- ---------------- ---------------- --- ------- ------ - tbl_defense4_rrc_stagerecovery_probe2560(4,6) : ingress
#stage 5
A---ILMK- IIG--GIG-- IG-KM--- OFO PPQPQR ^- ------ ---------------- ---------------- ---------------- ---------------- --- ------- ------ - tbl_state_decode_0(5,7) : ingress
A-------- ---------- -------- G-- --I-IG -^ ------ ---------------- ---------------- ---------------- ---------------- --- ------- ------ - tbl_txn_active_0(5,7) : ingress
#stage 6
A-------- ---------- ------G- --H ------ HB ^----- ---------------- ---------------- ---------------- ---------------- --- ------- ------ - tbl_defense4_rrc_stagerecovery_probe2591(6,8) : ingress
--------- ---------- ------I- --I ------ IK C^---- ---------------- ---------------- ---------------- ---------------- --- ------- ------ - tbl_defense4_rrc_stagerecovery_probe2593(6,8) : ingress
A-------- ---------- ------G- --H ------ HM --^--- ---------------- ---------------- ---------------- ---------------- --- ------- ------ - tbl_defense4_rrc_stagerecovery_probe2584(6,8) : ingress
--------- ---------- ------I- --I ------ IK --D^-- ---------------- ---------------- ---------------- ---------------- --- ------- ------ - tbl_defense4_rrc_stagerecovery_probe2582(6,9) : ingress
A---ENGI- EEF--M---- ---IG--- G-- KKIKIG S- ----^- ---------------- ---------------- ---------------- ---------------- --- ------- ------ - tbl_defense4_rrc_stagerecovery_probe2603(6,10) : ingress
----ENII- EEE--K---- ---II--- I-- KKIKII T- ----C^ ---------------- ---------------- ---------------- ---------------- --- ------- ------ - tbl_defense4_rrc_stagerecovery_probe2609(6,10) : ingress
#stage 7
A-------- ---------- -------- --- ------ -O -F---- ^--------------- ---------------- ---------------- ---------------- --- ------- ------ - tbl_tresp_expiry_0(7,9) : ingress
A-------- ---------- -------- --- ------ -O --EB-- -^-------------- ---------------- ---------------- ---------------- --- ------- ------ - tbl_deadline_expiry_0(7,9) : ingress
A-B---B-- --B-BB--BB -------- B-B -----B BB ---B-B BB^------------- ---------------- ---------------- ---------------- --- ------- ------ - cond-100(7,10) : ingress
--------- ---------- -------- --- ------ -- ------ --D^------------ ---------------- ---------------- ---------------- --- ------- ------ - tbl_defense4_rrc_stagerecovery_probe2624(7,10) : ingress
--------- ---------- -------- --- ------ -- ------ ---C^----------- ---------------- ---------------- ---------------- --- ------- ------ - cond-102(7,10) : ingress
--------- ---------- -------- --- ------ -- ------ ----D^---------- ---------------- ---------------- ---------------- --- ------- ------ - tbl_defense4_rrc_stagerecovery_probe2691(7,10) : ingress
--------- ---------- -------- --- ------ -E ------ -----D^--------- ---------------- ---------------- ---------------- --- ------- ------ - tbl_defense4_rrc_stagerecovery_probe2639(7,10) : ingress
--------- ---------- -------- --- ------ -E ------ ------C^-------- ---------------- ---------------- ---------------- --- ------- ------ - tbl_defense4_rrc_stagerecovery_probe2648(7,10) : ingress
--------- ---------- -------- --- ------ -E ------ -------C^------- ---------------- ---------------- ---------------- --- ------- ------ - tbl_defense4_rrc_stagerecovery_probe2657(7,10) : ingress
----EE--- EEE------- -------- --- ------ -- ------ ----C----^------ ---------------- ---------------- ---------------- --- ------- ------ - cond-107(7,10) : ingress
----EE--- EEE------- -------- --- ------ -- ------ ---------C^----- ---------------- ---------------- ---------------- --- ------- ------ - cond-113(7,10) : ingress
--E------ ---------- -------- --E ------ E- ------ ----------D^---- ---------------- ---------------- ---------------- --- ------- ------ - tbl_defense4_rrc_stagerecovery_probe2797(7,10) : ingress
--------- ---------- -------- --E ------ E- ------ -----------C^--- ---------------- ---------------- ---------------- --- ------- ------ - tbl_to_hold(7,10) : ingress
--------- ---------- -------- --- ------ -E ---E-- ------------A^-- ---------------- ---------------- ---------------- --- ------- ------ - tbl_defense4_rrc_stagerecovery_probe2803(7,10) : ingress
--------- ---------E -------- --- ------ -- ------ --C-----------^- ---------------- ---------------- ---------------- --- ------- ------ - cond-121(7,10) : ingress
--------- ---------- -------- --- ------ -- ------ --------------C^ ---------------- ---------------- ---------------- --- ------- ------ - cond-125(7,10) : ingress
#stage 8
--------- ---------- -------- --E ------ E- ------ ---------------D ^--------------- ---------------- ---------------- --- ------- ------ - tbl_defense4_rrc_stagerecovery_probe2904(7,10) : ingress
--E------ ---------- -------- --- ------ -- ------ ---------------- C^-------------- ---------------- ---------------- --- ------- ------ - cond-127(7,10) : ingress
--------- ---------- -------- --E ------ E- ------ --------------D- --^------------- ---------------- ---------------- --- ------- ------ - tbl_defense4_rrc_stagerecovery_probe2872(7,10) : ingress
--------- ---------- -------- --E ------ EE ------ E--------------- --C^------------ ---------------- ---------------- --- ------- ------ - tbl_defense4_rrc_stagerecovery_probe2881(8,10) : ingress
--------- ---------- -------- --- ------ -E ------ -E-------------- -C--^----------- ---------------- ---------------- --- ------- ------ - tbl_defense4_rrc_stagerecovery_probe2923(8,10) : ingress
--------- ---------- -------- --E ------ E- ------ ---------------- -D---^---------- ---------------- ---------------- --- ------- ------ - tbl_defense4_rrc_stagerecovery_probe2910(7,10) : ingress
--------- --------E- -------- --- ------ -- ------ ---------------- -----C^--------- ---------------- ---------------- --- ------- ------ - tbl_defense4_rrc_stagerecovery_probe2914(7,10) : ingress
--------- --------E- -------- --- ------ -- ------ ---------------- ----C--^-------- ---------------- ---------------- --- ------- ------ - tbl_defense4_rrc_stagerecovery_probe2927(8,10) : ingress
--------- --------E- -------- --- ------ -- ------ ---------------- ---C----^------- ---------------- ---------------- --- ------- ------ - tbl_defense4_rrc_stagerecovery_probe2885(8,10) : ingress
--------- ---------- -------- --- ------ -- ------ ---------------- --------C^------ ---------------- ---------------- --- ------- ------ - tbl_defense4_rrc_stagerecovery_probe2891(8,11) : ingress
--------- ---------- -------- --- ------ -- ------ ---------------- --------C-^----- ---------------- ---------------- --- ------- ------ - tbl_to_resp_block_0(8,11) : ingress
--------- --------U- -------- --- ------ -- ------ ---------------- --------C--^---- ---------------- ---------------- --- ------- ------ - tbl_defense4_rrc_stagerecovery_probe2889(8,11) : ingress
--------- ---------- -------- --- ------ -- ------ ---------------- -------C----^--- ---------------- ---------------- --- ------- ------ - tbl_defense4_rrc_stagerecovery_probe2934(8,11) : ingress
--------- ---------- -------- --- ------ -- ------ ---------------- -------C-----^-- ---------------- ---------------- --- ------- ------ - tbl_to_block_1(8,11) : ingress
--------- --------U- -------- --- ------ -- ------ ---------------- -------C------^- ---------------- ---------------- --- ------- ------ - tbl_defense4_rrc_stagerecovery_probe2932(8,11) : ingress
--------- ---------- -------- --- ------ -- ------ ---------------- ------C--------^ ---------------- ---------------- --- ------- ------ - tbl_defense4_rrc_stagerecovery_probe2920(7,11) : ingress
#stage 9
--------- ---------- -------- --- ------ -- ------ ---------------- ------C--------- ^--------------- ---------------- --- ------- ------ - tbl_to_block_0(7,11) : ingress
--------- --------U- -------- --- ------ -- ------ ---------------- ------C--------- -^-------------- ---------------- --- ------- ------ - tbl_defense4_rrc_stagerecovery_probe2918(7,11) : ingress
--------- ---------- -------- --- ------ -- ------ -------------C-- ---------------- --^------------- ---------------- --- ------- ------ - tbl_defense4_rrc_stagerecovery_probe2812(7,11) : ingress
--------- ---------- -------- --- ------ -- ------ ------------C--- ---------------- ---^------------ ---------------- --- ------- ------ - tbl_defense4_rrc_stagerecovery_probe2819(7,11) : ingress
--------- ---------- -------- --- ------ -- ------ --------C------- ---------------- ----^----------- ---------------- --- ------- ------ - tbl_defense4_rrc_stagerecovery_probe2660(7,11) : ingress
--------- ---------- -------- --- ------ -- ------ --------A------- ---------------- -----^---------- ---------------- --- ------- ------ - tbl_to_resp_block(7,11) : ingress
--E------ --------UU -------- E-- --E-EE -- ------ --------A------- ---------------- ------^--------- ---------------- --- ------- ------ - tbl_defense4_rrc_stagerecovery_probe2652(7,11) : ingress
--------- ---------- -------- --- ------ -- ------ -------A-------- ---------------- -------^-------- ---------------- --- ------- ------ - tbl_to_block(7,11) : ingress
--E------ --------UU -------- E-- --E-EE -- ------ -------A-------- ---------------- --------^------- ---------------- --- ------- ------ - tbl_defense4_rrc_stagerecovery_probe2643(7,11) : ingress
--------- ---------- -------- --- ------ -- ------ ---------------C ---------------- ---------^------ ---------------- --- ------- ------ - tbl_defense4_rrc_stagerecovery_probe2952(7,11) : ingress
--------- ---------- -------- --- ------ -- ------ ---------------- ---------------- ---------C^----- ---------------- --- ------- ------ - tbl_defense4_rrc_stagerecovery_probe2986(7,11) : ingress
--------- ---------- -------- --- ------ -E ------ E--------------- ---------------- ----------D^---- ---------------- --- ------- ------ - tbl_defense4_rrc_stagerecovery_probe2982(8,11) : ingress
--------- ---------- -------- --- ------ -- ------ ---------------- ---------------- -----------C^--- ---------------- --- ------- ------ - tbl_defense4_rrc_stagerecovery_probe2983(8,11) : ingress
--------- ----E----- -------- --- ------ -- ------ ---------------- ---------------- ----------D--^-- ---------------- --- ------- ------ - tbl_defense4_rrc_stagerecovery_probe2979(7,11) : ingress
--------- ---------- -------- --- ------ -- ------ ---------------- ---------------- -------------C^- ---------------- --- ------- ------ - tbl_defense4_rrc_stagerecovery_probe2979_0(7,11) : ingress
--E------ ---------- -------- --- ------ -E ------ ---------------- ---------------- ---------A-----^ ---------------- --- ------- ------ - tbl_defense4_rrc_stagerecovery_probe2962(7,11) : ingress
#stage 10
--------- ---------- -------- --- ------ -- ------ ---------------- ---------------- ---------------C ^--------------- --- ------- ------ - tbl_defense4_rrc_stagerecovery_probe2964(7,11) : ingress
----EE--- EEE------- -------- --- ------ -- ------ ----------C----- ---------------- ---------------- -^-------------- --- ------- ------ - tbl_defense4_rrc_stagerecovery_probe2827(7,11) : ingress
--------- ---------- -------- --- ------ -- ------ ---------------- ---------------- ---------------- -C^------------- --- ------- ------ - tbl_defense4_rrc_stagerecovery_probe2850(7,11) : ingress
--------- ---------- -------- --- ------ -- ------ ---------------- ---------------- ---------------- --C^------------ --- ------- ------ - tbl_defense4_rrc_stagerecovery_probe2854(7,11) : ingress
--E------ ---------- -------- --E ------ E- ------ ---------------- ---------------- ---------------- -A--^----------- --- ------- ------ - tbl_defense4_rrc_stagerecovery_probe2833(7,11) : ingress
--------- ---------- -------- --- ------ -- ------ ---------------- ---------------- ---------------- ----A^---------- --- ------- ------ - tbl_arm_clone(7,11) : ingress
--------- ---------- -------- --E ------ E- ------ ---------------- ---------------- ---------------- ----C-^--------- --- ------- ------ - tbl_defense4_rrc_stagerecovery_probe2835(7,11) : ingress
--------- ---------- -------- --- ------ -- ------ ---------------- ---------------- ---------------- ------C^-------- --- ------- ------ - tbl_defense4_rrc_stagerecovery_probe2843(7,11) : ingress
--E------ ---------- -------- --E ------ EE ------ ---------D------ ---------------- ---------------- --------^------- --- ------- ------ - tbl_defense4_rrc_stagerecovery_probe2728(7,11) : ingress
--------- ---------- -------- --E ------ EE ------ ---------------- ---------------- ---------------- --------C^------ --- ------- ------ - tbl_to_resp_hold(7,11) : ingress
--------- ---------- -------- --E ------ EE ------ ---------------- ---------------- ---------------- ---------C^----- --- ------- ------ - tbl_defense4_rrc_stagerecovery_probe2778(7,11) : ingress
--------- ---------- -------- --- ------ -- ------ ---------------- ---------------- ---------------- ----------C^---- --- ------- ------ - tbl_defense4_rrc_stagerecovery_probe2789(7,11) : ingress
--------- ----E----- -------- --- ------ -- ------ ---------------- ---------------- ---------------- ----------C-^--- --- ------- ------ - tbl_defense4_rrc_stagerecovery_probe2788(7,11) : ingress
--------- ---------- -------- --- ------ -- ------ ---------------- ---------------- ---------------- ------------C^-- --- ------- ------ - tbl_defense4_rrc_stagerecovery_probe2788_0(7,11) : ingress
--------- -----E---- -------- --- EE-E-- -- ----EE ---------------- ---------------- ---------------- ---------A----^- --- ------- ------ - tbl_defense4_rrc_stagerecovery_probe2743(7,11) : ingress
--------- ---------- -------- --- ------ -- ------ ---------------- ---------------- ---------------- --------------C^ --- ------- ------ - tbl_defense4_rrc_stagerecovery_probe2744(7,11) : ingress
#stage 11
A-------- ---G------ -------- --- ------ -- ------ ---------------- E-EEEEEEEBBBBBBB BB-------------- ---------------- ^-- ------- ------ - tbl_defense4_rrc_stagerecovery_probe2997(9,11) : ingress
A-------- ---G------ -------- --- ------ -- ------ -------------E-- ---------------- --B------------- ---------------- -^- ------- ------ - tbl_defense4_rrc_stagerecovery_probe2996(8,11) : ingress
A-------- ---G------ -------- --- ------ -- ------ -------EE------- ---------------- ----BBBBB------- ---------------- --^ ------- ------ - tbl_defense4_rrc_stagerecovery_probe2995(8,11) : ingress
#stage 0
--------- ---------- -------- --- ------ -- ------ ---------------- ---------------- ---------------- ---------------- --- ^------ ------ - cond-141(0,10) : egress
--------- ---------- -------- --- ------ -- ------ ---------------- ---------------- ---------------- ---------------- --- D^----- ------ - tbl_defense4_rrc_stagerecovery_probe3175(0,10) : egress
--------- ---------- -------- --- ------ -- ------ ---------------- ---------------- ---------------- ---------------- --- C-^---- ------ - cond-143(0,10) : egress
--------- ---------- -------- --- ------ -- ------ ---------------- ---------------- ---------------- ---------------- --- --D^--- ------ - tbl_defense4_rrc_stagerecovery_probe3186(0,10) : egress
--------- ---------- -------- --- ------ -- ------ ---------------- ---------------- ---------------- ---------------- --- ---C^-- ------ - tbl_defense4_rrc_stagerecovery_probe3192(0,11) : egress
--------- ---------- -------- --- ------ -- ------ ---------------- ---------------- ---------------- ---------------- --- --C--^- ------ - tbl_defense4_rrc_stagerecovery_probe3195(0,11) : egress
--------- ---------- -------- --- ------ -- ------ ---------------- ---------------- ---------------- ---------------- --- -C----^ ------ - tbl_defense4_rrc_stagerecovery_probe3181(0,11) : egress
#stage 1
--------- ---------- -------- --- ------ -- ------ ---------------- ---------------- ---------------- ---------------- --- ---EB-- ^----- - egress_reset_invalidated_checksum_fields_3(1,11) : egress
--------- ---------- -------- --- ------ -- ------ ---------------- ---------------- ---------------- ---------------- --- ---EB-- -^---- - egress_reset_invalidated_checksum_fields_2(1,11) : egress
--------- ---------- -------- --- ------ -- ------ ---------------- ---------------- ---------------- ---------------- --- -E----B --^--- - egress_reset_invalidated_checksum_fields_1(1,11) : egress
--------- ---------- -------- --- ------ -- ------ ---------------- ---------------- ---------------- ---------------- --- -E----B ---^-- - egress_reset_invalidated_checksum_fields_0(1,11) : egress
--------- ---------- -------- --- ------ -- ------ ---------------- ---------------- ---------------- ---------------- --- -E-EB-B ----^- - tbl_defense4_rrc_stagerecovery_probe3200(1,11) : egress
--------- ---------- -------- --- ------ -- ------ ---------------- ---------------- ---------------- ---------------- --- -I-IB-B -----^ - egresshdr.ipv4.hdr_checksum_encode_update_condition_2(1,11) : egress
#stage 2
--------- ---------- -------- --- ------ -- ------ ---------------- ---------------- ---------------- ---------------- --- -I-IB-B ------ ^ egresshdr.tcp.checksum_encode_update_condition_3(1,11) : egress
#dependencies
A :  CONTROL_DEFAULT_NEXT_TABLE
B :  ANTI_NEXT_TABLE_DATA
C :  CONTROL_COND_FALSE
D :  CONTROL_COND_TRUE
E :  ACTION_READ
F :  ACTION_READ ANTI_NEXT_TABLE_DATA
G :  IXBAR_READ ANTI_NEXT_TABLE_DATA
H :  IXBAR_READ ACTION_READ ANTI_NEXT_TABLE_DATA
I :  IXBAR_READ
J :  CONTROL_DEFAULT_NEXT_TABLE IXBAR_READ
K :  OUTPUT
L :  IXBAR_READ OUTPUT
M :  OUTPUT ANTI_NEXT_TABLE_DATA
N :  IXBAR_READ ACTION_READ
O :  ACTION_READ OUTPUT ANTI_NEXT_TABLE_DATA
P :  IXBAR_READ ANTI_TABLE_READ ANTI_ACTION_READ
Q :  ACTION_READ ANTI_TABLE_READ ANTI_ACTION_READ
R :  ACTION_READ ANTI_TABLE_READ ANTI_ACTION_READ ANTI_NEXT_TABLE_DATA
S :  IXBAR_READ ANTI_ACTION_READ ANTI_NEXT_TABLE_DATA
T :  IXBAR_READ ANTI_ACTION_READ
U :  ANTI_ACTION_READ

*** Table dependency chains (of minimum length 8) ***

1. tbl_build_exp_ack_0(0) -> tbl_session_0(0) -> tbl_defense4_rrc_stagerecovery_probe2451(1) -> tbl_defense4_rrc_stagerecovery_probe2518(2) -> tbl_resp_authorise_0(3) -> tbl_defense4_rrc_stagerecovery_probe2537(4) -> tbl_state_decode_0(5) -> tbl_defense4_rrc_stagerecovery_probe2591(6) -> tbl_defense4_rrc_stagerecovery_probe2593(6) -> tbl_tresp_expiry_0(7) -> tbl_defense4_rrc_stagerecovery_probe2881(8) -> tbl_defense4_rrc_stagerecovery_probe2997(9) (ingress)

2. tbl_session_0(0) -> tbl_defense4_rrc_stagerecovery_probe2451(1) -> tbl_defense4_rrc_stagerecovery_probe2518(2) -> tbl_resp_authorise_0(3) -> tbl_defense4_rrc_stagerecovery_probe2537(4) -> tbl_state_decode_0(5) -> tbl_defense4_rrc_stagerecovery_probe2591(6) -> tbl_defense4_rrc_stagerecovery_probe2593(6) -> tbl_tresp_expiry_0(7) -> tbl_defense4_rrc_stagerecovery_probe2881(8) -> tbl_defense4_rrc_stagerecovery_probe2997(9) (ingress)

3. tbl_session_0(0) -> tbl_defense4_rrc_stagerecovery_probe2454(1) -> tbl_defense4_rrc_stagerecovery_probe2518(2) -> tbl_resp_authorise_0(3) -> tbl_defense4_rrc_stagerecovery_probe2537(4) -> tbl_state_decode_0(5) -> tbl_defense4_rrc_stagerecovery_probe2591(6) -> tbl_defense4_rrc_stagerecovery_probe2593(6) -> tbl_tresp_expiry_0(7) -> tbl_defense4_rrc_stagerecovery_probe2881(8) -> tbl_defense4_rrc_stagerecovery_probe2997(9) (ingress)

4. tbl_session_0(0) -> tbl_defense4_rrc_stagerecovery_probe2457(1) -> tbl_defense4_rrc_stagerecovery_probe2518(2) -> tbl_resp_authorise_0(3) -> tbl_defense4_rrc_stagerecovery_probe2537(4) -> tbl_state_decode_0(5) -> tbl_defense4_rrc_stagerecovery_probe2591(6) -> tbl_defense4_rrc_stagerecovery_probe2593(6) -> tbl_tresp_expiry_0(7) -> tbl_defense4_rrc_stagerecovery_probe2881(8) -> tbl_defense4_rrc_stagerecovery_probe2997(9) (ingress)
