[23:10:36] acquired /tmp/case_a_defense3_gate2.lock (pid 2037737)
[23:10:36] mode=check2 dryrun=0 prog=case_a_defense3_repair_candidate skip_restore=1
[23:10:37] pre-run switch state: {"n_bf_switchd":1,"pid":"560171","conf":"/home/decps/d3/conf_defect_synth.conf","p4_name":"case_a_defense3_repair_candidate"}
[23:10:37] === CHECK 2: PRODUCTION BLOCKER-START LATENCY (many trials, no ACK) ===
[23:10:37] trials=10 batch_trials=1 batch_ipgs=200000,500000 dwell=0.05s
[23:10:37] D=2 ms  budget=500  scenario=gate2-2timer  ipg=500000 ns  gen=0xC0
[23:10:37] evidence: /home/philip/Projects/DNP3/defense3/evidence/gate2/check2_20260730T231036Z
[23:10:37] --- staging /home/philip/Projects/DNP3/defense3/run/poll_defense3.py + the Gate-1 setup module -> decps@10.10.54.81:/home/decps/d3gate2 ---
[23:10:38] --- preflight cleanup + clean assertion ---
[23:10:42] transaction returned rc=1
[23:10:44] --- scoring CHECK 2 ---
no --check2 manifest among the inputs
[23:10:44] -------------------------------------------------------------
[23:10:44] CHECK 2 COMPLETE. txn_rc=1 analyzer_rc=2
[23:10:44] evidence: /home/philip/Projects/DNP3/defense3/evidence/gate2/check2_20260730T231036Z
[23:10:44] 
[23:10:44] STOPPING HERE BY DESIGN. Gates 3 (five transactions) and 4 (three
[23:10:44] boundary cases) are separate, human-gated steps and are NOT in this script.
[23:10:44] 
[23:10:44] The EXIT trap now restores the known-good state via the proven runner.
[23:10:44] on_exit: rc=1 — running restoration
[23:10:44] D3_SKIP_RESTORE=1 — NOT restoring. The switch is left as this run found
[23:10:44] it, and restoring it is now YOUR responsibility:
[23:10:44]   bash /home/philip/Projects/DNP3/research/case_a_read_anchored_dual_release/run/run_four_queue_oracle.sh --restore-only
[23:10:44] exit 1
