/home/philip/Projects/DNP3/defense4/timing/case4_architecture/protocol/evidence/reverse_01/source/mapping_reverse.p4(53): [--Wwarn=unused] warning: Table seq1 is not used; removing
table seq1{key={m.direction:exact;m.valid:ternary;m.so1:ternary;}actions={seq1_shift;NoAction;}size=128;const default_action=NoAction();const entries={
      ^^^^
/home/philip/Projects/DNP3/defense4/timing/case4_architecture/protocol/evidence/reverse_01/source/mapping_reverse.p4(85): [--Wwarn=unused] warning: Table seq2 is not used; removing
table seq2{key={m.direction:exact;m.valid:ternary;m.so2:ternary;}actions={seq2_shift;NoAction;}size=128;const default_action=NoAction();const entries={
      ^^^^
/home/philip/Projects/DNP3/defense4/timing/case4_architecture/protocol/evidence/reverse_01/source/mapping_reverse.p4(13): [--Wwarn=uninitialized_out_param] warning: out parameter 'm' may be uninitialized when 'IgParser' terminates
parser IgParser(packet_in pkt,out headers_t hdr,out meta_t m,out ingress_intrinsic_metadata_t ig){
                                                           ^
/home/philip/Projects/DNP3/defense4/timing/case4_architecture/protocol/evidence/reverse_01/source/mapping_reverse.p4(13)
parser IgParser(packet_in pkt,out headers_t hdr,out meta_t m,out ingress_intrinsic_metadata_t ig){
       ^^^^^^^^
/home/philip/Projects/DNP3/defense4/timing/case4_architecture/protocol/evidence/reverse_01/source/mapping_reverse.p4(310): [--Wwarn=uninitialized_out_param] warning: out parameter 'm' may be uninitialized when 'EgParser' terminates
parser EgParser(packet_in pkt,out headers_t hdr,out meta_t m,out egress_intrinsic_metadata_t eg){state start{pkt.extract(eg);transition eth;}state eth{pkt.extract(hdr.eth);transition ip;}state ip{pkt.extract(hdr.ip);transition tcp;}state tcp{pkt.extract(hdr.tcp);transition accept;}}
                                                           ^
/home/philip/Projects/DNP3/defense4/timing/case4_architecture/protocol/evidence/reverse_01/source/mapping_reverse.p4(310)
parser EgParser(packet_in pkt,out headers_t hdr,out meta_t m,out egress_intrinsic_metadata_t eg){state start{pkt.extract(eg);transition eth;}state eth{pkt.extract(hdr.eth);transition ip;}state ip{pkt.extract(hdr.ip);transition tcp;}state tcp{pkt.extract(hdr.tcp);transition accept;}}
       ^^^^^^^^
warning: checksum.get() will deprecate in future versions. Please use void subtract_all_and_deposit(bit<16>) instead
warning: checksum.get() will deprecate in future versions. Please use void subtract_all_and_deposit(bit<16>) instead
/home/philip/Projects/DNP3/defense4/timing/case4_architecture/protocol/evidence/reverse_01/source/mapping_reverse.p4(305): error: : condition too complex, limit of 4 bytes + 12 bits of PHV input exceeded
 apply{forwarding.apply();if(m.parsed==8w1 && !m.ip_error && m.tcp_sum==16w0xFFEB && hdr.tcp.offset==4w5 && hdr.tcp.reserved==4w0 && hdr.tcp.flags==8w0x10 && hdr.tcp.urgent==16w0){
                             ^^^^^^^^^^^^^^^^^^^^^^^^^^^^^^^^^^^^^^^^^^^^^^^^^^^^^^^^^^^^^^^^^^^^^^^^^^^^^^^^^^^^^^^^^^^^^^^^^^^^^^^^^^^^^^^^^^^^^^^^^^^^^^^^^^^^^^^^^^^^^^^^^^^^^

1 error, 6 warnings generated.

Skipping assembler, assembly file is empty
